1730-info: lean/PvNP/RealizableHardness/BernoulliMGF.lean:101:4: Try this:
1731-  [apply] ring_nf
1732-  
1733:  The `ring` tactic failed to close the goal. Use `ring_nf` to obtain a normal form.
1734-    
1735-  Note that `ring` works primarily in *commutative* rings. If you have a noncommutative ring, abelian group or module, consider using `noncomm_ring`, `abel` or `module` instead.
1736-⚠ [3251/3263] Replayed PvNP.RealizableHardness.FiniteConcentration
1737-warning: lean/PvNP/RealizableHardness/FiniteConcentration.lean:180:8: `if_pos` has been deprecated: Use `ite_eq_left` instead
1738-warning: lean/PvNP/RealizableHardness/FiniteConcentration.lean:184:8: `if_neg` has been deprecated: Use `ite_eq_right` instead
1739-warning: lean/PvNP/RealizableHardness/FiniteConcentration.lean:220:22: This simp argument is unused:
1740-  Fintype.card_fun
1741-
1742-Hint: Omit it from the simp argument list.
1743-  [apply] simp
--
467-info: lean/PvNP/RealizableHardness/BernoulliMGF.lean:101:4: Try this:
468-  [apply] ring_nf
469-  
470:  The `ring` tactic failed to close the goal. Use `ring_nf` to obtain a normal form.
471-    
472-  Note that `ring` works primarily in *commutative* rings. If you have a noncommutative ring, abelian group or module, consider using `noncomm_ring`, `abel` or `module` instead.
473-⚠ [3209/3262] Replayed PvNP.RealizableHardness.FiniteConcentration
474-warning: lean/PvNP/RealizableHardness/FiniteConcentration.lean:180:8: `if_pos` has been deprecated: Use `ite_eq_left` instead
475-warning: lean/PvNP/RealizableHardness/FiniteConcentration.lean:184:8: `if_neg` has been deprecated: Use `ite_eq_right` instead
476-warning: lean/PvNP/RealizableHardness/FiniteConcentration.lean:220:22: This simp argument is unused:
477-  Fintype.card_fun
478-
479-Hint: Omit it from the simp argument list.
480-  [apply] simp
--
1-UTC=2026-09-23T23:59:53Z
2:RESULT=FAIL
3-REASON=theorem_signature_scan_incomplete
4-COMMIT=none
5-4b4fc16e62ebc6a8dc96ad7e5a89e4a71a56437266e4dedecf1085abc289fa7e  /tmp/s3132-fixed-rho-selector-sol56-r9-20260923T235227Z/incoming/ActualMZ24FixedRhoPointwiseSelector.lean
6-e5a4bc89eb3a5546512b6d9fe035287eebcbf67b162d72ca407a7e608ecd5947  /tmp/s3132-fixed-rho-selector-sol56-r9-20260923T235227Z/incoming/ActualMZ24FixedRhoPointwiseSelectorChecks.lean
--
1730-info: lean/PvNP/RealizableHardness/BernoulliMGF.lean:101:4: Try this:
1731-  [apply] ring_nf
1732-  
1733:  The `ring` tactic failed to close the goal. Use `ring_nf` to obtain a normal form.
1734-    
1735-  Note that `ring` works primarily in *commutative* rings. If you have a noncommutative ring, abelian group or module, consider using `noncomm_ring`, `abel` or `module` instead.
1736-⚠ [3251/3263] Replayed PvNP.RealizableHardness.FiniteConcentration
1737-warning: lean/PvNP/RealizableHardness/FiniteConcentration.lean:180:8: `if_pos` has been deprecated: Use `ite_eq_left` instead
1738-warning: lean/PvNP/RealizableHardness/FiniteConcentration.lean:184:8: `if_neg` has been deprecated: Use `ite_eq_right` instead
1739-warning: lean/PvNP/RealizableHardness/FiniteConcentration.lean:220:22: This simp argument is unused:
1740-  Fintype.card_fun
1741-
1742-Hint: Omit it from the simp argument list.
1743-  [apply] simp
--
1730-info: lean/PvNP/RealizableHardness/BernoulliMGF.lean:101:4: Try this:
1731-  [apply] ring_nf
1732-  
1733:  The `ring` tactic failed to close the goal. Use `ring_nf` to obtain a normal form.
1734-    
1735-  Note that `ring` works primarily in *commutative* rings. If you have a noncommutative ring, abelian group or module, consider using `noncomm_ring`, `abel` or `module` instead.
1736-⚠ [3251/3263] Replayed PvNP.RealizableHardness.FiniteConcentration
1737-warning: lean/PvNP/RealizableHardness/FiniteConcentration.lean:180:8: `if_pos` has been deprecated: Use `ite_eq_left` instead
1738-warning: lean/PvNP/RealizableHardness/FiniteConcentration.lean:184:8: `if_neg` has been deprecated: Use `ite_eq_right` instead
1739-warning: lean/PvNP/RealizableHardness/FiniteConcentration.lean:220:22: This simp argument is unused:
1740-  Fintype.card_fun
1741-
1742-Hint: Omit it from the simp argument list.
1743-  [apply] simp
