UTC=2026-09-24T00:04:09Z
RESULT=FAIL
FAILED_STAGE=theorem_signature_scan
FAILURE_REASON=theorem_signature_scan_incomplete
EXPECTED_COMMIT=de048da45956ef207c0c1dcd38c42b00a5437710
WORKTREE_HEAD=de048da45956ef207c0c1dcd38c42b00a5437710
EXPECTED_MAIN_SHA256=4B4FC16E62EBC6A8DC96AD7E5A89E4A71A56437266E4DEDECF1085ABC289FA7E
EXPECTED_CHECKS_SHA256=E5A4BC89EB3A5546512B6D9FE035287EEBCBF67B162D72CA407A7E608ECD5947
DIRECT_MAIN_RC=0
DIRECT_CHECKS_RC=0
FORCED_COMBINED_RC=0
INDEPENDENT_REPLAY_RC=0
OLEAN_STABILITY_RC=0
FORBIDDEN_SHORTCUT_SCAN=PASS
TARGET_AXIOM_REPORT_COUNT=6
TARGET_SIGNATURE_COUNT_PRESENT=27
TARGET_SIGNATURE_COUNT_EXTRACTED=0
TARGET_SIGNATURE_REQUIRED_MINIMUM=28
SIGNATURE_SCAN_DIAGNOSTIC=Lean output prefixes signatures with info source locations, but the inherited regex requires PvNP at column 1; the frozen Checks file emits 27 signatures.
DIRECT_MAIN_LOG_SHA256=8996D72FE9768234C63F7D4E5358AA0E58F92E15FC07AE197CD52BE27ECDF87F
DIRECT_CHECKS_LOG_SHA256=540AF4D1910D750D011469EF8C45A1CC14986CB874AC37C9EE1DFDE485AF280A
FORCED_COMBINED_LOG_SHA256=AA53B7CA8A79E15953EAE642EA6D47AA44A52D74BCEA1E693D1C52676937D648
INDEPENDENT_REPLAY_LOG_SHA256=0029839C9DF132FA791AE953E3048B23BBE0E7730D3B6FFA253EF241649453A3
MAIN_OLEAN_SHA256=8CE9B68BB776EF8D5944B69CAB7F5EEF0B9A5D299A6D80AAB0EE72F34601749D
CHECKS_OLEAN_SHA256=C4A76FA2C347BA5CC1F0173774FC8D5025DD256D254E3866F14CAE94559518D3
COMMIT=none
VM_FINAL_STATE=TERMINATED
