'PvNP.RealizableHardness.ActualBinaryMatrixHC46A8AveragedTransport.a8_actual_T2_whole_function_expansion' depends on axioms: [propext,
 Classical.choice,
 Quot.sound]
'PvNP.RealizableHardness.ActualBinaryMatrixHC46A8AveragedTransport.a8_actual_T2_complement_reconstruction' depends on axioms: [propext,
 Classical.choice,
 Quot.sound]
'PvNP.RealizableHardness.ActualBinaryMatrixHC46A8AveragedTransport.a8_fixed_base_actual_energy_cube' depends on axioms: [propext,
 Classical.choice,
 Quot.sound]
'PvNP.RealizableHardness.ActualBinaryMatrixHC46A8OutputCoordinateTransport.a8T2ComplementDomainMap' depends on axioms: [propext,
 Classical.choice,
 Quot.sound]
'PvNP.RealizableHardness.ActualBinaryMatrixHC46A8OutputCoordinateTransport.a8T2ComplementKernelMap' depends on axioms: [propext,
 Classical.choice,
 Quot.sound]
'PvNP.RealizableHardness.ActualBinaryMatrixHC46A8OutputCoordinateTransport.a8_fixed_complement_t2_typed_fourier' depends on axioms: [propext,
 Classical.choice,
 Quot.sound]
'PvNP.RealizableHardness.ActualBinaryMatrixHC46A8AveragedAssembly.a8_two_base_actual_averaged_transport' depends on axioms: [propext,
 Classical.choice,
 Quot.sound]
'PvNP.RealizableHardness.ActualBinaryMatrixHC46A8AveragedAssembly.a8_actual_energy_zero_outside_supported_window' depends on axioms: [propext,
 Classical.choice,
 Quot.sound]
'PvNP.RealizableHardness.ActualBinaryMatrixHC46A8EnergyNaturality.a8_whole_typed_w6_derivative_naturality' depends on axioms: [propext,
 Classical.choice,
 Quot.sound]
'PvNP.RealizableHardness.ActualBinaryMatrixHC46A8EnergyNaturality.a8_typed_w6_energy_naturality' depends on axioms: [propext,
 Classical.choice,
 Quot.sound]
'PvNP.RealizableHardness.ActualBinaryMatrixHC46A8EnergyNaturality.a8_nested_actual_w6_energy_naturality' depends on axioms: [propext,
 Classical.choice,
 Quot.sound]
'PvNP.RealizableHardness.ActualBinaryMatrixHC46A8PairAssembly.a8_all_pair_sum_reindex' depends on axioms: [propext,
 Classical.choice,
 Quot.sound]
'PvNP.RealizableHardness.ActualBinaryMatrixHC46A8PairAssembly.a8_all_pair_actual_energy_reindex' depends on axioms: [propext,
 Classical.choice,
 Quot.sound]
'PvNP.RealizableHardness.ActualBinaryMatrixHC46A8PairAssembly.a8_nested_pair_sum_reindex' depends on axioms: [propext,
 Classical.choice,
 Quot.sound]
'PvNP.RealizableHardness.ActualBinaryMatrixHC46A8PairAssembly.a8_nested_frequency_eq_actual_final' depends on axioms: [propext,
 Classical.choice,
 Quot.sound]
'PvNP.RealizableHardness.ActualBinaryMatrixHC46A8PairAssembly.a8_complement_quotient_rank' depends on axioms: [propext,
 Classical.choice,
 Quot.sound]
'PvNP.RealizableHardness.ActualBinaryMatrixHC46A8PairAssembly.a8_complement_dimension_cost' depends on axioms: [propext,
 Classical.choice,
 Quot.sound]
'PvNP.RealizableHardness.ActualBinaryMatrixHC46A8PairAssembly.a8_nested_ambient_cost' depends on axioms: [propext,
 Classical.choice,
 Quot.sound]
'PvNP.RealizableHardness.ActualBinaryMatrixHC46A8PairAssembly.a8_nested_domain_incidence_iff' depends on axioms: [propext,
 Classical.choice,
 Quot.sound]
'PvNP.RealizableHardness.ActualBinaryMatrixHC46A8PairAssembly.a8_nested_range_incidence_iff' depends on axioms: [propext,
 Classical.choice,
 Quot.sound]
'PvNP.RealizableHardness.ActualBinaryMatrixHC46A8PairAssembly.a8_all_pair_actual_ambient_energy_reindex' depends on axioms: [propext,
 Classical.choice,
 Quot.sound]
'PvNP.RealizableHardness.ActualBinaryMatrixHC46A8AmbientAssembly.a8_ambient_two_base_actual_averaged_transport' depends on axioms: [propext,
 Classical.choice,
 Quot.sound]
'PvNP.RealizableHardness.ActualBinaryMatrixHC46A8AmbientAssembly.a8_ambient_output_pair_le_actual_complement_sum' depends on axioms: [propext,
 Classical.choice,
 Quot.sound]
'PvNP.RealizableHardness.ActualBinaryMatrixHC46A8AmbientAssembly.a8_ambient_output_pair_le_supported_complement_sum' depends on axioms: [propext,
 Classical.choice,
 Quot.sound]
'PvNP.RealizableHardness.ActualBinaryMatrixHC46A8Endpoint.a8_actual_coordinate_q_le_final_sum' depends on axioms: [propext,
 Classical.choice,
 Quot.sound]
'PvNP.RealizableHardness.ActualBinaryMatrixHC46A8Endpoint.a8_output_q_le_actual_predecessor_sum' depends on axioms: [propext,
 Classical.choice,
 Quot.sound]
'PvNP.RealizableHardness.ActualBinaryMatrixHC46A11WeightedAggregate.a11_canonical_Xbar_square' depends on axioms: [propext,
 Classical.choice,
 Quot.sound]
'PvNP.RealizableHardness.ActualBinaryMatrixHC46A11WeightedAggregate.a11_canonical_ambient_C' depends on axioms: [propext,
 Classical.choice,
 Quot.sound]
'PvNP.RealizableHardness.ActualBinaryMatrixHC46A11WeightedAggregate.a11_canonical_ambient_H' depends on axioms: [propext,
 Classical.choice,
 Quot.sound]
'PvNP.RealizableHardness.ActualBinaryMatrixHC46A11WeightedAggregate.a11_canonical_pullback' depends on axioms: [propext,
 Classical.choice,
 Quot.sound]
'PvNP.RealizableHardness.ActualBinaryMatrixHC46A11WeightedAggregate.a11GlobalInitialEquiv' depends on axioms: [propext,
 Classical.choice,
 Quot.sound]
'PvNP.RealizableHardness.ActualBinaryMatrixHC46A11WeightedAggregate.a11PositiveGlobalInitialEquiv' depends on axioms: [propext,
 Classical.choice,
 Quot.sound]
'PvNP.RealizableHardness.ActualBinaryMatrixHC46A11WeightedAggregate.a11_actual_mixed_fourth_le_output_q' depends on axioms: [propext,
 Classical.choice,
 Quot.sound]
'PvNP.RealizableHardness.ActualBinaryMatrixHC46A11WeightedAggregate.a11_actual_mixed_fourth_le_actual_final_sum' depends on axioms: [propext,
 Classical.choice,
 Quot.sound]
'PvNP.RealizableHardness.ActualBinaryMatrixHC46A11WeightedAggregate.a11_weighted_actual_mixed_le_final_sum' depends on axioms: [propext,
 Classical.choice,
 Quot.sound]
'PvNP.RealizableHardness.ActualBinaryMatrixHC46A11WeightedAggregate.a11NonzeroInitialEquiv' depends on axioms: [propext,
 Classical.choice,
 Quot.sound]
'PvNP.RealizableHardness.ActualBinaryMatrixHC46A11WeightedAggregate.a11_weighted_mixed_sum_le_actual_initial_sum' depends on axioms: [propext,
 Classical.choice,
 Quot.sound]
'PvNP.RealizableHardness.ActualBinaryMatrixHC46A11WeightedAggregate.a11GlobalA9SourceEquiv' depends on axioms: [propext,
 Classical.choice,
 Quot.sound]
'PvNP.RealizableHardness.ActualBinaryMatrixHC46A11WeightedAggregate.a11_weighted_actual_A9_partition' depends on axioms: [propext,
 Classical.choice,
 Quot.sound]
'PvNP.RealizableHardness.ActualBinaryMatrixHC46A11WeightedAggregate.a11_weighted_mixed_sum_le_actual_final_fibers' depends on axioms: [propext,
 Classical.choice,
 Quot.sound]
'PvNP.RealizableHardness.ActualBinaryMatrixHC46A11WeightedAggregate.a11_full_A10_exponent_saving' depends on axioms: [propext,
 Classical.choice,
 Quot.sound]
'PvNP.RealizableHardness.ActualBinaryMatrixHC46A11WeightedAggregate.a11_actual_fixed_final_saved_charge' depends on axioms: [propext,
 Classical.choice,
 Quot.sound]
'PvNP.RealizableHardness.ActualBinaryMatrixHC46A11WeightedAggregate.a11_full_finite_ij_tail' depends on axioms: [propext,
 Classical.choice,
 Quot.sound]
'PvNP.RealizableHardness.ActualBinaryMatrixHC46A11WeightedAggregate.a11_all_actual_final_energy_w6' depends on axioms: [propext,
 Classical.choice,
 Quot.sound]
'PvNP.RealizableHardness.ActualBinaryMatrixHC46A11WeightedAggregate.a11_all_actual_final_energy_terminal' depends on axioms: [propext,
 Classical.choice,
 Quot.sound]
'PvNP.RealizableHardness.ActualBinaryMatrixHC46A11WeightedAggregate.a11_actual_final_fibers_le_post_tail_energy' depends on axioms: [propext,
 Classical.choice,
 Quot.sound]
'PvNP.RealizableHardness.ActualBinaryMatrixHC46A11WeightedAggregate.a11_original_weighted_mixed_bound' depends on axioms: [propext,
 Classical.choice,
 Quot.sound]
'PvNP.RealizableHardness.ActualBinaryMatrixHC46A11WeightedAggregate.a11_original_A7_positive_from_strict_IH' depends on axioms: [propext,
 Classical.choice,
 Quot.sound]
'PvNP.RealizableHardness.ActualBinaryMatrixHC46A11WeightedAggregate.manuscript_A7_actual' depends on axioms: [propext,
 Classical.choice,
 Quot.sound]
'PvNP.RealizableHardness.ActualBinaryMatrixHC46A12InfluenceBound.a12_rangeRestrict_surjective' depends on axioms: [propext,
 Classical.choice,
 Quot.sound]
'PvNP.RealizableHardness.ActualBinaryMatrixHC46A12InfluenceBound.a12_flag_left_inverse' depends on axioms: [propext,
 Classical.choice,
 Quot.sound]
'PvNP.RealizableHardness.ActualBinaryMatrixHC46A12InfluenceBound.a12_flag_right_inverse' depends on axioms: [propext,
 Classical.choice,
 Quot.sound]
'PvNP.RealizableHardness.ActualBinaryMatrixHC46A12InfluenceBound.a12SelectedFlagEquiv' depends on axioms: [propext,
 Classical.choice,
 Quot.sound]
'PvNP.RealizableHardness.ActualBinaryMatrixHC46A12InfluenceBound.a12_endomorphism_range_surjective' depends on axioms: [propext,
 Classical.choice,
 Quot.sound]
'PvNP.RealizableHardness.ActualBinaryMatrixHC46A12InfluenceBound.a12_submodule_card_le_end' depends on axioms: [propext,
 Classical.choice,
 Quot.sound]
'PvNP.RealizableHardness.ActualBinaryMatrixHC46A12InfluenceBound.a12_selected_card_le' depends on axioms: [propext,
 Classical.choice,
 Quot.sound]
'PvNP.RealizableHardness.ActualBinaryMatrixHC46A12InfluenceBound.a12_energy_nonneg' depends on axioms: [propext,
 Classical.choice,
 Quot.sound]
'PvNP.RealizableHardness.ActualBinaryMatrixHC46A12InfluenceBound.a12_filter_zero_above_support' depends on axioms: [propext,
 Classical.choice,
 Quot.sound]
'PvNP.RealizableHardness.ActualBinaryMatrixHC46A12InfluenceBound.a12_energy_zero_above_support' depends on axioms: [propext,
 Classical.choice,
 Quot.sound]
'PvNP.RealizableHardness.ActualBinaryMatrixHC46A12InfluenceBound.a12_energy_square_le' depends on axioms: [propext,
 Classical.choice,
 Quot.sound]
'PvNP.RealizableHardness.ActualBinaryMatrixHC46A12InfluenceBound.a12_energy_mean_eq_mass' depends on axioms: [propext,
 Classical.choice,
 Quot.sound]
'PvNP.RealizableHardness.ActualBinaryMatrixHC46A12InfluenceBound.a12_Q_le_influence_mass' depends on axioms: [propext,
 Classical.choice,
 Quot.sound]
'PvNP.RealizableHardness.ActualBinaryMatrixHC46A12InfluenceBound.a12_selected_mass_bound' depends on axioms: [propext,
 Classical.choice,
 Quot.sound]
'PvNP.RealizableHardness.ActualBinaryMatrixHC46A12InfluenceBound.a12_influence_parameter_nonneg' depends on axioms: [propext,
 Classical.choice,
 Quot.sound]
'PvNP.RealizableHardness.ActualBinaryMatrixHC46A12InfluenceBound.a12_Q_le' depends on axioms: [propext,
 Classical.choice,
 Quot.sound]
'PvNP.RealizableHardness.ActualBinaryMatrixHC46A12InfluenceBound.manuscript_A12_actual' depends on axioms: [propext,
 Classical.choice,
 Quot.sound]
'PvNP.RealizableHardness.ActualBinaryMatrixHC46A12InfluenceBound.manuscript_A19_actual' depends on axioms: [propext,
 Classical.choice,
 Quot.sound]
'PvNP.RealizableHardness.ActualTypedABFullA16Final.filteredCarrierFunction_energy_le_A16' depends on axioms: [propext,
 Classical.choice,
 Quot.sound]
