[diag] Diagnostics
  [reduction] unfolded reducible declarations (max: 167, num: 7):
    [reduction] F ↦ 167
    [reduction] PvNP.RealizableHardness.ActualTypedFourierEquivNaturality.F✝ ↦ 123
    [reduction] V ↦ 79
    [reduction] W ↦ 70
    [reduction] outParam ↦ 58
    [reduction] PvNP.RealizableHardness.BinaryMatrixNestedSelectorA1.F✝ ↦ 22
    [reduction] BinaryMatrix ↦ 21
  [type_class] used instances (max: 90, num: 1):
    [type_class] CommSemiRingCat.instCommSemiringObjForgetRingHomCarrier ↦ 90
  [def_eq] heuristic for solving `f a =?= f b` (max: 36, num: 2):
    [def_eq] Pi.addMonoid ↦ 36
    [def_eq] Pi.Function.module ↦ 24
  use `set_option diagnostics.threshold <num>` to control threshold for reporting counters
[diag] Diagnostics
  [reduction] unfolded declarations (max: 1155326, num: 34):
    [reduction] Matrix ↦ 1155326
    [reduction] DFunLike.coe ↦ 676762
    [reduction] EquivLike.coe ↦ 389668
    [reduction] Equiv.refl ↦ 301922
    [reduction] Matrix.of ↦ 301922
    [reduction] Matrix.transpose ↦ 102618
    [reduction] LinearMap.toMatrix' ↦ 95714
    [reduction] ambientFrequencyMatrixEquiv ↦ 95659
    [reduction] LinearEquiv.trans ↦ 95658
    [reduction] Matrix.transposeAddEquiv ↦ 95658
    [reduction] Matrix.transposeLinearEquiv ↦ 95658
    [reduction] Mul.mul ↦ 11876
    [reduction] HMul.hMul ↦ 10533
    [reduction] Fin.rec ↦ 2626
    [reduction] Nat.rec ↦ 1355
    [reduction] HMod.hMod ↦ 1312
    [reduction] Mod.mod ↦ 1312
    [reduction] Nat.mod ↦ 1312
    [reduction] Fin.foldr ↦ 812
    [reduction] List.ofFn ↦ 812
    [reduction] Multiset.ofList ↦ 450
    [reduction] Multiset.map ↦ 204
    [reduction] Quot.lift ↦ 204
    [reduction] Finset.univ ↦ 164
    [reduction] Fintype.elems ↦ 164
    [reduction] Matrix.toLin' ↦ 60
    [reduction] Matrix.mulVecBilin ↦ 56
    [reduction] dotProduct ↦ 42
    [reduction] Finset.sum ↦ 42
    [reduction] Matrix.mulVec ↦ 42
    [reduction] Multiset.sum ↦ 42
    [reduction] Multiset.foldr ↦ 40
    [reduction] Quiver.Hom ↦ 26
    [reduction] CoeFun.coe ↦ 22
  [reduction] unfolded reducible declarations (max: 994586, num: 28):
    [reduction] LinearMap.toAddHom ↦ 994586
    [reduction] LinearEquiv.toLinearMap ↦ 455980
    [reduction] BinaryMatrix ↦ 389816
    [reduction] Equiv.toFun ↦ 389634
    [reduction] AddHom.toFun ↦ 382828
    [reduction] AddEquiv.toEquiv ↦ 151989
    [reduction] inferInstance ↦ 95812
    [reduction] Fin.val ↦ 44608
    [reduction] Nat.casesOn ↦ 13975
    [reduction] Fin.casesOn ↦ 2683
    [reduction] outParam ↦ 1310
    [reduction] F ↦ 1120
    [reduction] List.casesOn ↦ 694
    [reduction] W ↦ 587
    [reduction] V ↦ 565
    [reduction] PvNP.RealizableHardness.ActualTypedABBottomTopRankReindex.F✝ ↦ 521
    [reduction] PvNP.RealizableHardness.ActualTypedFourierEquivNaturality.F✝ ↦ 468
    [reduction] Finset.val ↦ 328
    [reduction] Quot.liftOn ↦ 244
    [reduction] FunLike ↦ 195
    [reduction] PvNP.RealizableHardness.ActualTypedABBottomTopRankReindex.V✝ ↦ 173
    [reduction] PvNP.RealizableHardness.ActualTypedABBottomTopRankReindex.W✝ ↦ 161
    [reduction] FiniteDimensional ↦ 129
    [reduction] DecidableEq ↦ 124
    [reduction] PvNP.RealizableHardness.BinaryMatrixNestedSelectorA1.F✝ ↦ 110
    [reduction] IsSemisimpleRing ↦ 65
    [reduction] LinearEquiv.invFun ↦ 56
    [reduction] Matrix.mulVecLin ↦ 56
  [type_class] used instances (max: 663, num: 16):
    [type_class] CommSemiRingCat.instCommSemiringObjForgetRingHomCarrier ↦ 663
    [type_class] Nat.fact_prime_two ↦ 99
    [type_class] ZMod.instField ↦ 92
    [type_class] Semiring.toModule ↦ 74
    [type_class] Field.toSemifield ↦ 43
    [type_class] Field.toDivisionRing ↦ 38
    [type_class] Pi.Function.module ↦ 34
    [type_class] DivisionRing.toRing ↦ 31
    [type_class] Semifield.toDivisionSemiring ↦ 29
    [type_class] Fin.fintype ↦ 24
    [type_class] Ring.toAddCommGroup ↦ 24
    [type_class] DivisionSemiring.toSemiring ↦ 22
    [type_class] IdemCommSemiring.toIdemSemiring ↦ 22
    [type_class] IdemSemiring.toSemiring ↦ 22
    [type_class] KleeneAlgebra.toIdemSemiring ↦ 22
    [type_class] Complexity.RegGraph.fintypeD ↦ 22
  [def_eq] heuristic for solving `f a =?= f b` (max: 72296, num: 35):
    [def_eq] DFunLike.coe ↦ 72296
    [def_eq] EquivLike.coe ↦ 72258
    [def_eq] id ↦ 29063
    [def_eq] Fin.val ↦ 13120
    [def_eq] Mul.mul ↦ 4609
    [def_eq] HMul.hMul ↦ 3937
    [def_eq] Nat.mul ↦ 3280
    [def_eq] Equiv.toFun ↦ 2826
    [def_eq] Matrix.transpose ↦ 2823
    [def_eq] Fin.mul ↦ 657
    [def_eq] HMod.hMod ↦ 656
    [def_eq] Mod.mod ↦ 656
    [def_eq] Nat.mod ↦ 656
    [def_eq] Nat.mod.match_1 ↦ 656
    [def_eq] List.map ↦ 287
    [def_eq] Pi.addMonoid ↦ 270
    [def_eq] Pi.Function.module ↦ 216
    [def_eq] Semiring.toModule ↦ 152
    [def_eq] RingHom.id ↦ 126
    [def_eq] Multiset.ofList ↦ 124
    [def_eq] Pi.addCommMonoid ↦ 103
    [def_eq] Quot.liftOn ↦ 82
    [def_eq] Multiset.map ↦ 62
    [def_eq] AddHom.toFun ↦ 55
    [def_eq] AddCommMonoid.toAddMonoid ↦ 46
    [def_eq] Finset.sum ↦ 26
    [def_eq] AddCommGroup.toAddCommMonoid ↦ 25
    [def_eq] Matrix.mulVec ↦ 24
    [def_eq] Pi.module ↦ 23
    [def_eq] dotProduct ↦ 21
    [def_eq] CommSemiring.toSemiring ↦ 21
    [def_eq] DivisionSemiring.toSemiring ↦ 21
    [def_eq] Multiset.foldr ↦ 21
    [def_eq] Multiset.sum ↦ 21
    [def_eq] Ring.toSemiring ↦ 21
  use `set_option diagnostics.threshold <num>` to control threshold for reporting counters
C:\Users\Dan\Desktop\Projects\realizable-cmmsa-hardness\docs\native-receipts\ActualSelectedComplementAnalyticMoment\runtime-prebuild\local-native-123542\src\PvNP\RealizableHardness\ActualBinaryMatrixHC46A17DomainFrequencyCovariance.lean:111:0: error: (deterministic) timeout at `whnf`, maximum number of heartbeats (800000) has been reached

Note: Use `set_option maxHeartbeats <num>` to set the limit.
C:\Users\Dan\Desktop\Projects\realizable-cmmsa-hardness\docs\native-receipts\ActualSelectedComplementAnalyticMoment\runtime-prebuild\local-native-123542\src\PvNP\RealizableHardness\ActualBinaryMatrixHC46A17DomainFrequencyCovariance.lean:146:18: warning: This simp argument is unused:
  hcoeff

Hint: Omit it from the simp argument list.
  [apply] simp [hsel, hchar]

Note: This linter can be disabled with `set_option linter.unusedSimpArgs false`
C:\Users\Dan\Desktop\Projects\realizable-cmmsa-hardness\docs\native-receipts\ActualSelectedComplementAnalyticMoment\runtime-prebuild\local-native-123542\src\PvNP\RealizableHardness\ActualBinaryMatrixHC46A17DomainFrequencyCovariance.lean:146:26: warning: This simp argument is unused:
  hchar

Hint: Omit it from the simp argument list.
  [apply] simp [hsel, hcoeff]

Note: This linter can be disabled with `set_option linter.unusedSimpArgs false`
C:\Users\Dan\Desktop\Projects\realizable-cmmsa-hardness\docs\native-receipts\ActualSelectedComplementAnalyticMoment\runtime-prebuild\local-native-123542\src\PvNP\RealizableHardness\ActualBinaryMatrixHC46A17DomainFrequencyCovariance.lean:183:8: error: (kernel) unknown constant '_private.PvNP.RealizableHardness.ActualBinaryMatrixHC46A17DomainFrequencyCovariance.0.PvNP.RealizableHardness.ActualBinaryMatrixHC46A17DomainFrequencyCovariance.complexAmbientHybridFilter_eq_homFilter_aux'
C:\Users\Dan\Desktop\Projects\realizable-cmmsa-hardness\docs\native-receipts\ActualSelectedComplementAnalyticMoment\runtime-prebuild\local-native-123542\src\PvNP\RealizableHardness\ActualBinaryMatrixHC46A17DomainFrequencyCovariance.lean:229:33: warning: This simp argument is unused:
  domainPullMatrix

Hint: Omit it from the simp argument list.
  [apply] simp [emap, mapReindexEquiv, Matrix.toLin'_toMatrix']

Note: This linter can be disabled with `set_option linter.unusedSimpArgs false`
C:\Users\Dan\Desktop\Projects\realizable-cmmsa-hardness\docs\native-receipts\ActualSelectedComplementAnalyticMoment\runtime-prebuild\local-native-123542\src\PvNP\RealizableHardness\ActualBinaryMatrixHC46A17DomainFrequencyCovariance.lean:229:51: warning: This simp argument is unused:
  Matrix.toLin'_toMatrix'

Hint: Omit it from the simp argument list.
  [apply] simp [emap, mapReindexEquiv, domainPullMatrix]

Note: This linter can be disabled with `set_option linter.unusedSimpArgs false`
