C:\Users\Dan\Desktop\Projects\realizable-cmmsa-hardness\docs\native-receipts\ActualSelectedComplementAnalyticMoment\runtime-prebuild\local-native-123542\src\PvNP\RealizableHardness\ActualTypedABCanonicalSignalCollapse.lean:65:15: error: unsolved goals
case done.done
n d r : ℕ
fStored : (V d ⧸ ⊥ →ₗ[F] ↥⊤) → ℂ
T : V d →ₗ[F] W n
g : BinaryMatrix n d → ℂ
carrierBase : PvNP.RealizableHardness.ActualTypedABCanonicalEndpointCollapse.V✝ d ⧸
    ⊥ →ₗ[PvNP.RealizableHardness.ActualTypedABCanonicalEndpointCollapse.F✝]
  ↥⊤ :=
  initialBottomTopBase T
hbase : ⊤.subtype ∘ₗ carrierBase ∘ₗ ⊥.mkQ = T
tower : ActualTypedABRankedTower ⊥ ⊤ fStored r (0 + 0) :=
  buildCanonicalSourceTower (DomainLineFlag.done ⊥) (CodomainHyperplaneFlag.done ⊤) carrierBase
⊢ (fun M => BinaryMatrixA1Complex.complexAmbientAffineRestrict ⊥ ⊤ T g M) = filteredCarrierFunction ⊥ ⊤ T g
C:\Users\Dan\Desktop\Projects\realizable-cmmsa-hardness\docs\native-receipts\ActualSelectedComplementAnalyticMoment\runtime-prebuild\local-native-123542\src\PvNP\RealizableHardness\ActualTypedABCanonicalSignalCollapse.lean:72:21: warning: `if_neg` has been deprecated: Use `ite_eq_right` instead
C:\Users\Dan\Desktop\Projects\realizable-cmmsa-hardness\docs\native-receipts\ActualSelectedComplementAnalyticMoment\runtime-prebuild\local-native-123542\src\PvNP\RealizableHardness\ActualTypedABCanonicalSignalCollapse.lean:109:17: warning: `if_neg` has been deprecated: Use `ite_eq_right` instead
C:\Users\Dan\Desktop\Projects\realizable-cmmsa-hardness\docs\native-receipts\ActualSelectedComplementAnalyticMoment\runtime-prebuild\local-native-123542\src\PvNP\RealizableHardness\ActualTypedABCanonicalSignalCollapse.lean:114:19: error(lean.unknownIdentifier): Unknown identifier `nestedDomainEquiv`
C:\Users\Dan\Desktop\Projects\realizable-cmmsa-hardness\docs\native-receipts\ActualSelectedComplementAnalyticMoment\runtime-prebuild\local-native-123542\src\PvNP\RealizableHardness\ActualTypedABCanonicalSignalCollapse.lean:66:16: warning: This simp argument is unused:
  tower

Hint: Omit it from the simp argument list.
  [apply] simp [buildCanonicalSourceTower, applyCanonicalFilters, carrierBase, initialBottomTopBase,
    filteredCarrierFunction, buildHyperplanePrefix, rankedTerminalData, complexAmbientHybridFilter_bot_top, hbase]

Note: This linter can be disabled with `set_option linter.unusedSimpArgs false`
C:\Users\Dan\Desktop\Projects\realizable-cmmsa-hardness\docs\native-receipts\ActualSelectedComplementAnalyticMoment\runtime-prebuild\local-native-123542\src\PvNP\RealizableHardness\ActualTypedABCanonicalSignalCollapse.lean:67:12: warning: This simp argument is unused:
  carrierBase

Hint: Omit it from the simp argument list.
  [apply] simp [tower, buildCanonicalSourceTower, applyCanonicalFilters, initialBottomTopBase, filteredCarrierFunction,
    buildHyperplanePrefix, rankedTerminalData, complexAmbientHybridFilter_bot_top, hbase]

Note: This linter can be disabled with `set_option linter.unusedSimpArgs false`
C:\Users\Dan\Desktop\Projects\realizable-cmmsa-hardness\docs\native-receipts\ActualSelectedComplementAnalyticMoment\runtime-prebuild\local-native-123542\src\PvNP\RealizableHardness\ActualTypedABCanonicalSignalCollapse.lean:69:48: warning: This simp argument is unused:
  hbase

Hint: Omit it from the simp argument list.
  [apply] simp [tower, buildCanonicalSourceTower, applyCanonicalFilters, carrierBase, initialBottomTopBase,
    filteredCarrierFunction, buildHyperplanePrefix, rankedTerminalData, complexAmbientHybridFilter_bot_top]

Note: This linter can be disabled with `set_option linter.unusedSimpArgs false`
