C:\Users\Dan\Desktop\Projects\realizable-cmmsa-hardness\docs\native-receipts\ActualSelectedComplementAnalyticMoment\runtime-prebuild\local-native-123542\src\PvNP\RealizableHardness\ActualBinaryMatrixHC46A18AmbientHyperplaneLaw.lean:43:27: warning: This simp argument is unused:
  eq_comm

Hint: Omit it from the simp argument list.
  [apply] simp [Pi.single_apply, Finset.sum_ite_eq']

Note: This linter can be disabled with `set_option linter.unusedSimpArgs false`
C:\Users\Dan\Desktop\Projects\realizable-cmmsa-hardness\docs\native-receipts\ActualSelectedComplementAnalyticMoment\runtime-prebuild\local-native-123542\src\PvNP\RealizableHardness\ActualBinaryMatrixHC46A18AmbientHyperplaneLaw.lean:43:36: warning: This simp argument is unused:
  Finset.sum_ite_eq'

Hint: Omit it from the simp argument list.
  [apply] simp [Pi.single_apply, eq_comm]

Note: This linter can be disabled with `set_option linter.unusedSimpArgs false`
C:\Users\Dan\Desktop\Projects\realizable-cmmsa-hardness\docs\native-receipts\ActualSelectedComplementAnalyticMoment\runtime-prebuild\local-native-123542\src\PvNP\RealizableHardness\ActualBinaryMatrixHC46A18AmbientHyperplaneLaw.lean:50:44: warning: This simp argument is unused:
  mul_comm

Hint: Omit it from the simp argument list.
  [apply] simp [map_sum, map_smul, smul_eq_mul]

Note: This linter can be disabled with `set_option linter.unusedSimpArgs false`
C:\Users\Dan\Desktop\Projects\realizable-cmmsa-hardness\docs\native-receipts\ActualSelectedComplementAnalyticMoment\runtime-prebuild\local-native-123542\src\PvNP\RealizableHardness\ActualBinaryMatrixHC46A18AmbientHyperplaneLaw.lean:60:2: error: Type mismatch: After simplification, term
  hj
 has type
  @Eq F (((Pi.basisFun F (Fin d)).dualBasis.equivFun.symm u) (Pi.single j 1)) (u j)
but is expected to have type
  @Eq F (((functionalVectorEquiv d).symm u) (Pi.single j 1)) (u j)
C:\Users\Dan\Desktop\Projects\realizable-cmmsa-hardness\docs\native-receipts\ActualSelectedComplementAnalyticMoment\runtime-prebuild\local-native-123542\src\PvNP\RealizableHardness\ActualBinaryMatrixHC46A18AmbientHyperplaneLaw.lean:75:24: error: Application type mismatch: The argument
  Eq.symm hval
has type
  ((functionalVectorEquiv d).symm ↑u) v = v ⬝ᵥ ↑u
but is expected to have type
  1 = ?m.66
in the application
  Eq.trans u.property (Eq.symm hval)
C:\Users\Dan\Desktop\Projects\realizable-cmmsa-hardness\docs\native-receipts\ActualSelectedComplementAnalyticMoment\runtime-prebuild\local-native-123542\src\PvNP\RealizableHardness\ActualBinaryMatrixHC46A18AmbientHyperplaneLaw.lean:108:36: warning: This simp argument is unused:
  mul_comm

Hint: Omit it from the simp argument list.
  [apply] simp [actualA18RankOne_entry]

Note: This linter can be disabled with `set_option linter.unusedSimpArgs false`
C:\Users\Dan\Desktop\Projects\realizable-cmmsa-hardness\docs\native-receipts\ActualSelectedComplementAnalyticMoment\runtime-prebuild\local-native-123542\src\PvNP\RealizableHardness\ActualBinaryMatrixHC46A18AmbientHyperplaneLaw.lean:114:8: warning: This simp argument is unused:
  Pi.basisFun_apply

Hint: Omit it from the simp argument list.
  [apply] simp [LinearMap.toMatrix'_apply, LinearMap.smulRight_apply, functionalVectorEquiv_apply,
    functionalVectorEquiv_symm_apply_single, mul_comm]

Note: This linter can be disabled with `set_option linter.unusedSimpArgs false`
C:\Users\Dan\Desktop\Projects\realizable-cmmsa-hardness\docs\native-receipts\ActualSelectedComplementAnalyticMoment\runtime-prebuild\local-native-123542\src\PvNP\RealizableHardness\ActualBinaryMatrixHC46A18AmbientHyperplaneLaw.lean:114:27: warning: This simp argument is unused:
  mul_comm

Hint: Omit it from the simp argument list.
  [apply] simp [LinearMap.toMatrix'_apply, LinearMap.smulRight_apply, functionalVectorEquiv_apply,
    functionalVectorEquiv_symm_apply_single, Pi.basisFun_apply]

Note: This linter can be disabled with `set_option linter.unusedSimpArgs false`
