WORKTREE_HEAD=55da52c09903070a1c59910397064a1b21c7aa29
WORKTREE_BRANCH=DETACHED
WORKTREE_STATUS_BEGIN
?? lean/PvNP/RealizableHardness/ActualStarFiniteUnionBound.lean
?? lean/PvNP/RealizableHardness/ActualStarFiniteUnionBoundChecks.lean
?? lean/PvNP/RealizableHardness/ActualStarSupportCatalog.lean
?? lean/PvNP/RealizableHardness/ActualStarSupportCatalogChecks.lean
WORKTREE_STATUS_END
OVERLAY_COUNT=4
OVERLAYS_BEGIN
lean/PvNP/RealizableHardness/ActualStarFiniteUnionBound.lean
lean/PvNP/RealizableHardness/ActualStarFiniteUnionBoundChecks.lean
lean/PvNP/RealizableHardness/ActualStarSupportCatalog.lean
lean/PvNP/RealizableHardness/ActualStarSupportCatalogChecks.lean
OVERLAYS_END
SOURCE_HASHES_BEGIN
6f29dfff191bb7a86fe04421898fa8a9f5ffbeafeccda090baaf4acbd7cf0e6a  /home/dfredriksen_quantyra_org/gcp_actual_star_combined_b4_20260924T213451Z_worktree/lean/PvNP/RealizableHardness/ActualStarFiniteUnionBound.lean
71def4bbe33c0c30e8be0322f7bd654a46b86352d82cea96c16f416ad6a33059  /home/dfredriksen_quantyra_org/gcp_actual_star_combined_b4_20260924T213451Z_worktree/lean/PvNP/RealizableHardness/ActualStarFiniteUnionBoundChecks.lean
acdf9bd56bc366b6ba5839c2cc7eb43416748d26409d1c64a3fa758fed27d6e1  /home/dfredriksen_quantyra_org/gcp_actual_star_combined_b4_20260924T213451Z_worktree/lean/PvNP/RealizableHardness/ActualStarSupportCatalog.lean
dd7f6c4df406b790af3bfeb17ff4e6923c2dc89e39e7d50a56e6483260483c74  /home/dfredriksen_quantyra_org/gcp_actual_star_combined_b4_20260924T213451Z_worktree/lean/PvNP/RealizableHardness/ActualStarSupportCatalogChecks.lean
8190e75a201741065fe508b28955dd64dd72d090babe5f70ce6848879d68ae88  /home/dfredriksen_quantyra_org/gcp_actual_star_combined_b4_20260924T213451Z_worktree/lean-toolchain
03c6564b4a501867a608a3439198e41b88eedf17e3c79c6bfd01790f6ae34cbe  /home/dfredriksen_quantyra_org/gcp_actual_star_combined_b4_20260924T213451Z_worktree/lakefile.toml
825d2e1a20005a259fdf5b181528b391dd6ba18a52c86127caf4c3be990e04f0  /home/dfredriksen_quantyra_org/gcp_actual_star_combined_b4_20260924T213451Z_worktree/lake-manifest.json
SOURCE_HASHES_END
CACHE_LINKS_BEGIN
lrwxrwxrwx 1 dfredriksen_quantyra_org dfredriksen_quantyra_org 65 Sep 24 21:43 /home/dfredriksen_quantyra_org/gcp_actual_star_combined_b4_20260924T213451Z_worktree/.lake/build -> /home/dfredriksen_quantyra_org/mz24-fixed-rho-de048da/.lake/build
lrwxrwxrwx 1 dfredriksen_quantyra_org dfredriksen_quantyra_org 68 Sep 24 21:43 /home/dfredriksen_quantyra_org/gcp_actual_star_combined_b4_20260924T213451Z_worktree/.lake/packages -> /home/dfredriksen_quantyra_org/mz24-fixed-rho-de048da/.lake/packages
/home/dfredriksen_quantyra_org/mz24-fixed-rho-de048da/.lake/packages
/home/dfredriksen_quantyra_org/mz24-fixed-rho-de048da/.lake/build
CACHE_LINKS_END
