lean/PvNP/RealizableHardness/ActualMZ24TerminalAgreementTransport.lean:37:0: warning: automatically included section variable(s) unused in theorem `PvNP.RealizableHardness.ActualMZ24TerminalAgreementTransport.liftQuery_map_apply`:
  [Fintype V]
consider restructuring your `variable` declarations so that the variables are not in scope or explicitly omit them:
  omit [Fintype V] in theorem ...

Note: This linter can be disabled with `set_option linter.unusedSectionVars false`
lean/PvNP/RealizableHardness/ActualMZ24TerminalAgreementTransport.lean:41:0: warning: automatically included section variable(s) unused in theorem `PvNP.RealizableHardness.ActualMZ24TerminalAgreementTransport.restrict_liftQuery`:
  [Fintype V]
consider restructuring your `variable` declarations so that the variables are not in scope or explicitly omit them:
  omit [Fintype V] in theorem ...

Note: This linter can be disabled with `set_option linter.unusedSectionVars false`
lean/PvNP/RealizableHardness/ActualMZ24TerminalAgreementTransport.lean:44:25: warning: Variable name `hy` is not explicitly referenced.

Hint: The binding can be removed (if unused) or named `_` (if used implicitly). Alternatively, prefix the name with `_` to silence this warning:
  [apply] _hy

Note: This linter can be disabled with `set_option linter.unusedVariables false`
lean/PvNP/RealizableHardness/ActualMZ24TerminalAgreementTransport.lean:80:0: warning: automatically included section variable(s) unused in theorem `PvNP.RealizableHardness.ActualMZ24TerminalAgreementTransport.restrictedTable_apply`:
  [Fintype V]
consider restructuring your `variable` declarations so that the variables are not in scope or explicitly omit them:
  omit [Fintype V] in theorem ...

Note: This linter can be disabled with `set_option linter.unusedSectionVars false`
lean/PvNP/RealizableHardness/ActualMZ24TerminalAgreementTransport.lean:129:8: warning: automatically included section variable(s) unused in theorem `_private.lean.PvNP.RealizableHardness.ActualMZ24TerminalAgreementTransport.0.PvNP.RealizableHardness.ActualMZ24TerminalAgreementTransport.restrictedTable_eval_cast`:
  [Fintype V]
consider restructuring your `variable` declarations so that the variables are not in scope or explicitly omit them:
  omit [Fintype V] in theorem ...

Note: This linter can be disabled with `set_option linter.unusedSectionVars false`
lean/PvNP/RealizableHardness/ActualMZ24TerminalAgreementTransport.lean:138:8: warning: automatically included section variable(s) unused in theorem `_private.lean.PvNP.RealizableHardness.ActualMZ24TerminalAgreementTransport.0.PvNP.RealizableHardness.ActualMZ24TerminalAgreementTransport.liftQueryMap_cast_coe`:
  [Fintype V]
consider restructuring your `variable` declarations so that the variables are not in scope or explicitly omit them:
  omit [Fintype V] in theorem ...

Note: This linter can be disabled with `set_option linter.unusedSectionVars false`
lean/PvNP/RealizableHardness/ActualMZ24TerminalAgreementTransport.lean:214:10: error: Type mismatch: After simplification, term
  hp
 has type
  AgreesOn (restrictedTable E T) ↑↑z ⋯
but is expected to have type
  AgreesOn (restrictedTable E T) ↑((zoomRestrictionEquiv E Q P hQE hWE) (e.symm ↑z)) ⋯
