lean/PvNP/RealizableHardness/ActualMZ24TerminalAgreementTransport.lean:37:0: warning: automatically included section variable(s) unused in theorem `PvNP.RealizableHardness.ActualMZ24TerminalAgreementTransport.liftQuery_map_apply`:
  [Fintype V]
consider restructuring your `variable` declarations so that the variables are not in scope or explicitly omit them:
  omit [Fintype V] in theorem ...

Note: This linter can be disabled with `set_option linter.unusedSectionVars false`
lean/PvNP/RealizableHardness/ActualMZ24TerminalAgreementTransport.lean:41:0: warning: automatically included section variable(s) unused in theorem `PvNP.RealizableHardness.ActualMZ24TerminalAgreementTransport.restrict_liftQuery`:
  [Fintype V]
consider restructuring your `variable` declarations so that the variables are not in scope or explicitly omit them:
  omit [Fintype V] in theorem ...

Note: This linter can be disabled with `set_option linter.unusedSectionVars false`
lean/PvNP/RealizableHardness/ActualMZ24TerminalAgreementTransport.lean:44:25: warning: Variable name `hy` is not explicitly referenced.

Hint: The binding can be removed (if unused) or named `_` (if used implicitly). Alternatively, prefix the name with `_` to silence this warning:
  [apply] _hy

Note: This linter can be disabled with `set_option linter.unusedVariables false`
lean/PvNP/RealizableHardness/ActualMZ24TerminalAgreementTransport.lean:80:0: warning: automatically included section variable(s) unused in theorem `PvNP.RealizableHardness.ActualMZ24TerminalAgreementTransport.restrictedTable_apply`:
  [Fintype V]
consider restructuring your `variable` declarations so that the variables are not in scope or explicitly omit them:
  omit [Fintype V] in theorem ...

Note: This linter can be disabled with `set_option linter.unusedSectionVars false`
lean/PvNP/RealizableHardness/ActualMZ24TerminalAgreementTransport.lean:129:8: warning: automatically included section variable(s) unused in theorem `_private.lean.PvNP.RealizableHardness.ActualMZ24TerminalAgreementTransport.0.PvNP.RealizableHardness.ActualMZ24TerminalAgreementTransport.restrictedTable_eval_cast`:
  [Fintype V]
consider restructuring your `variable` declarations so that the variables are not in scope or explicitly omit them:
  omit [Fintype V] in theorem ...

Note: This linter can be disabled with `set_option linter.unusedSectionVars false`
lean/PvNP/RealizableHardness/ActualMZ24TerminalAgreementTransport.lean:157:6: error: Tactic `rfl` failed: The left-hand side
  ↑(hL ▸ (liftQueryMap E Lₑ) x)
is not definitionally equal to the right-hand side
  ↑x₀

V : Type u_1
inst✝² : AddCommGroup V
inst✝¹ : Module (ZMod 2) V
inst✝ : Fintype V
a d : ℕ
E : Submodule (ZMod 2) V
Q : Grass V a
T : (L : Grass V d) → Module.Dual (ZMod 2) ↥↑L
P : DecodedPair Q d
hQE : ↑Q ≤ E
hWE : P.W ≤ E
z : Zoom Q P
Lₑ : Grass (↥E) d := ⋯
Pe : DecodedPair (localGrass E Q hQE) d := ⋯
hL : liftQuery E Lₑ = ↑z
hz : AgreesOn T ↑z ⋯
x : ↥↑↑((zoomRestrictionEquiv E Q P hQE hWE) z)
x₀ : ↥↑↑z := ⋯
xPe : ↥Pe.W := ⋯
y : ↥P.W := ⋯
⊢ ↑(hL ▸ (liftQueryMap E Lₑ) x) = ↑x₀
lean/PvNP/RealizableHardness/ActualMZ24TerminalAgreementTransport.lean:163:6: error: No goals to be solved
lean/PvNP/RealizableHardness/ActualMZ24TerminalAgreementTransport.lean:177:6: error: Tactic `rfl` failed: The left-hand side
  ↑(hL ▸ (liftQueryMap E Lₑ) xₑ)
is not definitionally equal to the right-hand side
  ↑x

V : Type u_1
inst✝² : AddCommGroup V
inst✝¹ : Module (ZMod 2) V
inst✝ : Fintype V
a d : ℕ
E : Submodule (ZMod 2) V
Q : Grass V a
T : (L : Grass V d) → Module.Dual (ZMod 2) ↥↑L
P : DecodedPair Q d
hQE : ↑Q ≤ E
hWE : P.W ≤ E
z : Zoom Q P
Lₑ : Grass (↥E) d := ⋯
Pe : DecodedPair (localGrass E Q hQE) d := ⋯
hL : liftQuery E Lₑ = ↑z
hz : AgreesOn (restrictedTable E T) ↑((zoomRestrictionEquiv E Q P hQE hWE) z) ⋯
x : ↥↑↑z
hxE : ↑x ∈ E
xₑ : ↥↑Lₑ := ⋯
xPe : ↥Pe.W := ⋯
y : ↥P.W := ⋯
⊢ ↑(hL ▸ (liftQueryMap E Lₑ) xₑ) = ↑x
lean/PvNP/RealizableHardness/ActualMZ24TerminalAgreementTransport.lean:183:6: error: No goals to be solved
lean/PvNP/RealizableHardness/ActualMZ24TerminalAgreementTransport.lean:204:10: error: Dependent elimination failed: Failed to solve equation
  z.1 = ⟨restrictGrass E ↑(e.symm ↑z) ⋯, ⋯⟩
