C:\Users\Dan\Desktop\Projects\realizable-cmmsa-hardness\docs\native-receipts\ActualSelectedComplementAnalyticMoment\runtime-prebuild\local-native-123542\src\PvNP\RealizableHardness\ActualBinaryMatrixHC46A18SourceGlobal.lean:31:9: error: Function expected at
  BinaryMatrix
but this term has type
  ?m.1

Note: Expected a function because this term is being applied to the argument
  n

Hint: The identifier `BinaryMatrix` is unknown, and Lean's `autoImplicit` option causes an unknown identifier to be treated as an implicitly bound variable with an unknown type. However, the unknown type cannot be a function, and a function is what Lean expects here. This is often the result of a typo or a missing `import` or `open` statement.
C:\Users\Dan\Desktop\Projects\realizable-cmmsa-hardness\docs\native-receipts\ActualSelectedComplementAnalyticMoment\runtime-prebuild\local-native-123542\src\PvNP\RealizableHardness\ActualBinaryMatrixHC46A18SourceGlobal.lean:93:9: error: Function expected at
  BinaryMatrix
but this term has type
  ?m.1

Note: Expected a function because this term is being applied to the argument
  n

Hint: The identifier `BinaryMatrix` is unknown, and Lean's `autoImplicit` option causes an unknown identifier to be treated as an implicitly bound variable with an unknown type. However, the unknown type cannot be a function, and a function is what Lean expects here. This is often the result of a typo or a missing `import` or `open` statement.
C:\Users\Dan\Desktop\Projects\realizable-cmmsa-hardness\docs\native-receipts\ActualSelectedComplementAnalyticMoment\runtime-prebuild\local-native-123542\src\PvNP\RealizableHardness\ActualBinaryMatrixHC46A18SourceGlobal.lean:225:12: error(lean.unknownIdentifier): Unknown constant `HEq.of_eq`
C:\Users\Dan\Desktop\Projects\realizable-cmmsa-hardness\docs\native-receipts\ActualSelectedComplementAnalyticMoment\runtime-prebuild\local-native-123542\src\PvNP\RealizableHardness\ActualBinaryMatrixHC46A18SourceGlobal.lean:267:47: error: unsolved goals
α : Type u_1
β : Type u_2
inst✝² : Fintype α
inst✝¹ : Fintype β
inst✝ : Nonempty β
g : α → ℝ
⊢ ∑ x, g x * ↑(Fintype.card β) = (∑ a, g a) * ↑(Fintype.card β)
C:\Users\Dan\Desktop\Projects\realizable-cmmsa-hardness\docs\native-receipts\ActualSelectedComplementAnalyticMoment\runtime-prebuild\local-native-123542\src\PvNP\RealizableHardness\ActualBinaryMatrixHC46A18SourceGlobal.lean:276:2: error: No goals to be solved
C:\Users\Dan\Desktop\Projects\realizable-cmmsa-hardness\docs\native-receipts\ActualSelectedComplementAnalyticMoment\runtime-prebuild\local-native-123542\src\PvNP\RealizableHardness\ActualBinaryMatrixHC46A18SourceGlobal.lean:269:10: warning: This simp argument is unused:
  Finset.mul_sum

Hint: Omit it from the simp argument list.
  [apply] simp [mul_comm]

Note: This linter can be disabled with `set_option linter.unusedSimpArgs false`
C:\Users\Dan\Desktop\Projects\realizable-cmmsa-hardness\docs\native-receipts\ActualSelectedComplementAnalyticMoment\runtime-prebuild\local-native-123542\src\PvNP\RealizableHardness\ActualBinaryMatrixHC46A18SourceGlobal.lean:308:4: error: Type mismatch: After simplification, term
  Equiv.sum_comp e fun z => g z.1
 has type
  @Eq ℝ (∑ x, g ((stableSourceCoordinatesEquiv q s phi₀ v hdecomp hqs hqv hphiS hphiV B) x).1) (∑ i, g i.1)
but is expected to have type
  @Eq ℝ (∑ p, g (stableSourceSampleMap B q phi₀ p.snd.1 p.snd.2 p.fst)) (∑ z, g z.1)
C:\Users\Dan\Desktop\Projects\realizable-cmmsa-hardness\docs\native-receipts\ActualSelectedComplementAnalyticMoment\runtime-prebuild\local-native-123542\src\PvNP\RealizableHardness\ActualBinaryMatrixHC46A18SourceGlobal.lean:326:9: error: Function expected at
  BinaryMatrix
but this term has type
  ?m.1

Note: Expected a function because this term is being applied to the argument
  n

Hint: The identifier `BinaryMatrix` is unknown, and Lean's `autoImplicit` option causes an unknown identifier to be treated as an implicitly bound variable with an unknown type. However, the unknown type cannot be a function, and a function is what Lean expects here. This is often the result of a typo or a missing `import` or `open` statement.
C:\Users\Dan\Desktop\Projects\realizable-cmmsa-hardness\docs\native-receipts\ActualSelectedComplementAnalyticMoment\runtime-prebuild\local-native-123542\src\PvNP\RealizableHardness\ActualBinaryMatrixHC46A18SourceGlobal.lean:411:9: error: Function expected at
  BinaryMatrix
but this term has type
  ?m.1

Note: Expected a function because this term is being applied to the argument
  n

Hint: The identifier `BinaryMatrix` is unknown, and Lean's `autoImplicit` option causes an unknown identifier to be treated as an implicitly bound variable with an unknown type. However, the unknown type cannot be a function, and a function is what Lean expects here. This is often the result of a typo or a missing `import` or `open` statement.
C:\Users\Dan\Desktop\Projects\realizable-cmmsa-hardness\docs\native-receipts\ActualSelectedComplementAnalyticMoment\runtime-prebuild\local-native-123542\src\PvNP\RealizableHardness\ActualBinaryMatrixHC46A18SourceGlobal.lean:515:7: warning: Variable name `w` is not explicitly referenced.

Hint: The binding can be removed (if unused) or named `_` (if used implicitly). Alternatively, prefix the name with `_` to silence this warning:
  [apply] _w

Note: This linter can be disabled with `set_option linter.unusedVariables false`
C:\Users\Dan\Desktop\Projects\realizable-cmmsa-hardness\docs\native-receipts\ActualSelectedComplementAnalyticMoment\runtime-prebuild\local-native-123542\src\PvNP\RealizableHardness\ActualBinaryMatrixHC46A18SourceGlobal.lean:547:71: error: unexpected token 'let'; expected ':'
C:\Users\Dan\Desktop\Projects\realizable-cmmsa-hardness\docs\native-receipts\ActualSelectedComplementAnalyticMoment\runtime-prebuild\local-native-123542\src\PvNP\RealizableHardness\ActualBinaryMatrixHC46A18SourceGlobal.lean:675:2: error: Type mismatch: After simplification, term
  quotientAppendSamplingEquiv_symm_apply B wW w.property q s phi₀ (A'.mkQ ↑v) hdecomp hqs hqv hphiS hphiV R lambda
 has type
  (spanExtensionSubmodule B wW).subtype ∘ₗ
      ↑((quotientAppendSamplingEquiv B wW ⋯ q s phi₀ (Submodule.Quotient.mk ↑v) hdecomp hqs hqv hphiS hphiV).symm
          (R, lambda)) =
    quotientSampleOutput B q phi₀ R lambda wW
but is expected to have type
  (spanExtensionSubmodule B wW).subtype ∘ₗ
      ↑((And.rec
              (fun left right =>
                And.rec
                  (fun left_1 right =>
                    And.rec
                      (fun left_2 right =>
                        And.rec
                          (fun left_3 right =>
                            quotientAppendSamplingEquiv B wW ⋯ (Submodule.factor ⋯) (Classical.choose ⋯)
                              (Classical.choose ⋯) (Submodule.Quotient.mk ↑v) ⋯ ⋯ left_1 ⋯ ⋯)
                          right)
                      right)
                  right)
              ⋯).symm
          (R, lambda)) =
    quotientSampleOutput B q phi₀ R lambda wW
C:\Users\Dan\Desktop\Projects\realizable-cmmsa-hardness\docs\native-receipts\ActualSelectedComplementAnalyticMoment\runtime-prebuild\local-native-123542\src\PvNP\RealizableHardness\ActualBinaryMatrixHC46A18SourceGlobal.lean:693:13: warning: Variable name `w` is not explicitly referenced.

Hint: The binding can be removed (if unused) or named `_` (if used implicitly). Alternatively, prefix the name with `_` to silence this warning:
  [apply] _w

Note: This linter can be disabled with `set_option linter.unusedVariables false`
C:\Users\Dan\Desktop\Projects\realizable-cmmsa-hardness\docs\native-receipts\ActualSelectedComplementAnalyticMoment\runtime-prebuild\local-native-123542\src\PvNP\RealizableHardness\ActualBinaryMatrixHC46A18SourceGlobal.lean:697:23: warning: Variable name `w` is not explicitly referenced.

Hint: The binding can be removed (if unused) or named `_` (if used implicitly). Alternatively, prefix the name with `_` to silence this warning:
  [apply] _w

Note: This linter can be disabled with `set_option linter.unusedVariables false`
C:\Users\Dan\Desktop\Projects\realizable-cmmsa-hardness\docs\native-receipts\ActualSelectedComplementAnalyticMoment\runtime-prebuild\local-native-123542\src\PvNP\RealizableHardness\ActualBinaryMatrixHC46A18SourceGlobal.lean:722:4: error: Type mismatch: After simplification, term
  Eq.symm (Finset.sum_subtype_eq_sum_filter g)
 has type
  ∑ x with p x, g x = ∑ x, g ↑x
but is expected to have type
  ∑ x, g ↑x = ∑ x with p x, g x
C:\Users\Dan\Desktop\Projects\realizable-cmmsa-hardness\docs\native-receipts\ActualSelectedComplementAnalyticMoment\runtime-prebuild\local-native-123542\src\PvNP\RealizableHardness\ActualBinaryMatrixHC46A18SourceGlobal.lean:737:9: error: Function expected at
  BinaryMatrix
but this term has type
  ?m.1

Note: Expected a function because this term is being applied to the argument
  n

Hint: The identifier `BinaryMatrix` is unknown, and Lean's `autoImplicit` option causes an unknown identifier to be treated as an implicitly bound variable with an unknown type. However, the unknown type cannot be a function, and a function is what Lean expects here. This is often the result of a typo or a missing `import` or `open` statement.
C:\Users\Dan\Desktop\Projects\realizable-cmmsa-hardness\docs\native-receipts\ActualSelectedComplementAnalyticMoment\runtime-prebuild\local-native-123542\src\PvNP\RealizableHardness\ActualBinaryMatrixHC46A18SourceGlobal.lean:847:57: error: unsolved goals
X : Type u_1
W : Type u_2
inst✝⁷ : AddCommGroup X
inst✝⁶ : Module (ZMod 2) X
inst✝⁵ : AddCommGroup W
inst✝⁴ : Module (ZMod 2) W
inst✝³ : Fintype X
inst✝² : Fintype W
B B' : Submodule (ZMod 2) W
hB : B ≤ B'
hdim : Module.finrank (ZMod 2) ↥B' = Module.finrank (ZMod 2) ↥B + 1
C : Type u_3
inst✝¹ : Fintype C
inst✝ : Nonempty C
gStable : (_ : ↥B) × C → ℝ
gExpanded : (_ : { w // ↑w ∉ B }) × C → ℝ
η : ℝ
hη : 0 ≤ η
hStable : (∑ p, gStable p) / ↑(Fintype.card ((_ : ↥B) × C)) ≤ η
hExpanded : (∑ p, gExpanded p) / ↑(Fintype.card ((_ : { w // ↑w ∉ B }) × C)) ≤ 2 * η
O : Type (max 0 u_2) := { w // ↑w ∉ B }
S : Type (max u_2 u_3) := (_ : ↥B) × C
E : Type (max u_2 u_3) := (_ : O) × C
hO : Fintype.card O = Fintype.card ↥B
hSC : Fintype.card S = Fintype.card ↥B * Fintype.card C
hEC : Fintype.card E = Fintype.card O * Fintype.card C
hpop : Fintype.card S = Fintype.card E
hSpos : 0 < ↑(Fintype.card S)
⊢ ∑ a₁, Sum.elim gStable gExpanded (Sum.inl a₁) + ∑ a₂, Sum.elim gStable gExpanded (Sum.inr a₂) =
    ∑ p, gStable p + ∑ p, gExpanded p
C:\Users\Dan\Desktop\Projects\realizable-cmmsa-hardness\docs\native-receipts\ActualSelectedComplementAnalyticMoment\runtime-prebuild\local-native-123542\src\PvNP\RealizableHardness\ActualBinaryMatrixHC46A18SourceGlobal.lean:862:4: error: No goals to be solved
C:\Users\Dan\Desktop\Projects\realizable-cmmsa-hardness\docs\native-receipts\ActualSelectedComplementAnalyticMoment\runtime-prebuild\local-native-123542\src\PvNP\RealizableHardness\ActualBinaryMatrixHC46A18SourceGlobal.lean:883:9: error: Function expected at
  BinaryMatrix
but this term has type
  ?m.1

Note: Expected a function because this term is being applied to the argument
  n

Hint: The identifier `BinaryMatrix` is unknown, and Lean's `autoImplicit` option causes an unknown identifier to be treated as an implicitly bound variable with an unknown type. However, the unknown type cannot be a function, and a function is what Lean expects here. This is often the result of a typo or a missing `import` or `open` statement.
C:\Users\Dan\Desktop\Projects\realizable-cmmsa-hardness\docs\native-receipts\ActualSelectedComplementAnalyticMoment\runtime-prebuild\local-native-123542\src\PvNP\RealizableHardness\ActualBinaryMatrixHC46A18SourceGlobal.lean:1051:11: error: don't know how to synthesize implicit argument `C`
  @quotientCosetColumnProductEquiv W ?m.49 inst✝³ inst✝² B
context:
W : Type u_1
C : Type u_2
inst✝³ : AddCommGroup W
inst✝² : Module (ZMod 2) W
inst✝¹ : Fintype W
inst✝ : Fintype C
B : Submodule (ZMod 2) W
g : W × C → ℝ
⊢ Type ?u.63
C:\Users\Dan\Desktop\Projects\realizable-cmmsa-hardness\docs\native-receipts\ActualSelectedComplementAnalyticMoment\runtime-prebuild\local-native-123542\src\PvNP\RealizableHardness\ActualBinaryMatrixHC46A18SourceGlobal.lean:1051:6: error: failed to infer `let` declaration type
C:\Users\Dan\Desktop\Projects\realizable-cmmsa-hardness\docs\native-receipts\ActualSelectedComplementAnalyticMoment\runtime-prebuild\local-native-123542\src\PvNP\RealizableHardness\ActualBinaryMatrixHC46A18SourceGlobal.lean:1050:48: error: unsolved goals
W : Type u_1
C : Type u_2
inst✝³ : AddCommGroup W
inst✝² : Module (ZMod 2) W
inst✝¹ : Fintype W
inst✝ : Fintype C
B : Submodule (ZMod 2) W
g : W × C → ℝ
⊢ ∑ p, g (↑p.snd.1, p.snd.2) = ∑ z, g z
C:\Users\Dan\Desktop\Projects\realizable-cmmsa-hardness\docs\native-receipts\ActualSelectedComplementAnalyticMoment\runtime-prebuild\local-native-123542\src\PvNP\RealizableHardness\ActualBinaryMatrixHC46A18SourceGlobal.lean:1095:53: error: unsolved goals
case e_a
W : Type u_1
C : Type u_2
inst✝⁴ : AddCommGroup W
inst✝³ : Module (ZMod 2) W
inst✝² : Fintype W
inst✝¹ : Fintype C
inst✝ : Nonempty C
B : Submodule (ZMod 2) W
g : W × C → ℝ
η : ℝ
hfiber : ∀ (q : W ⧸ B), (∑ z, g (↑z.1, z.2)) / ↑(Fintype.card ({ w // B.mkQ w = q } × C)) ≤ 2 * η
Fiber : W ⧸ B → Type (max u_1 u_2) := fun q => { w // B.mkQ w = q } × C
SigmaFiber : Type (max u_1 u_1 u_2) := (q : W ⧸ B) × Fiber q
gFiber : SigmaFiber → ℝ := fun p => g (↑p.snd.1, p.snd.2)
hcard : Fintype.card SigmaFiber = Fintype.card (W × C)
hsumFiber : ∑ p, gFiber p = ∑ q, ∑ z, g (↑z.1, z.2)
hgroup_pos : ∀ (q : W ⧸ B), 0 < ↑(Fintype.card (Fiber q))
hgroup_sum : ∀ (q : W ⧸ B), ∑ z, g (↑z.1, z.2) ≤ 2 * η * ↑(Fintype.card (Fiber q))
⊢ ∑ i, ↑(Fintype.card (Fiber i)) = ∑ x, ↑(Fintype.card (Fiber x))
C:\Users\Dan\Desktop\Projects\realizable-cmmsa-hardness\docs\native-receipts\ActualSelectedComplementAnalyticMoment\runtime-prebuild\local-native-123542\src\PvNP\RealizableHardness\ActualBinaryMatrixHC46A18SourceGlobal.lean:1104:2: error: Type mismatch: After simplification, term
  hsum_bound
 has type
  @LE.le ℝ Real.instLE (∑ x, g (↑x.snd.1, x.snd.2)) (2 * η * ↑(Fintype.card SigmaFiber))
but is expected to have type
  @LE.le ℝ Real.partialOrder.toLE (∑ p, g (↑p.snd.1, p.snd.2)) (2 * η * ↑(Fintype.card SigmaFiber))
C:\Users\Dan\Desktop\Projects\realizable-cmmsa-hardness\docs\native-receipts\ActualSelectedComplementAnalyticMoment\runtime-prebuild\local-native-123542\src\PvNP\RealizableHardness\ActualBinaryMatrixHC46A18SourceGlobal.lean:1116:43: error: unsolved goals
n d : ℕ
Q : ActualAffineRestriction n d
N : QuotientHom Q.domainFixed Q.codomainVariation
⊢ LinearMap.toMatrix' (Q.codomainVariation.subtype ∘ₗ N ∘ₗ Q.domainFixed.mkQ) + Q.base =
    Q.base + LinearMap.toMatrix' (Q.codomainVariation.subtype ∘ₗ N ∘ₗ Q.domainFixed.mkQ)
C:\Users\Dan\Desktop\Projects\realizable-cmmsa-hardness\docs\native-receipts\ActualSelectedComplementAnalyticMoment\runtime-prebuild\local-native-123542\src\PvNP\RealizableHardness\ActualBinaryMatrixHC46A18SourceGlobal.lean:1119:4: warning: This simp argument is unused:
  Matrix.toLin'_toMatrix'

Hint: Omit it from the simp argument list.
  [apply] simp [actualFibreQuotientHomEquiv, actualFibreLinearEquiv, quotientHomEquiv, ConstrainedMap,
    LinearMap.toMatrix'_toLin']

Note: This linter can be disabled with `set_option linter.unusedSimpArgs false`
C:\Users\Dan\Desktop\Projects\realizable-cmmsa-hardness\docs\native-receipts\ActualSelectedComplementAnalyticMoment\runtime-prebuild\local-native-123542\src\PvNP\RealizableHardness\ActualBinaryMatrixHC46A18SourceGlobal.lean:1184:4: error: Type mismatch: After simplification, term
  hx
 has type
  ↑((stableSourceSampleMap Q.codomainVariation q phi₀ R lambda w) (Submodule.Quotient.mk ↑↑x)) =
    (quotientSampleOutput Q.codomainVariation q phi₀ R lambda ↑w) (Submodule.Quotient.mk ↑↑x)
but is expected to have type
  ↑((stableSourceSampleMap Q.codomainVariation q phi₀ R lambda w) (A'.mkQ (Pi.single x 1))) x✝ =
    (quotientSampleOutput Q.codomainVariation q phi₀ R lambda ↑w) (A'.mkQ (Pi.single x 1)) x✝
C:\Users\Dan\Desktop\Projects\realizable-cmmsa-hardness\docs\native-receipts\ActualSelectedComplementAnalyticMoment\runtime-prebuild\local-native-123542\src\PvNP\RealizableHardness\ActualBinaryMatrixHC46A18SourceGlobal.lean:1185:6: error: Tactic `rewrite` failed: Did not find an occurrence of the pattern
  ↑((actualFibreQuotientHomEquiv ?Q).symm ?N)
in the target expression
  let A' := functionalKernelInAmbient Q.domainFixed phi;
  let X := (Fin d → ZMod 2) ⧸ Q.domainFixed;
  let X' := (Fin d → ZMod 2) ⧸ A';
  let q := Submodule.factor ⋯;
  let Q' := { domainFixed := A', codomainVariation := Q.codomainVariation, base := Q.base };
  ↑((actualFibreQuotientHomEquiv Q').symm (stableSourceSampleMap Q.codomainVariation q phi₀ R lambda w)) =
    LinearMap.toMatrix' (Matrix.toLin' Q.base + quotientSampleOutput Q.codomainVariation q phi₀ R lambda ↑w ∘ₗ A'.mkQ)

n d : ℕ
Q : ActualAffineRestriction n d
phi : ↥Q.domainFixed →ₗ[ZMod 2] ZMod 2
v : ↥Q.domainFixed
hv : phi v = 1
phi₀ : (Fin d → ZMod 2) ⧸ functionalKernelInAmbient Q.domainFixed phi →ₗ[ZMod 2] ZMod 2
R : (Fin d → ZMod 2) ⧸ Q.domainFixed →ₗ[ZMod 2] ↥Q.codomainVariation
lambda : (Fin d → ZMod 2) ⧸ Q.domainFixed →ₗ[ZMod 2] ZMod 2
w : ↥Q.codomainVariation
A' : Submodule (ZMod 2) (Fin d → ZMod 2) := functionalKernelInAmbient Q.domainFixed phi
X : Type := (Fin d → ZMod 2) ⧸ Q.domainFixed
X' : Type := (Fin d → ZMod 2) ⧸ A'
q : X' →ₗ[ZMod 2] X := Submodule.factor ⋯
Q' : ActualAffineRestriction n d := { domainFixed := A', codomainVariation := Q.codomainVariation, base := Q.base }
N : X' →ₗ[ZMod 2] ↥Q.codomainVariation := stableSourceSampleMap Q.codomainVariation q phi₀ R lambda w
hco :
  Q.codomainVariation.subtype ∘ₗ stableSourceSampleMap Q.codomainVariation q phi₀ R lambda w =
    quotientSampleOutput Q.codomainVariation q phi₀ R lambda ↑w
hcomp :
  Q.codomainVariation.subtype ∘ₗ N ∘ₗ A'.mkQ = quotientSampleOutput Q.codomainVariation q phi₀ R lambda ↑w ∘ₗ A'.mkQ
⊢ let A' := functionalKernelInAmbient Q.domainFixed phi;
  let X := (Fin d → ZMod 2) ⧸ Q.domainFixed;
  let X' := (Fin d → ZMod 2) ⧸ A';
  let q := Submodule.factor ⋯;
  let Q' := { domainFixed := A', codomainVariation := Q.codomainVariation, base := Q.base };
  ↑((actualFibreQuotientHomEquiv Q').symm (stableSourceSampleMap Q.codomainVariation q phi₀ R lambda w)) =
    LinearMap.toMatrix' (Matrix.toLin' Q.base + quotientSampleOutput Q.codomainVariation q phi₀ R lambda ↑w ∘ₗ A'.mkQ)

Note: The target expression is not type-correct under the `implicit` transparency level, which may have triggered the failure. This is usually caused by unfolding of semireducible definitions in prior tactic steps. Use `set_option linter.tacticCheckInstances true` to investigate the source of the issue.
Full error:
  Application type mismatch: The argument
    fun x_1 => x ∈ Q.domainFixed
  has type
    x ∈ A' → Prop
  but is expected to have type
    (∃ a ∈ ↑phi.ker, Q.domainFixed.subtype a = x) → Prop
  in the application
    @Exists.casesOn (↥Q.domainFixed) (fun a => a ∈ ↑phi.ker ∧ Q.domainFixed.subtype a = x) fun x_1 => x ∈ Q.domainFixed
C:\Users\Dan\Desktop\Projects\realizable-cmmsa-hardness\docs\native-receipts\ActualSelectedComplementAnalyticMoment\runtime-prebuild\local-native-123542\src\PvNP\RealizableHardness\ActualBinaryMatrixHC46A18SourceGlobal.lean:1191:8: warning: declaration uses `sorry`
C:\Users\Dan\Desktop\Projects\realizable-cmmsa-hardness\docs\native-receipts\ActualSelectedComplementAnalyticMoment\runtime-prebuild\local-native-123542\src\PvNP\RealizableHardness\ActualBinaryMatrixHC46A18SourceGlobal.lean:1206:27: warning: Variable name `ha` is not explicitly referenced.

Hint: The binding can be removed (if unused) or named `_` (if used implicitly). Alternatively, prefix the name with `_` to silence this warning:
  [apply] _ha

Note: This linter can be disabled with `set_option linter.unusedVariables false`
C:\Users\Dan\Desktop\Projects\realizable-cmmsa-hardness\docs\native-receipts\ActualSelectedComplementAnalyticMoment\runtime-prebuild\local-native-123542\src\PvNP\RealizableHardness\ActualBinaryMatrixHC46A18SourceGlobal.lean:1238:2: warning: this tactic is never executed

Note: This linter can be disabled with `set_option linter.unreachableTactic false`
C:\Users\Dan\Desktop\Projects\realizable-cmmsa-hardness\docs\native-receipts\ActualSelectedComplementAnalyticMoment\runtime-prebuild\local-native-123542\src\PvNP\RealizableHardness\ActualBinaryMatrixHC46A18SourceGlobal.lean:1239:2: warning: this tactic is never executed

Note: This linter can be disabled with `set_option linter.unreachableTactic false`
C:\Users\Dan\Desktop\Projects\realizable-cmmsa-hardness\docs\native-receipts\ActualSelectedComplementAnalyticMoment\runtime-prebuild\local-native-123542\src\PvNP\RealizableHardness\ActualBinaryMatrixHC46A18SourceGlobal.lean:1240:2: warning: this tactic is never executed

Note: This linter can be disabled with `set_option linter.unreachableTactic false`
C:\Users\Dan\Desktop\Projects\realizable-cmmsa-hardness\docs\native-receipts\ActualSelectedComplementAnalyticMoment\runtime-prebuild\local-native-123542\src\PvNP\RealizableHardness\ActualBinaryMatrixHC46A18SourceGlobal.lean:1242:2: warning: this tactic is never executed

Note: This linter can be disabled with `set_option linter.unreachableTactic false`
C:\Users\Dan\Desktop\Projects\realizable-cmmsa-hardness\docs\native-receipts\ActualSelectedComplementAnalyticMoment\runtime-prebuild\local-native-123542\src\PvNP\RealizableHardness\ActualBinaryMatrixHC46A18SourceGlobal.lean:1243:2: warning: this tactic is never executed

Note: This linter can be disabled with `set_option linter.unreachableTactic false`
C:\Users\Dan\Desktop\Projects\realizable-cmmsa-hardness\docs\native-receipts\ActualSelectedComplementAnalyticMoment\runtime-prebuild\local-native-123542\src\PvNP\RealizableHardness\ActualBinaryMatrixHC46A18SourceGlobal.lean:1249:2: warning: this tactic is never executed

Note: This linter can be disabled with `set_option linter.unreachableTactic false`
C:\Users\Dan\Desktop\Projects\realizable-cmmsa-hardness\docs\native-receipts\ActualSelectedComplementAnalyticMoment\runtime-prebuild\local-native-123542\src\PvNP\RealizableHardness\ActualBinaryMatrixHC46A18SourceGlobal.lean:1238:2: warning: Unused tactic linter: `refine ⟨phi₀, sCoord, hqs, hqv, hphiS, hphiV, hdecomp, ?_⟩` does nothing

Note: This linter can be disabled with `set_option linter.unusedTactic false`
C:\Users\Dan\Desktop\Projects\realizable-cmmsa-hardness\docs\native-receipts\ActualSelectedComplementAnalyticMoment\runtime-prebuild\local-native-123542\src\PvNP\RealizableHardness\ActualBinaryMatrixHC46A18SourceGlobal.lean:1239:2: warning: Unused tactic linter: `intro w R lambda` does nothing

Note: This linter can be disabled with `set_option linter.unusedTactic false`
C:\Users\Dan\Desktop\Projects\realizable-cmmsa-hardness\docs\native-receipts\ActualSelectedComplementAnalyticMoment\runtime-prebuild\local-native-123542\src\PvNP\RealizableHardness\ActualBinaryMatrixHC46A18SourceGlobal.lean:1240:2: warning: Unused tactic linter: `let N :=
  (actual_expanded_source_coordinates_equiv Q.domainFixed phi v hv Q.codomainVariation B' hB hdim
      ⟨w, (R, lambda)⟩).1` does nothing

Note: This linter can be disabled with `set_option linter.unusedTactic false`
C:\Users\Dan\Desktop\Projects\realizable-cmmsa-hardness\docs\native-receipts\ActualSelectedComplementAnalyticMoment\runtime-prebuild\local-native-123542\src\PvNP\RealizableHardness\ActualBinaryMatrixHC46A18SourceGlobal.lean:1242:2: warning: Unused tactic linter: `have hsample := hcoerce w R lambda` does nothing

Note: This linter can be disabled with `set_option linter.unusedTactic false`
C:\Users\Dan\Desktop\Projects\realizable-cmmsa-hardness\docs\native-receipts\ActualSelectedComplementAnalyticMoment\runtime-prebuild\local-native-123542\src\PvNP\RealizableHardness\ActualBinaryMatrixHC46A18SourceGlobal.lean:1243:2: warning: Unused tactic linter: `have hcomp :
  B'.subtype.comp (N.comp (Submodule.mkQ A')) =
    (quotientSampleOutput Q.codomainVariation q phi₀ R lambda (w : Fin n → ZMod 2)).comp (Submodule.mkQ A') :=
  by
  ext x
  have hx := congrArg (fun F => F (Submodule.mkQ A' x)) hsample
  simpa [N, LinearMap.comp_apply] using hx` does nothing

Note: This linter can be disabled with `set_option linter.unusedTactic false`
C:\Users\Dan\Desktop\Projects\realizable-cmmsa-hardness\docs\native-receipts\ActualSelectedComplementAnalyticMoment\runtime-prebuild\local-native-123542\src\PvNP\RealizableHardness\ActualBinaryMatrixHC46A18SourceGlobal.lean:1249:2: warning: Unused tactic linter: `calc
  ((actualFibreQuotientHomEquiv Q').symm N).1 =
      LinearMap.toMatrix' (Matrix.toLin' Q.base + B'.subtype.comp (N.comp (Submodule.mkQ A'))) :=
    actualFibreQuotientHomEquiv_symm_matrix Q' N
  _ =
      LinearMap.toMatrix'
        (Matrix.toLin' Q.base +
          (quotientSampleOutput Q.codomainVariation q phi₀ R lambda (w : Fin n → ZMod 2)).comp (Submodule.mkQ A')) :=
    by rw [hcomp]` does nothing

Note: This linter can be disabled with `set_option linter.unusedTactic false`
C:\Users\Dan\Desktop\Projects\realizable-cmmsa-hardness\docs\native-receipts\ActualSelectedComplementAnalyticMoment\runtime-prebuild\local-native-123542\src\PvNP\RealizableHardness\ActualBinaryMatrixHC46A18SourceGlobal.lean:1307:24: error: unsolved goals
case «0»
W : Type u_1
inst✝² : AddCommGroup W
inst✝¹ : Module (ZMod 2) W
inst✝ : Fintype W
B : Submodule (ZMod 2) W
w₀ : W
hw₀ : w₀ ∉ B
u : { u // ↑u ∉ B }
b : W
hb : b ∈ B
c : W
hc : 0 • w₀ ∈ ZMod 2 ∙ w₀
hbc : c = 0 • w₀
hu : ↑↑u = b + 0 • w₀
ha0 : 0 ≠ 0
⊢ 0 = 1

case «1»
W : Type u_1
inst✝² : AddCommGroup W
inst✝¹ : Module (ZMod 2) W
inst✝ : Fintype W
B : Submodule (ZMod 2) W
w₀ : W
hw₀ : w₀ ∉ B
u : { u // ↑u ∉ B }
b : W
hb : b ∈ B
c : W
hc : 1 • w₀ ∈ ZMod 2 ∙ w₀
hbc : c = 1 • w₀
hu : ↑↑u = b + 1 • w₀
ha0 : 1 ≠ 0
⊢ 1 = 1
C:\Users\Dan\Desktop\Projects\realizable-cmmsa-hardness\docs\native-receipts\ActualSelectedComplementAnalyticMoment\runtime-prebuild\local-native-123542\src\PvNP\RealizableHardness\ActualBinaryMatrixHC46A18SourceGlobal.lean:1317:23: warning: This simp argument is unused:
  map_smul

Hint: Omit it from the simp argument list.
  [apply] simp [map_add, ha1, hbq]

Note: This linter can be disabled with `set_option linter.unusedSimpArgs false`
C:\Users\Dan\Desktop\Projects\realizable-cmmsa-hardness\docs\native-receipts\ActualSelectedComplementAnalyticMoment\runtime-prebuild\local-native-123542\src\PvNP\RealizableHardness\ActualBinaryMatrixHC46A18SourceGlobal.lean:1334:16: error: unsolved goals
W : Type u_1
C : Type u_2
inst✝² : AddCommGroup W
inst✝¹ : Module (ZMod 2) W
inst✝ : Fintype W
B : Submodule (ZMod 2) W
w₀ : W
hw₀ : w₀ ∉ B
w : { w // B.mkQ w = B.mkQ w₀ }
c : C
⊢ ⟨(quotientCosetFibreEquiv_extension B w₀ hw₀).symm ((quotientCosetFibreEquiv_extension B w₀ hw₀) w), c⟩ = ⟨w, c⟩
C:\Users\Dan\Desktop\Projects\realizable-cmmsa-hardness\docs\native-receipts\ActualSelectedComplementAnalyticMoment\runtime-prebuild\local-native-123542\src\PvNP\RealizableHardness\ActualBinaryMatrixHC46A18SourceGlobal.lean:1337:17: error: unsolved goals
W : Type u_1
C : Type u_2
inst✝² : AddCommGroup W
inst✝¹ : Module (ZMod 2) W
inst✝ : Fintype W
B : Submodule (ZMod 2) W
w₀ : W
hw₀ : w₀ ∉ B
u : { u // ↑u ∉ B }
c : C
⊢ (quotientCosetFibreEquiv_extension B w₀ hw₀) ((quotientCosetFibreEquiv_extension B w₀ hw₀).symm u) = u
C:\Users\Dan\Desktop\Projects\realizable-cmmsa-hardness\docs\native-receipts\ActualSelectedComplementAnalyticMoment\runtime-prebuild\local-native-123542\src\PvNP\RealizableHardness\ActualBinaryMatrixHC46A18SourceGlobal.lean:1346:9: error: Function expected at
  BinaryMatrix
but this term has type
  ?m.1

Note: Expected a function because this term is being applied to the argument
  n

Hint: The identifier `BinaryMatrix` is unknown, and Lean's `autoImplicit` option causes an unknown identifier to be treated as an implicitly bound variable with an unknown type. However, the unknown type cannot be a function, and a function is what Lean expects here. This is often the result of a typo or a missing `import` or `open` statement.
C:\Users\Dan\Desktop\Projects\realizable-cmmsa-hardness\docs\native-receipts\ActualSelectedComplementAnalyticMoment\runtime-prebuild\local-native-123542\src\PvNP\RealizableHardness\ActualBinaryMatrixHC46A18SourceGlobal.lean:1451:40: error: Function expected at
  BinaryMatrix
but this term has type
  ?m.1

Note: Expected a function because this term is being applied to the argument
  n

Hint: The identifier `BinaryMatrix` is unknown, and Lean's `autoImplicit` option causes an unknown identifier to be treated as an implicitly bound variable with an unknown type. However, the unknown type cannot be a function, and a function is what Lean expects here. This is often the result of a typo or a missing `import` or `open` statement.
C:\Users\Dan\Desktop\Projects\realizable-cmmsa-hardness\docs\native-receipts\ActualSelectedComplementAnalyticMoment\runtime-prebuild\local-native-123542\src\PvNP\RealizableHardness\ActualBinaryMatrixHC46A18SourceGlobal.lean:1432:9: error: Function expected at
  BinaryMatrix
but this term has type
  ?m.1

Note: Expected a function because this term is being applied to the argument
  n

Hint: The identifier `BinaryMatrix` is unknown, and Lean's `autoImplicit` option causes an unknown identifier to be treated as an implicitly bound variable with an unknown type. However, the unknown type cannot be a function, and a function is what Lean expects here. This is often the result of a typo or a missing `import` or `open` statement.
C:\Users\Dan\Desktop\Projects\realizable-cmmsa-hardness\docs\native-receipts\ActualSelectedComplementAnalyticMoment\runtime-prebuild\local-native-123542\src\PvNP\RealizableHardness\ActualBinaryMatrixHC46A18SourceGlobal.lean:1500:10: error: unexpected token 'Σ'; expected command
C:\Users\Dan\Desktop\Projects\realizable-cmmsa-hardness\docs\native-receipts\ActualSelectedComplementAnalyticMoment\runtime-prebuild\local-native-123542\src\PvNP\RealizableHardness\ActualBinaryMatrixHC46A18SourceGlobal.lean:1621:40: error: Function expected at
  BinaryMatrix
but this term has type
  ?m.1

Note: Expected a function because this term is being applied to the argument
  n

Hint: The identifier `BinaryMatrix` is unknown, and Lean's `autoImplicit` option causes an unknown identifier to be treated as an implicitly bound variable with an unknown type. However, the unknown type cannot be a function, and a function is what Lean expects here. This is often the result of a typo or a missing `import` or `open` statement.
C:\Users\Dan\Desktop\Projects\realizable-cmmsa-hardness\docs\native-receipts\ActualSelectedComplementAnalyticMoment\runtime-prebuild\local-native-123542\src\PvNP\RealizableHardness\ActualBinaryMatrixHC46A18SourceGlobal.lean:1602:9: error: Function expected at
  BinaryMatrix
but this term has type
  ?m.1

Note: Expected a function because this term is being applied to the argument
  n

Hint: The identifier `BinaryMatrix` is unknown, and Lean's `autoImplicit` option causes an unknown identifier to be treated as an implicitly bound variable with an unknown type. However, the unknown type cannot be a function, and a function is what Lean expects here. This is often the result of a typo or a missing `import` or `open` statement.
C:\Users\Dan\Desktop\Projects\realizable-cmmsa-hardness\docs\native-receipts\ActualSelectedComplementAnalyticMoment\runtime-prebuild\local-native-123542\src\PvNP\RealizableHardness\ActualBinaryMatrixHC46A18SourceGlobal.lean:1696:30: warning: This simp argument is unused:
  phiExt

Hint: Omit it from the simp argument list.
  [apply] simp [quotientSampleOutput, LinearMap.comp_apply, hfactor]

Note: This linter can be disabled with `set_option linter.unusedSimpArgs false`
C:\Users\Dan\Desktop\Projects\realizable-cmmsa-hardness\docs\native-receipts\ActualSelectedComplementAnalyticMoment\runtime-prebuild\local-native-123542\src\PvNP\RealizableHardness\ActualBinaryMatrixHC46A18SourceGlobal.lean:1696:60: warning: This simp argument is unused:
  hfactor

Hint: Omit it from the simp argument list.
  [apply] simp [quotientSampleOutput, phiExt, LinearMap.comp_apply]

Note: This linter can be disabled with `set_option linter.unusedSimpArgs false`
C:\Users\Dan\Desktop\Projects\realizable-cmmsa-hardness\docs\native-receipts\ActualSelectedComplementAnalyticMoment\runtime-prebuild\local-native-123542\src\PvNP\RealizableHardness\ActualBinaryMatrixHC46A18SourceGlobal.lean:1731:9: error(lean.unknownIdentifier): Unknown identifier `div_le_div_right`
C:\Users\Dan\Desktop\Projects\realizable-cmmsa-hardness\docs\native-receipts\ActualSelectedComplementAnalyticMoment\runtime-prebuild\local-native-123542\src\PvNP\RealizableHardness\ActualBinaryMatrixHC46A18SourceGlobal.lean:1732:2: error: No goals to be solved
C:\Users\Dan\Desktop\Projects\realizable-cmmsa-hardness\docs\native-receipts\ActualSelectedComplementAnalyticMoment\runtime-prebuild\local-native-123542\src\PvNP\RealizableHardness\ActualBinaryMatrixHC46A18SourceGlobal.lean:1765:40: error: Function expected at
  BinaryMatrix
but this term has type
  ?m.1

Note: Expected a function because this term is being applied to the argument
  n

Hint: The identifier `BinaryMatrix` is unknown, and Lean's `autoImplicit` option causes an unknown identifier to be treated as an implicitly bound variable with an unknown type. However, the unknown type cannot be a function, and a function is what Lean expects here. This is often the result of a typo or a missing `import` or `open` statement.
C:\Users\Dan\Desktop\Projects\realizable-cmmsa-hardness\docs\native-receipts\ActualSelectedComplementAnalyticMoment\runtime-prebuild\local-native-123542\src\PvNP\RealizableHardness\ActualBinaryMatrixHC46A18SourceGlobal.lean:1749:9: error: Function expected at
  BinaryMatrix
but this term has type
  ?m.1

Note: Expected a function because this term is being applied to the argument
  n

Hint: The identifier `BinaryMatrix` is unknown, and Lean's `autoImplicit` option causes an unknown identifier to be treated as an implicitly bound variable with an unknown type. However, the unknown type cannot be a function, and a function is what Lean expects here. This is often the result of a typo or a missing `import` or `open` statement.
C:\Users\Dan\Desktop\Projects\realizable-cmmsa-hardness\docs\native-receipts\ActualSelectedComplementAnalyticMoment\runtime-prebuild\local-native-123542\src\PvNP\RealizableHardness\ActualBinaryMatrixHC46A18SourceGlobal.lean:1872:4: error: Type mismatch: After simplification, term
  hx
 has type
  q (Submodule.Quotient.mk ↑a) = Submodule.Quotient.mk ↑a
but is expected to have type
  q (Submodule.Quotient.mk ↑a) = 0
C:\Users\Dan\Desktop\Projects\realizable-cmmsa-hardness\docs\native-receipts\ActualSelectedComplementAnalyticMoment\runtime-prebuild\local-native-123542\src\PvNP\RealizableHardness\ActualBinaryMatrixHC46A18SourceGlobal.lean:1876:4: error: Type mismatch: After simplification, term
  h
 has type
  xq = (Classical.choose ⋯) xq • Submodule.Quotient.mk ↑v
but is expected to have type
  xq = phi₀ xq • Submodule.Quotient.mk ↑v
C:\Users\Dan\Desktop\Projects\realizable-cmmsa-hardness\docs\native-receipts\ActualSelectedComplementAnalyticMoment\runtime-prebuild\local-native-123542\src\PvNP\RealizableHardness\ActualBinaryMatrixHC46A18SourceGlobal.lean:1919:2: error: unsolved goals
case refine_1
K : Type u_1
X : Type u_2
inst✝² : Field K
inst✝¹ : AddCommGroup X
inst✝ : Module K X
A : Submodule K X
phi : ↥A →ₗ[K] K
v : ↥A
hv : phi v = 1
phiRef : X →ₗ[K] K := restrictedFunctionalReference A phi v hv
lambda : X ⧸ A →ₗ[K] K
a : ↥A
href : (restrictedFunctionalReference A phi v hv ∘ₗ A.subtype) a = phi a
href' : phiRef ↑a = phi a
⊢ lambda (Submodule.Quotient.mk ↑a) = 0
C:\Users\Dan\Desktop\Projects\realizable-cmmsa-hardness\docs\native-receipts\ActualSelectedComplementAnalyticMoment\runtime-prebuild\local-native-123542\src\PvNP\RealizableHardness\ActualBinaryMatrixHC46A18SourceGlobal.lean:1931:37: error: unsolved goals
K : Type u_1
X : Type u_2
inst✝² : Field K
inst✝¹ : AddCommGroup X
inst✝ : Module K X
A : Submodule K X
phi : ↥A →ₗ[K] K
v : ↥A
hv : phi v = 1
phiRef : X →ₗ[K] K := restrictedFunctionalReference A phi v hv
lambda : X ⧸ A →ₗ[K] K
F : X →ₗ[K] K := phiRef + lambda ∘ₗ A.mkQ - phiRef
a : X
ha : a ∈ A
⊢ lambda (Submodule.Quotient.mk a) = 0
C:\Users\Dan\Desktop\Projects\realizable-cmmsa-hardness\docs\native-receipts\ActualSelectedComplementAnalyticMoment\runtime-prebuild\local-native-123542\src\PvNP\RealizableHardness\ActualBinaryMatrixHC46A18SourceGlobal.lean:1941:73: error: Application type mismatch: The argument
  hlift
has type
  A.liftQ F hk ∘ₗ A.mkQ = F
but is expected to have type
  ?m.425 = ?m.426
in the application
  congrArg (fun g => g (A.mkQ x)) hlift
C:\Users\Dan\Desktop\Projects\realizable-cmmsa-hardness\docs\native-receipts\ActualSelectedComplementAnalyticMoment\runtime-prebuild\local-native-123542\src\PvNP\RealizableHardness\ActualBinaryMatrixHC46A18SourceGlobal.lean:1962:6: warning: try 'simp' instead of 'simpa'

Note: This linter can be disabled with `set_option linter.unnecessarySimpa false`
C:\Users\Dan\Desktop\Projects\realizable-cmmsa-hardness\docs\native-receipts\ActualSelectedComplementAnalyticMoment\runtime-prebuild\local-native-123542\src\PvNP\RealizableHardness\ActualBinaryMatrixHC46A18SourceGlobal.lean:1934:15: warning: This simp argument is unused:
  LinearMap.sub_apply

Hint: Omit it from the simp argument list.
  [apply] simp [F, LinearMap.add_apply, LinearMap.comp_apply, ha]

Note: This linter can be disabled with `set_option linter.unusedSimpArgs false`
C:\Users\Dan\Desktop\Projects\realizable-cmmsa-hardness\docs\native-receipts\ActualSelectedComplementAnalyticMoment\runtime-prebuild\local-native-123542\src\PvNP\RealizableHardness\ActualBinaryMatrixHC46A18SourceGlobal.lean:1934:36: warning: This simp argument is unused:
  LinearMap.add_apply

Hint: Omit it from the simp argument list.
  [apply] simp [F, LinearMap.sub_apply, LinearMap.comp_apply, ha]

Note: This linter can be disabled with `set_option linter.unusedSimpArgs false`
C:\Users\Dan\Desktop\Projects\realizable-cmmsa-hardness\docs\native-receipts\ActualSelectedComplementAnalyticMoment\runtime-prebuild\local-native-123542\src\PvNP\RealizableHardness\ActualBinaryMatrixHC46A18SourceGlobal.lean:1935:30: warning: This simp argument is unused:
  ha

Hint: Omit it from the simp argument list.
  [apply] simp [F, LinearMap.sub_apply, LinearMap.add_apply, LinearMap.comp_apply]

Note: This linter can be disabled with `set_option linter.unusedSimpArgs false`
