C:\Users\Dan\Desktop\Projects\realizable-cmmsa-hardness\docs\native-receipts\ActualSelectedComplementAnalyticMoment\runtime-prebuild\local-native-123542\src\PvNP\RealizableHardness\ActualBinaryMatrixHC46A7WeightedPredecessor.lean:161:21: warning: `if_pos` has been deprecated: Use `ite_eq_left` instead
C:\Users\Dan\Desktop\Projects\realizable-cmmsa-hardness\docs\native-receipts\ActualSelectedComplementAnalyticMoment\runtime-prebuild\local-native-123542\src\PvNP\RealizableHardness\ActualBinaryMatrixHC46A7WeightedPredecessor.lean:184:21: warning: `if_pos` has been deprecated: Use `ite_eq_left` instead
C:\Users\Dan\Desktop\Projects\realizable-cmmsa-hardness\docs\native-receipts\ActualSelectedComplementAnalyticMoment\runtime-prebuild\local-native-123542\src\PvNP\RealizableHardness\ActualBinaryMatrixHC46A7WeightedPredecessor.lean:189:8: warning: This simp argument is unused:
  BinaryMatrixA1TypedFourier.carrierMean

Hint: Omit it from the simp argument list.
  [apply] simp [hp, complexCarrierFourierCoeff]

Note: This linter can be disabled with `set_option linter.unusedSimpArgs false`
C:\Users\Dan\Desktop\Projects\realizable-cmmsa-hardness\docs\native-receipts\ActualSelectedComplementAnalyticMoment\runtime-prebuild\local-native-123542\src\PvNP\RealizableHardness\ActualBinaryMatrixHC46A7WeightedPredecessor.lean:353:38: warning: This simp argument is unused:
  Matrix.mulVecLin_apply

Hint: Omit it from the simp argument list.
  [apply] simp [w6BlockBottomDisplacementMap, Matrix.fromCols_mulVec, Matrix.mulVecLin_mul, Matrix.mulVecLin_apply]

Note: This linter can be disabled with `set_option linter.unusedSimpArgs false`
C:\Users\Dan\Desktop\Projects\realizable-cmmsa-hardness\docs\native-receipts\ActualSelectedComplementAnalyticMoment\runtime-prebuild\local-native-123542\src\PvNP\RealizableHardness\ActualBinaryMatrixHC46A7WeightedPredecessor.lean:354:50: warning: This simp argument is unused:
  Matrix.mulVecLin_apply

Hint: Omit it from the simp argument list.
  [apply] simp [w6BlockBottomDisplacementMap, Matrix.mulVecLin_apply, Matrix.fromCols_mulVec, Matrix.mulVecLin_mul]

Note: This linter can be disabled with `set_option linter.unusedSimpArgs false`
C:\Users\Dan\Desktop\Projects\realizable-cmmsa-hardness\docs\native-receipts\ActualSelectedComplementAnalyticMoment\runtime-prebuild\local-native-123542\src\PvNP\RealizableHardness\ActualBinaryMatrixHC46A7WeightedPredecessor.lean:530:47: warning: This simp argument is unused:
  CharTwo.add_self_eq_zero

Hint: Omit it from the simp argument list.
  [apply] simp [L, w6CanonicalBlockCandidate, Matrix.fromBlocks_multiply, hsJc, hsJp, Matrix.mul_assoc, add_assoc,
    w6_matrix_add_self_eq_zero]

Note: This linter can be disabled with `set_option linter.unusedSimpArgs false`
C:\Users\Dan\Desktop\Projects\realizable-cmmsa-hardness\docs\native-receipts\ActualSelectedComplementAnalyticMoment\runtime-prebuild\local-native-123542\src\PvNP\RealizableHardness\ActualBinaryMatrixHC46A7WeightedPredecessor.lean:537:6: warning: This simp argument is unused:
  add_assoc

Hint: Omit it from the simp argument list.
  [apply] simp [K, Matrix.fromBlocks_multiply, hrPc, Matrix.mul_assoc, CharTwo.add_self_eq_zero,
    w6_matrix_add_self_eq_zero]

Note: This linter can be disabled with `set_option linter.unusedSimpArgs false`
C:\Users\Dan\Desktop\Projects\realizable-cmmsa-hardness\docs\native-receipts\ActualSelectedComplementAnalyticMoment\runtime-prebuild\local-native-123542\src\PvNP\RealizableHardness\ActualBinaryMatrixHC46A7WeightedPredecessor.lean:537:17: warning: This simp argument is unused:
  CharTwo.add_self_eq_zero

Hint: Omit it from the simp argument list.
  [apply] simp [K, Matrix.fromBlocks_multiply, hrPc, Matrix.mul_assoc, add_assoc, w6_matrix_add_self_eq_zero]

Note: This linter can be disabled with `set_option linter.unusedSimpArgs false`
C:\Users\Dan\Desktop\Projects\realizable-cmmsa-hardness\docs\native-receipts\ActualSelectedComplementAnalyticMoment\runtime-prebuild\local-native-123542\src\PvNP\RealizableHardness\ActualBinaryMatrixHC46A7WeightedPredecessor.lean:567:17: warning: This simp argument is unused:
  Matrix.mulVecLin_apply

Hint: Omit it from the simp argument list.
  [apply] simp [B, Matrix.fromBlocks_mulVec]

Note: This linter can be disabled with `set_option linter.unusedSimpArgs false`
C:\Users\Dan\Desktop\Projects\realizable-cmmsa-hardness\docs\native-receipts\ActualSelectedComplementAnalyticMoment\runtime-prebuild\local-native-123542\src\PvNP\RealizableHardness\ActualBinaryMatrixHC46A7WeightedPredecessor.lean:836:61: error: unsolved goals
k m s l : ℕ
a : Matrix (Fin k) (Fin k) F
b : Matrix (Fin k) (Fin s) F
c : Matrix (Fin m) (Fin k) F
j : Matrix (Fin m) (Fin l) F
p : Matrix (Fin l) (Fin s) F
hj : Function.Injective ⇑j.mulVecLin
hp : Function.Surjective ⇑p.mulVecLin
hD : (w6BlockDisplacementMatrix a b c (j * p)).rank = l
g : (Fin k ⊕ Fin s → F) →ₗ[F] Fin m → F := w6BlockBottomDisplacementMap c (j * p)
f : (Fin k ⊕ Fin s → F) →ₗ[F] Fin k → F := w6BlockTopDisplacementMap a b
hRange : j.mulVecLin.range = (w6BlockBottomDisplacementMap c (j * p)).range
q : ↥(w6BlockBottomDisplacementMap c (j * p)).range →ₗ[F] Fin k → F
hq : q ∘ₗ (w6BlockBottomDisplacementMap c (j * p)).rangeRestrict = w6BlockTopDisplacementMap a b
sJ : Matrix (Fin l) (Fin m) F
hsJ : sJ * j = 1
jMap : (Fin l → F) →ₗ[F] Fin m → F := j.mulVecLin
cMap : (Fin k → F) →ₗ[F] Fin m → F := c.mulVecLin
pMap : (Fin s → F) →ₗ[F] Fin l → F := p.mulVecLin
sJMap : (Fin m → F) →ₗ[F] Fin l → F := sJ.mulVecLin
c₀ : (Fin k → F) →ₗ[F] Fin l → F := sJMap ∘ₗ cMap
hsJMap : sJMap ∘ₗ jMap = LinearMap.id
hjMem : ∀ (x : Fin l → F), jMap x ∈ g.range
jG : (Fin l → F) →ₗ[F] ↥g.range := LinearMap.codRestrict g.range jMap hjMem
x : Fin k → F
⊢ c.mulVec x = cMap x
C:\Users\Dan\Desktop\Projects\realizable-cmmsa-hardness\docs\native-receipts\ActualSelectedComplementAnalyticMoment\runtime-prebuild\local-native-123542\src\PvNP\RealizableHardness\ActualBinaryMatrixHC46A7WeightedPredecessor.lean:858:45: error: unsolved goals
k m s l : ℕ
a : Matrix (Fin k) (Fin k) F
b : Matrix (Fin k) (Fin s) F
c : Matrix (Fin m) (Fin k) F
j : Matrix (Fin m) (Fin l) F
p : Matrix (Fin l) (Fin s) F
hj : Function.Injective ⇑j.mulVecLin
hp : Function.Surjective ⇑p.mulVecLin
hD : (w6BlockDisplacementMatrix a b c (j * p)).rank = l
g : (Fin k ⊕ Fin s → F) →ₗ[F] Fin m → F := w6BlockBottomDisplacementMap c (j * p)
f : (Fin k ⊕ Fin s → F) →ₗ[F] Fin k → F := w6BlockTopDisplacementMap a b
hRange : j.mulVecLin.range = (w6BlockBottomDisplacementMap c (j * p)).range
q : ↥(w6BlockBottomDisplacementMap c (j * p)).range →ₗ[F] Fin k → F
hq : q ∘ₗ (w6BlockBottomDisplacementMap c (j * p)).rangeRestrict = w6BlockTopDisplacementMap a b
sJ : Matrix (Fin l) (Fin m) F
hsJ : sJ * j = 1
jMap : (Fin l → F) →ₗ[F] Fin m → F := j.mulVecLin
cMap : (Fin k → F) →ₗ[F] Fin m → F := c.mulVecLin
pMap : (Fin s → F) →ₗ[F] Fin l → F := p.mulVecLin
sJMap : (Fin m → F) →ₗ[F] Fin l → F := sJ.mulVecLin
c₀ : (Fin k → F) →ₗ[F] Fin l → F := sJMap ∘ₗ cMap
hsJMap : sJMap ∘ₗ jMap = LinearMap.id
hjMem : ∀ (x : Fin l → F), jMap x ∈ g.range
jG : (Fin l → F) →ₗ[F] ↥g.range := LinearMap.codRestrict g.range jMap hjMem
hcMem : ∀ (x : Fin k → F), cMap x ∈ g.range
hcJMem : ∀ (x : Fin k → F), cMap x ∈ jMap.range
hcFactor : jMap ∘ₗ c₀ = cMap
x : Fin k → F
⊢ c.mulVec x = cMap x
C:\Users\Dan\Desktop\Projects\realizable-cmmsa-hardness\docs\native-receipts\ActualSelectedComplementAnalyticMoment\runtime-prebuild\local-native-123542\src\PvNP\RealizableHardness\ActualBinaryMatrixHC46A7WeightedPredecessor.lean:878:6: warning: try 'simp' instead of 'simpa'

Note: This linter can be disabled with `set_option linter.unnecessarySimpa false`
C:\Users\Dan\Desktop\Projects\realizable-cmmsa-hardness\docs\native-receipts\ActualSelectedComplementAnalyticMoment\runtime-prebuild\local-native-123542\src\PvNP\RealizableHardness\ActualBinaryMatrixHC46A7WeightedPredecessor.lean:890:4: error: Type mismatch: After simplification, term
  he
 has type
  q (jG (c₀ x)) = (a - 1).mulVec x
but is expected to have type
  q (jG (c₀ x)) = a.mulVec x - x
C:\Users\Dan\Desktop\Projects\realizable-cmmsa-hardness\docs\native-receipts\ActualSelectedComplementAnalyticMoment\runtime-prebuild\local-native-123542\src\PvNP\RealizableHardness\ActualBinaryMatrixHC46A7WeightedPredecessor.lean:838:43: warning: This simp argument is unused:
  Matrix.mulVecLin_apply

Hint: Omit it from the simp argument list.
  [apply] simp [g, w6BlockBottomDisplacementMap, Matrix.fromCols_mulVec, Matrix.mulVecLin_mul]

Note: This linter can be disabled with `set_option linter.unusedSimpArgs false`
C:\Users\Dan\Desktop\Projects\realizable-cmmsa-hardness\docs\native-receipts\ActualSelectedComplementAnalyticMoment\runtime-prebuild\local-native-123542\src\PvNP\RealizableHardness\ActualBinaryMatrixHC46A7WeightedPredecessor.lean:839:30: warning: This simp argument is unused:
  Matrix.mulVecLin_mul

Hint: Omit it from the simp argument list.
  [apply] simp [g, w6BlockBottomDisplacementMap, Matrix.mulVecLin_apply, Matrix.fromCols_mulVec]

Note: This linter can be disabled with `set_option linter.unusedSimpArgs false`
C:\Users\Dan\Desktop\Projects\realizable-cmmsa-hardness\docs\native-receipts\ActualSelectedComplementAnalyticMoment\runtime-prebuild\local-native-123542\src\PvNP\RealizableHardness\ActualBinaryMatrixHC46A7WeightedPredecessor.lean:859:45: warning: This simp argument is unused:
  Matrix.mulVecLin_apply

Hint: Omit it from the simp argument list.
  [apply] simp [g, w6BlockBottomDisplacementMap, Matrix.fromCols_mulVec]

Note: This linter can be disabled with `set_option linter.unusedSimpArgs false`
C:\Users\Dan\Desktop\Projects\realizable-cmmsa-hardness\docs\native-receipts\ActualSelectedComplementAnalyticMoment\runtime-prebuild\local-native-123542\src\PvNP\RealizableHardness\ActualBinaryMatrixHC46A7WeightedPredecessor.lean:871:45: warning: This simp argument is unused:
  Matrix.mulVecLin_apply

Hint: Omit it from the simp argument list.
  [apply] simp [g, w6BlockBottomDisplacementMap, Matrix.fromCols_mulVec]

Note: This linter can be disabled with `set_option linter.unusedSimpArgs false`
