/tmp/cmmsa_analytic_20261001T023519Z.tar.gz: OK
REUSED_DEPENDENCY_BYTES_VERIFIED
lean/PvNP/RealizableHardness/ActualFiniteAppendImageWeightedChecks.lean: OK
lean/PvNP/RealizableHardness/ActualSelectedComplementAnalyticMarginChecks.lean: OK
lean/PvNP/RealizableHardness/ActualOriginalFailureRowGenericFixedMomentCallerChecks.lean: OK
lean/PvNP/RealizableHardness/ActualSelectedHighErrorSignalComparisonChecks.lean: OK
lean/PvNP/RealizableHardness/ActualSelectedSpectralTailGeometryChecks.lean: OK
lean/PvNP/RealizableHardness/ActualSelectedHighEnergyTailChecks.lean: OK
lean/PvNP/RealizableHardness/ActualOriginalFailureFixedMomentCallerChecks.lean: OK
lean/PvNP/RealizableHardness/ActualOriginalFailureAnalyticCallerChecks.lean: OK
lean/PvNP/RealizableHardness/ActualOriginalFailureAnalyticCaller.lean: OK
lean/PvNP/RealizableHardness/ActualSelectedComplementAnalyticNumerics.lean: OK
lean/PvNP/RealizableHardness/ActualSelectedComplementAnalyticNumericsChecks.lean: OK
lean/PvNP/RealizableHardness/ActualFiniteMomentLpBounds.lean: OK
lean/PvNP/RealizableHardness/ActualSelectedSpectralParameters.lean: OK
lean/PvNP/RealizableHardness/ActualCoordinateZoomFailureTransport.lean: OK
lean/PvNP/RealizableHardness/ActualCoordinateZoomFailureTransportChecks.lean: OK
lean/PvNP/RealizableHardness/ActualSelectedComplementAnalyticMoment.lean: OK
lean/PvNP/RealizableHardness/ActualSelectedComplementAnalyticMomentChecks.lean: OK
lean/PvNP/RealizableHardness/ActualSelectedComplementAnalyticMargin.lean: OK
lean/PvNP/RealizableHardness/ActualOriginalFailureFixedMomentCaller.lean: OK
lean/PvNP/RealizableHardness/ActualSelectedHighEnergyTail.lean: OK
lean/PvNP/RealizableHardness/ActualSelectedSpectralTailGeometry.lean: OK
lean/PvNP/RealizableHardness/ActualSelectedHighErrorSignalComparison.lean: OK
lean/PvNP/RealizableHardness/ActualSelectedHighErrorAdditiveSignal.lean: OK
lean/PvNP/RealizableHardness/ActualSelectedHighErrorAdditiveSignalChecks.lean: OK
lean/PvNP/RealizableHardness/ActualOriginalFailureRowGenericFixedMomentCaller.lean: OK
lean/PvNP/RealizableHardness/ActualFiniteAppendSpectral47.lean: OK
lean/PvNP/RealizableHardness/ActualFiniteAppendSpectral47Checks.lean: OK
lean/PvNP/RealizableHardness/ActualBinaryMatrixHC46.lean: OK
lean/PvNP/RealizableHardness/ActualBinaryMatrixHC46Checks.lean: OK
lean/PvNP/RealizableHardness/ActualFiniteBinarySurjectionCounting.lean: OK
lean/PvNP/RealizableHardness/ActualFiniteBinarySurjectionCountingChecks.lean: OK
lean/PvNP/RealizableHardness/ActualBinaryMatrixHC46Derivative.lean: OK
lean/PvNP/RealizableHardness/ActualBinaryMatrixHC46DerivativeChecks.lean: OK
lean/PvNP/RealizableHardness/ActualBinaryMatrixHC46BooleanGlobalness.lean: OK
lean/PvNP/RealizableHardness/ActualBinaryMatrixHC46BooleanGlobalnessChecks.lean: OK
lean/PvNP/RealizableHardness/ActualFiniteBinaryImageFibres.lean: OK
lean/PvNP/RealizableHardness/ActualFiniteBinaryImageFibresChecks.lean: OK
lean/PvNP/RealizableHardness/ActualBinaryMatrixHC46FinitePeeling.lean: OK
lean/PvNP/RealizableHardness/ActualBinaryMatrixHC46FinitePeelingChecks.lean: OK
lean/PvNP/RealizableHardness/ActualBinaryMatrixHC46MixedPeeling.lean: OK
lean/PvNP/RealizableHardness/ActualBinaryMatrixHC46MixedPeelingChecks.lean: OK
lean/PvNP/RealizableHardness/ActualFiniteBinaryImageOrbit.lean: OK
lean/PvNP/RealizableHardness/ActualFiniteBinaryImageOrbitChecks.lean: OK
lean/PvNP/RealizableHardness/ActualFiniteBinaryImageOrbitFourier.lean: OK
lean/PvNP/RealizableHardness/ActualFiniteBinaryImageOrbitFourierChecks.lean: OK
lean/PvNP/RealizableHardness/ActualBinaryMatrixHC46PA4Transport.lean: OK
lean/PvNP/RealizableHardness/ActualBinaryMatrixHC46PA4TransportChecks.lean: OK
lean/PvNP/RealizableHardness/ActualFiniteAppendImageWeighted.lean: OK
