C:\Users\Dan\Desktop\Projects\realizable-cmmsa-hardness\docs\native-receipts\ActualSelectedComplementAnalyticMoment\runtime-prebuild\local-native-123542\src\PvNP\RealizableHardness\ActualBinaryMatrixHC46A17DomainFrequencyCovariance.lean:144:15: warning: `if_pos` has been deprecated: Use `ite_eq_left` instead
C:\Users\Dan\Desktop\Projects\realizable-cmmsa-hardness\docs\native-receipts\ActualSelectedComplementAnalyticMoment\runtime-prebuild\local-native-123542\src\PvNP\RealizableHardness\ActualBinaryMatrixHC46A17DomainFrequencyCovariance.lean:145:15: warning: `if_neg` has been deprecated: Use `ite_eq_right` instead
C:\Users\Dan\Desktop\Projects\realizable-cmmsa-hardness\docs\native-receipts\ActualSelectedComplementAnalyticMoment\runtime-prebuild\local-native-123542\src\PvNP\RealizableHardness\ActualBinaryMatrixHC46A17DomainFrequencyCovariance.lean:152:4: error: Application type mismatch: The argument
  ambientFrequencyMatrixEquiv
has type
  (PvNP.RealizableHardness.ActualTypedABBottomTopRankReindex.W✝
        n →ₗ[PvNP.RealizableHardness.ActualTypedABBottomTopRankReindex.F✝]
      PvNP.RealizableHardness.ActualTypedABBottomTopRankReindex.V✝
        d) ≃ₗ[PvNP.RealizableHardness.ActualTypedABBottomTopRankReindex.F✝]
    BinaryMatrix n d
but is expected to have type
  ?m.27 ≃ BinaryMatrix n d
in the application
  Equiv.sum_comp ambientFrequencyMatrixEquiv
[diag] Diagnostics
  [reduction] unfolded reducible declarations (max: 167, num: 7):
    [reduction] F ↦ 167
    [reduction] PvNP.RealizableHardness.ActualTypedFourierEquivNaturality.F✝ ↦ 123
    [reduction] V ↦ 79
    [reduction] W ↦ 70
    [reduction] outParam ↦ 58
    [reduction] PvNP.RealizableHardness.BinaryMatrixNestedSelectorA1.F✝ ↦ 22
    [reduction] BinaryMatrix ↦ 21
  [type_class] used instances (max: 90, num: 1):
    [type_class] CommSemiRingCat.instCommSemiringObjForgetRingHomCarrier ↦ 90
  [def_eq] heuristic for solving `f a =?= f b` (max: 36, num: 2):
    [def_eq] Pi.addMonoid ↦ 36
    [def_eq] Pi.Function.module ↦ 24
  use `set_option diagnostics.threshold <num>` to control threshold for reporting counters
[diag] Diagnostics
  [reduction] unfolded declarations (max: 42, num: 3):
    [reduction] Matrix ↦ 42
    [reduction] Mul.mul ↦ 30
    [reduction] HMul.hMul ↦ 21
  [reduction] unfolded reducible declarations (max: 717, num: 16):
    [reduction] outParam ↦ 717
    [reduction] F ↦ 487
    [reduction] V ↦ 306
    [reduction] W ↦ 272
    [reduction] PvNP.RealizableHardness.ActualTypedFourierEquivNaturality.F✝ ↦ 247
    [reduction] BinaryMatrix ↦ 155
    [reduction] FunLike ↦ 112
    [reduction] DecidableEq ↦ 75
    [reduction] PvNP.RealizableHardness.BinaryMatrixNestedSelectorA1.F✝ ↦ 60
    [reduction] FiniteDimensional ↦ 57
    [reduction] inferInstance ↦ 52
    [reduction] LinearMap.toAddHom ↦ 32
    [reduction] IsSemisimpleRing ↦ 27
    [reduction] PvNP.RealizableHardness.ActualTypedABBottomTopRankReindex.V✝ ↦ 26
    [reduction] Fin.casesOn ↦ 24
    [reduction] PvNP.RealizableHardness.ActualTypedABBottomTopRankReindex.W✝ ↦ 24
  [type_class] used instances (max: 444, num: 4):
    [type_class] CommSemiRingCat.instCommSemiringObjForgetRingHomCarrier ↦ 444
    [type_class] Nat.fact_prime_two ↦ 41
    [type_class] ZMod.instField ↦ 38
    [type_class] Semiring.toModule ↦ 34
  [def_eq] heuristic for solving `f a =?= f b` (max: 160, num: 6):
    [def_eq] Pi.addMonoid ↦ 160
    [def_eq] Pi.Function.module ↦ 97
    [def_eq] Semiring.toModule ↦ 66
    [def_eq] RingHom.id ↦ 60
    [def_eq] Pi.addCommMonoid ↦ 26
    [def_eq] AddCommMonoid.toAddMonoid ↦ 24
  [kernel] unfolded declarations (max: 447, num: 37):
    [kernel] Add.add ↦ 447
    [kernel] Mul.mul ↦ 372
    [kernel] HAdd.hAdd ↦ 353
    [kernel] Nat.casesOn ↦ 240
    [kernel] Nat.rec ↦ 240
    [kernel] HMul.hMul ↦ 229
    [kernel] AddCommMonoid.toAddMonoid ↦ 151
    [kernel] instHAdd ↦ 120
    [kernel] AddMonoid.toAdd ↦ 104
    [kernel] Semiring.toAddCommMonoid ↦ 104
    [kernel] SubNegMonoid.toAddMonoid ↦ 100
    [kernel] AddSemigroup.toAdd ↦ 92
    [kernel] Ring.toSemiring ↦ 68
    [kernel] NatCast.natCast ↦ 66
    [kernel] AddGroup.toSubNegMonoid ↦ 64
    [kernel] AddCommGroup.toAddGroup ↦ 63
    [kernel] CommSemiring.toSemiring ↦ 60
    [kernel] Ring.toAddCommGroup ↦ 59
    [kernel] OfNat.ofNat ↦ 54
    [kernel] DivisionSemiring.toSemiring ↦ 48
    [kernel] AddCommSemigroup.toAddSemigroup ↦ 46
    [kernel] AddCommGroup.toAddCommMonoid ↦ 38
    [kernel] HSMul.hSMul ↦ 38
    [kernel] SMul.smul ↦ 38
    [kernel] AddMonoid.toAddSemigroup ↦ 36
    [kernel] Semiring.toMonoid ↦ 36
    [kernel] AddMonoid.toZero ↦ 35
    [kernel] Monoid.toMul ↦ 35
    [kernel] AddCommMonoid.toAddCommSemigroup ↦ 32
    [kernel] ZSMul.zsmul ↦ 30
    [kernel] Semiring.toNatCast ↦ 29
    [kernel] Pi.instAdd ↦ 28
    [kernel] SemigroupAction.toSMul ↦ 28
    [kernel] Semiring.toNonAssocSemiring ↦ 27
    [kernel] Neg.neg ↦ 24
    [kernel] Monoid.toOne ↦ 22
    [kernel] Pi.addSemigroup ↦ 22
  use `set_option diagnostics.threshold <num>` to control threshold for reporting counters
C:\Users\Dan\Desktop\Projects\realizable-cmmsa-hardness\docs\native-receipts\ActualSelectedComplementAnalyticMoment\runtime-prebuild\local-native-123542\src\PvNP\RealizableHardness\ActualBinaryMatrixHC46A17DomainFrequencyCovariance.lean:266:33: warning: This simp argument is unused:
  domainPullMatrix

Hint: Omit it from the simp argument list.
  [apply] simp [emap, mapReindexEquiv, Matrix.toLin'_toMatrix']

Note: This linter can be disabled with `set_option linter.unusedSimpArgs false`
C:\Users\Dan\Desktop\Projects\realizable-cmmsa-hardness\docs\native-receipts\ActualSelectedComplementAnalyticMoment\runtime-prebuild\local-native-123542\src\PvNP\RealizableHardness\ActualBinaryMatrixHC46A17DomainFrequencyCovariance.lean:266:51: warning: This simp argument is unused:
  Matrix.toLin'_toMatrix'

Hint: Omit it from the simp argument list.
  [apply] simp [emap, mapReindexEquiv, domainPullMatrix]

Note: This linter can be disabled with `set_option linter.unusedSimpArgs false`
