Starting instance(s) quantyra-lean-builder-01...
failed.
ERROR: (gcloud.compute.instances.start) ---
code: ZONE_RESOURCE_POOL_EXHAUSTED_WITH_DETAILS
errorDetails:
- help:
    links:
    - description: Troubleshooting documentation
      url: https://cloud.google.com/compute/docs/resource-error
- localizedMessage:
    locale: en-US
    message: A e2-highmem-8 VM instance is currently unavailable in the us-central1-a zone. Consider trying your request in the us-central1-f, us-central1-c, us-central1-b zone(s), which currently has capacity to accommodate your request. Alternatively, you can try your request again with a different VM hardware configuration or at a later time. For more information, see the troubleshooting documentation.
- errorInfo:
    domain: compute.googleapis.com
    metadatas:
      attachment: ''
      vmType: e2-highmem-8
      zone: us-central1-a
      zonesAvailable: us-central1-f,us-central1-c,us-central1-b
    reason: resource_availability
message: The zone 'projects/quantyra-lean-cert-20260915/zones/us-central1-a' does not have enough resources available to fulfill the request. 'NULL:0/NULL:0/NULL:0 (state:STOCKOUT, sub-state:STOCKOUT, resource type:compute)'.
