C:\Users\Dan\Desktop\Projects\realizable-cmmsa-hardness\docs\native-receipts\ActualSelectedComplementAnalyticMoment\runtime-prebuild\local-native-123542\src\PvNP\RealizableHardness\ActualBinaryMatrixHC46FourierA16.lean:70:51: warning: This simp argument is unused:
  hj

Hint: Omit it from the simp argument list.
  [apply] simp [u, v, fourierCoeff_rankProjection, hi, hij]

Note: This linter can be disabled with `set_option linter.unusedSimpArgs false`
C:\Users\Dan\Desktop\Projects\realizable-cmmsa-hardness\docs\native-receipts\ActualSelectedComplementAnalyticMoment\runtime-prebuild\local-native-123542\src\PvNP\RealizableHardness\ActualBinaryMatrixHC46FourierA16.lean:72:49: warning: This simp argument is unused:
  hi

Hint: Omit it from the simp argument list.
  [apply] simp [u, v, fourierCoeff_rankProjection, hj, hij.symm]

Note: This linter can be disabled with `set_option linter.unusedSimpArgs false`
C:\Users\Dan\Desktop\Projects\realizable-cmmsa-hardness\docs\native-receipts\ActualSelectedComplementAnalyticMoment\runtime-prebuild\local-native-123542\src\PvNP\RealizableHardness\ActualBinaryMatrixHC46FourierA16.lean:73:57: warning: This simp argument is unused:
  hij

Hint: Omit it from the simp argument list.
  [apply] simp [u, v, fourierCoeff_rankProjection, hi, hj, hij.symm]

Note: This linter can be disabled with `set_option linter.unusedSimpArgs false`
C:\Users\Dan\Desktop\Projects\realizable-cmmsa-hardness\docs\native-receipts\ActualSelectedComplementAnalyticMoment\runtime-prebuild\local-native-123542\src\PvNP\RealizableHardness\ActualBinaryMatrixHC46FourierA16.lean:73:62: warning: This simp argument is unused:
  hij.symm

Hint: Omit it from the simp argument list.
  [apply] simp [u, v, fourierCoeff_rankProjection, hi, hj, hij]

Note: This linter can be disabled with `set_option linter.unusedSimpArgs false`
