PvNP.RealizableHardness.ActualBinaryMatrixHC46A8OutputCoordinateTransport.a8_carrier_coordinate_nested_filter {n d : ℕ}
  (A :
    Submodule PvNP.RealizableHardness.ActualBinaryMatrixHC46A8OutputCoordinateTransport.F✝
      (PvNP.RealizableHardness.ActualBinaryMatrixHC46A8OutputCoordinateTransport.V✝ d))
  (B :
    Submodule PvNP.RealizableHardness.ActualBinaryMatrixHC46A8OutputCoordinateTransport.F✝
      (PvNP.RealizableHardness.ActualBinaryMatrixHC46A8OutputCoordinateTransport.W✝ n))
  (g :
    (PvNP.RealizableHardness.ActualBinaryMatrixHC46A8OutputCoordinateTransport.V✝ d ⧸
          A →ₗ[PvNP.RealizableHardness.ActualBinaryMatrixHC46A8OutputCoordinateTransport.F✝]
        ↥B) →
      ℂ)
  (P :
    Submodule PvNP.RealizableHardness.ActualBinaryMatrixHC46A8OutputCoordinateTransport.F✝
      (Fin
          (Module.finrank PvNP.RealizableHardness.ActualBinaryMatrixHC46A8OutputCoordinateTransport.F✝
            (PvNP.RealizableHardness.ActualBinaryMatrixHC46A8OutputCoordinateTransport.V✝ d ⧸ A)) →
        PvNP.RealizableHardness.ActualBinaryMatrixHC46A8OutputCoordinateTransport.F✝))
  (Q :
    Submodule PvNP.RealizableHardness.ActualBinaryMatrixHC46A8OutputCoordinateTransport.F✝
      (Fin (Module.finrank PvNP.RealizableHardness.ActualBinaryMatrixHC46A8OutputCoordinateTransport.F✝ ↥B) →
        PvNP.RealizableHardness.ActualBinaryMatrixHC46A8OutputCoordinateTransport.F✝))
  (R :
    (Fin
          (Module.finrank PvNP.RealizableHardness.ActualBinaryMatrixHC46A8OutputCoordinateTransport.F✝
            (PvNP.RealizableHardness.ActualBinaryMatrixHC46A8OutputCoordinateTransport.V✝ d ⧸ A)) →
        PvNP.RealizableHardness.ActualBinaryMatrixHC46A8OutputCoordinateTransport.F✝) →ₗ[PvNP.RealizableHardness.ActualBinaryMatrixHC46A8OutputCoordinateTransport.F✝]
      Fin (Module.finrank PvNP.RealizableHardness.ActualBinaryMatrixHC46A8OutputCoordinateTransport.F✝ ↥B) →
        PvNP.RealizableHardness.ActualBinaryMatrixHC46A8OutputCoordinateTransport.F✝)
  (N :
    (Fin
            (Module.finrank PvNP.RealizableHardness.ActualBinaryMatrixHC46A8OutputCoordinateTransport.F✝
              (PvNP.RealizableHardness.ActualBinaryMatrixHC46A8OutputCoordinateTransport.V✝ d ⧸ A)) →
          PvNP.RealizableHardness.ActualBinaryMatrixHC46A8OutputCoordinateTransport.F✝) ⧸
        P →ₗ[PvNP.RealizableHardness.ActualBinaryMatrixHC46A8OutputCoordinateTransport.F✝]
      ↥Q) :
  filteredCarrierFunction P Q R
      (PvNP.RealizableHardness.ActualBinaryMatrixHC46A17DerivativeCoordinate.carrierFunctionCoordinate A B g) N =
    PvNP.RealizableHardness.BinaryMatrixA1Complex.complexCarrierAffineRestrict A B
      (Submodule.map (↑(PvNP.RealizableHardness.BinaryMatrixTypedA15Transport.domainBasis A).equivFun.symm) P)
      (Submodule.map (↑(PvNP.RealizableHardness.BinaryMatrixTypedA15Transport.codomainBasis B).equivFun.symm) Q)
      (PvNP.RealizableHardness.ActualBinaryMatrixHC46A18OriginalGlobalInduction.carrierCoordinateBaseLift A B R)
      (PvNP.RealizableHardness.BinaryMatrixA1Complex.complexCarrierHybridFilter A B
        (Submodule.map (↑(PvNP.RealizableHardness.BinaryMatrixTypedA15Transport.domainBasis A).equivFun.symm) P)
        (Submodule.map (↑(PvNP.RealizableHardness.BinaryMatrixTypedA15Transport.codomainBasis B).equivFun.symm) Q) g)
      ((PvNP.RealizableHardness.ActualBinaryMatrixHC46A18OriginalGlobalInduction.carrierCoordinateNestedHomEquiv A B P
          Q)
        N)
'PvNP.RealizableHardness.ActualBinaryMatrixHC46A8OutputCoordinateTransport.a8_carrier_coordinate_nested_filter' depends on axioms: [propext,
 Classical.choice,
 Quot.sound]
PvNP.RealizableHardness.ActualBinaryMatrixHC46A8OutputCoordinateTransport.a8_carrier_coordinate_nested_mean {n d : ℕ}
  (A :
    Submodule PvNP.RealizableHardness.ActualBinaryMatrixHC46A8OutputCoordinateTransport.F✝
      (PvNP.RealizableHardness.ActualBinaryMatrixHC46A8OutputCoordinateTransport.V✝ d))
  (B :
    Submodule PvNP.RealizableHardness.ActualBinaryMatrixHC46A8OutputCoordinateTransport.F✝
      (PvNP.RealizableHardness.ActualBinaryMatrixHC46A8OutputCoordinateTransport.W✝ n))
  (g :
    (PvNP.RealizableHardness.ActualBinaryMatrixHC46A8OutputCoordinateTransport.V✝ d ⧸
          A →ₗ[PvNP.RealizableHardness.ActualBinaryMatrixHC46A8OutputCoordinateTransport.F✝]
        ↥B) →
      ℂ)
  (P :
    Submodule PvNP.RealizableHardness.ActualBinaryMatrixHC46A8OutputCoordinateTransport.F✝
      (Fin
          (Module.finrank PvNP.RealizableHardness.ActualBinaryMatrixHC46A8OutputCoordinateTransport.F✝
            (PvNP.RealizableHardness.ActualBinaryMatrixHC46A8OutputCoordinateTransport.V✝ d ⧸ A)) →
        PvNP.RealizableHardness.ActualBinaryMatrixHC46A8OutputCoordinateTransport.F✝))
  (Q :
    Submodule PvNP.RealizableHardness.ActualBinaryMatrixHC46A8OutputCoordinateTransport.F✝
      (Fin (Module.finrank PvNP.RealizableHardness.ActualBinaryMatrixHC46A8OutputCoordinateTransport.F✝ ↥B) →
        PvNP.RealizableHardness.ActualBinaryMatrixHC46A8OutputCoordinateTransport.F✝))
  (R :
    (Fin
          (Module.finrank PvNP.RealizableHardness.ActualBinaryMatrixHC46A8OutputCoordinateTransport.F✝
            (PvNP.RealizableHardness.ActualBinaryMatrixHC46A8OutputCoordinateTransport.V✝ d ⧸ A)) →
        PvNP.RealizableHardness.ActualBinaryMatrixHC46A8OutputCoordinateTransport.F✝) →ₗ[PvNP.RealizableHardness.ActualBinaryMatrixHC46A8OutputCoordinateTransport.F✝]
      Fin (Module.finrank PvNP.RealizableHardness.ActualBinaryMatrixHC46A8OutputCoordinateTransport.F✝ ↥B) →
        PvNP.RealizableHardness.ActualBinaryMatrixHC46A8OutputCoordinateTransport.F✝) :
  (PvNP.RealizableHardness.BinaryMatrixA1TypedFourier.carrierMean P Q fun N =>
      Complex.normSq
        (filteredCarrierFunction P Q R
          (PvNP.RealizableHardness.ActualBinaryMatrixHC46A17DerivativeCoordinate.carrierFunctionCoordinate A B g) N)) =
    PvNP.RealizableHardness.ActualBinaryMatrixHC46A18OriginalGlobalInduction.a18UniformMean fun N =>
      Complex.normSq
        (PvNP.RealizableHardness.BinaryMatrixA1Complex.complexCarrierAffineRestrict A B
          (Submodule.map (↑(PvNP.RealizableHardness.BinaryMatrixTypedA15Transport.domainBasis A).equivFun.symm) P)
          (Submodule.map (↑(PvNP.RealizableHardness.BinaryMatrixTypedA15Transport.codomainBasis B).equivFun.symm) Q)
          (PvNP.RealizableHardness.ActualBinaryMatrixHC46A18OriginalGlobalInduction.carrierCoordinateBaseLift A B R)
          (PvNP.RealizableHardness.BinaryMatrixA1Complex.complexCarrierHybridFilter A B
            (Submodule.map (↑(PvNP.RealizableHardness.BinaryMatrixTypedA15Transport.domainBasis A).equivFun.symm) P)
            (Submodule.map (↑(PvNP.RealizableHardness.BinaryMatrixTypedA15Transport.codomainBasis B).equivFun.symm) Q)
            g)
          N)
'PvNP.RealizableHardness.ActualBinaryMatrixHC46A8OutputCoordinateTransport.a8_carrier_coordinate_nested_mean' depends on axioms: [propext,
 Classical.choice,
 Quot.sound]
PvNP.RealizableHardness.ActualBinaryMatrixHC46A8OutputCoordinateTransport.a8_output_coordinate_eq {n d : ℕ}
  {A :
    Submodule PvNP.RealizableHardness.ActualBinaryMatrixHC46A8OutputCoordinateTransport.F✝
      (PvNP.RealizableHardness.ActualBinaryMatrixHC46A8OutputCoordinateTransport.V✝ d)}
  {B :
    Submodule PvNP.RealizableHardness.ActualBinaryMatrixHC46A8OutputCoordinateTransport.F✝
      (PvNP.RealizableHardness.ActualBinaryMatrixHC46A8OutputCoordinateTransport.W✝ n)}
  (t : PvNP.RealizableHardness.ActualBinaryMatrixHC46A7T1Transfer.T1IndexTriple A B)
  (T :
    PvNP.RealizableHardness.ActualBinaryMatrixHC46A8OutputCoordinateTransport.V✝
        d →ₗ[PvNP.RealizableHardness.ActualBinaryMatrixHC46A8OutputCoordinateTransport.F✝]
      PvNP.RealizableHardness.ActualBinaryMatrixHC46A8OutputCoordinateTransport.W✝ n)
  (f : PvNP.RealizableHardness.BinaryMatrixFourier.BinaryMatrix n d → ℂ) :
  PvNP.RealizableHardness.ActualBinaryMatrixHC46A7Transfer.a7OutputBinary t T f =
    PvNP.RealizableHardness.ActualBinaryMatrixHC46A17DerivativeCoordinate.carrierFunctionCoordinate
      (Matrix.toLin'
          (Matrix.transpose (PvNP.RealizableHardness.ActualBinaryMatrixHC46A7Transfer.a7MixedCoordinateParent t))).range
      (Matrix.toLin'
          (Matrix.transpose (PvNP.RealizableHardness.ActualBinaryMatrixHC46A7Transfer.a7MixedCoordinateParent t))).ker
      (PvNP.RealizableHardness.ActualBinaryMatrixHC46A7WeightedPredecessor.actualW6Derivative
        (PvNP.RealizableHardness.ActualBinaryMatrixHC46A7Transfer.a7MixedCoordinateParent t) 0
        (PvNP.RealizableHardness.ActualBinaryMatrixHC46A7Transfer.a7MixedCoordinate t T f))
'PvNP.RealizableHardness.ActualBinaryMatrixHC46A8OutputCoordinateTransport.a8_output_coordinate_eq' depends on axioms: [propext,
 Classical.choice,
 Quot.sound]
PvNP.RealizableHardness.ActualBinaryMatrixHC46A8OutputCoordinateTransport.a8_w6_domain_quotient_square {d i : ℕ}
  (A :
    Submodule PvNP.RealizableHardness.ActualBinaryMatrixHC46A8OutputCoordinateTransport.F✝
      (PvNP.RealizableHardness.ActualBinaryMatrixHC46A8OutputCoordinateTransport.V✝ d))
  (A0 :
    PvNP.RealizableHardness.ActualBinaryMatrixHC46A9AmbientFiber.A9AmbientA0
      (PvNP.RealizableHardness.ActualBinaryMatrixHC46A8OutputCoordinateTransport.V✝ d) A i) :
  have u := (PvNP.RealizableHardness.BinaryMatrixTypedA15Transport.domainBasis ↑A0).equivFun;
  let C0 := Submodule.map (↑A0).mkQ A;
  let C := Submodule.map (↑u) C0;
  have hC := ⋯;
  have eD :=
    Submodule.Quotient.equiv C C0 u.symm hC ≪≫ₗ
      PvNP.RealizableHardness.BinaryMatrixA1NestedCarrier.nestedDomainEquiv (↑A0) A ⋯;
  ↑eD ∘ₗ C.mkQ ∘ₗ ↑u = PvNP.RealizableHardness.ActualBinaryMatrixHC46A9AmbientFiber.a9AmbientQuotientMap A A0
'PvNP.RealizableHardness.ActualBinaryMatrixHC46A8OutputCoordinateTransport.a8_w6_domain_quotient_square' depends on axioms: [propext,
 Classical.choice,
 Quot.sound]
PvNP.RealizableHardness.ActualBinaryMatrixHC46A8OutputCoordinateTransport.a8_output_pair_component_nested_mean {n d : ℕ}
  {A :
    Submodule PvNP.RealizableHardness.ActualBinaryMatrixHC46A8OutputCoordinateTransport.F✝
      (PvNP.RealizableHardness.ActualBinaryMatrixHC46A8OutputCoordinateTransport.V✝ d)}
  {B :
    Submodule PvNP.RealizableHardness.ActualBinaryMatrixHC46A8OutputCoordinateTransport.F✝
      (PvNP.RealizableHardness.ActualBinaryMatrixHC46A8OutputCoordinateTransport.W✝ n)}
  (t : PvNP.RealizableHardness.ActualBinaryMatrixHC46A7T1Transfer.T1IndexTriple A B)
  (T :
    PvNP.RealizableHardness.ActualBinaryMatrixHC46A8OutputCoordinateTransport.V✝
        d →ₗ[PvNP.RealizableHardness.ActualBinaryMatrixHC46A8OutputCoordinateTransport.F✝]
      PvNP.RealizableHardness.ActualBinaryMatrixHC46A8OutputCoordinateTransport.W✝ n)
  (f : PvNP.RealizableHardness.BinaryMatrixFourier.BinaryMatrix n d → ℂ)
  (P :
    Submodule PvNP.RealizableHardness.ActualBinaryMatrixHC46A8OutputCoordinateTransport.F✝
      (Fin
          (Module.finrank PvNP.RealizableHardness.ActualBinaryMatrixHC46A8OutputCoordinateTransport.F✝
            ((Fin
                  (Module.finrank PvNP.RealizableHardness.ActualBinaryMatrixHC46A8OutputCoordinateTransport.F✝
                    (PvNP.RealizableHardness.ActualBinaryMatrixHC46A8OutputCoordinateTransport.V✝ d ⧸
                      PvNP.RealizableHardness.ActualBinaryMatrixHC46A7T1Transfer.t1AmbientC t.C)) →
                PvNP.RealizableHardness.ActualBinaryMatrixHC46A8OutputCoordinateTransport.F✝) ⧸
              PvNP.RealizableHardness.ActualBinaryMatrixHC46A8OutputCoordinateTransport.a8OutputDomain✝ t)) →
        PvNP.RealizableHardness.ActualBinaryMatrixHC46A8OutputCoordinateTransport.F✝))
  (Q :
    Submodule PvNP.RealizableHardness.ActualBinaryMatrixHC46A8OutputCoordinateTransport.F✝
      (Fin
          (Module.finrank PvNP.RealizableHardness.ActualBinaryMatrixHC46A8OutputCoordinateTransport.F✝
            ↥(PvNP.RealizableHardness.ActualBinaryMatrixHC46A8OutputCoordinateTransport.a8OutputCodomain✝ t)) →
        PvNP.RealizableHardness.ActualBinaryMatrixHC46A8OutputCoordinateTransport.F✝))
  (R :
    (Fin
          (Module.finrank PvNP.RealizableHardness.ActualBinaryMatrixHC46A8OutputCoordinateTransport.F✝
            ((Fin
                  (Module.finrank PvNP.RealizableHardness.ActualBinaryMatrixHC46A8OutputCoordinateTransport.F✝
                    (PvNP.RealizableHardness.ActualBinaryMatrixHC46A8OutputCoordinateTransport.V✝ d ⧸
                      PvNP.RealizableHardness.ActualBinaryMatrixHC46A7T1Transfer.t1AmbientC t.C)) →
                PvNP.RealizableHardness.ActualBinaryMatrixHC46A8OutputCoordinateTransport.F✝) ⧸
              PvNP.RealizableHardness.ActualBinaryMatrixHC46A8OutputCoordinateTransport.a8OutputDomain✝ t)) →
        PvNP.RealizableHardness.ActualBinaryMatrixHC46A8OutputCoordinateTransport.F✝) →ₗ[PvNP.RealizableHardness.ActualBinaryMatrixHC46A8OutputCoordinateTransport.F✝]
      Fin
          (Module.finrank PvNP.RealizableHardness.ActualBinaryMatrixHC46A8OutputCoordinateTransport.F✝
            ↥(PvNP.RealizableHardness.ActualBinaryMatrixHC46A8OutputCoordinateTransport.a8OutputCodomain✝ t)) →
        PvNP.RealizableHardness.ActualBinaryMatrixHC46A8OutputCoordinateTransport.F✝) :
  PvNP.RealizableHardness.ActualBinaryMatrixHC46A7HybridW6Transport.typedW6QComponent P Q R
      (PvNP.RealizableHardness.ActualBinaryMatrixHC46A7Transfer.a7OutputBinary t T f) =
    (PvNP.RealizableHardness.ActualBinaryMatrixHC46A18OriginalGlobalInduction.a18UniformMean fun N =>
        Complex.normSq
          (PvNP.RealizableHardness.BinaryMatrixA1Complex.complexCarrierAffineRestrict
            (PvNP.RealizableHardness.ActualBinaryMatrixHC46A8OutputCoordinateTransport.a8OutputDomain✝ t)
            (PvNP.RealizableHardness.ActualBinaryMatrixHC46A8OutputCoordinateTransport.a8OutputCodomain✝ t)
            (Submodule.map
              (↑(PvNP.RealizableHardness.BinaryMatrixTypedA15Transport.domainBasis
                      (PvNP.RealizableHardness.ActualBinaryMatrixHC46A8OutputCoordinateTransport.a8OutputDomain✝
                        t)).equivFun.symm)
              P)
            (Submodule.map
              (↑(PvNP.RealizableHardness.BinaryMatrixTypedA15Transport.codomainBasis
                      (PvNP.RealizableHardness.ActualBinaryMatrixHC46A8OutputCoordinateTransport.a8OutputCodomain✝
                        t)).equivFun.symm)
              Q)
            (PvNP.RealizableHardness.ActualBinaryMatrixHC46A18OriginalGlobalInduction.carrierCoordinateBaseLift
              (PvNP.RealizableHardness.ActualBinaryMatrixHC46A8OutputCoordinateTransport.a8OutputDomain✝ t)
              (PvNP.RealizableHardness.ActualBinaryMatrixHC46A8OutputCoordinateTransport.a8OutputCodomain✝ t) R)
            (PvNP.RealizableHardness.BinaryMatrixA1Complex.complexCarrierHybridFilter
              (PvNP.RealizableHardness.ActualBinaryMatrixHC46A8OutputCoordinateTransport.a8OutputDomain✝ t)
              (PvNP.RealizableHardness.ActualBinaryMatrixHC46A8OutputCoordinateTransport.a8OutputCodomain✝ t)
              (Submodule.map
                (↑(PvNP.RealizableHardness.BinaryMatrixTypedA15Transport.domainBasis
                        (PvNP.RealizableHardness.ActualBinaryMatrixHC46A8OutputCoordinateTransport.a8OutputDomain✝
                          t)).equivFun.symm)
                P)
              (Submodule.map
                (↑(PvNP.RealizableHardness.BinaryMatrixTypedA15Transport.codomainBasis
                        (PvNP.RealizableHardness.ActualBinaryMatrixHC46A8OutputCoordinateTransport.a8OutputCodomain✝
                          t)).equivFun.symm)
                Q)
              (PvNP.RealizableHardness.ActualBinaryMatrixHC46A7WeightedPredecessor.actualW6Derivative
                (PvNP.RealizableHardness.ActualBinaryMatrixHC46A7Transfer.a7MixedCoordinateParent t) 0
                (PvNP.RealizableHardness.ActualBinaryMatrixHC46A7Transfer.a7MixedCoordinate t T f)))
            N)) ^
      2
'PvNP.RealizableHardness.ActualBinaryMatrixHC46A8OutputCoordinateTransport.a8_output_pair_component_nested_mean' depends on axioms: [propext,
 Classical.choice,
 Quot.sound]
