WORKTREE_HEAD=cc726db5795cfa0f6d8dcd99b8821d191bb59ae6
WORKTREE_BRANCH=DETACHED
WORKTREE_STATUS_BEGIN
?? lean/PvNP/RealizableHardness/RobustSourceLineContainment.lean
?? lean/PvNP/RealizableHardness/RobustSourceLineContainmentChecks.lean
WORKTREE_STATUS_END
OVERLAY_COUNT=2
OVERLAYS_BEGIN
lean/PvNP/RealizableHardness/RobustSourceLineContainment.lean
lean/PvNP/RealizableHardness/RobustSourceLineContainmentChecks.lean
OVERLAYS_END
CACHE_LINKS_BEGIN
lrwxrwxrwx 1 dfredriksen_quantyra_org dfredriksen_quantyra_org 65 Sep 24 11:44 /home/dfredriksen_quantyra_org/gcp_robust_source_line_containment_r13_20260924T114149Z_worktree/.lake/build -> /home/dfredriksen_quantyra_org/mz24-fixed-rho-de048da/.lake/build
lrwxrwxrwx 1 dfredriksen_quantyra_org dfredriksen_quantyra_org 68 Sep 24 11:44 /home/dfredriksen_quantyra_org/gcp_robust_source_line_containment_r13_20260924T114149Z_worktree/.lake/packages -> /home/dfredriksen_quantyra_org/mz24-fixed-rho-de048da/.lake/packages
/home/dfredriksen_quantyra_org/mz24-fixed-rho-de048da/.lake/packages
/home/dfredriksen_quantyra_org/mz24-fixed-rho-de048da/.lake/build
CACHE_LINKS_END
SOURCE_HASHES_BEGIN
3afc06c189d7829f6a34bcfc646aa59a8eae5a3c7b3d8aa848798c0bad2905fa  /home/dfredriksen_quantyra_org/gcp_robust_source_line_containment_r13_20260924T114149Z_worktree/lean/PvNP/RealizableHardness/ActualBinaryGrassmannSamplingBounds.lean
d97fce8944a5933e6747c20c334c3eac9944a2895ef93f7a807903fe92b663a7  /home/dfredriksen_quantyra_org/gcp_robust_source_line_containment_r13_20260924T114149Z_worktree/lean/PvNP/RealizableHardness/RobustSourceLineContainment.lean
4d58b476e136715d3809e49daf20b180e1b5bafba95e4c55d3aedebaa2af3ab2  /home/dfredriksen_quantyra_org/gcp_robust_source_line_containment_r13_20260924T114149Z_worktree/lean/PvNP/RealizableHardness/RobustSourceLineContainmentChecks.lean
8190e75a201741065fe508b28955dd64dd72d090babe5f70ce6848879d68ae88  /home/dfredriksen_quantyra_org/gcp_robust_source_line_containment_r13_20260924T114149Z_worktree/lean-toolchain
03c6564b4a501867a608a3439198e41b88eedf17e3c79c6bfd01790f6ae34cbe  /home/dfredriksen_quantyra_org/gcp_robust_source_line_containment_r13_20260924T114149Z_worktree/lakefile.toml
825d2e1a20005a259fdf5b181528b391dd6ba18a52c86127caf4c3be990e04f0  /home/dfredriksen_quantyra_org/gcp_robust_source_line_containment_r13_20260924T114149Z_worktree/lake-manifest.json
SOURCE_HASHES_END
