C:\Users\Dan\Desktop\Projects\realizable-cmmsa-hardness\docs\native-receipts\ActualSelectedComplementAnalyticMoment\runtime-prebuild\local-native-123542\src\PvNP\RealizableHardness\ActualBinaryMatrixHC46A18FullFunctionalEnergy.lean:75:33: warning: Variable name `ha` is not explicitly referenced.

Hint: The binding can be removed (if unused) or named `_` (if used implicitly). Alternatively, prefix the name with `_` to silence this warning:
  [apply] _ha

Note: This linter can be disabled with `set_option linter.unusedVariables false`
C:\Users\Dan\Desktop\Projects\realizable-cmmsa-hardness\docs\native-receipts\ActualSelectedComplementAnalyticMoment\runtime-prebuild\local-native-123542\src\PvNP\RealizableHardness\ActualBinaryMatrixHC46A18FullFunctionalEnergy.lean:110:2: error: Tactic `apply` failed: could not unify the conclusion of `Finset.sum_congr rfl`
  Finset.sum ?m.115 ?m.112 = Finset.sum ?m.115 ?m.113
with the goal
  (∑ y, z (a, y)) / (↑(Fintype.card α) * ↑(Fintype.card β)) = (∑ i, z (a, i) / ↑(Fintype.card β)) / ↑(Fintype.card α)

Note: The full type of `Finset.sum_congr rfl` is
  (∀ x ∈ ?m.115, ?m.112 x = ?m.113 x) → Finset.sum ?m.115 ?m.112 = Finset.sum ?m.115 ?m.113

α : Type u_1
β : Type u_2
inst✝¹ : Fintype α
inst✝ : Fintype β
z : α × β → ℂ
a : α
ha : a ∈ Finset.univ
⊢ (∑ y, z (a, y)) / (↑(Fintype.card α) * ↑(Fintype.card β)) = (∑ i, z (a, i) / ↑(Fintype.card β)) / ↑(Fintype.card α)
C:\Users\Dan\Desktop\Projects\realizable-cmmsa-hardness\docs\native-receipts\ActualSelectedComplementAnalyticMoment\runtime-prebuild\local-native-123542\src\PvNP\RealizableHardness\ActualBinaryMatrixHC46A18FullFunctionalEnergy.lean:120:45: warning: Variable name `hv` is not explicitly referenced.

Hint: The binding can be removed (if unused) or named `_` (if used implicitly). Alternatively, prefix the name with `_` to silence this warning:
  [apply] _hv

Note: This linter can be disabled with `set_option linter.unusedVariables false`
C:\Users\Dan\Desktop\Projects\realizable-cmmsa-hardness\docs\native-receipts\ActualSelectedComplementAnalyticMoment\runtime-prebuild\local-native-123542\src\PvNP\RealizableHardness\ActualBinaryMatrixHC46A18FullFunctionalEnergy.lean:211:49: warning: This simp argument is unused:
  g

Hint: Omit it from the simp argument list.
  [apply] simp [actualA18SourceLineMean, Phi, Lambda, W, g']

Note: This linter can be disabled with `set_option linter.unusedSimpArgs false`
C:\Users\Dan\Desktop\Projects\realizable-cmmsa-hardness\docs\native-receipts\ActualSelectedComplementAnalyticMoment\runtime-prebuild\local-native-123542\src\PvNP\RealizableHardness\ActualBinaryMatrixHC46A18FullFunctionalEnergy.lean:228:2: warning: Try this: 
  letI̵

The goal is a proposition, so `let` is preferred over `letI`.
The difference between `let` and `letI` is that `letI` inlines the value.
But this is not relevant for proofs because of proof irrelevance.

Note: This linter can be disabled with `set_option linter.style.haveILetI false`
C:\Users\Dan\Desktop\Projects\realizable-cmmsa-hardness\docs\native-receipts\ActualSelectedComplementAnalyticMoment\runtime-prebuild\local-native-123542\src\PvNP\RealizableHardness\ActualBinaryMatrixHC46A18FullFunctionalEnergy.lean:279:2: warning: Try this: 
  letI̵

The goal is a proposition, so `let` is preferred over `letI`.
The difference between `let` and `letI` is that `letI` inlines the value.
But this is not relevant for proofs because of proof irrelevance.

Note: This linter can be disabled with `set_option linter.style.haveILetI false`
C:\Users\Dan\Desktop\Projects\realizable-cmmsa-hardness\docs\native-receipts\ActualSelectedComplementAnalyticMoment\runtime-prebuild\local-native-123542\src\PvNP\RealizableHardness\ActualBinaryMatrixHC46A18FullFunctionalEnergy.lean:320:2: warning: Try this: 
  letI̵

The goal is a proposition, so `let` is preferred over `letI`.
The difference between `let` and `letI` is that `letI` inlines the value.
But this is not relevant for proofs because of proof irrelevance.

Note: This linter can be disabled with `set_option linter.style.haveILetI false`
