C:\Users\Dan\Desktop\Projects\realizable-cmmsa-hardness\docs\native-receipts\ActualSelectedComplementAnalyticMoment\runtime-prebuild\local-native-123542\src\PvNP\RealizableHardness\ActualBinaryMatrixHC46A7PredecessorCount.lean:55:28: warning: This simp argument is unused:
  Matrix.sub_apply

Hint: Omit it from the simp argument list.
  [apply] simp [LY, LX, LZ, transposeMap, Matrix.toLin'_apply, Matrix.transpose_sub]

Note: This linter can be disabled with `set_option linter.unusedSimpArgs false`
C:\Users\Dan\Desktop\Projects\realizable-cmmsa-hardness\docs\native-receipts\ActualSelectedComplementAnalyticMoment\runtime-prebuild\local-native-123542\src\PvNP\RealizableHardness\ActualBinaryMatrixHC46A7PredecessorCount.lean:107:6: warning: This simp argument is unused:
  Matrix.sub_apply

Hint: Omit it from the simp argument list.
  [apply] simp [transposeMap, Matrix.toLin'_apply, Matrix.transpose_sub]

Note: This linter can be disabled with `set_option linter.unusedSimpArgs false`
C:\Users\Dan\Desktop\Projects\realizable-cmmsa-hardness\docs\native-receipts\ActualSelectedComplementAnalyticMoment\runtime-prebuild\local-native-123542\src\PvNP\RealizableHardness\ActualBinaryMatrixHC46A7PredecessorCount.lean:166:28: warning: This simp argument is unused:
  Matrix.sub_apply

Hint: Omit it from the simp argument list.
  [apply] simp [LY, LX, LZ, transposeMap, Matrix.toLin'_apply, Matrix.transpose_sub]

Note: This linter can be disabled with `set_option linter.unusedSimpArgs false`
C:\Users\Dan\Desktop\Projects\realizable-cmmsa-hardness\docs\native-receipts\ActualSelectedComplementAnalyticMoment\runtime-prebuild\local-native-123542\src\PvNP\RealizableHardness\ActualBinaryMatrixHC46A7PredecessorCount.lean:331:13: warning: This simp argument is unused:
  LinearMap.sub_apply

Hint: Omit it from the simp argument list.
  [apply] simp [p, LinearMap.add_apply]

Note: This linter can be disabled with `set_option linter.unusedSimpArgs false`
C:\Users\Dan\Desktop\Projects\realizable-cmmsa-hardness\docs\native-receipts\ActualSelectedComplementAnalyticMoment\runtime-prebuild\local-native-123542\src\PvNP\RealizableHardness\ActualBinaryMatrixHC46A7PredecessorCount.lean:331:34: warning: This simp argument is unused:
  LinearMap.add_apply

Hint: Omit it from the simp argument list.
  [apply] simp [p, LinearMap.sub_apply]

Note: This linter can be disabled with `set_option linter.unusedSimpArgs false`
C:\Users\Dan\Desktop\Projects\realizable-cmmsa-hardness\docs\native-receipts\ActualSelectedComplementAnalyticMoment\runtime-prebuild\local-native-123542\src\PvNP\RealizableHardness\ActualBinaryMatrixHC46A7PredecessorCount.lean:385:30: warning: This simp argument is unused:
  Matrix.sub_apply

Hint: Omit it from the simp argument list.
  [apply] simp [LY, LX, LZ, transposeMap, Matrix.toLin'_apply, Matrix.transpose_sub]

Note: This linter can be disabled with `set_option linter.unusedSimpArgs false`
C:\Users\Dan\Desktop\Projects\realizable-cmmsa-hardness\docs\native-receipts\ActualSelectedComplementAnalyticMoment\runtime-prebuild\local-native-123542\src\PvNP\RealizableHardness\ActualBinaryMatrixHC46A7PredecessorCount.lean:374:31: warning: Used `tac1 <;> tac2` where `(tac1; tac2)` would suffice

Note: This linter can be disabled with `set_option linter.unnecessarySeqFocus false`
C:\Users\Dan\Desktop\Projects\realizable-cmmsa-hardness\docs\native-receipts\ActualSelectedComplementAnalyticMoment\runtime-prebuild\local-native-123542\src\PvNP\RealizableHardness\ActualBinaryMatrixHC46A7PredecessorCount.lean:530:34: error(lean.synthInstanceFailed): failed to synthesize instance of type class
  Finite (W6Retraction E U)

Hint: Type class instance resolution failures can be inspected with the `set_option trace.Meta.synthInstance true` command.
C:\Users\Dan\Desktop\Projects\realizable-cmmsa-hardness\docs\native-receipts\ActualSelectedComplementAnalyticMoment\runtime-prebuild\local-native-123542\src\PvNP\RealizableHardness\ActualBinaryMatrixHC46A7PredecessorCount.lean:556:2: error: unsolved goals
case refine_2
E : Type u_1
inst✝⁴ : AddCommGroup E
inst✝³ : Module F E
U : Submodule F E
inst✝² : Module.Free F ↥U
inst✝¹ : Module.Finite F ↥U
inst✝ : Finite E
C : Submodule F E := Classical.choose ⋯
hC : IsCompl U C := Classical.choose_spec (Submodule.exists_isCompl U)
e : (↥U × ↥C) ≃ₗ[F] E := U.prodEquivOfIsCompl C hC
r₀ : E →ₗ[F] ↥U := LinearMap.fst F ↥U ↥C ∘ₗ ↑e.symm
hr₀ : ∀ (u : ↥U), r₀ ↑u = u
h : E ⧸ U →ₗ[F] ↥U
u : ↥U
⊢ h (Submodule.Quotient.mk ↑u) = 0
C:\Users\Dan\Desktop\Projects\realizable-cmmsa-hardness\docs\native-receipts\ActualSelectedComplementAnalyticMoment\runtime-prebuild\local-native-123542\src\PvNP\RealizableHardness\ActualBinaryMatrixHC46A7PredecessorCount.lean:546:17: warning: This simp argument is unused:
  Submodule.prodEquivOfIsCompl_symm_apply_left

Hint: Omit it from the simp argument list.
  [apply] simp [r₀, e]

Note: This linter can be disabled with `set_option linter.unusedSimpArgs false`
C:\Users\Dan\Desktop\Projects\realizable-cmmsa-hardness\docs\native-receipts\ActualSelectedComplementAnalyticMoment\runtime-prebuild\local-native-123542\src\PvNP\RealizableHardness\ActualBinaryMatrixHC46A7PredecessorCount.lean:578:10: warning: This simp argument is unused:
  hr₀

Hint: Omit it from the simp argument list.
  [apply] simp

Note: This linter can be disabled with `set_option linter.unusedSimpArgs false`
C:\Users\Dan\Desktop\Projects\realizable-cmmsa-hardness\docs\native-receipts\ActualSelectedComplementAnalyticMoment\runtime-prebuild\local-native-123542\src\PvNP\RealizableHardness\ActualBinaryMatrixHC46A7PredecessorCount.lean:607:44: error(lean.synthInstanceFailed): failed to synthesize instance of type class
  Finite (W6FixedRangeIdempotent E U)

Hint: Type class instance resolution failures can be inspected with the `set_option trace.Meta.synthInstance true` command.
C:\Users\Dan\Desktop\Projects\realizable-cmmsa-hardness\docs\native-receipts\ActualSelectedComplementAnalyticMoment\runtime-prebuild\local-native-123542\src\PvNP\RealizableHardness\ActualBinaryMatrixHC46A7PredecessorCount.lean:616:6: error: Tactic `rewrite` failed: Did not find an occurrence of the pattern
  Fintype.card { f // IsIdempotentElem f ∧ LinearMap.range f = U }
in the target expression
  Fintype.card (W6FixedRangeIdempotent E U) = 2 ^ (k * (Module.finrank F E - k))

E : Type u_1
k : ℕ
inst✝⁶ : AddCommGroup E
inst✝⁵ : Module F E
inst✝⁴ : Module.Free F E
inst✝³ : Module.Finite F E
inst✝² : Fintype E
U : Submodule F E
inst✝¹ : Module.Free F ↥U
inst✝ : Module.Finite F ↥U
hU : Module.finrank F ↥U = k
⊢ Fintype.card (W6FixedRangeIdempotent E U) = 2 ^ (k * (Module.finrank F E - k))
