C:\Users\Dan\Desktop\Projects\realizable-cmmsa-hardness\docs\native-receipts\ActualSelectedComplementAnalyticMoment\runtime-prebuild\local-native-own341\src\PvNP\RealizableHardness\ActualBinaryMatrixHC46DR6Mobius.lean:1:0: error: expected token
C:\Users\Dan\Desktop\Projects\realizable-cmmsa-hardness\docs\native-receipts\ActualSelectedComplementAnalyticMoment\runtime-prebuild\local-native-own341\src\PvNP\RealizableHardness\ActualBinaryMatrixHC46DR6Mobius.lean:22:5: error: unknown namespace `PvNP.RealizableHardness.ActualBinaryMatrixHC46A7PredecessorCount`
C:\Users\Dan\Desktop\Projects\realizable-cmmsa-hardness\docs\native-receipts\ActualSelectedComplementAnalyticMoment\runtime-prebuild\local-native-own341\src\PvNP\RealizableHardness\ActualBinaryMatrixHC46DR6Mobius.lean:23:12: error: unknown namespace `BigOperators`
C:\Users\Dan\Desktop\Projects\realizable-cmmsa-hardness\docs\native-receipts\ActualSelectedComplementAnalyticMoment\runtime-prebuild\local-native-own341\src\PvNP\RealizableHardness\ActualBinaryMatrixHC46DR6Mobius.lean:28:27: error(lean.unknownIdentifier): Unknown constant `Fintype.ofFinite`
C:\Users\Dan\Desktop\Projects\realizable-cmmsa-hardness\docs\native-receipts\ActualSelectedComplementAnalyticMoment\runtime-prebuild\local-native-own341\src\PvNP\RealizableHardness\ActualBinaryMatrixHC46DR6Mobius.lean:30:20: error(lean.unknownIdentifier): Unknown identifier `ZMod`
C:\Users\Dan\Desktop\Projects\realizable-cmmsa-hardness\docs\native-receipts\ActualSelectedComplementAnalyticMoment\runtime-prebuild\local-native-own341\src\PvNP\RealizableHardness\ActualBinaryMatrixHC46DR6Mobius.lean:32:30: error: Function expected at
  Fin n
but this term has type
  Type

Note: Expected a function because this term is being applied to the argument
  â
C:\Users\Dan\Desktop\Projects\realizable-cmmsa-hardness\docs\native-receipts\ActualSelectedComplementAnalyticMoment\runtime-prebuild\local-native-own341\src\PvNP\RealizableHardness\ActualBinaryMatrixHC46DR6Mobius.lean:32:37: error: expected token
C:\Users\Dan\Desktop\Projects\realizable-cmmsa-hardness\docs\native-receipts\ActualSelectedComplementAnalyticMoment\runtime-prebuild\local-native-own341\src\PvNP\RealizableHardness\ActualBinaryMatrixHC46DR6Mobius.lean:35:2: error(lean.unknownIdentifier): Unknown identifier `Fintype.card`
C:\Users\Dan\Desktop\Projects\realizable-cmmsa-hardness\docs\native-receipts\ActualSelectedComplementAnalyticMoment\runtime-prebuild\local-native-own341\src\PvNP\RealizableHardness\ActualBinaryMatrixHC46DR6Mobius.lean:38:28: error(lean.unknownIdentifier): Unknown identifier `w6Gaussian`

Note: It is not possible to treat `w6Gaussian` as an implicitly bound variable here because the `autoImplicit` option is set to `false`.
C:\Users\Dan\Desktop\Projects\realizable-cmmsa-hardness\docs\native-receipts\ActualSelectedComplementAnalyticMoment\runtime-prebuild\local-native-own341\src\PvNP\RealizableHardness\ActualBinaryMatrixHC46DR6Mobius.lean:39:28: error(lean.unknownIdentifier): Unknown identifier `V`
C:\Users\Dan\Desktop\Projects\realizable-cmmsa-hardness\docs\native-receipts\ActualSelectedComplementAnalyticMoment\runtime-prebuild\local-native-own341\src\PvNP\RealizableHardness\ActualBinaryMatrixHC46DR6Mobius.lean:39:2: warning: try 'simp' instead of 'simpa'

Note: This linter can be disabled with `set_option linter.unnecessarySimpa false`
C:\Users\Dan\Desktop\Projects\realizable-cmmsa-hardness\docs\native-receipts\ActualSelectedComplementAnalyticMoment\runtime-prebuild\local-native-own341\src\PvNP\RealizableHardness\ActualBinaryMatrixHC46DR6Mobius.lean:39:9: warning: declaration uses `sorry`
C:\Users\Dan\Desktop\Projects\realizable-cmmsa-hardness\docs\native-receipts\ActualSelectedComplementAnalyticMoment\runtime-prebuild\local-native-own341\src\PvNP\RealizableHardness\ActualBinaryMatrixHC46DR6Mobius.lean:43:8: error(lean.unknownIdentifier): Unknown identifier `w6Gaussian`
C:\Users\Dan\Desktop\Projects\realizable-cmmsa-hardness\docs\native-receipts\ActualSelectedComplementAnalyticMoment\runtime-prebuild\local-native-own341\src\PvNP\RealizableHardness\ActualBinaryMatrixHC46DR6Mobius.lean:43:20: error(lean.unknownIdentifier): Unknown identifier `w6FrameProduct`
C:\Users\Dan\Desktop\Projects\realizable-cmmsa-hardness\docs\native-receipts\ActualSelectedComplementAnalyticMoment\runtime-prebuild\local-native-own341\src\PvNP\RealizableHardness\ActualBinaryMatrixHC46DR6Mobius.lean:41:68: error: unsolved goals
⊢ sorry () = 1
C:\Users\Dan\Desktop\Projects\realizable-cmmsa-hardness\docs\native-receipts\ActualSelectedComplementAnalyticMoment\runtime-prebuild\local-native-own341\src\PvNP\RealizableHardness\ActualBinaryMatrixHC46DR6Mobius.lean:48:8: error(lean.unknownIdentifier): Unknown identifier `w6Gaussian`
C:\Users\Dan\Desktop\Projects\realizable-cmmsa-hardness\docs\native-receipts\ActualSelectedComplementAnalyticMoment\runtime-prebuild\local-native-own341\src\PvNP\RealizableHardness\ActualBinaryMatrixHC46DR6Mobius.lean:46:33: error: unsolved goals
n k : Nat
hnk : n < k
⊢ sorry () = 0
C:\Users\Dan\Desktop\Projects\realizable-cmmsa-hardness\docs\native-receipts\ActualSelectedComplementAnalyticMoment\runtime-prebuild\local-native-own341\src\PvNP\RealizableHardness\ActualBinaryMatrixHC46DR6Mobius.lean:48:20: warning: This simp argument is unused:
  Nat.not_le_of_gt hnk

Hint: Omit it from the simp argument list.
  [apply] simp [w6Gaussian]

Note: This linter can be disabled with `set_option linter.unusedSimpArgs false`
C:\Users\Dan\Desktop\Projects\realizable-cmmsa-hardness\docs\native-receipts\ActualSelectedComplementAnalyticMoment\runtime-prebuild\local-native-own341\src\PvNP\RealizableHardness\ActualBinaryMatrixHC46DR6Mobius.lean:53:8: error(lean.unknownIdentifier): Unknown identifier `w6Gaussian`
C:\Users\Dan\Desktop\Projects\realizable-cmmsa-hardness\docs\native-receipts\ActualSelectedComplementAnalyticMoment\runtime-prebuild\local-native-own341\src\PvNP\RealizableHardness\ActualBinaryMatrixHC46DR6Mobius.lean:53:20: error(lean.unknownIdentifier): Unknown identifier `w6FrameProduct`
C:\Users\Dan\Desktop\Projects\realizable-cmmsa-hardness\docs\native-receipts\ActualSelectedComplementAnalyticMoment\runtime-prebuild\local-native-own341\src\PvNP\RealizableHardness\ActualBinaryMatrixHC46DR6Mobius.lean:51:33: error: unsolved goals
n : Nat
⊢ sorry () = 1
C:\Users\Dan\Desktop\Projects\realizable-cmmsa-hardness\docs\native-receipts\ActualSelectedComplementAnalyticMoment\runtime-prebuild\local-native-own341\src\PvNP\RealizableHardness\ActualBinaryMatrixHC46DR6Mobius.lean:58:6: error(lean.unknownIdentifier): Unknown identifier `w6Gaussian`
C:\Users\Dan\Desktop\Projects\realizable-cmmsa-hardness\docs\native-receipts\ActualSelectedComplementAnalyticMoment\runtime-prebuild\local-native-own341\src\PvNP\RealizableHardness\ActualBinaryMatrixHC46DR6Mobius.lean:56:33: error: unsolved goals
n : Nat
⊢ sorry = 1
C:\Users\Dan\Desktop\Projects\realizable-cmmsa-hardness\docs\native-receipts\ActualSelectedComplementAnalyticMoment\runtime-prebuild\local-native-own341\src\PvNP\RealizableHardness\ActualBinaryMatrixHC46DR6Mobius.lean:67:2: error(lean.unknownIdentifier): Unknown identifier `â`
C:\Users\Dan\Desktop\Projects\realizable-cmmsa-hardness\docs\native-receipts\ActualSelectedComplementAnalyticMoment\runtime-prebuild\local-native-own341\src\PvNP\RealizableHardness\ActualBinaryMatrixHC46DR6Mobius.lean:67:3: error: expected token
C:\Users\Dan\Desktop\Projects\realizable-cmmsa-hardness\docs\native-receipts\ActualSelectedComplementAnalyticMoment\runtime-prebuild\local-native-own341\src\PvNP\RealizableHardness\ActualBinaryMatrixHC46DR6Mobius.lean:76:2: error(lean.unknownIdentifier): Unknown identifier `â`
C:\Users\Dan\Desktop\Projects\realizable-cmmsa-hardness\docs\native-receipts\ActualSelectedComplementAnalyticMoment\runtime-prebuild\local-native-own341\src\PvNP\RealizableHardness\ActualBinaryMatrixHC46DR6Mobius.lean:76:3: error: expected token
C:\Users\Dan\Desktop\Projects\realizable-cmmsa-hardness\docs\native-receipts\ActualSelectedComplementAnalyticMoment\runtime-prebuild\local-native-own341\src\PvNP\RealizableHardness\ActualBinaryMatrixHC46DR6Mobius.lean:78:55: error: expected token
C:\Users\Dan\Desktop\Projects\realizable-cmmsa-hardness\docs\native-receipts\ActualSelectedComplementAnalyticMoment\runtime-prebuild\local-native-own341\src\PvNP\RealizableHardness\ActualBinaryMatrixHC46DR6Mobius.lean:92:55: error: expected token
C:\Users\Dan\Desktop\Projects\realizable-cmmsa-hardness\docs\native-receipts\ActualSelectedComplementAnalyticMoment\runtime-prebuild\local-native-own341\src\PvNP\RealizableHardness\ActualBinaryMatrixHC46DR6Mobius.lean:114:8: error(lean.unknownIdentifier): Unknown identifier `Finset.prod_pos`
C:\Users\Dan\Desktop\Projects\realizable-cmmsa-hardness\docs\native-receipts\ActualSelectedComplementAnalyticMoment\runtime-prebuild\local-native-own341\src\PvNP\RealizableHardness\ActualBinaryMatrixHC46DR6Mobius.lean:115:8: error: No goals to be solved
C:\Users\Dan\Desktop\Projects\realizable-cmmsa-hardness\docs\native-receipts\ActualSelectedComplementAnalyticMoment\runtime-prebuild\local-native-own341\src\PvNP\RealizableHardness\ActualBinaryMatrixHC46DR6Mobius.lean:123:6: error(lean.unknownIdentifier): Unknown identifier `Finset.prod_range_succ`
C:\Users\Dan\Desktop\Projects\realizable-cmmsa-hardness\docs\native-receipts\ActualSelectedComplementAnalyticMoment\runtime-prebuild\local-native-own341\src\PvNP\RealizableHardness\ActualBinaryMatrixHC46DR6Mobius.lean:121:59: error: unsolved goals
n : Nat
⊢ sorry = sorry * (2 ^ (n + 1) - 1)
C:\Users\Dan\Desktop\Projects\realizable-cmmsa-hardness\docs\native-receipts\ActualSelectedComplementAnalyticMoment\runtime-prebuild\local-native-own341\src\PvNP\RealizableHardness\ActualBinaryMatrixHC46DR6Mobius.lean:125:60: error: unsolved goals
⊢ sorry () = 1
C:\Users\Dan\Desktop\Projects\realizable-cmmsa-hardness\docs\native-receipts\ActualSelectedComplementAnalyticMoment\runtime-prebuild\local-native-own341\src\PvNP\RealizableHardness\ActualBinaryMatrixHC46DR6Mobius.lean:126:8: warning: declaration uses `sorry`
C:\Users\Dan\Desktop\Projects\realizable-cmmsa-hardness\docs\native-receipts\ActualSelectedComplementAnalyticMoment\runtime-prebuild\local-native-own341\src\PvNP\RealizableHardness\ActualBinaryMatrixHC46DR6Mobius.lean:128:50: error: expected token
C:\Users\Dan\Desktop\Projects\realizable-cmmsa-hardness\docs\native-receipts\ActualSelectedComplementAnalyticMoment\runtime-prebuild\local-native-own341\src\PvNP\RealizableHardness\ActualBinaryMatrixHC46DR6Mobius.lean:152:62: error: expected token
C:\Users\Dan\Desktop\Projects\realizable-cmmsa-hardness\docs\native-receipts\ActualSelectedComplementAnalyticMoment\runtime-prebuild\local-native-own341\src\PvNP\RealizableHardness\ActualBinaryMatrixHC46DR6Mobius.lean:171:62: error: expected token
C:\Users\Dan\Desktop\Projects\realizable-cmmsa-hardness\docs\native-receipts\ActualSelectedComplementAnalyticMoment\runtime-prebuild\local-native-own341\src\PvNP\RealizableHardness\ActualBinaryMatrixHC46DR6Mobius.lean:204:2: error(lean.unknownIdentifier): Unknown identifier `â`
C:\Users\Dan\Desktop\Projects\realizable-cmmsa-hardness\docs\native-receipts\ActualSelectedComplementAnalyticMoment\runtime-prebuild\local-native-own341\src\PvNP\RealizableHardness\ActualBinaryMatrixHC46DR6Mobius.lean:204:3: error: expected token
C:\Users\Dan\Desktop\Projects\realizable-cmmsa-hardness\docs\native-receipts\ActualSelectedComplementAnalyticMoment\runtime-prebuild\local-native-own341\src\PvNP\RealizableHardness\ActualBinaryMatrixHC46DR6Mobius.lean:212:3: error: unknown tactic
C:\Users\Dan\Desktop\Projects\realizable-cmmsa-hardness\docs\native-receipts\ActualSelectedComplementAnalyticMoment\runtime-prebuild\local-native-own341\src\PvNP\RealizableHardness\ActualBinaryMatrixHC46DR6Mobius.lean:207:72: error: unsolved goals
n : Nat
hnpos : 0 < ↑(dr6QFactorial n)
⊢ ↑(dr6QFactorial n) / (↑1 * ↑(dr6QFactorial n)) = 1
C:\Users\Dan\Desktop\Projects\realizable-cmmsa-hardness\docs\native-receipts\ActualSelectedComplementAnalyticMoment\runtime-prebuild\local-native-own341\src\PvNP\RealizableHardness\ActualBinaryMatrixHC46DR6Mobius.lean:219:3: error: unknown tactic
C:\Users\Dan\Desktop\Projects\realizable-cmmsa-hardness\docs\native-receipts\ActualSelectedComplementAnalyticMoment\runtime-prebuild\local-native-own341\src\PvNP\RealizableHardness\ActualBinaryMatrixHC46DR6Mobius.lean:214:66: error: unsolved goals
n : Nat
hnpos : 0 < ↑(dr6QFactorial n)
⊢ ↑(dr6QFactorial n) / (↑(dr6QFactorial n) * ↑1) = 1
C:\Users\Dan\Desktop\Projects\realizable-cmmsa-hardness\docs\native-receipts\ActualSelectedComplementAnalyticMoment\runtime-prebuild\local-native-own341\src\PvNP\RealizableHardness\ActualBinaryMatrixHC46DR6Mobius.lean:221:3: error: unknown tactic
C:\Users\Dan\Desktop\Projects\realizable-cmmsa-hardness\docs\native-receipts\ActualSelectedComplementAnalyticMoment\runtime-prebuild\local-native-own341\src\PvNP\RealizableHardness\ActualBinaryMatrixHC46DR6Mobius.lean:220:53: error: unsolved goals
⊢ dr6MobiusAlpha 1 = 1
C:\Users\Dan\Desktop\Projects\realizable-cmmsa-hardness\docs\native-receipts\ActualSelectedComplementAnalyticMoment\runtime-prebuild\local-native-own341\src\PvNP\RealizableHardness\ActualBinaryMatrixHC46DR6Mobius.lean:235:13: error: expected token
C:\Users\Dan\Desktop\Projects\realizable-cmmsa-hardness\docs\native-receipts\ActualSelectedComplementAnalyticMoment\runtime-prebuild\local-native-own341\src\PvNP\RealizableHardness\ActualBinaryMatrixHC46DR6Mobius.lean:235:12: error(lean.unknownIdentifier): Unknown identifier `â`
C:\Users\Dan\Desktop\Projects\realizable-cmmsa-hardness\docs\native-receipts\ActualSelectedComplementAnalyticMoment\runtime-prebuild\local-native-own341\src\PvNP\RealizableHardness\ActualBinaryMatrixHC46DR6Mobius.lean:234:61: error: unsolved goals
n k : Nat
hk : 0 < k
hkn : k < n
hn : 0 < n
hm : 0 < n - k
hklt : k - 1 < n - 1
hnk : n = n - k + k
hsub : n - k + k = n
⊢ 2 ^ (n - k) * 2 ^ k = 2 ^ (n - k + k)
C:\Users\Dan\Desktop\Projects\realizable-cmmsa-hardness\docs\native-receipts\ActualSelectedComplementAnalyticMoment\runtime-prebuild\local-native-own341\src\PvNP\RealizableHardness\ActualBinaryMatrixHC46DR6Mobius.lean:231:61: error: unsolved goals
case calc.step
n k : Nat
hk : 0 < k
hkn : k < n
hn : 0 < n
hm : 0 < n - k
hklt : k - 1 < n - 1
hnk : n = n - k + k
hsub : n - k + k = n
⊢ 2 ^ (n - k + k) = 2 ^ n
C:\Users\Dan\Desktop\Projects\realizable-cmmsa-hardness\docs\native-receipts\ActualSelectedComplementAnalyticMoment\runtime-prebuild\local-native-own341\src\PvNP\RealizableHardness\ActualBinaryMatrixHC46DR6Mobius.lean:226:54: error: unsolved goals
n k : Nat
hk : 0 < k
hkn : k < n
hn : 0 < n
hm : 0 < n - k
hklt : k - 1 < n - 1
hnk : n = n - k + k
hpow : 2 ^ (n - k) * 2 ^ k = 2 ^ n
⊢ dr6GaussianRat n k = dr6GaussianRat (n - 1) k + 2 ^ (n - k) * dr6GaussianRat (n - 1) (k - 1)
C:\Users\Dan\Desktop\Projects\realizable-cmmsa-hardness\docs\native-receipts\ActualSelectedComplementAnalyticMoment\runtime-prebuild\local-native-own341\src\PvNP\RealizableHardness\ActualBinaryMatrixHC46DR6Mobius.lean:293:7: error: expected token
C:\Users\Dan\Desktop\Projects\realizable-cmmsa-hardness\docs\native-receipts\ActualSelectedComplementAnalyticMoment\runtime-prebuild\local-native-own341\src\PvNP\RealizableHardness\ActualBinaryMatrixHC46DR6Mobius.lean:289:53: error: omega could not prove the goal:
a possible counterexample may satisfy the constraints
  b ≥ 0
  a ≥ 1
  a - b ≤ -1
where
 a := ↑k
 b := ↑n
C:\Users\Dan\Desktop\Projects\realizable-cmmsa-hardness\docs\native-receipts\ActualSelectedComplementAnalyticMoment\runtime-prebuild\local-native-own341\src\PvNP\RealizableHardness\ActualBinaryMatrixHC46DR6Mobius.lean:293:6: error(lean.unknownIdentifier): Unknown identifier `â`
C:\Users\Dan\Desktop\Projects\realizable-cmmsa-hardness\docs\native-receipts\ActualSelectedComplementAnalyticMoment\runtime-prebuild\local-native-own341\src\PvNP\RealizableHardness\ActualBinaryMatrixHC46DR6Mobius.lean:288:49: error: unsolved goals
n k : Nat
hk : 0 < k
hkn : k < n
h0 : sorry
h1 : sorry
h2 : sorry
hrec : dr6GaussianRat n k = dr6GaussianRat (n - 1) k + 2 ^ (n - k) * dr6GaussianRat (n - 1) (k - 1)
⊢ dr6ActualGaussian n k = dr6ActualGaussian (n - 1) k + 2 ^ (n - k) * dr6ActualGaussian (n - 1) (k - 1)
C:\Users\Dan\Desktop\Projects\realizable-cmmsa-hardness\docs\native-receipts\ActualSelectedComplementAnalyticMoment\runtime-prebuild\local-native-own341\src\PvNP\RealizableHardness\ActualBinaryMatrixHC46DR6Mobius.lean:297:27: error: expected token
C:\Users\Dan\Desktop\Projects\realizable-cmmsa-hardness\docs\native-receipts\ActualSelectedComplementAnalyticMoment\runtime-prebuild\local-native-own341\src\PvNP\RealizableHardness\ActualBinaryMatrixHC46DR6Mobius.lean:327:9: error: unknown tactic
C:\Users\Dan\Desktop\Projects\realizable-cmmsa-hardness\docs\native-receipts\ActualSelectedComplementAnalyticMoment\runtime-prebuild\local-native-own341\src\PvNP\RealizableHardness\ActualBinaryMatrixHC46DR6Mobius.lean:314:15: error(lean.unknownIdentifier): Unknown identifier `Finset.sum_range_succ`
C:\Users\Dan\Desktop\Projects\realizable-cmmsa-hardness\docs\native-receipts\ActualSelectedComplementAnalyticMoment\runtime-prebuild\local-native-own341\src\PvNP\RealizableHardness\ActualBinaryMatrixHC46DR6Mobius.lean:312:46: error: unsolved goals
n k : Nat
hkn : k ≤ n
⊢ (-1) ^ (k + 1) * 2 ^ ((k + 1) * (k + 1 - 1) / 2) * 2 ^ (n - k) = -2 ^ n * ((-1) ^ k * 2 ^ (k * (k - 1) / 2))
C:\Users\Dan\Desktop\Projects\realizable-cmmsa-hardness\docs\native-receipts\ActualSelectedComplementAnalyticMoment\runtime-prebuild\local-native-own341\src\PvNP\RealizableHardness\ActualBinaryMatrixHC46DR6Mobius.lean:333:33: error: expected token
C:\Users\Dan\Desktop\Projects\realizable-cmmsa-hardness\docs\native-receipts\ActualSelectedComplementAnalyticMoment\runtime-prebuild\local-native-own341\src\PvNP\RealizableHardness\ActualBinaryMatrixHC46DR6Mobius.lean:332:6: error(lean.unknownIdentifier): Unknown identifier `Finset.sum_range_succ'`
C:\Users\Dan\Desktop\Projects\realizable-cmmsa-hardness\docs\native-receipts\ActualSelectedComplementAnalyticMoment\runtime-prebuild\local-native-own341\src\PvNP\RealizableHardness\ActualBinaryMatrixHC46DR6Mobius.lean:330:58: error: unsolved goals
n : Nat
⊢ sorry = (1 - 2 ^ n) * sorry
C:\Users\Dan\Desktop\Projects\realizable-cmmsa-hardness\docs\native-receipts\ActualSelectedComplementAnalyticMoment\runtime-prebuild\local-native-own341\src\PvNP\RealizableHardness\ActualBinaryMatrixHC46DR6Mobius.lean:409:2: error(lean.unknownIdentifier): Unknown identifier `â`
C:\Users\Dan\Desktop\Projects\realizable-cmmsa-hardness\docs\native-receipts\ActualSelectedComplementAnalyticMoment\runtime-prebuild\local-native-own341\src\PvNP\RealizableHardness\ActualBinaryMatrixHC46DR6Mobius.lean:409:3: error: expected token
C:\Users\Dan\Desktop\Projects\realizable-cmmsa-hardness\docs\native-receipts\ActualSelectedComplementAnalyticMoment\runtime-prebuild\local-native-own341\src\PvNP\RealizableHardness\ActualBinaryMatrixHC46DR6Mobius.lean:419:7: error: unknown tactic
C:\Users\Dan\Desktop\Projects\realizable-cmmsa-hardness\docs\native-receipts\ActualSelectedComplementAnalyticMoment\runtime-prebuild\local-native-own341\src\PvNP\RealizableHardness\ActualBinaryMatrixHC46DR6Mobius.lean:418:33: error(lean.unknownIdentifier): Unknown identifier `Finset.prod_range_succ`
C:\Users\Dan\Desktop\Projects\realizable-cmmsa-hardness\docs\native-receipts\ActualSelectedComplementAnalyticMoment\runtime-prebuild\local-native-own341\src\PvNP\RealizableHardness\ActualBinaryMatrixHC46DR6Mobius.lean:416:14: error: unsolved goals
case succ
n : Nat
ih : dr6QBinomialAlternatingSum n = dr6QBinomialProduct n
⊢ (1 - 2 ^ n) * sorry () = sorry ()
C:\Users\Dan\Desktop\Projects\realizable-cmmsa-hardness\docs\native-receipts\ActualSelectedComplementAnalyticMoment\runtime-prebuild\local-native-own341\src\PvNP\RealizableHardness\ActualBinaryMatrixHC46DR6Mobius.lean:414:18: warning: declaration uses `sorry`
C:\Users\Dan\Desktop\Projects\realizable-cmmsa-hardness\docs\native-receipts\ActualSelectedComplementAnalyticMoment\runtime-prebuild\local-native-own341\src\PvNP\RealizableHardness\ActualBinaryMatrixHC46DR6Mobius.lean:414:46: warning: declaration uses `sorry`
C:\Users\Dan\Desktop\Projects\realizable-cmmsa-hardness\docs\native-receipts\ActualSelectedComplementAnalyticMoment\runtime-prebuild\local-native-own341\src\PvNP\RealizableHardness\ActualBinaryMatrixHC46DR6Mobius.lean:425:3: error: unknown tactic
C:\Users\Dan\Desktop\Projects\realizable-cmmsa-hardness\docs\native-receipts\ActualSelectedComplementAnalyticMoment\runtime-prebuild\local-native-own341\src\PvNP\RealizableHardness\ActualBinaryMatrixHC46DR6Mobius.lean:422:61: error: unsolved goals
case pos
n : Nat
hn : n = 0
⊢ dr6QBinomialProduct n = if n = 0 then 1 else 0

case neg
n : Nat
hn : ¬n = 0
⊢ dr6QBinomialProduct n = if n = 0 then 1 else 0
C:\Users\Dan\Desktop\Projects\realizable-cmmsa-hardness\docs\native-receipts\ActualSelectedComplementAnalyticMoment\runtime-prebuild\local-native-own341\src\PvNP\RealizableHardness\ActualBinaryMatrixHC46DR6Mobius.lean:438:25: error(lean.unknownIdentifier): Unknown identifier `pow_succ`
C:\Users\Dan\Desktop\Projects\realizable-cmmsa-hardness\docs\native-receipts\ActualSelectedComplementAnalyticMoment\runtime-prebuild\local-native-own341\src\PvNP\RealizableHardness\ActualBinaryMatrixHC46DR6Mobius.lean:436:54: error: unsolved goals
k : Nat
hk : 0 < k
⊢ -((-1) ^ k * 2 ^ (k * (k - 1) / 2)) = (-1) ^ (k + 1) * 2 ^ (k * (k - 1) / 2)
C:\Users\Dan\Desktop\Projects\realizable-cmmsa-hardness\docs\native-receipts\ActualSelectedComplementAnalyticMoment\runtime-prebuild\local-native-own341\src\PvNP\RealizableHardness\ActualBinaryMatrixHC46DR6Mobius.lean:441:2: error(lean.unknownIdentifier): Unknown identifier `â`
C:\Users\Dan\Desktop\Projects\realizable-cmmsa-hardness\docs\native-receipts\ActualSelectedComplementAnalyticMoment\runtime-prebuild\local-native-own341\src\PvNP\RealizableHardness\ActualBinaryMatrixHC46DR6Mobius.lean:441:3: error: expected token
C:\Users\Dan\Desktop\Projects\realizable-cmmsa-hardness\docs\native-receipts\ActualSelectedComplementAnalyticMoment\runtime-prebuild\local-native-own341\src\PvNP\RealizableHardness\ActualBinaryMatrixHC46DR6Mobius.lean:444:8: warning: declaration uses `sorry`
C:\Users\Dan\Desktop\Projects\realizable-cmmsa-hardness\docs\native-receipts\ActualSelectedComplementAnalyticMoment\runtime-prebuild\local-native-own341\src\PvNP\RealizableHardness\ActualBinaryMatrixHC46DR6Mobius.lean:453:62: error: unsolved goals
case pos
n : Nat
hn : n = 0
⊢ 1 - 1 = 0

case neg
n : Nat
hn : ¬n = 0
⊢ 1 - 0 = if 0 < n then 1 else 0
