C:\Users\Dan\Desktop\Projects\realizable-cmmsa-hardness\docs\native-receipts\ActualSelectedComplementAnalyticMoment\runtime-prebuild\local-native-own329\src\PvNP\RealizableHardness\ActualBinaryMatrixHC46A7EnergyConsumer.lean:94:14: warning: This simp argument is unused:
  p

Hint: Omit it from the simp argument list.
  [apply] simp [hp, w6ActualCarrierFrequency, eq_comm]

Note: This linter can be disabled with `set_option linter.unusedSimpArgs false`
C:\Users\Dan\Desktop\Projects\realizable-cmmsa-hardness\docs\native-receipts\ActualSelectedComplementAnalyticMoment\runtime-prebuild\local-native-own329\src\PvNP\RealizableHardness\ActualBinaryMatrixHC46A7EnergyConsumer.lean:95:14: warning: This simp argument is unused:
  p

Hint: Omit it from the simp argument list.
  [apply] simp [hp]

Note: This linter can be disabled with `set_option linter.unusedSimpArgs false`
C:\Users\Dan\Desktop\Projects\realizable-cmmsa-hardness\docs\native-receipts\ActualSelectedComplementAnalyticMoment\runtime-prebuild\local-native-own329\src\PvNP\RealizableHardness\ActualBinaryMatrixHC46A7EnergyConsumer.lean:103:19: warning: This simp argument is unused:
  w6ActualPredecessorFrequencyFiber

Hint: Omit it from the simp argument list.
  [apply] simp [p]

Note: This linter can be disabled with `set_option linter.unusedSimpArgs false`
C:\Users\Dan\Desktop\Projects\realizable-cmmsa-hardness\docs\native-receipts\ActualSelectedComplementAnalyticMoment\runtime-prebuild\local-native-own329\src\PvNP\RealizableHardness\ActualBinaryMatrixHC46A7EnergyConsumer.lean:135:8: warning: Unused tactic linter: `change
  (∑ Y ∈ (Finset.univ : Finset filteredSubtype),
      complexFourierCoeff f Y.1 * (traceCharacter Y.1.transpose.toLin' T : Complex)) =
    _` does nothing

Note: This linter can be disabled with `set_option linter.unusedTactic false`
C:\Users\Dan\Desktop\Projects\realizable-cmmsa-hardness\docs\native-receipts\ActualSelectedComplementAnalyticMoment\runtime-prebuild\local-native-own329\src\PvNP\RealizableHardness\ActualBinaryMatrixHC46A7EnergyConsumer.lean:306:12: warning: This simp argument is unused:
  p

Hint: Omit it from the simp argument list.
  [apply] simp [hp]

Note: This linter can be disabled with `set_option linter.unusedSimpArgs false`
C:\Users\Dan\Desktop\Projects\realizable-cmmsa-hardness\docs\native-receipts\ActualSelectedComplementAnalyticMoment\runtime-prebuild\local-native-own329\src\PvNP\RealizableHardness\ActualBinaryMatrixHC46A7EnergyConsumer.lean:307:12: warning: This simp argument is unused:
  p

Hint: Omit it from the simp argument list.
  [apply] simp [hp, Complex.normSq_nonneg]

Note: This linter can be disabled with `set_option linter.unusedSimpArgs false`
C:\Users\Dan\Desktop\Projects\realizable-cmmsa-hardness\docs\native-receipts\ActualSelectedComplementAnalyticMoment\runtime-prebuild\local-native-own329\src\PvNP\RealizableHardness\ActualBinaryMatrixHC46A7EnergyConsumer.lean:287:4: warning: Unused tactic linter: `change
  (∑ Y ∈ (Finset.univ : Finset Pred), Complex.normSq (complexFourierCoeff f Y.1)) = _` does nothing

Note: This linter can be disabled with `set_option linter.unusedTactic false`
C:\Users\Dan\Desktop\Projects\realizable-cmmsa-hardness\docs\native-receipts\ActualSelectedComplementAnalyticMoment\runtime-prebuild\local-native-own329\src\PvNP\RealizableHardness\ActualBinaryMatrixHC46A7EnergyConsumer.lean:462:14: error: Application type mismatch: The argument
  Eq.symm (actualW6Derivative_fourierEnergy_fiber_partition X f)
has type
  ∑ Y ∈ @Finset.univ { Y // w6Precedes X Y } (Subtype.fintype (w6Precedes X)),
      Complex.normSq (complexFourierCoeff f ↑Y) =
    ∑ Z, ∑ Y, Complex.normSq (complexFourierCoeff f ↑Y)
but is expected to have type
  ∑
      Z ∈
        @Finset.univ (↥(Matrix.toLin' (Matrix.transpose X)).ker →ₗ[F] V d ⧸ (Matrix.toLin' (Matrix.transpose X)).range)
          (PvNP.RealizableHardness.ActualBinaryMatrixHC46TypedFourierTransport.carrierFrequencyFintype✝
            (Matrix.toLin' (Matrix.transpose X)).range (Matrix.toLin' (Matrix.transpose X)).ker),
      ∑ Y, Complex.normSq (complexFourierCoeff f ↑Y) =
    w6PredecessorFourierEnergy X f
in the application
  congrArg (fun q => cap * q) (Eq.symm (actualW6Derivative_fourierEnergy_fiber_partition X f))
C:\Users\Dan\Desktop\Projects\realizable-cmmsa-hardness\docs\native-receipts\ActualSelectedComplementAnalyticMoment\runtime-prebuild\local-native-own329\src\PvNP\RealizableHardness\ActualBinaryMatrixHC46A7EnergyConsumer.lean:528:41: error: Type mismatch
  c * a - e
has type
  ℝ
of sort `Type` but is expected to have type
  0 ≤ ?m.441
of sort `Prop`
C:\Users\Dan\Desktop\Projects\realizable-cmmsa-hardness\docs\native-receipts\ActualSelectedComplementAnalyticMoment\runtime-prebuild\local-native-own329\src\PvNP\RealizableHardness\ActualBinaryMatrixHC46A7EnergyConsumer.lean:573:8: error: Dependent elimination failed: Failed to solve equation
  k.1 =
    match (MonoidWithZeroHom.ofClass Cardinal.toENat) (Module.rank (ZMod 2) ↥(Matrix.mulVecLin ↑X).range) with
    | none => 0
    | some a => id a
C:\Users\Dan\Desktop\Projects\realizable-cmmsa-hardness\docs\native-receipts\ActualSelectedComplementAnalyticMoment\runtime-prebuild\local-native-own329\src\PvNP\RealizableHardness\ActualBinaryMatrixHC46A7EnergyConsumer.lean:588:29: error: Application type mismatch: The argument
  fun k => ?m.272
has type
  K → ?m.262
but is expected to have type
  Sigma ?m.261 → ?m.262
in the application
  Fintype.sum_sigma fun k => ?m.272
C:\Users\Dan\Desktop\Projects\realizable-cmmsa-hardness\docs\native-receipts\ActualSelectedComplementAnalyticMoment\runtime-prebuild\local-native-own329\src\PvNP\RealizableHardness\ActualBinaryMatrixHC46A7EnergyConsumer.lean:600:8: error: Tactic `rewrite` failed: Did not find an occurrence of the pattern
  ∑ x ∈ Finset.subtype ?p ?m.386, ?f ↑x
in the target expression
  ∑ k, ↑(Fintype.card (W6RankKPredecessor Y ↑k)) * w6EnergyRankWeight D ↑k =
    ∑ k ∈ Finset.range (Matrix.rank Y + 1),
      ↑(Fintype.card (W6RankKPredecessor Y k)) * 2 ^ (4 * k * (D - k)) / 2 ^ (6 * D * k)

n d D : ℕ
Y : BinaryMatrix n d
hYD : Matrix.rank Y ≤ D
P : Type := { X // w6Precedes X Y }
K : Type := { k // k ≤ Matrix.rank Y }
S : Type := (k : K) × W6RankKPredecessor Y ↑k
e : P ≃ S :=
  { toFun := fun X => ⟨⟨Matrix.rank ↑X, ⋯⟩, ⟨↑X, ⋯⟩⟩, invFun := fun z => ⟨↑z.snd, ⋯⟩, left_inv := ⋯, right_inv := ⋯ }
hsum :
  ∑ X, w6EnergyRankWeight D (Matrix.rank ↑X) = ∑ k, ↑(Fintype.card (W6RankKPredecessor Y ↑k)) * w6EnergyRankWeight D ↑k
⊢ ∑ k, ↑(Fintype.card (W6RankKPredecessor Y ↑k)) * w6EnergyRankWeight D ↑k =
    ∑ k ∈ Finset.range (Matrix.rank Y + 1),
      ↑(Fintype.card (W6RankKPredecessor Y k)) * 2 ^ (4 * k * (D - k)) / 2 ^ (6 * D * k)
C:\Users\Dan\Desktop\Projects\realizable-cmmsa-hardness\docs\native-receipts\ActualSelectedComplementAnalyticMoment\runtime-prebuild\local-native-own329\src\PvNP\RealizableHardness\ActualBinaryMatrixHC46A7EnergyConsumer.lean:654:29: error: Application type mismatch: The argument
  fun X => ?m.470
has type
  BinaryMatrix n d → ?m.455
but is expected to have type
  Sigma ?m.454 → ?m.455
in the application
  Fintype.sum_sigma fun X => ?m.470
C:\Users\Dan\Desktop\Projects\realizable-cmmsa-hardness\docs\native-receipts\ActualSelectedComplementAnalyticMoment\runtime-prebuild\local-native-own329\src\PvNP\RealizableHardness\ActualBinaryMatrixHC46A7EnergyConsumer.lean:705:45: error: unsolved goals
case calc.step
n d D : ℕ
T : V d →ₗ[F] W n
f : BinaryMatrix n d → ℂ
hsupport : ComplexFourierSupportedThrough D f
E : ℝ := uniformMean fun M => Complex.normSq (f M)
Coeff : BinaryMatrix n d → ℝ := fun Y => Complex.normSq (complexFourierCoeff f Y)
PredOfX : BinaryMatrix n d → Type := fun X => { Y // w6Precedes X Y }
PredOfY : BinaryMatrix n d → Type := fun Y => { X // w6Precedes X Y }
PairX : Type := (X : BinaryMatrix n d) × PredOfX X
PairY : Type := (Y : BinaryMatrix n d) × PredOfY Y
swap : PairX ≃ PairY :=
  { toFun := fun p => ⟨↑p.snd, ⟨p.fst, ⋯⟩⟩, invFun := fun p => ⟨↑p.snd, ⟨p.fst, ⋯⟩⟩, left_inv := ⋯, right_inv := ⋯ }
hdouble :
  ∑ X, w6EnergyRankWeight D (Matrix.rank X) * w6PredecessorFourierEnergy X f =
    ∑ Y, Coeff Y * ∑ X, w6EnergyRankWeight D (Matrix.rank ↑X)
hpredBound : ∀ (Y : BinaryMatrix n d), Coeff Y * ∑ X, w6EnergyRankWeight D (Matrix.rank ↑X) ≤ 67 / 63 * Coeff Y
hpredWeighted : ∑ X, w6EnergyRankWeight D (Matrix.rank X) * w6PredecessorFourierEnergy X f ≤ 67 / 63 * E
X : BinaryMatrix n d
e : ℝ :=
  carrierMean (Matrix.toLin' (Matrix.transpose X)).range (Matrix.toLin' (Matrix.transpose X)).ker fun M =>
    Complex.normSq (actualW6Derivative X T f M)
a : ℝ := w6PredecessorFourierEnergy X f
hsq :
  (carrierMean (Matrix.toLin' (Matrix.transpose X)).range (Matrix.toLin' (Matrix.transpose X)).ker fun M =>
        Complex.normSq (actualW6Derivative X T f M)) ^
      2 ≤
    (2 ^ (4 * Matrix.rank X * (D - Matrix.rank X)) * uniformMean fun M => Complex.normSq (f M)) *
      w6PredecessorFourierEnergy X f
hden : 0 < 2 ^ (6 * D * Matrix.rank X)
⊢ E * (2 ^ (4 * Matrix.rank X * (D - Matrix.rank X)) / 2 ^ (6 * D * Matrix.rank X)) * a * 2 ^ (6 * D * Matrix.rank X) ≤
    E * (2 ^ (4 * Matrix.rank X * (D - Matrix.rank X)) / 2 ^ (6 * D * Matrix.rank X) * w6PredecessorFourierEnergy X f) *
      2 ^ (6 * D * Matrix.rank X)
C:\Users\Dan\Desktop\Projects\realizable-cmmsa-hardness\docs\native-receipts\ActualSelectedComplementAnalyticMoment\runtime-prebuild\local-native-own329\src\PvNP\RealizableHardness\ActualBinaryMatrixHC46A7EnergyConsumer.lean:821:32: error: unsolved goals
n d : ℕ
T : V d →ₗ[F] W n
f : BinaryMatrix n d → ℂ
hsupport : ComplexFourierSupportedThrough 0 f
hconstant : ∀ (M : BinaryMatrix n d), f M = f 0
hfilter : w6PredecessorFilter 0 f = fun x => f 0
⊢ ↑Finset.univ.card * Complex.normSq (f 0) /
      ↑(Fintype.card
          (PvNP.RealizableHardness.BinaryMatrixA1TypedFourier.V✝ d ⧸
              (Matrix.toLin' 0).range →ₗ[PvNP.RealizableHardness.BinaryMatrixA1TypedFourier.F✝]
            ↥(Matrix.toLin' 0).ker)) =
    Complex.normSq (f 0)
C:\Users\Dan\Desktop\Projects\realizable-cmmsa-hardness\docs\native-receipts\ActualSelectedComplementAnalyticMoment\runtime-prebuild\local-native-own329\src\PvNP\RealizableHardness\ActualBinaryMatrixHC46A7EnergyConsumer.lean:784:57: error: unsolved goals
n d : ℕ
T : V d →ₗ[F] W n
f : BinaryMatrix n d → ℂ
hsupport : ComplexFourierSupportedThrough 0 f
hconstant : ∀ (M : BinaryMatrix n d), f M = f 0
hfilter : w6PredecessorFilter 0 f = fun x => f 0
hzeroEnergy :
  (carrierMean (Matrix.toLin' (Matrix.transpose 0)).range (Matrix.toLin' (Matrix.transpose 0)).ker fun M =>
      Complex.normSq (actualW6Derivative 0 T f M)) =
    Complex.normSq (f 0)
hinputEnergy : (uniformMean fun M => Complex.normSq (f M)) = Complex.normSq (f 0)
hpositive :
  ∀ (X : BinaryMatrix n d),
    X ≠ 0 →
      (carrierMean (Matrix.toLin' (Matrix.transpose X)).range (Matrix.toLin' (Matrix.transpose X)).ker fun M =>
          Complex.normSq (actualW6Derivative X T f M)) =
        0
herase :
  ∑ X ∈ Finset.univ.erase 0,
      (carrierMean (Matrix.toLin' (Matrix.transpose X)).range (Matrix.toLin' (Matrix.transpose X)).ker fun M =>
            Complex.normSq (actualW6Derivative X T f M)) ^
          2 /
        2 ^ (6 * 0 * Matrix.rank X) =
    0
⊢ (carrierMean (Matrix.toLin' 0).range (Matrix.toLin' 0).ker fun M => Complex.normSq (actualW6Derivative 0 T f M)) ^ 2 =
    Complex.normSq (f 0) ^ 2
C:\Users\Dan\Desktop\Projects\realizable-cmmsa-hardness\docs\native-receipts\ActualSelectedComplementAnalyticMoment\runtime-prebuild\local-native-own329\src\PvNP\RealizableHardness\ActualBinaryMatrixHC46A7EnergyConsumer.lean:851:8: warning: This simp argument is unused:
  hzeroEnergy

Hint: Omit it from the simp argument list.
  [apply] simp [hinputEnergy]

Note: This linter can be disabled with `set_option linter.unusedSimpArgs false`
