C:\Users\Dan\Desktop\Projects\realizable-cmmsa-hardness\docs\native-receipts\ActualSelectedComplementAnalyticMoment\runtime-prebuild\local-native-123542\src\PvNP\RealizableHardness\ActualBinaryMatrixHC46A18SourceGlobal.lean:38:8: error(lean.unknownIdentifier): Unknown constant `Submodule.finrank_top`
C:\Users\Dan\Desktop\Projects\realizable-cmmsa-hardness\docs\native-receipts\ActualSelectedComplementAnalyticMoment\runtime-prebuild\local-native-123542\src\PvNP\RealizableHardness\ActualBinaryMatrixHC46A18SourceGlobal.lean:42:8: error(lean.unknownIdentifier): Unknown constant `Submodule.finrank_bot`
C:\Users\Dan\Desktop\Projects\realizable-cmmsa-hardness\docs\native-receipts\ActualSelectedComplementAnalyticMoment\runtime-prebuild\local-native-123542\src\PvNP\RealizableHardness\ActualBinaryMatrixHC46A18SourceGlobal.lean:138:4: error: omega could not prove the goal:
a possible counterexample may satisfy the constraints
  h ≥ 0
  g ≥ 1
  e ≥ 1
  e - h ≥ 2
  c ≥ 0
  b ≥ 0
  a ≥ 0
  a - b ≥ -1
  a - e - g ≥ -1
where
 a := ↑s
 b := ↑Q.order
 c := ↑(Module.finrank (ZMod 2) ↥Q.codomainVariation)
 e := ↑(Module.finrank (ZMod 2) ↥Q.domainFixed)
 g := ↑(Module.finrank (ZMod 2) ((Fin n → ZMod 2) ⧸ Q.codomainVariation))
 h := ↑(Module.finrank (ZMod 2) ↥(functionalKernelInAmbient Q.domainFixed phi))
C:\Users\Dan\Desktop\Projects\realizable-cmmsa-hardness\docs\native-receipts\ActualSelectedComplementAnalyticMoment\runtime-prebuild\local-native-123542\src\PvNP\RealizableHardness\ActualBinaryMatrixHC46A18SourceGlobal.lean:225:22: error: Application type mismatch: The argument
  Prod.ext ?m.331
has type
  ?m.329.2 = ?m.330.2 → ?m.329 = ?m.330
but is expected to have type
  ((fun p => ⟨p.1 v, (p.1 ∘ₗ s - p.2.smulRight (p.1 v), p.2)⟩)
        ((fun p => (stableSourceSampleMap B q phi₀ p.snd.1 p.snd.2 p.fst, p.snd.2)) ⟨w, (R, lambda)⟩)).snd =
    ⟨w, (R, lambda)⟩.snd
in the application
  heq_of_eq (Prod.ext ?m.331)
C:\Users\Dan\Desktop\Projects\realizable-cmmsa-hardness\docs\native-receipts\ActualSelectedComplementAnalyticMoment\runtime-prebuild\local-native-123542\src\PvNP\RealizableHardness\ActualBinaryMatrixHC46A18SourceGlobal.lean:226:8: error: failed to synthesize
  Module ?S ?M₃

Hint: Additional diagnostic information may be available using the `set_option diagnostics true` command.
C:\Users\Dan\Desktop\Projects\realizable-cmmsa-hardness\docs\native-receipts\ActualSelectedComplementAnalyticMoment\runtime-prebuild\local-native-123542\src\PvNP\RealizableHardness\ActualBinaryMatrixHC46A18SourceGlobal.lean:242:6: error: No goals to be solved
C:\Users\Dan\Desktop\Projects\realizable-cmmsa-hardness\docs\native-receipts\ActualSelectedComplementAnalyticMoment\runtime-prebuild\local-native-123542\src\PvNP\RealizableHardness\ActualBinaryMatrixHC46A18SourceGlobal.lean:270:8: error: Tactic `rewrite` failed: Did not find an occurrence of the pattern
  ∑ i ∈ ?s, ?f i * ?a
in the target expression
  ∑ x, ↑(Fintype.card β) * g x = ↑(Fintype.card β) * ∑ a, g a

α : Type u_1
β : Type u_2
inst✝² : Fintype α
inst✝¹ : Fintype β
inst✝ : Nonempty β
g : α → ℝ
⊢ ∑ x, ↑(Fintype.card β) * g x = ↑(Fintype.card β) * ∑ a, g a
C:\Users\Dan\Desktop\Projects\realizable-cmmsa-hardness\docs\native-receipts\ActualSelectedComplementAnalyticMoment\runtime-prebuild\local-native-123542\src\PvNP\RealizableHardness\ActualBinaryMatrixHC46A18SourceGlobal.lean:295:13: warning: Variable name `w` is not explicitly referenced.

Hint: The binding can be removed (if unused) or named `_` (if used implicitly). Alternatively, prefix the name with `_` to silence this warning:
  [apply] _w

Note: This linter can be disabled with `set_option linter.unusedVariables false`
C:\Users\Dan\Desktop\Projects\realizable-cmmsa-hardness\docs\native-receipts\ActualSelectedComplementAnalyticMoment\runtime-prebuild\local-native-123542\src\PvNP\RealizableHardness\ActualBinaryMatrixHC46A18SourceGlobal.lean:297:25: warning: Variable name `w` is not explicitly referenced.

Hint: The binding can be removed (if unused) or named `_` (if used implicitly). Alternatively, prefix the name with `_` to silence this warning:
  [apply] _w

Note: This linter can be disabled with `set_option linter.unusedVariables false`
C:\Users\Dan\Desktop\Projects\realizable-cmmsa-hardness\docs\native-receipts\ActualSelectedComplementAnalyticMoment\runtime-prebuild\local-native-123542\src\PvNP\RealizableHardness\ActualBinaryMatrixHC46A18SourceGlobal.lean:351:27: warning: Variable name `ha` is not explicitly referenced.

Hint: The binding can be removed (if unused) or named `_` (if used implicitly). Alternatively, prefix the name with `_` to silence this warning:
  [apply] _ha

Note: This linter can be disabled with `set_option linter.unusedVariables false`
C:\Users\Dan\Desktop\Projects\realizable-cmmsa-hardness\docs\native-receipts\ActualSelectedComplementAnalyticMoment\runtime-prebuild\local-native-123542\src\PvNP\RealizableHardness\ActualBinaryMatrixHC46A18SourceGlobal.lean:361:17: warning: Variable name `w` is not explicitly referenced.

Hint: The binding can be removed (if unused) or named `_` (if used implicitly). Alternatively, prefix the name with `_` to silence this warning:
  [apply] _w

Note: This linter can be disabled with `set_option linter.unusedVariables false`
C:\Users\Dan\Desktop\Projects\realizable-cmmsa-hardness\docs\native-receipts\ActualSelectedComplementAnalyticMoment\runtime-prebuild\local-native-123542\src\PvNP\RealizableHardness\ActualBinaryMatrixHC46A18SourceGlobal.lean:367:27: warning: Variable name `w` is not explicitly referenced.

Hint: The binding can be removed (if unused) or named `_` (if used implicitly). Alternatively, prefix the name with `_` to silence this warning:
  [apply] _w

Note: This linter can be disabled with `set_option linter.unusedVariables false`
C:\Users\Dan\Desktop\Projects\realizable-cmmsa-hardness\docs\native-receipts\ActualSelectedComplementAnalyticMoment\runtime-prebuild\local-native-123542\src\PvNP\RealizableHardness\ActualBinaryMatrixHC46A18SourceGlobal.lean:434:27: warning: Variable name `ha` is not explicitly referenced.

Hint: The binding can be removed (if unused) or named `_` (if used implicitly). Alternatively, prefix the name with `_` to silence this warning:
  [apply] _ha

Note: This linter can be disabled with `set_option linter.unusedVariables false`
C:\Users\Dan\Desktop\Projects\realizable-cmmsa-hardness\docs\native-receipts\ActualSelectedComplementAnalyticMoment\runtime-prebuild\local-native-123542\src\PvNP\RealizableHardness\ActualBinaryMatrixHC46A18SourceGlobal.lean:440:27: warning: Variable name `ha` is not explicitly referenced.

Hint: The binding can be removed (if unused) or named `_` (if used implicitly). Alternatively, prefix the name with `_` to silence this warning:
  [apply] _ha

Note: This linter can be disabled with `set_option linter.unusedVariables false`
C:\Users\Dan\Desktop\Projects\realizable-cmmsa-hardness\docs\native-receipts\ActualSelectedComplementAnalyticMoment\runtime-prebuild\local-native-123542\src\PvNP\RealizableHardness\ActualBinaryMatrixHC46A18SourceGlobal.lean:450:29: warning: Variable name `ha` is not explicitly referenced.

Hint: The binding can be removed (if unused) or named `_` (if used implicitly). Alternatively, prefix the name with `_` to silence this warning:
  [apply] _ha

Note: This linter can be disabled with `set_option linter.unusedVariables false`
C:\Users\Dan\Desktop\Projects\realizable-cmmsa-hardness\docs\native-receipts\ActualSelectedComplementAnalyticMoment\runtime-prebuild\local-native-123542\src\PvNP\RealizableHardness\ActualBinaryMatrixHC46A18SourceGlobal.lean:463:27: warning: Variable name `ha` is not explicitly referenced.

Hint: The binding can be removed (if unused) or named `_` (if used implicitly). Alternatively, prefix the name with `_` to silence this warning:
  [apply] _ha

Note: This linter can be disabled with `set_option linter.unusedVariables false`
C:\Users\Dan\Desktop\Projects\realizable-cmmsa-hardness\docs\native-receipts\ActualSelectedComplementAnalyticMoment\runtime-prebuild\local-native-123542\src\PvNP\RealizableHardness\ActualBinaryMatrixHC46A18SourceGlobal.lean:465:13: warning: Variable name `w` is not explicitly referenced.

Hint: The binding can be removed (if unused) or named `_` (if used implicitly). Alternatively, prefix the name with `_` to silence this warning:
  [apply] _w

Note: This linter can be disabled with `set_option linter.unusedVariables false`
C:\Users\Dan\Desktop\Projects\realizable-cmmsa-hardness\docs\native-receipts\ActualSelectedComplementAnalyticMoment\runtime-prebuild\local-native-123542\src\PvNP\RealizableHardness\ActualBinaryMatrixHC46A18SourceGlobal.lean:469:23: warning: Variable name `w` is not explicitly referenced.

Hint: The binding can be removed (if unused) or named `_` (if used implicitly). Alternatively, prefix the name with `_` to silence this warning:
  [apply] _w

Note: This linter can be disabled with `set_option linter.unusedVariables false`
C:\Users\Dan\Desktop\Projects\realizable-cmmsa-hardness\docs\native-receipts\ActualSelectedComplementAnalyticMoment\runtime-prebuild\local-native-123542\src\PvNP\RealizableHardness\ActualBinaryMatrixHC46A18SourceGlobal.lean:526:7: warning: Variable name `w` is not explicitly referenced.

Hint: The binding can be removed (if unused) or named `_` (if used implicitly). Alternatively, prefix the name with `_` to silence this warning:
  [apply] _w

Note: This linter can be disabled with `set_option linter.unusedVariables false`
C:\Users\Dan\Desktop\Projects\realizable-cmmsa-hardness\docs\native-receipts\ActualSelectedComplementAnalyticMoment\runtime-prebuild\local-native-123542\src\PvNP\RealizableHardness\ActualBinaryMatrixHC46A18SourceGlobal.lean:616:2: error: Type mismatch: After simplification, term
  quotientAppendSamplingEquiv_symm_apply B wW w.property q s phi₀ (A'.mkQ ↑v) hdecomp hqs hqv hphiS hphiV R lambda
 has type
  (spanExtensionSubmodule B wW).subtype ∘ₗ
      ↑((quotientAppendSamplingEquiv B wW ⋯ q s phi₀ (Submodule.Quotient.mk ↑v) hdecomp hqs hqv hphiS hphiV).symm
          (R, lambda)) =
    quotientSampleOutput B q phi₀ R lambda wW
but is expected to have type
  (spanExtensionSubmodule B wW).subtype ∘ₗ
      ↑((And.rec
              (fun left right =>
                And.rec
                  (fun left_1 right =>
                    And.rec
                      (fun left_2 right =>
                        And.rec
                          (fun left_3 right =>
                            quotientAppendSamplingEquiv B wW ⋯ (Submodule.factor ⋯) (Classical.choose ⋯)
                              (Classical.choose ⋯) (Submodule.Quotient.mk ↑v) ⋯ ⋯ left_1 ⋯ ⋯)
                          right)
                      right)
                  right)
              ⋯).symm
          (R, lambda)) =
    quotientSampleOutput B q phi₀ R lambda wW
C:\Users\Dan\Desktop\Projects\realizable-cmmsa-hardness\docs\native-receipts\ActualSelectedComplementAnalyticMoment\runtime-prebuild\local-native-123542\src\PvNP\RealizableHardness\ActualBinaryMatrixHC46A18SourceGlobal.lean:694:2: error: Type mismatch: After simplification, term
  quotientAppendSamplingEquiv_symm_apply B wW w.property q s phi₀ (A'.mkQ ↑v) hdecomp hqs hqv hphiS hphiV R lambda
 has type
  (spanExtensionSubmodule B wW).subtype ∘ₗ
      ↑((quotientAppendSamplingEquiv B wW ⋯ q s phi₀ (Submodule.Quotient.mk ↑v) hdecomp hqs hqv hphiS hphiV).symm
          (R, lambda)) =
    quotientSampleOutput B q phi₀ R lambda wW
but is expected to have type
  (spanExtensionSubmodule B wW).subtype ∘ₗ
      ↑((And.rec
              (fun left right =>
                And.rec
                  (fun left_1 right =>
                    And.rec
                      (fun left_2 right =>
                        And.rec
                          (fun left_3 right =>
                            quotientAppendSamplingEquiv B wW ⋯ (Submodule.factor ⋯) (Classical.choose ⋯)
                              (Classical.choose ⋯) (Submodule.Quotient.mk ↑v) ⋯ ⋯ left_1 ⋯ ⋯)
                          right)
                      right)
                  right)
              ⋯).symm
          (R, lambda)) =
    quotientSampleOutput B q phi₀ R lambda wW
C:\Users\Dan\Desktop\Projects\realizable-cmmsa-hardness\docs\native-receipts\ActualSelectedComplementAnalyticMoment\runtime-prebuild\local-native-123542\src\PvNP\RealizableHardness\ActualBinaryMatrixHC46A18SourceGlobal.lean:712:13: warning: Variable name `w` is not explicitly referenced.

Hint: The binding can be removed (if unused) or named `_` (if used implicitly). Alternatively, prefix the name with `_` to silence this warning:
  [apply] _w

Note: This linter can be disabled with `set_option linter.unusedVariables false`
C:\Users\Dan\Desktop\Projects\realizable-cmmsa-hardness\docs\native-receipts\ActualSelectedComplementAnalyticMoment\runtime-prebuild\local-native-123542\src\PvNP\RealizableHardness\ActualBinaryMatrixHC46A18SourceGlobal.lean:716:23: warning: Variable name `w` is not explicitly referenced.

Hint: The binding can be removed (if unused) or named `_` (if used implicitly). Alternatively, prefix the name with `_` to silence this warning:
  [apply] _w

Note: This linter can be disabled with `set_option linter.unusedVariables false`
C:\Users\Dan\Desktop\Projects\realizable-cmmsa-hardness\docs\native-receipts\ActualSelectedComplementAnalyticMoment\runtime-prebuild\local-native-123542\src\PvNP\RealizableHardness\ActualBinaryMatrixHC46A18SourceGlobal.lean:741:4: error: Type mismatch: After simplification, term
  Eq.symm (Finset.sum_subtype_eq_sum_filter g)
 has type
  ∑ x with p x, g x = ∑ x, g ↑x
but is expected to have type
  ∑ x, g ↑x = ∑ x with p x, g x
C:\Users\Dan\Desktop\Projects\realizable-cmmsa-hardness\docs\native-receipts\ActualSelectedComplementAnalyticMoment\runtime-prebuild\local-native-123542\src\PvNP\RealizableHardness\ActualBinaryMatrixHC46A18SourceGlobal.lean:802:8: error: Tactic `rewrite` failed: Did not find an occurrence of the pattern
  (∑ x, Complex.normSq (f ↑(e.symm ↑x))) / ↑(Fintype.card { x // p x })
in the target expression
  (∑ N, g N) / ↑(Fintype.card { N // p N }) ≤ 2 * η

n d s : ℕ
η : ℝ
f : BinaryMatrix n d → ℂ
hf : UpToActualNormSqGlobal s η f
Q : ActualAffineRestriction n d
hQ : Q.order ≤ s + 1
phi : ↥Q.domainFixed →ₗ[ZMod 2] ZMod 2
v : ↥Q.domainFixed
hv : phi v = 1
B' : Submodule (ZMod 2) (Fin n → ZMod 2)
hB : Q.codomainVariation ≤ B'
hdim : Module.finrank (ZMod 2) ↥B' = Module.finrank (ZMod 2) ↥Q.codomainVariation + 1
A' : Submodule (ZMod 2) (Fin d → ZMod 2) := functionalKernelInAmbient Q.domainFixed phi
X : Type := (Fin d → ZMod 2) ⧸ Q.domainFixed
X' : Type := (Fin d → ZMod 2) ⧸ A'
Q' : ActualAffineRestriction n d := { domainFixed := A', codomainVariation := B', base := Q.base }
e : ↥Q'.fibre ≃ QuotientHom Q'.domainFixed Q'.codomainVariation := actualFibreQuotientHomEquiv Q'
p : (X' →ₗ[ZMod 2] ↥B') → Prop := fun N => ↑(N (A'.mkQ ↑v)) ∉ Q.codomainVariation
g : { N // p N } → ℝ := fun N => Complex.normSq (f ↑(e.symm ↑N))
hcond :
  (∑ N with ↑(N ((functionalKernelInAmbient Q.domainFixed phi).mkQ ↑v)) ∉ Q.codomainVariation,
        Complex.normSq
          (f
            ↑((actualFibreQuotientHomEquiv
                    { domainFixed := functionalKernelInAmbient Q.domainFixed phi, codomainVariation := B',
                      base := Q.base }).symm
                N))) /
      ↑{N | ↑(N ((functionalKernelInAmbient Q.domainFixed phi).mkQ ↑v)) ∉ Q.codomainVariation}.card ≤
    2 * η
hfilter : (∑ N with p N, Complex.normSq (f ↑(e.symm N))) / ↑(Finset.filter p Finset.univ).card ≤ 2 * η
⊢ (∑ N, g N) / ↑(Fintype.card { N // p N }) ≤ 2 * η
C:\Users\Dan\Desktop\Projects\realizable-cmmsa-hardness\docs\native-receipts\ActualSelectedComplementAnalyticMoment\runtime-prebuild\local-native-123542\src\PvNP\RealizableHardness\ActualBinaryMatrixHC46A18SourceGlobal.lean:870:65: error: unsolved goals
X : Type u_1
W : Type u_2
inst✝⁷ : AddCommGroup X
inst✝⁶ : Module (ZMod 2) X
inst✝⁵ : AddCommGroup W
inst✝⁴ : Module (ZMod 2) W
inst✝³ : Fintype X
inst✝² : Fintype W
B B' : Submodule (ZMod 2) W
hB : B ≤ B'
hdim : Module.finrank (ZMod 2) ↥B' = Module.finrank (ZMod 2) ↥B + 1
C : Type u_3
inst✝¹ : Fintype C
inst✝ : Nonempty C
gStable : (_ : ↥B) × C → ℝ
gExpanded : (_ : { w // ↑w ∉ B }) × C → ℝ
η : ℝ
hη : 0 ≤ η
hStable : (∑ p, gStable p) / ↑(Fintype.card ((_ : ↥B) × C)) ≤ η
hExpanded : (∑ p, gExpanded p) / ↑(Fintype.card ((_ : { w // ↑w ∉ B }) × C)) ≤ 2 * η
O : Type (max 0 u_2) := { w // ↑w ∉ B }
S : Type (max u_2 u_3) := (_ : ↥B) × C
E : Type (max u_2 u_3) := (_ : O) × C
hO : Fintype.card O = Fintype.card ↥B
hSC : Fintype.card S = Fintype.card ↥B * Fintype.card C
hEC : Fintype.card E = Fintype.card O * Fintype.card C
hpop : Fintype.card S = Fintype.card E
hSpos : 0 < ↑(Fintype.card S)
hsum : ∑ p, Sum.elim gStable gExpanded p = ∑ p, gStable p + ∑ p, gExpanded p
⊢ ↑(Fintype.card S) + ↑(Fintype.card S) = 2 * ↑(Fintype.card S)
C:\Users\Dan\Desktop\Projects\realizable-cmmsa-hardness\docs\native-receipts\ActualSelectedComplementAnalyticMoment\runtime-prebuild\local-native-123542\src\PvNP\RealizableHardness\ActualBinaryMatrixHC46A18SourceGlobal.lean:881:4: error: No goals to be solved
C:\Users\Dan\Desktop\Projects\realizable-cmmsa-hardness\docs\native-receipts\ActualSelectedComplementAnalyticMoment\runtime-prebuild\local-native-123542\src\PvNP\RealizableHardness\ActualBinaryMatrixHC46A18SourceGlobal.lean:986:17: error: typeclass instance problem is stuck
  Fintype ?m.725

Note: Lean will not try to resolve this typeclass instance problem because the type argument to `Fintype` is a metavariable. This argument must be fully determined before Lean will try to resolve the typeclass.

Hint: Adding type annotations and supplying implicit arguments to functions can give Lean more information for typeclass resolution. For example, if you have a variable `x` that you intend to be a `Nat`, but Lean reports it as having an unresolved type like `?m`, replacing `x` with `(x : Nat)` can get typeclass resolution un-stuck.
C:\Users\Dan\Desktop\Projects\realizable-cmmsa-hardness\docs\native-receipts\ActualSelectedComplementAnalyticMoment\runtime-prebuild\local-native-123542\src\PvNP\RealizableHardness\ActualBinaryMatrixHC46A18SourceGlobal.lean:1071:2: error: Type mismatch: After simplification, term
  Equiv.sum_comp e fun z => g z
 has type
  @Eq ℝ
    (∑ i,
      g
        ({ toFun := fun p => (↑p.snd.1, p.snd.2), invFun := fun z => ⟨Submodule.Quotient.mk z.1, (⟨z.1, ⋯⟩, z.2)⟩,
            left_inv := ⋯, right_inv := ⋯ }
          i))
    (∑ i, g i)
but is expected to have type
  @Eq ℝ (∑ p, g (↑p.snd.1, p.snd.2)) (∑ z, g z)
C:\Users\Dan\Desktop\Projects\realizable-cmmsa-hardness\docs\native-receipts\ActualSelectedComplementAnalyticMoment\runtime-prebuild\local-native-123542\src\PvNP\RealizableHardness\ActualBinaryMatrixHC46A18SourceGlobal.lean:1141:4: warning: This simp argument is unused:
  Matrix.toLin'_toMatrix'

Hint: Omit it from the simp argument list.
  [apply] simp [actualFibreQuotientHomEquiv, actualFibreLinearEquiv, quotientHomEquiv, ConstrainedMap,
    LinearMap.toMatrix'_toLin']

Note: This linter can be disabled with `set_option linter.unusedSimpArgs false`
C:\Users\Dan\Desktop\Projects\realizable-cmmsa-hardness\docs\native-receipts\ActualSelectedComplementAnalyticMoment\runtime-prebuild\local-native-123542\src\PvNP\RealizableHardness\ActualBinaryMatrixHC46A18SourceGlobal.lean:1208:6: error: Tactic `rewrite` failed: Did not find an occurrence of the pattern
  ↑((actualFibreQuotientHomEquiv ?Q).symm ?N)
in the target expression
  let A' := functionalKernelInAmbient Q.domainFixed phi;
  let X := (Fin d → ZMod 2) ⧸ Q.domainFixed;
  let X' := (Fin d → ZMod 2) ⧸ A';
  let q := Submodule.factor ⋯;
  let Q' := { domainFixed := A', codomainVariation := Q.codomainVariation, base := Q.base };
  ↑((actualFibreQuotientHomEquiv Q').symm (stableSourceSampleMap Q.codomainVariation q phi₀ R lambda w)) =
    LinearMap.toMatrix' (Matrix.toLin' Q.base + quotientSampleOutput Q.codomainVariation q phi₀ R lambda ↑w ∘ₗ A'.mkQ)

n d : ℕ
Q : ActualAffineRestriction n d
phi : ↥Q.domainFixed →ₗ[ZMod 2] ZMod 2
v : ↥Q.domainFixed
hv : phi v = 1
phi₀ : (Fin d → ZMod 2) ⧸ functionalKernelInAmbient Q.domainFixed phi →ₗ[ZMod 2] ZMod 2
R : (Fin d → ZMod 2) ⧸ Q.domainFixed →ₗ[ZMod 2] ↥Q.codomainVariation
lambda : (Fin d → ZMod 2) ⧸ Q.domainFixed →ₗ[ZMod 2] ZMod 2
w : ↥Q.codomainVariation
A' : Submodule (ZMod 2) (Fin d → ZMod 2) := functionalKernelInAmbient Q.domainFixed phi
X : Type := (Fin d → ZMod 2) ⧸ Q.domainFixed
X' : Type := (Fin d → ZMod 2) ⧸ A'
q : X' →ₗ[ZMod 2] X := Submodule.factor ⋯
Q' : ActualAffineRestriction n d := { domainFixed := A', codomainVariation := Q.codomainVariation, base := Q.base }
N : X' →ₗ[ZMod 2] ↥Q.codomainVariation := stableSourceSampleMap Q.codomainVariation q phi₀ R lambda w
hco :
  Q.codomainVariation.subtype ∘ₗ stableSourceSampleMap Q.codomainVariation q phi₀ R lambda w =
    quotientSampleOutput Q.codomainVariation q phi₀ R lambda ↑w
hcomp :
  Q.codomainVariation.subtype ∘ₗ N ∘ₗ A'.mkQ = quotientSampleOutput Q.codomainVariation q phi₀ R lambda ↑w ∘ₗ A'.mkQ
⊢ let A' := functionalKernelInAmbient Q.domainFixed phi;
  let X := (Fin d → ZMod 2) ⧸ Q.domainFixed;
  let X' := (Fin d → ZMod 2) ⧸ A';
  let q := Submodule.factor ⋯;
  let Q' := { domainFixed := A', codomainVariation := Q.codomainVariation, base := Q.base };
  ↑((actualFibreQuotientHomEquiv Q').symm (stableSourceSampleMap Q.codomainVariation q phi₀ R lambda w)) =
    LinearMap.toMatrix' (Matrix.toLin' Q.base + quotientSampleOutput Q.codomainVariation q phi₀ R lambda ↑w ∘ₗ A'.mkQ)

Note: The target expression is not type-correct under the `implicit` transparency level, which may have triggered the failure. This is usually caused by unfolding of semireducible definitions in prior tactic steps. Use `set_option linter.tacticCheckInstances true` to investigate the source of the issue.
Full error:
  Application type mismatch: The argument
    fun x_1 => x ∈ Q.domainFixed
  has type
    x ∈ A' → Prop
  but is expected to have type
    (∃ a ∈ ↑phi.ker, Q.domainFixed.subtype a = x) → Prop
  in the application
    @Exists.casesOn (↥Q.domainFixed) (fun a => a ∈ ↑phi.ker ∧ Q.domainFixed.subtype a = x) fun x_1 => x ∈ Q.domainFixed
C:\Users\Dan\Desktop\Projects\realizable-cmmsa-hardness\docs\native-receipts\ActualSelectedComplementAnalyticMoment\runtime-prebuild\local-native-123542\src\PvNP\RealizableHardness\ActualBinaryMatrixHC46A18SourceGlobal.lean:1271:4: error: Type mismatch: After simplification, term
  hx
 has type
  ↑(↑((actual_expanded_source_coordinates_equiv Q.domainFixed phi v hv Q.codomainVariation B' hB hdim) ⟨w, (R, lambda)⟩)
        (Submodule.Quotient.mk ↑↑x)) =
    (quotientSampleOutput Q.codomainVariation (Submodule.factor ⋯) phi₀ R lambda ↑↑w) (Submodule.Quotient.mk ↑↑x)
but is expected to have type
  ↑(↑((actual_expanded_source_coordinates_equiv Q.domainFixed phi v hv Q.codomainVariation B' hB hdim) ⟨w, (R, lambda)⟩)
          (Submodule.Quotient.mk (Pi.single x 1)))
      x✝ =
    (quotientSampleOutput Q.codomainVariation q phi₀ R lambda ↑↑w) (Submodule.Quotient.mk (Pi.single x 1)) x✝
C:\Users\Dan\Desktop\Projects\realizable-cmmsa-hardness\docs\native-receipts\ActualSelectedComplementAnalyticMoment\runtime-prebuild\local-native-123542\src\PvNP\RealizableHardness\ActualBinaryMatrixHC46A18SourceGlobal.lean:1330:24: error: unsolved goals
case «0»
W : Type u_1
inst✝² : AddCommGroup W
inst✝¹ : Module (ZMod 2) W
inst✝ : Fintype W
B : Submodule (ZMod 2) W
w₀ : W
hw₀ : w₀ ∉ B
u : { u // ↑u ∉ B }
b : W
hb : b ∈ B
c : W
hc : 0 • w₀ ∈ ZMod 2 ∙ w₀
hbc : c = 0 • w₀
hu : ↑↑u = b + 0 • w₀
ha0 : 0 ≠ 0
⊢ 0 = 1

case «1»
W : Type u_1
inst✝² : AddCommGroup W
inst✝¹ : Module (ZMod 2) W
inst✝ : Fintype W
B : Submodule (ZMod 2) W
w₀ : W
hw₀ : w₀ ∉ B
u : { u // ↑u ∉ B }
b : W
hb : b ∈ B
c : W
hc : 1 • w₀ ∈ ZMod 2 ∙ w₀
hbc : c = 1 • w₀
hu : ↑↑u = b + 1 • w₀
ha0 : 1 ≠ 0
⊢ 1 = 1
C:\Users\Dan\Desktop\Projects\realizable-cmmsa-hardness\docs\native-receipts\ActualSelectedComplementAnalyticMoment\runtime-prebuild\local-native-123542\src\PvNP\RealizableHardness\ActualBinaryMatrixHC46A18SourceGlobal.lean:1340:23: warning: This simp argument is unused:
  map_smul

Hint: Omit it from the simp argument list.
  [apply] simp [map_add, ha1, hbq]

Note: This linter can be disabled with `set_option linter.unusedSimpArgs false`
C:\Users\Dan\Desktop\Projects\realizable-cmmsa-hardness\docs\native-receipts\ActualSelectedComplementAnalyticMoment\runtime-prebuild\local-native-123542\src\PvNP\RealizableHardness\ActualBinaryMatrixHC46A18SourceGlobal.lean:1353:7: warning: Variable name `w` is not explicitly referenced.

Hint: The binding can be removed (if unused) or named `_` (if used implicitly). Alternatively, prefix the name with `_` to silence this warning:
  [apply] _w

Note: This linter can be disabled with `set_option linter.unusedVariables false`
C:\Users\Dan\Desktop\Projects\realizable-cmmsa-hardness\docs\native-receipts\ActualSelectedComplementAnalyticMoment\runtime-prebuild\local-native-123542\src\PvNP\RealizableHardness\ActualBinaryMatrixHC46A18SourceGlobal.lean:1354:9: warning: Variable name `u` is not explicitly referenced.

Hint: The binding can be removed (if unused) or named `_` (if used implicitly). Alternatively, prefix the name with `_` to silence this warning:
  [apply] _u

Note: This linter can be disabled with `set_option linter.unusedVariables false`
C:\Users\Dan\Desktop\Projects\realizable-cmmsa-hardness\docs\native-receipts\ActualSelectedComplementAnalyticMoment\runtime-prebuild\local-native-123542\src\PvNP\RealizableHardness\ActualBinaryMatrixHC46A18SourceGlobal.lean:1447:4: error: Type mismatch
  hcomp
has type
  (B'.subtype ∘ₗ
        ↑((actual_expanded_source_coordinates_equiv Q.domainFixed phi v hv Q.codomainVariation B' hB hdim)
            ⟨p.fst, (p.snd.1, p.snd.2)⟩)) ∘ₗ
      A'.mkQ =
    quotientSampleOutput Q.codomainVariation (Submodule.factor ⋯) (Classical.choose ⋯) p.snd.1 p.snd.2 ↑↑p.fst ∘ₗ A'.mkQ
but is expected to have type
  LinearMap.toMatrix'
      (Matrix.toLin' Q.base + quotientSampleOutput Q.codomainVariation q phi₀ p.snd.1 p.snd.2 ↑↑p.fst ∘ₗ A'.mkQ) =
    LinearMap.toMatrix'
      (Matrix.toLin' Q'.base +
        Q'.codomainVariation.subtype ∘ₗ
          ↑((actual_expanded_source_coordinates_equiv Q.domainFixed phi v hv Q.codomainVariation B' hB hdim) p) ∘ₗ
            Q'.domainFixed.mkQ)
C:\Users\Dan\Desktop\Projects\realizable-cmmsa-hardness\docs\native-receipts\ActualSelectedComplementAnalyticMoment\runtime-prebuild\local-native-123542\src\PvNP\RealizableHardness\ActualBinaryMatrixHC46A18SourceGlobal.lean:1449:6: error: Tactic `rewrite` failed: Did not find an occurrence of the pattern
  ∑ p,
    Complex.normSq
      (f
        (LinearMap.toMatrix'
          (Matrix.toLin' Q.base + quotientSampleOutput Q.codomainVariation q phi₀ p.snd.1 p.snd.2 ↑↑p.fst ∘ₗ A'.mkQ)))
in the target expression
  (∑ p,
        Complex.normSq
          (f
            (LinearMap.toMatrix'
              (Matrix.toLin' Q.base +
                quotientSampleOutput Q.codomainVariation (Submodule.factor ⋯) (Classical.choose ⋯) p.snd.1 p.snd.2
                    ↑↑p.fst ∘ₗ
                  (functionalKernelInAmbient Q.domainFixed phi).mkQ)))) /
      ↑(Fintype.card
          ((_ : { w // ↑w ∉ Q.codomainVariation }) ×
            ((Fin d → ZMod 2) ⧸ Q.domainFixed →ₗ[ZMod 2] ↥Q.codomainVariation) ×
              ((Fin d → ZMod 2) ⧸ Q.domainFixed →ₗ[ZMod 2] ZMod 2))) ≤
    2 * η

n d s : ℕ
η : ℝ
f : BinaryMatrix n d → ℂ
hf : UpToActualNormSqGlobal s η f
Q : ActualAffineRestriction n d
hQ : Q.order ≤ s + 1
phi : ↥Q.domainFixed →ₗ[ZMod 2] ZMod 2
v : ↥Q.domainFixed
hv : phi v = 1
B' : Submodule (ZMod 2) (Fin n → ZMod 2)
hB : Q.codomainVariation ≤ B'
hdim : Module.finrank (ZMod 2) ↥B' = Module.finrank (ZMod 2) ↥Q.codomainVariation + 1
hsource : ∃ s phi₀,
  have q := Submodule.factor ⋯;
  q ∘ₗ s = LinearMap.id ∧
    q ((functionalKernelInAmbient Q.domainFixed phi).mkQ ↑v) = 0 ∧
      phi₀ ∘ₗ s = 0 ∧
        phi₀ ((functionalKernelInAmbient Q.domainFixed phi).mkQ ↑v) = 1 ∧
          ∀ (x : (Fin d → ZMod 2) ⧸ functionalKernelInAmbient Q.domainFixed phi),
            x = s (q x) + phi₀ x • (functionalKernelInAmbient Q.domainFixed phi).mkQ ↑v :=
  quotientSectionCoordinates_of_restricted_functional Q.domainFixed phi v hv
sCoord : (Fin d → ZMod 2) ⧸ Q.domainFixed →ₗ[ZMod 2] (Fin d → ZMod 2) ⧸ functionalKernelInAmbient Q.domainFixed phi :=
  Classical.choose hsource
hphiSource : ∃ phi₀,
  have q := Submodule.factor ⋯;
  q ∘ₗ Classical.choose hsource = LinearMap.id ∧
    q ((functionalKernelInAmbient Q.domainFixed phi).mkQ ↑v) = 0 ∧
      phi₀ ∘ₗ Classical.choose hsource = 0 ∧
        phi₀ ((functionalKernelInAmbient Q.domainFixed phi).mkQ ↑v) = 1 ∧
          ∀ (x : (Fin d → ZMod 2) ⧸ functionalKernelInAmbient Q.domainFixed phi),
            x = (Classical.choose hsource) (q x) + phi₀ x • (functionalKernelInAmbient Q.domainFixed phi).mkQ ↑v :=
  Classical.choose_spec hsource
phi₀ : (Fin d → ZMod 2) ⧸ functionalKernelInAmbient Q.domainFixed phi →ₗ[ZMod 2] ZMod 2 := Classical.choose hphiSource
A' : Submodule (ZMod 2) (Fin d → ZMod 2) := functionalKernelInAmbient Q.domainFixed phi
X : Type := (Fin d → ZMod 2) ⧸ Q.domainFixed
X' : Type := (Fin d → ZMod 2) ⧸ A'
q : X' →ₗ[ZMod 2] X := Submodule.factor ⋯
C : Type := (X →ₗ[ZMod 2] ↥Q.codomainVariation) × (X →ₗ[ZMod 2] ZMod 2)
Outside : Type := { w // ↑w ∉ Q.codomainVariation }
Q' : ActualAffineRestriction n d := { domainFixed := A', codomainVariation := B', base := Q.base }
hqs' : Submodule.factor ⋯ ∘ₗ Classical.choose ⋯ = LinearMap.id
hqv' : (Submodule.factor ⋯) ((functionalKernelInAmbient Q.domainFixed phi).mkQ ↑v) = 0
hphiS' : Classical.choose ⋯ ∘ₗ Classical.choose ⋯ = 0
hphiV' : (Classical.choose ⋯) ((functionalKernelInAmbient Q.domainFixed phi).mkQ ↑v) = 1
hdecomp' :
  ∀ (x : (Fin d → ZMod 2) ⧸ functionalKernelInAmbient Q.domainFixed phi),
    x =
      (Classical.choose ⋯) ((Submodule.factor ⋯) x) +
        (Classical.choose ⋯) x • (functionalKernelInAmbient Q.domainFixed phi).mkQ ↑v
hmatrix :
  ∀ (B' : Submodule (ZMod 2) (Fin n → ZMod 2)) (hB : Q.codomainVariation ≤ B')
    (hdim : Module.finrank (ZMod 2) ↥B' = Module.finrank (ZMod 2) ↥Q.codomainVariation + 1)
    (w : { w // ↑w ∉ Q.codomainVariation }) (R : (Fin d → ZMod 2) ⧸ Q.domainFixed →ₗ[ZMod 2] ↥Q.codomainVariation)
    (lambda : (Fin d → ZMod 2) ⧸ Q.domainFixed →ₗ[ZMod 2] ZMod 2),
    B'.subtype ∘ₗ
        ↑((actual_expanded_source_coordinates_equiv Q.domainFixed phi v hv Q.codomainVariation B' hB hdim)
            ⟨w, (R, lambda)⟩) =
      quotientSampleOutput Q.codomainVariation (Submodule.factor ⋯) (Classical.choose ⋯) R lambda ↑↑w
hbound :
  (∑ p,
        Complex.normSq
          (f
            ↑((actualFibreQuotientHomEquiv
                    { domainFixed := functionalKernelInAmbient Q.domainFixed phi, codomainVariation := B',
                      base := Q.base }).symm
                ↑((actual_expanded_source_coordinates_equiv Q.domainFixed phi v hv Q.codomainVariation B' hB hdim)
                    p)))) /
      ↑(Fintype.card
          ((_ : { w // ↑w ∉ Q.codomainVariation }) ×
            ((Fin d → ZMod 2) ⧸ Q.domainFixed →ₗ[ZMod 2] ↥Q.codomainVariation) ×
              ((Fin d → ZMod 2) ⧸ Q.domainFixed →ₗ[ZMod 2] ZMod 2))) ≤
    2 * η
hsum :
  ∑ p,
      Complex.normSq
        (f
          (LinearMap.toMatrix'
            (Matrix.toLin' Q.base +
              quotientSampleOutput Q.codomainVariation q phi₀ p.snd.1 p.snd.2 ↑↑p.fst ∘ₗ A'.mkQ))) =
    ∑ p,
      Complex.normSq
        (f
          ↑((actualFibreQuotientHomEquiv Q').symm
              ↑((actual_expanded_source_coordinates_equiv Q.domainFixed phi v hv Q.codomainVariation B' hB hdim) p)))
⊢ (∑ p,
        Complex.normSq
          (f
            (LinearMap.toMatrix'
              (Matrix.toLin' Q.base +
                quotientSampleOutput Q.codomainVariation (Submodule.factor ⋯) (Classical.choose ⋯) p.snd.1 p.snd.2
                    ↑↑p.fst ∘ₗ
                  (functionalKernelInAmbient Q.domainFixed phi).mkQ)))) /
      ↑(Fintype.card
          ((_ : { w // ↑w ∉ Q.codomainVariation }) ×
            ((Fin d → ZMod 2) ⧸ Q.domainFixed →ₗ[ZMod 2] ↥Q.codomainVariation) ×
              ((Fin d → ZMod 2) ⧸ Q.domainFixed →ₗ[ZMod 2] ZMod 2))) ≤
    2 * η

Note: The target expression is not type-correct under the `implicit` transparency level, which may have triggered the failure. This is usually caused by unfolding of semireducible definitions in prior tactic steps. Use `set_option linter.tacticCheckInstances true` to investigate the source of the issue.
Full error:
  Application type mismatch: The argument
    fun x_1 => x ∈ Q.domainFixed
  has type
    x ∈ functionalKernelInAmbient Q.domainFixed phi → Prop
  but is expected to have type
    (∃ a ∈ ↑phi.ker, Q.domainFixed.subtype a = x) → Prop
  in the application
    @Exists.casesOn (↥Q.domainFixed) (fun a => a ∈ ↑phi.ker ∧ Q.domainFixed.subtype a = x) fun x_1 => x ∈ Q.domainFixed
C:\Users\Dan\Desktop\Projects\realizable-cmmsa-hardness\docs\native-receipts\ActualSelectedComplementAnalyticMoment\runtime-prebuild\local-native-123542\src\PvNP\RealizableHardness\ActualBinaryMatrixHC46A18SourceGlobal.lean:1514:23: error: Type mismatch
  0
has type
  ℕ
of sort `Type` but is expected to have type
  ∃ s phi₀,
    have q := Submodule.factor ⋯;
    q ∘ₗ s = LinearMap.id ∧
      q ((functionalKernelInAmbient Q.domainFixed phi).mkQ ↑v) = 0 ∧
        phi₀ ∘ₗ s = 0 ∧
          phi₀ ((functionalKernelInAmbient Q.domainFixed phi).mkQ ↑v) = 1 ∧
            ∀ (x : (Fin d → ZMod 2) ⧸ functionalKernelInAmbient Q.domainFixed phi),
              x = s (q x) + phi₀ x • (functionalKernelInAmbient Q.domainFixed phi).mkQ ↑v
of sort `Prop`
C:\Users\Dan\Desktop\Projects\realizable-cmmsa-hardness\docs\native-receipts\ActualSelectedComplementAnalyticMoment\runtime-prebuild\local-native-123542\src\PvNP\RealizableHardness\ActualBinaryMatrixHC46A18SourceGlobal.lean:1527:10: error: unexpected token 'Σ'; expected command
C:\Users\Dan\Desktop\Projects\realizable-cmmsa-hardness\docs\native-receipts\ActualSelectedComplementAnalyticMoment\runtime-prebuild\local-native-123542\src\PvNP\RealizableHardness\ActualBinaryMatrixHC46A18SourceGlobal.lean:1694:6: error: Tactic `rewrite` failed: Did not find an occurrence of the pattern
  ∑ z, g (↑z.1, z.2)
in the target expression
  (∑ z, g (↑z.1, z.2)) /
      ↑(Fintype.card
          ({ w // Submodule.Quotient.mk w = q } ×
            ((Fin d → ZMod 2) ⧸ Q.domainFixed →ₗ[ZMod 2] ↥Q.codomainVariation) ×
              ((Fin d → ZMod 2) ⧸ Q.domainFixed →ₗ[ZMod 2] ZMod 2))) ≤
    2 * η

n d s : ℕ
η : ℝ
f : BinaryMatrix n d → ℂ
hf : UpToActualNormSqGlobal s η f
Q : ActualAffineRestriction n d
hQ : Q.order ≤ s + 1
phi : ↥Q.domainFixed →ₗ[ZMod 2] ZMod 2
v : ↥Q.domainFixed
hv : phi v = 1
hsource : ∃ s phi₀,
  have q := Submodule.factor ⋯;
  q ∘ₗ s = LinearMap.id ∧
    q ((functionalKernelInAmbient Q.domainFixed phi).mkQ ↑v) = 0 ∧
      phi₀ ∘ₗ s = 0 ∧
        phi₀ ((functionalKernelInAmbient Q.domainFixed phi).mkQ ↑v) = 1 ∧
          ∀ (x : (Fin d → ZMod 2) ⧸ functionalKernelInAmbient Q.domainFixed phi),
            x = s (q x) + phi₀ x • (functionalKernelInAmbient Q.domainFixed phi).mkQ ↑v :=
  quotientSectionCoordinates_of_restricted_functional Q.domainFixed phi v hv
sCoord : (Fin d → ZMod 2) ⧸ Q.domainFixed →ₗ[ZMod 2] (Fin d → ZMod 2) ⧸ functionalKernelInAmbient Q.domainFixed phi :=
  Classical.choose hsource
hphiSource : ∃ phi₀,
  have q := Submodule.factor ⋯;
  q ∘ₗ Classical.choose hsource = LinearMap.id ∧
    q ((functionalKernelInAmbient Q.domainFixed phi).mkQ ↑v) = 0 ∧
      phi₀ ∘ₗ Classical.choose hsource = 0 ∧
        phi₀ ((functionalKernelInAmbient Q.domainFixed phi).mkQ ↑v) = 1 ∧
          ∀ (x : (Fin d → ZMod 2) ⧸ functionalKernelInAmbient Q.domainFixed phi),
            x = (Classical.choose hsource) (q x) + phi₀ x • (functionalKernelInAmbient Q.domainFixed phi).mkQ ↑v :=
  Classical.choose_spec hsource
phi₀ : (Fin d → ZMod 2) ⧸ functionalKernelInAmbient Q.domainFixed phi →ₗ[ZMod 2] ZMod 2 := Classical.choose hphiSource
A' : Submodule (ZMod 2) (Fin d → ZMod 2) := functionalKernelInAmbient Q.domainFixed phi
X : Type := (Fin d → ZMod 2) ⧸ Q.domainFixed
X' : Type := (Fin d → ZMod 2) ⧸ A'
qdom : X' →ₗ[ZMod 2] X := Submodule.factor ⋯
C : Type := (X →ₗ[ZMod 2] ↥Q.codomainVariation) × (X →ₗ[ZMod 2] ZMod 2)
sample : (Fin n → ZMod 2) × C → BinaryMatrix n d :=
  fun z =>
    LinearMap.toMatrix'
      (Matrix.toLin' Q.base + quotientSampleOutput Q.codomainVariation qdom phi₀ z.2.1 z.2.2 z.1 ∘ₗ A'.mkQ)
g : (Fin n → ZMod 2) × C → ℝ := fun z => Complex.normSq (f (sample z))
hcoset :
  have hsource := ⋯;
  have sCoord := Classical.choose hsource;
  have hphiSource := ⋯;
  have phi₀ := Classical.choose hphiSource;
  let A' := functionalKernelInAmbient Q.domainFixed phi;
  let X := (Fin d → ZMod 2) ⧸ Q.domainFixed;
  have qdom := Submodule.factor ⋯;
  let C := (X →ₗ[ZMod 2] ↥Q.codomainVariation) × (X →ₗ[ZMod 2] ZMod 2);
  have sample := fun z =>
    LinearMap.toMatrix'
      (Matrix.toLin' Q.base + quotientSampleOutput Q.codomainVariation qdom phi₀ z.2.1 z.2.2 z.1 ∘ₗ A'.mkQ);
  ∀ (q : (Fin n → ZMod 2) ⧸ Q.codomainVariation),
    (∑ p, Complex.normSq (f (sample (↑p.fst, p.snd)))) /
        ↑(Fintype.card ((_ : { w // Q.codomainVariation.mkQ w = q }) × C)) ≤
      2 * η
q : (Fin n → ZMod 2) ⧸ Q.codomainVariation
Fq : Type := { w // Q.codomainVariation.mkQ w = q }
S : Type := (_ : Fq) × C
e : S ≃ Fq × C := { toFun := fun p => (p.fst, p.snd), invFun := fun z => ⟨z.1, z.2⟩, left_inv := ⋯, right_inv := ⋯ }
hsum : ∑ p, g (↑p.fst, p.snd) = ∑ z, g (↑z.1, z.2)
hcard : Fintype.card S = Fintype.card (Fq × C)
hq :
  (∑ p,
        Complex.normSq
          (f
            (LinearMap.toMatrix'
              (Matrix.toLin' Q.base +
                quotientSampleOutput Q.codomainVariation (Submodule.factor ⋯) (Classical.choose ⋯) p.snd.1 p.snd.2
                    ↑p.fst ∘ₗ
                  (functionalKernelInAmbient Q.domainFixed phi).mkQ)))) /
      ↑(Fintype.card
          ((_ : { w // Submodule.Quotient.mk w = q }) ×
            ((Fin d → ZMod 2) ⧸ Q.domainFixed →ₗ[ZMod 2] ↥Q.codomainVariation) ×
              ((Fin d → ZMod 2) ⧸ Q.domainFixed →ₗ[ZMod 2] ZMod 2))) ≤
    2 * η
⊢ (∑ z, g (↑z.1, z.2)) /
      ↑(Fintype.card
          ({ w // Submodule.Quotient.mk w = q } ×
            ((Fin d → ZMod 2) ⧸ Q.domainFixed →ₗ[ZMod 2] ↥Q.codomainVariation) ×
              ((Fin d → ZMod 2) ⧸ Q.domainFixed →ₗ[ZMod 2] ZMod 2))) ≤
    2 * η

Note: The target expression is not type-correct under the `implicit` transparency level, which may have triggered the failure. This is usually caused by unfolding of semireducible definitions in prior tactic steps. Use `set_option linter.tacticCheckInstances true` to investigate the source of the issue.
Full error:
  Application type mismatch: The argument
    instFintypeProd { w // Q.codomainVariation.mkQ w = q } C
  has type
    Fintype ({ w // Q.codomainVariation.mkQ w = q } × C)
  but is expected to have type
    Fintype
      ({ w // Submodule.Quotient.mk w = q } ×
        ((Fin d → ZMod 2) ⧸ Q.domainFixed →ₗ[ZMod 2] ↥Q.codomainVariation) ×
          ((Fin d → ZMod 2) ⧸ Q.domainFixed →ₗ[ZMod 2] ZMod 2))
  in the application
    @Finset.univ
      ({ w // Submodule.Quotient.mk w = q } ×
        ((Fin d → ZMod 2) ⧸ Q.domainFixed →ₗ[ZMod 2] ↥Q.codomainVariation) ×
          ((Fin d → ZMod 2) ⧸ Q.domainFixed →ₗ[ZMod 2] ZMod 2))
      (instFintypeProd { w // Q.codomainVariation.mkQ w = q } C)
C:\Users\Dan\Desktop\Projects\realizable-cmmsa-hardness\docs\native-receipts\ActualSelectedComplementAnalyticMoment\runtime-prebuild\local-native-123542\src\PvNP\RealizableHardness\ActualBinaryMatrixHC46A18SourceGlobal.lean:1723:30: warning: This simp argument is unused:
  phiExt

Hint: Omit it from the simp argument list.
  [apply] simp [quotientSampleOutput, LinearMap.comp_apply, hfactor]

Note: This linter can be disabled with `set_option linter.unusedSimpArgs false`
C:\Users\Dan\Desktop\Projects\realizable-cmmsa-hardness\docs\native-receipts\ActualSelectedComplementAnalyticMoment\runtime-prebuild\local-native-123542\src\PvNP\RealizableHardness\ActualBinaryMatrixHC46A18SourceGlobal.lean:1723:60: warning: This simp argument is unused:
  hfactor

Hint: Omit it from the simp argument list.
  [apply] simp [quotientSampleOutput, phiExt, LinearMap.comp_apply]

Note: This linter can be disabled with `set_option linter.unusedSimpArgs false`
C:\Users\Dan\Desktop\Projects\realizable-cmmsa-hardness\docs\native-receipts\ActualSelectedComplementAnalyticMoment\runtime-prebuild\local-native-123542\src\PvNP\RealizableHardness\ActualBinaryMatrixHC46A18SourceGlobal.lean:1758:9: error(lean.unknownIdentifier): Unknown identifier `div_le_div_right`
C:\Users\Dan\Desktop\Projects\realizable-cmmsa-hardness\docs\native-receipts\ActualSelectedComplementAnalyticMoment\runtime-prebuild\local-native-123542\src\PvNP\RealizableHardness\ActualBinaryMatrixHC46A18SourceGlobal.lean:1759:2: error: No goals to be solved
C:\Users\Dan\Desktop\Projects\realizable-cmmsa-hardness\docs\native-receipts\ActualSelectedComplementAnalyticMoment\runtime-prebuild\local-native-123542\src\PvNP\RealizableHardness\ActualBinaryMatrixHC46A18SourceGlobal.lean:1862:2: error: Type mismatch: After simplification, term
  LE.le.trans hiter' hsourceavg
 has type
  (∑ x,
        Complex.normSq
            (∑ x_1,
              f
                (Q.base +
                  LinearMap.toMatrix'
                    (quotientSampleOutput Q.codomainVariation (Submodule.factor ⋯) phi₀ x x_1.2 x_1.1 ∘ₗ
                      (functionalKernelInAmbient Q.domainFixed phi).mkQ))) /
          ((2 * 2) ^ n *
            (↑(Fintype.card ((Fin d → ZMod 2) ⧸ Q.domainFixed →ₗ[ZMod 2] ZMod 2)) *
              ↑(Fintype.card ((Fin d → ZMod 2) ⧸ Q.domainFixed →ₗ[ZMod 2] ZMod 2))))) /
      ↑(Fintype.card ((Fin d → ZMod 2) ⧸ Q.domainFixed →ₗ[ZMod 2] ↥Q.codomainVariation)) ≤
    2 * η
but is expected to have type
  (∑ x,
        Complex.normSq
            (∑ x_1,
              f
                (Q.base +
                  LinearMap.toMatrix'
                    (quotientSampleOutput Q.codomainVariation (Submodule.factor ⋯) (Classical.choose ⋯) x x_1.2 x_1.1 ∘ₗ
                      (functionalKernelInAmbient Q.domainFixed phi).mkQ))) /
          ((2 * 2) ^ n *
            (↑(Fintype.card ((Fin d → ZMod 2) ⧸ Q.domainFixed →ₗ[ZMod 2] ZMod 2)) *
              ↑(Fintype.card ((Fin d → ZMod 2) ⧸ Q.domainFixed →ₗ[ZMod 2] ZMod 2))))) /
      ↑(Fintype.card ((Fin d → ZMod 2) ⧸ Q.domainFixed →ₗ[ZMod 2] ↥Q.codomainVariation)) ≤
    2 * η
C:\Users\Dan\Desktop\Projects\realizable-cmmsa-hardness\docs\native-receipts\ActualSelectedComplementAnalyticMoment\runtime-prebuild\local-native-123542\src\PvNP\RealizableHardness\ActualBinaryMatrixHC46A18SourceGlobal.lean:1976:4: warning: try 'simp' instead of 'simpa'

Note: This linter can be disabled with `set_option linter.unnecessarySimpa false`
C:\Users\Dan\Desktop\Projects\realizable-cmmsa-hardness\docs\native-receipts\ActualSelectedComplementAnalyticMoment\runtime-prebuild\local-native-123542\src\PvNP\RealizableHardness\ActualBinaryMatrixHC46A18SourceGlobal.lean:1997:6: warning: try 'simp' instead of 'simpa'

Note: This linter can be disabled with `set_option linter.unnecessarySimpa false`
C:\Users\Dan\Desktop\Projects\realizable-cmmsa-hardness\docs\native-receipts\ActualSelectedComplementAnalyticMoment\runtime-prebuild\local-native-123542\src\PvNP\RealizableHardness\ActualBinaryMatrixHC46A18SourceGlobal.lean:1967:15: warning: This simp argument is unused:
  LinearMap.sub_apply

Hint: Omit it from the simp argument list.
  [apply] simp [F, LinearMap.add_apply, LinearMap.comp_apply, hmk]

Note: This linter can be disabled with `set_option linter.unusedSimpArgs false`
C:\Users\Dan\Desktop\Projects\realizable-cmmsa-hardness\docs\native-receipts\ActualSelectedComplementAnalyticMoment\runtime-prebuild\local-native-123542\src\PvNP\RealizableHardness\ActualBinaryMatrixHC46A18SourceGlobal.lean:1967:36: warning: This simp argument is unused:
  LinearMap.add_apply

Hint: Omit it from the simp argument list.
  [apply] simp [F, LinearMap.sub_apply, LinearMap.comp_apply, hmk]

Note: This linter can be disabled with `set_option linter.unusedSimpArgs false`
C:\Users\Dan\Desktop\Projects\realizable-cmmsa-hardness\docs\native-receipts\ActualSelectedComplementAnalyticMoment\runtime-prebuild\local-native-123542\src\PvNP\RealizableHardness\ActualBinaryMatrixHC46A18SourceGlobal.lean:2054:6: error: Dependent elimination failed: Failed to solve equation
  p.1 = ⟨↑(assemble p) ∘ₗ A.subtype, ⋯⟩
