/tmp/cmmsa_analytic_20261002T093501Z.tar.gz: OK
REUSED_DEPENDENCY_BYTES_VERIFIED
lean/PvNP/RealizableHardness/ActualBinaryMatrixHC46A7WeightedPredecessorChecks.lean: OK
lean/PvNP/RealizableHardness/ActualSelectedComplementAnalyticMarginChecks.lean: OK
lean/PvNP/RealizableHardness/ActualOriginalFailureRowGenericFixedMomentCallerChecks.lean: OK
lean/PvNP/RealizableHardness/ActualSelectedHighErrorSignalComparisonChecks.lean: OK
lean/PvNP/RealizableHardness/ActualSelectedSpectralTailGeometryChecks.lean: OK
lean/PvNP/RealizableHardness/ActualSelectedHighEnergyTailChecks.lean: OK
lean/PvNP/RealizableHardness/ActualOriginalFailureFixedMomentCallerChecks.lean: OK
lean/PvNP/RealizableHardness/ActualOriginalFailureAnalyticCallerChecks.lean: OK
lean/PvNP/RealizableHardness/ActualOriginalFailureAnalyticCaller.lean: OK
lean/PvNP/RealizableHardness/ActualSelectedComplementAnalyticNumerics.lean: OK
lean/PvNP/RealizableHardness/ActualSelectedComplementAnalyticNumericsChecks.lean: OK
lean/PvNP/RealizableHardness/ActualFiniteMomentLpBounds.lean: OK
lean/PvNP/RealizableHardness/ActualSelectedSpectralParameters.lean: OK
lean/PvNP/RealizableHardness/ActualCoordinateZoomFailureTransport.lean: OK
lean/PvNP/RealizableHardness/ActualCoordinateZoomFailureTransportChecks.lean: OK
lean/PvNP/RealizableHardness/ActualSelectedComplementAnalyticMoment.lean: OK
lean/PvNP/RealizableHardness/ActualSelectedComplementAnalyticMomentChecks.lean: OK
lean/PvNP/RealizableHardness/ActualSelectedComplementAnalyticMargin.lean: OK
lean/PvNP/RealizableHardness/ActualOriginalFailureFixedMomentCaller.lean: OK
lean/PvNP/RealizableHardness/ActualSelectedHighEnergyTail.lean: OK
lean/PvNP/RealizableHardness/ActualSelectedSpectralTailGeometry.lean: OK
lean/PvNP/RealizableHardness/ActualSelectedHighErrorSignalComparison.lean: OK
lean/PvNP/RealizableHardness/ActualSelectedHighErrorAdditiveSignal.lean: OK
lean/PvNP/RealizableHardness/ActualSelectedHighErrorAdditiveSignalChecks.lean: OK
lean/PvNP/RealizableHardness/ActualOriginalFailureRowGenericFixedMomentCaller.lean: OK
lean/PvNP/RealizableHardness/ActualFiniteAppendSpectral47.lean: OK
lean/PvNP/RealizableHardness/ActualFiniteAppendSpectral47Checks.lean: OK
lean/PvNP/RealizableHardness/ActualBinaryMatrixHC46.lean: OK
lean/PvNP/RealizableHardness/ActualBinaryMatrixHC46Checks.lean: OK
lean/PvNP/RealizableHardness/ActualFiniteBinarySurjectionCounting.lean: OK
lean/PvNP/RealizableHardness/ActualFiniteBinarySurjectionCountingChecks.lean: OK
lean/PvNP/RealizableHardness/ActualBinaryMatrixHC46Derivative.lean: OK
lean/PvNP/RealizableHardness/ActualBinaryMatrixHC46DerivativeChecks.lean: OK
lean/PvNP/RealizableHardness/ActualBinaryMatrixHC46BooleanGlobalness.lean: OK
lean/PvNP/RealizableHardness/ActualBinaryMatrixHC46BooleanGlobalnessChecks.lean: OK
lean/PvNP/RealizableHardness/ActualFiniteBinaryImageFibres.lean: OK
lean/PvNP/RealizableHardness/ActualFiniteBinaryImageFibresChecks.lean: OK
lean/PvNP/RealizableHardness/ActualBinaryMatrixHC46FinitePeeling.lean: OK
lean/PvNP/RealizableHardness/ActualBinaryMatrixHC46FinitePeelingChecks.lean: OK
lean/PvNP/RealizableHardness/ActualBinaryMatrixHC46MixedPeeling.lean: OK
lean/PvNP/RealizableHardness/ActualBinaryMatrixHC46MixedPeelingChecks.lean: OK
lean/PvNP/RealizableHardness/ActualFiniteBinaryImageOrbit.lean: OK
lean/PvNP/RealizableHardness/ActualFiniteBinaryImageOrbitChecks.lean: OK
lean/PvNP/RealizableHardness/ActualFiniteBinaryImageOrbitFourier.lean: OK
lean/PvNP/RealizableHardness/ActualFiniteBinaryImageOrbitFourierChecks.lean: OK
lean/PvNP/RealizableHardness/ActualBinaryMatrixHC46PA4Transport.lean: OK
lean/PvNP/RealizableHardness/ActualBinaryMatrixHC46PA4TransportChecks.lean: OK
lean/PvNP/RealizableHardness/ActualFiniteAppendImageWeighted.lean: OK
lean/PvNP/RealizableHardness/ActualFiniteAppendImageWeightedChecks.lean: OK
lean/PvNP/RealizableHardness/ActualBinaryMatrixHC46FourierA16.lean: OK
lean/PvNP/RealizableHardness/ActualBinaryMatrixHC46FourierA16Checks.lean: OK
lean/PvNP/RealizableHardness/ActualFiniteAppendImageTailBridge.lean: OK
lean/PvNP/RealizableHardness/ActualFiniteAppendImageTailBridgeChecks.lean: OK
lean/PvNP/RealizableHardness/ActualFiniteFrameProductRatio.lean: OK
lean/PvNP/RealizableHardness/ActualFiniteFrameProductRatioChecks.lean: OK
lean/PvNP/RealizableHardness/ActualFiniteAppendImagePerImageEnergy.lean: OK
lean/PvNP/RealizableHardness/ActualFiniteAppendImagePerImageEnergyChecks.lean: OK
lean/PvNP/RealizableHardness/ActualBinaryMatrixHC46CommonDerivative.lean: OK
lean/PvNP/RealizableHardness/ActualBinaryMatrixHC46CommonDerivativeChecks.lean: OK
lean/PvNP/RealizableHardness/ActualFiniteAppendGlobalImageEnergy.lean: OK
lean/PvNP/RealizableHardness/ActualFiniteAppendGlobalImageEnergyChecks.lean: OK
lean/PvNP/RealizableHardness/ActualBinaryMatrixHC46CommonA16.lean: OK
lean/PvNP/RealizableHardness/ActualBinaryMatrixHC46CommonA16Checks.lean: OK
lean/PvNP/RealizableHardness/ActualFiniteAppendSpectral47ExactInhabitant.lean: OK
lean/PvNP/RealizableHardness/ActualFiniteAppendSpectral47ExactInhabitantChecks.lean: OK
lean/PvNP/RealizableHardness/ActualBinaryMatrixHC46A16LevelBound.lean: OK
lean/PvNP/RealizableHardness/ActualBinaryMatrixHC46A16LevelBoundChecks.lean: OK
lean/PvNP/RealizableHardness/ActualFiniteDegreeFourierReconstruction.lean: OK
lean/PvNP/RealizableHardness/ActualFiniteDegreeFourierReconstructionChecks.lean: OK
lean/PvNP/RealizableHardness/ActualBinaryMatrixHC46A16Energy.lean: OK
lean/PvNP/RealizableHardness/ActualBinaryMatrixHC46A16EnergyChecks.lean: OK
lean/PvNP/RealizableHardness/ActualBinaryMatrixHC46TypedFourierTransport.lean: OK
lean/PvNP/RealizableHardness/ActualBinaryMatrixHC46TypedFourierTransportChecks.lean: OK
lean/PvNP/RealizableHardness/ActualFiniteDegreeFourierProduct.lean: OK
lean/PvNP/RealizableHardness/ActualFiniteDegreeFourierProductChecks.lean: OK
lean/PvNP/RealizableHardness/ActualBinaryMatrixHC46TypedA14Energy.lean: OK
lean/PvNP/RealizableHardness/ActualBinaryMatrixHC46TypedA14EnergyChecks.lean: OK
lean/PvNP/RealizableHardness/ActualTypedFourierEquivNaturality.lean: OK
lean/PvNP/RealizableHardness/ActualTypedFourierEquivNaturalityChecks.lean: OK
lean/PvNP/RealizableHardness/ActualRawRestrictionComposition.lean: OK
lean/PvNP/RealizableHardness/ActualRawRestrictionCompositionChecks.lean: OK
lean/PvNP/RealizableHardness/ActualAffineRestrictionComposition.lean: OK
lean/PvNP/RealizableHardness/ActualAffineRestrictionCompositionChecks.lean: OK
lean/PvNP/RealizableHardness/ActualTypedNestedAffineBase.lean: OK
lean/PvNP/RealizableHardness/ActualTypedNestedAffineBaseChecks.lean: OK
lean/PvNP/RealizableHardness/ActualTypedAmbientA14Composition.lean: OK
lean/PvNP/RealizableHardness/ActualTypedAmbientA14CompositionChecks.lean: OK
lean/PvNP/RealizableHardness/ActualBinaryMatrixHC46A18Conditioning.lean: OK
lean/PvNP/RealizableHardness/ActualBinaryMatrixHC46A18ConditioningChecks.lean: OK
lean/PvNP/RealizableHardness/ActualTypedIntrinsicWitnessNaturality.lean: OK
lean/PvNP/RealizableHardness/ActualTypedIntrinsicWitnessNaturalityChecks.lean: OK
lean/PvNP/RealizableHardness/ActualTypedIntrinsicHyperplaneNaturality.lean: OK
lean/PvNP/RealizableHardness/ActualTypedIntrinsicHyperplaneNaturalityChecks.lean: OK
lean/PvNP/RealizableHardness/ActualBinaryMatrixHC46ActualFibreModel.lean: OK
lean/PvNP/RealizableHardness/ActualBinaryMatrixHC46ActualFibreModelChecks.lean: OK
lean/PvNP/RealizableHardness/ActualTypedMixedTower.lean: OK
lean/PvNP/RealizableHardness/ActualTypedMixedTowerChecks.lean: OK
lean/PvNP/RealizableHardness/ActualBinaryMatrixHC46A18ActualGlobalBridge.lean: OK
lean/PvNP/RealizableHardness/ActualBinaryMatrixHC46A18ActualGlobalBridgeChecks.lean: OK
lean/PvNP/RealizableHardness/ActualTypedABMixedTower.lean: OK
lean/PvNP/RealizableHardness/ActualTypedABMixedTowerChecks.lean: OK
lean/PvNP/RealizableHardness/ActualBinaryMatrixHC46A18QuotientSamplingLaw.lean: OK
lean/PvNP/RealizableHardness/ActualBinaryMatrixHC46A18QuotientSamplingLawChecks.lean: OK
lean/PvNP/RealizableHardness/ActualTypedABIntrinsicTower.lean: OK
lean/PvNP/RealizableHardness/ActualTypedABIntrinsicTowerChecks.lean: OK
lean/PvNP/RealizableHardness/ActualTypedCarrierAmbientBudget.lean: OK
lean/PvNP/RealizableHardness/ActualTypedCarrierAmbientBudgetChecks.lean: OK
lean/PvNP/RealizableHardness/ActualTypedABRankedTower.lean: OK
lean/PvNP/RealizableHardness/ActualTypedABRankedTowerChecks.lean: OK
lean/PvNP/RealizableHardness/ActualTypedABCanonicalFlag.lean: OK
lean/PvNP/RealizableHardness/ActualTypedABCanonicalFlagChecks.lean: OK
lean/PvNP/RealizableHardness/ActualBinaryMatrixHC46A18SourceConditioning.lean: OK
lean/PvNP/RealizableHardness/ActualBinaryMatrixHC46A18SourceConditioningChecks.lean: OK
lean/PvNP/RealizableHardness/ActualBinaryMatrixHC46A18SourceGlobal.lean: OK
lean/PvNP/RealizableHardness/ActualBinaryMatrixHC46A18SourceGlobalChecks.lean: OK
lean/PvNP/RealizableHardness/ActualTypedABCanonicalProjection.lean: OK
lean/PvNP/RealizableHardness/ActualTypedABCanonicalProjectionChecks.lean: OK
lean/PvNP/RealizableHardness/ActualTypedABHybridSelectorSteps.lean: OK
lean/PvNP/RealizableHardness/ActualTypedABHybridSelectorStepsChecks.lean: OK
lean/PvNP/RealizableHardness/ActualTypedABCanonicalDCollapse.lean: OK
lean/PvNP/RealizableHardness/ActualTypedABCanonicalDCollapseChecks.lean: OK
lean/PvNP/RealizableHardness/ActualTypedABProjectionEnergy.lean: OK
lean/PvNP/RealizableHardness/ActualTypedABProjectionEnergyChecks.lean: OK
lean/PvNP/RealizableHardness/ActualTypedABRankedProjectionEnergy.lean: OK
lean/PvNP/RealizableHardness/ActualTypedABRankedProjectionEnergyChecks.lean: OK
lean/PvNP/RealizableHardness/ActualBinaryMatrixHC46A18FullFunctionalBridge.lean: OK
lean/PvNP/RealizableHardness/ActualBinaryMatrixHC46A18FullFunctionalBridgeChecks.lean: OK
lean/PvNP/RealizableHardness/ActualBinaryMatrixHC46A18FullFunctionalEnergy.lean: OK
lean/PvNP/RealizableHardness/ActualBinaryMatrixHC46A18FullFunctionalEnergyChecks.lean: OK
lean/PvNP/RealizableHardness/ActualBinaryMatrixHC46A18TransposeTransport.lean: OK
lean/PvNP/RealizableHardness/ActualBinaryMatrixHC46A18TransposeTransportChecks.lean: OK
lean/PvNP/RealizableHardness/ActualBinaryMatrixHC46A18TransposeAverage.lean: OK
lean/PvNP/RealizableHardness/ActualBinaryMatrixHC46A18TransposeAverageChecks.lean: OK
lean/PvNP/RealizableHardness/ActualBinaryMatrixHC46A18AmbientHyperplaneLaw.lean: OK
lean/PvNP/RealizableHardness/ActualBinaryMatrixHC46A18AmbientHyperplaneLawChecks.lean: OK
lean/PvNP/RealizableHardness/ActualTypedABEndpointTransport.lean: OK
lean/PvNP/RealizableHardness/ActualTypedABEndpointTransportChecks.lean: OK
lean/PvNP/RealizableHardness/ActualTypedABCanonicalEndpointCollapse.lean: OK
lean/PvNP/RealizableHardness/ActualTypedABCanonicalEndpointCollapseChecks.lean: OK
lean/PvNP/RealizableHardness/ActualTypedABBottomTopRankReindex.lean: OK
lean/PvNP/RealizableHardness/ActualTypedABBottomTopRankReindexChecks.lean: OK
lean/PvNP/RealizableHardness/ActualTypedABCanonicalSignalCollapse.lean: OK
lean/PvNP/RealizableHardness/ActualTypedABCanonicalSignalCollapseChecks.lean: OK
lean/PvNP/RealizableHardness/ActualTypedABCanonicalRankProjectionCollapse.lean: OK
lean/PvNP/RealizableHardness/ActualTypedABCanonicalRankProjectionCollapseChecks.lean: OK
lean/PvNP/RealizableHardness/ActualTypedABCanonicalRankProjectionEnergy.lean: OK
lean/PvNP/RealizableHardness/ActualTypedABCanonicalRankProjectionEnergyChecks.lean: OK
lean/PvNP/RealizableHardness/ActualTypedABOriginalGlobalBridgeClean.lean: OK
lean/PvNP/RealizableHardness/ActualTypedABOriginalGlobalBridgeCleanChecks.lean: OK
lean/PvNP/RealizableHardness/ActualTypedABFullA16Assembly.lean: OK
lean/PvNP/RealizableHardness/ActualTypedABFullA16AssemblyChecks.lean: OK
lean/PvNP/RealizableHardness/ActualTypedABArbitraryRankProjection.lean: OK
lean/PvNP/RealizableHardness/ActualTypedABArbitraryRankProjectionChecks.lean: OK
lean/PvNP/RealizableHardness/ActualTypedABFullA16Final.lean: OK
lean/PvNP/RealizableHardness/ActualTypedABFullA16FinalChecks.lean: OK
lean/PvNP/RealizableHardness/ActualBinaryMatrixHC46A17FixedSlice.lean: OK
lean/PvNP/RealizableHardness/ActualBinaryMatrixHC46A17FixedSliceChecks.lean: OK
lean/PvNP/RealizableHardness/ActualBinaryMatrixHC46A17ParentFibreBridge.lean: OK
lean/PvNP/RealizableHardness/ActualBinaryMatrixHC46A17ParentFibreBridgeChecks.lean: OK
lean/PvNP/RealizableHardness/ActualBinaryMatrixHC46ActualFibreEvaluation.lean: OK
lean/PvNP/RealizableHardness/ActualBinaryMatrixHC46ActualFibreEvaluationChecks.lean: OK
lean/PvNP/RealizableHardness/ActualBinaryMatrixHC46QuotientCoordinates.lean: OK
lean/PvNP/RealizableHardness/ActualBinaryMatrixHC46QuotientCoordinatesChecks.lean: OK
lean/PvNP/RealizableHardness/ActualBinaryMatrixHC46A18EnergyTriangle.lean: OK
lean/PvNP/RealizableHardness/ActualBinaryMatrixHC46A18EnergyTriangleChecks.lean: OK
lean/PvNP/RealizableHardness/ActualBinaryMatrixHC46A17DerivativeGlobalTransfer.lean: OK
lean/PvNP/RealizableHardness/ActualBinaryMatrixHC46A17DerivativeGlobalTransferChecks.lean: OK
lean/PvNP/RealizableHardness/ActualBinaryMatrixHC46A17HomogeneousLineDecomposition.lean: OK
lean/PvNP/RealizableHardness/ActualBinaryMatrixHC46A17HomogeneousLineDecompositionChecks.lean: OK
lean/PvNP/RealizableHardness/ActualBinaryMatrixHC46A17AdaptedLineDecomposition.lean: OK
lean/PvNP/RealizableHardness/ActualBinaryMatrixHC46A17AdaptedLineDecompositionChecks.lean: OK
lean/PvNP/RealizableHardness/ActualBinaryMatrixHC46A17DomainFrequencyCovariance.lean: OK
lean/PvNP/RealizableHardness/ActualBinaryMatrixHC46A17DomainFrequencyCovarianceChecks.lean: OK
lean/PvNP/RealizableHardness/ActualBinaryMatrixHC46A17TransposeHybridFilter.lean: OK
lean/PvNP/RealizableHardness/ActualBinaryMatrixHC46A17TransposeHybridFilterChecks.lean: OK
lean/PvNP/RealizableHardness/ActualBinaryMatrixHC46A17DerivativeCoordinate.lean: OK
lean/PvNP/RealizableHardness/ActualBinaryMatrixHC46A17DerivativeCoordinateChecks.lean: OK
lean/PvNP/RealizableHardness/ActualBinaryMatrixHC46A17GenericParentCoverage.lean: OK
lean/PvNP/RealizableHardness/ActualBinaryMatrixHC46A17GenericParentCoverageChecks.lean: OK
lean/PvNP/RealizableHardness/ActualBinaryMatrixHC46A17GenericParentEnergy.lean: OK
lean/PvNP/RealizableHardness/ActualBinaryMatrixHC46A17GenericParentEnergyChecks.lean: OK
lean/PvNP/RealizableHardness/ActualBinaryMatrixHC46A17DomainBranch.lean: OK
lean/PvNP/RealizableHardness/ActualBinaryMatrixHC46A17DomainBranchChecks.lean: OK
lean/PvNP/RealizableHardness/ActualBinaryMatrixHC46A17CodomainBranch.lean: OK
lean/PvNP/RealizableHardness/ActualBinaryMatrixHC46A17CodomainBranchChecks.lean: OK
lean/PvNP/RealizableHardness/ActualBinaryMatrixHC46A17Full.lean: OK
lean/PvNP/RealizableHardness/ActualBinaryMatrixHC46A17FullChecks.lean: OK
lean/PvNP/RealizableHardness/ActualBinaryMatrixHC46A18OriginalGlobalInduction.lean: OK
lean/PvNP/RealizableHardness/ActualBinaryMatrixHC46A18OriginalGlobalInductionChecks.lean: OK
lean/PvNP/RealizableHardness/ActualBinaryMatrixHC46A18DerivativeRankProjection.lean: OK
lean/PvNP/RealizableHardness/ActualBinaryMatrixHC46A18DerivativeRankProjectionChecks.lean: OK
lean/PvNP/RealizableHardness/ActualBinaryMatrixHC46A18InductionBounds.lean: OK
lean/PvNP/RealizableHardness/ActualBinaryMatrixHC46A18InductionBoundsChecks.lean: OK
lean/PvNP/RealizableHardness/ActualBinaryMatrixHC46A12FourthMoment.lean: OK
lean/PvNP/RealizableHardness/ActualBinaryMatrixHC46A12FourthMomentChecks.lean: OK
lean/PvNP/RealizableHardness/ActualBinaryMatrixHC46A20SquareSupport.lean: OK
lean/PvNP/RealizableHardness/ActualBinaryMatrixHC46A20SquareSupportChecks.lean: OK
lean/PvNP/RealizableHardness/ActualBinaryMatrixHC46A7WeightedPredecessor.lean: OK
lean/PvNP/RealizableHardness/ActualBinaryMatrixHC46A7CarrierParseval.lean: OK
lean/PvNP/RealizableHardness/ActualBinaryMatrixHC46A7CarrierParsevalChecks.lean: OK
lean/PvNP/RealizableHardness/BinaryMatrixA1Complex.lean: OK
lean/PvNP/RealizableHardness/BinaryMatrixFourier.lean: OK
lean/PvNP/RealizableHardness/BinaryMatrixA1Phase.lean: OK
lean/PvNP/RealizableHardness/BinaryMatrixA1CharacterBridge.lean: OK
.lake/build/lib/lean/PvNP/RealizableHardness/BinaryMatrixA1Complex.olean: OK
.lake/build/lib/lean/PvNP/RealizableHardness/BinaryMatrixFourier.olean: OK
.lake/build/lib/lean/PvNP/RealizableHardness/BinaryMatrixA1Phase.olean: OK
.lake/build/lib/lean/PvNP/RealizableHardness/BinaryMatrixA1CharacterBridge.olean: OK
