C:\Users\Dan\Desktop\Projects\realizable-cmmsa-hardness\docs\native-receipts\ActualSelectedComplementAnalyticMoment\runtime-prebuild\local-native-123542\src\PvNP\RealizableHardness\ActualTypedABCanonicalProjection.lean:45:16: error(lean.unknownIdentifier): Unknown identifier `typedLineReducedWitness`

Note: It is not possible to treat `typedLineReducedWitness` as an implicitly bound variable here because the `autoImplicit` option is set to `false`.
C:\Users\Dan\Desktop\Projects\realizable-cmmsa-hardness\docs\native-receipts\ActualSelectedComplementAnalyticMoment\runtime-prebuild\local-native-123542\src\PvNP\RealizableHardness\ActualTypedABCanonicalProjection.lean:54:18: error(lean.unknownIdentifier): Unknown identifier `typedLineReducedWitness`
C:\Users\Dan\Desktop\Projects\realizable-cmmsa-hardness\docs\native-receipts\ActualSelectedComplementAnalyticMoment\runtime-prebuild\local-native-123542\src\PvNP\RealizableHardness\ActualTypedABCanonicalProjection.lean:59:9: error(lean.unknownIdentifier): Unknown identifier `typedLineReducedWitness`
C:\Users\Dan\Desktop\Projects\realizable-cmmsa-hardness\docs\native-receipts\ActualSelectedComplementAnalyticMoment\runtime-prebuild\local-native-123542\src\PvNP\RealizableHardness\ActualTypedABCanonicalProjection.lean:63:15: error(lean.unknownIdentifier): Unknown identifier `typedLineReducedWitness`
C:\Users\Dan\Desktop\Projects\realizable-cmmsa-hardness\docs\native-receipts\ActualSelectedComplementAnalyticMoment\runtime-prebuild\local-native-123542\src\PvNP\RealizableHardness\ActualTypedABCanonicalProjection.lean:68:10: error: (deterministic) timeout at `isDefEq`, maximum number of heartbeats (200000) has been reached

Note: Use `set_option maxHeartbeats <num>` to set the limit.

Hint: Additional diagnostic information may be available using the `set_option diagnostics true` command.
C:\Users\Dan\Desktop\Projects\realizable-cmmsa-hardness\docs\native-receipts\ActualSelectedComplementAnalyticMoment\runtime-prebuild\local-native-123542\src\PvNP\RealizableHardness\ActualTypedABCanonicalProjection.lean:82:16: error(lean.unknownIdentifier): Unknown identifier `typedHyperplaneReducedWitness`

Note: It is not possible to treat `typedHyperplaneReducedWitness` as an implicitly bound variable here because the `autoImplicit` option is set to `false`.
C:\Users\Dan\Desktop\Projects\realizable-cmmsa-hardness\docs\native-receipts\ActualSelectedComplementAnalyticMoment\runtime-prebuild\local-native-123542\src\PvNP\RealizableHardness\ActualTypedABCanonicalProjection.lean:84:7: error(lean.unknownIdentifier): Unknown identifier `BinaryMatrixA15CanonicalRank.hyperplaneCanonicalEquiv`
C:\Users\Dan\Desktop\Projects\realizable-cmmsa-hardness\docs\native-receipts\ActualSelectedComplementAnalyticMoment\runtime-prebuild\local-native-123542\src\PvNP\RealizableHardness\ActualTypedABCanonicalProjection.lean:90:18: error(lean.unknownIdentifier): Unknown identifier `typedHyperplaneReducedWitness`
C:\Users\Dan\Desktop\Projects\realizable-cmmsa-hardness\docs\native-receipts\ActualSelectedComplementAnalyticMoment\runtime-prebuild\local-native-123542\src\PvNP\RealizableHardness\ActualTypedABCanonicalProjection.lean:92:9: error(lean.unknownIdentifier): Unknown identifier `BinaryMatrixA15CanonicalRank.hyperplaneCanonicalEquiv`
C:\Users\Dan\Desktop\Projects\realizable-cmmsa-hardness\docs\native-receipts\ActualSelectedComplementAnalyticMoment\runtime-prebuild\local-native-123542\src\PvNP\RealizableHardness\ActualTypedABCanonicalProjection.lean:94:9: error(lean.unknownIdentifier): Unknown identifier `typedHyperplaneReducedWitness`
C:\Users\Dan\Desktop\Projects\realizable-cmmsa-hardness\docs\native-receipts\ActualSelectedComplementAnalyticMoment\runtime-prebuild\local-native-123542\src\PvNP\RealizableHardness\ActualTypedABCanonicalProjection.lean:96:20: error(lean.unknownIdentifier): Unknown identifier `typedHyperplaneReducedWitness`
C:\Users\Dan\Desktop\Projects\realizable-cmmsa-hardness\docs\native-receipts\ActualSelectedComplementAnalyticMoment\runtime-prebuild\local-native-123542\src\PvNP\RealizableHardness\ActualTypedABCanonicalProjection.lean:100:10: error: (deterministic) timeout at `isDefEq`, maximum number of heartbeats (200000) has been reached

Note: Use `set_option maxHeartbeats <num>` to set the limit.

Hint: Additional diagnostic information may be available using the `set_option diagnostics true` command.
C:\Users\Dan\Desktop\Projects\realizable-cmmsa-hardness\docs\native-receipts\ActualSelectedComplementAnalyticMoment\runtime-prebuild\local-native-123542\src\PvNP\RealizableHardness\ActualTypedABCanonicalProjection.lean:114:4: error: Invalid pattern: Not enough arguments to `ActualTypedABRankedTower.line`; expected 12 arguments

Hint: To ignore all remaining arguments, use the ellipsis notation `..`
C:\Users\Dan\Desktop\Projects\realizable-cmmsa-hardness\docs\native-receipts\ActualSelectedComplementAnalyticMoment\runtime-prebuild\local-native-123542\src\PvNP\RealizableHardness\ActualTypedABCanonicalProjection.lean:138:16: error: Tactic `rfl` failed: The left-hand side
  typedComplexRankProjection (rankedTerminalData (ActualTypedABRankedTower.done f r)).Aend
    (rankedTerminalData (ActualTypedABRankedTower.done f r)).Bend r
    (rankedTerminalData (ActualTypedABRankedTower.done f r)).fend
is not definitionally equal to the right-hand side
  applyCanonicalFilters (ActualTypedABRankedTower.done f r) (typedComplexRankProjection A✝ B✝ (r + 0) f)

case done
n d r✝ k : ℕ
A : Submodule F (V d)
B : Submodule F (W n)
f✝ : (V d ⧸ A →ₗ[F] ↥B) → ℂ
A✝ :
  Submodule PvNP.RealizableHardness.ActualTypedABRankedTower.F✝ (PvNP.RealizableHardness.ActualTypedABRankedTower.V✝ d)
B✝ :
  Submodule PvNP.RealizableHardness.ActualTypedABRankedTower.F✝ (PvNP.RealizableHardness.ActualTypedABRankedTower.W✝ n)
f :
  (PvNP.RealizableHardness.ActualTypedABRankedTower.V✝ d ⧸ A✝ →ₗ[PvNP.RealizableHardness.ActualTypedABRankedTower.F✝]
      ↥B✝) →
    ℂ
r : ℕ
⊢ typedComplexRankProjection (rankedTerminalData (ActualTypedABRankedTower.done f r)).Aend
      (rankedTerminalData (ActualTypedABRankedTower.done f r)).Bend r
      (rankedTerminalData (ActualTypedABRankedTower.done f r)).fend =
    applyCanonicalFilters (ActualTypedABRankedTower.done f r) (typedComplexRankProjection A✝ B✝ (r + 0) f)
C:\Users\Dan\Desktop\Projects\realizable-cmmsa-hardness\docs\native-receipts\ActualSelectedComplementAnalyticMoment\runtime-prebuild\local-native-123542\src\PvNP\RealizableHardness\ActualTypedABCanonicalProjection.lean:142:22: error(lean.unknownIdentifier): Unknown identifier `typedLineReducedWitness`
C:\Users\Dan\Desktop\Projects\realizable-cmmsa-hardness\docs\native-receipts\ActualSelectedComplementAnalyticMoment\runtime-prebuild\local-native-123542\src\PvNP\RealizableHardness\ActualTypedABCanonicalProjection.lean:154:6: error: 'change' tactic failed, pattern
  typedComplexRankProjection (rankedTerminalData tail).Aend (rankedTerminalData tail).Bend r
      (rankedTerminalData tail).fend =
    applyCanonicalFilters tail fun M =>
      typedComplexLineFilter B (Submodule.map A.mkQ A') hL (typedComplexRankProjection A B (r + k + 1) f)
        (T + (BinaryMatrixA15NestedLine.lineCanonicalEquiv A A' B hA).symm M ∘ₗ (Submodule.map A.mkQ A').mkQ)
is not definitionally equal to target
  typedComplexRankProjection (rankedTerminalData (ActualTypedABRankedTower.line hA hL T f tail)).Aend
      (rankedTerminalData (ActualTypedABRankedTower.line hA hL T f tail)).Bend r
      (rankedTerminalData (ActualTypedABRankedTower.line hA hL T f tail)).fend =
    applyCanonicalFilters (ActualTypedABRankedTower.line hA hL T f tail)
      (typedComplexRankProjection A B (r + (k + 1)) f)
C:\Users\Dan\Desktop\Projects\realizable-cmmsa-hardness\docs\native-receipts\ActualSelectedComplementAnalyticMoment\runtime-prebuild\local-native-123542\src\PvNP\RealizableHardness\ActualTypedABCanonicalProjection.lean:178:22: error(lean.unknownIdentifier): Unknown identifier `typedHyperplaneReducedWitness`
C:\Users\Dan\Desktop\Projects\realizable-cmmsa-hardness\docs\native-receipts\ActualSelectedComplementAnalyticMoment\runtime-prebuild\local-native-123542\src\PvNP\RealizableHardness\ActualTypedABCanonicalProjection.lean:183:16: error(lean.unknownIdentifier): Unknown identifier `BinaryMatrixA15CanonicalRank.hyperplaneCanonicalEquiv`
C:\Users\Dan\Desktop\Projects\realizable-cmmsa-hardness\docs\native-receipts\ActualSelectedComplementAnalyticMoment\runtime-prebuild\local-native-123542\src\PvNP\RealizableHardness\ActualTypedABCanonicalProjection.lean:220:4: error: don't know how to synthesize implicit argument `α`
  @Eq
    ((PvNP.RealizableHardness.BinaryMatrixTypedA14Line.V✝ d ⧸
          (rankedTerminalData
              (buildCanonicalSourceTower lines hypers T)).Aend →ₗ[PvNP.RealizableHardness.BinaryMatrixTypedA14Line.F✝]
        ↥(rankedTerminalData (buildCanonicalSourceTower lines hypers T)).Bend) →
      ℂ)
    (typedComplexRankProjection (rankedTerminalData (buildCanonicalSourceTower lines hypers T)).Aend
      (rankedTerminalData (buildCanonicalSourceTower lines hypers T)).Bend r
      (rankedTerminalData (buildCanonicalSourceTower lines hypers T)).fend)
    (applyCanonicalFilters (buildCanonicalSourceTower lines hypers T)
      (typedComplexRankProjection A0 B0 (r + (h + l)) f))
context:
n d r l h : ℕ
A0 : Submodule F (V d)
B0 : Submodule F (W n)
f : (V d ⧸ A0 →ₗ[F] ↥B0) → ℂ
lines : DomainLineFlag A0 l
hypers : CodomainHyperplaneFlag B0 h
T : V d ⧸ A0 →ₗ[F] ↥B0
⊢ Type

Note: All parameter types and holes (e.g., `_`) in the header of a theorem are resolved before the proof is processed; information from the proof cannot be used to infer what these values should be
C:\Users\Dan\Desktop\Projects\realizable-cmmsa-hardness\docs\native-receipts\ActualSelectedComplementAnalyticMoment\runtime-prebuild\local-native-123542\src\PvNP\RealizableHardness\ActualTypedABCanonicalProjection.lean:224:6: error: don't know how to synthesize implicit argument `f`
  @applyCanonicalFilters n d (?m.110 lines hypers T) (h + l) A0 B0 (?m.111 lines hypers T)
    (buildCanonicalSourceTower lines hypers T) (typedComplexRankProjection A0 B0 (r + (h + l)) f)
context:
n d r l h : ℕ
A0 : Submodule F (V d)
B0 : Submodule F (W n)
f : (V d ⧸ A0 →ₗ[F] ↥B0) → ℂ
lines : DomainLineFlag A0 l
hypers : CodomainHyperplaneFlag B0 h
T : V d ⧸ A0 →ₗ[F] ↥B0
⊢ (V d ⧸ A0 →ₗ[F] ↥B0) → ℂ

Note: All parameter types and holes (e.g., `_`) in the header of a theorem are resolved before the proof is processed; information from the proof cannot be used to infer what these values should be
C:\Users\Dan\Desktop\Projects\realizable-cmmsa-hardness\docs\native-receipts\ActualSelectedComplementAnalyticMoment\runtime-prebuild\local-native-123542\src\PvNP\RealizableHardness\ActualTypedABCanonicalProjection.lean:224:6: error: don't know how to synthesize implicit argument `r`
  @applyCanonicalFilters n d (?m.110 lines hypers T) (h + l) A0 B0 (?m.111 lines hypers T)
    (buildCanonicalSourceTower lines hypers T) (typedComplexRankProjection A0 B0 (r + (h + l)) f)
context:
n d r l h : ℕ
A0 : Submodule F (V d)
B0 : Submodule F (W n)
f : (V d ⧸ A0 →ₗ[F] ↥B0) → ℂ
lines : DomainLineFlag A0 l
hypers : CodomainHyperplaneFlag B0 h
T : V d ⧸ A0 →ₗ[F] ↥B0
⊢ ℕ

Note: All parameter types and holes (e.g., `_`) in the header of a theorem are resolved before the proof is processed; information from the proof cannot be used to infer what these values should be
C:\Users\Dan\Desktop\Projects\realizable-cmmsa-hardness\docs\native-receipts\ActualSelectedComplementAnalyticMoment\runtime-prebuild\local-native-123542\src\PvNP\RealizableHardness\ActualTypedABCanonicalProjection.lean:224:29: error: don't know how to synthesize implicit argument `f`
  @buildCanonicalSourceTower n d (?m.110 lines hypers T) l h A0 B0 (?m.111 lines hypers T) lines hypers T
context:
n d r l h : ℕ
A0 : Submodule F (V d)
B0 : Submodule F (W n)
f : (V d ⧸ A0 →ₗ[F] ↥B0) → ℂ
lines : DomainLineFlag A0 l
hypers : CodomainHyperplaneFlag B0 h
T : V d ⧸ A0 →ₗ[F] ↥B0
⊢ (PvNP.RealizableHardness.ActualTypedABCanonicalFlag.V✝ d ⧸
        A0 →ₗ[PvNP.RealizableHardness.ActualTypedABCanonicalFlag.F✝]
      ↥B0) →
    ℂ

Note: All parameter types and holes (e.g., `_`) in the header of a theorem are resolved before the proof is processed; information from the proof cannot be used to infer what these values should be
C:\Users\Dan\Desktop\Projects\realizable-cmmsa-hardness\docs\native-receipts\ActualSelectedComplementAnalyticMoment\runtime-prebuild\local-native-123542\src\PvNP\RealizableHardness\ActualTypedABCanonicalProjection.lean:224:29: error: don't know how to synthesize implicit argument `r`
  @buildCanonicalSourceTower n d (?m.110 lines hypers T) l h A0 B0 (?m.111 lines hypers T) lines hypers T
context:
n d r l h : ℕ
A0 : Submodule F (V d)
B0 : Submodule F (W n)
f : (V d ⧸ A0 →ₗ[F] ↥B0) → ℂ
lines : DomainLineFlag A0 l
hypers : CodomainHyperplaneFlag B0 h
T : V d ⧸ A0 →ₗ[F] ↥B0
⊢ ℕ

Note: All parameter types and holes (e.g., `_`) in the header of a theorem are resolved before the proof is processed; information from the proof cannot be used to infer what these values should be
C:\Users\Dan\Desktop\Projects\realizable-cmmsa-hardness\docs\native-receipts\ActualSelectedComplementAnalyticMoment\runtime-prebuild\local-native-123542\src\PvNP\RealizableHardness\ActualTypedABCanonicalProjection.lean:223:11: error: don't know how to synthesize implicit argument `f`
  @rankedTerminalData n d (?m.110 lines hypers T) (h + l) A0 B0 (?m.111 lines hypers T)
    (buildCanonicalSourceTower lines hypers T)
context:
n d r l h : ℕ
A0 : Submodule F (V d)
B0 : Submodule F (W n)
f : (V d ⧸ A0 →ₗ[F] ↥B0) → ℂ
lines : DomainLineFlag A0 l
hypers : CodomainHyperplaneFlag B0 h
T : V d ⧸ A0 →ₗ[F] ↥B0
⊢ (PvNP.RealizableHardness.ActualTypedABRankedTower.V✝ d ⧸ A0 →ₗ[PvNP.RealizableHardness.ActualTypedABRankedTower.F✝]
      ↥B0) →
    ℂ

Note: All parameter types and holes (e.g., `_`) in the header of a theorem are resolved before the proof is processed; information from the proof cannot be used to infer what these values should be
C:\Users\Dan\Desktop\Projects\realizable-cmmsa-hardness\docs\native-receipts\ActualSelectedComplementAnalyticMoment\runtime-prebuild\local-native-123542\src\PvNP\RealizableHardness\ActualTypedABCanonicalProjection.lean:223:11: error: don't know how to synthesize implicit argument `r`
  @rankedTerminalData n d (?m.110 lines hypers T) (h + l) A0 B0 (?m.111 lines hypers T)
    (buildCanonicalSourceTower lines hypers T)
context:
n d r l h : ℕ
A0 : Submodule F (V d)
B0 : Submodule F (W n)
f : (V d ⧸ A0 →ₗ[F] ↥B0) → ℂ
lines : DomainLineFlag A0 l
hypers : CodomainHyperplaneFlag B0 h
T : V d ⧸ A0 →ₗ[F] ↥B0
⊢ ℕ

Note: All parameter types and holes (e.g., `_`) in the header of a theorem are resolved before the proof is processed; information from the proof cannot be used to infer what these values should be
C:\Users\Dan\Desktop\Projects\realizable-cmmsa-hardness\docs\native-receipts\ActualSelectedComplementAnalyticMoment\runtime-prebuild\local-native-123542\src\PvNP\RealizableHardness\ActualTypedABCanonicalProjection.lean:223:31: error: don't know how to synthesize implicit argument `f`
  @buildCanonicalSourceTower n d (?m.110 lines hypers T) l h A0 B0 (?m.111 lines hypers T) lines hypers T
context:
n d r l h : ℕ
A0 : Submodule F (V d)
B0 : Submodule F (W n)
f : (V d ⧸ A0 →ₗ[F] ↥B0) → ℂ
lines : DomainLineFlag A0 l
hypers : CodomainHyperplaneFlag B0 h
T : V d ⧸ A0 →ₗ[F] ↥B0
⊢ (PvNP.RealizableHardness.ActualTypedABCanonicalFlag.V✝ d ⧸
        A0 →ₗ[PvNP.RealizableHardness.ActualTypedABCanonicalFlag.F✝]
      ↥B0) →
    ℂ

Note: All parameter types and holes (e.g., `_`) in the header of a theorem are resolved before the proof is processed; information from the proof cannot be used to infer what these values should be
C:\Users\Dan\Desktop\Projects\realizable-cmmsa-hardness\docs\native-receipts\ActualSelectedComplementAnalyticMoment\runtime-prebuild\local-native-123542\src\PvNP\RealizableHardness\ActualTypedABCanonicalProjection.lean:223:31: error: don't know how to synthesize implicit argument `r`
  @buildCanonicalSourceTower n d (?m.110 lines hypers T) l h A0 B0 (?m.111 lines hypers T) lines hypers T
context:
n d r l h : ℕ
A0 : Submodule F (V d)
B0 : Submodule F (W n)
f : (V d ⧸ A0 →ₗ[F] ↥B0) → ℂ
lines : DomainLineFlag A0 l
hypers : CodomainHyperplaneFlag B0 h
T : V d ⧸ A0 →ₗ[F] ↥B0
⊢ ℕ

Note: All parameter types and holes (e.g., `_`) in the header of a theorem are resolved before the proof is processed; information from the proof cannot be used to infer what these values should be
C:\Users\Dan\Desktop\Projects\realizable-cmmsa-hardness\docs\native-receipts\ActualSelectedComplementAnalyticMoment\runtime-prebuild\local-native-123542\src\PvNP\RealizableHardness\ActualTypedABCanonicalProjection.lean:222:9: error: don't know how to synthesize implicit argument `f`
  @rankedTerminalData n d (?m.110 lines hypers T) (h + l) A0 B0 (?m.111 lines hypers T)
    (buildCanonicalSourceTower lines hypers T)
context:
n d r l h : ℕ
A0 : Submodule F (V d)
B0 : Submodule F (W n)
f : (V d ⧸ A0 →ₗ[F] ↥B0) → ℂ
lines : DomainLineFlag A0 l
hypers : CodomainHyperplaneFlag B0 h
T : V d ⧸ A0 →ₗ[F] ↥B0
⊢ (PvNP.RealizableHardness.ActualTypedABRankedTower.V✝ d ⧸ A0 →ₗ[PvNP.RealizableHardness.ActualTypedABRankedTower.F✝]
      ↥B0) →
    ℂ

Note: All parameter types and holes (e.g., `_`) in the header of a theorem are resolved before the proof is processed; information from the proof cannot be used to infer what these values should be
C:\Users\Dan\Desktop\Projects\realizable-cmmsa-hardness\docs\native-receipts\ActualSelectedComplementAnalyticMoment\runtime-prebuild\local-native-123542\src\PvNP\RealizableHardness\ActualTypedABCanonicalProjection.lean:222:9: error: don't know how to synthesize implicit argument `r`
  @rankedTerminalData n d (?m.110 lines hypers T) (h + l) A0 B0 (?m.111 lines hypers T)
    (buildCanonicalSourceTower lines hypers T)
context:
n d r l h : ℕ
A0 : Submodule F (V d)
B0 : Submodule F (W n)
f : (V d ⧸ A0 →ₗ[F] ↥B0) → ℂ
lines : DomainLineFlag A0 l
hypers : CodomainHyperplaneFlag B0 h
T : V d ⧸ A0 →ₗ[F] ↥B0
⊢ ℕ

Note: All parameter types and holes (e.g., `_`) in the header of a theorem are resolved before the proof is processed; information from the proof cannot be used to infer what these values should be
C:\Users\Dan\Desktop\Projects\realizable-cmmsa-hardness\docs\native-receipts\ActualSelectedComplementAnalyticMoment\runtime-prebuild\local-native-123542\src\PvNP\RealizableHardness\ActualTypedABCanonicalProjection.lean:222:29: error: don't know how to synthesize implicit argument `f`
  @buildCanonicalSourceTower n d (?m.110 lines hypers T) l h A0 B0 (?m.111 lines hypers T) lines hypers T
context:
n d r l h : ℕ
A0 : Submodule F (V d)
B0 : Submodule F (W n)
f : (V d ⧸ A0 →ₗ[F] ↥B0) → ℂ
lines : DomainLineFlag A0 l
hypers : CodomainHyperplaneFlag B0 h
T : V d ⧸ A0 →ₗ[F] ↥B0
⊢ (PvNP.RealizableHardness.ActualTypedABCanonicalFlag.V✝ d ⧸
        A0 →ₗ[PvNP.RealizableHardness.ActualTypedABCanonicalFlag.F✝]
      ↥B0) →
    ℂ

Note: All parameter types and holes (e.g., `_`) in the header of a theorem are resolved before the proof is processed; information from the proof cannot be used to infer what these values should be
C:\Users\Dan\Desktop\Projects\realizable-cmmsa-hardness\docs\native-receipts\ActualSelectedComplementAnalyticMoment\runtime-prebuild\local-native-123542\src\PvNP\RealizableHardness\ActualTypedABCanonicalProjection.lean:222:29: error: don't know how to synthesize implicit argument `r`
  @buildCanonicalSourceTower n d (?m.110 lines hypers T) l h A0 B0 (?m.111 lines hypers T) lines hypers T
context:
n d r l h : ℕ
A0 : Submodule F (V d)
B0 : Submodule F (W n)
f : (V d ⧸ A0 →ₗ[F] ↥B0) → ℂ
lines : DomainLineFlag A0 l
hypers : CodomainHyperplaneFlag B0 h
T : V d ⧸ A0 →ₗ[F] ↥B0
⊢ ℕ

Note: All parameter types and holes (e.g., `_`) in the header of a theorem are resolved before the proof is processed; information from the proof cannot be used to infer what these values should be
C:\Users\Dan\Desktop\Projects\realizable-cmmsa-hardness\docs\native-receipts\ActualSelectedComplementAnalyticMoment\runtime-prebuild\local-native-123542\src\PvNP\RealizableHardness\ActualTypedABCanonicalProjection.lean:221:9: error: don't know how to synthesize implicit argument `f`
  @rankedTerminalData n d (?m.110 lines hypers T) (h + l) A0 B0 (?m.111 lines hypers T)
    (buildCanonicalSourceTower lines hypers T)
context:
n d r l h : ℕ
A0 : Submodule F (V d)
B0 : Submodule F (W n)
f : (V d ⧸ A0 →ₗ[F] ↥B0) → ℂ
lines : DomainLineFlag A0 l
hypers : CodomainHyperplaneFlag B0 h
T : V d ⧸ A0 →ₗ[F] ↥B0
⊢ (PvNP.RealizableHardness.ActualTypedABRankedTower.V✝ d ⧸ A0 →ₗ[PvNP.RealizableHardness.ActualTypedABRankedTower.F✝]
      ↥B0) →
    ℂ

Note: All parameter types and holes (e.g., `_`) in the header of a theorem are resolved before the proof is processed; information from the proof cannot be used to infer what these values should be
C:\Users\Dan\Desktop\Projects\realizable-cmmsa-hardness\docs\native-receipts\ActualSelectedComplementAnalyticMoment\runtime-prebuild\local-native-123542\src\PvNP\RealizableHardness\ActualTypedABCanonicalProjection.lean:221:9: error: don't know how to synthesize implicit argument `r`
  @rankedTerminalData n d (?m.110 lines hypers T) (h + l) A0 B0 (?m.111 lines hypers T)
    (buildCanonicalSourceTower lines hypers T)
context:
n d r l h : ℕ
A0 : Submodule F (V d)
B0 : Submodule F (W n)
f : (V d ⧸ A0 →ₗ[F] ↥B0) → ℂ
lines : DomainLineFlag A0 l
hypers : CodomainHyperplaneFlag B0 h
T : V d ⧸ A0 →ₗ[F] ↥B0
⊢ ℕ

Note: All parameter types and holes (e.g., `_`) in the header of a theorem are resolved before the proof is processed; information from the proof cannot be used to infer what these values should be
C:\Users\Dan\Desktop\Projects\realizable-cmmsa-hardness\docs\native-receipts\ActualSelectedComplementAnalyticMoment\runtime-prebuild\local-native-123542\src\PvNP\RealizableHardness\ActualTypedABCanonicalProjection.lean:221:29: error: don't know how to synthesize implicit argument `f`
  @buildCanonicalSourceTower n d (?m.110 lines hypers T) l h A0 B0 (?m.111 lines hypers T) lines hypers T
context:
n d r l h : ℕ
A0 : Submodule F (V d)
B0 : Submodule F (W n)
f : (V d ⧸ A0 →ₗ[F] ↥B0) → ℂ
lines : DomainLineFlag A0 l
hypers : CodomainHyperplaneFlag B0 h
T : V d ⧸ A0 →ₗ[F] ↥B0
⊢ (PvNP.RealizableHardness.ActualTypedABCanonicalFlag.V✝ d ⧸
        A0 →ₗ[PvNP.RealizableHardness.ActualTypedABCanonicalFlag.F✝]
      ↥B0) →
    ℂ

Note: All parameter types and holes (e.g., `_`) in the header of a theorem are resolved before the proof is processed; information from the proof cannot be used to infer what these values should be
C:\Users\Dan\Desktop\Projects\realizable-cmmsa-hardness\docs\native-receipts\ActualSelectedComplementAnalyticMoment\runtime-prebuild\local-native-123542\src\PvNP\RealizableHardness\ActualTypedABCanonicalProjection.lean:221:29: error: don't know how to synthesize implicit argument `r`
  @buildCanonicalSourceTower n d (?m.110 lines hypers T) l h A0 B0 (?m.111 lines hypers T) lines hypers T
context:
n d r l h : ℕ
A0 : Submodule F (V d)
B0 : Submodule F (W n)
f : (V d ⧸ A0 →ₗ[F] ↥B0) → ℂ
lines : DomainLineFlag A0 l
hypers : CodomainHyperplaneFlag B0 h
T : V d ⧸ A0 →ₗ[F] ↥B0
⊢ ℕ

Note: All parameter types and holes (e.g., `_`) in the header of a theorem are resolved before the proof is processed; information from the proof cannot be used to infer what these values should be
