⚠ [3048/3050] Replayed PvNP.RealizableHardness.ActualBinaryMatrixHC46A18Conditioning
warning: lean/PvNP/RealizableHardness/ActualBinaryMatrixHC46A18Conditioning.lean:57:4: Unused tactic linter: `change dualRestriction A (φ.1 - φ₀) = 0` does nothing

Note: This linter can be disabled with `set_option linter.unusedTactic false`
warning: lean/PvNP/RealizableHardness/ActualBinaryMatrixHC46A18Conditioning.lean:60:4: Unused tactic linter: `change dualRestriction A (δ.1 + φ₀) = ψ` does nothing

Note: This linter can be disabled with `set_option linter.unusedTactic false`
warning: lean/PvNP/RealizableHardness/ActualBinaryMatrixHC46A18Conditioning.lean:110:4: Unused tactic linter: `change dualRestrictionAt A w (φ.1 - φ₀) = 0` does nothing

Note: This linter can be disabled with `set_option linter.unusedTactic false`
warning: lean/PvNP/RealizableHardness/ActualBinaryMatrixHC46A18Conditioning.lean:113:4: Unused tactic linter: `change dualRestrictionAt A w (δ.1 + φ₀) = z` does nothing

Note: This linter can be disabled with `set_option linter.unusedTactic false`
⚠ [3049/3050] Replayed PvNP.RealizableHardness.ActualBinaryMatrixHC46A18QuotientSamplingLaw
warning: lean/PvNP/RealizableHardness/ActualBinaryMatrixHC46A18QuotientSamplingLaw.lean:42:29: Variable name `ha` is not explicitly referenced.

Hint: The binding can be removed (if unused) or named `_` (if used implicitly). Alternatively, prefix the name with `_` to silence this warning:
  [apply] _ha

Note: This linter can be disabled with `set_option linter.unusedVariables false`
warning: lean/PvNP/RealizableHardness/ActualBinaryMatrixHC46A18QuotientSamplingLaw.lean:82:4: Unused tactic linter: `change Submodule.mkQ (functionalKernelInAmbient A phi) (c • (v : X)) = y` does nothing

Note: This linter can be disabled with `set_option linter.unusedTactic false`
warning: lean/PvNP/RealizableHardness/ActualBinaryMatrixHC46A18QuotientSamplingLaw.lean:95:29: Variable name `ha` is not explicitly referenced.

Hint: The binding can be removed (if unused) or named `_` (if used implicitly). Alternatively, prefix the name with `_` to silence this warning:
  [apply] _ha

Note: This linter can be disabled with `set_option linter.unusedVariables false`
warning: lean/PvNP/RealizableHardness/ActualBinaryMatrixHC46A18QuotientSamplingLaw.lean:295:19: This simp argument is unused:
  vk

Hint: Omit it from the simp argument list.
  [apply] simp [eVmap]

Note: This linter can be disabled with `set_option linter.unusedSimpArgs false`
warning: lean/PvNP/RealizableHardness/ActualBinaryMatrixHC46A18QuotientSamplingLaw.lean:316:12: This simp argument is unused:
  phi₀

Hint: Omit it from the simp argument list.
  [apply] simp [pK, z, eSplit]

Note: This linter can be disabled with `set_option linter.unusedSimpArgs false`
warning: lean/PvNP/RealizableHardness/ActualBinaryMatrixHC46A18QuotientSamplingLaw.lean:336:31: Variable name `ha` is not explicitly referenced.

Hint: The binding can be removed (if unused) or named `_` (if used implicitly). Alternatively, prefix the name with `_` to silence this warning:
  [apply] _ha

Note: This linter can be disabled with `set_option linter.unusedVariables false`
warning: lean/PvNP/RealizableHardness/ActualBinaryMatrixHC46A18QuotientSamplingLaw.lean:503:8: try 'simp' instead of 'simpa'

Note: This linter can be disabled with `set_option linter.unnecessarySimpa false`
warning: lean/PvNP/RealizableHardness/ActualBinaryMatrixHC46A18QuotientSamplingLaw.lean:510:12: This simp argument is unused:
  LinearMap.comp_apply

Hint: Omit it from the simp argument list.
  [apply] simp [LinearEquiv.apply_symm_apply]

Note: This linter can be disabled with `set_option linter.unusedSimpArgs false`
warning: lean/PvNP/RealizableHardness/ActualBinaryMatrixHC46A18QuotientSamplingLaw.lean:510:34: This simp argument is unused:
  LinearEquiv.apply_symm_apply

Hint: Omit it from the simp argument list.
  [apply] simp [LinearMap.comp_apply]

Note: This linter can be disabled with `set_option linter.unusedSimpArgs false`
warning: lean/PvNP/RealizableHardness/ActualBinaryMatrixHC46A18QuotientSamplingLaw.lean:681:13: This simp argument is unused:
  LinearMap.codRestrict_apply

Hint: Omit it from the simp argument list.
  [apply] simp [N]

Note: This linter can be disabled with `set_option linter.unusedSimpArgs false`
✖ [3050/3050] Building PvNP.RealizableHardness.ActualBinaryMatrixHC46A18SourceConditioning (3.0s)
trace: .> LEAN_PATH=/home/dfredriksen_quantyra_org/cmmsa_analytic_20260930T040837Z/.lake/packages/Cli/.lake/build/lib/lean:/home/dfredriksen_quantyra_org/cmmsa_analytic_20260930T040837Z/.lake/packages/batteries/.lake/build/lib/lean:/home/dfredriksen_quantyra_org/cmmsa_analytic_20260930T040837Z/.lake/packages/Qq/.lake/build/lib/lean:/home/dfredriksen_quantyra_org/cmmsa_analytic_20260930T040837Z/.lake/packages/aesop/.lake/build/lib/lean:/home/dfredriksen_quantyra_org/cmmsa_analytic_20260930T040837Z/.lake/packages/proofwidgets/.lake/build/lib/lean:/home/dfredriksen_quantyra_org/cmmsa_analytic_20260930T040837Z/.lake/packages/importGraph/.lake/build/lib/lean:/home/dfredriksen_quantyra_org/cmmsa_analytic_20260930T040837Z/.lake/packages/LeanSearchClient/.lake/build/lib/lean:/home/dfredriksen_quantyra_org/cmmsa_analytic_20260930T040837Z/.lake/packages/plausible/.lake/build/lib/lean:/home/dfredriksen_quantyra_org/cmmsa_analytic_20260930T040837Z/.lake/packages/complexitylib/.lake/build/lib/lean:/home/dfredriksen_quantyra_org/cmmsa_analytic_20260930T040837Z/.lake/packages/mathlib/.lake/build/lib/lean:/home/dfredriksen_quantyra_org/cmmsa_analytic_20260930T040837Z/.lake/packages/cslib/.lake/build/lib/lean:/home/dfredriksen_quantyra_org/cmmsa_analytic_20260930T040837Z/.lake/build/lib/lean /home/dfredriksen_quantyra_org/.elan/toolchains/leanprover--lean4---v4.34.0-rc2/bin/lean /home/dfredriksen_quantyra_org/cmmsa_analytic_20260930T040837Z/lean/PvNP/RealizableHardness/ActualBinaryMatrixHC46A18SourceConditioning.lean -o /home/dfredriksen_quantyra_org/cmmsa_analytic_20260930T040837Z/.lake/build/lib/lean/PvNP/RealizableHardness/ActualBinaryMatrixHC46A18SourceConditioning.olean -i /home/dfredriksen_quantyra_org/cmmsa_analytic_20260930T040837Z/.lake/build/lib/lean/PvNP/RealizableHardness/ActualBinaryMatrixHC46A18SourceConditioning.ilean -c /home/dfredriksen_quantyra_org/cmmsa_analytic_20260930T040837Z/.lake/build/ir/PvNP/RealizableHardness/ActualBinaryMatrixHC46A18SourceConditioning.c --setup /home/dfredriksen_quantyra_org/cmmsa_analytic_20260930T040837Z/.lake/build/ir/PvNP/RealizableHardness/ActualBinaryMatrixHC46A18SourceConditioning.setup.json --json
error: lean/PvNP/RealizableHardness/ActualBinaryMatrixHC46A18SourceConditioning.lean:51:4: Dependent elimination failed: Failed to solve equation
  w.1 = F.toAddHom.1 v
warning: lean/PvNP/RealizableHardness/ActualBinaryMatrixHC46A18SourceConditioning.lean:74:37: This simp argument is unused:
  add_left_comm

Hint: Omit it from the simp argument list.
  [apply] simp [sub_eq_add_neg, add_assoc, add_comm]

Note: This linter can be disabled with `set_option linter.unusedSimpArgs false`
warning: lean/PvNP/RealizableHardness/ActualBinaryMatrixHC46A18SourceConditioning.lean:74:52: This simp argument is unused:
  add_comm

Hint: Omit it from the simp argument list.
  [apply] simp [sub_eq_add_neg, add_assoc, add_left_comm]

Note: This linter can be disabled with `set_option linter.unusedSimpArgs false`
warning: lean/PvNP/RealizableHardness/ActualBinaryMatrixHC46A18SourceConditioning.lean:78:26: This simp argument is unused:
  add_assoc

Hint: Omit it from the simp argument list.
  [apply] simp [sub_eq_add_neg, add_left_comm, add_comm]

Note: This linter can be disabled with `set_option linter.unusedSimpArgs false`
error: lean/PvNP/RealizableHardness/ActualBinaryMatrixHC46A18SourceConditioning.lean:91:10: failed to synthesize instance of type class
  Fintype { F // ↑(F v) ∉ B }

Hint: Type class instance resolution failures can be inspected with the `set_option trace.Meta.synthInstance true` command.
error: lean/PvNP/RealizableHardness/ActualBinaryMatrixHC46A18SourceConditioning.lean:97:15: Invalid projection: Type of
  p
is not known; cannot resolve projection `2`
error: lean/PvNP/RealizableHardness/ActualBinaryMatrixHC46A18SourceConditioning.lean:98:16: Invalid `⟨...⟩` notation: The expected type of this term could not be determined
error: lean/PvNP/RealizableHardness/ActualBinaryMatrixHC46A18SourceConditioning.lean:100:20: Tactic `rcases` failed: `p : ?m.100` is not an inductive datatype
error: lean/PvNP/RealizableHardness/ActualBinaryMatrixHC46A18SourceConditioning.lean:91:65: unsolved goals
case allColumns
X : Type u_1
W : Type u_2
inst✝⁵ : AddCommGroup X
inst✝⁴ : Module (ZMod 2) X
inst✝³ : AddCommGroup W
inst✝² : Module (ZMod 2) W
inst✝¹ : Fintype X
inst✝ : Fintype W
B B' : Submodule (ZMod 2) W
hB : B ≤ B'
hdim : Module.finrank (ZMod 2) ↥B' = Module.finrank (ZMod 2) ↥B + 1
v : X
ell : X →ₗ[ZMod 2] ZMod 2
hell : ell v = 1
Fib : ↥B' → Type (max 0 u_1 u_2) := fun y => { F // F v = y }
hfib : ∀ (y : ↥B'), Fintype.card (Fib y) = Fintype.card (Fib 0)
⊢ (y : ↥B') × Fib y ≃ (X →ₗ[ZMod 2] ↥B')

X : Type u_1
W : Type u_2
inst✝⁵ : AddCommGroup X
inst✝⁴ : Module (ZMod 2) X
inst✝³ : AddCommGroup W
inst✝² : Module (ZMod 2) W
inst✝¹ : Fintype X
inst✝ : Fintype W
B B' : Submodule (ZMod 2) W
hB : B ≤ B'
hdim : Module.finrank (ZMod 2) ↥B' = Module.finrank (ZMod 2) ↥B + 1
v : X
ell : X →ₗ[ZMod 2] ZMod 2
hell : ell v = 1
Fib : ↥B' → Type (max 0 u_1 u_2) := fun y => { F // F v = y }
hfib : ∀ (y : ↥B'), Fintype.card (Fib y) = Fintype.card (Fib 0)
allColumns : (y : ↥B') × Fib y ≃ (X →ₗ[ZMod 2] ↥B') := ?allColumns
⊢ Fintype.card (X →ₗ[ZMod 2] ↥B') = 2 * sorry
error: lean/PvNP/RealizableHardness/ActualBinaryMatrixHC46A18SourceConditioning.lean:80:0: internal exception #3
error: lean/PvNP/RealizableHardness/ActualBinaryMatrixHC46A18SourceConditioning.lean:104:2: unexpected token 'have'; expected command
error: lean/PvNP/RealizableHardness/ActualBinaryMatrixHC46A18SourceConditioning.lean:167:10: failed to synthesize instance of type class
  Fintype { N // ↑(N ((functionalKernelInAmbient A phi).mkQ ↑v)) ∉ B }

Hint: Type class instance resolution failures can be inspected with the `set_option trace.Meta.synthInstance true` command.
error: lean/PvNP/RealizableHardness/ActualBinaryMatrixHC46A18SourceConditioning.lean:173:4: Type mismatch: After simplification, term
  hqv
 has type
  ↑v ∉ functionalKernelInAmbient A phi
but is expected to have type
  ¬qv = 0
error: lean/PvNP/RealizableHardness/ActualBinaryMatrixHC46A18SourceConditioning.lean:195:11: failed to synthesize instance of type class
  DecidablePred fun N => ?m.113 ∉ B

Hint: Type class instance resolution failures can be inspected with the `set_option trace.Meta.synthInstance true` command.
error: lean/PvNP/RealizableHardness/ActualBinaryMatrixHC46A18SourceConditioning.lean:199:19: Function expected at
  N
but this term has type
  ?m.210

Note: Expected a function because this term is being applied to the argument
  (Submodule.mkQ (functionalKernelInAmbient A phi) (v : X))
error: lean/PvNP/RealizableHardness/ActualBinaryMatrixHC46A18SourceConditioning.lean:227:7: failed to synthesize instance of type class
  Fintype { F // ↑(F v) ∉ B }

Hint: Type class instance resolution failures can be inspected with the `set_option trace.Meta.synthInstance true` command.
error: lean/PvNP/RealizableHardness/ActualBinaryMatrixHC46A18SourceConditioning.lean:228:8: failed to synthesize instance of type class
  Fintype ((w : { w // ↑w ∉ B }) × { F // F v = ↑w })

Hint: Type class instance resolution failures can be inspected with the `set_option trace.Meta.synthInstance true` command.
error: lean/PvNP/RealizableHardness/ActualBinaryMatrixHC46A18SourceConditioning.lean:242:7: failed to synthesize instance of type class
  Fintype { F // ↑(F v) ∉ B }

Hint: Type class instance resolution failures can be inspected with the `set_option trace.Meta.synthInstance true` command.
error: lean/PvNP/RealizableHardness/ActualBinaryMatrixHC46A18SourceConditioning.lean:243:9: failed to synthesize instance of type class
  Fintype { F // ↑(F v) ∉ B }

Hint: Type class instance resolution failures can be inspected with the `set_option trace.Meta.synthInstance true` command.
error: lean/PvNP/RealizableHardness/ActualBinaryMatrixHC46A18SourceConditioning.lean:244:9: failed to synthesize instance of type class
  Fintype ((w : { w // ↑w ∉ B }) × { F // F v = ↑w })

Hint: Type class instance resolution failures can be inspected with the `set_option trace.Meta.synthInstance true` command.
error: lean/PvNP/RealizableHardness/ActualBinaryMatrixHC46A18SourceConditioning.lean:247:9: failed to synthesize instance of type class
  Fintype ((w : { w // ↑w ∉ B }) × { F // F v = ↑w })

Hint: Type class instance resolution failures can be inspected with the `set_option trace.Meta.synthInstance true` command.
error: lean/PvNP/RealizableHardness/ActualBinaryMatrixHC46A18SourceConditioning.lean:250:4: failed to synthesize instance of type class
  Fintype { F // ↑(F v) ∉ B }

Hint: Type class instance resolution failures can be inspected with the `set_option trace.Meta.synthInstance true` command.
error: lean/PvNP/RealizableHardness/ActualBinaryMatrixHC46A18SourceConditioning.lean:248:52: unsolved goals
X : Type u_1
W : Type u_2
inst✝⁵ : AddCommGroup X
inst✝⁴ : Module (ZMod 2) X
inst✝³ : AddCommGroup W
inst✝² : Module (ZMod 2) W
inst✝¹ : Fintype X
inst✝ : Fintype W
B B' : Submodule (ZMod 2) W
hB : B ≤ B'
v : X
g : { F // ↑(F v) ∉ B } → ℝ
⊢ (∑ p ∈ sorry, g ((outsideColumnSigmaEquiv B B' hB v).symm p)) / sorry =
    (∑ p ∈ sorry, g ((outsideColumnSigmaEquiv B B' hB v).symm p)) / sorry
error: lean/PvNP/RealizableHardness/ActualBinaryMatrixHC46A18SourceConditioning.lean:284:46: Application type mismatch: The argument
  eFixed.symm p
has type
  { N // N ((functionalKernelInAmbient A phi).mkQ ↑v) = ⟨↑w, ⋯⟩ }
but is expected to have type
  X ⧸ functionalKernelInAmbient A phi →ₛₗ[?m.410 p] ↥(spanExtensionSubmodule B ↑w)
in the application
  ↑eW ∘ₛₗ eFixed.symm p
Some required targets logged failures:
- PvNP.RealizableHardness.ActualBinaryMatrixHC46A18SourceConditioning
