lean/PvNP/RealizableHardness/ActualStarExtensionProduct.lean:101:4: warning: This simp argument is unused:
  Fintype.card_fun

Hint: Omit it from the simp argument list.
  [apply] simp [extensionTupleLaw, uniformLaw_apply, extensionLaw_apply, Finset.prod_const]

Note: This linter can be disabled with `set_option linter.unusedSimpArgs false`
lean/PvNP/RealizableHardness/ActualStarExtensionProduct.lean:127:2: warning: Try this: 
  letI̵

The goal is a proposition, so `let` is preferred over `letI`.
The difference between `let` and `letI` is that `letI` inlines the value.
But this is not relevant for proofs because of proof irrelevance.

Note: This linter can be disabled with `set_option linter.style.haveILetI false`
lean/PvNP/RealizableHardness/ActualStarExtensionProduct.lean:128:2: warning: Try this: 
  letI̵

The goal is a proposition, so `let` is preferred over `letI`.
The difference between `let` and `letI` is that `letI` inlines the value.
But this is not relevant for proofs because of proof irrelevance.

Note: This linter can be disabled with `set_option linter.style.haveILetI false`
lean/PvNP/RealizableHardness/ActualStarExtensionProduct.lean:169:40: error: Type mismatch
  hgeneric
has type
  eventMass (uniformLaw (Fin m → Extension U d)) {x | ∀ (i : Fin m), P i (x i)} =
    ∏ i, eventMass (uniformLaw (Extension U d)) (Finset.filter (P i) Finset.univ)
but is expected to have type
  eventMass (uniformLaw (Fin m → Extension U d)) {Ls | ∀ (i : Fin m), P i (Ls i)} =
    ∏ i, eventMass (uniformLaw (Extension U d)) (Finset.filter (P i) Finset.univ)
lean/PvNP/RealizableHardness/ActualStarExtensionProduct.lean:181:10: warning: `if_pos` has been deprecated: Use `ite_eq_left` instead
lean/PvNP/RealizableHardness/ActualStarExtensionProduct.lean:186:10: warning: `if_neg` has been deprecated: Use `ite_eq_right` instead
lean/PvNP/RealizableHardness/ActualStarExtensionProduct.lean:209:19: warning: Variable name `hdV` is not explicitly referenced.

Hint: The binding can be removed (if unused) or named `_` (if used implicitly). Alternatively, prefix the name with `_` to silence this warning:
  [apply] _hdV

Note: This linter can be disabled with `set_option linter.unusedVariables false`
