MODULE=ActualStarAffineFunctionalSelectionChecks
CHECK_DIRECTIVES_BEGIN
5:#check FunctionalExtensionFiber
6:#check jointDirectSumFunctional_glue
7:#check functionalExtensionFiber_card
9:#print axioms jointDirectSumFunctional_glue
10:#print axioms functionalExtensionFiber_card
CHECK_DIRECTIVES_END
SIGNATURE_OUTPUT_BEGIN
1:PvNP.RealizableHardness.ActualStarAffineFunctionalSelection.FunctionalExtensionFiber.{u_1} {W : Type u_1}
3:PvNP.RealizableHardness.ActualStarAffineFunctionalSelection.jointDirectSumFunctional_glue.{u_1, u_2} {Z : Type u_1}
7:PvNP.RealizableHardness.ActualStarAffineFunctionalSelection.functionalExtensionFiber_card.{u_1} {W : Type u_1}
SIGNATURE_OUTPUT_END
AXIOM_NORMALIZED_BEGIN
AXIOM_REPORT_1=[propext,  Classical.choice,  Quot.sound]
AXIOM_REPORT_2=[propext,  Classical.choice,  Quot.sound]
AXIOM_NORMALIZED_END
MODULE=ActualStarAffineFunctionalSelectionForceChecks
CHECK_DIRECTIVES_BEGIN
5:#check PvNP.RealizableHardness.ActualStarAffineFunctionalSelectionForce.domainDraw_rankGood_iff_incrementMap_injective
6:#check PvNP.RealizableHardness.ActualStarAffineFunctionalSelectionForce.leafDifferenceOnQuotient
8:#print axioms PvNP.RealizableHardness.ActualStarAffineFunctionalSelectionForce.domainDraw_rankGood_iff_incrementMap_injective
9:#print axioms PvNP.RealizableHardness.ActualStarAffineFunctionalSelectionForce.leafDifferenceOnQuotient
CHECK_DIRECTIVES_END
SIGNATURE_OUTPUT_BEGIN
1:PvNP.RealizableHardness.ActualStarAffineFunctionalSelectionForce.domainDraw_rankGood_iff_incrementMap_injective
15:PvNP.RealizableHardness.ActualStarAffineFunctionalSelectionForce.leafDifferenceOnQuotient.{u_1} {V : Type u_1}
SIGNATURE_OUTPUT_END
AXIOM_NORMALIZED_BEGIN
AXIOM_REPORT_1=[propext,  Classical.choice,  Quot.sound]
AXIOM_REPORT_2=[propext,  Classical.choice,  Quot.sound]
AXIOM_NORMALIZED_END
MODULE=ActualStarAffineFunctionalSelectionForceSelectionChecks
CHECK_DIRECTIVES_BEGIN
3:#check PvNP.RealizableHardness.ActualStarAffineFunctionalSelectionForceSelection.exists_functional_extending_disjoint_pair
4:#print axioms PvNP.RealizableHardness.ActualStarAffineFunctionalSelectionForceSelection.exists_functional_extending_disjoint_pair
5:#check PvNP.RealizableHardness.ActualStarAffineFunctionalSelectionForceSelection.exists_uniform_match_mass_ge
6:#print axioms PvNP.RealizableHardness.ActualStarAffineFunctionalSelectionForceSelection.exists_uniform_match_mass_ge
7:#check PvNP.RealizableHardness.ActualStarAffineFunctionalSelectionForceSelection.exists_questionCenter_baseFunctional
8:#print axioms PvNP.RealizableHardness.ActualStarAffineFunctionalSelectionForceSelection.exists_questionCenter_baseFunctional
9:#check PvNP.RealizableHardness.ActualStarAffineFunctionalSelectionForceSelection.leaf_agrees_with_base_on_sup
10:#print axioms PvNP.RealizableHardness.ActualStarAffineFunctionalSelectionForceSelection.leaf_agrees_with_base_on_sup
CHECK_DIRECTIVES_END
SIGNATURE_OUTPUT_BEGIN
1:PvNP.RealizableHardness.ActualStarAffineFunctionalSelectionForceSelection.exists_functional_extending_disjoint_pair.{u_1}
7:PvNP.RealizableHardness.ActualStarAffineFunctionalSelectionForceSelection.exists_uniform_match_mass_ge.{u_1, u_2}
17:PvNP.RealizableHardness.ActualStarAffineFunctionalSelectionForceSelection.exists_questionCenter_baseFunctional
28:PvNP.RealizableHardness.ActualStarAffineFunctionalSelectionForceSelection.leaf_agrees_with_base_on_sup.{u_1}
SIGNATURE_OUTPUT_END
AXIOM_NORMALIZED_BEGIN
AXIOM_PARSE_ERROR=expected 1 complete reports, found 4
AXIOM_REPORT_1=[propext,  Classical.choice,  Quot.sound]
AXIOM_REPORT_2=[propext,  Classical.choice,  Quot.sound]
AXIOM_REPORT_3=[propext,  Classical.choice,  Quot.sound]
AXIOM_REPORT_4=[propext,  Classical.choice,  Quot.sound]
AXIOM_NORMALIZED_END
