C:\Users\Dan\Desktop\Projects\realizable-cmmsa-hardness\docs\native-receipts\ActualSelectedComplementAnalyticMoment\runtime-prebuild\local-native-123542\src\PvNP\RealizableHardness\ActualTypedABRankedTower.lean:34:10: warning: The namespace `ActualTypedABRankedTower` is duplicated in the declaration `PvNP.RealizableHardness.ActualTypedABRankedTower.ActualTypedABRankedTower`.

Note: This linter can be disabled with `set_option linter.dupNamespace false`
C:\Users\Dan\Desktop\Projects\realizable-cmmsa-hardness\docs\native-receipts\ActualSelectedComplementAnalyticMoment\runtime-prebuild\local-native-123542\src\PvNP\RealizableHardness\ActualTypedABRankedTower.lean:37:4: warning: The namespace `ActualTypedABRankedTower` is duplicated in the declaration `PvNP.RealizableHardness.ActualTypedABRankedTower.ActualTypedABRankedTower.done`.

Note: This linter can be disabled with `set_option linter.dupNamespace false`
C:\Users\Dan\Desktop\Projects\realizable-cmmsa-hardness\docs\native-receipts\ActualSelectedComplementAnalyticMoment\runtime-prebuild\local-native-123542\src\PvNP\RealizableHardness\ActualTypedABRankedTower.lean:51:4: warning: The namespace `ActualTypedABRankedTower` is duplicated in the declaration `PvNP.RealizableHardness.ActualTypedABRankedTower.ActualTypedABRankedTower.hyperplane`.

Note: This linter can be disabled with `set_option linter.dupNamespace false`
C:\Users\Dan\Desktop\Projects\realizable-cmmsa-hardness\docs\native-receipts\ActualSelectedComplementAnalyticMoment\runtime-prebuild\local-native-123542\src\PvNP\RealizableHardness\ActualTypedABRankedTower.lean:40:4: warning: The namespace `ActualTypedABRankedTower` is duplicated in the declaration `PvNP.RealizableHardness.ActualTypedABRankedTower.ActualTypedABRankedTower.line`.

Note: This linter can be disabled with `set_option linter.dupNamespace false`
C:\Users\Dan\Desktop\Projects\realizable-cmmsa-hardness\docs\native-receipts\ActualSelectedComplementAnalyticMoment\runtime-prebuild\local-native-123542\src\PvNP\RealizableHardness\ActualTypedABRankedTower.lean:99:63: warning: Used `tac1 <;> tac2` where `(tac1; tac2)` would suffice

Note: This linter can be disabled with `set_option linter.unnecessarySeqFocus false`
C:\Users\Dan\Desktop\Projects\realizable-cmmsa-hardness\docs\native-receipts\ActualSelectedComplementAnalyticMoment\runtime-prebuild\local-native-123542\src\PvNP\RealizableHardness\ActualTypedABRankedTower.lean:163:40: warning: This simp argument is unused:
  mul_left_comm

Hint: Omit it from the simp argument list.
  [apply] simp [rankedA15Loss, mul_assoc, mul_comm]

Note: This linter can be disabled with `set_option linter.unusedSimpArgs false`
C:\Users\Dan\Desktop\Projects\realizable-cmmsa-hardness\docs\native-receipts\ActualSelectedComplementAnalyticMoment\runtime-prebuild\local-native-123542\src\PvNP\RealizableHardness\ActualTypedABRankedTower.lean:183:40: warning: This simp argument is unused:
  mul_left_comm

Hint: Omit it from the simp argument list.
  [apply] simp [rankedA15Loss, mul_assoc, mul_comm]

Note: This linter can be disabled with `set_option linter.unusedSimpArgs false`
