WORKTREE_HEAD=167eb7904cddf00c000e63bc4bf2bc643ee4df40
WORKTREE_BRANCH=DETACHED
WORKTREE_STATUS_BEGIN
?? lean/PvNP/RealizableHardness/ActualStarAffineFunctionalSelection.lean
?? lean/PvNP/RealizableHardness/ActualStarAffineFunctionalSelectionChecks.lean
?? lean/PvNP/RealizableHardness/ActualStarAffineFunctionalSelectionForce.lean
?? lean/PvNP/RealizableHardness/ActualStarAffineFunctionalSelectionForceChecks.lean
?? lean/PvNP/RealizableHardness/ActualStarAffineFunctionalSelectionForceSelection.lean
?? lean/PvNP/RealizableHardness/ActualStarAffineFunctionalSelectionForceSelectionChecks.lean
WORKTREE_STATUS_END
OVERLAY_COUNT=6
OVERLAYS_BEGIN
lean/PvNP/RealizableHardness/ActualStarAffineFunctionalSelection.lean
lean/PvNP/RealizableHardness/ActualStarAffineFunctionalSelectionForce.lean
lean/PvNP/RealizableHardness/ActualStarAffineFunctionalSelectionChecks.lean
lean/PvNP/RealizableHardness/ActualStarAffineFunctionalSelectionForceChecks.lean
lean/PvNP/RealizableHardness/ActualStarAffineFunctionalSelectionForceSelection.lean
lean/PvNP/RealizableHardness/ActualStarAffineFunctionalSelectionForceSelectionChecks.lean
OVERLAYS_END
SOURCE_HASHES_BEGIN
bd16438ee3121b4081f2a949ca9be42be8558592e936a74f868dce3bec372593  /home/dfredriksen_quantyra_org/gcp_actual_star_affine_functional_selection_b50af_r1_20260926T003700Z_worktree/lean/PvNP/RealizableHardness/ActualStarAffineFunctionalSelection.lean
02bd17de7ea3619ce0940fdbce2ea127afe7dffea063e62cedf7845735255a82  /home/dfredriksen_quantyra_org/gcp_actual_star_affine_functional_selection_b50af_r1_20260926T003700Z_worktree/lean/PvNP/RealizableHardness/ActualStarAffineFunctionalSelectionForce.lean
4182800f7aa6e0f9378b78df28d5b4c93e75dc9aec6da7b8a07b3b5b9b15f1fa  /home/dfredriksen_quantyra_org/gcp_actual_star_affine_functional_selection_b50af_r1_20260926T003700Z_worktree/lean/PvNP/RealizableHardness/ActualStarAffineFunctionalSelectionChecks.lean
a0b909b7fe387989d5bf9d8734ca1f235005775018169d81c0f0a7055ffde5d2  /home/dfredriksen_quantyra_org/gcp_actual_star_affine_functional_selection_b50af_r1_20260926T003700Z_worktree/lean/PvNP/RealizableHardness/ActualStarAffineFunctionalSelectionForceChecks.lean
02ba7096a4672f85ed8126e86646dee2bf6573049e49308928aadd421b0e9eb0  /home/dfredriksen_quantyra_org/gcp_actual_star_affine_functional_selection_b50af_r1_20260926T003700Z_worktree/lean/PvNP/RealizableHardness/ActualStarAffineFunctionalSelectionForceSelection.lean
2a5febdc2937c64faf5dee765e7bb2fd886ad5b93f7e89454584f8faf4a5e0b2  /home/dfredriksen_quantyra_org/gcp_actual_star_affine_functional_selection_b50af_r1_20260926T003700Z_worktree/lean/PvNP/RealizableHardness/ActualStarAffineFunctionalSelectionForceSelectionChecks.lean
8190e75a201741065fe508b28955dd64dd72d090babe5f70ce6848879d68ae88  /home/dfredriksen_quantyra_org/gcp_actual_star_affine_functional_selection_b50af_r1_20260926T003700Z_worktree/lean-toolchain
03c6564b4a501867a608a3439198e41b88eedf17e3c79c6bfd01790f6ae34cbe  /home/dfredriksen_quantyra_org/gcp_actual_star_affine_functional_selection_b50af_r1_20260926T003700Z_worktree/lakefile.toml
825d2e1a20005a259fdf5b181528b391dd6ba18a52c86127caf4c3be990e04f0  /home/dfredriksen_quantyra_org/gcp_actual_star_affine_functional_selection_b50af_r1_20260926T003700Z_worktree/lake-manifest.json
SOURCE_HASHES_END
CACHE_LINKS_BEGIN
lrwxrwxrwx 1 dfredriksen_quantyra_org dfredriksen_quantyra_org 65 Sep 26 00:36 /home/dfredriksen_quantyra_org/gcp_actual_star_affine_functional_selection_b50af_r1_20260926T003700Z_worktree/.lake/build -> /home/dfredriksen_quantyra_org/mz24-fixed-rho-de048da/.lake/build
lrwxrwxrwx 1 dfredriksen_quantyra_org dfredriksen_quantyra_org 68 Sep 26 00:36 /home/dfredriksen_quantyra_org/gcp_actual_star_affine_functional_selection_b50af_r1_20260926T003700Z_worktree/.lake/packages -> /home/dfredriksen_quantyra_org/mz24-fixed-rho-de048da/.lake/packages
/home/dfredriksen_quantyra_org/mz24-fixed-rho-de048da/.lake/packages
/home/dfredriksen_quantyra_org/mz24-fixed-rho-de048da/.lake/build
CACHE_LINKS_END
