⚠ [2203/2318] Replayed PvNP.RealizableHardness.BinaryMatrixFourier
warning: lean/PvNP/RealizableHardness/BinaryMatrixFourier.lean:126:8: `if_pos` has been deprecated: Use `ite_eq_left` instead
warning: lean/PvNP/RealizableHardness/BinaryMatrixFourier.lean:132:8: `if_neg` has been deprecated: Use `ite_eq_right` instead
⚠ [2205/2318] Replayed PvNP.RealizableHardness.BinaryMatrixHybridSelector
warning: lean/PvNP/RealizableHardness/BinaryMatrixHybridSelector.lean:71:8: `if_pos` has been deprecated: Use `ite_eq_left` instead
warning: lean/PvNP/RealizableHardness/BinaryMatrixHybridSelector.lean:90:8: `if_neg` has been deprecated: Use `ite_eq_right` instead
⚠ [2207/2318] Replayed PvNP.RealizableHardness.BinaryMatrixLineTranslation
warning: lean/PvNP/RealizableHardness/BinaryMatrixLineTranslation.lean:243:4: try 'simp' instead of 'simpa'

Note: This linter can be disabled with `set_option linter.unnecessarySimpa false`
warning: lean/PvNP/RealizableHardness/BinaryMatrixLineTranslation.lean:315:8: `if_neg` has been deprecated: Use `ite_eq_right` instead
warning: lean/PvNP/RealizableHardness/BinaryMatrixLineTranslation.lean:407:15: `if_neg` has been deprecated: Use `ite_eq_right` instead
warning: lean/PvNP/RealizableHardness/BinaryMatrixLineTranslation.lean:433:41: This simp argument is unused:
  s

Hint: Omit it from the simp argument list.
  [apply] simp [hs, hr]

Note: This linter can be disabled with `set_option linter.unusedSimpArgs false`
warning: lean/PvNP/RealizableHardness/BinaryMatrixLineTranslation.lean:555:15: `if_neg` has been deprecated: Use `ite_eq_right` instead
warning: lean/PvNP/RealizableHardness/BinaryMatrixLineTranslation.lean:592:57: This simp argument is unused:
  mul_assoc

Hint: Omit it from the simp argument list.
  [apply] simp [hr, hs]

Note: This linter can be disabled with `set_option linter.unusedSimpArgs false`
⚠ [2208/2318] Replayed PvNP.RealizableHardness.BinaryMatrixLineA14
warning: lean/PvNP/RealizableHardness/BinaryMatrixLineA14.lean:88:8: `if_pos` has been deprecated: Use `ite_eq_left` instead
warning: lean/PvNP/RealizableHardness/BinaryMatrixLineA14.lean:97:8: `if_neg` has been deprecated: Use `ite_eq_right` instead
⚠ [2283/2318] Replayed PvNP.RealizableHardness.BinaryMatrixA1TypedFourier
warning: lean/PvNP/RealizableHardness/BinaryMatrixA1TypedFourier.lean:198:8: `if_pos` has been deprecated: Use `ite_eq_left` instead
warning: lean/PvNP/RealizableHardness/BinaryMatrixA1TypedFourier.lean:204:8: `if_neg` has been deprecated: Use `ite_eq_right` instead
warning: lean/PvNP/RealizableHardness/BinaryMatrixA1TypedFourier.lean:236:8: `if_pos` has been deprecated: Use `ite_eq_left` instead
warning: lean/PvNP/RealizableHardness/BinaryMatrixA1TypedFourier.lean:242:8: `if_neg` has been deprecated: Use `ite_eq_right` instead
⚠ [2285/2318] Replayed PvNP.RealizableHardness.BinaryMatrixA1CoefficientTransfer
warning: lean/PvNP/RealizableHardness/BinaryMatrixA1CoefficientTransfer.lean:111:15: `if_pos` has been deprecated: Use `ite_eq_left` instead
⚠ [2286/2318] Replayed PvNP.RealizableHardness.BinaryMatrixA1Composition
warning: lean/PvNP/RealizableHardness/BinaryMatrixA1Composition.lean:40:15: `if_pos` has been deprecated: Use `ite_eq_left` instead
warning: lean/PvNP/RealizableHardness/BinaryMatrixA1Composition.lean:102:5: Variable name `hA` is not explicitly referenced.

Hint: The binding can be removed (if unused) or named `_` (if used implicitly). Alternatively, prefix the name with `_` to silence this warning:
  [apply] _hA

Note: This linter can be disabled with `set_option linter.unusedVariables false`
warning: lean/PvNP/RealizableHardness/BinaryMatrixA1Composition.lean:102:20: Variable name `hB` is not explicitly referenced.

Hint: The binding can be removed (if unused) or named `_` (if used implicitly). Alternatively, prefix the name with `_` to silence this warning:
  [apply] _hB

Note: This linter can be disabled with `set_option linter.unusedVariables false`
warning: lean/PvNP/RealizableHardness/BinaryMatrixA1Composition.lean:172:43: `if_pos` has been deprecated: Use `ite_eq_left` instead
⚠ [2289/2318] Replayed PvNP.RealizableHardness.BinaryMatrixComplexA15
warning: lean/PvNP/RealizableHardness/BinaryMatrixComplexA15.lean:35:4: Unused tactic linter: `change fibreEnergy R.fibre f ≤ ε` does nothing

Note: This linter can be disabled with `set_option linter.unusedTactic false`
warning: lean/PvNP/RealizableHardness/BinaryMatrixComplexA15.lean:46:2: Unused tactic linter: `change fibreEnergy Q.fibre f ≤ ε` does nothing

Note: This linter can be disabled with `set_option linter.unusedTactic false`
warning: lean/PvNP/RealizableHardness/BinaryMatrixComplexA15.lean:184:24: This simp argument is unused:
  zero_add

Hint: Omit it from the simp argument list.
  [apply] simp only [Complex.normSq_apply, Complex.sub_re, Complex.sub_im, Complex.mul_re, Complex.mul_im,
    Complex.ofReal_re, Complex.ofReal_im, zero_mul, sub_zero, mul_zero]

Note: This linter can be disabled with `set_option linter.unusedSimpArgs false`
warning: lean/PvNP/RealizableHardness/BinaryMatrixComplexA15.lean:184:34: This simp argument is unused:
  mul_zero

Hint: Omit it from the simp argument list.
  [apply] simp only [Complex.normSq_apply, Complex.sub_re, Complex.sub_im, Complex.mul_re, Complex.mul_im,
    Complex.ofReal_re, Complex.ofReal_im, zero_mul, sub_zero, zero_add]

Note: This linter can be disabled with `set_option linter.unusedSimpArgs false`
⚠ [2301/2318] Replayed PvNP.RealizableHardness.BinaryMatrixTypedA15HyperplaneGlobal
warning: lean/PvNP/RealizableHardness/BinaryMatrixTypedA15HyperplaneGlobal.lean:48:25: Variable name `hH` is not explicitly referenced.

Hint: The binding can be removed (if unused) or named `_` (if used implicitly). Alternatively, prefix the name with `_` to silence this warning:
  [apply] _hH

Note: This linter can be disabled with `set_option linter.unusedVariables false`
⚠ [2303/2318] Replayed PvNP.RealizableHardness.BinaryMatrixTypedA15HyperplaneReducedGlobal
warning: lean/PvNP/RealizableHardness/BinaryMatrixTypedA15HyperplaneReducedGlobal.lean:54:25: Variable name `hH` is not explicitly referenced.

Hint: The binding can be removed (if unused) or named `_` (if used implicitly). Alternatively, prefix the name with `_` to silence this warning:
  [apply] _hH

Note: This linter can be disabled with `set_option linter.unusedVariables false`
warning: lean/PvNP/RealizableHardness/BinaryMatrixTypedA15HyperplaneReducedGlobal.lean:64:25: Variable name `hH` is not explicitly referenced.

Hint: The binding can be removed (if unused) or named `_` (if used implicitly). Alternatively, prefix the name with `_` to silence this warning:
  [apply] _hH

Note: This linter can be disabled with `set_option linter.unusedVariables false`
warning: lean/PvNP/RealizableHardness/BinaryMatrixTypedA15HyperplaneReducedGlobal.lean:84:25: Variable name `hH` is not explicitly referenced.

Hint: The binding can be removed (if unused) or named `_` (if used implicitly). Alternatively, prefix the name with `_` to silence this warning:
  [apply] _hH

Note: This linter can be disabled with `set_option linter.unusedVariables false`
warning: lean/PvNP/RealizableHardness/BinaryMatrixTypedA15HyperplaneReducedGlobal.lean:98:25: Variable name `hH` is not explicitly referenced.

Hint: The binding can be removed (if unused) or named `_` (if used implicitly). Alternatively, prefix the name with `_` to silence this warning:
  [apply] _hH

Note: This linter can be disabled with `set_option linter.unusedVariables false`
warning: lean/PvNP/RealizableHardness/BinaryMatrixTypedA15HyperplaneReducedGlobal.lean:236:25: Variable name `hH` is not explicitly referenced.

Hint: The binding can be removed (if unused) or named `_` (if used implicitly). Alternatively, prefix the name with `_` to silence this warning:
  [apply] _hH

Note: This linter can be disabled with `set_option linter.unusedVariables false`
⚠ [2305/2318] Replayed PvNP.RealizableHardness.BinaryMatrixTypedA14HyperplaneReduced
warning: lean/PvNP/RealizableHardness/BinaryMatrixTypedA14HyperplaneReduced.lean:35:55: Variable name `hH` is not explicitly referenced.

Hint: The binding can be removed (if unused) or named `_` (if used implicitly). Alternatively, prefix the name with `_` to silence this warning:
  [apply] _hH

Note: This linter can be disabled with `set_option linter.unusedVariables false`
warning: lean/PvNP/RealizableHardness/BinaryMatrixTypedA14HyperplaneReduced.lean:119:55: Variable name `hH` is not explicitly referenced.

Hint: The binding can be removed (if unused) or named `_` (if used implicitly). Alternatively, prefix the name with `_` to silence this warning:
  [apply] _hH

Note: This linter can be disabled with `set_option linter.unusedVariables false`
⚠ [2307/2318] Replayed PvNP.RealizableHardness.BinaryMatrixA15BaseCase
warning: lean/PvNP/RealizableHardness/BinaryMatrixA15BaseCase.lean:31:4: Try this: 
  haveI̵

The goal is a proposition, so `have` is preferred over `haveI`.
The difference between `have` and `haveI` is that `haveI` inlines the value.
But this is not relevant for proofs because of proof irrelevance.

Note: This linter can be disabled with `set_option linter.style.haveILetI false`
⚠ [2312/2318] Replayed PvNP.RealizableHardness.BinaryMatrixTypedHyperplaneIntrinsicP
warning: lean/PvNP/RealizableHardness/BinaryMatrixTypedHyperplaneIntrinsicP.lean:138:35: This simp argument is unused:
  Module.Basis.dualBasis_equivFun

Hint: Omit it from the simp argument list.
  [apply] simp [hyperplaneMatrixEquiv, hyperplaneShiftVectorIndex, lineShift, lineFunctional]

Note: This linter can be disabled with `set_option linter.unusedSimpArgs false`
⚠ [2314/2318] Replayed PvNP.RealizableHardness.BinaryMatrixA15SelectedBridge
warning: lean/PvNP/RealizableHardness/BinaryMatrixA15SelectedBridge.lean:44:10: try 'simp' instead of 'simpa'

Note: This linter can be disabled with `set_option linter.unnecessarySimpa false`
warning: lean/PvNP/RealizableHardness/BinaryMatrixA15SelectedBridge.lean:50:10: try 'simp' instead of 'simpa'

Note: This linter can be disabled with `set_option linter.unnecessarySimpa false`
⚠ [2316/2318] Replayed PvNP.RealizableHardness.ActualTypedIntrinsicWitnessNaturality
warning: lean/PvNP/RealizableHardness/ActualTypedIntrinsicWitnessNaturality.lean:224:31: This simp argument is unused:
  LinearEquiv.arrowCongr_apply

Hint: Omit it from the simp argument list.
  [apply] simp [eN, mapReindexEquiv, LinearMap.comp_apply]

Note: This linter can be disabled with `set_option linter.unusedSimpArgs false`
warning: lean/PvNP/RealizableHardness/ActualTypedIntrinsicWitnessNaturality.lean:225:6: This simp argument is unused:
  LinearMap.comp_apply

Hint: Omit it from the simp argument list.
  [apply] simp [eN, mapReindexEquiv, LinearEquiv.arrowCongr_apply]

Note: This linter can be disabled with `set_option linter.unusedSimpArgs false`
warning: lean/PvNP/RealizableHardness/ActualTypedIntrinsicWitnessNaturality.lean:327:4: Try `simp at hz` instead of `simpa using hz`

Note: This linter can be disabled with `set_option linter.unnecessarySimpa false`
warning: lean/PvNP/RealizableHardness/ActualTypedIntrinsicWitnessNaturality.lean:357:4: Try `simp at h'` instead of `simpa using h'`

Note: This linter can be disabled with `set_option linter.unnecessarySimpa false`
warning: lean/PvNP/RealizableHardness/ActualTypedIntrinsicWitnessNaturality.lean:373:2: try 'simp' instead of 'simpa'

Note: This linter can be disabled with `set_option linter.unnecessarySimpa false`
⚠ [2317/2318] Replayed PvNP.RealizableHardness.ActualTypedIntrinsicHyperplaneNaturality
warning: lean/PvNP/RealizableHardness/ActualTypedIntrinsicHyperplaneNaturality.lean:48:5: Variable name `hφ` is not explicitly referenced.

Hint: The binding can be removed (if unused) or named `_` (if used implicitly). Alternatively, prefix the name with `_` to silence this warning:
  [apply] _hφ

Note: This linter can be disabled with `set_option linter.unusedVariables false`
warning: lean/PvNP/RealizableHardness/ActualTypedIntrinsicHyperplaneNaturality.lean:207:6: This simp argument is unused:
  LinearEquiv.arrowCongr_apply

Hint: Omit it from the simp argument list.
  [apply] simp [eIndex, ePhi, eW, mapReindexEquiv, LinearMap.comp_apply, LinearMap.smulRight_apply]

Note: This linter can be disabled with `set_option linter.unusedSimpArgs false`
warning: lean/PvNP/RealizableHardness/ActualTypedIntrinsicHyperplaneNaturality.lean:358:31: This simp argument is unused:
  LinearEquiv.arrowCongr_apply

Hint: Omit it from the simp argument list.
  [apply] simp [eN, mapReindexEquiv, LinearMap.comp_apply]

Note: This linter can be disabled with `set_option linter.unusedSimpArgs false`
warning: lean/PvNP/RealizableHardness/ActualTypedIntrinsicHyperplaneNaturality.lean:359:6: This simp argument is unused:
  LinearMap.comp_apply

Hint: Omit it from the simp argument list.
  [apply] simp [eN, mapReindexEquiv, LinearEquiv.arrowCongr_apply]

Note: This linter can be disabled with `set_option linter.unusedSimpArgs false`
warning: lean/PvNP/RealizableHardness/ActualTypedIntrinsicHyperplaneNaturality.lean:395:31: This simp argument is unused:
  LinearEquiv.arrowCongr_apply

Hint: Omit it from the simp argument list.
  [apply] simp [eN, mapReindexEquiv, LinearMap.comp_apply]

Note: This linter can be disabled with `set_option linter.unusedSimpArgs false`
warning: lean/PvNP/RealizableHardness/ActualTypedIntrinsicHyperplaneNaturality.lean:396:6: This simp argument is unused:
  LinearMap.comp_apply

Hint: Omit it from the simp argument list.
  [apply] simp [eN, mapReindexEquiv, LinearEquiv.arrowCongr_apply]

Note: This linter can be disabled with `set_option linter.unusedSimpArgs false`
ℹ [2318/2318] Built PvNP.RealizableHardness.ActualTypedIntrinsicHyperplaneNaturalityChecks (2.5s)
info: lean/PvNP/RealizableHardness/ActualTypedIntrinsicHyperplaneNaturalityChecks.lean:5:0: PvNP.RealizableHardness.ActualTypedIntrinsicHyperplaneNaturality.linearMap_eq_of_ker_eq_F2.{u_1} {D : Type u_1}
  [AddCommGroup D] [Module PvNP.RealizableHardness.ActualTypedIntrinsicHyperplaneNaturality.F✝ D]
  (φ ψ :
    D →ₗ[PvNP.RealizableHardness.ActualTypedIntrinsicHyperplaneNaturality.F✝]
      PvNP.RealizableHardness.ActualTypedIntrinsicHyperplaneNaturality.F✝)
  (hker : φ.ker = ψ.ker) (hφ : φ ≠ 0) : φ = ψ
info: lean/PvNP/RealizableHardness/ActualTypedIntrinsicHyperplaneNaturalityChecks.lean:6:0: 'PvNP.RealizableHardness.ActualTypedIntrinsicHyperplaneNaturality.linearMap_eq_of_ker_eq_F2' depends on axioms: [propext,
 Classical.choice,
 Quot.sound]
info: lean/PvNP/RealizableHardness/ActualTypedIntrinsicHyperplaneNaturalityChecks.lean:7:0: PvNP.RealizableHardness.ActualTypedIntrinsicHyperplaneNaturality.hyperplaneDefiningFunctional_reindex {n n' : ℕ}
  (B :
    Submodule PvNP.RealizableHardness.ActualTypedIntrinsicHyperplaneNaturality.F✝
      (Fin n → PvNP.RealizableHardness.ActualTypedIntrinsicHyperplaneNaturality.F✝))
  (H : Submodule PvNP.RealizableHardness.ActualTypedIntrinsicHyperplaneNaturality.F✝ ↥B)
  (hH : Module.finrank PvNP.RealizableHardness.ActualTypedIntrinsicHyperplaneNaturality.F✝ (↥B ⧸ H) = 1)
  (B' :
    Submodule PvNP.RealizableHardness.ActualTypedIntrinsicHyperplaneNaturality.F✝
      (Fin n' → PvNP.RealizableHardness.ActualTypedIntrinsicHyperplaneNaturality.F✝))
  (H' : Submodule PvNP.RealizableHardness.ActualTypedIntrinsicHyperplaneNaturality.F✝ ↥B')
  (hH' : Module.finrank PvNP.RealizableHardness.ActualTypedIntrinsicHyperplaneNaturality.F✝ (↥B' ⧸ H') = 1)
  (eC : ↥B' ≃ₗ[PvNP.RealizableHardness.ActualTypedIntrinsicHyperplaneNaturality.F✝] ↥B)
  (hmap : Submodule.map (↑eC) H' = H) :
  PvNP.RealizableHardness.BinaryMatrixTypedHyperplaneIntrinsicP.hyperplaneDefiningFunctional B' H' hH' =
    PvNP.RealizableHardness.BinaryMatrixTypedHyperplaneIntrinsicP.hyperplaneDefiningFunctional B H hH ∘ₗ ↑eC
info: lean/PvNP/RealizableHardness/ActualTypedIntrinsicHyperplaneNaturalityChecks.lean:8:0: 'PvNP.RealizableHardness.ActualTypedIntrinsicHyperplaneNaturality.hyperplaneDefiningFunctional_reindex' depends on axioms: [propext,
 Classical.choice,
 Quot.sound]
info: lean/PvNP/RealizableHardness/ActualTypedIntrinsicHyperplaneNaturalityChecks.lean:9:0: PvNP.RealizableHardness.ActualTypedIntrinsicHyperplaneNaturality.intrinsicHyperplaneAverage_reindex.{u_1, u_2, u_3, u_4}
  {D : Type u_1} {D' : Type u_2} {C : Type u_3} {C' : Type u_4} [AddCommGroup D]
  [Module PvNP.RealizableHardness.ActualTypedIntrinsicHyperplaneNaturality.F✝ D] [Fintype D] [AddCommGroup D']
  [Module PvNP.RealizableHardness.ActualTypedIntrinsicHyperplaneNaturality.F✝ D'] [Fintype D'] [AddCommGroup C]
  [Module PvNP.RealizableHardness.ActualTypedIntrinsicHyperplaneNaturality.F✝ C] [Fintype C] [AddCommGroup C']
  [Module PvNP.RealizableHardness.ActualTypedIntrinsicHyperplaneNaturality.F✝ C'] [Fintype C']
  [Fintype
      (D →ₗ[PvNP.RealizableHardness.ActualTypedIntrinsicHyperplaneNaturality.F✝]
        PvNP.RealizableHardness.ActualTypedIntrinsicHyperplaneNaturality.F✝)]
  [DecidableEq
      (D →ₗ[PvNP.RealizableHardness.ActualTypedIntrinsicHyperplaneNaturality.F✝]
        PvNP.RealizableHardness.ActualTypedIntrinsicHyperplaneNaturality.F✝)]
  [Fintype
      (D' →ₗ[PvNP.RealizableHardness.ActualTypedIntrinsicHyperplaneNaturality.F✝]
        PvNP.RealizableHardness.ActualTypedIntrinsicHyperplaneNaturality.F✝)]
  [DecidableEq
      (D' →ₗ[PvNP.RealizableHardness.ActualTypedIntrinsicHyperplaneNaturality.F✝]
        PvNP.RealizableHardness.ActualTypedIntrinsicHyperplaneNaturality.F✝)]
  [Fintype (D →ₗ[PvNP.RealizableHardness.ActualTypedIntrinsicHyperplaneNaturality.F✝] C)]
  [DecidableEq (D →ₗ[PvNP.RealizableHardness.ActualTypedIntrinsicHyperplaneNaturality.F✝] C)]
  [Fintype (D' →ₗ[PvNP.RealizableHardness.ActualTypedIntrinsicHyperplaneNaturality.F✝] C')]
  [DecidableEq (D' →ₗ[PvNP.RealizableHardness.ActualTypedIntrinsicHyperplaneNaturality.F✝] C')]
  (eD : D' ≃ₗ[PvNP.RealizableHardness.ActualTypedIntrinsicHyperplaneNaturality.F✝] D)
  (eC : C' ≃ₗ[PvNP.RealizableHardness.ActualTypedIntrinsicHyperplaneNaturality.F✝] C)
  (ψ :
    C →ₗ[PvNP.RealizableHardness.ActualTypedIntrinsicHyperplaneNaturality.F✝]
      PvNP.RealizableHardness.ActualTypedIntrinsicHyperplaneNaturality.F✝)
  (f : (D →ₗ[PvNP.RealizableHardness.ActualTypedIntrinsicHyperplaneNaturality.F✝] C) → ℂ)
  (M : D →ₗ[PvNP.RealizableHardness.ActualTypedIntrinsicHyperplaneNaturality.F✝] C) :
  intrinsicHyperplaneAverage (ψ ∘ₗ ↑eC)
      (fun M' => f ((PvNP.RealizableHardness.ActualTypedFourierEquivNaturality.mapReindexEquiv eD eC).symm M'))
      ((PvNP.RealizableHardness.ActualTypedFourierEquivNaturality.mapReindexEquiv eD eC) M) =
    intrinsicHyperplaneAverage ψ f M
info: lean/PvNP/RealizableHardness/ActualTypedIntrinsicHyperplaneNaturalityChecks.lean:10:0: 'PvNP.RealizableHardness.ActualTypedIntrinsicHyperplaneNaturality.intrinsicHyperplaneAverage_reindex' depends on axioms: [propext,
 Classical.choice,
 Quot.sound]
info: lean/PvNP/RealizableHardness/ActualTypedIntrinsicHyperplaneNaturalityChecks.lean:11:0: PvNP.RealizableHardness.ActualTypedIntrinsicHyperplaneNaturality.intrinsicHyperplaneIminusE_reindex.{u_1, u_2, u_3, u_4}
  {D : Type u_1} {D' : Type u_2} {C : Type u_3} {C' : Type u_4} [AddCommGroup D]
  [Module PvNP.RealizableHardness.ActualTypedIntrinsicHyperplaneNaturality.F✝ D] [Fintype D] [AddCommGroup D']
  [Module PvNP.RealizableHardness.ActualTypedIntrinsicHyperplaneNaturality.F✝ D'] [Fintype D'] [AddCommGroup C]
  [Module PvNP.RealizableHardness.ActualTypedIntrinsicHyperplaneNaturality.F✝ C] [Fintype C] [AddCommGroup C']
  [Module PvNP.RealizableHardness.ActualTypedIntrinsicHyperplaneNaturality.F✝ C'] [Fintype C']
  [Fintype
      (D →ₗ[PvNP.RealizableHardness.ActualTypedIntrinsicHyperplaneNaturality.F✝]
        PvNP.RealizableHardness.ActualTypedIntrinsicHyperplaneNaturality.F✝)]
  [DecidableEq
      (D →ₗ[PvNP.RealizableHardness.ActualTypedIntrinsicHyperplaneNaturality.F✝]
        PvNP.RealizableHardness.ActualTypedIntrinsicHyperplaneNaturality.F✝)]
  [Fintype
      (D' →ₗ[PvNP.RealizableHardness.ActualTypedIntrinsicHyperplaneNaturality.F✝]
        PvNP.RealizableHardness.ActualTypedIntrinsicHyperplaneNaturality.F✝)]
  [DecidableEq
      (D' →ₗ[PvNP.RealizableHardness.ActualTypedIntrinsicHyperplaneNaturality.F✝]
        PvNP.RealizableHardness.ActualTypedIntrinsicHyperplaneNaturality.F✝)]
  [Fintype (D →ₗ[PvNP.RealizableHardness.ActualTypedIntrinsicHyperplaneNaturality.F✝] C)]
  [DecidableEq (D →ₗ[PvNP.RealizableHardness.ActualTypedIntrinsicHyperplaneNaturality.F✝] C)]
  [Fintype (D' →ₗ[PvNP.RealizableHardness.ActualTypedIntrinsicHyperplaneNaturality.F✝] C')]
  [DecidableEq (D' →ₗ[PvNP.RealizableHardness.ActualTypedIntrinsicHyperplaneNaturality.F✝] C')]
  (eD : D' ≃ₗ[PvNP.RealizableHardness.ActualTypedIntrinsicHyperplaneNaturality.F✝] D)
  (eC : C' ≃ₗ[PvNP.RealizableHardness.ActualTypedIntrinsicHyperplaneNaturality.F✝] C)
  (ψ :
    C →ₗ[PvNP.RealizableHardness.ActualTypedIntrinsicHyperplaneNaturality.F✝]
      PvNP.RealizableHardness.ActualTypedIntrinsicHyperplaneNaturality.F✝)
  (a : ℝ) (f : (D →ₗ[PvNP.RealizableHardness.ActualTypedIntrinsicHyperplaneNaturality.F✝] C) → ℂ)
  (M : D →ₗ[PvNP.RealizableHardness.ActualTypedIntrinsicHyperplaneNaturality.F✝] C) :
  intrinsicHyperplaneIminusE (ψ ∘ₗ ↑eC) a
      (fun M' => f ((PvNP.RealizableHardness.ActualTypedFourierEquivNaturality.mapReindexEquiv eD eC).symm M'))
      ((PvNP.RealizableHardness.ActualTypedFourierEquivNaturality.mapReindexEquiv eD eC) M) =
    intrinsicHyperplaneIminusE ψ a f M
info: lean/PvNP/RealizableHardness/ActualTypedIntrinsicHyperplaneNaturalityChecks.lean:12:0: 'PvNP.RealizableHardness.ActualTypedIntrinsicHyperplaneNaturality.intrinsicHyperplaneIminusE_reindex' depends on axioms: [propext,
 Classical.choice,
 Quot.sound]
info: lean/PvNP/RealizableHardness/ActualTypedIntrinsicHyperplaneNaturalityChecks.lean:13:0: PvNP.RealizableHardness.ActualTypedIntrinsicHyperplaneNaturality.intrinsicHyperplaneP_reindex.{u_1, u_2, u_3, u_4}
  {D : Type u_1} {D' : Type u_2} {C : Type u_3} {C' : Type u_4} [AddCommGroup D]
  [Module PvNP.RealizableHardness.ActualTypedIntrinsicHyperplaneNaturality.F✝ D] [Fintype D] [AddCommGroup D']
  [Module PvNP.RealizableHardness.ActualTypedIntrinsicHyperplaneNaturality.F✝ D'] [Fintype D'] [AddCommGroup C]
  [Module PvNP.RealizableHardness.ActualTypedIntrinsicHyperplaneNaturality.F✝ C] [Fintype C] [AddCommGroup C']
  [Module PvNP.RealizableHardness.ActualTypedIntrinsicHyperplaneNaturality.F✝ C'] [Fintype C']
  [Fintype
      (D →ₗ[PvNP.RealizableHardness.ActualTypedIntrinsicHyperplaneNaturality.F✝]
        PvNP.RealizableHardness.ActualTypedIntrinsicHyperplaneNaturality.F✝)]
  [DecidableEq
      (D →ₗ[PvNP.RealizableHardness.ActualTypedIntrinsicHyperplaneNaturality.F✝]
        PvNP.RealizableHardness.ActualTypedIntrinsicHyperplaneNaturality.F✝)]
  [Fintype
      (D' →ₗ[PvNP.RealizableHardness.ActualTypedIntrinsicHyperplaneNaturality.F✝]
        PvNP.RealizableHardness.ActualTypedIntrinsicHyperplaneNaturality.F✝)]
  [DecidableEq
      (D' →ₗ[PvNP.RealizableHardness.ActualTypedIntrinsicHyperplaneNaturality.F✝]
        PvNP.RealizableHardness.ActualTypedIntrinsicHyperplaneNaturality.F✝)]
  [Fintype (D →ₗ[PvNP.RealizableHardness.ActualTypedIntrinsicHyperplaneNaturality.F✝] C)]
  [DecidableEq (D →ₗ[PvNP.RealizableHardness.ActualTypedIntrinsicHyperplaneNaturality.F✝] C)]
  [Fintype (D' →ₗ[PvNP.RealizableHardness.ActualTypedIntrinsicHyperplaneNaturality.F✝] C')]
  [DecidableEq (D' →ₗ[PvNP.RealizableHardness.ActualTypedIntrinsicHyperplaneNaturality.F✝] C')]
  (eD : D' ≃ₗ[PvNP.RealizableHardness.ActualTypedIntrinsicHyperplaneNaturality.F✝] D)
  (eC : C' ≃ₗ[PvNP.RealizableHardness.ActualTypedIntrinsicHyperplaneNaturality.F✝] C)
  (ψ :
    C →ₗ[PvNP.RealizableHardness.ActualTypedIntrinsicHyperplaneNaturality.F✝]
      PvNP.RealizableHardness.ActualTypedIntrinsicHyperplaneNaturality.F✝)
  (j : ℕ) (f : (D →ₗ[PvNP.RealizableHardness.ActualTypedIntrinsicHyperplaneNaturality.F✝] C) → ℂ)
  (M : D →ₗ[PvNP.RealizableHardness.ActualTypedIntrinsicHyperplaneNaturality.F✝] C) :
  intrinsicHyperplaneP (ψ ∘ₗ ↑eC) j
      (fun M' => f ((PvNP.RealizableHardness.ActualTypedFourierEquivNaturality.mapReindexEquiv eD eC).symm M'))
      ((PvNP.RealizableHardness.ActualTypedFourierEquivNaturality.mapReindexEquiv eD eC) M) =
    intrinsicHyperplaneP ψ j f M
info: lean/PvNP/RealizableHardness/ActualTypedIntrinsicHyperplaneNaturalityChecks.lean:14:0: 'PvNP.RealizableHardness.ActualTypedIntrinsicHyperplaneNaturality.intrinsicHyperplaneP_reindex' depends on axioms: [propext,
 Classical.choice,
 Quot.sound]
info: lean/PvNP/RealizableHardness/ActualTypedIntrinsicHyperplaneNaturalityChecks.lean:15:0: PvNP.RealizableHardness.ActualTypedIntrinsicHyperplaneNaturality.intrinsicMixedLineHyperplaneP_reindex.{u_1, u_2, u_3,
    u_4}
  {D : Type u_1} {D' : Type u_2} {C : Type u_3} {C' : Type u_4} [AddCommGroup D]
  [Module PvNP.RealizableHardness.ActualTypedIntrinsicHyperplaneNaturality.F✝ D] [Fintype D] [AddCommGroup D']
  [Module PvNP.RealizableHardness.ActualTypedIntrinsicHyperplaneNaturality.F✝ D'] [Fintype D'] [AddCommGroup C]
  [Module PvNP.RealizableHardness.ActualTypedIntrinsicHyperplaneNaturality.F✝ C] [Fintype C] [AddCommGroup C']
  [Module PvNP.RealizableHardness.ActualTypedIntrinsicHyperplaneNaturality.F✝ C'] [Fintype C']
  [Fintype
      (D →ₗ[PvNP.RealizableHardness.ActualTypedIntrinsicHyperplaneNaturality.F✝]
        PvNP.RealizableHardness.ActualTypedIntrinsicHyperplaneNaturality.F✝)]
  [DecidableEq
      (D →ₗ[PvNP.RealizableHardness.ActualTypedIntrinsicHyperplaneNaturality.F✝]
        PvNP.RealizableHardness.ActualTypedIntrinsicHyperplaneNaturality.F✝)]
  [Fintype
      (D' →ₗ[PvNP.RealizableHardness.ActualTypedIntrinsicHyperplaneNaturality.F✝]
        PvNP.RealizableHardness.ActualTypedIntrinsicHyperplaneNaturality.F✝)]
  [DecidableEq
      (D' →ₗ[PvNP.RealizableHardness.ActualTypedIntrinsicHyperplaneNaturality.F✝]
        PvNP.RealizableHardness.ActualTypedIntrinsicHyperplaneNaturality.F✝)]
  [Fintype (D →ₗ[PvNP.RealizableHardness.ActualTypedIntrinsicHyperplaneNaturality.F✝] C)]
  [DecidableEq (D →ₗ[PvNP.RealizableHardness.ActualTypedIntrinsicHyperplaneNaturality.F✝] C)]
  [Fintype (D' →ₗ[PvNP.RealizableHardness.ActualTypedIntrinsicHyperplaneNaturality.F✝] C')]
  [DecidableEq (D' →ₗ[PvNP.RealizableHardness.ActualTypedIntrinsicHyperplaneNaturality.F✝] C')]
  (eD : D' ≃ₗ[PvNP.RealizableHardness.ActualTypedIntrinsicHyperplaneNaturality.F✝] D)
  (eC : C' ≃ₗ[PvNP.RealizableHardness.ActualTypedIntrinsicHyperplaneNaturality.F✝] C) (v : D)
  (ψ :
    C →ₗ[PvNP.RealizableHardness.ActualTypedIntrinsicHyperplaneNaturality.F✝]
      PvNP.RealizableHardness.ActualTypedIntrinsicHyperplaneNaturality.F✝)
  (j k : ℕ) (f : (D →ₗ[PvNP.RealizableHardness.ActualTypedIntrinsicHyperplaneNaturality.F✝] C) → ℂ)
  (M : D →ₗ[PvNP.RealizableHardness.ActualTypedIntrinsicHyperplaneNaturality.F✝] C) :
  intrinsicMixedLineHyperplaneP (eD.symm v) (ψ ∘ₗ ↑eC) j k
      (fun M' => f ((PvNP.RealizableHardness.ActualTypedFourierEquivNaturality.mapReindexEquiv eD eC).symm M'))
      ((PvNP.RealizableHardness.ActualTypedFourierEquivNaturality.mapReindexEquiv eD eC) M) =
    intrinsicMixedLineHyperplaneP v ψ j k f M
info: lean/PvNP/RealizableHardness/ActualTypedIntrinsicHyperplaneNaturalityChecks.lean:16:0: 'PvNP.RealizableHardness.ActualTypedIntrinsicHyperplaneNaturality.intrinsicMixedLineHyperplaneP_reindex' depends on axioms: [propext,
 Classical.choice,
 Quot.sound]
info: lean/PvNP/RealizableHardness/ActualTypedIntrinsicHyperplaneNaturalityChecks.lean:17:0: PvNP.RealizableHardness.ActualTypedIntrinsicHyperplaneNaturality.intrinsicReducedHyperplaneWitness_reindex.{u_1, u_2,
    u_3, u_4, u_5, u_6}
  {D : Type u_1} {D' : Type u_2} {Q : Type u_3} {Q' : Type u_4} {C : Type u_5} {C' : Type u_6} [AddCommGroup D]
  [Module PvNP.RealizableHardness.ActualTypedIntrinsicHyperplaneNaturality.F✝ D] [Fintype D] [AddCommGroup D']
  [Module PvNP.RealizableHardness.ActualTypedIntrinsicHyperplaneNaturality.F✝ D'] [Fintype D'] [AddCommGroup Q]
  [Module PvNP.RealizableHardness.ActualTypedIntrinsicHyperplaneNaturality.F✝ Q] [AddCommGroup Q']
  [Module PvNP.RealizableHardness.ActualTypedIntrinsicHyperplaneNaturality.F✝ Q'] [AddCommGroup C]
  [Module PvNP.RealizableHardness.ActualTypedIntrinsicHyperplaneNaturality.F✝ C] [Fintype C] [AddCommGroup C']
  [Module PvNP.RealizableHardness.ActualTypedIntrinsicHyperplaneNaturality.F✝ C'] [Fintype C']
  [Fintype
      (D →ₗ[PvNP.RealizableHardness.ActualTypedIntrinsicHyperplaneNaturality.F✝]
        PvNP.RealizableHardness.ActualTypedIntrinsicHyperplaneNaturality.F✝)]
  [DecidableEq
      (D →ₗ[PvNP.RealizableHardness.ActualTypedIntrinsicHyperplaneNaturality.F✝]
        PvNP.RealizableHardness.ActualTypedIntrinsicHyperplaneNaturality.F✝)]
  [Fintype
      (D' →ₗ[PvNP.RealizableHardness.ActualTypedIntrinsicHyperplaneNaturality.F✝]
        PvNP.RealizableHardness.ActualTypedIntrinsicHyperplaneNaturality.F✝)]
  [DecidableEq
      (D' →ₗ[PvNP.RealizableHardness.ActualTypedIntrinsicHyperplaneNaturality.F✝]
        PvNP.RealizableHardness.ActualTypedIntrinsicHyperplaneNaturality.F✝)]
  [Fintype (D →ₗ[PvNP.RealizableHardness.ActualTypedIntrinsicHyperplaneNaturality.F✝] C)]
  [DecidableEq (D →ₗ[PvNP.RealizableHardness.ActualTypedIntrinsicHyperplaneNaturality.F✝] C)]
  [Fintype (D' →ₗ[PvNP.RealizableHardness.ActualTypedIntrinsicHyperplaneNaturality.F✝] C')]
  [DecidableEq (D' →ₗ[PvNP.RealizableHardness.ActualTypedIntrinsicHyperplaneNaturality.F✝] C')]
  (eD : D' ≃ₗ[PvNP.RealizableHardness.ActualTypedIntrinsicHyperplaneNaturality.F✝] D)
  (eQ : Q' ≃ₗ[PvNP.RealizableHardness.ActualTypedIntrinsicHyperplaneNaturality.F✝] Q)
  (eC : C' ≃ₗ[PvNP.RealizableHardness.ActualTypedIntrinsicHyperplaneNaturality.F✝] C)
  (ψ :
    C →ₗ[PvNP.RealizableHardness.ActualTypedIntrinsicHyperplaneNaturality.F✝]
      PvNP.RealizableHardness.ActualTypedIntrinsicHyperplaneNaturality.F✝)
  (j : ℕ) (q : D →ₗ[PvNP.RealizableHardness.ActualTypedIntrinsicHyperplaneNaturality.F✝] Q)
  (q' : D' →ₗ[PvNP.RealizableHardness.ActualTypedIntrinsicHyperplaneNaturality.F✝] Q')
  (hq : ∀ (x' : D'), eQ (q' x') = q (eD x'))
  (T : D →ₗ[PvNP.RealizableHardness.ActualTypedIntrinsicHyperplaneNaturality.F✝] C)
  (f : (D →ₗ[PvNP.RealizableHardness.ActualTypedIntrinsicHyperplaneNaturality.F✝] C) → ℂ)
  (N' : Q' →ₗ[PvNP.RealizableHardness.ActualTypedIntrinsicHyperplaneNaturality.F✝] C') :
  intrinsicReducedHyperplaneWitness (ψ ∘ₗ ↑eC) j q'
      ((PvNP.RealizableHardness.ActualTypedFourierEquivNaturality.mapReindexEquiv eD eC) T)
      (fun M' => f ((PvNP.RealizableHardness.ActualTypedFourierEquivNaturality.mapReindexEquiv eD eC).symm M')) N' =
    intrinsicReducedHyperplaneWitness ψ j q T f
      ((PvNP.RealizableHardness.ActualTypedFourierEquivNaturality.mapReindexEquiv eQ eC).symm N')
info: lean/PvNP/RealizableHardness/ActualTypedIntrinsicHyperplaneNaturalityChecks.lean:18:0: 'PvNP.RealizableHardness.ActualTypedIntrinsicHyperplaneNaturality.intrinsicReducedHyperplaneWitness_reindex' depends on axioms: [propext,
 Classical.choice,
 Quot.sound]
info: lean/PvNP/RealizableHardness/ActualTypedIntrinsicHyperplaneNaturalityChecks.lean:19:0: PvNP.RealizableHardness.ActualTypedIntrinsicHyperplaneNaturality.nestedIntrinsicReducedHyperplaneWitness_reindex
  {n d j : ℕ}
  (A₂ A₁ :
    Submodule PvNP.RealizableHardness.ActualTypedIntrinsicHyperplaneNaturality.F✝
      (Fin d → PvNP.RealizableHardness.ActualTypedIntrinsicHyperplaneNaturality.F✝))
  (B₁ B₂ :
    Submodule PvNP.RealizableHardness.ActualTypedIntrinsicHyperplaneNaturality.F✝
      (Fin n → PvNP.RealizableHardness.ActualTypedIntrinsicHyperplaneNaturality.F✝))
  (hA : A₂ ≤ A₁) (hB : B₁ ≤ B₂)
  (ψ :
    ↥B₁ →ₗ[PvNP.RealizableHardness.ActualTypedIntrinsicHyperplaneNaturality.F✝]
      PvNP.RealizableHardness.ActualTypedIntrinsicHyperplaneNaturality.F✝)
  (L :
    Submodule PvNP.RealizableHardness.ActualTypedIntrinsicHyperplaneNaturality.F✝
      ((Fin d → PvNP.RealizableHardness.ActualTypedIntrinsicHyperplaneNaturality.F✝) ⧸ A₁))
  (T :
    (Fin d → PvNP.RealizableHardness.ActualTypedIntrinsicHyperplaneNaturality.F✝) ⧸
        A₁ →ₗ[PvNP.RealizableHardness.ActualTypedIntrinsicHyperplaneNaturality.F✝]
      ↥B₁)
  (f :
    ((Fin d → PvNP.RealizableHardness.ActualTypedIntrinsicHyperplaneNaturality.F✝) ⧸
          A₁ →ₗ[PvNP.RealizableHardness.ActualTypedIntrinsicHyperplaneNaturality.F✝]
        ↥B₁) →
      ℂ)
  (N' :
    (((Fin d → PvNP.RealizableHardness.ActualTypedIntrinsicHyperplaneNaturality.F✝) ⧸ A₂) ⧸ Submodule.map A₂.mkQ A₁) ⧸
        Submodule.map (↑(PvNP.RealizableHardness.BinaryMatrixA1NestedCarrier.nestedDomainEquiv A₂ A₁ hA).symm)
          L →ₗ[PvNP.RealizableHardness.ActualTypedIntrinsicHyperplaneNaturality.F✝]
      ↥(Submodule.comap B₂.subtype B₁)) :
  intrinsicReducedHyperplaneWitness
      (ψ ∘ₗ ↑(PvNP.RealizableHardness.BinaryMatrixA1NestedCarrier.nestedCodomainEquiv B₁ B₂ hB)) j
      (Submodule.map (↑(PvNP.RealizableHardness.BinaryMatrixA1NestedCarrier.nestedDomainEquiv A₂ A₁ hA).symm) L).mkQ
      ((PvNP.RealizableHardness.ActualTypedFourierEquivNaturality.mapReindexEquiv
          (PvNP.RealizableHardness.BinaryMatrixA1NestedCarrier.nestedDomainEquiv A₂ A₁ hA)
          (PvNP.RealizableHardness.BinaryMatrixA1NestedCarrier.nestedCodomainEquiv B₁ B₂ hB))
        T)
      (fun M' =>
        f
          ((PvNP.RealizableHardness.ActualTypedFourierEquivNaturality.mapReindexEquiv
                (PvNP.RealizableHardness.BinaryMatrixA1NestedCarrier.nestedDomainEquiv A₂ A₁ hA)
                (PvNP.RealizableHardness.BinaryMatrixA1NestedCarrier.nestedCodomainEquiv B₁ B₂ hB)).symm
            M'))
      N' =
    intrinsicReducedHyperplaneWitness ψ j L.mkQ T f
      ((PvNP.RealizableHardness.ActualTypedFourierEquivNaturality.mapReindexEquiv
            (PvNP.RealizableHardness.ActualTypedIntrinsicWitnessNaturality.quotientLineEquiv
              (PvNP.RealizableHardness.BinaryMatrixA1NestedCarrier.nestedDomainEquiv A₂ A₁ hA) L
              (Submodule.map (↑(PvNP.RealizableHardness.BinaryMatrixA1NestedCarrier.nestedDomainEquiv A₂ A₁ hA).symm) L)
              ⋯)
            (PvNP.RealizableHardness.BinaryMatrixA1NestedCarrier.nestedCodomainEquiv B₁ B₂ hB)).symm
        N')
info: lean/PvNP/RealizableHardness/ActualTypedIntrinsicHyperplaneNaturalityChecks.lean:20:0: 'PvNP.RealizableHardness.ActualTypedIntrinsicHyperplaneNaturality.nestedIntrinsicReducedHyperplaneWitness_reindex' depends on axioms: [propext,
 Classical.choice,
 Quot.sound]
info: lean/PvNP/RealizableHardness/ActualTypedIntrinsicHyperplaneNaturalityChecks.lean:22:0: PvNP.RealizableHardness.ActualTypedIntrinsicHyperplaneNaturality.intrinsicReducedMixedLineHyperplaneWitness_reindex.{u_1,
    u_2, u_3, u_4, u_5, u_6}
  {D : Type u_1} {D' : Type u_2} {Q : Type u_3} {Q' : Type u_4} {C : Type u_5} {C' : Type u_6} [AddCommGroup D]
  [Module PvNP.RealizableHardness.ActualTypedIntrinsicHyperplaneNaturality.F✝ D] [Fintype D] [AddCommGroup D']
  [Module PvNP.RealizableHardness.ActualTypedIntrinsicHyperplaneNaturality.F✝ D'] [Fintype D'] [AddCommGroup Q]
  [Module PvNP.RealizableHardness.ActualTypedIntrinsicHyperplaneNaturality.F✝ Q] [AddCommGroup Q']
  [Module PvNP.RealizableHardness.ActualTypedIntrinsicHyperplaneNaturality.F✝ Q'] [AddCommGroup C]
  [Module PvNP.RealizableHardness.ActualTypedIntrinsicHyperplaneNaturality.F✝ C] [Fintype C] [AddCommGroup C']
  [Module PvNP.RealizableHardness.ActualTypedIntrinsicHyperplaneNaturality.F✝ C'] [Fintype C']
  [Fintype
      (D →ₗ[PvNP.RealizableHardness.ActualTypedIntrinsicHyperplaneNaturality.F✝]
        PvNP.RealizableHardness.ActualTypedIntrinsicHyperplaneNaturality.F✝)]
  [DecidableEq
      (D →ₗ[PvNP.RealizableHardness.ActualTypedIntrinsicHyperplaneNaturality.F✝]
        PvNP.RealizableHardness.ActualTypedIntrinsicHyperplaneNaturality.F✝)]
  [Fintype
      (D' →ₗ[PvNP.RealizableHardness.ActualTypedIntrinsicHyperplaneNaturality.F✝]
        PvNP.RealizableHardness.ActualTypedIntrinsicHyperplaneNaturality.F✝)]
  [DecidableEq
      (D' →ₗ[PvNP.RealizableHardness.ActualTypedIntrinsicHyperplaneNaturality.F✝]
        PvNP.RealizableHardness.ActualTypedIntrinsicHyperplaneNaturality.F✝)]
  [Fintype (D →ₗ[PvNP.RealizableHardness.ActualTypedIntrinsicHyperplaneNaturality.F✝] C)]
  [DecidableEq (D →ₗ[PvNP.RealizableHardness.ActualTypedIntrinsicHyperplaneNaturality.F✝] C)]
  [Fintype (D' →ₗ[PvNP.RealizableHardness.ActualTypedIntrinsicHyperplaneNaturality.F✝] C')]
  [DecidableEq (D' →ₗ[PvNP.RealizableHardness.ActualTypedIntrinsicHyperplaneNaturality.F✝] C')]
  (eD : D' ≃ₗ[PvNP.RealizableHardness.ActualTypedIntrinsicHyperplaneNaturality.F✝] D)
  (eQ : Q' ≃ₗ[PvNP.RealizableHardness.ActualTypedIntrinsicHyperplaneNaturality.F✝] Q)
  (eC : C' ≃ₗ[PvNP.RealizableHardness.ActualTypedIntrinsicHyperplaneNaturality.F✝] C) (v : D)
  (ψ :
    C →ₗ[PvNP.RealizableHardness.ActualTypedIntrinsicHyperplaneNaturality.F✝]
      PvNP.RealizableHardness.ActualTypedIntrinsicHyperplaneNaturality.F✝)
  (j k : ℕ) (q : D →ₗ[PvNP.RealizableHardness.ActualTypedIntrinsicHyperplaneNaturality.F✝] Q)
  (q' : D' →ₗ[PvNP.RealizableHardness.ActualTypedIntrinsicHyperplaneNaturality.F✝] Q')
  (hq : ∀ (x' : D'), eQ (q' x') = q (eD x'))
  (T : D →ₗ[PvNP.RealizableHardness.ActualTypedIntrinsicHyperplaneNaturality.F✝] C)
  (f : (D →ₗ[PvNP.RealizableHardness.ActualTypedIntrinsicHyperplaneNaturality.F✝] C) → ℂ)
  (N' : Q' →ₗ[PvNP.RealizableHardness.ActualTypedIntrinsicHyperplaneNaturality.F✝] C') :
  intrinsicReducedMixedLineHyperplaneWitness (eD.symm v) (ψ ∘ₗ ↑eC) j k q'
      ((PvNP.RealizableHardness.ActualTypedFourierEquivNaturality.mapReindexEquiv eD eC) T)
      (fun M' => f ((PvNP.RealizableHardness.ActualTypedFourierEquivNaturality.mapReindexEquiv eD eC).symm M')) N' =
    intrinsicReducedMixedLineHyperplaneWitness v ψ j k q T f
      ((PvNP.RealizableHardness.ActualTypedFourierEquivNaturality.mapReindexEquiv eQ eC).symm N')
info: lean/PvNP/RealizableHardness/ActualTypedIntrinsicHyperplaneNaturalityChecks.lean:23:0: 'PvNP.RealizableHardness.ActualTypedIntrinsicHyperplaneNaturality.intrinsicReducedMixedLineHyperplaneWitness_reindex' depends on axioms: [propext,
 Classical.choice,
 Quot.sound]
info: lean/PvNP/RealizableHardness/ActualTypedIntrinsicHyperplaneNaturalityChecks.lean:24:0: PvNP.RealizableHardness.ActualTypedIntrinsicHyperplaneNaturality.nestedIntrinsicReducedMixedLineHyperplaneWitness_reindex
  {n d j k : ℕ}
  (A₂ A₁ :
    Submodule PvNP.RealizableHardness.ActualTypedIntrinsicHyperplaneNaturality.F✝
      (Fin d → PvNP.RealizableHardness.ActualTypedIntrinsicHyperplaneNaturality.F✝))
  (B₁ B₂ :
    Submodule PvNP.RealizableHardness.ActualTypedIntrinsicHyperplaneNaturality.F✝
      (Fin n → PvNP.RealizableHardness.ActualTypedIntrinsicHyperplaneNaturality.F✝))
  (hA : A₂ ≤ A₁) (hB : B₁ ≤ B₂) (v : (Fin d → PvNP.RealizableHardness.ActualTypedIntrinsicHyperplaneNaturality.F✝) ⧸ A₁)
  (ψ :
    ↥B₁ →ₗ[PvNP.RealizableHardness.ActualTypedIntrinsicHyperplaneNaturality.F✝]
      PvNP.RealizableHardness.ActualTypedIntrinsicHyperplaneNaturality.F✝)
  (L :
    Submodule PvNP.RealizableHardness.ActualTypedIntrinsicHyperplaneNaturality.F✝
      ((Fin d → PvNP.RealizableHardness.ActualTypedIntrinsicHyperplaneNaturality.F✝) ⧸ A₁))
  (T :
    (Fin d → PvNP.RealizableHardness.ActualTypedIntrinsicHyperplaneNaturality.F✝) ⧸
        A₁ →ₗ[PvNP.RealizableHardness.ActualTypedIntrinsicHyperplaneNaturality.F✝]
      ↥B₁)
  (f :
    ((Fin d → PvNP.RealizableHardness.ActualTypedIntrinsicHyperplaneNaturality.F✝) ⧸
          A₁ →ₗ[PvNP.RealizableHardness.ActualTypedIntrinsicHyperplaneNaturality.F✝]
        ↥B₁) →
      ℂ)
  (N' :
    (((Fin d → PvNP.RealizableHardness.ActualTypedIntrinsicHyperplaneNaturality.F✝) ⧸ A₂) ⧸ Submodule.map A₂.mkQ A₁) ⧸
        Submodule.map (↑(PvNP.RealizableHardness.BinaryMatrixA1NestedCarrier.nestedDomainEquiv A₂ A₁ hA).symm)
          L →ₗ[PvNP.RealizableHardness.ActualTypedIntrinsicHyperplaneNaturality.F✝]
      ↥(Submodule.comap B₂.subtype B₁)) :
  intrinsicReducedMixedLineHyperplaneWitness
      ((PvNP.RealizableHardness.BinaryMatrixA1NestedCarrier.nestedDomainEquiv A₂ A₁ hA).symm v)
      (ψ ∘ₗ ↑(PvNP.RealizableHardness.BinaryMatrixA1NestedCarrier.nestedCodomainEquiv B₁ B₂ hB)) j k
      (Submodule.map (↑(PvNP.RealizableHardness.BinaryMatrixA1NestedCarrier.nestedDomainEquiv A₂ A₁ hA).symm) L).mkQ
      ((PvNP.RealizableHardness.ActualTypedFourierEquivNaturality.mapReindexEquiv
          (PvNP.RealizableHardness.BinaryMatrixA1NestedCarrier.nestedDomainEquiv A₂ A₁ hA)
          (PvNP.RealizableHardness.BinaryMatrixA1NestedCarrier.nestedCodomainEquiv B₁ B₂ hB))
        T)
      (fun M' =>
        f
          ((PvNP.RealizableHardness.ActualTypedFourierEquivNaturality.mapReindexEquiv
                (PvNP.RealizableHardness.BinaryMatrixA1NestedCarrier.nestedDomainEquiv A₂ A₁ hA)
                (PvNP.RealizableHardness.BinaryMatrixA1NestedCarrier.nestedCodomainEquiv B₁ B₂ hB)).symm
            M'))
      N' =
    intrinsicReducedMixedLineHyperplaneWitness v ψ j k L.mkQ T f
      ((PvNP.RealizableHardness.ActualTypedFourierEquivNaturality.mapReindexEquiv
            (PvNP.RealizableHardness.ActualTypedIntrinsicWitnessNaturality.quotientLineEquiv
              (PvNP.RealizableHardness.BinaryMatrixA1NestedCarrier.nestedDomainEquiv A₂ A₁ hA) L
              (Submodule.map (↑(PvNP.RealizableHardness.BinaryMatrixA1NestedCarrier.nestedDomainEquiv A₂ A₁ hA).symm) L)
              ⋯)
            (PvNP.RealizableHardness.BinaryMatrixA1NestedCarrier.nestedCodomainEquiv B₁ B₂ hB)).symm
        N')
info: lean/PvNP/RealizableHardness/ActualTypedIntrinsicHyperplaneNaturalityChecks.lean:25:0: 'PvNP.RealizableHardness.ActualTypedIntrinsicHyperplaneNaturality.nestedIntrinsicReducedMixedLineHyperplaneWitness_reindex' depends on axioms: [propext,
 Classical.choice,
 Quot.sound]
info: lean/PvNP/RealizableHardness/ActualTypedIntrinsicHyperplaneNaturalityChecks.lean:26:0: PvNP.RealizableHardness.ActualTypedIntrinsicHyperplaneNaturality.nestedSelectedReducedHyperplaneWitness_reindex
  {n d j : ℕ}
  (A₂ A₁ :
    Submodule PvNP.RealizableHardness.ActualTypedIntrinsicHyperplaneNaturality.F✝
      (Fin d → PvNP.RealizableHardness.ActualTypedIntrinsicHyperplaneNaturality.F✝))
  (B₁ B₂ :
    Submodule PvNP.RealizableHardness.ActualTypedIntrinsicHyperplaneNaturality.F✝
      (Fin n → PvNP.RealizableHardness.ActualTypedIntrinsicHyperplaneNaturality.F✝))
  (hA : A₂ ≤ A₁) (hB : B₁ ≤ B₂) (H : Submodule PvNP.RealizableHardness.ActualTypedIntrinsicHyperplaneNaturality.F✝ ↥B₁)
  (hH : Module.finrank PvNP.RealizableHardness.ActualTypedIntrinsicHyperplaneNaturality.F✝ (↥B₁ ⧸ H) = 1)
  (L :
    Submodule PvNP.RealizableHardness.ActualTypedIntrinsicHyperplaneNaturality.F✝
      ((Fin d → PvNP.RealizableHardness.ActualTypedIntrinsicHyperplaneNaturality.F✝) ⧸ A₁))
  (T :
    (Fin d → PvNP.RealizableHardness.ActualTypedIntrinsicHyperplaneNaturality.F✝) ⧸
        A₁ →ₗ[PvNP.RealizableHardness.ActualTypedIntrinsicHyperplaneNaturality.F✝]
      ↥B₁)
  (f :
    ((Fin d → PvNP.RealizableHardness.ActualTypedIntrinsicHyperplaneNaturality.F✝) ⧸
          A₁ →ₗ[PvNP.RealizableHardness.ActualTypedIntrinsicHyperplaneNaturality.F✝]
        ↥B₁) →
      ℂ)
  (N' :
    (((Fin d → PvNP.RealizableHardness.ActualTypedIntrinsicHyperplaneNaturality.F✝) ⧸ A₂) ⧸ Submodule.map A₂.mkQ A₁) ⧸
        Submodule.map (↑(PvNP.RealizableHardness.BinaryMatrixA1NestedCarrier.nestedDomainEquiv A₂ A₁ hA).symm)
          L →ₗ[PvNP.RealizableHardness.ActualTypedIntrinsicHyperplaneNaturality.F✝]
      ↥(Submodule.comap B₂.subtype B₁)) :
  intrinsicReducedHyperplaneWitness
      (PvNP.RealizableHardness.BinaryMatrixTypedHyperplaneIntrinsicP.hyperplaneDefiningFunctional B₁ H hH ∘ₗ
        ↑(PvNP.RealizableHardness.BinaryMatrixA1NestedCarrier.nestedCodomainEquiv B₁ B₂ hB))
      j (Submodule.map (↑(PvNP.RealizableHardness.BinaryMatrixA1NestedCarrier.nestedDomainEquiv A₂ A₁ hA).symm) L).mkQ
      ((PvNP.RealizableHardness.ActualTypedFourierEquivNaturality.mapReindexEquiv
          (PvNP.RealizableHardness.BinaryMatrixA1NestedCarrier.nestedDomainEquiv A₂ A₁ hA)
          (PvNP.RealizableHardness.BinaryMatrixA1NestedCarrier.nestedCodomainEquiv B₁ B₂ hB))
        T)
      (fun M' =>
        f
          ((PvNP.RealizableHardness.ActualTypedFourierEquivNaturality.mapReindexEquiv
                (PvNP.RealizableHardness.BinaryMatrixA1NestedCarrier.nestedDomainEquiv A₂ A₁ hA)
                (PvNP.RealizableHardness.BinaryMatrixA1NestedCarrier.nestedCodomainEquiv B₁ B₂ hB)).symm
            M'))
      N' =
    intrinsicReducedHyperplaneWitness
      (PvNP.RealizableHardness.BinaryMatrixTypedHyperplaneIntrinsicP.hyperplaneDefiningFunctional B₁ H hH) j L.mkQ T f
      ((PvNP.RealizableHardness.ActualTypedFourierEquivNaturality.mapReindexEquiv
            (PvNP.RealizableHardness.ActualTypedIntrinsicWitnessNaturality.quotientLineEquiv
              (PvNP.RealizableHardness.BinaryMatrixA1NestedCarrier.nestedDomainEquiv A₂ A₁ hA) L
              (Submodule.map (↑(PvNP.RealizableHardness.BinaryMatrixA1NestedCarrier.nestedDomainEquiv A₂ A₁ hA).symm) L)
              ⋯)
            (PvNP.RealizableHardness.BinaryMatrixA1NestedCarrier.nestedCodomainEquiv B₁ B₂ hB)).symm
        N')
info: lean/PvNP/RealizableHardness/ActualTypedIntrinsicHyperplaneNaturalityChecks.lean:27:0: 'PvNP.RealizableHardness.ActualTypedIntrinsicHyperplaneNaturality.nestedSelectedReducedHyperplaneWitness_reindex' depends on axioms: [propext,
 Classical.choice,
 Quot.sound]
info: lean/PvNP/RealizableHardness/ActualTypedIntrinsicHyperplaneNaturalityChecks.lean:28:0: PvNP.RealizableHardness.ActualTypedIntrinsicHyperplaneNaturality.nestedSelectedReducedMixedLineHyperplaneWitness_reindex
  {n d j k : ℕ}
  (A₂ A₁ :
    Submodule PvNP.RealizableHardness.ActualTypedIntrinsicHyperplaneNaturality.F✝
      (Fin d → PvNP.RealizableHardness.ActualTypedIntrinsicHyperplaneNaturality.F✝))
  (B₁ B₂ :
    Submodule PvNP.RealizableHardness.ActualTypedIntrinsicHyperplaneNaturality.F✝
      (Fin n → PvNP.RealizableHardness.ActualTypedIntrinsicHyperplaneNaturality.F✝))
  (hA : A₂ ≤ A₁) (hB : B₁ ≤ B₂) (v : (Fin d → PvNP.RealizableHardness.ActualTypedIntrinsicHyperplaneNaturality.F✝) ⧸ A₁)
  (H : Submodule PvNP.RealizableHardness.ActualTypedIntrinsicHyperplaneNaturality.F✝ ↥B₁)
  (hH : Module.finrank PvNP.RealizableHardness.ActualTypedIntrinsicHyperplaneNaturality.F✝ (↥B₁ ⧸ H) = 1)
  (L :
    Submodule PvNP.RealizableHardness.ActualTypedIntrinsicHyperplaneNaturality.F✝
      ((Fin d → PvNP.RealizableHardness.ActualTypedIntrinsicHyperplaneNaturality.F✝) ⧸ A₁))
  (T :
    (Fin d → PvNP.RealizableHardness.ActualTypedIntrinsicHyperplaneNaturality.F✝) ⧸
        A₁ →ₗ[PvNP.RealizableHardness.ActualTypedIntrinsicHyperplaneNaturality.F✝]
      ↥B₁)
  (f :
    ((Fin d → PvNP.RealizableHardness.ActualTypedIntrinsicHyperplaneNaturality.F✝) ⧸
          A₁ →ₗ[PvNP.RealizableHardness.ActualTypedIntrinsicHyperplaneNaturality.F✝]
        ↥B₁) →
      ℂ)
  (N' :
    (((Fin d → PvNP.RealizableHardness.ActualTypedIntrinsicHyperplaneNaturality.F✝) ⧸ A₂) ⧸ Submodule.map A₂.mkQ A₁) ⧸
        Submodule.map (↑(PvNP.RealizableHardness.BinaryMatrixA1NestedCarrier.nestedDomainEquiv A₂ A₁ hA).symm)
          L →ₗ[PvNP.RealizableHardness.ActualTypedIntrinsicHyperplaneNaturality.F✝]
      ↥(Submodule.comap B₂.subtype B₁)) :
  intrinsicReducedMixedLineHyperplaneWitness
      ((PvNP.RealizableHardness.BinaryMatrixA1NestedCarrier.nestedDomainEquiv A₂ A₁ hA).symm v)
      (PvNP.RealizableHardness.BinaryMatrixTypedHyperplaneIntrinsicP.hyperplaneDefiningFunctional B₁ H hH ∘ₗ
        ↑(PvNP.RealizableHardness.BinaryMatrixA1NestedCarrier.nestedCodomainEquiv B₁ B₂ hB))
      j k (Submodule.map (↑(PvNP.RealizableHardness.BinaryMatrixA1NestedCarrier.nestedDomainEquiv A₂ A₁ hA).symm) L).mkQ
      ((PvNP.RealizableHardness.ActualTypedFourierEquivNaturality.mapReindexEquiv
          (PvNP.RealizableHardness.BinaryMatrixA1NestedCarrier.nestedDomainEquiv A₂ A₁ hA)
          (PvNP.RealizableHardness.BinaryMatrixA1NestedCarrier.nestedCodomainEquiv B₁ B₂ hB))
        T)
      (fun M' =>
        f
          ((PvNP.RealizableHardness.ActualTypedFourierEquivNaturality.mapReindexEquiv
                (PvNP.RealizableHardness.BinaryMatrixA1NestedCarrier.nestedDomainEquiv A₂ A₁ hA)
                (PvNP.RealizableHardness.BinaryMatrixA1NestedCarrier.nestedCodomainEquiv B₁ B₂ hB)).symm
            M'))
      N' =
    intrinsicReducedMixedLineHyperplaneWitness v
      (PvNP.RealizableHardness.BinaryMatrixTypedHyperplaneIntrinsicP.hyperplaneDefiningFunctional B₁ H hH) j k L.mkQ T f
      ((PvNP.RealizableHardness.ActualTypedFourierEquivNaturality.mapReindexEquiv
            (PvNP.RealizableHardness.ActualTypedIntrinsicWitnessNaturality.quotientLineEquiv
              (PvNP.RealizableHardness.BinaryMatrixA1NestedCarrier.nestedDomainEquiv A₂ A₁ hA) L
              (Submodule.map (↑(PvNP.RealizableHardness.BinaryMatrixA1NestedCarrier.nestedDomainEquiv A₂ A₁ hA).symm) L)
              ⋯)
            (PvNP.RealizableHardness.BinaryMatrixA1NestedCarrier.nestedCodomainEquiv B₁ B₂ hB)).symm
        N')
info: lean/PvNP/RealizableHardness/ActualTypedIntrinsicHyperplaneNaturalityChecks.lean:29:0: 'PvNP.RealizableHardness.ActualTypedIntrinsicHyperplaneNaturality.nestedSelectedReducedMixedLineHyperplaneWitness_reindex' depends on axioms: [propext,
 Classical.choice,
 Quot.sound]
info: lean/PvNP/RealizableHardness/ActualTypedIntrinsicHyperplaneNaturalityChecks.lean:30:0: PvNP.RealizableHardness.ActualTypedIntrinsicHyperplaneNaturality.intrinsicHyperplaneP_eq_typed {n d j : ℕ}
  {A :
    Submodule PvNP.RealizableHardness.ActualTypedIntrinsicHyperplaneNaturality.F✝
      (Fin d → PvNP.RealizableHardness.ActualTypedIntrinsicHyperplaneNaturality.F✝)}
  (B :
    Submodule PvNP.RealizableHardness.ActualTypedIntrinsicHyperplaneNaturality.F✝
      (Fin n → PvNP.RealizableHardness.ActualTypedIntrinsicHyperplaneNaturality.F✝))
  (H : Submodule PvNP.RealizableHardness.ActualTypedIntrinsicHyperplaneNaturality.F✝ ↥B)
  (hH : Module.finrank PvNP.RealizableHardness.ActualTypedIntrinsicHyperplaneNaturality.F✝ (↥B ⧸ H) = 1)
  (f :
    ((Fin d → PvNP.RealizableHardness.ActualTypedIntrinsicHyperplaneNaturality.F✝) ⧸
          A →ₗ[PvNP.RealizableHardness.ActualTypedIntrinsicHyperplaneNaturality.F✝]
        ↥B) →
      ℂ) :
  intrinsicHyperplaneP
      (PvNP.RealizableHardness.BinaryMatrixTypedHyperplaneIntrinsicP.hyperplaneDefiningFunctional B H hH) j f =
    PvNP.RealizableHardness.BinaryMatrixTypedA15HyperplaneGlobal.typedHyperplaneP B H hH j f
info: lean/PvNP/RealizableHardness/ActualTypedIntrinsicHyperplaneNaturalityChecks.lean:31:0: 'PvNP.RealizableHardness.ActualTypedIntrinsicHyperplaneNaturality.intrinsicHyperplaneP_eq_typed' depends on axioms: [propext,
 Classical.choice,
 Quot.sound]
info: lean/PvNP/RealizableHardness/ActualTypedIntrinsicHyperplaneNaturalityChecks.lean:32:0: PvNP.RealizableHardness.ActualTypedIntrinsicHyperplaneNaturality.intrinsicCodomainHyperplaneWitness.{u_1, u_2, u_3}
  {D : Type u_1} {C : Type u_2} {H : Type u_3} [AddCommGroup D]
  [Module PvNP.RealizableHardness.ActualTypedIntrinsicHyperplaneNaturality.F✝ D] [Fintype D] [AddCommGroup C]
  [Module PvNP.RealizableHardness.ActualTypedIntrinsicHyperplaneNaturality.F✝ C] [Fintype C] [AddCommGroup H]
  [Module PvNP.RealizableHardness.ActualTypedIntrinsicHyperplaneNaturality.F✝ H] [Fintype H]
  [Fintype
      (D →ₗ[PvNP.RealizableHardness.ActualTypedIntrinsicHyperplaneNaturality.F✝]
        PvNP.RealizableHardness.ActualTypedIntrinsicHyperplaneNaturality.F✝)]
  [DecidableEq
      (D →ₗ[PvNP.RealizableHardness.ActualTypedIntrinsicHyperplaneNaturality.F✝]
        PvNP.RealizableHardness.ActualTypedIntrinsicHyperplaneNaturality.F✝)]
  [Fintype (D →ₗ[PvNP.RealizableHardness.ActualTypedIntrinsicHyperplaneNaturality.F✝] C)]
  [DecidableEq (D →ₗ[PvNP.RealizableHardness.ActualTypedIntrinsicHyperplaneNaturality.F✝] C)]
  (ψ :
    C →ₗ[PvNP.RealizableHardness.ActualTypedIntrinsicHyperplaneNaturality.F✝]
      PvNP.RealizableHardness.ActualTypedIntrinsicHyperplaneNaturality.F✝)
  (j : ℕ) (inc : H →ₗ[PvNP.RealizableHardness.ActualTypedIntrinsicHyperplaneNaturality.F✝] C)
  (T : D →ₗ[PvNP.RealizableHardness.ActualTypedIntrinsicHyperplaneNaturality.F✝] C)
  (f : (D →ₗ[PvNP.RealizableHardness.ActualTypedIntrinsicHyperplaneNaturality.F✝] C) → ℂ)
  (N : D →ₗ[PvNP.RealizableHardness.ActualTypedIntrinsicHyperplaneNaturality.F✝] H) : ℂ
info: lean/PvNP/RealizableHardness/ActualTypedIntrinsicHyperplaneNaturalityChecks.lean:33:0: PvNP.RealizableHardness.ActualTypedIntrinsicHyperplaneNaturality.typedHyperplaneReducedWitness_eq_intrinsic {n d j : ℕ}
  {A :
    Submodule PvNP.RealizableHardness.ActualTypedIntrinsicHyperplaneNaturality.F✝
      (Fin d → PvNP.RealizableHardness.ActualTypedIntrinsicHyperplaneNaturality.F✝)}
  (B :
    Submodule PvNP.RealizableHardness.ActualTypedIntrinsicHyperplaneNaturality.F✝
      (Fin n → PvNP.RealizableHardness.ActualTypedIntrinsicHyperplaneNaturality.F✝))
  (H : Submodule PvNP.RealizableHardness.ActualTypedIntrinsicHyperplaneNaturality.F✝ ↥B)
  (hH : Module.finrank PvNP.RealizableHardness.ActualTypedIntrinsicHyperplaneNaturality.F✝ (↥B ⧸ H) = 1)
  (T :
    (Fin d → PvNP.RealizableHardness.ActualTypedIntrinsicHyperplaneNaturality.F✝) ⧸
        A →ₗ[PvNP.RealizableHardness.ActualTypedIntrinsicHyperplaneNaturality.F✝]
      ↥B)
  (f :
    ((Fin d → PvNP.RealizableHardness.ActualTypedIntrinsicHyperplaneNaturality.F✝) ⧸
          A →ₗ[PvNP.RealizableHardness.ActualTypedIntrinsicHyperplaneNaturality.F✝]
        ↥B) →
      ℂ)
  (N :
    (Fin d → PvNP.RealizableHardness.ActualTypedIntrinsicHyperplaneNaturality.F✝) ⧸
        A →ₗ[PvNP.RealizableHardness.ActualTypedIntrinsicHyperplaneNaturality.F✝]
      ↥H) :
  PvNP.RealizableHardness.BinaryMatrixTypedA15HyperplaneReducedGlobal.typedHyperplaneReducedWitness B H hH T f N =
    intrinsicCodomainHyperplaneWitness
      (PvNP.RealizableHardness.BinaryMatrixTypedHyperplaneIntrinsicP.hyperplaneDefiningFunctional B H hH) j H.subtype T
      f N
info: lean/PvNP/RealizableHardness/ActualTypedIntrinsicHyperplaneNaturalityChecks.lean:34:0: 'PvNP.RealizableHardness.ActualTypedIntrinsicHyperplaneNaturality.typedHyperplaneReducedWitness_eq_intrinsic' depends on axioms: [propext,
 Classical.choice,
 Quot.sound]
info: lean/PvNP/RealizableHardness/ActualTypedIntrinsicHyperplaneNaturalityChecks.lean:35:0: PvNP.RealizableHardness.ActualTypedIntrinsicHyperplaneNaturality.typedMixedLineHyperplaneReducedWitness_eq_intrinsic
  {n d j k : ℕ}
  {A :
    Submodule PvNP.RealizableHardness.ActualTypedIntrinsicHyperplaneNaturality.F✝
      (Fin d → PvNP.RealizableHardness.ActualTypedIntrinsicHyperplaneNaturality.F✝)}
  (B :
    Submodule PvNP.RealizableHardness.ActualTypedIntrinsicHyperplaneNaturality.F✝
      (Fin n → PvNP.RealizableHardness.ActualTypedIntrinsicHyperplaneNaturality.F✝))
  (L :
    Submodule PvNP.RealizableHardness.ActualTypedIntrinsicHyperplaneNaturality.F✝
      ((Fin d → PvNP.RealizableHardness.ActualTypedIntrinsicHyperplaneNaturality.F✝) ⧸ A))
  (hL : Module.finrank PvNP.RealizableHardness.ActualTypedIntrinsicHyperplaneNaturality.F✝ ↥L = 1)
  (H : Submodule PvNP.RealizableHardness.ActualTypedIntrinsicHyperplaneNaturality.F✝ ↥B)
  (hH : Module.finrank PvNP.RealizableHardness.ActualTypedIntrinsicHyperplaneNaturality.F✝ (↥B ⧸ H) = 1)
  (T :
    (Fin d → PvNP.RealizableHardness.ActualTypedIntrinsicHyperplaneNaturality.F✝) ⧸
        A →ₗ[PvNP.RealizableHardness.ActualTypedIntrinsicHyperplaneNaturality.F✝]
      ↥B)
  (f :
    ((Fin d → PvNP.RealizableHardness.ActualTypedIntrinsicHyperplaneNaturality.F✝) ⧸
          A →ₗ[PvNP.RealizableHardness.ActualTypedIntrinsicHyperplaneNaturality.F✝]
        ↥B) →
      ℂ)
  (N :
    ((Fin d → PvNP.RealizableHardness.ActualTypedIntrinsicHyperplaneNaturality.F✝) ⧸ A) ⧸
        L →ₗ[PvNP.RealizableHardness.ActualTypedIntrinsicHyperplaneNaturality.F✝]
      ↥H) :
  PvNP.RealizableHardness.BinaryMatrixTypedA15HyperplaneReducedGlobal.typedHyperplaneReducedWitness B H hH T
      (fun M => PvNP.RealizableHardness.BinaryMatrixTypedA15OneStep.typedLineP B L hL j f M) (N ∘ₗ L.mkQ) =
    intrinsicReducedMixedLineHyperplaneWitness
      (↑((PvNP.RealizableHardness.BinaryMatrixTypedA15OneStep.lineScalarEquiv L hL).symm 1))
      (PvNP.RealizableHardness.BinaryMatrixTypedHyperplaneIntrinsicP.hyperplaneDefiningFunctional B H hH) j k L.mkQ T f
      (H.subtype ∘ₗ N)
info: lean/PvNP/RealizableHardness/ActualTypedIntrinsicHyperplaneNaturalityChecks.lean:36:0: 'PvNP.RealizableHardness.ActualTypedIntrinsicHyperplaneNaturality.typedMixedLineHyperplaneReducedWitness_eq_intrinsic' depends on axioms: [propext,
 Classical.choice,
 Quot.sound]
Build completed successfully (2318 jobs).
