EXPECTED_BUNDLE_SHA256=7d57333559b4bdb920ee339701bd6ec3ca3f74bce5a8c2874505e6790b65624c
ACTUAL_BUNDLE_SHA256=7d57333559b4bdb920ee339701bd6ec3ca3f74bce5a8c2874505e6790b65624c
EXPECTED_ActualStarAffineFunctionalSelection_SHA256=bd16438ee3121b4081f2a949ca9be42be8558592e936a74f868dce3bec372593
bd16438ee3121b4081f2a949ca9be42be8558592e936a74f868dce3bec372593  /home/dfredriksen_quantyra_org/gcp_actual_star_accepted_rank_good_fiber_b50aw_20260926T034227Z_incoming/ActualStarAffineFunctionalSelection.lean
EXPECTED_ActualStarAffineFunctionalSelectionChecks_SHA256=4182800f7aa6e0f9378b78df28d5b4c93e75dc9aec6da7b8a07b3b5b9b15f1fa
4182800f7aa6e0f9378b78df28d5b4c93e75dc9aec6da7b8a07b3b5b9b15f1fa  /home/dfredriksen_quantyra_org/gcp_actual_star_accepted_rank_good_fiber_b50aw_20260926T034227Z_incoming/ActualStarAffineFunctionalSelectionChecks.lean
EXPECTED_ActualStarAffineFunctionalSelectionForce_SHA256=02bd17de7ea3619ce0940fdbce2ea127afe7dffea063e62cedf7845735255a82
02bd17de7ea3619ce0940fdbce2ea127afe7dffea063e62cedf7845735255a82  /home/dfredriksen_quantyra_org/gcp_actual_star_accepted_rank_good_fiber_b50aw_20260926T034227Z_incoming/ActualStarAffineFunctionalSelectionForce.lean
EXPECTED_ActualStarAffineFunctionalSelectionForceChecks_SHA256=a0b909b7fe387989d5bf9d8734ca1f235005775018169d81c0f0a7055ffde5d2
a0b909b7fe387989d5bf9d8734ca1f235005775018169d81c0f0a7055ffde5d2  /home/dfredriksen_quantyra_org/gcp_actual_star_accepted_rank_good_fiber_b50aw_20260926T034227Z_incoming/ActualStarAffineFunctionalSelectionForceChecks.lean
EXPECTED_ActualStarAffineFunctionalSelectionForceSelection_SHA256=a1d2afc1b7683231d443e0725b651f65f8beb12e9e57c36d5da123e06983f092
a1d2afc1b7683231d443e0725b651f65f8beb12e9e57c36d5da123e06983f092  /home/dfredriksen_quantyra_org/gcp_actual_star_accepted_rank_good_fiber_b50aw_20260926T034227Z_incoming/ActualStarAffineFunctionalSelectionForceSelection.lean
EXPECTED_ActualStarAffineFunctionalSelectionForceSelectionChecks_SHA256=087830f147574b4efce440b40112ce3e04520c2c781ef7ea283c3976a04675c5
087830f147574b4efce440b40112ce3e04520c2c781ef7ea283c3976a04675c5  /home/dfredriksen_quantyra_org/gcp_actual_star_accepted_rank_good_fiber_b50aw_20260926T034227Z_incoming/ActualStarAffineFunctionalSelectionForceSelectionChecks.lean
EXPECTED_ActualStarDomainDrawTwoIndexEventBridge_SHA256=33f8c9a18fb0676ad436bfd311b3bcef0cbb98c80a7e288f9a408808bd51b8c0
33f8c9a18fb0676ad436bfd311b3bcef0cbb98c80a7e288f9a408808bd51b8c0  /home/dfredriksen_quantyra_org/gcp_actual_star_accepted_rank_good_fiber_b50aw_20260926T034227Z_incoming/ActualStarDomainDrawTwoIndexEventBridge.lean
EXPECTED_ActualStarAcceptedRankGoodFiber_SHA256=04bbe0ea03d33eff815d488c7637f3222eca3fa4dded2c4446c35eb001902456
04bbe0ea03d33eff815d488c7637f3222eca3fa4dded2c4446c35eb001902456  /home/dfredriksen_quantyra_org/gcp_actual_star_accepted_rank_good_fiber_b50aw_20260926T034227Z_incoming/ActualStarAcceptedRankGoodFiber.lean
EXPECTED_ActualStarAcceptedRankGoodFiberChecks_SHA256=e8fe4b2f6ad7386c5fe04a57be2151016811afa1157ed93c16b0f5c6d847c991
e8fe4b2f6ad7386c5fe04a57be2151016811afa1157ed93c16b0f5c6d847c991  /home/dfredriksen_quantyra_org/gcp_actual_star_accepted_rank_good_fiber_b50aw_20260926T034227Z_incoming/ActualStarAcceptedRankGoodFiberChecks.lean
