/tmp/cmmsa_analytic_20261001T054403Z.tar.gz: OK
REUSED_DEPENDENCY_BYTES_VERIFIED
lean/PvNP/RealizableHardness/ActualTypedFourierEquivNaturalityChecks.lean: OK
lean/PvNP/RealizableHardness/ActualSelectedComplementAnalyticMarginChecks.lean: OK
lean/PvNP/RealizableHardness/ActualOriginalFailureRowGenericFixedMomentCallerChecks.lean: OK
lean/PvNP/RealizableHardness/ActualSelectedHighErrorSignalComparisonChecks.lean: OK
lean/PvNP/RealizableHardness/ActualSelectedSpectralTailGeometryChecks.lean: OK
lean/PvNP/RealizableHardness/ActualSelectedHighEnergyTailChecks.lean: OK
lean/PvNP/RealizableHardness/ActualOriginalFailureFixedMomentCallerChecks.lean: OK
lean/PvNP/RealizableHardness/ActualOriginalFailureAnalyticCallerChecks.lean: OK
lean/PvNP/RealizableHardness/ActualOriginalFailureAnalyticCaller.lean: OK
lean/PvNP/RealizableHardness/ActualSelectedComplementAnalyticNumerics.lean: OK
lean/PvNP/RealizableHardness/ActualSelectedComplementAnalyticNumericsChecks.lean: OK
lean/PvNP/RealizableHardness/ActualFiniteMomentLpBounds.lean: OK
lean/PvNP/RealizableHardness/ActualSelectedSpectralParameters.lean: OK
lean/PvNP/RealizableHardness/ActualCoordinateZoomFailureTransport.lean: OK
lean/PvNP/RealizableHardness/ActualCoordinateZoomFailureTransportChecks.lean: OK
lean/PvNP/RealizableHardness/ActualSelectedComplementAnalyticMoment.lean: OK
lean/PvNP/RealizableHardness/ActualSelectedComplementAnalyticMomentChecks.lean: OK
lean/PvNP/RealizableHardness/ActualSelectedComplementAnalyticMargin.lean: OK
lean/PvNP/RealizableHardness/ActualOriginalFailureFixedMomentCaller.lean: OK
lean/PvNP/RealizableHardness/ActualSelectedHighEnergyTail.lean: OK
lean/PvNP/RealizableHardness/ActualSelectedSpectralTailGeometry.lean: OK
lean/PvNP/RealizableHardness/ActualSelectedHighErrorSignalComparison.lean: OK
lean/PvNP/RealizableHardness/ActualSelectedHighErrorAdditiveSignal.lean: OK
lean/PvNP/RealizableHardness/ActualSelectedHighErrorAdditiveSignalChecks.lean: OK
lean/PvNP/RealizableHardness/ActualOriginalFailureRowGenericFixedMomentCaller.lean: OK
lean/PvNP/RealizableHardness/ActualFiniteAppendSpectral47.lean: OK
lean/PvNP/RealizableHardness/ActualFiniteAppendSpectral47Checks.lean: OK
lean/PvNP/RealizableHardness/ActualBinaryMatrixHC46.lean: OK
lean/PvNP/RealizableHardness/ActualBinaryMatrixHC46Checks.lean: OK
lean/PvNP/RealizableHardness/ActualFiniteBinarySurjectionCounting.lean: OK
lean/PvNP/RealizableHardness/ActualFiniteBinarySurjectionCountingChecks.lean: OK
lean/PvNP/RealizableHardness/ActualBinaryMatrixHC46Derivative.lean: OK
lean/PvNP/RealizableHardness/ActualBinaryMatrixHC46DerivativeChecks.lean: OK
lean/PvNP/RealizableHardness/ActualBinaryMatrixHC46BooleanGlobalness.lean: OK
lean/PvNP/RealizableHardness/ActualBinaryMatrixHC46BooleanGlobalnessChecks.lean: OK
lean/PvNP/RealizableHardness/ActualFiniteBinaryImageFibres.lean: OK
lean/PvNP/RealizableHardness/ActualFiniteBinaryImageFibresChecks.lean: OK
lean/PvNP/RealizableHardness/ActualBinaryMatrixHC46FinitePeeling.lean: OK
lean/PvNP/RealizableHardness/ActualBinaryMatrixHC46FinitePeelingChecks.lean: OK
lean/PvNP/RealizableHardness/ActualBinaryMatrixHC46MixedPeeling.lean: OK
lean/PvNP/RealizableHardness/ActualBinaryMatrixHC46MixedPeelingChecks.lean: OK
lean/PvNP/RealizableHardness/ActualFiniteBinaryImageOrbit.lean: OK
lean/PvNP/RealizableHardness/ActualFiniteBinaryImageOrbitChecks.lean: OK
lean/PvNP/RealizableHardness/ActualFiniteBinaryImageOrbitFourier.lean: OK
lean/PvNP/RealizableHardness/ActualFiniteBinaryImageOrbitFourierChecks.lean: OK
lean/PvNP/RealizableHardness/ActualBinaryMatrixHC46PA4Transport.lean: OK
lean/PvNP/RealizableHardness/ActualBinaryMatrixHC46PA4TransportChecks.lean: OK
lean/PvNP/RealizableHardness/ActualFiniteAppendImageWeighted.lean: OK
lean/PvNP/RealizableHardness/ActualFiniteAppendImageWeightedChecks.lean: OK
lean/PvNP/RealizableHardness/ActualBinaryMatrixHC46FourierA16.lean: OK
lean/PvNP/RealizableHardness/ActualBinaryMatrixHC46FourierA16Checks.lean: OK
lean/PvNP/RealizableHardness/ActualFiniteAppendImageTailBridge.lean: OK
lean/PvNP/RealizableHardness/ActualFiniteAppendImageTailBridgeChecks.lean: OK
lean/PvNP/RealizableHardness/ActualFiniteFrameProductRatio.lean: OK
lean/PvNP/RealizableHardness/ActualFiniteFrameProductRatioChecks.lean: OK
lean/PvNP/RealizableHardness/ActualFiniteAppendImagePerImageEnergy.lean: OK
lean/PvNP/RealizableHardness/ActualFiniteAppendImagePerImageEnergyChecks.lean: OK
lean/PvNP/RealizableHardness/ActualBinaryMatrixHC46CommonDerivative.lean: OK
lean/PvNP/RealizableHardness/ActualBinaryMatrixHC46CommonDerivativeChecks.lean: OK
lean/PvNP/RealizableHardness/ActualFiniteAppendGlobalImageEnergy.lean: OK
lean/PvNP/RealizableHardness/ActualFiniteAppendGlobalImageEnergyChecks.lean: OK
lean/PvNP/RealizableHardness/ActualBinaryMatrixHC46CommonA16.lean: OK
lean/PvNP/RealizableHardness/ActualBinaryMatrixHC46CommonA16Checks.lean: OK
lean/PvNP/RealizableHardness/ActualFiniteAppendSpectral47ExactInhabitant.lean: OK
lean/PvNP/RealizableHardness/ActualFiniteAppendSpectral47ExactInhabitantChecks.lean: OK
lean/PvNP/RealizableHardness/ActualBinaryMatrixHC46A16LevelBound.lean: OK
lean/PvNP/RealizableHardness/ActualBinaryMatrixHC46A16LevelBoundChecks.lean: OK
lean/PvNP/RealizableHardness/ActualFiniteDegreeFourierReconstruction.lean: OK
lean/PvNP/RealizableHardness/ActualFiniteDegreeFourierReconstructionChecks.lean: OK
lean/PvNP/RealizableHardness/ActualBinaryMatrixHC46A16Energy.lean: OK
lean/PvNP/RealizableHardness/ActualBinaryMatrixHC46A16EnergyChecks.lean: OK
lean/PvNP/RealizableHardness/ActualBinaryMatrixHC46TypedFourierTransport.lean: OK
lean/PvNP/RealizableHardness/ActualBinaryMatrixHC46TypedFourierTransportChecks.lean: OK
lean/PvNP/RealizableHardness/ActualFiniteDegreeFourierProduct.lean: OK
lean/PvNP/RealizableHardness/ActualFiniteDegreeFourierProductChecks.lean: OK
lean/PvNP/RealizableHardness/ActualBinaryMatrixHC46TypedA14Energy.lean: OK
lean/PvNP/RealizableHardness/ActualBinaryMatrixHC46TypedA14EnergyChecks.lean: OK
lean/PvNP/RealizableHardness/ActualTypedFourierEquivNaturality.lean: OK
lean/PvNP/RealizableHardness/ActualRawRestrictionComposition.lean: OK
lean/PvNP/RealizableHardness/ActualRawRestrictionCompositionChecks.lean: OK
lean/PvNP/RealizableHardness/ActualAffineRestrictionComposition.lean: OK
lean/PvNP/RealizableHardness/ActualAffineRestrictionCompositionChecks.lean: OK
lean/PvNP/RealizableHardness/ActualTypedNestedAffineBase.lean: OK
lean/PvNP/RealizableHardness/ActualTypedNestedAffineBaseChecks.lean: OK
