C:\Users\Dan\Desktop\Projects\realizable-cmmsa-hardness\docs\native-receipts\ActualSelectedComplementAnalyticMoment\runtime-prebuild\local-native-123542\src\PvNP\RealizableHardness\ActualBinaryMatrixHC46A17ParentFibreBridge.lean:33:5: warning: Variable name `T` is not explicitly referenced.

Hint: The binding can be removed (if unused) or named `_` (if used implicitly). Alternatively, prefix the name with `_` to silence this warning:
  [apply] _T

Note: This linter can be disabled with `set_option linter.unusedVariables false`
C:\Users\Dan\Desktop\Projects\realizable-cmmsa-hardness\docs\native-receipts\ActualSelectedComplementAnalyticMoment\runtime-prebuild\local-native-123542\src\PvNP\RealizableHardness\ActualBinaryMatrixHC46A17ParentFibreBridge.lean:128:60: error: unsolved goals
n d : ℕ
A : Submodule F (V d)
B : Submodule F (W n)
T : V d →ₗ[F] W n
Q : CarrierRestriction A B
M : V d ⧸ A →ₗ[F] ↥B
hM : M ∈ Q.fibre
coords : QuotientHom (liftCarrierRestriction A B T Q).domainFixed (liftCarrierRestriction A B T Q).codomainVariation :=
  (carrierAmbientQuotientHomEquiv T Q) ((carrierFibreQuotientHomEquiv Q) ⟨M, hM⟩)
e : ↥(liftCarrierRestriction A B T Q).fibre ≃
  QuotientHom (liftCarrierRestriction A B T Q).domainFixed (liftCarrierRestriction A B T Q).codomainVariation :=
  actualFibreQuotientHomEquiv (liftCarrierRestriction A B T Q)
q : (Fin d → ZMod 2) ⧸ (liftCarrierRestriction A B T Q).domainFixed
v : Fin d → ZMod 2
⊢ (((cast ⋯ (nestedDomainEquiv A (Submodule.comap A.mkQ Q.domainFixed) ⋯)).arrowCongr
          (Submodule.equivMapOfInjective B.subtype ⋯ Q.codomainVariation))
        (Q.domainFixed.liftQ (LinearMap.codRestrict Q.codomainVariation (M - Q.base) ⋯) ⋯))
      (Submodule.Quotient.mk v) =
    (((MatrixLiftNominalDomain.actualFibreLinearEquiv
              { domainFixed := Submodule.comap A.mkQ Q.domainFixed,
                codomainVariation := Submodule.map B.subtype Q.codomainVariation,
                base := LinearMap.toMatrix' (T + B.subtype ∘ₗ Q.base ∘ₗ A.mkQ) }).trans
          ({ toFun := fun L => ⟨↑L - (T + B.subtype ∘ₗ Q.base ∘ₗ A.mkQ), ⋯⟩,
                invFun := fun f => ⟨↑f + (T + B.subtype ∘ₗ Q.base ∘ₗ A.mkQ), ⋯⟩, left_inv := ⋯, right_inv := ⋯ }.trans
            (quotientHomEquiv (Submodule.comap A.mkQ Q.domainFixed)
                (Submodule.map B.subtype Q.codomainVariation)).symm))
        ⟨LinearMap.toMatrix' T + LinearMap.toMatrix' (B.subtype ∘ₗ M ∘ₗ A.mkQ), ⋯⟩)
      (Submodule.Quotient.mk v)
C:\Users\Dan\Desktop\Projects\realizable-cmmsa-hardness\docs\native-receipts\ActualSelectedComplementAnalyticMoment\runtime-prebuild\local-native-123542\src\PvNP\RealizableHardness\ActualBinaryMatrixHC46A17ParentFibreBridge.lean:136:8: warning: This simp argument is unused:
  Submodule.liftQ_mkQ

Hint: Omit it from the simp argument list.
  [apply] simp [coords, e, carrierAmbientQuotientHomEquiv, liftCarrierMatrix, liftCarrierRestriction,
    carrierFibreQuotientHomEquiv, actualFibreQuotientHomEquiv, LinearMap.comp_apply, LinearMap.sub_apply,
    LinearMap.add_apply, Matrix.toLin'_toMatrix']

Note: This linter can be disabled with `set_option linter.unusedSimpArgs false`
C:\Users\Dan\Desktop\Projects\realizable-cmmsa-hardness\docs\native-receipts\ActualSelectedComplementAnalyticMoment\runtime-prebuild\local-native-123542\src\PvNP\RealizableHardness\ActualBinaryMatrixHC46A17ParentFibreBridge.lean:136:29: warning: This simp argument is unused:
  LinearMap.comp_apply

Hint: Omit it from the simp argument list.
  [apply] simp [coords, e, carrierAmbientQuotientHomEquiv, liftCarrierMatrix, liftCarrierRestriction,
    carrierFibreQuotientHomEquiv, actualFibreQuotientHomEquiv, Submodule.liftQ_mkQ, LinearMap.sub_apply,
    LinearMap.add_apply, Matrix.toLin'_toMatrix']

Note: This linter can be disabled with `set_option linter.unusedSimpArgs false`
C:\Users\Dan\Desktop\Projects\realizable-cmmsa-hardness\docs\native-receipts\ActualSelectedComplementAnalyticMoment\runtime-prebuild\local-native-123542\src\PvNP\RealizableHardness\ActualBinaryMatrixHC46A17ParentFibreBridge.lean:136:51: warning: This simp argument is unused:
  LinearMap.sub_apply

Hint: Omit it from the simp argument list.
  [apply] simp [coords, e, carrierAmbientQuotientHomEquiv, liftCarrierMatrix, liftCarrierRestriction,
    carrierFibreQuotientHomEquiv, actualFibreQuotientHomEquiv, Submodule.liftQ_mkQ, LinearMap.comp_apply,
    LinearMap.add_apply, Matrix.toLin'_toMatrix']

Note: This linter can be disabled with `set_option linter.unusedSimpArgs false`
C:\Users\Dan\Desktop\Projects\realizable-cmmsa-hardness\docs\native-receipts\ActualSelectedComplementAnalyticMoment\runtime-prebuild\local-native-123542\src\PvNP\RealizableHardness\ActualBinaryMatrixHC46A17ParentFibreBridge.lean:137:8: warning: This simp argument is unused:
  LinearMap.add_apply

Hint: Omit it from the simp argument list.
  [apply] simp [coords, e, carrierAmbientQuotientHomEquiv, liftCarrierMatrix, liftCarrierRestriction,
    carrierFibreQuotientHomEquiv, actualFibreQuotientHomEquiv, Submodule.liftQ_mkQ, LinearMap.comp_apply,
    LinearMap.sub_apply, Matrix.toLin'_toMatrix']

Note: This linter can be disabled with `set_option linter.unusedSimpArgs false`
