lean/PvNP/RealizableHardness/ActualStarFiniteUnionBound.lean:45:26: error: unexpected identifier; expected ')', ',' or ':'
lean/PvNP/RealizableHardness/ActualStarFiniteUnionBound.lean:36:10: warning: `if_pos` has been deprecated: Use `ite_eq_left` instead
lean/PvNP/RealizableHardness/ActualStarFiniteUnionBound.lean:37:67: warning: `if_pos` has been deprecated: Use `ite_eq_left` instead
lean/PvNP/RealizableHardness/ActualStarFiniteUnionBound.lean:45:13: error: unsolved goals
Ω : Type u_1
Ι : Type u_2
inst✝¹ : Fintype Ω
inst✝ : Fintype Ι
μ : FiniteLaw Ω
E : Ι → Finset Ω
U : Finset Ω := Finset.univ.biUnion E
x : Ω
hu : x ∈ U
i : Ι
hiU : i ∈ Finset.univ
hi : x ∈ E i
hterm : (if x ∈ E i then μ.mass x else 0) = μ.mass x
j : Ι
hj : j ∈ Finset.univ
⊢ 0 ≤ if x ∈ E j then μ.mass x else 0
lean/PvNP/RealizableHardness/ActualStarFiniteUnionBound.lean:33:45: error: unsolved goals
case neg
Ω : Type u_1
Ι : Type u_2
inst✝¹ : Fintype Ω
inst✝ : Fintype Ι
μ : FiniteLaw Ω
E : Ι → Finset Ω
U : Finset Ω := Finset.univ.biUnion E
x : Ω
hu : x ∉ U
⊢ (if x ∈ U then μ.mass x else 0) ≤ ∑ i, if x ∈ E i then μ.mass x else 0
lean/PvNP/RealizableHardness/ActualStarFiniteUnionBound.lean:27:68: error: unsolved goals
Ω : Type u_1
Ι : Type u_2
inst✝¹ : Fintype Ω
inst✝ : Fintype Ι
μ : FiniteLaw Ω
E : Ι → Finset Ω
U : Finset Ω := Finset.univ.biUnion E
hpoint : ∀ (x : Ω), (if x ∈ U then μ.mass x else 0) ≤ ∑ i, if x ∈ E i then μ.mass x else 0
⊢ eventMass μ (Finset.univ.biUnion E) ≤ ∑ i, eventMass μ (E i)
