WORKTREE_HEAD=167eb7904cddf00c000e63bc4bf2bc643ee4df40
WORKTREE_BRANCH=DETACHED
WORKTREE_STATUS_BEGIN
?? lean/PvNP/RealizableHardness/ActualStarFixedRhoTwoIndexGuard.lean
?? lean/PvNP/RealizableHardness/ActualStarFixedRhoTwoIndexGuardChecks.lean
WORKTREE_STATUS_END
OVERLAY_COUNT=2
OVERLAYS_BEGIN
lean/PvNP/RealizableHardness/ActualStarFixedRhoTwoIndexGuard.lean
lean/PvNP/RealizableHardness/ActualStarFixedRhoTwoIndexGuardChecks.lean
OVERLAYS_END
SOURCE_HASHES_BEGIN
05091033dc0b527a92433386cc714d6d2493a43ac0c3a7eaad43dc4cb4497908  /home/dfredriksen_quantyra_org/gcp_actual_star_fixed_rho_two_index_guard_b50am_r1_20260926T014213Z_worktree/lean/PvNP/RealizableHardness/ActualStarFixedRhoTwoIndexGuard.lean
ec76fb51733fd6c7d3152e55671ab994578371b4bbd58b8c4dd7e76489d25a8e  /home/dfredriksen_quantyra_org/gcp_actual_star_fixed_rho_two_index_guard_b50am_r1_20260926T014213Z_worktree/lean/PvNP/RealizableHardness/ActualStarFixedRhoTwoIndexGuardChecks.lean
8190e75a201741065fe508b28955dd64dd72d090babe5f70ce6848879d68ae88  /home/dfredriksen_quantyra_org/gcp_actual_star_fixed_rho_two_index_guard_b50am_r1_20260926T014213Z_worktree/lean-toolchain
03c6564b4a501867a608a3439198e41b88eedf17e3c79c6bfd01790f6ae34cbe  /home/dfredriksen_quantyra_org/gcp_actual_star_fixed_rho_two_index_guard_b50am_r1_20260926T014213Z_worktree/lakefile.toml
825d2e1a20005a259fdf5b181528b391dd6ba18a52c86127caf4c3be990e04f0  /home/dfredriksen_quantyra_org/gcp_actual_star_fixed_rho_two_index_guard_b50am_r1_20260926T014213Z_worktree/lake-manifest.json
SOURCE_HASHES_END
CACHE_LINKS_BEGIN
lrwxrwxrwx 1 dfredriksen_quantyra_org dfredriksen_quantyra_org 65 Sep 26 01:45 /home/dfredriksen_quantyra_org/gcp_actual_star_fixed_rho_two_index_guard_b50am_r1_20260926T014213Z_worktree/.lake/build -> /home/dfredriksen_quantyra_org/mz24-fixed-rho-de048da/.lake/build
lrwxrwxrwx 1 dfredriksen_quantyra_org dfredriksen_quantyra_org 68 Sep 26 01:45 /home/dfredriksen_quantyra_org/gcp_actual_star_fixed_rho_two_index_guard_b50am_r1_20260926T014213Z_worktree/.lake/packages -> /home/dfredriksen_quantyra_org/mz24-fixed-rho-de048da/.lake/packages
/home/dfredriksen_quantyra_org/mz24-fixed-rho-de048da/.lake/packages
/home/dfredriksen_quantyra_org/mz24-fixed-rho-de048da/.lake/build
CACHE_LINKS_END
