C:\Users\Dan\Desktop\Projects\realizable-cmmsa-hardness\docs\native-receipts\ActualSelectedComplementAnalyticMoment\runtime-prebuild\local-native-123542\src\PvNP\RealizableHardness\ActualBinaryMatrixHC46A7EnergyConsumer.lean:91:19: error: Invalid `⟨...⟩` notation: The expected type of this term could not be determined
C:\Users\Dan\Desktop\Projects\realizable-cmmsa-hardness\docs\native-receipts\ActualSelectedComplementAnalyticMoment\runtime-prebuild\local-native-123542\src\PvNP\RealizableHardness\ActualBinaryMatrixHC46A7EnergyConsumer.lean:92:20: error: Invalid `⟨...⟩` notation: The expected type of this term could not be determined
C:\Users\Dan\Desktop\Projects\realizable-cmmsa-hardness\docs\native-receipts\ActualSelectedComplementAnalyticMoment\runtime-prebuild\local-native-123542\src\PvNP\RealizableHardness\ActualBinaryMatrixHC46A7EnergyConsumer.lean:95:29: error: Tactic `introN` failed: There are no additional binders or `let` bindings in the goal to introduce

n d : ℕ
X : BinaryMatrix n d
T : V d →ₗ[F] W n
f : BinaryMatrix n d → ℂ
Z : ↥(Matrix.toLin' (Matrix.transpose X)).ker →ₗ[F] V d ⧸ (Matrix.toLin' (Matrix.transpose X)).range
⊢ ?m.156
C:\Users\Dan\Desktop\Projects\realizable-cmmsa-hardness\docs\native-receipts\ActualSelectedComplementAnalyticMoment\runtime-prebuild\local-native-123542\src\PvNP\RealizableHardness\ActualBinaryMatrixHC46A7EnergyConsumer.lean:96:30: error: Tactic `introN` failed: There are no additional binders or `let` bindings in the goal to introduce

n d : ℕ
X : BinaryMatrix n d
T : V d →ₗ[F] W n
f : BinaryMatrix n d → ℂ
Z : ↥(Matrix.toLin' (Matrix.transpose X)).ker →ₗ[F] V d ⧸ (Matrix.toLin' (Matrix.transpose X)).range
⊢ ?m.158
C:\Users\Dan\Desktop\Projects\realizable-cmmsa-hardness\docs\native-receipts\ActualSelectedComplementAnalyticMoment\runtime-prebuild\local-native-123542\src\PvNP\RealizableHardness\ActualBinaryMatrixHC46A7EnergyConsumer.lean:87:65: error: unsolved goals
case e
n d : ℕ
X : BinaryMatrix n d
T : V d →ₗ[F] W n
f : BinaryMatrix n d → ℂ
Z : ↥(Matrix.toLin' (Matrix.transpose X)).ker →ₗ[F] V d ⧸ (Matrix.toLin' (Matrix.transpose X)).range
p : BinaryMatrix n d → Prop := fun Y => w6Precedes X Y ∧ w6ActualCarrierFrequency X Y = Z
filteredSubtype : Type := { Y // p Y }
⊢ w6ActualPredecessorFrequencyFiber X Z ≃ filteredSubtype

n d : ℕ
X : BinaryMatrix n d
T : V d →ₗ[F] W n
f : BinaryMatrix n d → ℂ
Z : ↥(Matrix.toLin' (Matrix.transpose X)).ker →ₗ[F] V d ⧸ (Matrix.toLin' (Matrix.transpose X)).range
p : BinaryMatrix n d → Prop := fun Y => w6Precedes X Y ∧ w6ActualCarrierFrequency X Y = Z
filteredSubtype : Type := { Y // p Y }
e : w6ActualPredecessorFrequencyFiber X Z ≃ filteredSubtype
⊢ ∑ Y, complexFourierCoeff f ↑Y * ↑(traceCharacter (Matrix.toLin' (Matrix.transpose ↑Y)) T) =
    ∑ Y with p Y, complexFourierCoeff f Y * ↑(traceCharacter (Matrix.toLin' (Matrix.transpose Y)) T)
C:\Users\Dan\Desktop\Projects\realizable-cmmsa-hardness\docs\native-receipts\ActualSelectedComplementAnalyticMoment\runtime-prebuild\local-native-123542\src\PvNP\RealizableHardness\ActualBinaryMatrixHC46A7EnergyConsumer.lean:49:0: error: internal exception #3
C:\Users\Dan\Desktop\Projects\realizable-cmmsa-hardness\docs\native-receipts\ActualSelectedComplementAnalyticMoment\runtime-prebuild\local-native-123542\src\PvNP\RealizableHardness\ActualBinaryMatrixHC46A7EnergyConsumer.lean:83:14: warning: This simp argument is unused:
  p

Hint: Omit it from the simp argument list.
  [apply] simp [hp, w6ActualCarrierFrequency, eq_comm]

Note: This linter can be disabled with `set_option linter.unusedSimpArgs false`
C:\Users\Dan\Desktop\Projects\realizable-cmmsa-hardness\docs\native-receipts\ActualSelectedComplementAnalyticMoment\runtime-prebuild\local-native-123542\src\PvNP\RealizableHardness\ActualBinaryMatrixHC46A7EnergyConsumer.lean:84:14: warning: This simp argument is unused:
  p

Hint: Omit it from the simp argument list.
  [apply] simp [hp]

Note: This linter can be disabled with `set_option linter.unusedSimpArgs false`
C:\Users\Dan\Desktop\Projects\realizable-cmmsa-hardness\docs\native-receipts\ActualSelectedComplementAnalyticMoment\runtime-prebuild\local-native-123542\src\PvNP\RealizableHardness\ActualBinaryMatrixHC46A7EnergyConsumer.lean:97:6: error: unexpected token 'have'; expected command
C:\Users\Dan\Desktop\Projects\realizable-cmmsa-hardness\docs\native-receipts\ActualSelectedComplementAnalyticMoment\runtime-prebuild\local-native-123542\src\PvNP\RealizableHardness\ActualBinaryMatrixHC46A7EnergyConsumer.lean:136:8: error: (kernel) unknown constant 'PvNP.RealizableHardness.ActualBinaryMatrixHC46A7EnergyConsumer.actualW6Derivative_carrierCoeff_fiberSum'
