⚠ [2261/2315] Replayed PvNP.RealizableHardness.BinaryMatrixFourier
warning: lean/PvNP/RealizableHardness/BinaryMatrixFourier.lean:126:8: `if_pos` has been deprecated: Use `ite_eq_left` instead
warning: lean/PvNP/RealizableHardness/BinaryMatrixFourier.lean:132:8: `if_neg` has been deprecated: Use `ite_eq_right` instead
⚠ [2263/2315] Replayed PvNP.RealizableHardness.BinaryMatrixHybridSelector
warning: lean/PvNP/RealizableHardness/BinaryMatrixHybridSelector.lean:71:8: `if_pos` has been deprecated: Use `ite_eq_left` instead
warning: lean/PvNP/RealizableHardness/BinaryMatrixHybridSelector.lean:90:8: `if_neg` has been deprecated: Use `ite_eq_right` instead
⚠ [2264/2315] Replayed PvNP.RealizableHardness.BinaryMatrixLineTranslation
warning: lean/PvNP/RealizableHardness/BinaryMatrixLineTranslation.lean:243:4: try 'simp' instead of 'simpa'

Note: This linter can be disabled with `set_option linter.unnecessarySimpa false`
warning: lean/PvNP/RealizableHardness/BinaryMatrixLineTranslation.lean:315:8: `if_neg` has been deprecated: Use `ite_eq_right` instead
warning: lean/PvNP/RealizableHardness/BinaryMatrixLineTranslation.lean:407:15: `if_neg` has been deprecated: Use `ite_eq_right` instead
warning: lean/PvNP/RealizableHardness/BinaryMatrixLineTranslation.lean:433:41: This simp argument is unused:
  s

Hint: Omit it from the simp argument list.
  [apply] simp [hs, hr]

Note: This linter can be disabled with `set_option linter.unusedSimpArgs false`
warning: lean/PvNP/RealizableHardness/BinaryMatrixLineTranslation.lean:555:15: `if_neg` has been deprecated: Use `ite_eq_right` instead
warning: lean/PvNP/RealizableHardness/BinaryMatrixLineTranslation.lean:592:57: This simp argument is unused:
  mul_assoc

Hint: Omit it from the simp argument list.
  [apply] simp [hr, hs]

Note: This linter can be disabled with `set_option linter.unusedSimpArgs false`
⚠ [2265/2315] Replayed PvNP.RealizableHardness.BinaryMatrixLineA14
warning: lean/PvNP/RealizableHardness/BinaryMatrixLineA14.lean:88:8: `if_pos` has been deprecated: Use `ite_eq_left` instead
warning: lean/PvNP/RealizableHardness/BinaryMatrixLineA14.lean:97:8: `if_neg` has been deprecated: Use `ite_eq_right` instead
⚠ [2283/2315] Replayed PvNP.RealizableHardness.BinaryMatrixA1TypedFourier
warning: lean/PvNP/RealizableHardness/BinaryMatrixA1TypedFourier.lean:198:8: `if_pos` has been deprecated: Use `ite_eq_left` instead
warning: lean/PvNP/RealizableHardness/BinaryMatrixA1TypedFourier.lean:204:8: `if_neg` has been deprecated: Use `ite_eq_right` instead
warning: lean/PvNP/RealizableHardness/BinaryMatrixA1TypedFourier.lean:236:8: `if_pos` has been deprecated: Use `ite_eq_left` instead
warning: lean/PvNP/RealizableHardness/BinaryMatrixA1TypedFourier.lean:242:8: `if_neg` has been deprecated: Use `ite_eq_right` instead
⚠ [2285/2315] Replayed PvNP.RealizableHardness.BinaryMatrixComplexA15
warning: lean/PvNP/RealizableHardness/BinaryMatrixComplexA15.lean:35:4: Unused tactic linter: `change fibreEnergy R.fibre f ≤ ε` does nothing

Note: This linter can be disabled with `set_option linter.unusedTactic false`
warning: lean/PvNP/RealizableHardness/BinaryMatrixComplexA15.lean:46:2: Unused tactic linter: `change fibreEnergy Q.fibre f ≤ ε` does nothing

Note: This linter can be disabled with `set_option linter.unusedTactic false`
warning: lean/PvNP/RealizableHardness/BinaryMatrixComplexA15.lean:184:24: This simp argument is unused:
  zero_add

Hint: Omit it from the simp argument list.
  [apply] simp only [Complex.normSq_apply, Complex.sub_re, Complex.sub_im, Complex.mul_re, Complex.mul_im,
    Complex.ofReal_re, Complex.ofReal_im, zero_mul, sub_zero, mul_zero]

Note: This linter can be disabled with `set_option linter.unusedSimpArgs false`
warning: lean/PvNP/RealizableHardness/BinaryMatrixComplexA15.lean:184:34: This simp argument is unused:
  mul_zero

Hint: Omit it from the simp argument list.
  [apply] simp only [Complex.normSq_apply, Complex.sub_re, Complex.sub_im, Complex.mul_re, Complex.mul_im,
    Complex.ofReal_re, Complex.ofReal_im, zero_mul, sub_zero, zero_add]

Note: This linter can be disabled with `set_option linter.unusedSimpArgs false`
⚠ [2288/2315] Replayed PvNP.RealizableHardness.BinaryMatrixA1CoefficientTransfer
warning: lean/PvNP/RealizableHardness/BinaryMatrixA1CoefficientTransfer.lean:111:15: `if_pos` has been deprecated: Use `ite_eq_left` instead
⚠ [2289/2315] Replayed PvNP.RealizableHardness.BinaryMatrixA1Composition
warning: lean/PvNP/RealizableHardness/BinaryMatrixA1Composition.lean:40:15: `if_pos` has been deprecated: Use `ite_eq_left` instead
warning: lean/PvNP/RealizableHardness/BinaryMatrixA1Composition.lean:102:5: Variable name `hA` is not explicitly referenced.

Hint: The binding can be removed (if unused) or named `_` (if used implicitly). Alternatively, prefix the name with `_` to silence this warning:
  [apply] _hA

Note: This linter can be disabled with `set_option linter.unusedVariables false`
warning: lean/PvNP/RealizableHardness/BinaryMatrixA1Composition.lean:102:20: Variable name `hB` is not explicitly referenced.

Hint: The binding can be removed (if unused) or named `_` (if used implicitly). Alternatively, prefix the name with `_` to silence this warning:
  [apply] _hB

Note: This linter can be disabled with `set_option linter.unusedVariables false`
warning: lean/PvNP/RealizableHardness/BinaryMatrixA1Composition.lean:172:43: `if_pos` has been deprecated: Use `ite_eq_left` instead
⚠ [2301/2315] Replayed PvNP.RealizableHardness.BinaryMatrixTypedA15HyperplaneGlobal
warning: lean/PvNP/RealizableHardness/BinaryMatrixTypedA15HyperplaneGlobal.lean:48:25: Variable name `hH` is not explicitly referenced.

Hint: The binding can be removed (if unused) or named `_` (if used implicitly). Alternatively, prefix the name with `_` to silence this warning:
  [apply] _hH

Note: This linter can be disabled with `set_option linter.unusedVariables false`
⚠ [2303/2315] Replayed PvNP.RealizableHardness.BinaryMatrixTypedA15HyperplaneReducedGlobal
warning: lean/PvNP/RealizableHardness/BinaryMatrixTypedA15HyperplaneReducedGlobal.lean:54:25: Variable name `hH` is not explicitly referenced.

Hint: The binding can be removed (if unused) or named `_` (if used implicitly). Alternatively, prefix the name with `_` to silence this warning:
  [apply] _hH

Note: This linter can be disabled with `set_option linter.unusedVariables false`
warning: lean/PvNP/RealizableHardness/BinaryMatrixTypedA15HyperplaneReducedGlobal.lean:64:25: Variable name `hH` is not explicitly referenced.

Hint: The binding can be removed (if unused) or named `_` (if used implicitly). Alternatively, prefix the name with `_` to silence this warning:
  [apply] _hH

Note: This linter can be disabled with `set_option linter.unusedVariables false`
warning: lean/PvNP/RealizableHardness/BinaryMatrixTypedA15HyperplaneReducedGlobal.lean:84:25: Variable name `hH` is not explicitly referenced.

Hint: The binding can be removed (if unused) or named `_` (if used implicitly). Alternatively, prefix the name with `_` to silence this warning:
  [apply] _hH

Note: This linter can be disabled with `set_option linter.unusedVariables false`
warning: lean/PvNP/RealizableHardness/BinaryMatrixTypedA15HyperplaneReducedGlobal.lean:98:25: Variable name `hH` is not explicitly referenced.

Hint: The binding can be removed (if unused) or named `_` (if used implicitly). Alternatively, prefix the name with `_` to silence this warning:
  [apply] _hH

Note: This linter can be disabled with `set_option linter.unusedVariables false`
warning: lean/PvNP/RealizableHardness/BinaryMatrixTypedA15HyperplaneReducedGlobal.lean:236:25: Variable name `hH` is not explicitly referenced.

Hint: The binding can be removed (if unused) or named `_` (if used implicitly). Alternatively, prefix the name with `_` to silence this warning:
  [apply] _hH

Note: This linter can be disabled with `set_option linter.unusedVariables false`
⚠ [2305/2315] Replayed PvNP.RealizableHardness.BinaryMatrixTypedA14HyperplaneReduced
warning: lean/PvNP/RealizableHardness/BinaryMatrixTypedA14HyperplaneReduced.lean:35:55: Variable name `hH` is not explicitly referenced.

Hint: The binding can be removed (if unused) or named `_` (if used implicitly). Alternatively, prefix the name with `_` to silence this warning:
  [apply] _hH

Note: This linter can be disabled with `set_option linter.unusedVariables false`
warning: lean/PvNP/RealizableHardness/BinaryMatrixTypedA14HyperplaneReduced.lean:119:55: Variable name `hH` is not explicitly referenced.

Hint: The binding can be removed (if unused) or named `_` (if used implicitly). Alternatively, prefix the name with `_` to silence this warning:
  [apply] _hH

Note: This linter can be disabled with `set_option linter.unusedVariables false`
⚠ [2307/2315] Replayed PvNP.RealizableHardness.BinaryMatrixA15BaseCase
warning: lean/PvNP/RealizableHardness/BinaryMatrixA15BaseCase.lean:31:4: Try this: 
  haveI̵

The goal is a proposition, so `have` is preferred over `haveI`.
The difference between `have` and `haveI` is that `haveI` inlines the value.
But this is not relevant for proofs because of proof irrelevance.

Note: This linter can be disabled with `set_option linter.style.haveILetI false`
✔ [2308/2315] Built PvNP.RealizableHardness.BinaryMatrixA15NestedLine (61s)
⚠ [2309/2315] Built PvNP.RealizableHardness.BinaryMatrixTypedHyperplaneIntrinsicP (62s)
warning: lean/PvNP/RealizableHardness/BinaryMatrixTypedHyperplaneIntrinsicP.lean:138:35: This simp argument is unused:
  Module.Basis.dualBasis_equivFun

Hint: Omit it from the simp argument list.
  [apply] simp [hyperplaneMatrixEquiv, hyperplaneShiftVectorIndex, lineShift, lineFunctional]

Note: This linter can be disabled with `set_option linter.unusedSimpArgs false`
✔ [2310/2315] Built PvNP.RealizableHardness.BinaryMatrixA15NestedHyperplane (5.2s)
✔ [2311/2315] Built PvNP.RealizableHardness.BinaryMatrixTypedHyperplaneSelector (4.3s)
✔ [2312/2315] Built PvNP.RealizableHardness.BinaryMatrixA15CanonicalRank (5.2s)
✔ [2313/2315] Built PvNP.RealizableHardness.BinaryMatrixA15CanonicalLineRank (3.9s)
⚠ [2314/2315] Built PvNP.RealizableHardness.BinaryMatrixA15SelectedBridge (3.3s)
warning: lean/PvNP/RealizableHardness/BinaryMatrixA15SelectedBridge.lean:44:10: try 'simp' instead of 'simpa'

Note: This linter can be disabled with `set_option linter.unnecessarySimpa false`
warning: lean/PvNP/RealizableHardness/BinaryMatrixA15SelectedBridge.lean:50:10: try 'simp' instead of 'simpa'

Note: This linter can be disabled with `set_option linter.unnecessarySimpa false`
✖ [2315/2315] Building PvNP.RealizableHardness.ActualTypedFourierEquivNaturality (6.2s)
trace: .> LEAN_PATH=/home/dfredriksen_quantyra_org/cmmsa_analytic_20260930T040837Z/.lake/packages/Cli/.lake/build/lib/lean:/home/dfredriksen_quantyra_org/cmmsa_analytic_20260930T040837Z/.lake/packages/batteries/.lake/build/lib/lean:/home/dfredriksen_quantyra_org/cmmsa_analytic_20260930T040837Z/.lake/packages/Qq/.lake/build/lib/lean:/home/dfredriksen_quantyra_org/cmmsa_analytic_20260930T040837Z/.lake/packages/aesop/.lake/build/lib/lean:/home/dfredriksen_quantyra_org/cmmsa_analytic_20260930T040837Z/.lake/packages/proofwidgets/.lake/build/lib/lean:/home/dfredriksen_quantyra_org/cmmsa_analytic_20260930T040837Z/.lake/packages/importGraph/.lake/build/lib/lean:/home/dfredriksen_quantyra_org/cmmsa_analytic_20260930T040837Z/.lake/packages/LeanSearchClient/.lake/build/lib/lean:/home/dfredriksen_quantyra_org/cmmsa_analytic_20260930T040837Z/.lake/packages/plausible/.lake/build/lib/lean:/home/dfredriksen_quantyra_org/cmmsa_analytic_20260930T040837Z/.lake/packages/complexitylib/.lake/build/lib/lean:/home/dfredriksen_quantyra_org/cmmsa_analytic_20260930T040837Z/.lake/packages/mathlib/.lake/build/lib/lean:/home/dfredriksen_quantyra_org/cmmsa_analytic_20260930T040837Z/.lake/packages/cslib/.lake/build/lib/lean:/home/dfredriksen_quantyra_org/cmmsa_analytic_20260930T040837Z/.lake/build/lib/lean /home/dfredriksen_quantyra_org/.elan/toolchains/leanprover--lean4---v4.34.0-rc2/bin/lean /home/dfredriksen_quantyra_org/cmmsa_analytic_20260930T040837Z/lean/PvNP/RealizableHardness/ActualTypedFourierEquivNaturality.lean -o /home/dfredriksen_quantyra_org/cmmsa_analytic_20260930T040837Z/.lake/build/lib/lean/PvNP/RealizableHardness/ActualTypedFourierEquivNaturality.olean -i /home/dfredriksen_quantyra_org/cmmsa_analytic_20260930T040837Z/.lake/build/lib/lean/PvNP/RealizableHardness/ActualTypedFourierEquivNaturality.ilean -c /home/dfredriksen_quantyra_org/cmmsa_analytic_20260930T040837Z/.lake/build/ir/PvNP/RealizableHardness/ActualTypedFourierEquivNaturality.c --setup /home/dfredriksen_quantyra_org/cmmsa_analytic_20260930T040837Z/.lake/build/ir/PvNP/RealizableHardness/ActualTypedFourierEquivNaturality.setup.json --json
error: lean/PvNP/RealizableHardness/ActualTypedFourierEquivNaturality.lean:102:6: Tactic `apply` failed: could not unify the conclusion of `LinearEquiv.injective eD`
  Eq.{u_2 + 1} ?a₁ ?a₂
with the goal
  Eq.{u_1 + 1} (Y (eC x)) a

Note: The full type of `LinearEquiv.injective eD` is
  Function.Injective ⇑eD

case mp.left
D : Type u_1
D' : Type u_2
C : Type u_3
C' : Type u_4
inst✝⁷ : AddCommGroup D
inst✝⁶ : Module F D
inst✝⁵ : AddCommGroup D'
inst✝⁴ : Module F D'
inst✝³ : AddCommGroup C
inst✝² : Module F C
inst✝¹ : AddCommGroup C'
inst✝ : Module F C'
eD : D' ≃ₗ[F] D
eC : C' ≃ₗ[F] C
A : Submodule F D
B : Submodule F C
Y : C →ₗ[F] D
hrange : Submodule.map (↑eD.symm) A ≤ ((frequencyReindexEquiv eD eC) Y).range
hpre : ∀ (w : C'), ((frequencyReindexEquiv eD eC) Y) w ∈ Submodule.map (↑eD.symm) A → w ∈ Submodule.map (↑eC.symm) B
a : D
ha : a ∈ A
hmap : eD.symm a ∈ Submodule.map (↑eD.symm) A
x : C'
hx : ((frequencyReindexEquiv eD eC) Y) x = eD.symm a
⊢ Y (eC x) = a
error: lean/PvNP/RealizableHardness/ActualTypedFourierEquivNaturality.lean:120:6: Tactic `apply` failed: could not unify the conclusion of `LinearEquiv.injective eD.symm`
  Eq.{u_1 + 1} ?a₁ ?a₂
with the goal
  Eq.{u_2 + 1} (((frequencyReindexEquiv eD eC) Y) (eC.symm x)) a'

Note: The full type of `LinearEquiv.injective eD.symm` is
  Function.Injective ⇑eD.symm

case mpr.left
D : Type u_1
D' : Type u_2
C : Type u_3
C' : Type u_4
inst✝⁷ : AddCommGroup D
inst✝⁶ : Module F D
inst✝⁵ : AddCommGroup D'
inst✝⁴ : Module F D'
inst✝³ : AddCommGroup C
inst✝² : Module F C
inst✝¹ : AddCommGroup C'
inst✝ : Module F C'
eD : D' ≃ₗ[F] D
eC : C' ≃ₗ[F] C
A : Submodule F D
B : Submodule F C
Y : C →ₗ[F] D
hrange : A ≤ Y.range
hpre : ∀ (w : C), Y w ∈ A → w ∈ B
a' : D'
ha' : a' ∈ Submodule.map (↑eD.symm) A
a : D
ha : a ∈ A
haa' : ↑eD.symm a = a'
x : C
hx : Y x = a
⊢ ((frequencyReindexEquiv eD eC) Y) (eC.symm x) = a'
error: lean/PvNP/RealizableHardness/ActualTypedFourierEquivNaturality.lean:130:56: `simp` made no progress
error: lean/PvNP/RealizableHardness/ActualTypedFourierEquivNaturality.lean:180:2: mod_cast has type
  Fintype.card.{max u_1 u_3} (D →ₗ[F] C) = Fintype.card (D' →ₗ[F] C')
but is expected to have type
  Fintype.card.{max u_4 u_2} (D' →ₗ[F] C') = Fintype.card (D →ₗ[F] C)
error: lean/PvNP/RealizableHardness/ActualTypedFourierEquivNaturality.lean:218:6: Tactic `rewrite` failed: Did not find an occurrence of the pattern
  complexLinearMapFourierCoeff (fun M' => f ((mapReindexEquiv eD eC).symm M')) ((frequencyReindexEquiv eD eC) Y)
in the target expression
  (if Module.finrank F ↥Y.range = j then complexLinearMapFourierCoeff f Y * ↑(traceCharacter Y M) else 0) =
    if Module.finrank F ↥((frequencyReindexEquiv eD eC).toEquiv Y).range = j then
      complexLinearMapFourierCoeff (fun M' => f ((mapReindexEquiv eD eC).symm M'))
          ((frequencyReindexEquiv eD eC).toEquiv Y) *
        ↑(traceCharacter ((frequencyReindexEquiv eD eC).toEquiv Y) ((mapReindexEquiv eD eC) M))
    else 0

D : Type u_1
D' : Type u_2
C : Type u_3
C' : Type u_4
inst✝¹⁵ : AddCommGroup D
inst✝¹⁴ : Module F D
inst✝¹³ : Module.Finite F D
inst✝¹² : Module.Free F D
inst✝¹¹ : AddCommGroup D'
inst✝¹⁰ : Module F D'
inst✝⁹ : Module.Finite F D'
inst✝⁸ : Module.Free F D'
inst✝⁷ : AddCommGroup C
inst✝⁶ : Module F C
inst✝⁵ : AddCommGroup C'
inst✝⁴ : Module F C'
inst✝³ : Fintype (D →ₗ[F] C)
inst✝² : Fintype (C →ₗ[F] D)
inst✝¹ : Fintype (D' →ₗ[F] C')
inst✝ : Fintype (C' →ₗ[F] D')
eD : D' ≃ₗ[F] D
eC : C' ≃ₗ[F] C
j : ℕ
f : (D →ₗ[F] C) → ℂ
M : D →ₗ[F] C
Y : C →ₗ[F] D
⊢ (if Module.finrank F ↥Y.range = j then complexLinearMapFourierCoeff f Y * ↑(traceCharacter Y M) else 0) =
    if Module.finrank F ↥((frequencyReindexEquiv eD eC).toEquiv Y).range = j then
      complexLinearMapFourierCoeff (fun M' => f ((mapReindexEquiv eD eC).symm M'))
          ((frequencyReindexEquiv eD eC).toEquiv Y) *
        ↑(traceCharacter ((frequencyReindexEquiv eD eC).toEquiv Y) ((mapReindexEquiv eD eC) M))
    else 0
error: lean/PvNP/RealizableHardness/ActualTypedFourierEquivNaturality.lean:250:6: Tactic `rewrite` failed: Did not find an occurrence of the pattern
  complexLinearMapFourierCoeff (fun M' => f ((mapReindexEquiv eD eC).symm M')) ((frequencyReindexEquiv eD eC) Y)
in the target expression
  (if P Y then complexLinearMapFourierCoeff f Y * ↑(traceCharacter Y M) else 0) =
    if P' ((frequencyReindexEquiv eD eC).toEquiv Y) then
      complexLinearMapFourierCoeff (fun M' => f ((mapReindexEquiv eD eC).symm M'))
          ((frequencyReindexEquiv eD eC).toEquiv Y) *
        ↑(traceCharacter ((frequencyReindexEquiv eD eC).toEquiv Y) ((mapReindexEquiv eD eC) M))
    else 0

D : Type u_1
D' : Type u_2
C : Type u_3
C' : Type u_4
inst✝¹⁵ : AddCommGroup D
inst✝¹⁴ : Module F D
inst✝¹³ : Module.Finite F D
inst✝¹² : Module.Free F D
inst✝¹¹ : AddCommGroup D'
inst✝¹⁰ : Module F D'
inst✝⁹ : Module.Finite F D'
inst✝⁸ : Module.Free F D'
inst✝⁷ : AddCommGroup C
inst✝⁶ : Module F C
inst✝⁵ : AddCommGroup C'
inst✝⁴ : Module F C'
inst✝³ : Fintype (D →ₗ[F] C)
inst✝² : Fintype (C →ₗ[F] D)
inst✝¹ : Fintype (D' →ₗ[F] C')
inst✝ : Fintype (C' →ₗ[F] D')
eD : D' ≃ₗ[F] D
eC : C' ≃ₗ[F] C
P : (C →ₗ[F] D) → Prop
P' : (C' →ₗ[F] D') → Prop
hP : ∀ (Y : C →ₗ[F] D), P' ((frequencyReindexEquiv eD eC) Y) ↔ P Y
f : (D →ₗ[F] C) → ℂ
M : D →ₗ[F] C
Y : C →ₗ[F] D
⊢ (if P Y then complexLinearMapFourierCoeff f Y * ↑(traceCharacter Y M) else 0) =
    if P' ((frequencyReindexEquiv eD eC).toEquiv Y) then
      complexLinearMapFourierCoeff (fun M' => f ((mapReindexEquiv eD eC).symm M'))
          ((frequencyReindexEquiv eD eC).toEquiv Y) *
        ↑(traceCharacter ((frequencyReindexEquiv eD eC).toEquiv Y) ((mapReindexEquiv eD eC) M))
    else 0
error: lean/PvNP/RealizableHardness/ActualTypedFourierEquivNaturality.lean:269:2: Type mismatch: After simplification, term
  complexLinearMapSelectedFilter_reindex eD eB (fun Y => typedLineSelected B L hL Y)
    (fun Y' =>
      typedLineSelected B' (Submodule.map (↑eD.symm) L) (Eq.trans (LinearEquiv.finrank_map_eq eD.symm L) hL) Y')
    (typedLineSelected_reindex_mapped B B' L hL eD eB) f M
 has type
  (∑ x,
      if Selected (Submodule.map (↑eD.symm) L) ⊤ x then
        complexLinearMapFourierCoeff (fun M' => f ((mapReindexEquiv eD eB).symm M')) x *
          ↑(traceCharacter x ((mapReindexEquiv eD eB) M))
      else 0) =
    ∑ x, if Selected L ⊤ x then complexLinearMapFourierCoeff f x * ↑(traceCharacter x M) else 0
but is expected to have type
  ∑ x with Selected (Submodule.map (↑eD.symm) L) ⊤ x,
      (∑ x_1, f ((mapReindexEquiv eD eB).symm x_1) * ↑(traceCharacter x x_1)) /
          ↑(Fintype.card
              (PvNP.RealizableHardness.BinaryMatrixA1Complex.V✝ d' ⧸
                  A' →ₗ[PvNP.RealizableHardness.BinaryMatrixA1Complex.F✝]
                ↥B')) *
        ↑(traceCharacter x ((mapReindexEquiv eD eB) M)) =
    ∑ Y with Selected L ⊤ Y,
      (∑ M, f M * ↑(traceCharacter Y M)) /
          ↑(Fintype.card
              (PvNP.RealizableHardness.BinaryMatrixA1Complex.V✝ d ⧸
                  A →ₗ[PvNP.RealizableHardness.BinaryMatrixA1Complex.F✝]
                ↥B)) *
        ↑(traceCharacter Y M)
error: lean/PvNP/RealizableHardness/ActualTypedFourierEquivNaturality.lean:315:2: Type mismatch: After simplification, term
  complexLinearMapSelectedFilter_reindex eD eC (Selected L ⊤) (Selected (Submodule.map (↑eD.symm) L) ⊤) hP f M
 has type
  @Eq ℂ
    (complexLinearMapSelectedFilter (Selected (Submodule.map (↑(A₂.quotientQuotientEquivQuotient A₁ hA).symm) L) ⊤)
      (fun M' =>
        f
          (((A₂.quotientQuotientEquivQuotient A₁ hA).symm.arrowCongr
                { toFun := fun y => ⟨⟨↑y, ⋯⟩, ⋯⟩, map_add' := ⋯, map_smul' := ⋯, invFun := fun x => ⟨↑↑x, ⋯⟩,
                  left_inv := ⋯, right_inv := ⋯ }).symm
            M'))
      (((A₂.quotientQuotientEquivQuotient A₁ hA).symm.arrowCongr
          { toFun := fun y => ⟨⟨↑y, ⋯⟩, ⋯⟩, map_add' := ⋯, map_smul' := ⋯, invFun := fun x => ⟨↑↑x, ⋯⟩, left_inv := ⋯,
            right_inv := ⋯ })
        M))
    (complexLinearMapSelectedFilter (Selected L ⊤) f M)
but is expected to have type
  @Eq ℂ
    (complexLinearMapSelectedFilter (Selected (Submodule.map (↑(A₂.quotientQuotientEquivQuotient A₁ hA).symm) L) ⊤)
      (fun M' =>
        f
          (((A₂.quotientQuotientEquivQuotient A₁ hA).arrowCongr
              { toFun := fun x => ⟨↑↑x, ⋯⟩, map_add' := ⋯, map_smul' := ⋯, invFun := fun y => ⟨⟨↑y, ⋯⟩, ⋯⟩,
                left_inv := ⋯, right_inv := ⋯ })
            M'))
      (((A₂.quotientQuotientEquivQuotient A₁ hA).arrowCongr
            { toFun := fun x => ⟨↑↑x, ⋯⟩, map_add' := ⋯, map_smul' := ⋯, invFun := fun y => ⟨⟨↑y, ⋯⟩, ⋯⟩, left_inv := ⋯,
              right_inv := ⋯ }).symm
        M))
    (complexLinearMapSelectedFilter (Selected L ⊤) f M)
Some required targets logged failures:
- PvNP.RealizableHardness.ActualTypedFourierEquivNaturality
