✖ [3048/3048] Building PvNP.RealizableHardness.ActualBinaryMatrixHC46A18Conditioning (46s)
trace: .> LEAN_PATH=/home/dfredriksen_quantyra_org/cmmsa_analytic_20260930T040837Z/.lake/packages/Cli/.lake/build/lib/lean:/home/dfredriksen_quantyra_org/cmmsa_analytic_20260930T040837Z/.lake/packages/batteries/.lake/build/lib/lean:/home/dfredriksen_quantyra_org/cmmsa_analytic_20260930T040837Z/.lake/packages/Qq/.lake/build/lib/lean:/home/dfredriksen_quantyra_org/cmmsa_analytic_20260930T040837Z/.lake/packages/aesop/.lake/build/lib/lean:/home/dfredriksen_quantyra_org/cmmsa_analytic_20260930T040837Z/.lake/packages/proofwidgets/.lake/build/lib/lean:/home/dfredriksen_quantyra_org/cmmsa_analytic_20260930T040837Z/.lake/packages/importGraph/.lake/build/lib/lean:/home/dfredriksen_quantyra_org/cmmsa_analytic_20260930T040837Z/.lake/packages/LeanSearchClient/.lake/build/lib/lean:/home/dfredriksen_quantyra_org/cmmsa_analytic_20260930T040837Z/.lake/packages/plausible/.lake/build/lib/lean:/home/dfredriksen_quantyra_org/cmmsa_analytic_20260930T040837Z/.lake/packages/complexitylib/.lake/build/lib/lean:/home/dfredriksen_quantyra_org/cmmsa_analytic_20260930T040837Z/.lake/packages/mathlib/.lake/build/lib/lean:/home/dfredriksen_quantyra_org/cmmsa_analytic_20260930T040837Z/.lake/packages/cslib/.lake/build/lib/lean:/home/dfredriksen_quantyra_org/cmmsa_analytic_20260930T040837Z/.lake/build/lib/lean /home/dfredriksen_quantyra_org/.elan/toolchains/leanprover--lean4---v4.34.0-rc2/bin/lean /home/dfredriksen_quantyra_org/cmmsa_analytic_20260930T040837Z/lean/PvNP/RealizableHardness/ActualBinaryMatrixHC46A18Conditioning.lean -o /home/dfredriksen_quantyra_org/cmmsa_analytic_20260930T040837Z/.lake/build/lib/lean/PvNP/RealizableHardness/ActualBinaryMatrixHC46A18Conditioning.olean -i /home/dfredriksen_quantyra_org/cmmsa_analytic_20260930T040837Z/.lake/build/lib/lean/PvNP/RealizableHardness/ActualBinaryMatrixHC46A18Conditioning.ilean -c /home/dfredriksen_quantyra_org/cmmsa_analytic_20260930T040837Z/.lake/build/ir/PvNP/RealizableHardness/ActualBinaryMatrixHC46A18Conditioning.c --setup /home/dfredriksen_quantyra_org/cmmsa_analytic_20260930T040837Z/.lake/build/ir/PvNP/RealizableHardness/ActualBinaryMatrixHC46A18Conditioning.setup.json --json
warning: lean/PvNP/RealizableHardness/ActualBinaryMatrixHC46A18Conditioning.lean:43:4: Unused tactic linter: `change dualRestriction A (φ.1 - φ₀) = 0` does nothing

Note: This linter can be disabled with `set_option linter.unusedTactic false`
warning: lean/PvNP/RealizableHardness/ActualBinaryMatrixHC46A18Conditioning.lean:46:4: Unused tactic linter: `change dualRestriction A (δ.1 + φ₀) = ψ` does nothing

Note: This linter can be disabled with `set_option linter.unusedTactic false`
error: lean/PvNP/RealizableHardness/ActualBinaryMatrixHC46A18Conditioning.lean:62:4: failed to synthesize instance of type class
  Fintype { φ // (dualRestriction A) φ = ψ }

Hint: Type class instance resolution failures can be inspected with the `set_option trace.Meta.synthInstance true` command.
error: lean/PvNP/RealizableHardness/ActualBinaryMatrixHC46A18Conditioning.lean:63:6: failed to synthesize instance of type class
  Fintype { δ // (dualRestriction A) δ = 0 }

Hint: Type class instance resolution failures can be inspected with the `set_option trace.Meta.synthInstance true` command.
error: lean/PvNP/RealizableHardness/ActualBinaryMatrixHC46A18Conditioning.lean:64:2: failed to synthesize instance of type class
  Fintype { φ // (dualRestriction A) φ = ψ }

Hint: Type class instance resolution failures can be inspected with the `set_option trace.Meta.synthInstance true` command.
warning: lean/PvNP/RealizableHardness/ActualBinaryMatrixHC46A18Conditioning.lean:96:4: Unused tactic linter: `change dualRestrictionAt A w (φ.1 - φ₀) = 0` does nothing

Note: This linter can be disabled with `set_option linter.unusedTactic false`
warning: lean/PvNP/RealizableHardness/ActualBinaryMatrixHC46A18Conditioning.lean:99:4: Unused tactic linter: `change dualRestrictionAt A w (δ.1 + φ₀) = z` does nothing

Note: This linter can be disabled with `set_option linter.unusedTactic false`
error: lean/PvNP/RealizableHardness/ActualBinaryMatrixHC46A18Conditioning.lean:114:4: failed to synthesize instance of type class
  Fintype { φ // (dualRestrictionAt A w) φ = z }

Hint: Type class instance resolution failures can be inspected with the `set_option trace.Meta.synthInstance true` command.
error: lean/PvNP/RealizableHardness/ActualBinaryMatrixHC46A18Conditioning.lean:115:6: failed to synthesize instance of type class
  Fintype { δ // (dualRestrictionAt A w) δ = 0 }

Hint: Type class instance resolution failures can be inspected with the `set_option trace.Meta.synthInstance true` command.
error: lean/PvNP/RealizableHardness/ActualBinaryMatrixHC46A18Conditioning.lean:116:2: failed to synthesize instance of type class
  Fintype { φ // (dualRestrictionAt A w) φ = z }

Hint: Type class instance resolution failures can be inspected with the `set_option trace.Meta.synthInstance true` command.
error: lean/PvNP/RealizableHardness/ActualBinaryMatrixHC46A18Conditioning.lean:127:4: Type mismatch
  hψ
has type
  Eq.{max (u_2 + 1) (u_1 + 1)} (φ ∘ₗ A.subtype) ψ
but is expected to have type
  Eq.{u_1 + 1} (((dualRestrictionAt A w) φ).1 x✝) ((ψ, y).1 x✝)
error: lean/PvNP/RealizableHardness/ActualBinaryMatrixHC46A18Conditioning.lean:136:4: failed to synthesize instance of type class
  Fintype { φ // (dualRestrictionAt A w) φ = (ψ, y₁) }

Hint: Type class instance resolution failures can be inspected with the `set_option trace.Meta.synthInstance true` command.
error: lean/PvNP/RealizableHardness/ActualBinaryMatrixHC46A18Conditioning.lean:137:6: failed to synthesize instance of type class
  Fintype { φ // (dualRestrictionAt A w) φ = (ψ, y₂) }

Hint: Type class instance resolution failures can be inspected with the `set_option trace.Meta.synthInstance true` command.
error: lean/PvNP/RealizableHardness/ActualBinaryMatrixHC46A18Conditioning.lean:140:6: Unknown identifier `dualRestrictionAtFiber_card_eq_kernel`
error: lean/PvNP/RealizableHardness/ActualBinaryMatrixHC46A18Conditioning.lean:137:75: unsolved goals
K : Type u_1
V : Type u_2
inst✝⁴ : Field K
inst✝³ : AddCommGroup V
inst✝² : Module K V
inst✝¹ : Fintype K
inst✝ : Fintype V
A : Submodule K V
w : V
hw : w ∉ A
ψ : ↥A →ₗ[K] K
y₁ y₂ : K
φ₁ : V →ₗ[K] K
hφ₁ : (dualRestrictionAt A w) φ₁ = (ψ, y₁)
φ₂ : V →ₗ[K] K
hφ₂ : (dualRestrictionAt A w) φ₂ = (ψ, y₂)
⊢ sorry = sorry
error: lean/PvNP/RealizableHardness/ActualBinaryMatrixHC46A18Conditioning.lean:150:9: Tactic `cases` failed with a nested error:
Tactic `induction` failed: recursor `Exists.casesOn` can only eliminate into `Prop`

K : Type u_1
V : Type u_2
inst✝² : Field K
inst✝¹ : AddCommGroup V
inst✝ : Module K V
A : Submodule K V
w : V
hw : w ∉ A
ψ : ↥A →ₗ[K] K
y₁ y₂ : K
x✝ : ∃ g, g ∘ₗ A.subtype = 0 ∧ g w = y₂ - y₁
⊢ { φ // (dualRestrictionAt A w) φ = (ψ, y₁) } ≃ { φ // (dualRestrictionAt A w) φ = (ψ, y₂) }
Some required targets logged failures:
- PvNP.RealizableHardness.ActualBinaryMatrixHC46A18Conditioning
