WORKTREE_HEAD=63cbc83aafca0a81ccf9815de8229a113d434357
WORKTREE_BRANCH=DETACHED
WORKTREE_STATUS_BEGIN
?? lean/PvNP/RealizableHardness/ActualStarDomainDrawEventBridge.lean
?? lean/PvNP/RealizableHardness/ActualStarDomainDrawEventBridgeChecks.lean
WORKTREE_STATUS_END
OVERLAY_COUNT=2
OVERLAYS_BEGIN
lean/PvNP/RealizableHardness/ActualStarDomainDrawEventBridge.lean
lean/PvNP/RealizableHardness/ActualStarDomainDrawEventBridgeChecks.lean
OVERLAYS_END
SOURCE_HASHES_BEGIN
c24f9eee7d4b115f5789d1b2f62088c3245007274227186fa4d58fc3ff7abd47  /home/dfredriksen_quantyra_org/gcp_actual_star_domain_draw_event_bridge_b38_20260925T062945Z_worktree/lean/PvNP/RealizableHardness/ActualStarDomainDrawEventBridge.lean
c9e6a1be50e97a2ea0e4f9e2a034e8de15c9276c2b7a7681919e58b285562ab1  /home/dfredriksen_quantyra_org/gcp_actual_star_domain_draw_event_bridge_b38_20260925T062945Z_worktree/lean/PvNP/RealizableHardness/ActualStarDomainDrawEventBridgeChecks.lean
8190e75a201741065fe508b28955dd64dd72d090babe5f70ce6848879d68ae88  /home/dfredriksen_quantyra_org/gcp_actual_star_domain_draw_event_bridge_b38_20260925T062945Z_worktree/lean-toolchain
03c6564b4a501867a608a3439198e41b88eedf17e3c79c6bfd01790f6ae34cbe  /home/dfredriksen_quantyra_org/gcp_actual_star_domain_draw_event_bridge_b38_20260925T062945Z_worktree/lakefile.toml
825d2e1a20005a259fdf5b181528b391dd6ba18a52c86127caf4c3be990e04f0  /home/dfredriksen_quantyra_org/gcp_actual_star_domain_draw_event_bridge_b38_20260925T062945Z_worktree/lake-manifest.json
SOURCE_HASHES_END
CACHE_LINKS_BEGIN
lrwxrwxrwx 1 dfredriksen_quantyra_org dfredriksen_quantyra_org 65 Sep 25 06:37 /home/dfredriksen_quantyra_org/gcp_actual_star_domain_draw_event_bridge_b38_20260925T062945Z_worktree/.lake/build -> /home/dfredriksen_quantyra_org/mz24-fixed-rho-de048da/.lake/build
lrwxrwxrwx 1 dfredriksen_quantyra_org dfredriksen_quantyra_org 68 Sep 25 06:37 /home/dfredriksen_quantyra_org/gcp_actual_star_domain_draw_event_bridge_b38_20260925T062945Z_worktree/.lake/packages -> /home/dfredriksen_quantyra_org/mz24-fixed-rho-de048da/.lake/packages
/home/dfredriksen_quantyra_org/mz24-fixed-rho-de048da/.lake/packages
/home/dfredriksen_quantyra_org/mz24-fixed-rho-de048da/.lake/build
CACHE_LINKS_END
