C:\Users\Dan\Desktop\Projects\realizable-cmmsa-hardness\docs\native-receipts\ActualSelectedComplementAnalyticMoment\runtime-prebuild\local-native-123542\src\PvNP\RealizableHardness\ActualBinaryMatrixHC46A18OriginalGlobalInduction.lean:487:42: warning: Variable name `n` is not explicitly referenced.

Hint: The binding can be removed (if unused) or named `_` (if used implicitly). Alternatively, prefix the name with `_` to silence this warning:
  [apply] _n

Note: This linter can be disabled with `set_option linter.unusedVariables false`
C:\Users\Dan\Desktop\Projects\realizable-cmmsa-hardness\docs\native-receipts\ActualSelectedComplementAnalyticMoment\runtime-prebuild\local-native-123542\src\PvNP\RealizableHardness\ActualBinaryMatrixHC46A18OriginalGlobalInduction.lean:498:38: warning: Variable name `d` is not explicitly referenced.

Hint: The binding can be removed (if unused) or named `_` (if used implicitly). Alternatively, prefix the name with `_` to silence this warning:
  [apply] _d

Note: This linter can be disabled with `set_option linter.unusedVariables false`
C:\Users\Dan\Desktop\Projects\realizable-cmmsa-hardness\docs\native-receipts\ActualSelectedComplementAnalyticMoment\runtime-prebuild\local-native-123542\src\PvNP\RealizableHardness\ActualBinaryMatrixHC46A18OriginalGlobalInduction.lean:517:5: error: don't know how to synthesize implicit argument `d`
  @carrierCoordinateCodomainEquiv n (?m.199 A B C D) B D
context:
n d : ℕ
A : Submodule F (V d)
B : Submodule F (W n)
C : Submodule F (Fin (Module.finrank F (V d ⧸ A)) → F)
D : Submodule F (Fin (Module.finrank F ↥B) → F)
⊢ ℕ
C:\Users\Dan\Desktop\Projects\realizable-cmmsa-hardness\docs\native-receipts\ActualSelectedComplementAnalyticMoment\runtime-prebuild\local-native-123542\src\PvNP\RealizableHardness\ActualBinaryMatrixHC46A18OriginalGlobalInduction.lean:516:26: error: don't know how to synthesize implicit argument `n`
  @carrierCoordinateDomainQuotientEquiv (?m.198 A B C D) d A C
context:
n d : ℕ
A : Submodule F (V d)
B : Submodule F (W n)
C : Submodule F (Fin (Module.finrank F (V d ⧸ A)) → F)
D : Submodule F (Fin (Module.finrank F ↥B) → F)
⊢ ℕ
C:\Users\Dan\Desktop\Projects\realizable-cmmsa-hardness\docs\native-receipts\ActualSelectedComplementAnalyticMoment\runtime-prebuild\local-native-123542\src\PvNP\RealizableHardness\ActualBinaryMatrixHC46A18OriginalGlobalInduction.lean:545:47: error: unsolved goals
n d : ℕ
A : Submodule F (V d)
B : Submodule F (W n)
C : Submodule F (Fin (Module.finrank F (V d ⧸ A)) → F)
D : Submodule F (Fin (Module.finrank F ↥B) → F)
R : (Fin (Module.finrank F (V d ⧸ A)) → F) →ₗ[F] Fin (Module.finrank F ↥B) → F
N : (Fin (Module.finrank F (V d ⧸ A)) → F) ⧸ C →ₗ[F] ↥D
x :
  Fin
      (Module.finrank PvNP.RealizableHardness.BinaryMatrixTypedA15Transport.F✝
        (PvNP.RealizableHardness.BinaryMatrixTypedA15Transport.V✝ d ⧸ A)) →
    PvNP.RealizableHardness.BinaryMatrixTypedA15Transport.F✝
⊢ ∑ i, x i • ∑ i_1, ⇑(Finsupp.single i_1 (R (⇑(Finsupp.single i 1)) i_1)) +
      ∑ i, x i • ⇑((codomainBasis B).repr ↑(((sorry A B C D) N) (Submodule.Quotient.mk ((domainBasis A) i)))) =
    R x + ↑(N (Submodule.Quotient.mk x))
C:\Users\Dan\Desktop\Projects\realizable-cmmsa-hardness\docs\native-receipts\ActualSelectedComplementAnalyticMoment\runtime-prebuild\local-native-123542\src\PvNP\RealizableHardness\ActualBinaryMatrixHC46A18OriginalGlobalInduction.lean:550:35: warning: declaration uses `sorry`
C:\Users\Dan\Desktop\Projects\realizable-cmmsa-hardness\docs\native-receipts\ActualSelectedComplementAnalyticMoment\runtime-prebuild\local-native-123542\src\PvNP\RealizableHardness\ActualBinaryMatrixHC46A18OriginalGlobalInduction.lean:551:4: warning: This simp argument is unused:
  carrierCoordinateDomainQuotientEquiv

Hint: Omit it from the simp argument list.
  [apply] simp [carrierCoordinateBaseLift, carrierCoordinateNestedHomEquiv, carrierCoordinateCodomainEquiv,
    LinearEquiv.arrowCongr_apply, Submodule.Quotient.equiv_apply]

Note: This linter can be disabled with `set_option linter.unusedSimpArgs false`
C:\Users\Dan\Desktop\Projects\realizable-cmmsa-hardness\docs\native-receipts\ActualSelectedComplementAnalyticMoment\runtime-prebuild\local-native-123542\src\PvNP\RealizableHardness\ActualBinaryMatrixHC46A18OriginalGlobalInduction.lean:551:42: warning: This simp argument is unused:
  carrierCoordinateCodomainEquiv

Hint: Omit it from the simp argument list.
  [apply] simp [carrierCoordinateBaseLift, carrierCoordinateNestedHomEquiv, carrierCoordinateDomainQuotientEquiv,
    LinearEquiv.arrowCongr_apply, Submodule.Quotient.equiv_apply]

Note: This linter can be disabled with `set_option linter.unusedSimpArgs false`
C:\Users\Dan\Desktop\Projects\realizable-cmmsa-hardness\docs\native-receipts\ActualSelectedComplementAnalyticMoment\runtime-prebuild\local-native-123542\src\PvNP\RealizableHardness\ActualBinaryMatrixHC46A18OriginalGlobalInduction.lean:552:4: warning: This simp argument is unused:
  LinearEquiv.arrowCongr_apply

Hint: Omit it from the simp argument list.
  [apply] simp [carrierCoordinateBaseLift, carrierCoordinateNestedHomEquiv, carrierCoordinateDomainQuotientEquiv,
    carrierCoordinateCodomainEquiv, Submodule.Quotient.equiv_apply]

Note: This linter can be disabled with `set_option linter.unusedSimpArgs false`
C:\Users\Dan\Desktop\Projects\realizable-cmmsa-hardness\docs\native-receipts\ActualSelectedComplementAnalyticMoment\runtime-prebuild\local-native-123542\src\PvNP\RealizableHardness\ActualBinaryMatrixHC46A18OriginalGlobalInduction.lean:552:34: warning: This simp argument is unused:
  Submodule.Quotient.equiv_apply

Hint: Omit it from the simp argument list.
  [apply] simp [carrierCoordinateBaseLift, carrierCoordinateNestedHomEquiv, carrierCoordinateDomainQuotientEquiv,
    carrierCoordinateCodomainEquiv, LinearEquiv.arrowCongr_apply]

Note: This linter can be disabled with `set_option linter.unusedSimpArgs false`
