C:\Users\Dan\Desktop\Projects\realizable-cmmsa-hardness\docs\native-receipts\ActualSelectedComplementAnalyticMoment\runtime-prebuild\local-native-123542\src\PvNP\RealizableHardness\ActualTypedABCanonicalDCollapse.lean:349:8: warning: This simp argument is unused:
  LinearMap.comp_zero

Hint: Omit it from the simp argument list.
  [apply] simp only [buildHyperplaneSuffix, applyCanonicalFilters, zero_add, rankedTerminalData,
    BinaryMatrixA15NestedHyperplane.hyperplaneCanonicalCodomain]

Note: This linter can be disabled with `set_option linter.unusedSimpArgs false`
C:\Users\Dan\Desktop\Projects\realizable-cmmsa-hardness\docs\native-receipts\ActualSelectedComplementAnalyticMoment\runtime-prebuild\local-native-123542\src\PvNP\RealizableHardness\ActualTypedABCanonicalDCollapse.lean:412:8: warning: This simp argument is unused:
  LinearMap.comp_zero

Hint: Omit it from the simp argument list.
  [apply] simp only [buildLineSuffix, applyCanonicalFilters, zero_add, rankedTerminalData]

Note: This linter can be disabled with `set_option linter.unusedSimpArgs false`
C:\Users\Dan\Desktop\Projects\realizable-cmmsa-hardness\docs\native-receipts\ActualSelectedComplementAnalyticMoment\runtime-prebuild\local-native-123542\src\PvNP\RealizableHardness\ActualTypedABCanonicalDCollapse.lean:530:15: warning: This simp argument is unused:
  LinearMap.zero_comp

Hint: Omit it from the simp argument list.
  [apply] simp only [LinearMap.comp_zero, add_zero, zero_add,
    BinaryMatrixA15NestedHyperplane.hyperplaneCanonicalCodomain, e] at hs

Note: This linter can be disabled with `set_option linter.unusedSimpArgs false`
C:\Users\Dan\Desktop\Projects\realizable-cmmsa-hardness\docs\native-receipts\ActualSelectedComplementAnalyticMoment\runtime-prebuild\local-native-123542\src\PvNP\RealizableHardness\ActualTypedABCanonicalDCollapse.lean:530:36: warning: This simp argument is unused:
  LinearMap.comp_zero

Hint: Omit it from the simp argument list.
  [apply] simp only [LinearMap.zero_comp, add_zero, zero_add,
    BinaryMatrixA15NestedHyperplane.hyperplaneCanonicalCodomain, e] at hs

Note: This linter can be disabled with `set_option linter.unusedSimpArgs false`
C:\Users\Dan\Desktop\Projects\realizable-cmmsa-hardness\docs\native-receipts\ActualSelectedComplementAnalyticMoment\runtime-prebuild\local-native-123542\src\PvNP\RealizableHardness\ActualTypedABCanonicalDCollapse.lean:530:57: warning: This simp argument is unused:
  add_zero

Hint: Omit it from the simp argument list.
  [apply] simp only [LinearMap.zero_comp, LinearMap.comp_zero, zero_add,
    BinaryMatrixA15NestedHyperplane.hyperplaneCanonicalCodomain, e] at hs

Note: This linter can be disabled with `set_option linter.unusedSimpArgs false`
C:\Users\Dan\Desktop\Projects\realizable-cmmsa-hardness\docs\native-receipts\ActualSelectedComplementAnalyticMoment\runtime-prebuild\local-native-123542\src\PvNP\RealizableHardness\ActualTypedABCanonicalDCollapse.lean:560:50: warning: This simp argument is unused:
  zero_add

Hint: Omit it from the simp argument list.
  [apply] simp only [buildCanonicalSourceTower, buildHyperplanePrefix, buildHyperplaneSuffix, applyCanonicalFilters,
    LinearMap.comp_zero, rankedTerminalData, BinaryMatrixA15NestedHyperplane.hyperplaneCanonicalCodomain]

Note: This linter can be disabled with `set_option linter.unusedSimpArgs false`
C:\Users\Dan\Desktop\Projects\realizable-cmmsa-hardness\docs\native-receipts\ActualSelectedComplementAnalyticMoment\runtime-prebuild\local-native-123542\src\PvNP\RealizableHardness\ActualTypedABCanonicalDCollapse.lean:561:4: warning: This simp argument is unused:
  LinearMap.comp_zero

Hint: Omit it from the simp argument list.
  [apply] simp only [buildCanonicalSourceTower, buildHyperplanePrefix, buildHyperplaneSuffix, applyCanonicalFilters,
    zero_add, rankedTerminalData, BinaryMatrixA15NestedHyperplane.hyperplaneCanonicalCodomain]

Note: This linter can be disabled with `set_option linter.unusedSimpArgs false`
