lean/PvNP/RealizableHardness/ActualStarDomainDrawEventBridge.lean:39:2: error: Dependent elimination failed: Failed to solve equation
  { Q // Module.finrank (ZMod 2) ↥Q = b } = { Q // Module.finrank (ZMod 2) ↥Q = a }
lean/PvNP/RealizableHardness/ActualStarDomainDrawEventBridge.lean:84:2: warning: Try this: 
  letI̵

The goal is a proposition, so `let` is preferred over `letI`.
The difference between `let` and `letI` is that `letI` inlines the value.
But this is not relevant for proofs because of proof irrelevance.

Note: This linter can be disabled with `set_option linter.style.haveILetI false`
lean/PvNP/RealizableHardness/ActualStarDomainDrawEventBridge.lean:114:25: error: unsolved goals
N m J t : ℕ
I : ActualOccurrenceAllocation.Instance N m
center : QuestionCenter I J t
h : ℕ
ht : t ≤ 2 * h
hh : h ≤ J
inst✝³ : Finite ↥(questionCoordinateSpace center)
inst✝² : Finite (CenterQuotient center)
inst✝¹ : Fintype (Fin m → DomainDraw center h)
inst✝ : Fintype (Fin m → Extension (coordinateCenterGrass center) (J + 2 * h))
draws : Fin m → DomainDraw center h
this : DecidableEq (Fin m → Extension (coordinateCenterGrass center) (J + 2 * h)) :=
  Classical.decEq (Fin m → Extension (coordinateCenterGrass center) (J + 2 * h))
U : Grass (↥(questionCoordinateSpace center)) (J + t) := coordinateCenterGrass center
leaves : Fin m → Extension (coordinateCenterGrass center) (J + 2 * h) :=
  (domainDrawTupleExtensionEquiv center h m ht hh) draws
hspan : jointIncrementSpan ⟨coordinateCenterGrass center, leaves⟩ = domainDrawJointImage center h ht hh draws
hdim : J + 2 * h - (J + t) = 2 * h - t
hpre :
  draws ∈
      preimageEvent (⇑(domainDrawTupleExtensionEquiv center h m ht hh))
        (fixedCenterBadEvent (coordinateCenterGrass center)) ↔
    leaves ∈ fixedCenterBadEvent (coordinateCenterGrass center)
⊢ ¬Module.finrank (ZMod 2) ↥(domainDrawJointImage center h ht hh draws) = m * (2 * h - t) ↔
    Module.finrank (ZMod 2) ↥(domainDrawJointImage center h ht hh draws) ≠ m * (2 * h - t)
