lean/PvNP/RealizableHardness/ActualStarFiniteUnionBound.lean:36:10: warning: `if_pos` has been deprecated: Use `ite_eq_left` instead
lean/PvNP/RealizableHardness/ActualStarFiniteUnionBound.lean:37:67: warning: `if_pos` has been deprecated: Use `ite_eq_left` instead
lean/PvNP/RealizableHardness/ActualStarFiniteUnionBound.lean:42:10: error: Tactic `apply` failed: could not unify the conclusion of `@Finset.single_le_sum`
  ?f ?a ≤ ∑ x ∈ ?s, ?f x
with the goal
  (if x ∈ E i then μ.mass x else 0) ≤ ∑ j, if x ∈ E j then μ.mass x else 0

Note: The full type of `@Finset.single_le_sum` is
  ∀ {ι : Type ?u.92} {N : Type ?u.91} [inst : AddCommMonoid N] [inst_1 : Preorder N] {f : ι → N} {s : Finset ι}
    [AddLeftMono N], (∀ i ∈ s, 0 ≤ f i) → ∀ {a : ι}, a ∈ s → f a ≤ ∑ x ∈ s, f x

Ω : Type u_1
Ι : Type u_2
inst✝¹ : Fintype Ω
inst✝ : Fintype Ι
μ : FiniteLaw Ω
E : Ι → Finset Ω
U : Finset Ω := Finset.univ.biUnion E
x : Ω
hu : x ∈ U
i : Ι
hiU : i ∈ Finset.univ
hi : x ∈ E i
hterm : (if x ∈ E i then μ.mass x else 0) = μ.mass x
⊢ (if x ∈ E i then μ.mass x else 0) ≤ ∑ j, if x ∈ E j then μ.mass x else 0
lean/PvNP/RealizableHardness/ActualStarFiniteUnionBound.lean:48:10: warning: `if_neg` has been deprecated: Use `ite_eq_right` instead
