test_ambiguous_real_endpoint_no_retry_on_restart (__main__.IntegrationTests.test_ambiguous_real_endpoint_no_retry_on_restart) ... ok
test_artifact_checker_rejects_unsafe_path (__main__.IntegrationTests.test_artifact_checker_rejects_unsafe_path) ... ok
test_cli_execute_reaches_production_adapter_under_valid_root (__main__.IntegrationTests.test_cli_execute_reaches_production_adapter_under_valid_root) ... ok
test_closing_namespace_relist_catches_reappearance (__main__.IntegrationTests.test_closing_namespace_relist_catches_reappearance) ... ok
test_current_pid_readonly_probe_reports_live (__main__.IntegrationTests.test_current_pid_readonly_probe_reports_live) ... ok
test_denied_real_simulation_check_only (__main__.IntegrationTests.test_denied_real_simulation_check_only) ... ok
test_destination_loss_after_last_dependency (__main__.IntegrationTests.test_destination_loss_after_last_dependency) ... ok
test_expiry_at_actual_endpoint_zero_sends (__main__.IntegrationTests.test_expiry_at_actual_endpoint_zero_sends) ... ok
test_lost_reply_real_endpoint_observed_absence (__main__.IntegrationTests.test_lost_reply_real_endpoint_observed_absence) ... ok
test_marker_drift_in_closing_and_reconciliation (__main__.IntegrationTests.test_marker_drift_in_closing_and_reconciliation) ... ok
test_metadata_drift_actual_adapter (__main__.IntegrationTests.test_metadata_drift_actual_adapter) ... ok
test_missing_creator_nameguard_and_unaccepted_journal_reject (__main__.IntegrationTests.test_missing_creator_nameguard_and_unaccepted_journal_reject) ... 
  test_missing_creator_nameguard_and_unaccepted_journal_reject (__main__.IntegrationTests.test_missing_creator_nameguard_and_unaccepted_journal_reject) (field='creator_shutdown_receipt') ... FAIL
  test_missing_creator_nameguard_and_unaccepted_journal_reject (__main__.IntegrationTests.test_missing_creator_nameguard_and_unaccepted_journal_reject) (field='name_guard_receipt') ... FAIL
  test_missing_creator_nameguard_and_unaccepted_journal_reject (__main__.IntegrationTests.test_missing_creator_nameguard_and_unaccepted_journal_reject) (field='freeze_journal') ... FAIL
test_mutable_gate_not_committed_bytes (__main__.IntegrationTests.test_mutable_gate_not_committed_bytes) ... ok
test_original_allowlist_cannot_be_rebound_by_root (__main__.IntegrationTests.test_original_allowlist_cannot_be_rebound_by_root) ... ok
test_permission_truncation_and_resource_omission (__main__.IntegrationTests.test_permission_truncation_and_resource_omission) ... ok
test_policy_drift_before_target_simulation_blocks (__main__.IntegrationTests.test_policy_drift_before_target_simulation_blocks) ... ok
test_policy_marker_change_requires_separate_root_transition (__main__.IntegrationTests.test_policy_marker_change_requires_separate_root_transition) ... ok
test_real_adapter_full205_endpoint_success (__main__.IntegrationTests.test_real_adapter_full205_endpoint_success) ... ok
test_recreated_empty_bucket_after_complete (__main__.IntegrationTests.test_recreated_empty_bucket_after_complete) ... ok
test_replacement_before_first_empty_bucket_intent (__main__.IntegrationTests.test_replacement_before_first_empty_bucket_intent) ... ok
test_replacement_marker_at_actual_signed_send (__main__.IntegrationTests.test_replacement_marker_at_actual_signed_send) ... ok
test_root_check_uses_permissions_no_writes (__main__.IntegrationTests.test_root_check_uses_permissions_no_writes) ... ok
test_root_flags_without_real_producer_contract_block (__main__.IntegrationTests.test_root_flags_without_real_producer_contract_block) ... ok
test_source_put_global_denied_has_no_executor_exception (__main__.IntegrationTests.test_source_put_global_denied_has_no_executor_exception) ... ok
test_state_symlink_refused_before_journal_read (__main__.IntegrationTests.test_state_symlink_refused_before_journal_read) ... ok
test_uncommitted_shutdown_receipt_hash_blocks (__main__.IntegrationTests.test_uncommitted_shutdown_receipt_hash_blocks) ... ok

======================================================================
FAIL: test_missing_creator_nameguard_and_unaccepted_journal_reject (__main__.IntegrationTests.test_missing_creator_nameguard_and_unaccepted_journal_reject) (field='creator_shutdown_receipt')
----------------------------------------------------------------------
Traceback (most recent call last):
  File "C:\Users\dfred\Desktop\Projects\realizable-cmmsa-hardness\scripts\aws-archive-migration\source-retirement\test_production.py", line 374, in test_missing_creator_nameguard_and_unaccepted_journal_reject
    b = Bundle(d, change)
  File "C:\Users\dfred\Desktop\Projects\realizable-cmmsa-hardness\scripts\aws-archive-migration\source-retirement\test_production.py", line 250, in __init__
    git(self.repo, 'add', '.'); git(self.repo, 'commit', '-qm', 'Synthetic independent operating proofs')
    ~~~^^^^^^^^^^^^^^^^^^^^^^^
  File "C:\Users\dfred\Desktop\Projects\realizable-cmmsa-hardness\scripts\aws-archive-migration\source-retirement\test_production.py", line 137, in git
    raise AssertionError('Synthetic Git command failed')
AssertionError: Synthetic Git command failed

======================================================================
FAIL: test_missing_creator_nameguard_and_unaccepted_journal_reject (__main__.IntegrationTests.test_missing_creator_nameguard_and_unaccepted_journal_reject) (field='name_guard_receipt')
----------------------------------------------------------------------
Traceback (most recent call last):
  File "C:\Users\dfred\Desktop\Projects\realizable-cmmsa-hardness\scripts\aws-archive-migration\source-retirement\test_production.py", line 374, in test_missing_creator_nameguard_and_unaccepted_journal_reject
    b = Bundle(d, change)
  File "C:\Users\dfred\Desktop\Projects\realizable-cmmsa-hardness\scripts\aws-archive-migration\source-retirement\test_production.py", line 250, in __init__
    git(self.repo, 'add', '.'); git(self.repo, 'commit', '-qm', 'Synthetic independent operating proofs')
    ~~~^^^^^^^^^^^^^^^^^^^^^^^
  File "C:\Users\dfred\Desktop\Projects\realizable-cmmsa-hardness\scripts\aws-archive-migration\source-retirement\test_production.py", line 137, in git
    raise AssertionError('Synthetic Git command failed')
AssertionError: Synthetic Git command failed

======================================================================
FAIL: test_missing_creator_nameguard_and_unaccepted_journal_reject (__main__.IntegrationTests.test_missing_creator_nameguard_and_unaccepted_journal_reject) (field='freeze_journal')
----------------------------------------------------------------------
safety.Stop: UNDERLYING_PROOF_PIN

During handling of the above exception, another exception occurred:

Traceback (most recent call last):
  File "C:\Users\dfred\Desktop\Projects\realizable-cmmsa-hardness\scripts\aws-archive-migration\source-retirement\test_production.py", line 375, in test_missing_creator_nameguard_and_unaccepted_journal_reject
    with self.assertRaisesRegex(Stop, 'CONTINUITY_RECEIPT_NOT_ACCEPTED'):
         ~~~~~~~~~~~~~~~~~~~~~~^^^^^^^^^^^^^^^^^^^^^^^^^^^^^^^^^^^^^^^^^
AssertionError: "CONTINUITY_RECEIPT_NOT_ACCEPTED" does not match "UNDERLYING_PROOF_PIN"

----------------------------------------------------------------------
Ran 26 tests in 686.439s

FAILED (failures=3)
{"mode": "execute", "file": "Q:\\suite-temp\\tmpv8yorpar\\state\\synthetic-cli-result.json", "sha256": "4f4ac064ae997d377da38241b453d83fd21ac3e58fb9179536442cd72202b966", "source_eligibility": "root-authorized-observation", "payload_downloads": 0}
