test_disabled_root_gate_before_evidence (__main__.DurableAndScopeTests.test_disabled_root_gate_before_evidence) ... ok
test_distinct_root_allowlist_required (__main__.DurableAndScopeTests.test_distinct_root_allowlist_required) ... ok
test_execute_cli_disabled_before_aws (__main__.DurableAndScopeTests.test_execute_cli_disabled_before_aws) ... ok
test_expiry_during_committed_evidence_read (__main__.DurableAndScopeTests.test_expiry_during_committed_evidence_read) ... ok
test_full_count_bytes_exact (__main__.DurableAndScopeTests.test_full_count_bytes_exact) ... ok
test_hash_chain_and_gate_mismatch (__main__.DurableAndScopeTests.test_hash_chain_and_gate_mismatch) ... ok
test_lock_second_writer_and_stale_lock_preserved (__main__.DurableAndScopeTests.test_lock_second_writer_and_stale_lock_preserved) ... ok
test_noninjective_mapping (__main__.DurableAndScopeTests.test_noninjective_mapping) ... ok
test_observed_full_metadata_comparator_negative_fields (__main__.DurableAndScopeTests.test_observed_full_metadata_comparator_negative_fields) ... ok
test_owner_mismatch (__main__.DurableAndScopeTests.test_owner_mismatch) ... ok
test_pagination_missing_version_marker (__main__.DurableAndScopeTests.test_pagination_missing_version_marker) ... ok
test_pagination_repeat_blocks (__main__.DurableAndScopeTests.test_pagination_repeat_blocks) ... ok
test_root_true_flags_without_underlying_proofs_fail (__main__.DurableAndScopeTests.test_root_true_flags_without_underlying_proofs_fail) ... ok
test_stale_root_evidence_rejected (__main__.DurableAndScopeTests.test_stale_root_evidence_rejected) ... ok
test_torn_state_preserved (__main__.DurableAndScopeTests.test_torn_state_preserved) ... ok
test_valid_gate_reads_committed_root_scope (__main__.DurableAndScopeTests.test_valid_gate_reads_committed_root_scope) ... ok
test_ambiguous_bucket_present_no_retry (__main__.EngineTests.test_ambiguous_bucket_present_no_retry) ... ok
test_ambiguous_present_preserves_no_retry (__main__.EngineTests.test_ambiguous_present_preserves_no_retry) ... ok
test_cached_journal_cannot_bypass_current_chain (__main__.EngineTests.test_cached_journal_cannot_bypass_current_chain) ... ok
test_changed_exact_hash_identity (__main__.EngineTests.test_changed_exact_hash_identity) ... ok
test_check_only_no_mutations_or_journal (__main__.EngineTests.test_check_only_no_mutations_or_journal) ... ok
test_checkonly_late_dependency_expiry (__main__.EngineTests.test_checkonly_late_dependency_expiry) ... ok
test_config_drift (__main__.EngineTests.test_config_drift) ... ok
test_denied_permission_checkonly (__main__.EngineTests.test_denied_permission_checkonly) ... ok
test_empty_recreated_bucket_blocks (__main__.EngineTests.test_empty_recreated_bucket_blocks) ... ok
test_expiry_after_durable_intent_no_mutation (__main__.EngineTests.test_expiry_after_durable_intent_no_mutation) ... ok
test_expiry_after_terminal_no_success (__main__.EngineTests.test_expiry_after_terminal_no_success) ... ok
test_expiry_during_dependencies_no_mutation (__main__.EngineTests.test_expiry_during_dependencies_no_mutation) ... ok
test_full205_success_closing_observation (__main__.EngineTests.test_full205_success_closing_observation) ... ok
test_header_tag_acl_drift (__main__.EngineTests.test_header_tag_acl_drift) ... ok
test_inflight_upload_blocks (__main__.EngineTests.test_inflight_upload_blocks) ... ok
test_last_dependency_destination_loss_blocks_terminal (__main__.EngineTests.test_last_dependency_destination_loss_blocks_terminal) ... ok
test_lost_reply_absence_no_duplicate_wire (__main__.EngineTests.test_lost_reply_absence_no_duplicate_wire) ... ok
test_missing_destination_after_complete_blocks (__main__.EngineTests.test_missing_destination_after_complete_blocks) ... ok
test_permission_missing_context (__main__.EngineTests.test_permission_missing_context) ... ok
test_permission_missing_resource (__main__.EngineTests.test_permission_missing_resource) ... ok
test_permission_truncation (__main__.EngineTests.test_permission_truncation) ... ok
test_principal_drift_after_delete_blocks_second (__main__.EngineTests.test_principal_drift_after_delete_blocks_second) ... ok
test_recreated_bucket_extra_data_blocks (__main__.EngineTests.test_recreated_bucket_extra_data_blocks) ... ok
test_runner_enforces_shared_lock (__main__.EngineTests.test_runner_enforces_shared_lock) ... ok
test_shared_source_data_blocks (__main__.EngineTests.test_shared_source_data_blocks) ... ok
test_source_markers_block (__main__.EngineTests.test_source_markers_block) ... ok
test_source_unexpected_absence_blocks (__main__.EngineTests.test_source_unexpected_absence_blocks) ... ok
test_stale_verified_flag_not_hash_scope (__main__.EngineTests.test_stale_verified_flag_not_hash_scope) ... ok
test_wrong_principal (__main__.EngineTests.test_wrong_principal) ... ok

----------------------------------------------------------------------
Ran 45 tests in 133.794s

OK
