⚠ [2202/2221] Replayed PvNP.RealizableHardness.BinaryMatrixFourier
warning: lean/PvNP/RealizableHardness/BinaryMatrixFourier.lean:126:8: `if_pos` has been deprecated: Use `ite_eq_left` instead
warning: lean/PvNP/RealizableHardness/BinaryMatrixFourier.lean:132:8: `if_neg` has been deprecated: Use `ite_eq_right` instead
⚠ [2204/2221] Replayed PvNP.RealizableHardness.BinaryMatrixHybridSelector
warning: lean/PvNP/RealizableHardness/BinaryMatrixHybridSelector.lean:71:8: `if_pos` has been deprecated: Use `ite_eq_left` instead
warning: lean/PvNP/RealizableHardness/BinaryMatrixHybridSelector.lean:90:8: `if_neg` has been deprecated: Use `ite_eq_right` instead
⚠ [2206/2221] Replayed PvNP.RealizableHardness.BinaryMatrixLineTranslation
warning: lean/PvNP/RealizableHardness/BinaryMatrixLineTranslation.lean:243:4: try 'simp' instead of 'simpa'

Note: This linter can be disabled with `set_option linter.unnecessarySimpa false`
warning: lean/PvNP/RealizableHardness/BinaryMatrixLineTranslation.lean:315:8: `if_neg` has been deprecated: Use `ite_eq_right` instead
warning: lean/PvNP/RealizableHardness/BinaryMatrixLineTranslation.lean:407:15: `if_neg` has been deprecated: Use `ite_eq_right` instead
warning: lean/PvNP/RealizableHardness/BinaryMatrixLineTranslation.lean:433:41: This simp argument is unused:
  s

Hint: Omit it from the simp argument list.
  [apply] simp [hs, hr]

Note: This linter can be disabled with `set_option linter.unusedSimpArgs false`
warning: lean/PvNP/RealizableHardness/BinaryMatrixLineTranslation.lean:555:15: `if_neg` has been deprecated: Use `ite_eq_right` instead
warning: lean/PvNP/RealizableHardness/BinaryMatrixLineTranslation.lean:592:57: This simp argument is unused:
  mul_assoc

Hint: Omit it from the simp argument list.
  [apply] simp [hr, hs]

Note: This linter can be disabled with `set_option linter.unusedSimpArgs false`
⚠ [2207/2221] Replayed PvNP.RealizableHardness.BinaryMatrixLineA14
warning: lean/PvNP/RealizableHardness/BinaryMatrixLineA14.lean:88:8: `if_pos` has been deprecated: Use `ite_eq_left` instead
warning: lean/PvNP/RealizableHardness/BinaryMatrixLineA14.lean:97:8: `if_neg` has been deprecated: Use `ite_eq_right` instead
⚠ [2283/2301] Replayed PvNP.RealizableHardness.BinaryMatrixA1TypedFourier
warning: lean/PvNP/RealizableHardness/BinaryMatrixA1TypedFourier.lean:198:8: `if_pos` has been deprecated: Use `ite_eq_left` instead
warning: lean/PvNP/RealizableHardness/BinaryMatrixA1TypedFourier.lean:204:8: `if_neg` has been deprecated: Use `ite_eq_right` instead
warning: lean/PvNP/RealizableHardness/BinaryMatrixA1TypedFourier.lean:236:8: `if_pos` has been deprecated: Use `ite_eq_left` instead
warning: lean/PvNP/RealizableHardness/BinaryMatrixA1TypedFourier.lean:242:8: `if_neg` has been deprecated: Use `ite_eq_right` instead
⚠ [2285/2301] Replayed PvNP.RealizableHardness.BinaryMatrixA1CoefficientTransfer
warning: lean/PvNP/RealizableHardness/BinaryMatrixA1CoefficientTransfer.lean:111:15: `if_pos` has been deprecated: Use `ite_eq_left` instead
⚠ [2286/2301] Replayed PvNP.RealizableHardness.BinaryMatrixA1Composition
warning: lean/PvNP/RealizableHardness/BinaryMatrixA1Composition.lean:40:15: `if_pos` has been deprecated: Use `ite_eq_left` instead
warning: lean/PvNP/RealizableHardness/BinaryMatrixA1Composition.lean:102:5: Variable name `hA` is not explicitly referenced.

Hint: The binding can be removed (if unused) or named `_` (if used implicitly). Alternatively, prefix the name with `_` to silence this warning:
  [apply] _hA

Note: This linter can be disabled with `set_option linter.unusedVariables false`
warning: lean/PvNP/RealizableHardness/BinaryMatrixA1Composition.lean:102:20: Variable name `hB` is not explicitly referenced.

Hint: The binding can be removed (if unused) or named `_` (if used implicitly). Alternatively, prefix the name with `_` to silence this warning:
  [apply] _hB

Note: This linter can be disabled with `set_option linter.unusedVariables false`
warning: lean/PvNP/RealizableHardness/BinaryMatrixA1Composition.lean:172:43: `if_pos` has been deprecated: Use `ite_eq_left` instead
⚠ [2288/2301] Replayed PvNP.RealizableHardness.BinaryMatrixComplexA15
warning: lean/PvNP/RealizableHardness/BinaryMatrixComplexA15.lean:35:4: Unused tactic linter: `change fibreEnergy R.fibre f ≤ ε` does nothing

Note: This linter can be disabled with `set_option linter.unusedTactic false`
warning: lean/PvNP/RealizableHardness/BinaryMatrixComplexA15.lean:46:2: Unused tactic linter: `change fibreEnergy Q.fibre f ≤ ε` does nothing

Note: This linter can be disabled with `set_option linter.unusedTactic false`
warning: lean/PvNP/RealizableHardness/BinaryMatrixComplexA15.lean:184:24: This simp argument is unused:
  zero_add

Hint: Omit it from the simp argument list.
  [apply] simp only [Complex.normSq_apply, Complex.sub_re, Complex.sub_im, Complex.mul_re, Complex.mul_im,
    Complex.ofReal_re, Complex.ofReal_im, zero_mul, sub_zero, mul_zero]

Note: This linter can be disabled with `set_option linter.unusedSimpArgs false`
warning: lean/PvNP/RealizableHardness/BinaryMatrixComplexA15.lean:184:34: This simp argument is unused:
  mul_zero

Hint: Omit it from the simp argument list.
  [apply] simp only [Complex.normSq_apply, Complex.sub_re, Complex.sub_im, Complex.mul_re, Complex.mul_im,
    Complex.ofReal_re, Complex.ofReal_im, zero_mul, sub_zero, zero_add]

Note: This linter can be disabled with `set_option linter.unusedSimpArgs false`
ℹ [2301/2301] Built PvNP.RealizableHardness.ActualBinaryMatrixHC46DerivativeChecks (2.0s)
info: lean/PvNP/RealizableHardness/ActualBinaryMatrixHC46DerivativeChecks.lean:20:0: PvNP.RealizableHardness.BinaryMatrixHybridSelector.rank_eq_drop_add_hybrid_indicator {n d : ℕ}
  (Y : PvNP.RealizableHardness.BinaryMatrixFourier.BinaryMatrix n (d + 1)) :
  Matrix.rank Y =
    Matrix.rank (dropLastFrequency Y) + if Pi.single (Fin.last d) 1 ∈ (Matrix.transpose Y).mulVecLin.range then 1 else 0
info: lean/PvNP/RealizableHardness/ActualBinaryMatrixHC46DerivativeChecks.lean:21:0: PvNP.RealizableHardness.BinaryMatrixA1Composition.manuscript_A1_restrict_filter {n d : ℕ}
  (A₂ A₁ :
    Submodule PvNP.RealizableHardness.BinaryMatrixA1Composition.F✝
      (PvNP.RealizableHardness.BinaryMatrixA1Composition.V✝ d))
  (B₁ B₂ :
    Submodule PvNP.RealizableHardness.BinaryMatrixA1Composition.F✝
      (PvNP.RealizableHardness.BinaryMatrixA1Composition.W✝ n))
  (hA : A₂ ≤ A₁) (hB : B₁ ≤ B₂)
  (T :
    PvNP.RealizableHardness.BinaryMatrixA1Composition.V✝ d →ₗ[PvNP.RealizableHardness.BinaryMatrixA1Composition.F✝]
      PvNP.RealizableHardness.BinaryMatrixA1Composition.W✝ n)
  (S :
    PvNP.RealizableHardness.BinaryMatrixA1Composition.V✝ d ⧸ A₂ →ₗ[PvNP.RealizableHardness.BinaryMatrixA1Composition.F✝]
      ↥B₂)
  (f : PvNP.RealizableHardness.BinaryMatrixFourier.BinaryMatrix n d → ℝ)
  (N :
    (PvNP.RealizableHardness.BinaryMatrixA1Composition.V✝ d ⧸ A₂) ⧸
        Submodule.map A₂.mkQ A₁ →ₗ[PvNP.RealizableHardness.BinaryMatrixA1Composition.F✝]
      ↥(Submodule.comap B₂.subtype B₁)) :
  carrierAffineRestrict A₂ B₂ (Submodule.map A₂.mkQ A₁) (Submodule.comap B₂.subtype B₁) S
      (carrierHybridFilter A₂ B₂ (Submodule.map A₂.mkQ A₁) (Submodule.comap B₂.subtype B₁) fun M =>
        ambientAffineRestrict A₂ B₂ T (ambientHybridFilter A₂ B₂ f) M)
      N =
    ambientAffineRestrict A₁ B₁ (T + B₂.subtype ∘ₗ S ∘ₗ A₂.mkQ) (ambientHybridFilter A₁ B₁ f)
      ((nestedCarrierEquiv A₂ A₁ B₁ B₂ hA hB) N)
info: lean/PvNP/RealizableHardness/ActualBinaryMatrixHC46DerivativeChecks.lean:22:0: PvNP.RealizableHardness.ActualBinaryMatrixHC46Derivative.actual_affine_hybrid_composition {n d : ℕ}
  (A₂ A₁ : Submodule (ZMod 2) (Fin d → ZMod 2)) (B₁ B₂ : Submodule (ZMod 2) (Fin n → ZMod 2)) (hA : A₂ ≤ A₁)
  (hB : B₁ ≤ B₂) (T : (Fin d → ZMod 2) →ₗ[ZMod 2] Fin n → ZMod 2) (S : (Fin d → ZMod 2) ⧸ A₂ →ₗ[ZMod 2] ↥B₂)
  (f : PvNP.RealizableHardness.BinaryMatrixFourier.BinaryMatrix n d → ℝ)
  (N : ((Fin d → ZMod 2) ⧸ A₂) ⧸ Submodule.map A₂.mkQ A₁ →ₗ[ZMod 2] ↥(Submodule.comap B₂.subtype B₁)) :
  carrierAffineRestrict A₂ B₂ (Submodule.map A₂.mkQ A₁) (Submodule.comap B₂.subtype B₁) S
      (carrierHybridFilter A₂ B₂ (Submodule.map A₂.mkQ A₁) (Submodule.comap B₂.subtype B₁) fun M =>
        ambientAffineRestrict A₂ B₂ T (ambientHybridFilter A₂ B₂ f) M)
      N =
    ambientAffineRestrict A₁ B₁ (T + B₂.subtype ∘ₗ S ∘ₗ A₂.mkQ) (ambientHybridFilter A₁ B₁ f)
      ((nestedCarrierEquiv A₂ A₁ B₁ B₂ hA hB) N)
info: lean/PvNP/RealizableHardness/ActualBinaryMatrixHC46DerivativeChecks.lean:23:0: PvNP.RealizableHardness.BinaryMatrixLineA14.rankProjection_rawRestrict_lineP_eq_hybridDerivative {n d j : ℕ}
  (t : Fin n → ZMod 2) (f : PvNP.RealizableHardness.BinaryMatrixFourier.BinaryMatrix n (d + 1) → ℝ)
  (M : PvNP.RealizableHardness.BinaryMatrixFourier.BinaryMatrix n d) :
  PvNP.RealizableHardness.BinaryMatrixFourier.rankProjection j (rawLastColumnRestrict t (lineP j f)) M =
    hybridLineDerivative t (PvNP.RealizableHardness.BinaryMatrixFourier.rankProjection (j + 1) f) M
info: lean/PvNP/RealizableHardness/ActualBinaryMatrixHC46DerivativeChecks.lean:24:0: PvNP.RealizableHardness.ActualBinaryMatrixHC46Derivative.actual_line_rank_projection_derivative_A14 {n d j : ℕ}
  (t : Fin n → ZMod 2) (f : PvNP.RealizableHardness.BinaryMatrixFourier.BinaryMatrix n (d + 1) → ℝ)
  (M : PvNP.RealizableHardness.BinaryMatrixFourier.BinaryMatrix n d) :
  PvNP.RealizableHardness.BinaryMatrixFourier.rankProjection j (rawLastColumnRestrict t (lineP j f)) M =
    hybridLineDerivative t (PvNP.RealizableHardness.BinaryMatrixFourier.rankProjection (j + 1) f) M
info: lean/PvNP/RealizableHardness/ActualBinaryMatrixHC46DerivativeChecks.lean:25:0: PvNP.RealizableHardness.ActualBinaryMatrixHC46Derivative.actual_typed_line_A14_A15_step {n d k : ℕ} {ε : ℝ}
  (A : Submodule (ZMod 2) (Fin d → ZMod 2)) (B : Submodule (ZMod 2) (Fin n → ZMod 2))
  (L : Submodule (ZMod 2) ((Fin d → ZMod 2) ⧸ A)) (hL : Module.finrank (ZMod 2) ↥L = 1)
  (T : (Fin d → ZMod 2) ⧸ A →ₗ[ZMod 2] ↥B) (f : ((Fin d → ZMod 2) ⧸ A →ₗ[ZMod 2] ↥B) → ℂ) (hε : 0 ≤ ε)
  (hf : UpToTypedNormSqGlobal A B (k + 1) ε f) :
  (UpToActualNormSqGlobal k (4 * 2 ^ (4 * (k + 1)) * ε) fun X =>
      typedLineP B L hL k f ((lineMatrixEquiv B L hL).symm (rawLastColumn X (lineBaseColumn B L hL T)))) ∧
    ∀ (N : ((Fin d → ZMod 2) ⧸ A) ⧸ L →ₗ[ZMod 2] ↥B),
      reducedComplexRankProjection B L k (typedLineReducedWitness B L hL T f) N =
        typedComplexLineFilter B L hL (typedComplexRankProjection A B (k + 1) f) (T + N ∘ₗ L.mkQ)
info: lean/PvNP/RealizableHardness/ActualBinaryMatrixHC46DerivativeChecks.lean:27:0: 'PvNP.RealizableHardness.BinaryMatrixHybridSelector.rank_eq_drop_add_hybrid_indicator' depends on axioms: [propext,
 Classical.choice,
 Quot.sound]
info: lean/PvNP/RealizableHardness/ActualBinaryMatrixHC46DerivativeChecks.lean:28:0: 'PvNP.RealizableHardness.BinaryMatrixA1Composition.manuscript_A1_restrict_filter' depends on axioms: [propext,
 Classical.choice,
 Quot.sound]
info: lean/PvNP/RealizableHardness/ActualBinaryMatrixHC46DerivativeChecks.lean:29:0: 'PvNP.RealizableHardness.ActualBinaryMatrixHC46Derivative.actual_affine_hybrid_composition' depends on axioms: [propext,
 Classical.choice,
 Quot.sound]
info: lean/PvNP/RealizableHardness/ActualBinaryMatrixHC46DerivativeChecks.lean:30:0: 'PvNP.RealizableHardness.ActualBinaryMatrixHC46Derivative.actual_line_rank_projection_derivative_A14' depends on axioms: [propext,
 Classical.choice,
 Quot.sound]
info: lean/PvNP/RealizableHardness/ActualBinaryMatrixHC46DerivativeChecks.lean:31:0: 'PvNP.RealizableHardness.ActualBinaryMatrixHC46Derivative.actual_typed_line_A14_A15_step' depends on axioms: [propext,
 Classical.choice,
 Quot.sound]
Build completed successfully (2301 jobs).
