⚠ [2203/2317] Replayed PvNP.RealizableHardness.BinaryMatrixFourier
warning: lean/PvNP/RealizableHardness/BinaryMatrixFourier.lean:126:8: `if_pos` has been deprecated: Use `ite_eq_left` instead
warning: lean/PvNP/RealizableHardness/BinaryMatrixFourier.lean:132:8: `if_neg` has been deprecated: Use `ite_eq_right` instead
⚠ [2205/2317] Replayed PvNP.RealizableHardness.BinaryMatrixHybridSelector
warning: lean/PvNP/RealizableHardness/BinaryMatrixHybridSelector.lean:71:8: `if_pos` has been deprecated: Use `ite_eq_left` instead
warning: lean/PvNP/RealizableHardness/BinaryMatrixHybridSelector.lean:90:8: `if_neg` has been deprecated: Use `ite_eq_right` instead
⚠ [2207/2317] Replayed PvNP.RealizableHardness.BinaryMatrixLineTranslation
warning: lean/PvNP/RealizableHardness/BinaryMatrixLineTranslation.lean:243:4: try 'simp' instead of 'simpa'

Note: This linter can be disabled with `set_option linter.unnecessarySimpa false`
warning: lean/PvNP/RealizableHardness/BinaryMatrixLineTranslation.lean:315:8: `if_neg` has been deprecated: Use `ite_eq_right` instead
warning: lean/PvNP/RealizableHardness/BinaryMatrixLineTranslation.lean:407:15: `if_neg` has been deprecated: Use `ite_eq_right` instead
warning: lean/PvNP/RealizableHardness/BinaryMatrixLineTranslation.lean:433:41: This simp argument is unused:
  s

Hint: Omit it from the simp argument list.
  [apply] simp [hs, hr]

Note: This linter can be disabled with `set_option linter.unusedSimpArgs false`
warning: lean/PvNP/RealizableHardness/BinaryMatrixLineTranslation.lean:555:15: `if_neg` has been deprecated: Use `ite_eq_right` instead
warning: lean/PvNP/RealizableHardness/BinaryMatrixLineTranslation.lean:592:57: This simp argument is unused:
  mul_assoc

Hint: Omit it from the simp argument list.
  [apply] simp [hr, hs]

Note: This linter can be disabled with `set_option linter.unusedSimpArgs false`
⚠ [2208/2317] Replayed PvNP.RealizableHardness.BinaryMatrixLineA14
warning: lean/PvNP/RealizableHardness/BinaryMatrixLineA14.lean:88:8: `if_pos` has been deprecated: Use `ite_eq_left` instead
warning: lean/PvNP/RealizableHardness/BinaryMatrixLineA14.lean:97:8: `if_neg` has been deprecated: Use `ite_eq_right` instead
⚠ [2283/2317] Replayed PvNP.RealizableHardness.BinaryMatrixA1TypedFourier
warning: lean/PvNP/RealizableHardness/BinaryMatrixA1TypedFourier.lean:198:8: `if_pos` has been deprecated: Use `ite_eq_left` instead
warning: lean/PvNP/RealizableHardness/BinaryMatrixA1TypedFourier.lean:204:8: `if_neg` has been deprecated: Use `ite_eq_right` instead
warning: lean/PvNP/RealizableHardness/BinaryMatrixA1TypedFourier.lean:236:8: `if_pos` has been deprecated: Use `ite_eq_left` instead
warning: lean/PvNP/RealizableHardness/BinaryMatrixA1TypedFourier.lean:242:8: `if_neg` has been deprecated: Use `ite_eq_right` instead
⚠ [2285/2317] Replayed PvNP.RealizableHardness.BinaryMatrixA1CoefficientTransfer
warning: lean/PvNP/RealizableHardness/BinaryMatrixA1CoefficientTransfer.lean:111:15: `if_pos` has been deprecated: Use `ite_eq_left` instead
⚠ [2286/2317] Replayed PvNP.RealizableHardness.BinaryMatrixA1Composition
warning: lean/PvNP/RealizableHardness/BinaryMatrixA1Composition.lean:40:15: `if_pos` has been deprecated: Use `ite_eq_left` instead
warning: lean/PvNP/RealizableHardness/BinaryMatrixA1Composition.lean:102:5: Variable name `hA` is not explicitly referenced.

Hint: The binding can be removed (if unused) or named `_` (if used implicitly). Alternatively, prefix the name with `_` to silence this warning:
  [apply] _hA

Note: This linter can be disabled with `set_option linter.unusedVariables false`
warning: lean/PvNP/RealizableHardness/BinaryMatrixA1Composition.lean:102:20: Variable name `hB` is not explicitly referenced.

Hint: The binding can be removed (if unused) or named `_` (if used implicitly). Alternatively, prefix the name with `_` to silence this warning:
  [apply] _hB

Note: This linter can be disabled with `set_option linter.unusedVariables false`
warning: lean/PvNP/RealizableHardness/BinaryMatrixA1Composition.lean:172:43: `if_pos` has been deprecated: Use `ite_eq_left` instead
⚠ [2289/2317] Replayed PvNP.RealizableHardness.BinaryMatrixComplexA15
warning: lean/PvNP/RealizableHardness/BinaryMatrixComplexA15.lean:35:4: Unused tactic linter: `change fibreEnergy R.fibre f ≤ ε` does nothing

Note: This linter can be disabled with `set_option linter.unusedTactic false`
warning: lean/PvNP/RealizableHardness/BinaryMatrixComplexA15.lean:46:2: Unused tactic linter: `change fibreEnergy Q.fibre f ≤ ε` does nothing

Note: This linter can be disabled with `set_option linter.unusedTactic false`
warning: lean/PvNP/RealizableHardness/BinaryMatrixComplexA15.lean:184:24: This simp argument is unused:
  zero_add

Hint: Omit it from the simp argument list.
  [apply] simp only [Complex.normSq_apply, Complex.sub_re, Complex.sub_im, Complex.mul_re, Complex.mul_im,
    Complex.ofReal_re, Complex.ofReal_im, zero_mul, sub_zero, mul_zero]

Note: This linter can be disabled with `set_option linter.unusedSimpArgs false`
warning: lean/PvNP/RealizableHardness/BinaryMatrixComplexA15.lean:184:34: This simp argument is unused:
  mul_zero

Hint: Omit it from the simp argument list.
  [apply] simp only [Complex.normSq_apply, Complex.sub_re, Complex.sub_im, Complex.mul_re, Complex.mul_im,
    Complex.ofReal_re, Complex.ofReal_im, zero_mul, sub_zero, zero_add]

Note: This linter can be disabled with `set_option linter.unusedSimpArgs false`
⚠ [2301/2317] Replayed PvNP.RealizableHardness.BinaryMatrixTypedA15HyperplaneGlobal
warning: lean/PvNP/RealizableHardness/BinaryMatrixTypedA15HyperplaneGlobal.lean:48:25: Variable name `hH` is not explicitly referenced.

Hint: The binding can be removed (if unused) or named `_` (if used implicitly). Alternatively, prefix the name with `_` to silence this warning:
  [apply] _hH

Note: This linter can be disabled with `set_option linter.unusedVariables false`
⚠ [2303/2317] Replayed PvNP.RealizableHardness.BinaryMatrixTypedA15HyperplaneReducedGlobal
warning: lean/PvNP/RealizableHardness/BinaryMatrixTypedA15HyperplaneReducedGlobal.lean:54:25: Variable name `hH` is not explicitly referenced.

Hint: The binding can be removed (if unused) or named `_` (if used implicitly). Alternatively, prefix the name with `_` to silence this warning:
  [apply] _hH

Note: This linter can be disabled with `set_option linter.unusedVariables false`
warning: lean/PvNP/RealizableHardness/BinaryMatrixTypedA15HyperplaneReducedGlobal.lean:64:25: Variable name `hH` is not explicitly referenced.

Hint: The binding can be removed (if unused) or named `_` (if used implicitly). Alternatively, prefix the name with `_` to silence this warning:
  [apply] _hH

Note: This linter can be disabled with `set_option linter.unusedVariables false`
warning: lean/PvNP/RealizableHardness/BinaryMatrixTypedA15HyperplaneReducedGlobal.lean:84:25: Variable name `hH` is not explicitly referenced.

Hint: The binding can be removed (if unused) or named `_` (if used implicitly). Alternatively, prefix the name with `_` to silence this warning:
  [apply] _hH

Note: This linter can be disabled with `set_option linter.unusedVariables false`
warning: lean/PvNP/RealizableHardness/BinaryMatrixTypedA15HyperplaneReducedGlobal.lean:98:25: Variable name `hH` is not explicitly referenced.

Hint: The binding can be removed (if unused) or named `_` (if used implicitly). Alternatively, prefix the name with `_` to silence this warning:
  [apply] _hH

Note: This linter can be disabled with `set_option linter.unusedVariables false`
warning: lean/PvNP/RealizableHardness/BinaryMatrixTypedA15HyperplaneReducedGlobal.lean:236:25: Variable name `hH` is not explicitly referenced.

Hint: The binding can be removed (if unused) or named `_` (if used implicitly). Alternatively, prefix the name with `_` to silence this warning:
  [apply] _hH

Note: This linter can be disabled with `set_option linter.unusedVariables false`
⚠ [2305/2317] Replayed PvNP.RealizableHardness.BinaryMatrixTypedA14HyperplaneReduced
warning: lean/PvNP/RealizableHardness/BinaryMatrixTypedA14HyperplaneReduced.lean:35:55: Variable name `hH` is not explicitly referenced.

Hint: The binding can be removed (if unused) or named `_` (if used implicitly). Alternatively, prefix the name with `_` to silence this warning:
  [apply] _hH

Note: This linter can be disabled with `set_option linter.unusedVariables false`
warning: lean/PvNP/RealizableHardness/BinaryMatrixTypedA14HyperplaneReduced.lean:119:55: Variable name `hH` is not explicitly referenced.

Hint: The binding can be removed (if unused) or named `_` (if used implicitly). Alternatively, prefix the name with `_` to silence this warning:
  [apply] _hH

Note: This linter can be disabled with `set_option linter.unusedVariables false`
⚠ [2307/2317] Replayed PvNP.RealizableHardness.BinaryMatrixA15BaseCase
warning: lean/PvNP/RealizableHardness/BinaryMatrixA15BaseCase.lean:31:4: Try this: 
  haveI̵

The goal is a proposition, so `have` is preferred over `haveI`.
The difference between `have` and `haveI` is that `haveI` inlines the value.
But this is not relevant for proofs because of proof irrelevance.

Note: This linter can be disabled with `set_option linter.style.haveILetI false`
⚠ [2312/2317] Replayed PvNP.RealizableHardness.BinaryMatrixTypedHyperplaneIntrinsicP
warning: lean/PvNP/RealizableHardness/BinaryMatrixTypedHyperplaneIntrinsicP.lean:138:35: This simp argument is unused:
  Module.Basis.dualBasis_equivFun

Hint: Omit it from the simp argument list.
  [apply] simp [hyperplaneMatrixEquiv, hyperplaneShiftVectorIndex, lineShift, lineFunctional]

Note: This linter can be disabled with `set_option linter.unusedSimpArgs false`
⚠ [2314/2317] Replayed PvNP.RealizableHardness.BinaryMatrixA15SelectedBridge
warning: lean/PvNP/RealizableHardness/BinaryMatrixA15SelectedBridge.lean:44:10: try 'simp' instead of 'simpa'

Note: This linter can be disabled with `set_option linter.unnecessarySimpa false`
warning: lean/PvNP/RealizableHardness/BinaryMatrixA15SelectedBridge.lean:50:10: try 'simp' instead of 'simpa'

Note: This linter can be disabled with `set_option linter.unnecessarySimpa false`
⚠ [2316/2317] Replayed PvNP.RealizableHardness.ActualTypedIntrinsicWitnessNaturality
warning: lean/PvNP/RealizableHardness/ActualTypedIntrinsicWitnessNaturality.lean:224:31: This simp argument is unused:
  LinearEquiv.arrowCongr_apply

Hint: Omit it from the simp argument list.
  [apply] simp [eN, mapReindexEquiv, LinearMap.comp_apply]

Note: This linter can be disabled with `set_option linter.unusedSimpArgs false`
warning: lean/PvNP/RealizableHardness/ActualTypedIntrinsicWitnessNaturality.lean:225:6: This simp argument is unused:
  LinearMap.comp_apply

Hint: Omit it from the simp argument list.
  [apply] simp [eN, mapReindexEquiv, LinearEquiv.arrowCongr_apply]

Note: This linter can be disabled with `set_option linter.unusedSimpArgs false`
warning: lean/PvNP/RealizableHardness/ActualTypedIntrinsicWitnessNaturality.lean:327:4: Try `simp at hz` instead of `simpa using hz`

Note: This linter can be disabled with `set_option linter.unnecessarySimpa false`
warning: lean/PvNP/RealizableHardness/ActualTypedIntrinsicWitnessNaturality.lean:357:4: Try `simp at h'` instead of `simpa using h'`

Note: This linter can be disabled with `set_option linter.unnecessarySimpa false`
warning: lean/PvNP/RealizableHardness/ActualTypedIntrinsicWitnessNaturality.lean:373:2: try 'simp' instead of 'simpa'

Note: This linter can be disabled with `set_option linter.unnecessarySimpa false`
ℹ [2317/2317] Built PvNP.RealizableHardness.ActualTypedIntrinsicWitnessNaturalityChecks (1.0s)
info: lean/PvNP/RealizableHardness/ActualTypedIntrinsicWitnessNaturalityChecks.lean:6:0: PvNP.RealizableHardness.ActualTypedIntrinsicWitnessNaturality.intrinsicLineAverage_reindex.{u_1, u_2, u_3, u_4}
  {D : Type u_1} {D' : Type u_2} {C : Type u_3} {C' : Type u_4} [AddCommGroup D]
  [Module PvNP.RealizableHardness.ActualTypedIntrinsicWitnessNaturality.F✝ D] [Fintype D] [AddCommGroup D']
  [Module PvNP.RealizableHardness.ActualTypedIntrinsicWitnessNaturality.F✝ D'] [Fintype D'] [AddCommGroup C]
  [Module PvNP.RealizableHardness.ActualTypedIntrinsicWitnessNaturality.F✝ C] [Fintype C] [AddCommGroup C']
  [Module PvNP.RealizableHardness.ActualTypedIntrinsicWitnessNaturality.F✝ C'] [Fintype C']
  [Fintype
      (D →ₗ[PvNP.RealizableHardness.ActualTypedIntrinsicWitnessNaturality.F✝]
        PvNP.RealizableHardness.ActualTypedIntrinsicWitnessNaturality.F✝)]
  [DecidableEq
      (D →ₗ[PvNP.RealizableHardness.ActualTypedIntrinsicWitnessNaturality.F✝]
        PvNP.RealizableHardness.ActualTypedIntrinsicWitnessNaturality.F✝)]
  [Fintype
      (D' →ₗ[PvNP.RealizableHardness.ActualTypedIntrinsicWitnessNaturality.F✝]
        PvNP.RealizableHardness.ActualTypedIntrinsicWitnessNaturality.F✝)]
  [DecidableEq
      (D' →ₗ[PvNP.RealizableHardness.ActualTypedIntrinsicWitnessNaturality.F✝]
        PvNP.RealizableHardness.ActualTypedIntrinsicWitnessNaturality.F✝)]
  [Fintype (D →ₗ[PvNP.RealizableHardness.ActualTypedIntrinsicWitnessNaturality.F✝] C)]
  [DecidableEq (D →ₗ[PvNP.RealizableHardness.ActualTypedIntrinsicWitnessNaturality.F✝] C)]
  [Fintype (D' →ₗ[PvNP.RealizableHardness.ActualTypedIntrinsicWitnessNaturality.F✝] C')]
  [DecidableEq (D' →ₗ[PvNP.RealizableHardness.ActualTypedIntrinsicWitnessNaturality.F✝] C')]
  (eD : D' ≃ₗ[PvNP.RealizableHardness.ActualTypedIntrinsicWitnessNaturality.F✝] D)
  (eC : C' ≃ₗ[PvNP.RealizableHardness.ActualTypedIntrinsicWitnessNaturality.F✝] C) (v : D)
  (f : (D →ₗ[PvNP.RealizableHardness.ActualTypedIntrinsicWitnessNaturality.F✝] C) → ℂ)
  (M : D →ₗ[PvNP.RealizableHardness.ActualTypedIntrinsicWitnessNaturality.F✝] C) :
  intrinsicLineAverage (eD.symm v)
      (fun M' => f ((PvNP.RealizableHardness.ActualTypedFourierEquivNaturality.mapReindexEquiv eD eC).symm M'))
      ((PvNP.RealizableHardness.ActualTypedFourierEquivNaturality.mapReindexEquiv eD eC) M) =
    intrinsicLineAverage v f M
info: lean/PvNP/RealizableHardness/ActualTypedIntrinsicWitnessNaturalityChecks.lean:7:0: 'PvNP.RealizableHardness.ActualTypedIntrinsicWitnessNaturality.intrinsicLineAverage_reindex' depends on axioms: [propext,
 Classical.choice,
 Quot.sound]
info: lean/PvNP/RealizableHardness/ActualTypedIntrinsicWitnessNaturalityChecks.lean:8:0: PvNP.RealizableHardness.ActualTypedIntrinsicWitnessNaturality.intrinsicLineIminusE_reindex.{u_1, u_2, u_3, u_4}
  {D : Type u_1} {D' : Type u_2} {C : Type u_3} {C' : Type u_4} [AddCommGroup D]
  [Module PvNP.RealizableHardness.ActualTypedIntrinsicWitnessNaturality.F✝ D] [Fintype D] [AddCommGroup D']
  [Module PvNP.RealizableHardness.ActualTypedIntrinsicWitnessNaturality.F✝ D'] [Fintype D'] [AddCommGroup C]
  [Module PvNP.RealizableHardness.ActualTypedIntrinsicWitnessNaturality.F✝ C] [Fintype C] [AddCommGroup C']
  [Module PvNP.RealizableHardness.ActualTypedIntrinsicWitnessNaturality.F✝ C'] [Fintype C']
  [Fintype
      (D →ₗ[PvNP.RealizableHardness.ActualTypedIntrinsicWitnessNaturality.F✝]
        PvNP.RealizableHardness.ActualTypedIntrinsicWitnessNaturality.F✝)]
  [DecidableEq
      (D →ₗ[PvNP.RealizableHardness.ActualTypedIntrinsicWitnessNaturality.F✝]
        PvNP.RealizableHardness.ActualTypedIntrinsicWitnessNaturality.F✝)]
  [Fintype
      (D' →ₗ[PvNP.RealizableHardness.ActualTypedIntrinsicWitnessNaturality.F✝]
        PvNP.RealizableHardness.ActualTypedIntrinsicWitnessNaturality.F✝)]
  [DecidableEq
      (D' →ₗ[PvNP.RealizableHardness.ActualTypedIntrinsicWitnessNaturality.F✝]
        PvNP.RealizableHardness.ActualTypedIntrinsicWitnessNaturality.F✝)]
  [Fintype (D →ₗ[PvNP.RealizableHardness.ActualTypedIntrinsicWitnessNaturality.F✝] C)]
  [DecidableEq (D →ₗ[PvNP.RealizableHardness.ActualTypedIntrinsicWitnessNaturality.F✝] C)]
  [Fintype (D' →ₗ[PvNP.RealizableHardness.ActualTypedIntrinsicWitnessNaturality.F✝] C')]
  [DecidableEq (D' →ₗ[PvNP.RealizableHardness.ActualTypedIntrinsicWitnessNaturality.F✝] C')]
  (eD : D' ≃ₗ[PvNP.RealizableHardness.ActualTypedIntrinsicWitnessNaturality.F✝] D)
  (eC : C' ≃ₗ[PvNP.RealizableHardness.ActualTypedIntrinsicWitnessNaturality.F✝] C) (v : D) (a : ℝ)
  (f : (D →ₗ[PvNP.RealizableHardness.ActualTypedIntrinsicWitnessNaturality.F✝] C) → ℂ)
  (M : D →ₗ[PvNP.RealizableHardness.ActualTypedIntrinsicWitnessNaturality.F✝] C) :
  intrinsicLineIminusE (eD.symm v) a
      (fun M' => f ((PvNP.RealizableHardness.ActualTypedFourierEquivNaturality.mapReindexEquiv eD eC).symm M'))
      ((PvNP.RealizableHardness.ActualTypedFourierEquivNaturality.mapReindexEquiv eD eC) M) =
    intrinsicLineIminusE v a f M
info: lean/PvNP/RealizableHardness/ActualTypedIntrinsicWitnessNaturalityChecks.lean:9:0: 'PvNP.RealizableHardness.ActualTypedIntrinsicWitnessNaturality.intrinsicLineIminusE_reindex' depends on axioms: [propext,
 Classical.choice,
 Quot.sound]
info: lean/PvNP/RealizableHardness/ActualTypedIntrinsicWitnessNaturalityChecks.lean:10:0: PvNP.RealizableHardness.ActualTypedIntrinsicWitnessNaturality.intrinsicLineP_reindex.{u_1, u_2, u_3, u_4} {D : Type u_1}
  {D' : Type u_2} {C : Type u_3} {C' : Type u_4} [AddCommGroup D]
  [Module PvNP.RealizableHardness.ActualTypedIntrinsicWitnessNaturality.F✝ D] [Fintype D] [AddCommGroup D']
  [Module PvNP.RealizableHardness.ActualTypedIntrinsicWitnessNaturality.F✝ D'] [Fintype D'] [AddCommGroup C]
  [Module PvNP.RealizableHardness.ActualTypedIntrinsicWitnessNaturality.F✝ C] [Fintype C] [AddCommGroup C']
  [Module PvNP.RealizableHardness.ActualTypedIntrinsicWitnessNaturality.F✝ C'] [Fintype C']
  [Fintype
      (D →ₗ[PvNP.RealizableHardness.ActualTypedIntrinsicWitnessNaturality.F✝]
        PvNP.RealizableHardness.ActualTypedIntrinsicWitnessNaturality.F✝)]
  [DecidableEq
      (D →ₗ[PvNP.RealizableHardness.ActualTypedIntrinsicWitnessNaturality.F✝]
        PvNP.RealizableHardness.ActualTypedIntrinsicWitnessNaturality.F✝)]
  [Fintype
      (D' →ₗ[PvNP.RealizableHardness.ActualTypedIntrinsicWitnessNaturality.F✝]
        PvNP.RealizableHardness.ActualTypedIntrinsicWitnessNaturality.F✝)]
  [DecidableEq
      (D' →ₗ[PvNP.RealizableHardness.ActualTypedIntrinsicWitnessNaturality.F✝]
        PvNP.RealizableHardness.ActualTypedIntrinsicWitnessNaturality.F✝)]
  [Fintype (D →ₗ[PvNP.RealizableHardness.ActualTypedIntrinsicWitnessNaturality.F✝] C)]
  [DecidableEq (D →ₗ[PvNP.RealizableHardness.ActualTypedIntrinsicWitnessNaturality.F✝] C)]
  [Fintype (D' →ₗ[PvNP.RealizableHardness.ActualTypedIntrinsicWitnessNaturality.F✝] C')]
  [DecidableEq (D' →ₗ[PvNP.RealizableHardness.ActualTypedIntrinsicWitnessNaturality.F✝] C')]
  (eD : D' ≃ₗ[PvNP.RealizableHardness.ActualTypedIntrinsicWitnessNaturality.F✝] D)
  (eC : C' ≃ₗ[PvNP.RealizableHardness.ActualTypedIntrinsicWitnessNaturality.F✝] C) (v : D) (j : ℕ)
  (f : (D →ₗ[PvNP.RealizableHardness.ActualTypedIntrinsicWitnessNaturality.F✝] C) → ℂ)
  (M : D →ₗ[PvNP.RealizableHardness.ActualTypedIntrinsicWitnessNaturality.F✝] C) :
  intrinsicLineP (eD.symm v) j
      (fun M' => f ((PvNP.RealizableHardness.ActualTypedFourierEquivNaturality.mapReindexEquiv eD eC).symm M'))
      ((PvNP.RealizableHardness.ActualTypedFourierEquivNaturality.mapReindexEquiv eD eC) M) =
    intrinsicLineP v j f M
info: lean/PvNP/RealizableHardness/ActualTypedIntrinsicWitnessNaturalityChecks.lean:11:0: 'PvNP.RealizableHardness.ActualTypedIntrinsicWitnessNaturality.intrinsicLineP_reindex' depends on axioms: [propext,
 Classical.choice,
 Quot.sound]
info: lean/PvNP/RealizableHardness/ActualTypedIntrinsicWitnessNaturalityChecks.lean:12:0: PvNP.RealizableHardness.ActualTypedIntrinsicWitnessNaturality.intrinsicReducedLineWitness_reindex.{u_1, u_2, u_3, u_4,
    u_5, u_6}
  {D : Type u_1} {D' : Type u_2} {Q : Type u_3} {Q' : Type u_4} {C : Type u_5} {C' : Type u_6} [AddCommGroup D]
  [Module PvNP.RealizableHardness.ActualTypedIntrinsicWitnessNaturality.F✝ D] [Fintype D] [AddCommGroup D']
  [Module PvNP.RealizableHardness.ActualTypedIntrinsicWitnessNaturality.F✝ D'] [Fintype D'] [AddCommGroup Q]
  [Module PvNP.RealizableHardness.ActualTypedIntrinsicWitnessNaturality.F✝ Q] [AddCommGroup Q']
  [Module PvNP.RealizableHardness.ActualTypedIntrinsicWitnessNaturality.F✝ Q'] [AddCommGroup C]
  [Module PvNP.RealizableHardness.ActualTypedIntrinsicWitnessNaturality.F✝ C] [Fintype C] [AddCommGroup C']
  [Module PvNP.RealizableHardness.ActualTypedIntrinsicWitnessNaturality.F✝ C'] [Fintype C']
  [Fintype
      (D →ₗ[PvNP.RealizableHardness.ActualTypedIntrinsicWitnessNaturality.F✝]
        PvNP.RealizableHardness.ActualTypedIntrinsicWitnessNaturality.F✝)]
  [DecidableEq
      (D →ₗ[PvNP.RealizableHardness.ActualTypedIntrinsicWitnessNaturality.F✝]
        PvNP.RealizableHardness.ActualTypedIntrinsicWitnessNaturality.F✝)]
  [Fintype
      (D' →ₗ[PvNP.RealizableHardness.ActualTypedIntrinsicWitnessNaturality.F✝]
        PvNP.RealizableHardness.ActualTypedIntrinsicWitnessNaturality.F✝)]
  [DecidableEq
      (D' →ₗ[PvNP.RealizableHardness.ActualTypedIntrinsicWitnessNaturality.F✝]
        PvNP.RealizableHardness.ActualTypedIntrinsicWitnessNaturality.F✝)]
  [Fintype (D →ₗ[PvNP.RealizableHardness.ActualTypedIntrinsicWitnessNaturality.F✝] C)]
  [DecidableEq (D →ₗ[PvNP.RealizableHardness.ActualTypedIntrinsicWitnessNaturality.F✝] C)]
  [Fintype (D' →ₗ[PvNP.RealizableHardness.ActualTypedIntrinsicWitnessNaturality.F✝] C')]
  [DecidableEq (D' →ₗ[PvNP.RealizableHardness.ActualTypedIntrinsicWitnessNaturality.F✝] C')]
  (eD : D' ≃ₗ[PvNP.RealizableHardness.ActualTypedIntrinsicWitnessNaturality.F✝] D)
  (eQ : Q' ≃ₗ[PvNP.RealizableHardness.ActualTypedIntrinsicWitnessNaturality.F✝] Q)
  (eC : C' ≃ₗ[PvNP.RealizableHardness.ActualTypedIntrinsicWitnessNaturality.F✝] C) (v : D) (j : ℕ)
  (q : D →ₗ[PvNP.RealizableHardness.ActualTypedIntrinsicWitnessNaturality.F✝] Q)
  (q' : D' →ₗ[PvNP.RealizableHardness.ActualTypedIntrinsicWitnessNaturality.F✝] Q')
  (hq : ∀ (x' : D'), eQ (q' x') = q (eD x'))
  (T : D →ₗ[PvNP.RealizableHardness.ActualTypedIntrinsicWitnessNaturality.F✝] C)
  (f : (D →ₗ[PvNP.RealizableHardness.ActualTypedIntrinsicWitnessNaturality.F✝] C) → ℂ)
  (N' : Q' →ₗ[PvNP.RealizableHardness.ActualTypedIntrinsicWitnessNaturality.F✝] C') :
  intrinsicReducedLineWitness (eD.symm v) j q'
      ((PvNP.RealizableHardness.ActualTypedFourierEquivNaturality.mapReindexEquiv eD eC) T)
      (fun M' => f ((PvNP.RealizableHardness.ActualTypedFourierEquivNaturality.mapReindexEquiv eD eC).symm M')) N' =
    intrinsicReducedLineWitness v j q T f
      ((PvNP.RealizableHardness.ActualTypedFourierEquivNaturality.mapReindexEquiv eQ eC).symm N')
info: lean/PvNP/RealizableHardness/ActualTypedIntrinsicWitnessNaturalityChecks.lean:13:0: 'PvNP.RealizableHardness.ActualTypedIntrinsicWitnessNaturality.intrinsicReducedLineWitness_reindex' depends on axioms: [propext,
 Classical.choice,
 Quot.sound]
info: lean/PvNP/RealizableHardness/ActualTypedIntrinsicWitnessNaturalityChecks.lean:14:0: PvNP.RealizableHardness.ActualTypedIntrinsicWitnessNaturality.quotientLineEquiv.{u_1, u_2} {D : Type u_1}
  {D' : Type u_2} [AddCommGroup D] [Module PvNP.RealizableHardness.ActualTypedIntrinsicWitnessNaturality.F✝ D]
  [AddCommGroup D'] [Module PvNP.RealizableHardness.ActualTypedIntrinsicWitnessNaturality.F✝ D']
  (e : D' ≃ₗ[PvNP.RealizableHardness.ActualTypedIntrinsicWitnessNaturality.F✝] D)
  (L : Submodule PvNP.RealizableHardness.ActualTypedIntrinsicWitnessNaturality.F✝ D)
  (L' : Submodule PvNP.RealizableHardness.ActualTypedIntrinsicWitnessNaturality.F✝ D')
  (hL : Submodule.map (↑e) L' = L) :
  (D' ⧸ L') ≃ₗ[PvNP.RealizableHardness.ActualTypedIntrinsicWitnessNaturality.F✝] D ⧸ L
info: lean/PvNP/RealizableHardness/ActualTypedIntrinsicWitnessNaturalityChecks.lean:15:0: 'PvNP.RealizableHardness.ActualTypedIntrinsicWitnessNaturality.quotientLineEquiv' depends on axioms: [propext,
 Classical.choice,
 Quot.sound]
info: lean/PvNP/RealizableHardness/ActualTypedIntrinsicWitnessNaturalityChecks.lean:16:0: PvNP.RealizableHardness.ActualTypedIntrinsicWitnessNaturality.nestedQuotientLineMap_eq {d : ℕ}
  (A₂ A₁ :
    Submodule PvNP.RealizableHardness.ActualTypedIntrinsicWitnessNaturality.F✝
      (Fin d → PvNP.RealizableHardness.ActualTypedIntrinsicWitnessNaturality.F✝))
  (hA : A₂ ≤ A₁)
  (L :
    Submodule PvNP.RealizableHardness.ActualTypedIntrinsicWitnessNaturality.F✝
      ((Fin d → PvNP.RealizableHardness.ActualTypedIntrinsicWitnessNaturality.F✝) ⧸ A₁)) :
  Submodule.map (↑(PvNP.RealizableHardness.BinaryMatrixA1NestedCarrier.nestedDomainEquiv A₂ A₁ hA))
      (Submodule.map (↑(PvNP.RealizableHardness.BinaryMatrixA1NestedCarrier.nestedDomainEquiv A₂ A₁ hA).symm) L) =
    L
info: lean/PvNP/RealizableHardness/ActualTypedIntrinsicWitnessNaturalityChecks.lean:17:0: 'PvNP.RealizableHardness.ActualTypedIntrinsicWitnessNaturality.nestedQuotientLineMap_eq' depends on axioms: [propext,
 Classical.choice,
 Quot.sound]
info: lean/PvNP/RealizableHardness/ActualTypedIntrinsicWitnessNaturalityChecks.lean:18:0: PvNP.RealizableHardness.ActualTypedIntrinsicWitnessNaturality.nestedIntrinsicReducedLineWitness_reindex {n d j : ℕ}
  (A₂ A₁ :
    Submodule PvNP.RealizableHardness.ActualTypedIntrinsicWitnessNaturality.F✝
      (Fin d → PvNP.RealizableHardness.ActualTypedIntrinsicWitnessNaturality.F✝))
  (B₁ B₂ :
    Submodule PvNP.RealizableHardness.ActualTypedIntrinsicWitnessNaturality.F✝
      (Fin n → PvNP.RealizableHardness.ActualTypedIntrinsicWitnessNaturality.F✝))
  (hA : A₂ ≤ A₁) (hB : B₁ ≤ B₂)
  (L :
    Submodule PvNP.RealizableHardness.ActualTypedIntrinsicWitnessNaturality.F✝
      ((Fin d → PvNP.RealizableHardness.ActualTypedIntrinsicWitnessNaturality.F✝) ⧸ A₁))
  (v : (Fin d → PvNP.RealizableHardness.ActualTypedIntrinsicWitnessNaturality.F✝) ⧸ A₁)
  (T :
    (Fin d → PvNP.RealizableHardness.ActualTypedIntrinsicWitnessNaturality.F✝) ⧸
        A₁ →ₗ[PvNP.RealizableHardness.ActualTypedIntrinsicWitnessNaturality.F✝]
      ↥B₁)
  (f :
    ((Fin d → PvNP.RealizableHardness.ActualTypedIntrinsicWitnessNaturality.F✝) ⧸
          A₁ →ₗ[PvNP.RealizableHardness.ActualTypedIntrinsicWitnessNaturality.F✝]
        ↥B₁) →
      ℂ)
  (N' :
    (((Fin d → PvNP.RealizableHardness.ActualTypedIntrinsicWitnessNaturality.F✝) ⧸ A₂) ⧸ Submodule.map A₂.mkQ A₁) ⧸
        Submodule.map (↑(PvNP.RealizableHardness.BinaryMatrixA1NestedCarrier.nestedDomainEquiv A₂ A₁ hA).symm)
          L →ₗ[PvNP.RealizableHardness.ActualTypedIntrinsicWitnessNaturality.F✝]
      ↥(Submodule.comap B₂.subtype B₁)) :
  intrinsicReducedLineWitness ((PvNP.RealizableHardness.BinaryMatrixA1NestedCarrier.nestedDomainEquiv A₂ A₁ hA).symm v)
      j (Submodule.map (↑(PvNP.RealizableHardness.BinaryMatrixA1NestedCarrier.nestedDomainEquiv A₂ A₁ hA).symm) L).mkQ
      ((PvNP.RealizableHardness.ActualTypedFourierEquivNaturality.mapReindexEquiv
          (PvNP.RealizableHardness.BinaryMatrixA1NestedCarrier.nestedDomainEquiv A₂ A₁ hA)
          (PvNP.RealizableHardness.BinaryMatrixA1NestedCarrier.nestedCodomainEquiv B₁ B₂ hB))
        T)
      (fun M' =>
        f
          ((PvNP.RealizableHardness.ActualTypedFourierEquivNaturality.mapReindexEquiv
                (PvNP.RealizableHardness.BinaryMatrixA1NestedCarrier.nestedDomainEquiv A₂ A₁ hA)
                (PvNP.RealizableHardness.BinaryMatrixA1NestedCarrier.nestedCodomainEquiv B₁ B₂ hB)).symm
            M'))
      N' =
    intrinsicReducedLineWitness v j L.mkQ T f
      ((PvNP.RealizableHardness.ActualTypedFourierEquivNaturality.mapReindexEquiv
            (quotientLineEquiv (PvNP.RealizableHardness.BinaryMatrixA1NestedCarrier.nestedDomainEquiv A₂ A₁ hA) L
              (Submodule.map (↑(PvNP.RealizableHardness.BinaryMatrixA1NestedCarrier.nestedDomainEquiv A₂ A₁ hA).symm) L)
              ⋯)
            (PvNP.RealizableHardness.BinaryMatrixA1NestedCarrier.nestedCodomainEquiv B₁ B₂ hB)).symm
        N')
info: lean/PvNP/RealizableHardness/ActualTypedIntrinsicWitnessNaturalityChecks.lean:19:0: 'PvNP.RealizableHardness.ActualTypedIntrinsicWitnessNaturality.nestedIntrinsicReducedLineWitness_reindex' depends on axioms: [propext,
 Classical.choice,
 Quot.sound]
info: lean/PvNP/RealizableHardness/ActualTypedIntrinsicWitnessNaturalityChecks.lean:20:0: PvNP.RealizableHardness.ActualTypedIntrinsicWitnessNaturality.lineCanonicalVector_reindex.{u_1, u_2} {D : Type u_1}
  {D' : Type u_2} [AddCommGroup D] [Module PvNP.RealizableHardness.ActualTypedIntrinsicWitnessNaturality.F✝ D]
  [FiniteDimensional PvNP.RealizableHardness.ActualTypedIntrinsicWitnessNaturality.F✝ D] [AddCommGroup D']
  [Module PvNP.RealizableHardness.ActualTypedIntrinsicWitnessNaturality.F✝ D']
  [FiniteDimensional PvNP.RealizableHardness.ActualTypedIntrinsicWitnessNaturality.F✝ D']
  (eD : D' ≃ₗ[PvNP.RealizableHardness.ActualTypedIntrinsicWitnessNaturality.F✝] D)
  (L : Submodule PvNP.RealizableHardness.ActualTypedIntrinsicWitnessNaturality.F✝ D)
  (hL : Module.finrank PvNP.RealizableHardness.ActualTypedIntrinsicWitnessNaturality.F✝ ↥L = 1)
  (L' : Submodule PvNP.RealizableHardness.ActualTypedIntrinsicWitnessNaturality.F✝ D')
  (hL' : Module.finrank PvNP.RealizableHardness.ActualTypedIntrinsicWitnessNaturality.F✝ ↥L' = 1)
  (hmap : L' = Submodule.map (↑eD.symm) L) :
  ⟨eD.symm ↑((intrinsicLineScalarEquiv L hL).symm 1), ⋯⟩ = (intrinsicLineScalarEquiv L' hL').symm 1
info: lean/PvNP/RealizableHardness/ActualTypedIntrinsicWitnessNaturalityChecks.lean:21:0: 'PvNP.RealizableHardness.ActualTypedIntrinsicWitnessNaturality.lineCanonicalVector_reindex' depends on axioms: [propext,
 Classical.choice,
 Quot.sound]
info: lean/PvNP/RealizableHardness/ActualTypedIntrinsicWitnessNaturalityChecks.lean:22:0: PvNP.RealizableHardness.ActualTypedIntrinsicWitnessNaturality.typedLineScalarVector_eq_intrinsic {d : ℕ}
  {A :
    Submodule PvNP.RealizableHardness.ActualTypedIntrinsicWitnessNaturality.F✝
      (Fin d → PvNP.RealizableHardness.ActualTypedIntrinsicWitnessNaturality.F✝)}
  (L :
    Submodule PvNP.RealizableHardness.ActualTypedIntrinsicWitnessNaturality.F✝
      ((Fin d → PvNP.RealizableHardness.ActualTypedIntrinsicWitnessNaturality.F✝) ⧸ A))
  (hL : Module.finrank PvNP.RealizableHardness.ActualTypedIntrinsicWitnessNaturality.F✝ ↥L = 1) :
  ↑((PvNP.RealizableHardness.BinaryMatrixTypedA15OneStep.lineScalarEquiv L hL).symm 1) =
    ↑((intrinsicLineScalarEquiv L hL).symm 1)
info: lean/PvNP/RealizableHardness/ActualTypedIntrinsicWitnessNaturalityChecks.lean:23:0: 'PvNP.RealizableHardness.ActualTypedIntrinsicWitnessNaturality.typedLineScalarVector_eq_intrinsic' depends on axioms: [propext,
 Classical.choice,
 Quot.sound]
info: lean/PvNP/RealizableHardness/ActualTypedIntrinsicWitnessNaturalityChecks.lean:24:0: PvNP.RealizableHardness.ActualTypedIntrinsicWitnessNaturality.nestedIntrinsicReducedLineWitness_canonical_reindex
  {n d j : ℕ}
  (A₂ A₁ :
    Submodule PvNP.RealizableHardness.ActualTypedIntrinsicWitnessNaturality.F✝
      (Fin d → PvNP.RealizableHardness.ActualTypedIntrinsicWitnessNaturality.F✝))
  (B₁ B₂ :
    Submodule PvNP.RealizableHardness.ActualTypedIntrinsicWitnessNaturality.F✝
      (Fin n → PvNP.RealizableHardness.ActualTypedIntrinsicWitnessNaturality.F✝))
  (hA : A₂ ≤ A₁) (hB : B₁ ≤ B₂)
  (L :
    Submodule PvNP.RealizableHardness.ActualTypedIntrinsicWitnessNaturality.F✝
      ((Fin d → PvNP.RealizableHardness.ActualTypedIntrinsicWitnessNaturality.F✝) ⧸ A₁))
  (hL : Module.finrank PvNP.RealizableHardness.ActualTypedIntrinsicWitnessNaturality.F✝ ↥L = 1)
  (T :
    (Fin d → PvNP.RealizableHardness.ActualTypedIntrinsicWitnessNaturality.F✝) ⧸
        A₁ →ₗ[PvNP.RealizableHardness.ActualTypedIntrinsicWitnessNaturality.F✝]
      ↥B₁)
  (f :
    ((Fin d → PvNP.RealizableHardness.ActualTypedIntrinsicWitnessNaturality.F✝) ⧸
          A₁ →ₗ[PvNP.RealizableHardness.ActualTypedIntrinsicWitnessNaturality.F✝]
        ↥B₁) →
      ℂ)
  (N' :
    (((Fin d → PvNP.RealizableHardness.ActualTypedIntrinsicWitnessNaturality.F✝) ⧸ A₂) ⧸ Submodule.map A₂.mkQ A₁) ⧸
        Submodule.map (↑(PvNP.RealizableHardness.BinaryMatrixA1NestedCarrier.nestedDomainEquiv A₂ A₁ hA).symm)
          L →ₗ[PvNP.RealizableHardness.ActualTypedIntrinsicWitnessNaturality.F✝]
      ↥(Submodule.comap B₂.subtype B₁)) :
  intrinsicReducedLineWitness
      (↑((intrinsicLineScalarEquiv
              (Submodule.map (↑(PvNP.RealizableHardness.BinaryMatrixA1NestedCarrier.nestedDomainEquiv A₂ A₁ hA).symm) L)
              ⋯).symm
          1))
      j (Submodule.map (↑(PvNP.RealizableHardness.BinaryMatrixA1NestedCarrier.nestedDomainEquiv A₂ A₁ hA).symm) L).mkQ
      ((PvNP.RealizableHardness.ActualTypedFourierEquivNaturality.mapReindexEquiv
          (PvNP.RealizableHardness.BinaryMatrixA1NestedCarrier.nestedDomainEquiv A₂ A₁ hA)
          (PvNP.RealizableHardness.BinaryMatrixA1NestedCarrier.nestedCodomainEquiv B₁ B₂ hB))
        T)
      (fun M' =>
        f
          ((PvNP.RealizableHardness.ActualTypedFourierEquivNaturality.mapReindexEquiv
                (PvNP.RealizableHardness.BinaryMatrixA1NestedCarrier.nestedDomainEquiv A₂ A₁ hA)
                (PvNP.RealizableHardness.BinaryMatrixA1NestedCarrier.nestedCodomainEquiv B₁ B₂ hB)).symm
            M'))
      N' =
    intrinsicReducedLineWitness (↑((intrinsicLineScalarEquiv L hL).symm 1)) j L.mkQ T f
      ((PvNP.RealizableHardness.ActualTypedFourierEquivNaturality.mapReindexEquiv
            (quotientLineEquiv (PvNP.RealizableHardness.BinaryMatrixA1NestedCarrier.nestedDomainEquiv A₂ A₁ hA) L
              (Submodule.map (↑(PvNP.RealizableHardness.BinaryMatrixA1NestedCarrier.nestedDomainEquiv A₂ A₁ hA).symm) L)
              ⋯)
            (PvNP.RealizableHardness.BinaryMatrixA1NestedCarrier.nestedCodomainEquiv B₁ B₂ hB)).symm
        N')
info: lean/PvNP/RealizableHardness/ActualTypedIntrinsicWitnessNaturalityChecks.lean:25:0: 'PvNP.RealizableHardness.ActualTypedIntrinsicWitnessNaturality.nestedIntrinsicReducedLineWitness_canonical_reindex' depends on axioms: [propext,
 Classical.choice,
 Quot.sound]
info: lean/PvNP/RealizableHardness/ActualTypedIntrinsicWitnessNaturalityChecks.lean:26:0: PvNP.RealizableHardness.ActualTypedIntrinsicWitnessNaturality.typedLineP_eq_intrinsic {n d j : ℕ}
  {A :
    Submodule PvNP.RealizableHardness.ActualTypedIntrinsicWitnessNaturality.F✝
      (Fin d → PvNP.RealizableHardness.ActualTypedIntrinsicWitnessNaturality.F✝)}
  (B :
    Submodule PvNP.RealizableHardness.ActualTypedIntrinsicWitnessNaturality.F✝
      (Fin n → PvNP.RealizableHardness.ActualTypedIntrinsicWitnessNaturality.F✝))
  (L :
    Submodule PvNP.RealizableHardness.ActualTypedIntrinsicWitnessNaturality.F✝
      ((Fin d → PvNP.RealizableHardness.ActualTypedIntrinsicWitnessNaturality.F✝) ⧸ A))
  (hL : Module.finrank PvNP.RealizableHardness.ActualTypedIntrinsicWitnessNaturality.F✝ ↥L = 1)
  (f :
    ((Fin d → PvNP.RealizableHardness.ActualTypedIntrinsicWitnessNaturality.F✝) ⧸
          A →ₗ[PvNP.RealizableHardness.ActualTypedIntrinsicWitnessNaturality.F✝]
        ↥B) →
      ℂ)
  (M :
    (Fin d → PvNP.RealizableHardness.ActualTypedIntrinsicWitnessNaturality.F✝) ⧸
        A →ₗ[PvNP.RealizableHardness.ActualTypedIntrinsicWitnessNaturality.F✝]
      ↥B) :
  PvNP.RealizableHardness.BinaryMatrixTypedA15OneStep.typedLineP B L hL j f M =
    intrinsicLineP (↑((PvNP.RealizableHardness.BinaryMatrixTypedA15OneStep.lineScalarEquiv L hL).symm 1)) j f M
info: lean/PvNP/RealizableHardness/ActualTypedIntrinsicWitnessNaturalityChecks.lean:27:0: 'PvNP.RealizableHardness.ActualTypedIntrinsicWitnessNaturality.typedLineP_eq_intrinsic' depends on axioms: [propext,
 Classical.choice,
 Quot.sound]
info: lean/PvNP/RealizableHardness/ActualTypedIntrinsicWitnessNaturalityChecks.lean:28:0: PvNP.RealizableHardness.ActualTypedIntrinsicWitnessNaturality.typedLineReducedWitness_eq_intrinsic {n d j : ℕ}
  {A :
    Submodule PvNP.RealizableHardness.ActualTypedIntrinsicWitnessNaturality.F✝
      (Fin d → PvNP.RealizableHardness.ActualTypedIntrinsicWitnessNaturality.F✝)}
  (B :
    Submodule PvNP.RealizableHardness.ActualTypedIntrinsicWitnessNaturality.F✝
      (Fin n → PvNP.RealizableHardness.ActualTypedIntrinsicWitnessNaturality.F✝))
  (L :
    Submodule PvNP.RealizableHardness.ActualTypedIntrinsicWitnessNaturality.F✝
      ((Fin d → PvNP.RealizableHardness.ActualTypedIntrinsicWitnessNaturality.F✝) ⧸ A))
  (hL : Module.finrank PvNP.RealizableHardness.ActualTypedIntrinsicWitnessNaturality.F✝ ↥L = 1)
  (T :
    (Fin d → PvNP.RealizableHardness.ActualTypedIntrinsicWitnessNaturality.F✝) ⧸
        A →ₗ[PvNP.RealizableHardness.ActualTypedIntrinsicWitnessNaturality.F✝]
      ↥B)
  (f :
    ((Fin d → PvNP.RealizableHardness.ActualTypedIntrinsicWitnessNaturality.F✝) ⧸
          A →ₗ[PvNP.RealizableHardness.ActualTypedIntrinsicWitnessNaturality.F✝]
        ↥B) →
      ℂ)
  (N :
    ((Fin d → PvNP.RealizableHardness.ActualTypedIntrinsicWitnessNaturality.F✝) ⧸ A) ⧸
        L →ₗ[PvNP.RealizableHardness.ActualTypedIntrinsicWitnessNaturality.F✝]
      ↥B) :
  typedLineReducedWitness B L hL T f N =
    intrinsicReducedLineWitness (↑((PvNP.RealizableHardness.BinaryMatrixTypedA15OneStep.lineScalarEquiv L hL).symm 1)) j
      L.mkQ T f N
info: lean/PvNP/RealizableHardness/ActualTypedIntrinsicWitnessNaturalityChecks.lean:29:0: 'PvNP.RealizableHardness.ActualTypedIntrinsicWitnessNaturality.typedLineReducedWitness_eq_intrinsic' depends on axioms: [propext,
 Classical.choice,
 Quot.sound]
Build completed successfully (2317 jobs).
