⚠ [2202/2287] Replayed PvNP.RealizableHardness.BinaryMatrixFourier
warning: lean/PvNP/RealizableHardness/BinaryMatrixFourier.lean:126:8: `if_pos` has been deprecated: Use `ite_eq_left` instead
warning: lean/PvNP/RealizableHardness/BinaryMatrixFourier.lean:132:8: `if_neg` has been deprecated: Use `ite_eq_right` instead
⚠ [2204/2287] Replayed PvNP.RealizableHardness.BinaryMatrixHybridSelector
warning: lean/PvNP/RealizableHardness/BinaryMatrixHybridSelector.lean:71:8: `if_pos` has been deprecated: Use `ite_eq_left` instead
warning: lean/PvNP/RealizableHardness/BinaryMatrixHybridSelector.lean:90:8: `if_neg` has been deprecated: Use `ite_eq_right` instead
⚠ [2206/2287] Replayed PvNP.RealizableHardness.BinaryMatrixLineTranslation
warning: lean/PvNP/RealizableHardness/BinaryMatrixLineTranslation.lean:243:4: try 'simp' instead of 'simpa'

Note: This linter can be disabled with `set_option linter.unnecessarySimpa false`
warning: lean/PvNP/RealizableHardness/BinaryMatrixLineTranslation.lean:315:8: `if_neg` has been deprecated: Use `ite_eq_right` instead
warning: lean/PvNP/RealizableHardness/BinaryMatrixLineTranslation.lean:407:15: `if_neg` has been deprecated: Use `ite_eq_right` instead
warning: lean/PvNP/RealizableHardness/BinaryMatrixLineTranslation.lean:433:41: This simp argument is unused:
  s

Hint: Omit it from the simp argument list.
  [apply] simp [hs, hr]

Note: This linter can be disabled with `set_option linter.unusedSimpArgs false`
warning: lean/PvNP/RealizableHardness/BinaryMatrixLineTranslation.lean:555:15: `if_neg` has been deprecated: Use `ite_eq_right` instead
warning: lean/PvNP/RealizableHardness/BinaryMatrixLineTranslation.lean:592:57: This simp argument is unused:
  mul_assoc

Hint: Omit it from the simp argument list.
  [apply] simp [hr, hs]

Note: This linter can be disabled with `set_option linter.unusedSimpArgs false`
⚠ [2207/2287] Replayed PvNP.RealizableHardness.BinaryMatrixLineA14
warning: lean/PvNP/RealizableHardness/BinaryMatrixLineA14.lean:88:8: `if_pos` has been deprecated: Use `ite_eq_left` instead
warning: lean/PvNP/RealizableHardness/BinaryMatrixLineA14.lean:97:8: `if_neg` has been deprecated: Use `ite_eq_right` instead
⚠ [2282/2287] Replayed PvNP.RealizableHardness.BinaryMatrixA1TypedFourier
warning: lean/PvNP/RealizableHardness/BinaryMatrixA1TypedFourier.lean:198:8: `if_pos` has been deprecated: Use `ite_eq_left` instead
warning: lean/PvNP/RealizableHardness/BinaryMatrixA1TypedFourier.lean:204:8: `if_neg` has been deprecated: Use `ite_eq_right` instead
warning: lean/PvNP/RealizableHardness/BinaryMatrixA1TypedFourier.lean:236:8: `if_pos` has been deprecated: Use `ite_eq_left` instead
warning: lean/PvNP/RealizableHardness/BinaryMatrixA1TypedFourier.lean:242:8: `if_neg` has been deprecated: Use `ite_eq_right` instead
⚠ [2284/2287] Replayed PvNP.RealizableHardness.BinaryMatrixA1CoefficientTransfer
warning: lean/PvNP/RealizableHardness/BinaryMatrixA1CoefficientTransfer.lean:111:15: `if_pos` has been deprecated: Use `ite_eq_left` instead
⚠ [2285/2287] Replayed PvNP.RealizableHardness.BinaryMatrixA1Composition
warning: lean/PvNP/RealizableHardness/BinaryMatrixA1Composition.lean:40:15: `if_pos` has been deprecated: Use `ite_eq_left` instead
warning: lean/PvNP/RealizableHardness/BinaryMatrixA1Composition.lean:102:5: Variable name `hA` is not explicitly referenced.

Hint: The binding can be removed (if unused) or named `_` (if used implicitly). Alternatively, prefix the name with `_` to silence this warning:
  [apply] _hA

Note: This linter can be disabled with `set_option linter.unusedVariables false`
warning: lean/PvNP/RealizableHardness/BinaryMatrixA1Composition.lean:102:20: Variable name `hB` is not explicitly referenced.

Hint: The binding can be removed (if unused) or named `_` (if used implicitly). Alternatively, prefix the name with `_` to silence this warning:
  [apply] _hB

Note: This linter can be disabled with `set_option linter.unusedVariables false`
warning: lean/PvNP/RealizableHardness/BinaryMatrixA1Composition.lean:172:43: `if_pos` has been deprecated: Use `ite_eq_left` instead
⚠ [2289/2317] Replayed PvNP.RealizableHardness.BinaryMatrixComplexA15
warning: lean/PvNP/RealizableHardness/BinaryMatrixComplexA15.lean:35:4: Unused tactic linter: `change fibreEnergy R.fibre f ≤ ε` does nothing

Note: This linter can be disabled with `set_option linter.unusedTactic false`
warning: lean/PvNP/RealizableHardness/BinaryMatrixComplexA15.lean:46:2: Unused tactic linter: `change fibreEnergy Q.fibre f ≤ ε` does nothing

Note: This linter can be disabled with `set_option linter.unusedTactic false`
warning: lean/PvNP/RealizableHardness/BinaryMatrixComplexA15.lean:184:24: This simp argument is unused:
  zero_add

Hint: Omit it from the simp argument list.
  [apply] simp only [Complex.normSq_apply, Complex.sub_re, Complex.sub_im, Complex.mul_re, Complex.mul_im,
    Complex.ofReal_re, Complex.ofReal_im, zero_mul, sub_zero, mul_zero]

Note: This linter can be disabled with `set_option linter.unusedSimpArgs false`
warning: lean/PvNP/RealizableHardness/BinaryMatrixComplexA15.lean:184:34: This simp argument is unused:
  mul_zero

Hint: Omit it from the simp argument list.
  [apply] simp only [Complex.normSq_apply, Complex.sub_re, Complex.sub_im, Complex.mul_re, Complex.mul_im,
    Complex.ofReal_re, Complex.ofReal_im, zero_mul, sub_zero, zero_add]

Note: This linter can be disabled with `set_option linter.unusedSimpArgs false`
⚠ [2301/2317] Replayed PvNP.RealizableHardness.BinaryMatrixTypedA15HyperplaneGlobal
warning: lean/PvNP/RealizableHardness/BinaryMatrixTypedA15HyperplaneGlobal.lean:48:25: Variable name `hH` is not explicitly referenced.

Hint: The binding can be removed (if unused) or named `_` (if used implicitly). Alternatively, prefix the name with `_` to silence this warning:
  [apply] _hH

Note: This linter can be disabled with `set_option linter.unusedVariables false`
⚠ [2303/2317] Replayed PvNP.RealizableHardness.BinaryMatrixTypedA15HyperplaneReducedGlobal
warning: lean/PvNP/RealizableHardness/BinaryMatrixTypedA15HyperplaneReducedGlobal.lean:54:25: Variable name `hH` is not explicitly referenced.

Hint: The binding can be removed (if unused) or named `_` (if used implicitly). Alternatively, prefix the name with `_` to silence this warning:
  [apply] _hH

Note: This linter can be disabled with `set_option linter.unusedVariables false`
warning: lean/PvNP/RealizableHardness/BinaryMatrixTypedA15HyperplaneReducedGlobal.lean:64:25: Variable name `hH` is not explicitly referenced.

Hint: The binding can be removed (if unused) or named `_` (if used implicitly). Alternatively, prefix the name with `_` to silence this warning:
  [apply] _hH

Note: This linter can be disabled with `set_option linter.unusedVariables false`
warning: lean/PvNP/RealizableHardness/BinaryMatrixTypedA15HyperplaneReducedGlobal.lean:84:25: Variable name `hH` is not explicitly referenced.

Hint: The binding can be removed (if unused) or named `_` (if used implicitly). Alternatively, prefix the name with `_` to silence this warning:
  [apply] _hH

Note: This linter can be disabled with `set_option linter.unusedVariables false`
warning: lean/PvNP/RealizableHardness/BinaryMatrixTypedA15HyperplaneReducedGlobal.lean:98:25: Variable name `hH` is not explicitly referenced.

Hint: The binding can be removed (if unused) or named `_` (if used implicitly). Alternatively, prefix the name with `_` to silence this warning:
  [apply] _hH

Note: This linter can be disabled with `set_option linter.unusedVariables false`
warning: lean/PvNP/RealizableHardness/BinaryMatrixTypedA15HyperplaneReducedGlobal.lean:236:25: Variable name `hH` is not explicitly referenced.

Hint: The binding can be removed (if unused) or named `_` (if used implicitly). Alternatively, prefix the name with `_` to silence this warning:
  [apply] _hH

Note: This linter can be disabled with `set_option linter.unusedVariables false`
⚠ [2305/2317] Replayed PvNP.RealizableHardness.BinaryMatrixTypedA14HyperplaneReduced
warning: lean/PvNP/RealizableHardness/BinaryMatrixTypedA14HyperplaneReduced.lean:35:55: Variable name `hH` is not explicitly referenced.

Hint: The binding can be removed (if unused) or named `_` (if used implicitly). Alternatively, prefix the name with `_` to silence this warning:
  [apply] _hH

Note: This linter can be disabled with `set_option linter.unusedVariables false`
warning: lean/PvNP/RealizableHardness/BinaryMatrixTypedA14HyperplaneReduced.lean:119:55: Variable name `hH` is not explicitly referenced.

Hint: The binding can be removed (if unused) or named `_` (if used implicitly). Alternatively, prefix the name with `_` to silence this warning:
  [apply] _hH

Note: This linter can be disabled with `set_option linter.unusedVariables false`
⚠ [2307/2317] Replayed PvNP.RealizableHardness.BinaryMatrixA15BaseCase
warning: lean/PvNP/RealizableHardness/BinaryMatrixA15BaseCase.lean:31:4: Try this: 
  haveI̵

The goal is a proposition, so `have` is preferred over `haveI`.
The difference between `have` and `haveI` is that `haveI` inlines the value.
But this is not relevant for proofs because of proof irrelevance.

Note: This linter can be disabled with `set_option linter.style.haveILetI false`
⚠ [2312/2317] Replayed PvNP.RealizableHardness.BinaryMatrixTypedHyperplaneIntrinsicP
warning: lean/PvNP/RealizableHardness/BinaryMatrixTypedHyperplaneIntrinsicP.lean:138:35: This simp argument is unused:
  Module.Basis.dualBasis_equivFun

Hint: Omit it from the simp argument list.
  [apply] simp [hyperplaneMatrixEquiv, hyperplaneShiftVectorIndex, lineShift, lineFunctional]

Note: This linter can be disabled with `set_option linter.unusedSimpArgs false`
⚠ [2314/2317] Replayed PvNP.RealizableHardness.BinaryMatrixA15SelectedBridge
warning: lean/PvNP/RealizableHardness/BinaryMatrixA15SelectedBridge.lean:44:10: try 'simp' instead of 'simpa'

Note: This linter can be disabled with `set_option linter.unnecessarySimpa false`
warning: lean/PvNP/RealizableHardness/BinaryMatrixA15SelectedBridge.lean:50:10: try 'simp' instead of 'simpa'

Note: This linter can be disabled with `set_option linter.unnecessarySimpa false`
⚠ [2316/2317] Replayed PvNP.RealizableHardness.ActualTypedIntrinsicWitnessNaturality
warning: lean/PvNP/RealizableHardness/ActualTypedIntrinsicWitnessNaturality.lean:224:31: This simp argument is unused:
  LinearEquiv.arrowCongr_apply

Hint: Omit it from the simp argument list.
  [apply] simp [eN, mapReindexEquiv, LinearMap.comp_apply]

Note: This linter can be disabled with `set_option linter.unusedSimpArgs false`
warning: lean/PvNP/RealizableHardness/ActualTypedIntrinsicWitnessNaturality.lean:225:6: This simp argument is unused:
  LinearMap.comp_apply

Hint: Omit it from the simp argument list.
  [apply] simp [eN, mapReindexEquiv, LinearEquiv.arrowCongr_apply]

Note: This linter can be disabled with `set_option linter.unusedSimpArgs false`
warning: lean/PvNP/RealizableHardness/ActualTypedIntrinsicWitnessNaturality.lean:327:4: Try `simp at hz` instead of `simpa using hz`

Note: This linter can be disabled with `set_option linter.unnecessarySimpa false`
warning: lean/PvNP/RealizableHardness/ActualTypedIntrinsicWitnessNaturality.lean:357:4: Try `simp at h'` instead of `simpa using h'`

Note: This linter can be disabled with `set_option linter.unnecessarySimpa false`
warning: lean/PvNP/RealizableHardness/ActualTypedIntrinsicWitnessNaturality.lean:373:2: try 'simp' instead of 'simpa'

Note: This linter can be disabled with `set_option linter.unnecessarySimpa false`
✖ [2317/2317] Building PvNP.RealizableHardness.ActualTypedIntrinsicHyperplaneNaturality (98s)
trace: .> LEAN_PATH=/home/dfredriksen_quantyra_org/cmmsa_analytic_20260930T040837Z/.lake/packages/Cli/.lake/build/lib/lean:/home/dfredriksen_quantyra_org/cmmsa_analytic_20260930T040837Z/.lake/packages/batteries/.lake/build/lib/lean:/home/dfredriksen_quantyra_org/cmmsa_analytic_20260930T040837Z/.lake/packages/Qq/.lake/build/lib/lean:/home/dfredriksen_quantyra_org/cmmsa_analytic_20260930T040837Z/.lake/packages/aesop/.lake/build/lib/lean:/home/dfredriksen_quantyra_org/cmmsa_analytic_20260930T040837Z/.lake/packages/proofwidgets/.lake/build/lib/lean:/home/dfredriksen_quantyra_org/cmmsa_analytic_20260930T040837Z/.lake/packages/importGraph/.lake/build/lib/lean:/home/dfredriksen_quantyra_org/cmmsa_analytic_20260930T040837Z/.lake/packages/LeanSearchClient/.lake/build/lib/lean:/home/dfredriksen_quantyra_org/cmmsa_analytic_20260930T040837Z/.lake/packages/plausible/.lake/build/lib/lean:/home/dfredriksen_quantyra_org/cmmsa_analytic_20260930T040837Z/.lake/packages/complexitylib/.lake/build/lib/lean:/home/dfredriksen_quantyra_org/cmmsa_analytic_20260930T040837Z/.lake/packages/mathlib/.lake/build/lib/lean:/home/dfredriksen_quantyra_org/cmmsa_analytic_20260930T040837Z/.lake/packages/cslib/.lake/build/lib/lean:/home/dfredriksen_quantyra_org/cmmsa_analytic_20260930T040837Z/.lake/build/lib/lean /home/dfredriksen_quantyra_org/.elan/toolchains/leanprover--lean4---v4.34.0-rc2/bin/lean /home/dfredriksen_quantyra_org/cmmsa_analytic_20260930T040837Z/lean/PvNP/RealizableHardness/ActualTypedIntrinsicHyperplaneNaturality.lean -o /home/dfredriksen_quantyra_org/cmmsa_analytic_20260930T040837Z/.lake/build/lib/lean/PvNP/RealizableHardness/ActualTypedIntrinsicHyperplaneNaturality.olean -i /home/dfredriksen_quantyra_org/cmmsa_analytic_20260930T040837Z/.lake/build/lib/lean/PvNP/RealizableHardness/ActualTypedIntrinsicHyperplaneNaturality.ilean -c /home/dfredriksen_quantyra_org/cmmsa_analytic_20260930T040837Z/.lake/build/ir/PvNP/RealizableHardness/ActualTypedIntrinsicHyperplaneNaturality.c --setup /home/dfredriksen_quantyra_org/cmmsa_analytic_20260930T040837Z/.lake/build/ir/PvNP/RealizableHardness/ActualTypedIntrinsicHyperplaneNaturality.setup.json --json
error: lean/PvNP/RealizableHardness/ActualTypedIntrinsicHyperplaneNaturality.lean:18:21: failed to synthesize instance of type class
  AddCommMonoid D

Hint: Type class instance resolution failures can be inspected with the `set_option trace.Meta.synthInstance true` command.
error: lean/PvNP/RealizableHardness/ActualTypedIntrinsicHyperplaneNaturality.lean:55:16: Unknown identifier `hval`
error: lean/PvNP/RealizableHardness/ActualTypedIntrinsicHyperplaneNaturality.lean:51:2: unsolved goals
case neg
D : Type u_1
inst✝¹ : AddCommGroup D
inst✝ : Module F D
φ ψ : D →ₗ[F] F
hker : φ.ker = ψ.ker
hφ : φ ≠ 0
x : D
hzero : φ x = 0 ↔ ψ x = 0
hx : ¬φ x = 0
hy : ψ x ≠ 0
hφone : φ x = 1
⊢ φ x = ψ x
error: lean/PvNP/RealizableHardness/ActualTypedIntrinsicHyperplaneNaturality.lean:55:21: unexpected token ':'; expected command
error: lean/PvNP/RealizableHardness/ActualTypedIntrinsicHyperplaneNaturality.lean:98:53: Tactic `rewrite` failed: Did not find an occurrence of the pattern
  ψ
in the target expression
  (hyperplaneDefiningFunctional B H hH).ker = ⊤

n n' : ℕ
B : Submodule F (Fin n → F)
H : Submodule F ↥B
hH : Module.finrank F (↥B ⧸ H) = 1
B' : Submodule F (Fin n' → F)
H' : Submodule F ↥B'
hH' : Module.finrank F (↥B' ⧸ H') = 1
eC : ↥B' ≃ₗ[F] ↥B
hmap : Submodule.map (↑eC) H' = H
ψ : ↥B →ₗ[PvNP.RealizableHardness.BinaryMatrixTypedHyperplaneIntrinsicP.F✝]
  PvNP.RealizableHardness.BinaryMatrixTypedHyperplaneIntrinsicP.F✝ :=
  hyperplaneDefiningFunctional B H hH
ψ' : ↥B' →ₗ[PvNP.RealizableHardness.BinaryMatrixTypedHyperplaneIntrinsicP.F✝]
  PvNP.RealizableHardness.BinaryMatrixTypedHyperplaneIntrinsicP.F✝ :=
  hyperplaneDefiningFunctional B' H' hH'
hker : (ψ ∘ₗ ↑eC).ker = H'
hψ0 : ψ = 0
⊢ (hyperplaneDefiningFunctional B H hH).ker = ⊤
error: lean/PvNP/RealizableHardness/ActualTypedIntrinsicHyperplaneNaturality.lean:100:49: `simp` made no progress
error: lean/PvNP/RealizableHardness/ActualTypedIntrinsicHyperplaneNaturality.lean:165:39: unexpected token 'where'; expected ':=' or '|'
error: lean/PvNP/RealizableHardness/ActualTypedIntrinsicHyperplaneNaturality.lean:162:7: Unknown identifier `mapReindexEquiv`

Note: It is not possible to treat `mapReindexEquiv` as an implicitly bound variable here because the `autoImplicit` option is set to `false`.
error: lean/PvNP/RealizableHardness/ActualTypedIntrinsicHyperplaneNaturality.lean:161:21: Unknown identifier `mapReindexEquiv`

Note: It is not possible to treat `mapReindexEquiv` as an implicitly bound variable here because the `autoImplicit` option is set to `false`.
error: lean/PvNP/RealizableHardness/ActualTypedIntrinsicHyperplaneNaturality.lean:165:6: Missing cases:
error: lean/PvNP/RealizableHardness/ActualTypedIntrinsicHyperplaneNaturality.lean:162:70: unsolved goals
D : Type u_1
D' : Type u_2
C : Type u_3
C' : Type u_4
inst✝¹⁹ : AddCommGroup D
inst✝¹⁸ : Module F D
inst✝¹⁷ : Fintype D
inst✝¹⁶ : AddCommGroup D'
inst✝¹⁵ : Module F D'
inst✝¹⁴ : Fintype D'
inst✝¹³ : AddCommGroup C
inst✝¹² : Module F C
inst✝¹¹ : Fintype C
inst✝¹⁰ : AddCommGroup C'
inst✝⁹ : Module F C'
inst✝⁸ : Fintype C'
inst✝⁷ : Fintype (D →ₗ[F] F)
inst✝⁶ : DecidableEq (D →ₗ[F] F)
inst✝⁵ : Fintype (D' →ₗ[F] F)
inst✝⁴ : DecidableEq (D' →ₗ[F] F)
inst✝³ : Fintype (D →ₗ[F] C)
inst✝² : DecidableEq (D →ₗ[F] C)
inst✝¹ : Fintype (D' →ₗ[F] C')
inst✝ : DecidableEq (D' →ₗ[F] C')
eD : D' ≃ₗ[F] D
eC : C' ≃ₗ[F] C
ψ : C →ₗ[F] F
f : (D →ₗ[F] C) → ℂ
M : D →ₗ[F] C
ePhi : (D →ₗ[F] F) ≃ (D' →ₗ[F] F) := nomatch
⊢ (∑ p, (fun M' => f sorry) (sorry + p.1.smulRight ↑p.2)) /
      ↑(Fintype.card ((?m.194 eD eC ψ f M →ₗ[F] F) × { w // (ψ ∘ₗ ↑eC) w = 1 })) =
    (∑ p, f (M + p.1.smulRight ↑p.2)) / ↑(Fintype.card ((D →ₗ[F] F) × { w // ψ w = 1 }))
error: lean/PvNP/RealizableHardness/ActualTypedIntrinsicHyperplaneNaturality.lean:208:7: Unknown identifier `mapReindexEquiv`

Note: It is not possible to treat `mapReindexEquiv` as an implicitly bound variable here because the `autoImplicit` option is set to `false`.
error: lean/PvNP/RealizableHardness/ActualTypedIntrinsicHyperplaneNaturality.lean:207:21: Unknown identifier `mapReindexEquiv`

Note: It is not possible to treat `mapReindexEquiv` as an implicitly bound variable here because the `autoImplicit` option is set to `false`.
error: lean/PvNP/RealizableHardness/ActualTypedIntrinsicHyperplaneNaturality.lean:210:6: Unknown identifier `intrinsicHyperplaneAverage_reindex`
error: lean/PvNP/RealizableHardness/ActualTypedIntrinsicHyperplaneNaturality.lean:208:72: unsolved goals
D : Type u_1
D' : Type u_2
C : Type u_3
C' : Type u_4
inst✝¹⁹ : AddCommGroup D
inst✝¹⁸ : Module F D
inst✝¹⁷ : Fintype D
inst✝¹⁶ : AddCommGroup D'
inst✝¹⁵ : Module F D'
inst✝¹⁴ : Fintype D'
inst✝¹³ : AddCommGroup C
inst✝¹² : Module F C
inst✝¹¹ : Fintype C
inst✝¹⁰ : AddCommGroup C'
inst✝⁹ : Module F C'
inst✝⁸ : Fintype C'
inst✝⁷ : Fintype (D →ₗ[F] F)
inst✝⁶ : DecidableEq (D →ₗ[F] F)
inst✝⁵ : Fintype (D' →ₗ[F] F)
inst✝⁴ : DecidableEq (D' →ₗ[F] F)
inst✝³ : Fintype (D →ₗ[F] C)
inst✝² : DecidableEq (D →ₗ[F] C)
inst✝¹ : Fintype (D' →ₗ[F] C')
inst✝ : DecidableEq (D' →ₗ[F] C')
eD : D' ≃ₗ[F] D
eC : C' ≃ₗ[F] C
ψ : C →ₗ[F] F
a : ℝ
f : (D →ₗ[F] C) → ℂ
M : D →ₗ[F] C
⊢ (fun M' => f sorry) sorry - ↑a * intrinsicHyperplaneAverage (ψ ∘ₗ ↑eC) (fun M' => f sorry) sorry =
    f M - ↑a * intrinsicHyperplaneAverage ψ f M
error: lean/PvNP/RealizableHardness/ActualTypedIntrinsicHyperplaneNaturality.lean:227:7: Unknown identifier `mapReindexEquiv`

Note: It is not possible to treat `mapReindexEquiv` as an implicitly bound variable here because the `autoImplicit` option is set to `false`.
error: lean/PvNP/RealizableHardness/ActualTypedIntrinsicHyperplaneNaturality.lean:226:21: Unknown identifier `mapReindexEquiv`

Note: It is not possible to treat `mapReindexEquiv` as an implicitly bound variable here because the `autoImplicit` option is set to `false`.
error: lean/PvNP/RealizableHardness/ActualTypedIntrinsicHyperplaneNaturality.lean:230:22: Unknown identifier `mapReindexEquiv`
error: lean/PvNP/RealizableHardness/ActualTypedIntrinsicHyperplaneNaturality.lean:232:10: Unknown identifier `mapReindexEquiv`
error: lean/PvNP/RealizableHardness/ActualTypedIntrinsicHyperplaneNaturality.lean:227:66: unsolved goals
D : Type u_1
D' : Type u_2
C : Type u_3
C' : Type u_4
inst✝¹⁹ : AddCommGroup D
inst✝¹⁸ : Module F D
inst✝¹⁷ : Fintype D
inst✝¹⁶ : AddCommGroup D'
inst✝¹⁵ : Module F D'
inst✝¹⁴ : Fintype D'
inst✝¹³ : AddCommGroup C
inst✝¹² : Module F C
inst✝¹¹ : Fintype C
inst✝¹⁰ : AddCommGroup C'
inst✝⁹ : Module F C'
inst✝⁸ : Fintype C'
inst✝⁷ : Fintype (D →ₗ[F] F)
inst✝⁶ : DecidableEq (D →ₗ[F] F)
inst✝⁵ : Fintype (D' →ₗ[F] F)
inst✝⁴ : DecidableEq (D' →ₗ[F] F)
inst✝³ : Fintype (D →ₗ[F] C)
inst✝² : DecidableEq (D →ₗ[F] C)
inst✝¹ : Fintype (D' →ₗ[F] C')
inst✝ : DecidableEq (D' →ₗ[F] C')
eD : D' ≃ₗ[F] D
eC : C' ≃ₗ[F] C
ψ : C →ₗ[F] F
j : ℕ
f : (D →ₗ[F] C) → ℂ
M : D →ₗ[F] C
⊢ intrinsicHyperplaneIminusE (ψ ∘ₗ ↑eC) (2 ^ (j + 1)) (intrinsicHyperplaneIminusE (ψ ∘ₗ ↑eC) (2 ^ j) fun M' => f sorry)
      sorry =
    intrinsicHyperplaneIminusE ψ (2 ^ (j + 1)) (intrinsicHyperplaneIminusE ψ (2 ^ j) f) M
error: lean/PvNP/RealizableHardness/ActualTypedIntrinsicHyperplaneNaturality.lean:267:7: Unknown identifier `mapReindexEquiv`

Note: It is not possible to treat `mapReindexEquiv` as an implicitly bound variable here because the `autoImplicit` option is set to `false`.
error: lean/PvNP/RealizableHardness/ActualTypedIntrinsicHyperplaneNaturality.lean:266:21: Unknown identifier `mapReindexEquiv`

Note: It is not possible to treat `mapReindexEquiv` as an implicitly bound variable here because the `autoImplicit` option is set to `false`.
error: lean/PvNP/RealizableHardness/ActualTypedIntrinsicHyperplaneNaturality.lean:270:22: Unknown identifier `mapReindexEquiv`
error: lean/PvNP/RealizableHardness/ActualTypedIntrinsicHyperplaneNaturality.lean:271:40: Unknown identifier `mapReindexEquiv`
error: lean/PvNP/RealizableHardness/ActualTypedIntrinsicHyperplaneNaturality.lean:267:79: unsolved goals
D : Type u_1
D' : Type u_2
C : Type u_3
C' : Type u_4
inst✝¹⁹ : AddCommGroup D
inst✝¹⁸ : Module F D
inst✝¹⁷ : Fintype D
inst✝¹⁶ : AddCommGroup D'
inst✝¹⁵ : Module F D'
inst✝¹⁴ : Fintype D'
inst✝¹³ : AddCommGroup C
inst✝¹² : Module F C
inst✝¹¹ : Fintype C
inst✝¹⁰ : AddCommGroup C'
inst✝⁹ : Module F C'
inst✝⁸ : Fintype C'
inst✝⁷ : Fintype (D →ₗ[F] F)
inst✝⁶ : DecidableEq (D →ₗ[F] F)
inst✝⁵ : Fintype (D' →ₗ[F] F)
inst✝⁴ : DecidableEq (D' →ₗ[F] F)
inst✝³ : Fintype (D →ₗ[F] C)
inst✝² : DecidableEq (D →ₗ[F] C)
inst✝¹ : Fintype (D' →ₗ[F] C')
inst✝ : DecidableEq (D' →ₗ[F] C')
eD : D' ≃ₗ[F] D
eC : C' ≃ₗ[F] C
v : D
ψ : C →ₗ[F] F
j k : ℕ
f : (D →ₗ[F] C) → ℂ
M : D →ₗ[F] C
⊢ intrinsicHyperplaneP (ψ ∘ₗ ↑eC) k (fun X => intrinsicLineP (eD.symm v) j (fun M' => f sorry) X) sorry =
    intrinsicHyperplaneP ψ k (fun X => intrinsicLineP v j f X) M
error: lean/PvNP/RealizableHardness/ActualTypedIntrinsicHyperplaneNaturality.lean:326:9: Unknown identifier `mapReindexEquiv`

Note: It is not possible to treat `mapReindexEquiv` as an implicitly bound variable here because the `autoImplicit` option is set to `false`.
error: lean/PvNP/RealizableHardness/ActualTypedIntrinsicHyperplaneNaturality.lean:327:23: Unknown identifier `mapReindexEquiv`

Note: It is not possible to treat `mapReindexEquiv` as an implicitly bound variable here because the `autoImplicit` option is set to `false`.
error: lean/PvNP/RealizableHardness/ActualTypedIntrinsicHyperplaneNaturality.lean:329:10: Unknown identifier `mapReindexEquiv`

Note: It is not possible to treat `mapReindexEquiv` as an implicitly bound variable here because the `autoImplicit` option is set to `false`.
error: lean/PvNP/RealizableHardness/ActualTypedIntrinsicHyperplaneNaturality.lean:330:12: Unknown identifier `mapReindexEquiv`
error: lean/PvNP/RealizableHardness/ActualTypedIntrinsicHyperplaneNaturality.lean:329:45: unsolved goals
D : Type u_1
D' : Type u_2
Q : Type u_3
Q' : Type u_4
C : Type u_5
C' : Type u_6
inst✝²³ : AddCommGroup D
inst✝²² : Module F D
inst✝²¹ : Fintype D
inst✝²⁰ : AddCommGroup D'
inst✝¹⁹ : Module F D'
inst✝¹⁸ : Fintype D'
inst✝¹⁷ : AddCommGroup Q
inst✝¹⁶ : Module F Q
inst✝¹⁵ : AddCommGroup Q'
inst✝¹⁴ : Module F Q'
inst✝¹³ : AddCommGroup C
inst✝¹² : Module F C
inst✝¹¹ : Fintype C
inst✝¹⁰ : AddCommGroup C'
inst✝⁹ : Module F C'
inst✝⁸ : Fintype C'
inst✝⁷ : Fintype (D →ₗ[F] F)
inst✝⁶ : DecidableEq (D →ₗ[F] F)
inst✝⁵ : Fintype (D' →ₗ[F] F)
inst✝⁴ : DecidableEq (D' →ₗ[F] F)
inst✝³ : Fintype (D →ₗ[F] C)
inst✝² : DecidableEq (D →ₗ[F] C)
inst✝¹ : Fintype (D' →ₗ[F] C')
inst✝ : DecidableEq (D' →ₗ[F] C')
eD : D' ≃ₗ[F] D
eQ : Q' ≃ₗ[F] Q
eC : C' ≃ₗ[F] C
v : D
ψ : C →ₗ[F] F
j k : ℕ
q : D →ₗ[F] Q
q' : D' →ₗ[F] Q'
hq : ∀ (x' : D'), eQ (q' x') = q (eD x')
T : D →ₗ[F] C
f : (D →ₗ[F] C) → ℂ
N' : Q' →ₗ[F] C'
⊢ intrinsicReducedMixedLineHyperplaneWitness (eD.symm v) (ψ ∘ₗ ↑eC) j k q' sorry (fun M' => f sorry) N' =
    intrinsicReducedMixedLineHyperplaneWitness v ψ j k q T f sorry
error: lean/PvNP/RealizableHardness/ActualTypedIntrinsicHyperplaneNaturality.lean:363:9: Unknown identifier `mapReindexEquiv`

Note: It is not possible to treat `mapReindexEquiv` as an implicitly bound variable here because the `autoImplicit` option is set to `false`.
error: lean/PvNP/RealizableHardness/ActualTypedIntrinsicHyperplaneNaturality.lean:364:23: Unknown identifier `mapReindexEquiv`

Note: It is not possible to treat `mapReindexEquiv` as an implicitly bound variable here because the `autoImplicit` option is set to `false`.
error: lean/PvNP/RealizableHardness/ActualTypedIntrinsicHyperplaneNaturality.lean:366:10: Unknown identifier `mapReindexEquiv`

Note: It is not possible to treat `mapReindexEquiv` as an implicitly bound variable here because the `autoImplicit` option is set to `false`.
error: lean/PvNP/RealizableHardness/ActualTypedIntrinsicHyperplaneNaturality.lean:367:12: Unknown identifier `mapReindexEquiv`
error: lean/PvNP/RealizableHardness/ActualTypedIntrinsicHyperplaneNaturality.lean:366:45: unsolved goals
D : Type u_1
D' : Type u_2
Q : Type u_3
Q' : Type u_4
C : Type u_5
C' : Type u_6
inst✝²³ : AddCommGroup D
inst✝²² : Module F D
inst✝²¹ : Fintype D
inst✝²⁰ : AddCommGroup D'
inst✝¹⁹ : Module F D'
inst✝¹⁸ : Fintype D'
inst✝¹⁷ : AddCommGroup Q
inst✝¹⁶ : Module F Q
inst✝¹⁵ : AddCommGroup Q'
inst✝¹⁴ : Module F Q'
inst✝¹³ : AddCommGroup C
inst✝¹² : Module F C
inst✝¹¹ : Fintype C
inst✝¹⁰ : AddCommGroup C'
inst✝⁹ : Module F C'
inst✝⁸ : Fintype C'
inst✝⁷ : Fintype (D →ₗ[F] F)
inst✝⁶ : DecidableEq (D →ₗ[F] F)
inst✝⁵ : Fintype (D' →ₗ[F] F)
inst✝⁴ : DecidableEq (D' →ₗ[F] F)
inst✝³ : Fintype (D →ₗ[F] C)
inst✝² : DecidableEq (D →ₗ[F] C)
inst✝¹ : Fintype (D' →ₗ[F] C')
inst✝ : DecidableEq (D' →ₗ[F] C')
eD : D' ≃ₗ[F] D
eQ : Q' ≃ₗ[F] Q
eC : C' ≃ₗ[F] C
ψ : C →ₗ[F] F
j : ℕ
q : D →ₗ[F] Q
q' : D' →ₗ[F] Q'
hq : ∀ (x' : D'), eQ (q' x') = q (eD x')
T : D →ₗ[F] C
f : (D →ₗ[F] C) → ℂ
N' : Q' →ₗ[F] C'
⊢ intrinsicReducedHyperplaneWitness (ψ ∘ₗ ↑eC) j q' sorry (fun M' => f sorry) N' =
    intrinsicReducedHyperplaneWitness ψ j q T f sorry
error: lean/PvNP/RealizableHardness/ActualTypedIntrinsicHyperplaneNaturality.lean:399:9: Unknown identifier `mapReindexEquiv`

Note: It is not possible to treat `mapReindexEquiv` as an implicitly bound variable here because the `autoImplicit` option is set to `false`.
error: lean/PvNP/RealizableHardness/ActualTypedIntrinsicHyperplaneNaturality.lean:401:23: Unknown identifier `mapReindexEquiv`

Note: It is not possible to treat `mapReindexEquiv` as an implicitly bound variable here because the `autoImplicit` option is set to `false`.
error: lean/PvNP/RealizableHardness/ActualTypedIntrinsicHyperplaneNaturality.lean:404:10: Unknown identifier `mapReindexEquiv`

Note: It is not possible to treat `mapReindexEquiv` as an implicitly bound variable here because the `autoImplicit` option is set to `false`.
error: lean/PvNP/RealizableHardness/ActualTypedIntrinsicHyperplaneNaturality.lean:445:9: Unknown identifier `mapReindexEquiv`

Note: It is not possible to treat `mapReindexEquiv` as an implicitly bound variable here because the `autoImplicit` option is set to `false`.
error: lean/PvNP/RealizableHardness/ActualTypedIntrinsicHyperplaneNaturality.lean:447:23: Unknown identifier `mapReindexEquiv`

Note: It is not possible to treat `mapReindexEquiv` as an implicitly bound variable here because the `autoImplicit` option is set to `false`.
error: lean/PvNP/RealizableHardness/ActualTypedIntrinsicHyperplaneNaturality.lean:450:10: Unknown identifier `mapReindexEquiv`

Note: It is not possible to treat `mapReindexEquiv` as an implicitly bound variable here because the `autoImplicit` option is set to `false`.
error: lean/PvNP/RealizableHardness/ActualTypedIntrinsicHyperplaneNaturality.lean:483:4: Type mismatch
  x.property
has type
  ↑x ∈ Submodule.comap B₂.subtype B₁
but is expected to have type
  ↑(nestedCodomainEquiv B₁ B₂ hB) x ∈ H
error: lean/PvNP/RealizableHardness/ActualTypedIntrinsicHyperplaneNaturality.lean:508:6: Type mismatch
  hyperplaneDefiningFunctional B₁ H hH ∘ₗ ↑(nestedCodomainEquiv B₁ B₂ hB)
has type
  { x : ↥B₂ // x ∈ Submodule.comap B₂.subtype B₁ } →ₗ[PvNP.RealizableHardness.BinaryMatrixTypedHyperplaneIntrinsicP.F✝]
    PvNP.RealizableHardness.BinaryMatrixTypedHyperplaneIntrinsicP.F✝
but is expected to have type
  { x : Fin ?m.20 → PvNP.RealizableHardness.BinaryMatrixTypedHyperplaneIntrinsicP.F✝ //
      x ∈ Submodule.comap ?m.37 B₁ } →ₗ[PvNP.RealizableHardness.BinaryMatrixTypedHyperplaneIntrinsicP.F✝]
    PvNP.RealizableHardness.BinaryMatrixTypedHyperplaneIntrinsicP.F✝
error: lean/PvNP/RealizableHardness/ActualTypedIntrinsicHyperplaneNaturality.lean:533:9: Unknown identifier `mapReindexEquiv`

Note: It is not possible to treat `mapReindexEquiv` as an implicitly bound variable here because the `autoImplicit` option is set to `false`.
error: lean/PvNP/RealizableHardness/ActualTypedIntrinsicHyperplaneNaturality.lean:535:23: Unknown identifier `mapReindexEquiv`

Note: It is not possible to treat `mapReindexEquiv` as an implicitly bound variable here because the `autoImplicit` option is set to `false`.
error: lean/PvNP/RealizableHardness/ActualTypedIntrinsicHyperplaneNaturality.lean:539:10: Unknown identifier `mapReindexEquiv`

Note: It is not possible to treat `mapReindexEquiv` as an implicitly bound variable here because the `autoImplicit` option is set to `false`.
error: lean/PvNP/RealizableHardness/ActualTypedIntrinsicHyperplaneNaturality.lean:531:10: (deterministic) timeout at `isDefEq`, maximum number of heartbeats (200000) has been reached

Note: Use `set_option maxHeartbeats <num>` to set the limit.

Hint: Additional diagnostic information may be available using the `set_option diagnostics true` command.
error: lean/PvNP/RealizableHardness/ActualTypedIntrinsicHyperplaneNaturality.lean:568:9: Unknown identifier `mapReindexEquiv`

Note: It is not possible to treat `mapReindexEquiv` as an implicitly bound variable here because the `autoImplicit` option is set to `false`.
error: lean/PvNP/RealizableHardness/ActualTypedIntrinsicHyperplaneNaturality.lean:570:23: Unknown identifier `mapReindexEquiv`

Note: It is not possible to treat `mapReindexEquiv` as an implicitly bound variable here because the `autoImplicit` option is set to `false`.
error: lean/PvNP/RealizableHardness/ActualTypedIntrinsicHyperplaneNaturality.lean:574:10: Unknown identifier `mapReindexEquiv`

Note: It is not possible to treat `mapReindexEquiv` as an implicitly bound variable here because the `autoImplicit` option is set to `false`.
error: lean/PvNP/RealizableHardness/ActualTypedIntrinsicHyperplaneNaturality.lean:566:10: (deterministic) timeout at `isDefEq`, maximum number of heartbeats (200000) has been reached

Note: Use `set_option maxHeartbeats <num>` to set the limit.

Hint: Additional diagnostic information may be available using the `set_option diagnostics true` command.
error: lean/PvNP/RealizableHardness/ActualTypedIntrinsicHyperplaneNaturality.lean:597:2: Type mismatch: After simplification, term
  h
 has type
  f M -
        2 ^ j *
          BinaryMatrixTypedHyperplaneIntrinsicP.intrinsicHyperplaneAverage B (hyperplaneDefiningFunctional B H hH) f M -
      2 ^ (j + 1) *
        BinaryMatrixTypedHyperplaneIntrinsicP.intrinsicHyperplaneAverage B (hyperplaneDefiningFunctional B H hH)
          (fun X =>
            f X -
              2 ^ j *
                BinaryMatrixTypedHyperplaneIntrinsicP.intrinsicHyperplaneAverage B (hyperplaneDefiningFunctional B H hH)
                  f X)
          M =
    typedHyperplaneP B H hH j f M
but is expected to have type
  f M -
        2 ^ j *
          ((∑ p, f (M + p.1.smulRight ↑p.2)) /
            (↑(Fintype.card ((Fin d → F) ⧸ A →ₗ[F] F)) *
              ↑(Fintype.card { w // (hyperplaneDefiningFunctional B H hH) w = 1 }))) -
      2 ^ (j + 1) *
        ((∑ p, f (M + p.1.smulRight ↑p.2) -
            ∑ x,
              2 ^ j *
                ((∑ p, f (M + x.1.smulRight ↑x.2 + p.1.smulRight ↑p.2)) /
                  (↑(Fintype.card ((Fin d → F) ⧸ A →ₗ[F] F)) *
                    ↑(Fintype.card { w // (hyperplaneDefiningFunctional B H hH) w = 1 })))) /
          (↑(Fintype.card ((Fin d → F) ⧸ A →ₗ[F] F)) *
            ↑(Fintype.card { w // (hyperplaneDefiningFunctional B H hH) w = 1 }))) =
    typedHyperplaneP B H hH j f M
error: lean/PvNP/RealizableHardness/ActualTypedIntrinsicHyperplaneNaturality.lean:625:2: Tactic `apply` failed: could not unify the conclusion of `@funext`
  ?f = ?g
with the goal
  BinaryMatrixTypedA15HyperplaneReducedGlobal.typedHyperplaneReducedWitness B H hH T f N =
    intrinsicCodomainHyperplaneWitness (hyperplaneDefiningFunctional B H hH) j H.subtype T f N

Note: The full type of `@funext` is
  ∀ {α : Sort ?u.65} {β : α → Sort ?u.64} {f g : (x : α) → β x}, (∀ (x : α), f x = g x) → f = g

n d j : ℕ
A : Submodule F (Fin d → F)
B : Submodule F (Fin n → F)
H : Submodule F ↥B
hH : Module.finrank F (↥B ⧸ H) = 1
T : (Fin d → F) ⧸ A →ₗ[F] ↥B
f : ((Fin d → F) ⧸ A →ₗ[F] ↥B) → ℂ
N : (Fin d → F) ⧸ A →ₗ[F] ↥H
⊢ BinaryMatrixTypedA15HyperplaneReducedGlobal.typedHyperplaneReducedWitness B H hH T f N =
    intrinsicCodomainHyperplaneWitness (hyperplaneDefiningFunctional B H hH) j H.subtype T f N
error: lean/PvNP/RealizableHardness/ActualTypedIntrinsicHyperplaneNaturality.lean:640:18: Unknown identifier `typedLineP`

Note: It is not possible to treat `typedLineP` as an implicitly bound variable here because the `autoImplicit` option is set to `false`.
error: lean/PvNP/RealizableHardness/ActualTypedIntrinsicHyperplaneNaturality.lean:643:12: Unknown identifier `lineScalarEquiv`

Note: It is not possible to treat `lineScalarEquiv` as an implicitly bound variable here because the `autoImplicit` option is set to `false`.
Some required targets logged failures:
- PvNP.RealizableHardness.ActualTypedIntrinsicHyperplaneNaturality
