lean/PvNP/RealizableHardness/ActualStarDomainDrawEventBridge.lean:40:4: error(lean.invalidField): Invalid field notation: Type of
  (Equiv.cast ?m.31)
    ((upperQuotientEquiv (coordinateCenterGrass center) ?m.44) ((domainDrawExtensionEquiv center h ht hh) D))
is not known; cannot resolve field `val`

Hint: Consider replacing the field projection with a call to one of the following:
  • `AddUnits.val`
  • `Char.val`
  • `DerivedWanted.val`
  • `Fin.val`
  • `Finset.val`
  • `IntermediateField.val`
  • `NonScalar.val`
  • `PNat.val`
  • `Subalgebra.val`
  • `SubalgebraClass.val`
  • `Subtype.val`
  • `Units.val`
  • `ZMod.val`
  • `Array.Mem.val`
  • `Lean.ExprStructEq.val`
  • `NumberField.RingOfIntegers.val`
  • `OrderHom.Subtype.val`
  • `ST.Out.val`
  • `Valuation.IsUniformizer.val`
  • `Valuation.Uniformizer.val`
  • `Vector.Mem.val`
  • `Lean.Doc.Parser.val`
  • `Lean.Doc.WithSyntax.val`
  • `Lean.Elab.FieldInfo.val`
  • `Lean.Language.DynamicSnapshot.val`
  • `Lean.Language.SyntaxGuarded.val`
  • `Lean.Meta.InstanceEntry.val`
  • `Lean.Server.WithRpcRef.val`
  • `Std.Time.Timestamp.val`
  • `Std.Time.WallTime.val`
  • `Batteries.BinomialHeap.Imp.FindMin.val`
  • `Lean.Elab.ComputedFields.Context.val`
  • `Lean.Elab.Term.LetRecToLift.val`
  • `Lean.Elab.Term.NamedArg.val`
  • `Lean.Meta.Match.Example.val`
  • `Lean.Meta.Match.Pattern.val`
  • `Lean.Meta.Sym.BitVecValue.val`
  • `Lean.Meta.Sym.FinValue.val`
  • `Lean.Meta.SynthInstance.Instance.val`
  • `Mathlib.Tactic.Determinant.Cert.val`
  • `Std.Time.Internal.UnitVal.val`
  • `Lean.Meta.Try.Collector.InductionCandidate.val`
  • `Mathlib.Tactic.Ring.Common.Result.val`
  • `Lean.Meta.Grind.Arith.Cutsat.SymbolicBound.val`
lean/PvNP/RealizableHardness/ActualStarDomainDrawEventBridge.lean:58:44: error: unsolved goals
N m J t : ℕ
I : ActualOccurrenceAllocation.Instance N m
center : QuestionCenter I J t
h : ℕ
ht : t ≤ 2 * h
hh : h ≤ J
D : DomainDraw center h
U : Grass (↥(questionCoordinateSpace center)) (J + t) := coordinateCenterGrass center
hdim : 2 * h - t = J + 2 * h - (J + t)
eRank : Grass (CenterQuotient center) (2 * h - t) ≃
  Grass (↥(questionCoordinateSpace center) ⧸ ↑U) (J + 2 * h - (J + t)) :=
  Equiv.cast ⋯
⊢ (Equiv.cast ⋯).symm
      ((upperQuotientEquiv U ⋯)
        ((upperQuotientEquiv (coordinateCenterGrass center) ⋯).symm (cast ⋯ ((domainDrawEquiv center h ht hh) D)))) =
    (domainDrawEquiv center h ht hh) D
lean/PvNP/RealizableHardness/ActualStarDomainDrawEventBridge.lean:41:17: warning: This simp argument is unused:
  CenterQuotient

Hint: Omit it from the simp argument list.
  [apply] simp only [coordinateCenterGrass]

Note: This linter can be disabled with `set_option linter.unusedSimpArgs false`
lean/PvNP/RealizableHardness/ActualStarDomainDrawEventBridge.lean:60:6: warning: This simp argument is unused:
  Equiv.apply_symm_apply

Hint: Omit it from the simp argument list.
  [apply] simp [eRank, domainDrawExtensionEquiv, Equiv.trans_apply]

Note: This linter can be disabled with `set_option linter.unusedSimpArgs false`
lean/PvNP/RealizableHardness/ActualStarDomainDrawEventBridge.lean:98:14: warning: `Set.mem_setOf_eq` has been deprecated: Use `Set.mem_ofPred_eq` instead
lean/PvNP/RealizableHardness/ActualStarDomainDrawEventBridge.lean:99:6: error: Tactic `rewrite` failed: Did not find an occurrence of the pattern
  jointIncrementSpan ⟨coordinateCenterGrass center, leaves⟩
in the target expression
  draws ∈
      {x |
        (domainDrawTupleExtensionEquiv center h m ht hh) x ∈
          {Ls |
            ¬Module.finrank (ZMod 2) ↥(jointIncrementSpan ⟨coordinateCenterGrass center, Ls⟩) =
                m * (J + 2 * h - (J + t))}} ↔
    Module.finrank (ZMod 2) ↥(domainDrawJointImage center h ht hh draws) ≠ m * (2 * h - t)

N m J t : ℕ
I : ActualOccurrenceAllocation.Instance N m
center : QuestionCenter I J t
h : ℕ
ht : t ≤ 2 * h
hh : h ≤ J
inst✝³ : Finite ↥(questionCoordinateSpace center)
inst✝² : Finite (CenterQuotient center)
inst✝¹ : Fintype (Fin m → DomainDraw center h)
inst✝ : Fintype (Fin m → Extension (coordinateCenterGrass center) (J + 2 * h))
draws : Fin m → DomainDraw center h
U : Grass (↥(questionCoordinateSpace center)) (J + t) := coordinateCenterGrass center
leaves : Fin m → Extension (coordinateCenterGrass center) (J + 2 * h) :=
  (domainDrawTupleExtensionEquiv center h m ht hh) draws
hspan : jointIncrementSpan ⟨coordinateCenterGrass center, leaves⟩ = domainDrawJointImage center h ht hh draws
hdim : J + 2 * h - (J + t) = 2 * h - t
⊢ draws ∈
      {x |
        (domainDrawTupleExtensionEquiv center h m ht hh) x ∈
          {Ls |
            ¬Module.finrank (ZMod 2) ↥(jointIncrementSpan ⟨coordinateCenterGrass center, Ls⟩) =
                m * (J + 2 * h - (J + t))}} ↔
    Module.finrank (ZMod 2) ↥(domainDrawJointImage center h ht hh draws) ≠ m * (2 * h - t)

Note: The target expression is not type-correct under the `implicit` transparency level, which may have triggered the failure. This is usually caused by unfolding of semireducible definitions in prior tactic steps. Use `set_option linter.tacticCheckInstances true` to investigate the source of the issue.
Full error:
  Application type mismatch: The argument
    coordinateCenterGrass center
  has type
    Grass (↥(questionCoordinateSpace center)) (J + t)
  but is expected to have type
    { Q // Module.finrank (ZMod 2) ↥Q = J + t }
  in the application
    ↑(coordinateCenterGrass center)
lean/PvNP/RealizableHardness/ActualStarDomainDrawEventBridge.lean:97:28: warning: This simp argument is unused:
  Finset.mem_filter

Hint: Omit it from the simp argument list.
  [apply] simp only [preimageEvent, Finset.mem_univ, true_and, Set.mem_setOf_eq, fixedCenterBadEvent, jointlyDirect]

Note: This linter can be disabled with `set_option linter.unusedSimpArgs false`
lean/PvNP/RealizableHardness/ActualStarDomainDrawEventBridge.lean:97:47: warning: This simp argument is unused:
  Finset.mem_univ

Hint: Omit it from the simp argument list.
  [apply] simp only [preimageEvent, Finset.mem_filter, true_and, Set.mem_setOf_eq, fixedCenterBadEvent, jointlyDirect]

Note: This linter can be disabled with `set_option linter.unusedSimpArgs false`
lean/PvNP/RealizableHardness/ActualStarDomainDrawEventBridge.lean:98:4: warning: This simp argument is unused:
  true_and

Hint: Omit it from the simp argument list.
  [apply] simp only [preimageEvent, Finset.mem_filter, Finset.mem_univ, Set.mem_setOf_eq, fixedCenterBadEvent,
    jointlyDirect]

Note: This linter can be disabled with `set_option linter.unusedSimpArgs false`
lean/PvNP/RealizableHardness/ActualStarDomainDrawEventBridge.lean:98:14: warning: This simp argument is unused:
  Set.mem_setOf_eq

Hint: Omit it from the simp argument list.
  [apply] simp only [preimageEvent, Finset.mem_filter, Finset.mem_univ, true_and, fixedCenterBadEvent, jointlyDirect]

Note: This linter can be disabled with `set_option linter.unusedSimpArgs false`
