⚠ [862/863] Built PvNP.RealizableHardness.ActualStarRelationCount (1.9s)
warning: lean/PvNP/RealizableHardness/ActualStarRelationCount.lean:58:4: try 'simp' instead of 'simpa'

Note: This linter can be disabled with `set_option linter.unnecessarySimpa false`
ℹ [863/863] Built PvNP.RealizableHardness.ActualStarRelationCountChecks (1.5s)
info: lean/PvNP/RealizableHardness/ActualStarRelationCountChecks.lean:5:0: PvNP.RealizableHardness.ActualStarRelationCount.NonzeroTuple.{u_1} {A : Type u_1} [AddCommGroup A] (n : ℕ) : Type u_1
info: lean/PvNP/RealizableHardness/ActualStarRelationCountChecks.lean:6:0: PvNP.RealizableHardness.ActualStarRelationCount.NonzeroRelation.{u_1} {A : Type u_1} [AddCommGroup A] (n : ℕ) : Type u_1
info: lean/PvNP/RealizableHardness/ActualStarRelationCountChecks.lean:7:0: PvNP.RealizableHardness.ActualStarRelationCount.nonzeroTuple_card.{u_2} {A : Type u_2} [AddCommGroup A] [Fintype A]
  (n : ℕ) : Fintype.card (ActualStarRelationCount.NonzeroTuple n) = (Fintype.card A - 1) ^ n
info: lean/PvNP/RealizableHardness/ActualStarRelationCountChecks.lean:8:0: PvNP.RealizableHardness.ActualStarRelationCount.nonzeroRelation_card_le_tail.{u_2} {A : Type u_2} [AddCommGroup A]
  [Fintype A] (n : ℕ) :
  Fintype.card (ActualStarRelationCount.NonzeroRelation (n + 1)) ≤ Fintype.card (ActualStarRelationCount.NonzeroTuple n)
info: lean/PvNP/RealizableHardness/ActualStarRelationCountChecks.lean:9:0: PvNP.RealizableHardness.ActualStarRelationCount.nonzeroRelation_card_le_power.{u_2} {A : Type u_2} [AddCommGroup A]
  [Fintype A] (n : ℕ) : Fintype.card (ActualStarRelationCount.NonzeroRelation (n + 1)) ≤ (Fintype.card A - 1) ^ n
info: lean/PvNP/RealizableHardness/ActualStarRelationCountChecks.lean:10:0: 'PvNP.RealizableHardness.ActualStarRelationCount.nonzeroRelation_card_le_tail' depends on axioms: [propext,
 Classical.choice,
 Quot.sound]
info: lean/PvNP/RealizableHardness/ActualStarRelationCountChecks.lean:11:0: 'PvNP.RealizableHardness.ActualStarRelationCount.nonzeroTuple_card' depends on axioms: [propext,
 Classical.choice,
 Quot.sound]
info: lean/PvNP/RealizableHardness/ActualStarRelationCountChecks.lean:12:0: 'PvNP.RealizableHardness.ActualStarRelationCount.nonzeroRelation_card_le_power' depends on axioms: [propext,
 Classical.choice,
 Quot.sound]
Build completed successfully (863 jobs).
