LOCAL_MANIFEST_VERIFICATION=PASS
01_preflight.log: OK
02_bundle_verify.log: OK
03_checkout_setup.log: OK
04_checkout_metadata.log: OK
05_direct_main.log: OK
05_direct_main.rc: OK
06_direct_checks.log: OK
06_direct_checks.rc: OK
07_combined_forced_build.log: OK
07_combined_forced_build.rc: OK
08_replay_main.log: OK
08_replay_main.rc: OK
09_replay_checks.log: OK
09_replay_checks.rc: OK
10_olean_hashes.log: OK
11_signatures_axioms.log: OK
12_forbidden_shortcuts.log: OK
13_replay_log_diff.log: OK
16_anchored_errors.log: OK
ActualStarRelationCount.lean: OK
ActualStarRelationCountChecks.lean: OK
OUTCOME.txt: OK
accepted-complete-history.bundle: OK
direct-olean/PvNP/RealizableHardness/ActualStarRelationCount.olean: OK
direct-olean/PvNP/RealizableHardness/ActualStarRelationCountChecks.olean: OK
driver.sh: OK
replay-olean/PvNP/RealizableHardness/ActualStarRelationCount.olean: OK
replay-olean/PvNP/RealizableHardness/ActualStarRelationCountChecks.olean: OK
