C:\Users\Dan\Desktop\Projects\realizable-cmmsa-hardness\lean\PvNP\RealizableHardness\ActualSelectedComplementAnalyticMoment.lean:25:48: error(lean.unknownIdentifier): Unknown constant `Nat.IsPow2`
C:\Users\Dan\Desktop\Projects\realizable-cmmsa-hardness\lean\PvNP\RealizableHardness\ActualSelectedComplementAnalyticMoment.lean:34:5: warning: Variable name `basisInv` is not explicitly referenced.

Hint: The binding can be removed (if unused) or named `_` (if used implicitly). Alternatively, prefix the name with `_` to silence this warning:
  [apply] _basisInv

Note: This linter can be disabled with `set_option linter.unusedVariables false`
C:\Users\Dan\Desktop\Projects\realizable-cmmsa-hardness\lean\PvNP\RealizableHardness\ActualSelectedComplementAnalyticMoment.lean:36:5: warning: Variable name `hEven` is not explicitly referenced.

Hint: The binding can be removed (if unused) or named `_` (if used implicitly). Alternatively, prefix the name with `_` to silence this warning:
  [apply] _hEven

Note: This linter can be disabled with `set_option linter.unusedVariables false`
C:\Users\Dan\Desktop\Projects\realizable-cmmsa-hardness\lean\PvNP\RealizableHardness\ActualSelectedComplementAnalyticMoment.lean:36:29: warning: Variable name `hi` is not explicitly referenced.

Hint: The binding can be removed (if unused) or named `_` (if used implicitly). Alternatively, prefix the name with `_` to silence this warning:
  [apply] _hi

Note: This linter can be disabled with `set_option linter.unusedVariables false`
C:\Users\Dan\Desktop\Projects\realizable-cmmsa-hardness\lean\PvNP\RealizableHardness\ActualSelectedComplementAnalyticMoment.lean:37:5: warning: Variable name `hRho` is not explicitly referenced.

Hint: The binding can be removed (if unused) or named `_` (if used implicitly). Alternatively, prefix the name with `_` to silence this warning:
  [apply] _hRho

Note: This linter can be disabled with `set_option linter.unusedVariables false`
C:\Users\Dan\Desktop\Projects\realizable-cmmsa-hardness\lean\PvNP\RealizableHardness\ActualSelectedComplementAnalyticMoment.lean:38:5: warning: Variable name `hHeight` is not explicitly referenced.

Hint: The binding can be removed (if unused) or named `_` (if used implicitly). Alternatively, prefix the name with `_` to silence this warning:
  [apply] _hHeight

Note: This linter can be disabled with `set_option linter.unusedVariables false`
C:\Users\Dan\Desktop\Projects\realizable-cmmsa-hardness\lean\PvNP\RealizableHardness\ActualSelectedComplementAnalyticMoment.lean:38:23: warning: Variable name `hIntegralSplit` is not explicitly referenced.

Hint: The binding can be removed (if unused) or named `_` (if used implicitly). Alternatively, prefix the name with `_` to silence this warning:
  [apply] _hIntegralSplit

Note: This linter can be disabled with `set_option linter.unusedVariables false`
C:\Users\Dan\Desktop\Projects\realizable-cmmsa-hardness\lean\PvNP\RealizableHardness\ActualSelectedComplementAnalyticMoment.lean:48:37: error(lean.unknownIdentifier): Unknown identifier `rankImageBoolean`
C:\Users\Dan\Desktop\Projects\realizable-cmmsa-hardness\lean\PvNP\RealizableHardness\ActualSelectedComplementAnalyticMoment.lean:53:31: error(lean.unknownIdentifier): Unknown identifier `rankImageBoolean`
C:\Users\Dan\Desktop\Projects\realizable-cmmsa-hardness\lean\PvNP\RealizableHardness\ActualSelectedComplementAnalyticMoment.lean:81:19: error(lean.unknownIdentifier): Unknown identifier `rankImageBoolean`

Note: It is not possible to treat `rankImageBoolean` as an implicitly bound variable here because the `autoImplicit` option is set to `false`.
C:\Users\Dan\Desktop\Projects\realizable-cmmsa-hardness\lean\PvNP\RealizableHardness\ActualSelectedComplementAnalyticMoment.lean:83:24: error(lean.unknownIdentifier): Unknown identifier `rankImageBoolean`

Note: It is not possible to treat `rankImageBoolean` as an implicitly bound variable here because the `autoImplicit` option is set to `false`.
C:\Users\Dan\Desktop\Projects\realizable-cmmsa-hardness\lean\PvNP\RealizableHardness\ActualSelectedComplementAnalyticMoment.lean:97:6: error: Tactic `rewrite` failed: Did not find an occurrence of the pattern
  (∑ i ∈ ?s, ?f i) * ?a
in the target expression
  (∑ M, (fun M => (∑ i ∈ S, appendAverage (rankProjection i F) M) ^ 2) M) / ↑(Fintype.card (BinaryMatrix n c)) =
    ∑ i ∈ S, (∑ M, (fun M => appendAverage (rankProjection i F) M ^ 2) M) / ↑(Fintype.card (BinaryMatrix n c))

n c s : ℕ
S : Finset ℕ
F : BinaryMatrix n (c + s) → ℝ
⊢ (∑ M, (fun M => (∑ i ∈ S, appendAverage (rankProjection i F) M) ^ 2) M) / ↑(Fintype.card (BinaryMatrix n c)) =
    ∑ i ∈ S, (∑ M, (fun M => appendAverage (rankProjection i F) M ^ 2) M) / ↑(Fintype.card (BinaryMatrix n c))
