C:\Users\Dan\Desktop\Projects\realizable-cmmsa-hardness\docs\native-receipts\ActualSelectedComplementAnalyticMoment\runtime-prebuild\local-native-own357\src\PvNP\RealizableHardness\ActualBinaryMatrixHC46DR6SignMoments.lean:90:5: warning: Variable name `f` is not explicitly referenced.

Hint: The binding can be removed (if unused) or named `_` (if used implicitly). Alternatively, prefix the name with `_` to silence this warning:
  [apply] _f

Note: This linter can be disabled with `set_option linter.unusedVariables false`
C:\Users\Dan\Desktop\Projects\realizable-cmmsa-hardness\docs\native-receipts\ActualSelectedComplementAnalyticMoment\runtime-prebuild\local-native-own357\src\PvNP\RealizableHardness\ActualBinaryMatrixHC46DR6SignMoments.lean:157:16: warning: `if_pos` has been deprecated: Use `ite_eq_left` instead
C:\Users\Dan\Desktop\Projects\realizable-cmmsa-hardness\docs\native-receipts\ActualSelectedComplementAnalyticMoment\runtime-prebuild\local-native-own357\src\PvNP\RealizableHardness\ActualBinaryMatrixHC46DR6SignMoments.lean:198:6: warning: try 'simp' instead of 'simpa'

Note: This linter can be disabled with `set_option linter.unnecessarySimpa false`
C:\Users\Dan\Desktop\Projects\realizable-cmmsa-hardness\docs\native-receipts\ActualSelectedComplementAnalyticMoment\runtime-prebuild\local-native-own357\src\PvNP\RealizableHardness\ActualBinaryMatrixHC46DR6SignMoments.lean:144:35: warning: This simp argument is unused:
  dr6ActualSupportedDirectPair

Hint: Omit it from the simp argument list.
  [apply] simp [dr6ActualPhiCoefficientMass, dr6ActualPhiRowEnergy, dr6ActualPhiCoefficient, pred, weight,
    Fintype.sum_prod_type, Complex.normSq_eq_norm_sq]

Note: This linter can be disabled with `set_option linter.unusedSimpArgs false`
C:\Users\Dan\Desktop\Projects\realizable-cmmsa-hardness\docs\native-receipts\ActualSelectedComplementAnalyticMoment\runtime-prebuild\local-native-own357\src\PvNP\RealizableHardness\ActualBinaryMatrixHC46DR6SignMoments.lean:235:8: warning: This simp argument is unused:
  mul_assoc

Hint: Omit it from the simp argument list.
  [apply] simp [dr6ActualPhiCoefficientMass, pow_two, Fintype.sum_mul_sum]

Note: This linter can be disabled with `set_option linter.unusedSimpArgs false`
C:\Users\Dan\Desktop\Projects\realizable-cmmsa-hardness\docs\native-receipts\ActualSelectedComplementAnalyticMoment\runtime-prebuild\local-native-own357\src\PvNP\RealizableHardness\ActualBinaryMatrixHC46DR6SignMoments.lean:261:8: warning: `if_pos` has been deprecated: Use `ite_eq_left` instead
C:\Users\Dan\Desktop\Projects\realizable-cmmsa-hardness\docs\native-receipts\ActualSelectedComplementAnalyticMoment\runtime-prebuild\local-native-own357\src\PvNP\RealizableHardness\ActualBinaryMatrixHC46DR6SignMoments.lean:265:8: warning: `if_pos` has been deprecated: Use `ite_eq_left` instead
C:\Users\Dan\Desktop\Projects\realizable-cmmsa-hardness\docs\native-receipts\ActualSelectedComplementAnalyticMoment\runtime-prebuild\local-native-own357\src\PvNP\RealizableHardness\ActualBinaryMatrixHC46DR6SignMoments.lean:402:12: warning: `if_pos` has been deprecated: Use `ite_eq_left` instead
C:\Users\Dan\Desktop\Projects\realizable-cmmsa-hardness\docs\native-receipts\ActualSelectedComplementAnalyticMoment\runtime-prebuild\local-native-own357\src\PvNP\RealizableHardness\ActualBinaryMatrixHC46DR6SignMoments.lean:407:12: warning: `if_pos` has been deprecated: Use `ite_eq_left` instead
C:\Users\Dan\Desktop\Projects\realizable-cmmsa-hardness\docs\native-receipts\ActualSelectedComplementAnalyticMoment\runtime-prebuild\local-native-own357\src\PvNP\RealizableHardness\ActualBinaryMatrixHC46DR6SignMoments.lean:415:4: error: No goals to be solved
C:\Users\Dan\Desktop\Projects\realizable-cmmsa-hardness\docs\native-receipts\ActualSelectedComplementAnalyticMoment\runtime-prebuild\local-native-own357\src\PvNP\RealizableHardness\ActualBinaryMatrixHC46DR6SignMoments.lean:380:59: error: unsolved goals
case neg
n d D : ℕ
f : BinaryMatrix n d → ℂ
X : BinaryMatrix n d
hsupport : ComplexFourierSupportedThrough D f
p : dr6ActualF1Pairs X
hY : (↑p).1 = (dr6ChooseF1ABC p).1 + (dr6ChooseF1ABC p).2.2
hZ : (↑p).2 = (dr6ChooseF1ABC p).2.1 + (dr6ChooseF1ABC p).2.2
hX : X = (dr6ChooseF1ABC p).1 + (dr6ChooseF1ABC p).2.1
hAB :
  (Matrix.toLin' (Matrix.transpose (dr6ChooseF1ABC p).1)).range ⊓
      (Matrix.toLin' (Matrix.transpose (dr6ChooseF1ABC p).2.1)).range =
    ⊥
hAC :
  (Matrix.toLin' (Matrix.transpose (dr6ChooseF1ABC p).1)).range ⊓
      (Matrix.toLin' (Matrix.transpose (dr6ChooseF1ABC p).2.2)).range =
    ⊥
hBC :
  (Matrix.toLin' (Matrix.transpose (dr6ChooseF1ABC p).2.1)).range ⊓
      (Matrix.toLin' (Matrix.transpose (dr6ChooseF1ABC p).2.2)).range =
    ⊥
hYr : Matrix.rank (dr6ChooseF1ABC p).1 + Matrix.rank (dr6ChooseF1ABC p).2.2 = Matrix.rank (↑p).1
hZr : Matrix.rank (dr6ChooseF1ABC p).2.1 + Matrix.rank (dr6ChooseF1ABC p).2.2 = Matrix.rank (↑p).2
hXr : Matrix.rank X = Matrix.rank (dr6ChooseF1ABC p).1 + Matrix.rank (dr6ChooseF1ABC p).2.1
hYr' :
  Matrix.rank ((dr6ChooseF1ABC p).1 + (dr6ChooseF1ABC p).2.2) =
    Matrix.rank (dr6ChooseF1ABC p).1 + Matrix.rank (dr6ChooseF1ABC p).2.2
hZr' :
  Matrix.rank ((dr6ChooseF1ABC p).2.1 + (dr6ChooseF1ABC p).2.2) =
    Matrix.rank (dr6ChooseF1ABC p).2.1 + Matrix.rank (dr6ChooseF1ABC p).2.2
hYcut : ¬Matrix.rank (↑p).1 ≤ D
⊢ ‖complexFourierCoeff f (↑p).1‖ * ‖complexFourierCoeff f (↑p).2‖ ≤
    dr6ActualPhiCoefficient f (dr6ChooseF1ABC p).1 (dr6ChooseF1ABC p).2.2 *
      dr6ActualPhiCoefficient f (dr6ChooseF1ABC p).2.1 (dr6ChooseF1ABC p).2.2
C:\Users\Dan\Desktop\Projects\realizable-cmmsa-hardness\docs\native-receipts\ActualSelectedComplementAnalyticMoment\runtime-prebuild\local-native-own357\src\PvNP\RealizableHardness\ActualBinaryMatrixHC46DR6SignMoments.lean:684:14: error: Tactic `rewrite` failed: Did not find an occurrence of the pattern
  ∑ x, ?f x
in the target expression
  ∑ A, ∑ B, dr6ActualPhiGram f A B ^ 2 ≤ dr6ActualPhiCoefficientMass f ^ 2

n d D : ℕ
f : BinaryMatrix n d → ℂ
hsupport : ComplexFourierSupportedThrough D f
H : (X : BinaryMatrix n d) → DR6DirectYDecomposition X → ℝ := fun X p => dr6ActualPhiGram f (↑p).1 (↑p).2
hpoint :
  ∀ (X : BinaryMatrix n d),
    (∑ p, ‖complexFourierCoeff f (↑p).1‖ * ‖complexFourierCoeff f (↑p).2‖) ^ 2 ≤ 2 ^ (4 * D * D) * ∑ p, H X p ^ 2
hsumPoint :
  ∑ X, (∑ p, ‖complexFourierCoeff f (↑p).1‖ * ‖complexFourierCoeff f (↑p).2‖) ^ 2 ≤
    2 ^ (4 * D * D) * ∑ X, ∑ p, H X p ^ 2
Q : Type := (X : BinaryMatrix n d) × DR6DirectYDecomposition X
e : Q → BinaryMatrix n d × BinaryMatrix n d := fun q => ↑q.snd
he : Function.Injective e
hSigma : ∑ q, H q.fst q.snd ^ 2 = ∑ X, ∑ p, H X p ^ 2
haggregate : ∑ X, ∑ p, H X p ^ 2 ≤ ∑ q, dr6ActualPhiGram f q.1 q.2 ^ 2
hFrob : ∑ A, ∑ B, dr6ActualPhiGram f A B ^ 2 ≤ dr6ActualPhiCoefficientMass f ^ 2
⊢ 2 ^ (4 * D * D) * ∑ q, dr6ActualPhiGram f q.1 q.2 ^ 2 ≤ 2 ^ (4 * D * D) * dr6ActualPhiCoefficientMass f ^ 2
C:\Users\Dan\Desktop\Projects\realizable-cmmsa-hardness\docs\native-receipts\ActualSelectedComplementAnalyticMoment\runtime-prebuild\local-native-own357\src\PvNP\RealizableHardness\ActualBinaryMatrixHC46DR6SignMoments.lean:716:12: warning: Used `tac1 <;> tac2` where `(tac1; tac2)` would suffice

Note: This linter can be disabled with `set_option linter.unnecessarySeqFocus false`
