⚠ [3048/3049] Replayed PvNP.RealizableHardness.ActualBinaryMatrixHC46A18Conditioning
warning: lean/PvNP/RealizableHardness/ActualBinaryMatrixHC46A18Conditioning.lean:57:4: Unused tactic linter: `change dualRestriction A (φ.1 - φ₀) = 0` does nothing

Note: This linter can be disabled with `set_option linter.unusedTactic false`
warning: lean/PvNP/RealizableHardness/ActualBinaryMatrixHC46A18Conditioning.lean:60:4: Unused tactic linter: `change dualRestriction A (δ.1 + φ₀) = ψ` does nothing

Note: This linter can be disabled with `set_option linter.unusedTactic false`
warning: lean/PvNP/RealizableHardness/ActualBinaryMatrixHC46A18Conditioning.lean:110:4: Unused tactic linter: `change dualRestrictionAt A w (φ.1 - φ₀) = 0` does nothing

Note: This linter can be disabled with `set_option linter.unusedTactic false`
warning: lean/PvNP/RealizableHardness/ActualBinaryMatrixHC46A18Conditioning.lean:113:4: Unused tactic linter: `change dualRestrictionAt A w (δ.1 + φ₀) = z` does nothing

Note: This linter can be disabled with `set_option linter.unusedTactic false`
✖ [3049/3049] Building PvNP.RealizableHardness.ActualBinaryMatrixHC46A18QuotientSamplingLaw (33s)
trace: .> LEAN_PATH=/home/dfredriksen_quantyra_org/cmmsa_analytic_20260930T040837Z/.lake/packages/Cli/.lake/build/lib/lean:/home/dfredriksen_quantyra_org/cmmsa_analytic_20260930T040837Z/.lake/packages/batteries/.lake/build/lib/lean:/home/dfredriksen_quantyra_org/cmmsa_analytic_20260930T040837Z/.lake/packages/Qq/.lake/build/lib/lean:/home/dfredriksen_quantyra_org/cmmsa_analytic_20260930T040837Z/.lake/packages/aesop/.lake/build/lib/lean:/home/dfredriksen_quantyra_org/cmmsa_analytic_20260930T040837Z/.lake/packages/proofwidgets/.lake/build/lib/lean:/home/dfredriksen_quantyra_org/cmmsa_analytic_20260930T040837Z/.lake/packages/importGraph/.lake/build/lib/lean:/home/dfredriksen_quantyra_org/cmmsa_analytic_20260930T040837Z/.lake/packages/LeanSearchClient/.lake/build/lib/lean:/home/dfredriksen_quantyra_org/cmmsa_analytic_20260930T040837Z/.lake/packages/plausible/.lake/build/lib/lean:/home/dfredriksen_quantyra_org/cmmsa_analytic_20260930T040837Z/.lake/packages/complexitylib/.lake/build/lib/lean:/home/dfredriksen_quantyra_org/cmmsa_analytic_20260930T040837Z/.lake/packages/mathlib/.lake/build/lib/lean:/home/dfredriksen_quantyra_org/cmmsa_analytic_20260930T040837Z/.lake/packages/cslib/.lake/build/lib/lean:/home/dfredriksen_quantyra_org/cmmsa_analytic_20260930T040837Z/.lake/build/lib/lean /home/dfredriksen_quantyra_org/.elan/toolchains/leanprover--lean4---v4.34.0-rc2/bin/lean /home/dfredriksen_quantyra_org/cmmsa_analytic_20260930T040837Z/lean/PvNP/RealizableHardness/ActualBinaryMatrixHC46A18QuotientSamplingLaw.lean -o /home/dfredriksen_quantyra_org/cmmsa_analytic_20260930T040837Z/.lake/build/lib/lean/PvNP/RealizableHardness/ActualBinaryMatrixHC46A18QuotientSamplingLaw.olean -i /home/dfredriksen_quantyra_org/cmmsa_analytic_20260930T040837Z/.lake/build/lib/lean/PvNP/RealizableHardness/ActualBinaryMatrixHC46A18QuotientSamplingLaw.ilean -c /home/dfredriksen_quantyra_org/cmmsa_analytic_20260930T040837Z/.lake/build/ir/PvNP/RealizableHardness/ActualBinaryMatrixHC46A18QuotientSamplingLaw.c --setup /home/dfredriksen_quantyra_org/cmmsa_analytic_20260930T040837Z/.lake/build/ir/PvNP/RealizableHardness/ActualBinaryMatrixHC46A18QuotientSamplingLaw.setup.json --json
error: lean/PvNP/RealizableHardness/ActualBinaryMatrixHC46A18QuotientSamplingLaw.lean:36:7: Unknown constant `Submodule.Quotient.factor`
error: lean/PvNP/RealizableHardness/ActualBinaryMatrixHC46A18QuotientSamplingLaw.lean:42:13: Unknown constant `Submodule.Quotient.mkQ`
error: lean/PvNP/RealizableHardness/ActualBinaryMatrixHC46A18QuotientSamplingLaw.lean:43:6: Unknown constant `Submodule.Quotient.ker_mapQ`
error: lean/PvNP/RealizableHardness/ActualBinaryMatrixHC46A18QuotientSamplingLaw.lean:42:74: unsolved goals
K : Type u_1
X : Type u_2
inst✝² : Field K
inst✝¹ : AddCommGroup X
inst✝ : Module K X
A : Submodule K X
phi : ↥A →ₗ[K] K
⊢ sorry.ker = Submodule.map sorry A
error: lean/PvNP/RealizableHardness/ActualBinaryMatrixHC46A18QuotientSamplingLaw.lean:50:11: Unknown constant `Submodule.Quotient.mkQ`
error: lean/PvNP/RealizableHardness/ActualBinaryMatrixHC46A18QuotientSamplingLaw.lean:52:10: Unknown constant `Submodule.Quotient.mkQ`
error: lean/PvNP/RealizableHardness/ActualBinaryMatrixHC46A18QuotientSamplingLaw.lean:84:7: Unknown constant `Submodule.Quotient.factor`
error: lean/PvNP/RealizableHardness/ActualBinaryMatrixHC46A18QuotientSamplingLaw.lean:91:10: Unknown constant `Submodule.Quotient.mkQ`
error: lean/PvNP/RealizableHardness/ActualBinaryMatrixHC46A18QuotientSamplingLaw.lean:93:6: Unknown identifier `quotient_factor_kernel_eq_image`
error: lean/PvNP/RealizableHardness/ActualBinaryMatrixHC46A18QuotientSamplingLaw.lean:92:67: unsolved goals
K : Type u_1
X : Type u_2
inst✝² : Field K
inst✝¹ : AddCommGroup X
inst✝ : Module K X
A : Submodule K X
phi : ↥A →ₗ[K] K
v : ↥A
hv : phi v = 1
⊢ sorry.ker = K ∙ sorry
error: lean/PvNP/RealizableHardness/ActualBinaryMatrixHC46A18QuotientSamplingLaw.lean:103:17: Unknown constant `Submodule.Quotient.factor`
error: lean/PvNP/RealizableHardness/ActualBinaryMatrixHC46A18QuotientSamplingLaw.lean:112:14: Unknown constant `Submodule.Quotient.mkQ`
error: lean/PvNP/RealizableHardness/ActualBinaryMatrixHC46A18QuotientSamplingLaw.lean:114:10: Unknown constant `Submodule.Quotient.mkQ`
error: lean/PvNP/RealizableHardness/ActualBinaryMatrixHC46A18QuotientSamplingLaw.lean:109:8: Invalid field notation: Type of
  q
is not known; cannot resolve field `comp`

Hint: Consider replacing the field projection with a call to one of the following:
  • `AbsoluteValue.comp`
  • `AddActionHom.comp`
  • `AddGroupSeminorm.comp`
  • `AddHom.comp`
  • `AddMonoidHom.comp`
  • `AffineMap.comp`
  • `AlgHom.comp`
  • `AlgebraicIndependent.comp`
  • `AntilipschitzWith.comp`
  • `Antitone.comp`
  • `AntitoneOn.comp`
  • `ApplicativeTransformation.comp`
  • `BiheytingHom.comp`
  • `BotHom.comp`
  • `BoundedContinuousFunction.comp`
  • `BoundedLatticeHom.comp`
  • `BoundedOrderHom.comp`
  • `CoheytingHom.comp`
  • `CompTriple.comp`
  • `CompleteLatticeHom.comp`
  • `ConcaveOn.comp`
  • `Continuous.comp`
  • `ContinuousAddMonoidHom.comp`
  • `ContinuousAlgHom.comp`
  • `ContinuousAt.comp`
  • `ContinuousLinearMap.comp`
  • `ContinuousMap.comp`
  • `ContinuousMonoidHom.comp`
  • `ContinuousOn.comp`
  • `ContinuousWithinAt.comp`
  • `ConvexOn.comp`
  • `DenseRange.comp`
  • `Dilation.comp`
  • `DistribMulActionHom.comp`
  • `Equicontinuous.comp`
  • `EquicontinuousAt.comp`
  • `EquicontinuousOn.comp`
  • `EquicontinuousWithinAt.comp`
  • `FrameHom.comp`
  • `Function.comp`
  • `GeneralizingMap.comp`
  • `GroupSeminorm.comp`
  • `HasOpenCGraph.comp`
  • `HasOpenLowerSections.comp`
  • `HasOpenLowerSectionsOn.comp`
  • `HeytingHom.comp`
  • `InfHom.comp`
  • `InfTopHom.comp`
  • `IsBaseChange.comp`
  • `IsClosedMap.comp`
  • `IsDvdSequence.comp`
  • `IsHomeomorph.comp`
  • `IsOpenMap.comp`
  • `IsOpenQuotientMap.comp`
  • `IsProperMap.comp`
  • `IsSpectralMap.comp`
  • `IsUniformEmbedding.comp`
  • `IsUniformInducing.comp`
  • `Isometry.comp`
  • `LatticeHom.comp`
  • `LeftOrdContinuous.comp`
  • `LinearIndependent.comp`
  • `LinearIsometry.comp`
  • `LinearMap.comp`
  • `LinearPMap.comp`
  • `LipschitzOnWith.comp`
  • `LipschitzWith.comp`
  • `LocallyBoundedMap.comp`
  • `LocallyLipschitz.comp`
  • `LowerHemicontinuous.comp`
  • `LowerHemicontinuousAt.comp`
  • `LowerHemicontinuousOn.comp`
  • `LowerHemicontinuousWithinAt.comp`
  • `LowerSemicontinuous.comp`
  • `LowerSemicontinuousAt.comp`
  • `LowerSemicontinuousOn.comp`
  • `LowerSemicontinuousWithinAt.comp`
  • `Matrix.comp`
  • `MonoidHom.comp`
  • `MonoidWithZeroHom.comp`
  • `Monotone.comp`
  • `MonotoneOn.comp`
  • `MulActionHom.comp`
  • `MulDistribMulActionHom.comp`
  • `MulHom.comp`
  • `MulSemiringActionHom.comp`
  • `NonUnitalAlgHom.comp`
  • `NonUnitalRingHom.comp`
  • `NonUnitalStarAlgHom.comp`
  • `NonUnitalStarRingHom.comp`
  • `NormedAddGroupHom.comp`
  • `OneHom.comp`
  • `OrderAddMonoidHom.comp`
  • `OrderEmbedding.comp`
  • `OrderHom.comp`
  • `OrderMonoidHom.comp`
  • `OrderMonoidWithZeroHom.comp`
  • `OrderRingHom.comp`
  • `Polynomial.comp`
  • `PolynomialModule.comp`
  • `Prefunctor.comp`
  • `RelHom.comp`
  • `RightOrdContinuous.comp`
  • `RingHom.comp`
  • `RingHomSurjective.comp`
  • `SMul.comp`
  • `ScottContinuous.comp`
  • `ScottContinuousOn.comp`
  • `Semicontinuous.comp`
  • `SemicontinuousAt.comp`
  • `SemicontinuousOn.comp`
  • `SemicontinuousWithinAt.comp`
  • `Seminorm.comp`
  • `SeminormFamily.comp`
  • `SetRel.comp`
  • `SpecializingMap.comp`
  • `SpectralMap.comp`
  • `StarAlgHom.comp`
  • `StarMonoidHom.comp`
  • `StrictAnti.comp`
  • `StrictAntiOn.comp`
  • `StrictConcaveOn.comp`
  • `StrictConvexOn.comp`
  • `StrictMono.comp`
  • `StrictMonoOn.comp`
  • `SupBotHom.comp`
  • `SupHom.comp`
  • `TendstoLocallyUniformly.comp`
  • `TendstoLocallyUniformlyOn.comp`
  • `TendstoUniformly.comp`
  • `TendstoUniformlyOn.comp`
  • `TendstoUniformlyOnFilter.comp`
  • `TopHom.comp`
  • `UniformCauchySeqOn.comp`
  • `UniformCauchySeqOnFilter.comp`
  • `UniformContinuous.comp`
  • `UniformContinuousOn.comp`
  • `UniformContinuous₂.comp`
  • `UniformEquicontinuous.comp`
  • `UniformEquicontinuousOn.comp`
  • `UniformSpace.comp`
  • `UpperHemicontinuous.comp`
  • `UpperHemicontinuousAt.comp`
  • `UpperHemicontinuousOn.comp`
  • `UpperHemicontinuousWithinAt.comp`
  • `UpperSemicontinuous.comp`
  • `UpperSemicontinuousAt.comp`
  • `UpperSemicontinuousOn.comp`
  • `UpperSemicontinuousWithinAt.comp`
  • `VAdd.comp`
  • `ZeroHom.comp`
  • `iSupIndep.comp`
  • `sInfHom.comp`
  • `sSupHom.comp`
  • `Aesop.GoalDiff.comp`
  • `AlgHom.Finite.comp`
  • `AlgHom.FinitePresentation.comp`
  • `AlgHom.FiniteType.comp`
  • `Algebra.EssFiniteType.comp`
  • `CategoryTheory.Adjunction.comp`
  • `CategoryTheory.CategoryStruct.comp`
  • `CategoryTheory.Functor.comp`
  • `CategoryTheory.FunctorToTypes.comp`
  • `CategoryTheory.Grothendieck.comp`
  • `CategoryTheory.LaxFunctor.comp`
  • `CategoryTheory.MorphismProperty.comp`
  • `CategoryTheory.OplaxFunctor.comp`
  • `CategoryTheory.PrelaxFunctor.comp`
  • `CategoryTheory.PrelaxFunctorStruct.comp`
  • `CategoryTheory.Pseudofunctor.comp`
  • `CategoryTheory.SplitEpi.comp`
  • `CategoryTheory.SplitMono.comp`
  • `Filter.EventuallyConst.comp`
  • `Filter.IsBoundedUnder.comp`
  • `Filter.Tendsto.comp`
  • `Filter.TendstoCofinite.comp`
  • `FreeAddGroup.map.comp`
  • `FreeGroup.map.comp`
  • `Function.Bijective.comp`
  • `Function.HasFiniteMulSupport.comp`
  • `Function.HasFiniteSupport.comp`
  • `Function.Injective.comp`
  • `Function.IsFixedPt.comp`
  • `Function.IsPartialInv.comp`
  • `Function.IsPeriodicPt.comp`
  • `Function.LeftInverse.comp`
  • `Function.Periodic.comp`
  • `Function.RightInverse.comp`
  • `Function.Semiconj₂.comp`
  • `Function.Surjective.comp`
  • `LinearMap.BilinForm.comp`
  • `LinearMap.IsAdjointPair.comp`
  • `Matrix.BlockTriangular.comp`
  • `MonoidHom.CompTriple.comp`
  • `MulChar.IsQuadratic.comp`
  • `NormedAddGroupHom.NormNoninc.comp`
  • `OmegaCompletePartialOrder.ContinuousHom.comp`
  • `OmegaCompletePartialOrder.ωScottContinuous.comp`
  • `Order.IsNormal.comp`
  • `Ordinal.IsFundamentalSeq.comp`
  • `Plausible.TotalFunction.comp`
  • `Polynomial.Monic.comp`
  • `Quiver.Path.comp`
  • `RingHom.Finite.comp`
  • `RingHom.FinitePresentation.comp`
  • `RingHom.FiniteType.comp`
  • `RingHom.SurjectiveOnStalks.comp`
  • `Set.BijOn.comp`
  • `Set.InjOn.comp`
  • `Set.InvOn.comp`
  • `Set.LeftInvOn.comp`
  • `Set.MapsTo.comp`
  • `Set.RightInvOn.comp`
  • `Set.SurjOn.comp`
  • `SetRel.IsRefl.comp`
  • `Topology.IsClosedEmbedding.comp`
  • `Topology.IsCoinducing.comp`
  • `Topology.IsEmbedding.comp`
  • `Topology.IsInducing.comp`
  • `Topology.IsOpenEmbedding.comp`
  • `Topology.IsQuotientMap.comp`
  • `TypeCat.Fun.comp`
  • `UniformSpace.Core.comp`
  • `CategoryTheory.FreeBicategory.Hom.comp`
  • `CategoryTheory.FreeMonoidalCategory.Hom.comp`
  • `CategoryTheory.FreeMonoidalCategory.HomEquiv.comp`
  • `CategoryTheory.Functor.Faithful.comp`
  • `CategoryTheory.Functor.Full.comp`
  • `CategoryTheory.Functor.FullyFaithful.comp`
  • `CategoryTheory.Functor.LaxMonoidal.comp`
  • `CategoryTheory.Functor.OplaxMonoidal.comp`
  • `CategoryTheory.Limits.HasImageMap.comp`
  • `CategoryTheory.Limits.WalkingParallelPairHom.comp`
  • `Module.End.invtSubmodule.comp`
  • `CategoryTheory.Comonad.Coalgebra.Hom.comp`
  • `CategoryTheory.FreeMonoidalCategory.HomEquiv.below.comp`
  • `CategoryTheory.Monad.Algebra.Hom.comp`
  • `Mathlib.Meta.FunProp.DecompositionResult.comp`
  • `Mathlib.Meta.FunProp.LambdaTheoremArgs.comp`
  • `Mathlib.Meta.FunProp.LambdaTheoremType.comp`
  • `Mathlib.Meta.FunProp.TheoremForm.comp`
  • `Mathlib.Tactic.BicategoryLike.Mor₁.comp`
  • `Mathlib.Tactic.BicategoryLike.Mor₂.comp`
  • `Mathlib.Tactic.BicategoryLike.Mor₂Iso.comp`
  • `Mathlib.Tactic.Coherence.LiftHom.comp`
  • `Tactic.ComputeAsymptotics.Seq.FriendlyOperation.comp`
  • `Tactic.ComputeAsymptotics.Seq.FriendlyOperationClass.comp`
  • `Tactic.ComputeAsymptotics.MultiseriesExpansion.Multiseries.FriendlyOperation.comp`
  • `Tactic.ComputeAsymptotics.MultiseriesExpansion.Multiseries.FriendlyOperationClass.comp`
error: lean/PvNP/RealizableHardness/ActualBinaryMatrixHC46A18QuotientSamplingLaw.lean:110:8: Function expected at
  q
but this term has type
  ?m.167 s phi₀

Note: Expected a function because this term is being applied to the argument
  (Submodule.Quotient.mkQ (functionalKernelInAmbient A phi) (v : X))
error: lean/PvNP/RealizableHardness/ActualBinaryMatrixHC46A18QuotientSamplingLaw.lean:113:20: Function expected at
  q
but this term has type
  ?m.167 s phi₀

Note: Expected a function because this term is being applied to the argument
  x
error: lean/PvNP/RealizableHardness/ActualBinaryMatrixHC46A18QuotientSamplingLaw.lean:111:18: Application type mismatch: The argument
  s
has type
  X ⧸ functionalKernelInAmbient A phi →ₗ[K] X ⧸ A
but is expected to have type
  ?m.180 s phi₀ →ₛₗ[?m.183 s phi₀] X ⧸ functionalKernelInAmbient A phi
in the application
  phi₀ ∘ₛₗ s
error: lean/PvNP/RealizableHardness/ActualBinaryMatrixHC46A18QuotientSamplingLaw.lean:149:9: Unknown constant `Submodule.Quotient.mkQ`
error: lean/PvNP/RealizableHardness/ActualBinaryMatrixHC46A18QuotientSamplingLaw.lean:148:10: Function expected at
  spanExtensionSubmodule
but this term has type
  ?m.7

Note: Expected a function because this term is being applied to the argument
  B

Hint: The identifier `spanExtensionSubmodule` is unknown, and Lean's `autoImplicit` option causes an unknown identifier to be treated as an implicitly bound variable with an unknown type. However, the unknown type cannot be a function, and a function is what Lean expects here. This is often the result of a typo or a missing `import` or `open` statement.
error: lean/PvNP/RealizableHardness/ActualBinaryMatrixHC46A18QuotientSamplingLaw.lean:155:4: Unknown constant `Submodule.Quotient.factor`
error: lean/PvNP/RealizableHardness/ActualBinaryMatrixHC46A18QuotientSamplingLaw.lean:160:4: Unknown identifier `quotientSectionCoordinates_of_restricted_functional`
error: lean/PvNP/RealizableHardness/ActualBinaryMatrixHC46A18QuotientSamplingLaw.lean:266:55: unexpected identifier; expected '⟩'
error: lean/PvNP/RealizableHardness/ActualBinaryMatrixHC46A18QuotientSamplingLaw.lean:263:4: Fields missing: `map_add'`, `map_smul'`
error: lean/PvNP/RealizableHardness/ActualBinaryMatrixHC46A18QuotientSamplingLaw.lean:258:52: unsolved goals
K : Type u_1
X : Type u_2
X' : Type u_3
inst✝⁴ : Field K
inst✝³ : AddCommGroup X
inst✝² : Module K X
inst✝¹ : AddCommGroup X'
inst✝ : Module K X'
q : X' →ₗ[K] X
v : X'
hq : Function.Surjective ⇑q
hker : q.ker = K ∙ v
hv : v ≠ 0
Kq : Submodule K X' := q.ker
hker' : Kq = K ∙ v
eVmap : K →ₗ[K] ↥Kq := { toFun := fun a => ⟨a • v, ⋯⟩, map_add' := ⋯, map_smul' := ⋯ }
⊢ ∃ s phi₀, q ∘ₗ s = LinearMap.id ∧ q v = 0 ∧ phi₀ ∘ₗ s = 0 ∧ phi₀ v = 1 ∧ ∀ (x : X'), x = s (q x) + phi₀ x • v
error: lean/PvNP/RealizableHardness/ActualBinaryMatrixHC46A18QuotientSamplingLaw.lean:380:36: failed to synthesize instance of type class
  AddCommMonoid B

Hint: Type class instance resolution failures can be inspected with the `set_option trace.Meta.synthInstance true` command.
error: lean/PvNP/RealizableHardness/ActualBinaryMatrixHC46A18QuotientSamplingLaw.lean:381:4: failed to synthesize instance of type class
  AddCommMonoid (B × K)

Hint: Type class instance resolution failures can be inspected with the `set_option trace.Meta.synthInstance true` command.
error: lean/PvNP/RealizableHardness/ActualBinaryMatrixHC46A18QuotientSamplingLaw.lean:393:55: unexpected identifier; expected '⟩'
error: lean/PvNP/RealizableHardness/ActualBinaryMatrixHC46A18QuotientSamplingLaw.lean:388:18: Function expected at
  spanExtensionSubmodule
but this term has type
  ?m.7

Note: Expected a function because this term is being applied to the argument
  B

Hint: The identifier `spanExtensionSubmodule` is unknown, and Lean's `autoImplicit` option causes an unknown identifier to be treated as an implicitly bound variable with an unknown type. However, the unknown type cannot be a function, and a function is what Lean expects here. This is often the result of a typo or a missing `import` or `open` statement.
error: lean/PvNP/RealizableHardness/ActualBinaryMatrixHC46A18QuotientSamplingLaw.lean:405:33: Function expected at
  spanExtensionSubmodule
but this term has type
  ?m.7

Note: Expected a function because this term is being applied to the argument
  B

Hint: The identifier `spanExtensionSubmodule` is unknown, and Lean's `autoImplicit` option causes an unknown identifier to be treated as an implicitly bound variable with an unknown type. However, the unknown type cannot be a function, and a function is what Lean expects here. This is often the result of a typo or a missing `import` or `open` statement.
error: lean/PvNP/RealizableHardness/ActualBinaryMatrixHC46A18QuotientSamplingLaw.lean:406:27: Unknown identifier `expandedCodomainCoordinateMap`
error: lean/PvNP/RealizableHardness/ActualBinaryMatrixHC46A18QuotientSamplingLaw.lean:409:35: Function expected at
  spanExtensionSubmodule
but this term has type
  x✝

Note: Expected a function because this term is being applied to the argument
  B
error: lean/PvNP/RealizableHardness/ActualBinaryMatrixHC46A18QuotientSamplingLaw.lean:434:19: Function expected at
  spanExtensionSubmodule
but this term has type
  ?m.7

Note: Expected a function because this term is being applied to the argument
  B

Hint: The identifier `spanExtensionSubmodule` is unknown, and Lean's `autoImplicit` option causes an unknown identifier to be treated as an implicitly bound variable with an unknown type. However, the unknown type cannot be a function, and a function is what Lean expects here. This is often the result of a typo or a missing `import` or `open` statement.
error: lean/PvNP/RealizableHardness/ActualBinaryMatrixHC46A18QuotientSamplingLaw.lean:435:3: Unknown identifier `expandedCodomainReconstructionEquiv`
error: lean/PvNP/RealizableHardness/ActualBinaryMatrixHC46A18QuotientSamplingLaw.lean:440:4: Function expected at
  expandedCodomainCoordinateEquiv
but this term has type
  ?m.7

Note: Expected a function because this term is being applied to the argument
  B

Hint: The identifier `expandedCodomainCoordinateEquiv` is unknown, and Lean's `autoImplicit` option causes an unknown identifier to be treated as an implicitly bound variable with an unknown type. However, the unknown type cannot be a function, and a function is what Lean expects here. This is often the result of a typo or a missing `import` or `open` statement.
error: lean/PvNP/RealizableHardness/ActualBinaryMatrixHC46A18QuotientSamplingLaw.lean:443:11: Unknown identifier `expandedCodomainReconstructionEquiv`
error: lean/PvNP/RealizableHardness/ActualBinaryMatrixHC46A18QuotientSamplingLaw.lean:442:67: unsolved goals
K : Type u_1
W : Type u_4
inst✝² : Field K
inst✝¹ : AddCommGroup W
inst✝ : Module K W
x✝ : Sort u_5
expandedCodomainCoordinateEquiv : x✝
B : Submodule K W
w : W
hw : w ∉ B
⊢ sorry = (0, 1)
error: lean/PvNP/RealizableHardness/ActualBinaryMatrixHC46A18QuotientSamplingLaw.lean:456:49: failed to synthesize instance of type class
  AddCommMonoid (B × K)

Hint: Type class instance resolution failures can be inspected with the `set_option trace.Meta.synthInstance true` command.
error: lean/PvNP/RealizableHardness/ActualBinaryMatrixHC46A18QuotientSamplingLaw.lean:457:24: failed to synthesize instance of type class
  AddCommMonoid B

Hint: Type class instance resolution failures can be inspected with the `set_option trace.Meta.synthInstance true` command.
error: lean/PvNP/RealizableHardness/ActualBinaryMatrixHC46A18QuotientSamplingLaw.lean:459:5: failed to synthesize instance of type class
  AddCommMonoid B

Hint: Type class instance resolution failures can be inspected with the `set_option trace.Meta.synthInstance true` command.
error: lean/PvNP/RealizableHardness/ActualBinaryMatrixHC46A18QuotientSamplingLaw.lean:461:5: failed to synthesize instance of type class
  AddCommMonoid B

Hint: Type class instance resolution failures can be inspected with the `set_option trace.Meta.synthInstance true` command.
error: lean/PvNP/RealizableHardness/ActualBinaryMatrixHC46A18QuotientSamplingLaw.lean:465:32: failed to synthesize instance of type class
  AddCommMonoid (B × K)

Hint: Type class instance resolution failures can be inspected with the `set_option trace.Meta.synthInstance true` command.
error: lean/PvNP/RealizableHardness/ActualBinaryMatrixHC46A18QuotientSamplingLaw.lean:468:7: failed to synthesize instance of type class
  AddCommMonoid B

Hint: Type class instance resolution failures can be inspected with the `set_option trace.Meta.synthInstance true` command.
error: lean/PvNP/RealizableHardness/ActualBinaryMatrixHC46A18QuotientSamplingLaw.lean:470:14: unsolved goals
K : Type u_1
X : Type u_2
X' : Type u_3
W : Type u_4
inst✝⁶ : Field K
inst✝⁵ : AddCommGroup X
inst✝⁴ : Module K X
inst✝³ : AddCommGroup X'
inst✝² : Module K X'
inst✝¹ : AddCommGroup W
inst✝ : Module K W
B : Type ?u.93
eD : X' ≃ₗ[K] X × K
eC : sorry
v : X'
w : W
hDv : eD v = (0, 1)
hCw : sorry = (0, 1)
p : sorry × (X →ₗ[K] K)
⊢ { N // N v = w }
error: lean/PvNP/RealizableHardness/ActualBinaryMatrixHC46A18QuotientSamplingLaw.lean:480:16: unsolved goals
K : Type u_1
X : Type u_2
X' : Type u_3
W : Type u_4
inst✝⁶ : Field K
inst✝⁵ : AddCommGroup X
inst✝⁴ : Module K X
inst✝³ : AddCommGroup X'
inst✝² : Module K X'
inst✝¹ : AddCommGroup W
inst✝ : Module K W
B : Type ?u.93
eD : X' ≃ₗ[K] X × K
eC : sorry
v : X'
w : W
hDv : eD v = (0, 1)
hCw : sorry = (0, 1)
N : { N // N v = w }
z : X'
⊢ ↑((fun p => sorry) ((fun N => coordinatesOfMap eD eC ↑N) N)) z = ↑N z
error: lean/PvNP/RealizableHardness/ActualBinaryMatrixHC46A18QuotientSamplingLaw.lean:514:4: unsolved goals
case snd
K : Type u_1
X : Type u_2
X' : Type u_3
W : Type u_4
inst✝⁶ : Field K
inst✝⁵ : AddCommGroup X
inst✝⁴ : Module K X
inst✝³ : AddCommGroup X'
inst✝² : Module K X'
inst✝¹ : AddCommGroup W
inst✝ : Module K W
B : Type ?u.93
eD : X' ≃ₗ[K] X × K
eC : sorry
v : X'
w : W
hDv : eD v = (0, 1)
hCw : sorry = (0, 1)
p : sorry × (X →ₗ[K] K)
x : X
⊢ (sorry eD eC ↑sorry).2 x = p.2 x
warning: lean/PvNP/RealizableHardness/ActualBinaryMatrixHC46A18QuotientSamplingLaw.lean:516:12: declaration uses `sorry`
warning: lean/PvNP/RealizableHardness/ActualBinaryMatrixHC46A18QuotientSamplingLaw.lean:516:30: declaration uses `sorry`
warning: lean/PvNP/RealizableHardness/ActualBinaryMatrixHC46A18QuotientSamplingLaw.lean:516:30: This simp argument is unused:
  productMapFromCoordinates

Hint: Omit it from the simp argument list.
  [apply] simp [coordinatesOfMap, LinearMap.comp_apply]

Note: This linter can be disabled with `set_option linter.unusedSimpArgs false`
warning: lean/PvNP/RealizableHardness/ActualBinaryMatrixHC46A18QuotientSamplingLaw.lean:517:8: This simp argument is unused:
  LinearMap.comp_apply

Hint: Omit it from the simp argument list.
  [apply] simp [coordinatesOfMap, productMapFromCoordinates]

Note: This linter can be disabled with `set_option linter.unusedSimpArgs false`
error: lean/PvNP/RealizableHardness/ActualBinaryMatrixHC46A18QuotientSamplingLaw.lean:529:18: Function expected at
  spanExtensionSubmodule
but this term has type
  ?m.7

Note: Expected a function because this term is being applied to the argument
  B

Hint: The identifier `spanExtensionSubmodule` is unknown, and Lean's `autoImplicit` option causes an unknown identifier to be treated as an implicitly bound variable with an unknown type. However, the unknown type cannot be a function, and a function is what Lean expects here. This is often the result of a typo or a missing `import` or `open` statement.
error: lean/PvNP/RealizableHardness/ActualBinaryMatrixHC46A18QuotientSamplingLaw.lean:534:12: Unknown identifier `expandedCodomainCoordinateEquiv`
error: lean/PvNP/RealizableHardness/ActualBinaryMatrixHC46A18QuotientSamplingLaw.lean:532:35: unsolved goals
K : Type u_1
X : Type u_2
X' : Type u_3
W : Type u_4
inst✝⁶ : Field K
inst✝⁵ : AddCommGroup X
inst✝⁴ : Module K X
inst✝³ : AddCommGroup X'
inst✝² : Module K X'
inst✝¹ : AddCommGroup W
inst✝ : Module K W
x✝ : Sort ?u.22
spanExtensionSubmodule : x✝
B : Submodule K W
w : W
hw : w ∉ B
q : X' →ₗ[K] X
s : X →ₗ[K] X'
phi₀ : X' →ₗ[K] K
v : X'
hdecomp : ∀ (x : X'), x = s (q x) + phi₀ x • v
hqs : q ∘ₗ s = LinearMap.id
hqv : q v = 0
hphiS : phi₀ ∘ₗ s = 0
hphiV : phi₀ v = 1
eD : X' ≃ₗ[K] X × K := quotientSectionCoordinateEquiv q s phi₀ v hdecomp hqs hqv hphiS hphiV
⊢ { N // N v = sorry } ≃ (X →ₗ[K] ↥B) × (X →ₗ[K] K)
error: lean/PvNP/RealizableHardness/ActualBinaryMatrixHC46A18QuotientSamplingLaw.lean:553:5: Function expected at
  spanExtensionSubmodule
but this term has type
  ?m.7

Note: Expected a function because this term is being applied to the argument
  B

Hint: The identifier `spanExtensionSubmodule` is unknown, and Lean's `autoImplicit` option causes an unknown identifier to be treated as an implicitly bound variable with an unknown type. However, the unknown type cannot be a function, and a function is what Lean expects here. This is often the result of a typo or a missing `import` or `open` statement.
error: lean/PvNP/RealizableHardness/ActualBinaryMatrixHC46A18QuotientSamplingLaw.lean:557:12: Unknown identifier `expandedCodomainCoordinateEquiv`
error: lean/PvNP/RealizableHardness/ActualBinaryMatrixHC46A18QuotientSamplingLaw.lean:555:69: unsolved goals
K : Type u_1
X : Type u_2
X' : Type u_3
W : Type u_4
inst✝⁶ : Field K
inst✝⁵ : AddCommGroup X
inst✝⁴ : Module K X
inst✝³ : AddCommGroup X'
inst✝² : Module K X'
inst✝¹ : AddCommGroup W
inst✝ : Module K W
x✝ : Sort u_5
spanExtensionSubmodule : x✝
B : Submodule K W
w : W
hw : w ∉ B
q : X' →ₗ[K] X
s : X →ₗ[K] X'
phi₀ : X' →ₗ[K] K
v : X'
hdecomp : ∀ (x : X'), x = s (q x) + phi₀ x • v
hqs : q ∘ₗ s = LinearMap.id
hqv : q v = 0
hphiS : phi₀ ∘ₗ s = 0
hphiV : phi₀ v = 1
R : X →ₗ[K] ↥B
lambda : X →ₗ[K] K
eD : X' ≃ₗ[K] X × K := quotientSectionCoordinateEquiv q s phi₀ v hdecomp hqs hqv hphiS hphiV
⊢ sorry = quotientSampleOutput B q phi₀ R lambda w
error: lean/PvNP/RealizableHardness/ActualBinaryMatrixHC46A18QuotientSamplingLaw.lean:634:13: Unknown constant `Submodule.Quotient.mkQ`
error: lean/PvNP/RealizableHardness/ActualBinaryMatrixHC46A18QuotientSamplingLaw.lean:639:15: Unknown constant `Submodule.Quotient.mkQ`
error: lean/PvNP/RealizableHardness/ActualBinaryMatrixHC46A18QuotientSamplingLaw.lean:633:14: Function expected at
  spanExtensionSubmodule
but this term has type
  ?m.7

Note: Expected a function because this term is being applied to the argument
  B

Hint: The identifier `spanExtensionSubmodule` is unknown, and Lean's `autoImplicit` option causes an unknown identifier to be treated as an implicitly bound variable with an unknown type. However, the unknown type cannot be a function, and a function is what Lean expects here. This is often the result of a typo or a missing `import` or `open` statement.
error: lean/PvNP/RealizableHardness/ActualBinaryMatrixHC46A18QuotientSamplingLaw.lean:638:16: Function expected at
  spanExtensionSubmodule
but this term has type
  ?m.7

Note: Expected a function because this term is being applied to the argument
  B

Hint: The identifier `spanExtensionSubmodule` is unknown, and Lean's `autoImplicit` option causes an unknown identifier to be treated as an implicitly bound variable with an unknown type. However, the unknown type cannot be a function, and a function is what Lean expects here. This is often the result of a typo or a missing `import` or `open` statement.
error: lean/PvNP/RealizableHardness/ActualBinaryMatrixHC46A18QuotientSamplingLaw.lean:643:12: Function expected at
  restrictedFunctionalAppendSamplingEquiv
but this term has type
  ?m.8

Note: Expected a function because this term is being applied to the argument
  A

Hint: The identifier `restrictedFunctionalAppendSamplingEquiv` is unknown, and Lean's `autoImplicit` option causes an unknown identifier to be treated as an implicitly bound variable with an unknown type. However, the unknown type cannot be a function, and a function is what Lean expects here. This is often the result of a typo or a missing `import` or `open` statement.
error: lean/PvNP/RealizableHardness/ActualBinaryMatrixHC46A18QuotientSamplingLaw.lean:646:5: Function expected at
  restrictedFunctionalAppendSamplingEquiv
but this term has type
  x✝

Note: Expected a function because this term is being applied to the argument
  A
error: lean/PvNP/RealizableHardness/ActualBinaryMatrixHC46A18QuotientSamplingLaw.lean:648:0: Unexpected name `PvNP.RealizableHardness.ActualBinaryMatrixHC46A18QuotientSamplingLaw` after `end`: The current section is unnamed

Hint: Delete the name `PvNP.RealizableHardness.ActualBinaryMatrixHC46A18QuotientSamplingLaw` to end the current unnamed scope; outer named scopes can then be closed using additional `end` command(s):
  end ̵P̵v̵N̵P̵.̵R̵e̵a̵l̵i̵z̵a̵b̵l̵e̵H̵a̵r̵d̵n̵e̵s̵s̵.̵A̵c̵t̵u̵a̵l̵B̵i̵n̵a̵r̵y̵M̵a̵t̵r̵i̵x̵H̵C̵4̵6̵A̵1̵8̵Q̵u̵o̵t̵i̵e̵n̵t̵S̵a̵m̵p̵l̵i̵n̵g̵L̵a̵w̵
Some required targets logged failures:
- PvNP.RealizableHardness.ActualBinaryMatrixHC46A18QuotientSamplingLaw
