⚠ [2203/2222] Replayed PvNP.RealizableHardness.BinaryMatrixFourier
warning: lean/PvNP/RealizableHardness/BinaryMatrixFourier.lean:126:8: `if_pos` has been deprecated: Use `ite_eq_left` instead
warning: lean/PvNP/RealizableHardness/BinaryMatrixFourier.lean:132:8: `if_neg` has been deprecated: Use `ite_eq_right` instead
⚠ [2205/2222] Replayed PvNP.RealizableHardness.BinaryMatrixHybridSelector
warning: lean/PvNP/RealizableHardness/BinaryMatrixHybridSelector.lean:71:8: `if_pos` has been deprecated: Use `ite_eq_left` instead
warning: lean/PvNP/RealizableHardness/BinaryMatrixHybridSelector.lean:90:8: `if_neg` has been deprecated: Use `ite_eq_right` instead
⚠ [2207/2222] Replayed PvNP.RealizableHardness.BinaryMatrixLineTranslation
warning: lean/PvNP/RealizableHardness/BinaryMatrixLineTranslation.lean:243:4: try 'simp' instead of 'simpa'

Note: This linter can be disabled with `set_option linter.unnecessarySimpa false`
warning: lean/PvNP/RealizableHardness/BinaryMatrixLineTranslation.lean:315:8: `if_neg` has been deprecated: Use `ite_eq_right` instead
warning: lean/PvNP/RealizableHardness/BinaryMatrixLineTranslation.lean:407:15: `if_neg` has been deprecated: Use `ite_eq_right` instead
warning: lean/PvNP/RealizableHardness/BinaryMatrixLineTranslation.lean:433:41: This simp argument is unused:
  s

Hint: Omit it from the simp argument list.
  [apply] simp [hs, hr]

Note: This linter can be disabled with `set_option linter.unusedSimpArgs false`
warning: lean/PvNP/RealizableHardness/BinaryMatrixLineTranslation.lean:555:15: `if_neg` has been deprecated: Use `ite_eq_right` instead
warning: lean/PvNP/RealizableHardness/BinaryMatrixLineTranslation.lean:592:57: This simp argument is unused:
  mul_assoc

Hint: Omit it from the simp argument list.
  [apply] simp [hr, hs]

Note: This linter can be disabled with `set_option linter.unusedSimpArgs false`
⚠ [2208/2222] Replayed PvNP.RealizableHardness.BinaryMatrixLineA14
warning: lean/PvNP/RealizableHardness/BinaryMatrixLineA14.lean:88:8: `if_pos` has been deprecated: Use `ite_eq_left` instead
warning: lean/PvNP/RealizableHardness/BinaryMatrixLineA14.lean:97:8: `if_neg` has been deprecated: Use `ite_eq_right` instead
⚠ [2219/2222] Replayed PvNP.RealizableHardness.BinaryMatrixComplexA15
warning: lean/PvNP/RealizableHardness/BinaryMatrixComplexA15.lean:35:4: Unused tactic linter: `change fibreEnergy R.fibre f ≤ ε` does nothing

Note: This linter can be disabled with `set_option linter.unusedTactic false`
warning: lean/PvNP/RealizableHardness/BinaryMatrixComplexA15.lean:46:2: Unused tactic linter: `change fibreEnergy Q.fibre f ≤ ε` does nothing

Note: This linter can be disabled with `set_option linter.unusedTactic false`
warning: lean/PvNP/RealizableHardness/BinaryMatrixComplexA15.lean:184:24: This simp argument is unused:
  zero_add

Hint: Omit it from the simp argument list.
  [apply] simp only [Complex.normSq_apply, Complex.sub_re, Complex.sub_im, Complex.mul_re, Complex.mul_im,
    Complex.ofReal_re, Complex.ofReal_im, zero_mul, sub_zero, mul_zero]

Note: This linter can be disabled with `set_option linter.unusedSimpArgs false`
warning: lean/PvNP/RealizableHardness/BinaryMatrixComplexA15.lean:184:34: This simp argument is unused:
  mul_zero

Hint: Omit it from the simp argument list.
  [apply] simp only [Complex.normSq_apply, Complex.sub_re, Complex.sub_im, Complex.mul_re, Complex.mul_im,
    Complex.ofReal_re, Complex.ofReal_im, zero_mul, sub_zero, zero_add]

Note: This linter can be disabled with `set_option linter.unusedSimpArgs false`
⚠ [2221/2222] Replayed PvNP.RealizableHardness.ActualAffineRestrictionComposition
warning: lean/PvNP/RealizableHardness/ActualAffineRestrictionComposition.lean:19:41: Variable name `hbase` is not explicitly referenced.

Hint: The binding can be removed (if unused) or named `_` (if used implicitly). Alternatively, prefix the name with `_` to silence this warning:
  [apply] _hbase

Note: This linter can be disabled with `set_option linter.unusedVariables false`
warning: lean/PvNP/RealizableHardness/ActualAffineRestrictionComposition.lean:159:5: Variable name `hT` is not explicitly referenced.

Hint: The binding can be removed (if unused) or named `_` (if used implicitly). Alternatively, prefix the name with `_` to silence this warning:
  [apply] _hT

Note: This linter can be disabled with `set_option linter.unusedVariables false`
ℹ [2222/2222] Built PvNP.RealizableHardness.ActualAffineRestrictionCompositionChecks (2.1s)
info: lean/PvNP/RealizableHardness/ActualAffineRestrictionCompositionChecks.lean:8:0: PvNP.RealizableHardness.ActualAffineRestrictionComposition.composeActualRestriction {n d : ℕ}
  (Q P : ActualAffineRestriction n d) (hbase : Q.base = P.base) : ActualAffineRestriction n d
info: lean/PvNP/RealizableHardness/ActualAffineRestrictionCompositionChecks.lean:9:0: PvNP.RealizableHardness.ActualAffineRestrictionComposition.composeActualRestriction_fibre {n d : ℕ}
  (Q P : ActualAffineRestriction n d) (hbase : Q.base = P.base) :
  (composeActualRestriction Q P hbase).fibre = Q.fibre ∩ P.fibre
info: lean/PvNP/RealizableHardness/ActualAffineRestrictionCompositionChecks.lean:10:0: PvNP.RealizableHardness.ActualAffineRestrictionComposition.composeActualRestriction_order_le {n d : ℕ}
  (Q P : ActualAffineRestriction n d) (hbase : Q.base = P.base) :
  (composeActualRestriction Q P hbase).order ≤ Q.order + P.order
info: lean/PvNP/RealizableHardness/ActualAffineRestrictionCompositionChecks.lean:11:0: PvNP.RealizableHardness.ActualAffineRestrictionComposition.composeActualRestriction_fibreEnergy {n d : ℕ}
  (Q P : ActualAffineRestriction n d) (hbase : Q.base = P.base) (f : BinaryMatrix n d → ℂ) :
  fibreEnergy (composeActualRestriction Q P hbase).fibre f = fibreEnergy (Q.fibre ∩ P.fibre) f
info: lean/PvNP/RealizableHardness/ActualAffineRestrictionCompositionChecks.lean:12:0: PvNP.RealizableHardness.ActualAffineRestrictionComposition.actualGlobal_compose {n d r : ℕ} {ε : ℝ}
  (f : BinaryMatrix n d → ℂ) (hf : UpToActualNormSqGlobal r ε f) (Q P : ActualAffineRestriction n d)
  (hbase : Q.base = P.base) (horder : Q.order + P.order ≤ r) : fibreEnergy (Q.fibre ∩ P.fibre) f ≤ ε
info: lean/PvNP/RealizableHardness/ActualAffineRestrictionCompositionChecks.lean:13:0: PvNP.RealizableHardness.ActualAffineRestrictionComposition.raw_to_actual_composition_fibre {n d : ℕ}
  (R S : AffineRestriction n d) (T : BinaryMatrix n d) (hT : T ∈ R.fibre ∩ S.fibre) :
  (actualOfRaw (PvNP.RealizableHardness.ActualRawRestrictionComposition.composeRawRestriction R S) T).fibre =
    (composeActualRestriction (actualOfRaw R T) (actualOfRaw S T) ⋯).fibre
info: lean/PvNP/RealizableHardness/ActualAffineRestrictionCompositionChecks.lean:14:0: PvNP.RealizableHardness.ActualAffineRestrictionComposition.raw_to_actual_composition_order_le {n d : ℕ}
  (R S : AffineRestriction n d) (T : BinaryMatrix n d) (hT : T ∈ R.fibre ∩ S.fibre) :
  (actualOfRaw (PvNP.RealizableHardness.ActualRawRestrictionComposition.composeRawRestriction R S) T).order ≤
    R.budget + S.budget
info: lean/PvNP/RealizableHardness/ActualAffineRestrictionCompositionChecks.lean:15:0: PvNP.RealizableHardness.ActualAffineRestrictionComposition.raw_to_actual_composition_fibreEnergy {n d : ℕ}
  (R S : AffineRestriction n d) (T : BinaryMatrix n d) (hT : T ∈ R.fibre ∩ S.fibre) (f : BinaryMatrix n d → ℂ) :
  fibreEnergy (actualOfRaw (PvNP.RealizableHardness.ActualRawRestrictionComposition.composeRawRestriction R S) T).fibre
      f =
    fibreEnergy (composeActualRestriction (actualOfRaw R T) (actualOfRaw S T) ⋯).fibre f
info: lean/PvNP/RealizableHardness/ActualAffineRestrictionCompositionChecks.lean:17:0: 'PvNP.RealizableHardness.ActualAffineRestrictionComposition.composeActualRestriction_fibre' depends on axioms: [propext,
 Classical.choice,
 Quot.sound]
info: lean/PvNP/RealizableHardness/ActualAffineRestrictionCompositionChecks.lean:18:0: 'PvNP.RealizableHardness.ActualAffineRestrictionComposition.composeActualRestriction_order_le' depends on axioms: [propext,
 Classical.choice,
 Quot.sound]
info: lean/PvNP/RealizableHardness/ActualAffineRestrictionCompositionChecks.lean:19:0: 'PvNP.RealizableHardness.ActualAffineRestrictionComposition.composeActualRestriction_fibreEnergy' depends on axioms: [propext,
 Classical.choice,
 Quot.sound]
info: lean/PvNP/RealizableHardness/ActualAffineRestrictionCompositionChecks.lean:20:0: 'PvNP.RealizableHardness.ActualAffineRestrictionComposition.actualGlobal_compose' depends on axioms: [propext,
 Classical.choice,
 Quot.sound]
info: lean/PvNP/RealizableHardness/ActualAffineRestrictionCompositionChecks.lean:21:0: 'PvNP.RealizableHardness.ActualAffineRestrictionComposition.raw_to_actual_composition_fibre' depends on axioms: [propext,
 Classical.choice,
 Quot.sound]
info: lean/PvNP/RealizableHardness/ActualAffineRestrictionCompositionChecks.lean:22:0: 'PvNP.RealizableHardness.ActualAffineRestrictionComposition.raw_to_actual_composition_order_le' depends on axioms: [propext,
 Classical.choice,
 Quot.sound]
info: lean/PvNP/RealizableHardness/ActualAffineRestrictionCompositionChecks.lean:23:0: 'PvNP.RealizableHardness.ActualAffineRestrictionComposition.raw_to_actual_composition_fibreEnergy' depends on axioms: [propext,
 Classical.choice,
 Quot.sound]
Build completed successfully (2222 jobs).
