⚠ [2202/2224] Replayed PvNP.RealizableHardness.BinaryMatrixFourier
warning: lean/PvNP/RealizableHardness/BinaryMatrixFourier.lean:126:8: `if_pos` has been deprecated: Use `ite_eq_left` instead
warning: lean/PvNP/RealizableHardness/BinaryMatrixFourier.lean:132:8: `if_neg` has been deprecated: Use `ite_eq_right` instead
⚠ [2204/2224] Replayed PvNP.RealizableHardness.BinaryMatrixHybridSelector
warning: lean/PvNP/RealizableHardness/BinaryMatrixHybridSelector.lean:71:8: `if_pos` has been deprecated: Use `ite_eq_left` instead
warning: lean/PvNP/RealizableHardness/BinaryMatrixHybridSelector.lean:90:8: `if_neg` has been deprecated: Use `ite_eq_right` instead
⚠ [2206/2224] Replayed PvNP.RealizableHardness.BinaryMatrixLineTranslation
warning: lean/PvNP/RealizableHardness/BinaryMatrixLineTranslation.lean:243:4: try 'simp' instead of 'simpa'

Note: This linter can be disabled with `set_option linter.unnecessarySimpa false`
warning: lean/PvNP/RealizableHardness/BinaryMatrixLineTranslation.lean:315:8: `if_neg` has been deprecated: Use `ite_eq_right` instead
warning: lean/PvNP/RealizableHardness/BinaryMatrixLineTranslation.lean:407:15: `if_neg` has been deprecated: Use `ite_eq_right` instead
warning: lean/PvNP/RealizableHardness/BinaryMatrixLineTranslation.lean:433:41: This simp argument is unused:
  s

Hint: Omit it from the simp argument list.
  [apply] simp [hs, hr]

Note: This linter can be disabled with `set_option linter.unusedSimpArgs false`
warning: lean/PvNP/RealizableHardness/BinaryMatrixLineTranslation.lean:555:15: `if_neg` has been deprecated: Use `ite_eq_right` instead
warning: lean/PvNP/RealizableHardness/BinaryMatrixLineTranslation.lean:592:57: This simp argument is unused:
  mul_assoc

Hint: Omit it from the simp argument list.
  [apply] simp [hr, hs]

Note: This linter can be disabled with `set_option linter.unusedSimpArgs false`
⚠ [2207/2224] Replayed PvNP.RealizableHardness.BinaryMatrixLineA14
warning: lean/PvNP/RealizableHardness/BinaryMatrixLineA14.lean:88:8: `if_pos` has been deprecated: Use `ite_eq_left` instead
warning: lean/PvNP/RealizableHardness/BinaryMatrixLineA14.lean:97:8: `if_neg` has been deprecated: Use `ite_eq_right` instead
⚠ [2218/2224] Replayed PvNP.RealizableHardness.BinaryMatrixComplexA15
warning: lean/PvNP/RealizableHardness/BinaryMatrixComplexA15.lean:35:4: Unused tactic linter: `change fibreEnergy R.fibre f ≤ ε` does nothing

Note: This linter can be disabled with `set_option linter.unusedTactic false`
warning: lean/PvNP/RealizableHardness/BinaryMatrixComplexA15.lean:46:2: Unused tactic linter: `change fibreEnergy Q.fibre f ≤ ε` does nothing

Note: This linter can be disabled with `set_option linter.unusedTactic false`
warning: lean/PvNP/RealizableHardness/BinaryMatrixComplexA15.lean:184:24: This simp argument is unused:
  zero_add

Hint: Omit it from the simp argument list.
  [apply] simp only [Complex.normSq_apply, Complex.sub_re, Complex.sub_im, Complex.mul_re, Complex.mul_im,
    Complex.ofReal_re, Complex.ofReal_im, zero_mul, sub_zero, mul_zero]

Note: This linter can be disabled with `set_option linter.unusedSimpArgs false`
warning: lean/PvNP/RealizableHardness/BinaryMatrixComplexA15.lean:184:34: This simp argument is unused:
  mul_zero

Hint: Omit it from the simp argument list.
  [apply] simp only [Complex.normSq_apply, Complex.sub_re, Complex.sub_im, Complex.mul_re, Complex.mul_im,
    Complex.ofReal_re, Complex.ofReal_im, zero_mul, sub_zero, zero_add]

Note: This linter can be disabled with `set_option linter.unusedSimpArgs false`
⚠ [2286/2313] Replayed PvNP.RealizableHardness.BinaryMatrixA1TypedFourier
warning: lean/PvNP/RealizableHardness/BinaryMatrixA1TypedFourier.lean:198:8: `if_pos` has been deprecated: Use `ite_eq_left` instead
warning: lean/PvNP/RealizableHardness/BinaryMatrixA1TypedFourier.lean:204:8: `if_neg` has been deprecated: Use `ite_eq_right` instead
warning: lean/PvNP/RealizableHardness/BinaryMatrixA1TypedFourier.lean:236:8: `if_pos` has been deprecated: Use `ite_eq_left` instead
warning: lean/PvNP/RealizableHardness/BinaryMatrixA1TypedFourier.lean:242:8: `if_neg` has been deprecated: Use `ite_eq_right` instead
⚠ [2288/2313] Replayed PvNP.RealizableHardness.BinaryMatrixA1CoefficientTransfer
warning: lean/PvNP/RealizableHardness/BinaryMatrixA1CoefficientTransfer.lean:111:15: `if_pos` has been deprecated: Use `ite_eq_left` instead
⚠ [2289/2313] Replayed PvNP.RealizableHardness.BinaryMatrixA1Composition
warning: lean/PvNP/RealizableHardness/BinaryMatrixA1Composition.lean:40:15: `if_pos` has been deprecated: Use `ite_eq_left` instead
warning: lean/PvNP/RealizableHardness/BinaryMatrixA1Composition.lean:102:5: Variable name `hA` is not explicitly referenced.

Hint: The binding can be removed (if unused) or named `_` (if used implicitly). Alternatively, prefix the name with `_` to silence this warning:
  [apply] _hA

Note: This linter can be disabled with `set_option linter.unusedVariables false`
warning: lean/PvNP/RealizableHardness/BinaryMatrixA1Composition.lean:102:20: Variable name `hB` is not explicitly referenced.

Hint: The binding can be removed (if unused) or named `_` (if used implicitly). Alternatively, prefix the name with `_` to silence this warning:
  [apply] _hB

Note: This linter can be disabled with `set_option linter.unusedVariables false`
warning: lean/PvNP/RealizableHardness/BinaryMatrixA1Composition.lean:172:43: `if_pos` has been deprecated: Use `ite_eq_left` instead
⚠ [2301/2313] Replayed PvNP.RealizableHardness.BinaryMatrixTypedA15HyperplaneGlobal
warning: lean/PvNP/RealizableHardness/BinaryMatrixTypedA15HyperplaneGlobal.lean:48:25: Variable name `hH` is not explicitly referenced.

Hint: The binding can be removed (if unused) or named `_` (if used implicitly). Alternatively, prefix the name with `_` to silence this warning:
  [apply] _hH

Note: This linter can be disabled with `set_option linter.unusedVariables false`
⚠ [2303/2313] Replayed PvNP.RealizableHardness.BinaryMatrixTypedA15HyperplaneReducedGlobal
warning: lean/PvNP/RealizableHardness/BinaryMatrixTypedA15HyperplaneReducedGlobal.lean:54:25: Variable name `hH` is not explicitly referenced.

Hint: The binding can be removed (if unused) or named `_` (if used implicitly). Alternatively, prefix the name with `_` to silence this warning:
  [apply] _hH

Note: This linter can be disabled with `set_option linter.unusedVariables false`
warning: lean/PvNP/RealizableHardness/BinaryMatrixTypedA15HyperplaneReducedGlobal.lean:64:25: Variable name `hH` is not explicitly referenced.

Hint: The binding can be removed (if unused) or named `_` (if used implicitly). Alternatively, prefix the name with `_` to silence this warning:
  [apply] _hH

Note: This linter can be disabled with `set_option linter.unusedVariables false`
warning: lean/PvNP/RealizableHardness/BinaryMatrixTypedA15HyperplaneReducedGlobal.lean:84:25: Variable name `hH` is not explicitly referenced.

Hint: The binding can be removed (if unused) or named `_` (if used implicitly). Alternatively, prefix the name with `_` to silence this warning:
  [apply] _hH

Note: This linter can be disabled with `set_option linter.unusedVariables false`
warning: lean/PvNP/RealizableHardness/BinaryMatrixTypedA15HyperplaneReducedGlobal.lean:98:25: Variable name `hH` is not explicitly referenced.

Hint: The binding can be removed (if unused) or named `_` (if used implicitly). Alternatively, prefix the name with `_` to silence this warning:
  [apply] _hH

Note: This linter can be disabled with `set_option linter.unusedVariables false`
warning: lean/PvNP/RealizableHardness/BinaryMatrixTypedA15HyperplaneReducedGlobal.lean:236:25: Variable name `hH` is not explicitly referenced.

Hint: The binding can be removed (if unused) or named `_` (if used implicitly). Alternatively, prefix the name with `_` to silence this warning:
  [apply] _hH

Note: This linter can be disabled with `set_option linter.unusedVariables false`
⚠ [2305/2313] Replayed PvNP.RealizableHardness.BinaryMatrixTypedA14HyperplaneReduced
warning: lean/PvNP/RealizableHardness/BinaryMatrixTypedA14HyperplaneReduced.lean:35:55: Variable name `hH` is not explicitly referenced.

Hint: The binding can be removed (if unused) or named `_` (if used implicitly). Alternatively, prefix the name with `_` to silence this warning:
  [apply] _hH

Note: This linter can be disabled with `set_option linter.unusedVariables false`
warning: lean/PvNP/RealizableHardness/BinaryMatrixTypedA14HyperplaneReduced.lean:119:55: Variable name `hH` is not explicitly referenced.

Hint: The binding can be removed (if unused) or named `_` (if used implicitly). Alternatively, prefix the name with `_` to silence this warning:
  [apply] _hH

Note: This linter can be disabled with `set_option linter.unusedVariables false`
⚠ [2307/2313] Replayed PvNP.RealizableHardness.BinaryMatrixA15BaseCase
warning: lean/PvNP/RealizableHardness/BinaryMatrixA15BaseCase.lean:31:4: Try this: 
  haveI̵

The goal is a proposition, so `have` is preferred over `haveI`.
The difference between `have` and `haveI` is that `haveI` inlines the value.
But this is not relevant for proofs because of proof irrelevance.

Note: This linter can be disabled with `set_option linter.style.haveILetI false`
⚠ [2310/2313] Replayed PvNP.RealizableHardness.ActualBinaryMatrixHC46CommonDerivative
warning: lean/PvNP/RealizableHardness/ActualBinaryMatrixHC46CommonDerivative.lean:80:13: `if_pos` has been deprecated: Use `ite_eq_left` instead
⚠ [2311/2313] Replayed PvNP.RealizableHardness.ActualBinaryMatrixHC46FourierA16
warning: lean/PvNP/RealizableHardness/ActualBinaryMatrixHC46FourierA16.lean:70:51: This simp argument is unused:
  hj

Hint: Omit it from the simp argument list.
  [apply] simp [u, v, fourierCoeff_rankProjection, hi, hij]

Note: This linter can be disabled with `set_option linter.unusedSimpArgs false`
warning: lean/PvNP/RealizableHardness/ActualBinaryMatrixHC46FourierA16.lean:72:49: This simp argument is unused:
  hi

Hint: Omit it from the simp argument list.
  [apply] simp [u, v, fourierCoeff_rankProjection, hj, hij.symm]

Note: This linter can be disabled with `set_option linter.unusedSimpArgs false`
warning: lean/PvNP/RealizableHardness/ActualBinaryMatrixHC46FourierA16.lean:73:57: This simp argument is unused:
  hij

Hint: Omit it from the simp argument list.
  [apply] simp [u, v, fourierCoeff_rankProjection, hi, hj, hij.symm]

Note: This linter can be disabled with `set_option linter.unusedSimpArgs false`
warning: lean/PvNP/RealizableHardness/ActualBinaryMatrixHC46FourierA16.lean:73:62: This simp argument is unused:
  hij.symm

Hint: Omit it from the simp argument list.
  [apply] simp [u, v, fourierCoeff_rankProjection, hi, hj, hij]

Note: This linter can be disabled with `set_option linter.unusedSimpArgs false`
ℹ [2313/2313] Built PvNP.RealizableHardness.ActualBinaryMatrixHC46CommonA16Checks (2.5s)
info: lean/PvNP/RealizableHardness/ActualBinaryMatrixHC46CommonA16Checks.lean:5:0: PvNP.RealizableHardness.ActualBinaryMatrixHC46CommonA16.complexEnergy_finite_sum_of_orthogonal {ι : Type} (s : Finset ι)
  {n d : ℕ} (f : ι → PvNP.RealizableHardness.BinaryMatrixFourier.BinaryMatrix n d → ℂ)
  (horth :
    ∀ i ∈ s,
      ∀ j ∈ s,
        i ≠ j →
          (PvNP.RealizableHardness.BinaryMatrixFourier.uniformMean fun M =>
              PvNP.RealizableHardness.ActualBinaryMatrixHC46CommonA16.complexRealDot✝ (f i M) (f j M)) =
            0) :
  (PvNP.RealizableHardness.BinaryMatrixFourier.uniformMean fun M => Complex.normSq (∑ i ∈ s, f i M)) =
    ∑ i ∈ s, PvNP.RealizableHardness.BinaryMatrixFourier.uniformMean fun M => Complex.normSq (f i M)
info: lean/PvNP/RealizableHardness/ActualBinaryMatrixHC46CommonA16Checks.lean:6:0: 'PvNP.RealizableHardness.ActualBinaryMatrixHC46CommonA16.complexEnergy_finite_sum_of_orthogonal' depends on axioms: [propext,
 Classical.choice,
 Quot.sound]
info: lean/PvNP/RealizableHardness/ActualBinaryMatrixHC46CommonA16Checks.lean:7:0: PvNP.RealizableHardness.ActualBinaryMatrixHC46CommonA16.complexRankProjection_reconstruct {n d : ℕ}
  (f : PvNP.RealizableHardness.BinaryMatrixFourier.BinaryMatrix n d → ℂ)
  (M : PvNP.RealizableHardness.BinaryMatrixFourier.BinaryMatrix n d) :
  ∑ i ∈ Finset.image (fun Y => Matrix.rank Y) Finset.univ,
      PvNP.RealizableHardness.BinaryMatrixComplexA14.complexRankProjection i f M =
    f M
info: lean/PvNP/RealizableHardness/ActualBinaryMatrixHC46CommonA16Checks.lean:8:0: 'PvNP.RealizableHardness.ActualBinaryMatrixHC46CommonA16.complexRankProjection_reconstruct' depends on axioms: [propext,
 Classical.choice,
 Quot.sound]
info: lean/PvNP/RealizableHardness/ActualBinaryMatrixHC46CommonA16Checks.lean:9:0: PvNP.RealizableHardness.ActualBinaryMatrixHC46CommonA16.commonMixedDerivativeChain_input_rank_reconstruct {n d k l : ℕ}
  (f : PvNP.RealizableHardness.BinaryMatrixFourier.BinaryMatrix (n + l) (d + k) → ℂ)
  (tLine : Fin k → Fin (n + l) → ZMod 2) (tHyp : Fin l → Fin d → ZMod 2)
  (M : PvNP.RealizableHardness.BinaryMatrixFourier.BinaryMatrix n d) :
  ∑ i ∈ Finset.image (fun Y => Matrix.rank Y) Finset.univ,
      PvNP.RealizableHardness.ActualBinaryMatrixHC46CommonDerivative.commonMixedDerivativeChain k l
        (PvNP.RealizableHardness.BinaryMatrixComplexA14.complexRankProjection i f) tLine tHyp M =
    PvNP.RealizableHardness.ActualBinaryMatrixHC46CommonDerivative.commonMixedDerivativeChain k l f tLine tHyp M
info: lean/PvNP/RealizableHardness/ActualBinaryMatrixHC46CommonA16Checks.lean:10:0: 'PvNP.RealizableHardness.ActualBinaryMatrixHC46CommonA16.commonMixedDerivativeChain_input_rank_reconstruct' depends on axioms: [propext,
 Classical.choice,
 Quot.sound]
info: lean/PvNP/RealizableHardness/ActualBinaryMatrixHC46CommonA16Checks.lean:11:0: PvNP.RealizableHardness.ActualBinaryMatrixHC46CommonA16.commonMixedDerivativeChain_input_rank_orthogonal
  {n d r s k l : ℕ} (hrs : r ≠ s) (f : PvNP.RealizableHardness.BinaryMatrixFourier.BinaryMatrix (n + l) (d + k) → ℂ)
  (tLine : Fin k → Fin (n + l) → ZMod 2) (tHyp : Fin l → Fin d → ZMod 2) :
  (PvNP.RealizableHardness.BinaryMatrixFourier.uniformMean fun M =>
      PvNP.RealizableHardness.ActualBinaryMatrixHC46CommonA16.complexRealDot✝
        (PvNP.RealizableHardness.ActualBinaryMatrixHC46CommonDerivative.commonMixedDerivativeChain k l
          (PvNP.RealizableHardness.BinaryMatrixComplexA14.complexRankProjection r f) tLine tHyp M)
        (PvNP.RealizableHardness.ActualBinaryMatrixHC46CommonDerivative.commonMixedDerivativeChain k l
          (PvNP.RealizableHardness.BinaryMatrixComplexA14.complexRankProjection s f) tLine tHyp M)) =
    0
info: lean/PvNP/RealizableHardness/ActualBinaryMatrixHC46CommonA16Checks.lean:12:0: 'PvNP.RealizableHardness.ActualBinaryMatrixHC46CommonA16.commonMixedDerivativeChain_input_rank_orthogonal' depends on axioms: [propext,
 Classical.choice,
 Quot.sound]
info: lean/PvNP/RealizableHardness/ActualBinaryMatrixHC46CommonA16Checks.lean:13:0: PvNP.RealizableHardness.ActualBinaryMatrixHC46CommonA16.commonMixedDerivativeChain_complex_energy_reconstruct
  {n d k l : ℕ} (f : PvNP.RealizableHardness.BinaryMatrixFourier.BinaryMatrix (n + l) (d + k) → ℂ)
  (tLine : Fin k → Fin (n + l) → ZMod 2) (tHyp : Fin l → Fin d → ZMod 2) :
  (PvNP.RealizableHardness.BinaryMatrixFourier.uniformMean fun M =>
      Complex.normSq
        (PvNP.RealizableHardness.ActualBinaryMatrixHC46CommonDerivative.commonMixedDerivativeChain k l f tLine tHyp
          M)) =
    ∑ i ∈ Finset.image (fun Y => Matrix.rank Y) Finset.univ,
      PvNP.RealizableHardness.BinaryMatrixFourier.uniformMean fun M =>
        Complex.normSq
          (PvNP.RealizableHardness.ActualBinaryMatrixHC46CommonDerivative.commonMixedDerivativeChain k l
            (PvNP.RealizableHardness.BinaryMatrixComplexA14.complexRankProjection i f) tLine tHyp M)
info: lean/PvNP/RealizableHardness/ActualBinaryMatrixHC46CommonA16Checks.lean:14:0: 'PvNP.RealizableHardness.ActualBinaryMatrixHC46CommonA16.commonMixedDerivativeChain_complex_energy_reconstruct' depends on axioms: [propext,
 Classical.choice,
 Quot.sound]
info: lean/PvNP/RealizableHardness/ActualBinaryMatrixHC46CommonA16Checks.lean:15:0: PvNP.RealizableHardness.ActualBinaryMatrixHC46CommonA16.commonMixedDerivativeChain_rank_orthogonal {n d r s k l : ℕ}
  (hrs : r ≠ s) (f : PvNP.RealizableHardness.BinaryMatrixFourier.BinaryMatrix (n + l) (d + k) → ℂ)
  (tLine : Fin k → Fin (n + l) → ZMod 2) (tHyp : Fin l → Fin d → ZMod 2) :
  (PvNP.RealizableHardness.BinaryMatrixFourier.uniformMean fun M =>
      PvNP.RealizableHardness.ActualBinaryMatrixHC46CommonA16.complexRealDot✝
        (PvNP.RealizableHardness.ActualBinaryMatrixHC46CommonDerivative.commonMixedDerivativeChain k l
          (PvNP.RealizableHardness.BinaryMatrixComplexA14.complexRankProjection (r + l + k) f) tLine tHyp M)
        (PvNP.RealizableHardness.ActualBinaryMatrixHC46CommonDerivative.commonMixedDerivativeChain k l
          (PvNP.RealizableHardness.BinaryMatrixComplexA14.complexRankProjection (s + l + k) f) tLine tHyp M)) =
    0
info: lean/PvNP/RealizableHardness/ActualBinaryMatrixHC46CommonA16Checks.lean:16:0: 'PvNP.RealizableHardness.ActualBinaryMatrixHC46CommonA16.commonMixedDerivativeChain_rank_orthogonal' depends on axioms: [propext,
 Classical.choice,
 Quot.sound]
info: lean/PvNP/RealizableHardness/ActualBinaryMatrixHC46CommonA16Checks.lean:17:0: PvNP.RealizableHardness.ActualBinaryMatrixHC46CommonA16.commonMixedDerivativeChain_complex_energy_sum {n d k l q : ℕ}
  (f : PvNP.RealizableHardness.BinaryMatrixFourier.BinaryMatrix (n + l) (d + k) → ℂ)
  (tLine : Fin k → Fin (n + l) → ZMod 2) (tHyp : Fin l → Fin d → ZMod 2) :
  (PvNP.RealizableHardness.BinaryMatrixFourier.uniformMean fun M =>
      Complex.normSq
        (∑ r ∈ Finset.range (q + 1),
          PvNP.RealizableHardness.ActualBinaryMatrixHC46CommonDerivative.commonMixedDerivativeChain k l
            (PvNP.RealizableHardness.BinaryMatrixComplexA14.complexRankProjection (r + l + k) f) tLine tHyp M)) =
    ∑ r ∈ Finset.range (q + 1),
      PvNP.RealizableHardness.BinaryMatrixFourier.uniformMean fun M =>
        Complex.normSq
          (PvNP.RealizableHardness.ActualBinaryMatrixHC46CommonDerivative.commonMixedDerivativeChain k l
            (PvNP.RealizableHardness.BinaryMatrixComplexA14.complexRankProjection (r + l + k) f) tLine tHyp M)
info: lean/PvNP/RealizableHardness/ActualBinaryMatrixHC46CommonA16Checks.lean:18:0: 'PvNP.RealizableHardness.ActualBinaryMatrixHC46CommonA16.commonMixedDerivativeChain_complex_energy_sum' depends on axioms: [propext,
 Classical.choice,
 Quot.sound]
Build completed successfully (2313 jobs).
