C:\Users\Dan\Desktop\Projects\realizable-cmmsa-hardness\docs\native-receipts\ActualSelectedComplementAnalyticMoment\runtime-prebuild\local-native-123542\src\PvNP\RealizableHardness\ActualBinaryMatrixHC46A7WeightedPredecessor.lean:405:21: warning: `if_pos` has been deprecated: Use `ite_eq_left` instead
C:\Users\Dan\Desktop\Projects\realizable-cmmsa-hardness\docs\native-receipts\ActualSelectedComplementAnalyticMoment\runtime-prebuild\local-native-123542\src\PvNP\RealizableHardness\ActualBinaryMatrixHC46A7WeightedPredecessor.lean:428:21: warning: `if_pos` has been deprecated: Use `ite_eq_left` instead
C:\Users\Dan\Desktop\Projects\realizable-cmmsa-hardness\docs\native-receipts\ActualSelectedComplementAnalyticMoment\runtime-prebuild\local-native-123542\src\PvNP\RealizableHardness\ActualBinaryMatrixHC46A7WeightedPredecessor.lean:433:8: warning: This simp argument is unused:
  BinaryMatrixA1TypedFourier.carrierMean

Hint: Omit it from the simp argument list.
  [apply] simp [hp, complexCarrierFourierCoeff]

Note: This linter can be disabled with `set_option linter.unusedSimpArgs false`
C:\Users\Dan\Desktop\Projects\realizable-cmmsa-hardness\docs\native-receipts\ActualSelectedComplementAnalyticMoment\runtime-prebuild\local-native-123542\src\PvNP\RealizableHardness\ActualBinaryMatrixHC46A7WeightedPredecessor.lean:597:38: warning: This simp argument is unused:
  Matrix.mulVecLin_apply

Hint: Omit it from the simp argument list.
  [apply] simp [w6BlockBottomDisplacementMap, Matrix.fromCols_mulVec, Matrix.mulVecLin_mul, Matrix.mulVecLin_apply]

Note: This linter can be disabled with `set_option linter.unusedSimpArgs false`
C:\Users\Dan\Desktop\Projects\realizable-cmmsa-hardness\docs\native-receipts\ActualSelectedComplementAnalyticMoment\runtime-prebuild\local-native-123542\src\PvNP\RealizableHardness\ActualBinaryMatrixHC46A7WeightedPredecessor.lean:598:50: warning: This simp argument is unused:
  Matrix.mulVecLin_apply

Hint: Omit it from the simp argument list.
  [apply] simp [w6BlockBottomDisplacementMap, Matrix.mulVecLin_apply, Matrix.fromCols_mulVec, Matrix.mulVecLin_mul]

Note: This linter can be disabled with `set_option linter.unusedSimpArgs false`
C:\Users\Dan\Desktop\Projects\realizable-cmmsa-hardness\docs\native-receipts\ActualSelectedComplementAnalyticMoment\runtime-prebuild\local-native-123542\src\PvNP\RealizableHardness\ActualBinaryMatrixHC46A7WeightedPredecessor.lean:774:47: warning: This simp argument is unused:
  CharTwo.add_self_eq_zero

Hint: Omit it from the simp argument list.
  [apply] simp [L, w6CanonicalBlockCandidate, Matrix.fromBlocks_multiply, hsJc, hsJp, Matrix.mul_assoc, add_assoc,
    w6_matrix_add_self_eq_zero]

Note: This linter can be disabled with `set_option linter.unusedSimpArgs false`
C:\Users\Dan\Desktop\Projects\realizable-cmmsa-hardness\docs\native-receipts\ActualSelectedComplementAnalyticMoment\runtime-prebuild\local-native-123542\src\PvNP\RealizableHardness\ActualBinaryMatrixHC46A7WeightedPredecessor.lean:781:6: warning: This simp argument is unused:
  add_assoc

Hint: Omit it from the simp argument list.
  [apply] simp [K, Matrix.fromBlocks_multiply, hrPc, Matrix.mul_assoc, CharTwo.add_self_eq_zero,
    w6_matrix_add_self_eq_zero]

Note: This linter can be disabled with `set_option linter.unusedSimpArgs false`
C:\Users\Dan\Desktop\Projects\realizable-cmmsa-hardness\docs\native-receipts\ActualSelectedComplementAnalyticMoment\runtime-prebuild\local-native-123542\src\PvNP\RealizableHardness\ActualBinaryMatrixHC46A7WeightedPredecessor.lean:781:17: warning: This simp argument is unused:
  CharTwo.add_self_eq_zero

Hint: Omit it from the simp argument list.
  [apply] simp [K, Matrix.fromBlocks_multiply, hrPc, Matrix.mul_assoc, add_assoc, w6_matrix_add_self_eq_zero]

Note: This linter can be disabled with `set_option linter.unusedSimpArgs false`
C:\Users\Dan\Desktop\Projects\realizable-cmmsa-hardness\docs\native-receipts\ActualSelectedComplementAnalyticMoment\runtime-prebuild\local-native-123542\src\PvNP\RealizableHardness\ActualBinaryMatrixHC46A7WeightedPredecessor.lean:811:17: warning: This simp argument is unused:
  Matrix.mulVecLin_apply

Hint: Omit it from the simp argument list.
  [apply] simp [B, Matrix.fromBlocks_mulVec]

Note: This linter can be disabled with `set_option linter.unusedSimpArgs false`
C:\Users\Dan\Desktop\Projects\realizable-cmmsa-hardness\docs\native-receipts\ActualSelectedComplementAnalyticMoment\runtime-prebuild\local-native-123542\src\PvNP\RealizableHardness\ActualBinaryMatrixHC46A7WeightedPredecessor.lean:1122:6: warning: try 'simp' instead of 'simpa'

Note: This linter can be disabled with `set_option linter.unnecessarySimpa false`
C:\Users\Dan\Desktop\Projects\realizable-cmmsa-hardness\docs\native-receipts\ActualSelectedComplementAnalyticMoment\runtime-prebuild\local-native-123542\src\PvNP\RealizableHardness\ActualBinaryMatrixHC46A7WeightedPredecessor.lean:1082:43: warning: This simp argument is unused:
  Matrix.mulVecLin_apply

Hint: Omit it from the simp argument list.
  [apply] simp [g, w6BlockBottomDisplacementMap, Matrix.fromCols_mulVec, Matrix.mulVecLin_mul, cMap]

Note: This linter can be disabled with `set_option linter.unusedSimpArgs false`
C:\Users\Dan\Desktop\Projects\realizable-cmmsa-hardness\docs\native-receipts\ActualSelectedComplementAnalyticMoment\runtime-prebuild\local-native-123542\src\PvNP\RealizableHardness\ActualBinaryMatrixHC46A7WeightedPredecessor.lean:1083:30: warning: This simp argument is unused:
  Matrix.mulVecLin_mul

Hint: Omit it from the simp argument list.
  [apply] simp [g, w6BlockBottomDisplacementMap, Matrix.mulVecLin_apply, Matrix.fromCols_mulVec, cMap]

Note: This linter can be disabled with `set_option linter.unusedSimpArgs false`
C:\Users\Dan\Desktop\Projects\realizable-cmmsa-hardness\docs\native-receipts\ActualSelectedComplementAnalyticMoment\runtime-prebuild\local-native-123542\src\PvNP\RealizableHardness\ActualBinaryMatrixHC46A7WeightedPredecessor.lean:1103:45: warning: This simp argument is unused:
  Matrix.mulVecLin_apply

Hint: Omit it from the simp argument list.
  [apply] simp [g, w6BlockBottomDisplacementMap, Matrix.fromCols_mulVec, cMap]

Note: This linter can be disabled with `set_option linter.unusedSimpArgs false`
C:\Users\Dan\Desktop\Projects\realizable-cmmsa-hardness\docs\native-receipts\ActualSelectedComplementAnalyticMoment\runtime-prebuild\local-native-123542\src\PvNP\RealizableHardness\ActualBinaryMatrixHC46A7WeightedPredecessor.lean:1115:45: warning: This simp argument is unused:
  Matrix.mulVecLin_apply

Hint: Omit it from the simp argument list.
  [apply] simp [g, w6BlockBottomDisplacementMap, Matrix.fromCols_mulVec]

Note: This linter can be disabled with `set_option linter.unusedSimpArgs false`
C:\Users\Dan\Desktop\Projects\realizable-cmmsa-hardness\docs\native-receipts\ActualSelectedComplementAnalyticMoment\runtime-prebuild\local-native-123542\src\PvNP\RealizableHardness\ActualBinaryMatrixHC46A7WeightedPredecessor.lean:1394:12: warning: This simp argument is unused:
  w6FixedZBlockFiber

Hint: Omit it from the simp argument list.
  [apply] simp [w6FixedBottomBlockFiber, hzfactor]

Note: This linter can be disabled with `set_option linter.unusedSimpArgs false`
C:\Users\Dan\Desktop\Projects\realizable-cmmsa-hardness\docs\native-receipts\ActualSelectedComplementAnalyticMoment\runtime-prebuild\local-native-123542\src\PvNP\RealizableHardness\ActualBinaryMatrixHC46A7WeightedPredecessor.lean:1394:32: warning: This simp argument is unused:
  w6FixedBottomBlockFiber

Hint: Omit it from the simp argument list.
  [apply] simp [w6FixedZBlockFiber, hzfactor]

Note: This linter can be disabled with `set_option linter.unusedSimpArgs false`
C:\Users\Dan\Desktop\Projects\realizable-cmmsa-hardness\docs\native-receipts\ActualSelectedComplementAnalyticMoment\runtime-prebuild\local-native-123542\src\PvNP\RealizableHardness\ActualBinaryMatrixHC46A7WeightedPredecessor.lean:1501:7: warning: Variable name `hBC` is not explicitly referenced.

Hint: The binding can be removed (if unused) or named `_` (if used implicitly). Alternatively, prefix the name with `_` to silence this warning:
  [apply] _hBC

Note: This linter can be disabled with `set_option linter.unusedVariables false`
C:\Users\Dan\Desktop\Projects\realizable-cmmsa-hardness\docs\native-receipts\ActualSelectedComplementAnalyticMoment\runtime-prebuild\local-native-123542\src\PvNP\RealizableHardness\ActualBinaryMatrixHC46A7WeightedPredecessor.lean:1506:7: warning: Variable name `hAD` is not explicitly referenced.

Hint: The binding can be removed (if unused) or named `_` (if used implicitly). Alternatively, prefix the name with `_` to silence this warning:
  [apply] _hAD

Note: This linter can be disabled with `set_option linter.unusedVariables false`
C:\Users\Dan\Desktop\Projects\realizable-cmmsa-hardness\docs\native-receipts\ActualSelectedComplementAnalyticMoment\runtime-prebuild\local-native-123542\src\PvNP\RealizableHardness\ActualBinaryMatrixHC46A7WeightedPredecessor.lean:1623:7: warning: Variable name `hBC` is not explicitly referenced.

Hint: The binding can be removed (if unused) or named `_` (if used implicitly). Alternatively, prefix the name with `_` to silence this warning:
  [apply] _hBC

Note: This linter can be disabled with `set_option linter.unusedVariables false`
C:\Users\Dan\Desktop\Projects\realizable-cmmsa-hardness\docs\native-receipts\ActualSelectedComplementAnalyticMoment\runtime-prebuild\local-native-123542\src\PvNP\RealizableHardness\ActualBinaryMatrixHC46A7WeightedPredecessor.lean:1625:7: warning: Variable name `hAD` is not explicitly referenced.

Hint: The binding can be removed (if unused) or named `_` (if used implicitly). Alternatively, prefix the name with `_` to silence this warning:
  [apply] _hAD

Note: This linter can be disabled with `set_option linter.unusedVariables false`
C:\Users\Dan\Desktop\Projects\realizable-cmmsa-hardness\docs\native-receipts\ActualSelectedComplementAnalyticMoment\runtime-prebuild\local-native-123542\src\PvNP\RealizableHardness\ActualBinaryMatrixHC46A7WeightedPredecessor.lean:1626:7: warning: Variable name `bA` is not explicitly referenced.

Hint: The binding can be removed (if unused) or named `_` (if used implicitly). Alternatively, prefix the name with `_` to silence this warning:
  [apply] _bA

Note: This linter can be disabled with `set_option linter.unusedVariables false`
C:\Users\Dan\Desktop\Projects\realizable-cmmsa-hardness\docs\native-receipts\ActualSelectedComplementAnalyticMoment\runtime-prebuild\local-native-123542\src\PvNP\RealizableHardness\ActualBinaryMatrixHC46A7WeightedPredecessor.lean:1668:12: warning: This simp argument is unused:
  hquot

Hint: Omit it from the simp argument list.
  [apply] simp

Note: This linter can be disabled with `set_option linter.unusedSimpArgs false`
C:\Users\Dan\Desktop\Projects\realizable-cmmsa-hardness\docs\native-receipts\ActualSelectedComplementAnalyticMoment\runtime-prebuild\local-native-123542\src\PvNP\RealizableHardness\ActualBinaryMatrixHC46A7WeightedPredecessor.lean:1844:40: warning: This simp argument is unused:
  Matrix.mulVecLin_apply

Hint: Omit it from the simp argument list.
  [apply] simp [w6ActualFiniteCoordinateMatrix, Matrix.toLin'_toMatrix', LinearEquiv.trans_apply,
    LinearEquiv.trans_symm, LinearMap.comp_apply]

Note: This linter can be disabled with `set_option linter.unusedSimpArgs false`
C:\Users\Dan\Desktop\Projects\realizable-cmmsa-hardness\docs\native-receipts\ActualSelectedComplementAnalyticMoment\runtime-prebuild\local-native-123542\src\PvNP\RealizableHardness\ActualBinaryMatrixHC46A7WeightedPredecessor.lean:1845:4: warning: This simp argument is unused:
  Matrix.toLin'_toMatrix'

Hint: Omit it from the simp argument list.
  [apply] simp [w6ActualFiniteCoordinateMatrix, Matrix.mulVecLin_apply, LinearEquiv.trans_apply, LinearEquiv.trans_symm,
    LinearMap.comp_apply]

Note: This linter can be disabled with `set_option linter.unusedSimpArgs false`
C:\Users\Dan\Desktop\Projects\realizable-cmmsa-hardness\docs\native-receipts\ActualSelectedComplementAnalyticMoment\runtime-prebuild\local-native-123542\src\PvNP\RealizableHardness\ActualBinaryMatrixHC46A7WeightedPredecessor.lean:1892:7: warning: Variable name `hBC` is not explicitly referenced.

Hint: The binding can be removed (if unused) or named `_` (if used implicitly). Alternatively, prefix the name with `_` to silence this warning:
  [apply] _hBC

Note: This linter can be disabled with `set_option linter.unusedVariables false`
C:\Users\Dan\Desktop\Projects\realizable-cmmsa-hardness\docs\native-receipts\ActualSelectedComplementAnalyticMoment\runtime-prebuild\local-native-123542\src\PvNP\RealizableHardness\ActualBinaryMatrixHC46A7WeightedPredecessor.lean:1894:7: warning: Variable name `hAD` is not explicitly referenced.

Hint: The binding can be removed (if unused) or named `_` (if used implicitly). Alternatively, prefix the name with `_` to silence this warning:
  [apply] _hAD

Note: This linter can be disabled with `set_option linter.unusedVariables false`
C:\Users\Dan\Desktop\Projects\realizable-cmmsa-hardness\docs\native-receipts\ActualSelectedComplementAnalyticMoment\runtime-prebuild\local-native-123542\src\PvNP\RealizableHardness\ActualBinaryMatrixHC46A7WeightedPredecessor.lean:1895:7: warning: Variable name `bA` is not explicitly referenced.

Hint: The binding can be removed (if unused) or named `_` (if used implicitly). Alternatively, prefix the name with `_` to silence this warning:
  [apply] _bA

Note: This linter can be disabled with `set_option linter.unusedVariables false`
C:\Users\Dan\Desktop\Projects\realizable-cmmsa-hardness\docs\native-receipts\ActualSelectedComplementAnalyticMoment\runtime-prebuild\local-native-123542\src\PvNP\RealizableHardness\ActualBinaryMatrixHC46A7WeightedPredecessor.lean:1991:4: warning: Unused tactic linter: `change
  Module.finrank F (LinearMap.range g) + Module.finrank F (LinearMap.ker g) =
    Module.finrank F (LinearMap.ker X.transpose.toLin')` does nothing

Note: This linter can be disabled with `set_option linter.unusedTactic false`
C:\Users\Dan\Desktop\Projects\realizable-cmmsa-hardness\docs\native-receipts\ActualSelectedComplementAnalyticMoment\runtime-prebuild\local-native-123542\src\PvNP\RealizableHardness\ActualBinaryMatrixHC46A7WeightedPredecessor.lean:2116:17: error: expected token
C:\Users\Dan\Desktop\Projects\realizable-cmmsa-hardness\docs\native-receipts\ActualSelectedComplementAnalyticMoment\runtime-prebuild\local-native-123542\src\PvNP\RealizableHardness\ActualBinaryMatrixHC46A7WeightedPredecessor.lean:2116:14: error: typeclass instance problem is stuck
  HMul (Matrix (Fin (Matrix.rank X) ⊕ Fin (d - Matrix.rank X)) (Fin (Matrix.rank X) ⊕ Fin (n - Matrix.rank X)) F)
    ?m.1260 Prop

Note: Lean will not try to resolve this typeclass instance problem because the second type argument to `HMul` is a metavariable. This argument must be fully determined before Lean will try to resolve the typeclass.

Hint: Adding type annotations and supplying implicit arguments to functions can give Lean more information for typeclass resolution. For example, if you have a variable `x` that you intend to be a `Nat`, but Lean reports it as having an unresolved type like `?m`, replacing `x` with `(x : Nat)` can get typeclass resolution un-stuck.
C:\Users\Dan\Desktop\Projects\realizable-cmmsa-hardness\docs\native-receipts\ActualSelectedComplementAnalyticMoment\runtime-prebuild\local-native-123542\src\PvNP\RealizableHardness\ActualBinaryMatrixHC46A7WeightedPredecessor.lean:2108:65: error: unsolved goals
n d : ℕ
X : BinaryMatrix n d
C : Submodule F (W n)
hBC : IsCompl (Matrix.toLin' (Matrix.transpose X)).ker C
D : Submodule F (V d)
hAD : IsCompl (Matrix.toLin' (Matrix.transpose X)).range D
bA : Module.Basis (Fin (Matrix.rank X)) F ↥(Matrix.toLin' (Matrix.transpose X)).range
bB : Module.Basis (Fin (n - Matrix.rank X)) F ↥(Matrix.toLin' (Matrix.transpose X)).ker
bQ : Module.Basis (Fin (d - Matrix.rank X)) F (V d ⧸ (Matrix.toLin' (Matrix.transpose X)).range)
eW : W n ≃ₗ[F] (Fin (Matrix.rank X) → F) × (Fin (n - Matrix.rank X) → F)
eV : V d ≃ₗ[F] (Fin (Matrix.rank X) → F) × (Fin (d - Matrix.rank X) → F)
hX :
  ∀ (a : Fin (Matrix.rank X) → F) (b : Fin (n - Matrix.rank X) → F),
    eV ((Matrix.toLin' (Matrix.transpose X)) (eW.symm (a, b))) = (a, 0)
hY :
  ∀ (Y : BinaryMatrix n d) (b : Fin (n - Matrix.rank X) → F),
    (eV ((Matrix.toLin' (Matrix.transpose Y)) (eW.symm (0, b)))).2 =
      bQ.equivFun ((w6ActualCarrierFrequency X Y) (bB.equivFun.symm b))
hYcoord :
  ∀ (Y' : BinaryMatrix n d) (b : Fin (n - Matrix.rank X) → F),
    let eIn := LinearEquiv.sumArrowLequivProdArrow (Fin (Matrix.rank X)) (Fin (n - Matrix.rank X)) F F;
    let eOut := LinearEquiv.sumArrowLequivProdArrow (Fin (Matrix.rank X)) (Fin (d - Matrix.rank X)) F F;
    (eOut ((w6ActualFiniteCoordinateMatrix eW eV Y').mulVecLin (eIn.symm (0, b)))).2 =
      bQ.equivFun ((w6ActualCarrierFrequency X Y') (bB.equivFun.symm b))
Y : BinaryMatrix n d
hXY : w6Precedes X Y
M : Matrix (Fin (Matrix.rank X) ⊕ Fin (d - Matrix.rank X)) (Fin (Matrix.rank X) ⊕ Fin (n - Matrix.rank X)) F :=
  w6ActualFiniteCoordinateMatrix eW eV Y
a : Matrix (Fin (Matrix.rank X)) (Fin (Matrix.rank X)) F := M.toBlocks₁₁
b : Matrix (Fin (Matrix.rank X)) (Fin (n - Matrix.rank X)) F := M.toBlocks₁₂
c : Matrix (Fin (d - Matrix.rank X)) (Fin (Matrix.rank X)) F := M.toBlocks₂₁
z : Matrix (Fin (d - Matrix.rank X)) (Fin (n - Matrix.rank X)) F := M.toBlocks₂₂
hM : M = Matrix.fromBlocks a b c z
hbase : w6ActualFiniteCoordinateMatrix eW eV X = Matrix.fromBlocks 1 0 0 0
hcoorddiff : w6ActualFiniteCoordinateMatrix eW eV (Y - X) = M - w6ActualFiniteCoordinateMatrix eW eV X
hdisp : w6BlockDisplacementMatrix a b c z = M - w6ActualFiniteCoordinateMatrix eW eV X
hD : (w6BlockDisplacementMatrix a b c z).rank = Matrix.rank (Y - X)
x : Fin (n - Matrix.rank X) → F
eIn : (Fin (Matrix.rank X) ⊕ Fin (n - Matrix.rank X) → F) ≃ₗ[F]
  (Fin (Matrix.rank X) → F) × (Fin (n - Matrix.rank X) → F) :=
  LinearEquiv.sumArrowLequivProdArrow (Fin (Matrix.rank X)) (Fin (n - Matrix.rank X)) F F
eOut : (Fin (Matrix.rank X) ⊕ Fin (d - Matrix.rank X) → F) ≃ₗ[F]
  (Fin (Matrix.rank X) → F) × (Fin (d - Matrix.rank X) → F) :=
  LinearEquiv.sumArrowLequivProdArrow (Fin (Matrix.rank X)) (Fin (d - Matrix.rank X)) F F
hbotFun : M.mulVecLin (eIn.symm (0, x)) ∘ Sum.inr = z.mulVecLin x
⊢ z.mulVecLin x = bQ.equivFun ((w6ActualCarrierFrequency X Y) (bB.equivFun.symm x))
C:\Users\Dan\Desktop\Projects\realizable-cmmsa-hardness\docs\native-receipts\ActualSelectedComplementAnalyticMoment\runtime-prebuild\local-native-123542\src\PvNP\RealizableHardness\ActualBinaryMatrixHC46A7WeightedPredecessor.lean:2044:49: error: unsolved goals
n d : ℕ
X : BinaryMatrix n d
C : Submodule F (W n)
hBC : IsCompl (Matrix.toLin' (Matrix.transpose X)).ker C
D : Submodule F (V d)
hAD : IsCompl (Matrix.toLin' (Matrix.transpose X)).range D
bA : Module.Basis (Fin (Matrix.rank X)) F ↥(Matrix.toLin' (Matrix.transpose X)).range
bB : Module.Basis (Fin (n - Matrix.rank X)) F ↥(Matrix.toLin' (Matrix.transpose X)).ker
bQ : Module.Basis (Fin (d - Matrix.rank X)) F (V d ⧸ (Matrix.toLin' (Matrix.transpose X)).range)
eW : W n ≃ₗ[F] (Fin (Matrix.rank X) → F) × (Fin (n - Matrix.rank X) → F)
eV : V d ≃ₗ[F] (Fin (Matrix.rank X) → F) × (Fin (d - Matrix.rank X) → F)
hX :
  ∀ (a : Fin (Matrix.rank X) → F) (b : Fin (n - Matrix.rank X) → F),
    eV ((Matrix.toLin' (Matrix.transpose X)) (eW.symm (a, b))) = (a, 0)
hY :
  ∀ (Y : BinaryMatrix n d) (b : Fin (n - Matrix.rank X) → F),
    (eV ((Matrix.toLin' (Matrix.transpose Y)) (eW.symm (0, b)))).2 =
      bQ.equivFun ((w6ActualCarrierFrequency X Y) (bB.equivFun.symm b))
hYcoord :
  ∀ (Y' : BinaryMatrix n d) (b : Fin (n - Matrix.rank X) → F),
    let eIn := LinearEquiv.sumArrowLequivProdArrow (Fin (Matrix.rank X)) (Fin (n - Matrix.rank X)) F F;
    let eOut := LinearEquiv.sumArrowLequivProdArrow (Fin (Matrix.rank X)) (Fin (d - Matrix.rank X)) F F;
    (eOut ((w6ActualFiniteCoordinateMatrix eW eV Y').mulVecLin (eIn.symm (0, b)))).2 =
      bQ.equivFun ((w6ActualCarrierFrequency X Y') (bB.equivFun.symm b))
Y : BinaryMatrix n d
hXY : w6Precedes X Y
M : Matrix (Fin (Matrix.rank X) ⊕ Fin (d - Matrix.rank X)) (Fin (Matrix.rank X) ⊕ Fin (n - Matrix.rank X)) F :=
  w6ActualFiniteCoordinateMatrix eW eV Y
a : Matrix (Fin (Matrix.rank X)) (Fin (Matrix.rank X)) F := M.toBlocks₁₁
b : Matrix (Fin (Matrix.rank X)) (Fin (n - Matrix.rank X)) F := M.toBlocks₁₂
c : Matrix (Fin (d - Matrix.rank X)) (Fin (Matrix.rank X)) F := M.toBlocks₂₁
z : Matrix (Fin (d - Matrix.rank X)) (Fin (n - Matrix.rank X)) F := M.toBlocks₂₂
hM : M = Matrix.fromBlocks a b c z
hbase : w6ActualFiniteCoordinateMatrix eW eV X = Matrix.fromBlocks 1 0 0 0
hcoorddiff : w6ActualFiniteCoordinateMatrix eW eV (Y - X) = M - w6ActualFiniteCoordinateMatrix eW eV X
hdisp : w6BlockDisplacementMatrix a b c z = M - w6ActualFiniteCoordinateMatrix eW eV X
hD : (w6BlockDisplacementMatrix a b c z).rank = Matrix.rank (Y - X)
hzapply :
  ∀ (x : Fin (n - Matrix.rank X) → F), z.mulVecLin x = bQ.equivFun ((w6ActualCarrierFrequency X Y) (bB.equivFun.symm x))
⊢ ∃ j p u c,
    Function.Injective ⇑j.mulVecLin ∧
      Function.Surjective ⇑p.mulVecLin ∧ w6ActualFiniteCoordinateMatrix eW eV Y = w6CanonicalBlockCandidate u c j p
