C:\Users\Dan\Desktop\Projects\realizable-cmmsa-hardness\docs\native-receipts\ActualSelectedComplementAnalyticMoment\runtime-prebuild\local-native-own360\src\PvNP\RealizableHardness\ActualBinaryMatrixHC46DR6Incidence.lean:107:6: warning: Variable name `A` is not explicitly referenced.

Hint: The binding can be removed (if unused) or named `_` (if used implicitly). Alternatively, prefix the name with `_` to silence this warning:
  [apply] _A

Note: This linter can be disabled with `set_option linter.unusedVariables false`
C:\Users\Dan\Desktop\Projects\realizable-cmmsa-hardness\docs\native-receipts\ActualSelectedComplementAnalyticMoment\runtime-prebuild\local-native-own360\src\PvNP\RealizableHardness\ActualBinaryMatrixHC46DR6Incidence.lean:192:8: error: Tactic `rewrite` failed: Did not find an occurrence of the pattern
  Module.finrank F ↥⊤
in the target expression
  Module.finrank F ↥(Submodule.map (↑(Pi.basisFun F (Fin n)).dualBasis.equivFun) K.dualAnnihilator) +
      Module.finrank F ↥K =
    n

case mpr
n : ℕ
K : Submodule F (V n)
hdim :
  Module.finrank F ↥(Submodule.map (↑(Pi.basisFun F (Fin n)).dualBasis.equivFun) K.dualAnnihilator) +
      Module.finrank F ↥K =
    n
htop : Module.finrank F ↥⊤ = n
hpos : 0 < Module.finrank F ↥(dr6CoordinateDualAnnihilator K)
heq : K = ⊤
⊢ False

Note: The target expression is not type-correct under the `implicit` transparency level, which may have triggered the failure. This is usually caused by unfolding of semireducible definitions in prior tactic steps. Use `set_option linter.tacticCheckInstances true` to investigate the source of the issue.
Full error:
  Application type mismatch: The argument
    (dr6CoordinateDualAnnihilator K).addCommMonoid
  has type
    AddCommMonoid ↥(dr6CoordinateDualAnnihilator K)
  but is expected to have type
    AddCommMonoid ↥(Submodule.map (↑(Pi.basisFun F (Fin n)).dualBasis.equivFun) K.dualAnnihilator)
  in the application
    @Module.finrank F (↥(Submodule.map (↑(Pi.basisFun F (Fin n)).dualBasis.equivFun) K.dualAnnihilator))
      Field.toSemifield.toDivisionSemiring.toSemiring (dr6CoordinateDualAnnihilator K).addCommMonoid
C:\Users\Dan\Desktop\Projects\realizable-cmmsa-hardness\docs\native-receipts\ActualSelectedComplementAnalyticMoment\runtime-prebuild\local-native-own360\src\PvNP\RealizableHardness\ActualBinaryMatrixHC46DR6Incidence.lean:191:10: warning: This simp argument is unused:
  heq

Hint: Omit it from the simp argument list.
  [apply] simp [dr6CoordinateDualAnnihilator, dr6DualCoordinateEquiv] at hdim

Note: This linter can be disabled with `set_option linter.unusedSimpArgs false`
C:\Users\Dan\Desktop\Projects\realizable-cmmsa-hardness\docs\native-receipts\ActualSelectedComplementAnalyticMoment\runtime-prebuild\local-native-own360\src\PvNP\RealizableHardness\ActualBinaryMatrixHC46DR6Incidence.lean:232:36: error: unsolved goals
n d : ℕ
X Y Z : BinaryMatrix n d
I : Submodule F (V n) := dr6CoordinateDualAnnihilator (dr6F2KernelSum X Y Z)
K : Submodule F (V n) := dr6F2KernelSum X Y Z
hsum : dr6ActualIntersectionMobiusSum I = if 0 < Module.finrank F ↥I then 1 else 0
hpos : K ≠ ⊤ ↔ 0 < Module.finrank F ↥(dr6CoordinateDualAnnihilator K)
h : K ≠ ⊤
hp : 0 < Module.finrank F ↥(dr6CoordinateDualAnnihilator K)
⊢ ¬I = ⊥
C:\Users\Dan\Desktop\Projects\realizable-cmmsa-hardness\docs\native-receipts\ActualSelectedComplementAnalyticMoment\runtime-prebuild\local-native-own360\src\PvNP\RealizableHardness\ActualBinaryMatrixHC46DR6Incidence.lean:232:45: warning: This simp argument is unused:
  hp

Hint: Omit it from the simp argument list.
  [apply] simp [h]

Note: This linter can be disabled with `set_option linter.unusedSimpArgs false`
C:\Users\Dan\Desktop\Projects\realizable-cmmsa-hardness\docs\native-receipts\ActualSelectedComplementAnalyticMoment\runtime-prebuild\local-native-own360\src\PvNP\RealizableHardness\ActualBinaryMatrixHC46DR6Incidence.lean:278:2: error: unsolved goals
case neg
i j : ℕ
ci cj : ℚ
hi0 : i = 0 → ci = 1
hj0 : j = 0 → cj = 1
hi : ¬i = 0
hj : ¬j = 0
⊢ dr6QBinomialWeight i * dr6QBinomialWeight j * ci * cj = dr6QBinomialWeight i * ci * (dr6QBinomialWeight j * cj)
C:\Users\Dan\Desktop\Projects\realizable-cmmsa-hardness\docs\native-receipts\ActualSelectedComplementAnalyticMoment\runtime-prebuild\local-native-own360\src\PvNP\RealizableHardness\ActualBinaryMatrixHC46DR6Incidence.lean:299:49: error: Application type mismatch: The argument
  a
has type
  ℚ
but is expected to have type
  Prop
in the application
  ite (i = 0) a
C:\Users\Dan\Desktop\Projects\realizable-cmmsa-hardness\docs\native-receipts\ActualSelectedComplementAnalyticMoment\runtime-prebuild\local-native-own360\src\PvNP\RealizableHardness\ActualBinaryMatrixHC46DR6Incidence.lean:299:26: error(lean.synthInstanceFailed): failed to synthesize instance of type class
  AddCommMonoid Prop

Hint: Type class instance resolution failures can be inspected with the `set_option trace.Meta.synthInstance true` command.
C:\Users\Dan\Desktop\Projects\realizable-cmmsa-hardness\docs\native-receipts\ActualSelectedComplementAnalyticMoment\runtime-prebuild\local-native-own360\src\PvNP\RealizableHardness\ActualBinaryMatrixHC46DR6Incidence.lean:299:65: error: unsolved goals
m l : ℕ
ci cj : ℕ → ℚ
hci0 : ci 0 = 1
hcj0 : cj 0 = 1
I : Finset ℕ := Finset.range (m + 1)
J : Finset ℕ := Finset.range (l + 1)
a : ℚ
⊢ sorry ()
C:\Users\Dan\Desktop\Projects\realizable-cmmsa-hardness\docs\native-receipts\ActualSelectedComplementAnalyticMoment\runtime-prebuild\local-native-own360\src\PvNP\RealizableHardness\ActualBinaryMatrixHC46DR6Incidence.lean:301:49: error: Application type mismatch: The argument
  a
has type
  ℚ
but is expected to have type
  Prop
in the application
  ite (j = 0) a
C:\Users\Dan\Desktop\Projects\realizable-cmmsa-hardness\docs\native-receipts\ActualSelectedComplementAnalyticMoment\runtime-prebuild\local-native-own360\src\PvNP\RealizableHardness\ActualBinaryMatrixHC46DR6Incidence.lean:301:26: error(lean.synthInstanceFailed): failed to synthesize instance of type class
  AddCommMonoid Prop

Hint: Type class instance resolution failures can be inspected with the `set_option trace.Meta.synthInstance true` command.
C:\Users\Dan\Desktop\Projects\realizable-cmmsa-hardness\docs\native-receipts\ActualSelectedComplementAnalyticMoment\runtime-prebuild\local-native-own360\src\PvNP\RealizableHardness\ActualBinaryMatrixHC46DR6Incidence.lean:301:65: error: unsolved goals
m l : ℕ
ci cj : ℕ → ℚ
hci0 : ci 0 = 1
hcj0 : cj 0 = 1
I : Finset ℕ := Finset.range (m + 1)
J : Finset ℕ := Finset.range (l + 1)
hzeroI : ∀ (a : ℚ), sorry
a : ℚ
⊢ sorry ()
C:\Users\Dan\Desktop\Projects\realizable-cmmsa-hardness\docs\native-receipts\ActualSelectedComplementAnalyticMoment\runtime-prebuild\local-native-own360\src\PvNP\RealizableHardness\ActualBinaryMatrixHC46DR6Incidence.lean:330:72: error: unsolved goals
m l : ℕ
ci cj : ℕ → ℚ
hci0 : ci 0 = 1
hcj0 : cj 0 = 1
I : Finset ℕ := Finset.range (m + 1)
J : Finset ℕ := Finset.range (l + 1)
hzeroI : ∀ (a : ℚ), sorry
hzeroJ : ∀ (a : ℚ), sorry
hsplit :
  ∀ (i j : ℕ),
    dr6F2SignedIncidenceWeight i j * ci i * cj j =
      ((if j = 0 then dr6MobiusAlphaRat i * ci i else 0) + if i = 0 then dr6MobiusAlphaRat j * cj j else 0) -
        (if i = 0 then 0 else dr6MobiusAlphaRat i * ci i) * if j = 0 then 0 else dr6MobiusAlphaRat j * cj j
⊢ ((∑ x ∈ Finset.range (m + 1), if x = 0 then 0 else -(dr6QBinomialWeight x * ci x)) +
      ∑ x ∈ Finset.range (l + 1), if x = 0 then 0 else -(dr6QBinomialWeight x * cj x)) =
    (∑ x ∈ Finset.range (m + 1), if x = 0 then 0 else if x = 0 then 0 else -(dr6QBinomialWeight x * ci x)) +
      ∑ x ∈ Finset.range (l + 1), if x = 0 then 0 else if x = 0 then 0 else -(dr6QBinomialWeight x * cj x)
C:\Users\Dan\Desktop\Projects\realizable-cmmsa-hardness\docs\native-receipts\ActualSelectedComplementAnalyticMoment\runtime-prebuild\local-native-own360\src\PvNP\RealizableHardness\ActualBinaryMatrixHC46DR6Incidence.lean:300:10: warning: This simp argument is unused:
  I

Hint: Omit it from the simp argument list.
  [apply] simp

Note: This linter can be disabled with `set_option linter.unusedSimpArgs false`
C:\Users\Dan\Desktop\Projects\realizable-cmmsa-hardness\docs\native-receipts\ActualSelectedComplementAnalyticMoment\runtime-prebuild\local-native-own360\src\PvNP\RealizableHardness\ActualBinaryMatrixHC46DR6Incidence.lean:302:10: warning: This simp argument is unused:
  J

Hint: Omit it from the simp argument list.
  [apply] simp

Note: This linter can be disabled with `set_option linter.unusedSimpArgs false`
C:\Users\Dan\Desktop\Projects\realizable-cmmsa-hardness\docs\native-receipts\ActualSelectedComplementAnalyticMoment\runtime-prebuild\local-native-own360\src\PvNP\RealizableHardness\ActualBinaryMatrixHC46DR6Incidence.lean:334:18: warning: This simp argument is unused:
  hzeroI

Hint: Omit it from the simp argument list.
  [apply] simp [I, J, hzeroJ, dr6MobiusAlphaRat, Finset.sum_mul_sum]

Note: This linter can be disabled with `set_option linter.unusedSimpArgs false`
C:\Users\Dan\Desktop\Projects\realizable-cmmsa-hardness\docs\native-receipts\ActualSelectedComplementAnalyticMoment\runtime-prebuild\local-native-own360\src\PvNP\RealizableHardness\ActualBinaryMatrixHC46DR6Incidence.lean:334:26: warning: This simp argument is unused:
  hzeroJ

Hint: Omit it from the simp argument list.
  [apply] simp [I, J, hzeroI, dr6MobiusAlphaRat, Finset.sum_mul_sum]

Note: This linter can be disabled with `set_option linter.unusedSimpArgs false`
C:\Users\Dan\Desktop\Projects\realizable-cmmsa-hardness\docs\native-receipts\ActualSelectedComplementAnalyticMoment\runtime-prebuild\local-native-own360\src\PvNP\RealizableHardness\ActualBinaryMatrixHC46DR6Incidence.lean:334:53: warning: This simp argument is unused:
  Finset.sum_mul_sum

Hint: Omit it from the simp argument list.
  [apply] simp [I, J, hzeroI, hzeroJ, dr6MobiusAlphaRat]

Note: This linter can be disabled with `set_option linter.unusedSimpArgs false`
C:\Users\Dan\Desktop\Projects\realizable-cmmsa-hardness\docs\native-receipts\ActualSelectedComplementAnalyticMoment\runtime-prebuild\local-native-own360\src\PvNP\RealizableHardness\ActualBinaryMatrixHC46DR6Incidence.lean:421:31: warning: Variable name `hKB` is not explicitly referenced.

Hint: The binding can be removed (if unused) or named `_` (if used implicitly). Alternatively, prefix the name with `_` to silence this warning:
  [apply] _hKB

Note: This linter can be disabled with `set_option linter.unusedVariables false`
C:\Users\Dan\Desktop\Projects\realizable-cmmsa-hardness\docs\native-receipts\ActualSelectedComplementAnalyticMoment\runtime-prebuild\local-native-own360\src\PvNP\RealizableHardness\ActualBinaryMatrixHC46DR6Incidence.lean:445:4: warning: Try this: intro hKB x hx
C:\Users\Dan\Desktop\Projects\realizable-cmmsa-hardness\docs\native-receipts\ActualSelectedComplementAnalyticMoment\runtime-prebuild\local-native-own360\src\PvNP\RealizableHardness\ActualBinaryMatrixHC46DR6Incidence.lean:470:6: error: omega could not prove the goal:
a possible counterexample may satisfy the constraints
  c ≥ 0
  b ≥ 0
  b - c ≤ -1
  a ≥ 0
  a - b ≤ 0
  a - c ≤ 0
where
 a := ↑(Module.finrank F ↥↑B)
 b := ↑n
 c := ↑(Module.finrank F (V n))
C:\Users\Dan\Desktop\Projects\realizable-cmmsa-hardness\docs\native-receipts\ActualSelectedComplementAnalyticMoment\runtime-prebuild\local-native-own360\src\PvNP\RealizableHardness\ActualBinaryMatrixHC46DR6Incidence.lean:503:18: error: Application type mismatch: The argument
  hcod
has type
  n - Module.finrank F ↥B = j
but is expected to have type
  Module.finrank F (V n) - Module.finrank F ↥B = j
in the application
  ⟨hK, hcod⟩
C:\Users\Dan\Desktop\Projects\realizable-cmmsa-hardness\docs\native-receipts\ActualSelectedComplementAnalyticMoment\runtime-prebuild\local-native-own360\src\PvNP\RealizableHardness\ActualBinaryMatrixHC46DR6Incidence.lean:522:4: error: Application type mismatch: The argument
  (dr6KernelSuperspacesEquiv K).symm
has type
  dr6KernelAnnihilatorSubspaces K ≃ dr6KernelSuperspaces K
but is expected to have type
  W6Grass (↥(dr6CoordinateDualAnnihilator K)) j ≃ dr6KernelSuperspaces K
in the application
  Fintype.ofEquiv (W6Grass (↥(dr6CoordinateDualAnnihilator K)) j) (dr6KernelSuperspacesEquiv K).symm
C:\Users\Dan\Desktop\Projects\realizable-cmmsa-hardness\docs\native-receipts\ActualSelectedComplementAnalyticMoment\runtime-prebuild\local-native-own360\src\PvNP\RealizableHardness\ActualBinaryMatrixHC46DR6Incidence.lean:541:4: warning: Try this: intro hKB x hx
C:\Users\Dan\Desktop\Projects\realizable-cmmsa-hardness\docs\native-receipts\ActualSelectedComplementAnalyticMoment\runtime-prebuild\local-native-own360\src\PvNP\RealizableHardness\ActualBinaryMatrixHC46DR6Incidence.lean:592:26: error: unsolved goals
n d : ℕ
A : Submodule F (V d)
B : Submodule F (V n)
X Y Z : BinaryMatrix n d
hX : X = Y + Z
i : Fin n
j : Fin d
⊢ Y i j + Z i j + Y i j = Z i j
C:\Users\Dan\Desktop\Projects\realizable-cmmsa-hardness\docs\native-receipts\ActualSelectedComplementAnalyticMoment\runtime-prebuild\local-native-own360\src\PvNP\RealizableHardness\ActualBinaryMatrixHC46DR6Incidence.lean:615:17: error: Invalid projection: Projections cannot be used on functions, and
  (↑B).smul_mem'
has function type
  ∀ (c : F) {x : V n}, x ∈ (↑B).carrier → c • x ∈ (↑B).carrier
C:\Users\Dan\Desktop\Projects\realizable-cmmsa-hardness\docs\native-receipts\ActualSelectedComplementAnalyticMoment\runtime-prebuild\local-native-own360\src\PvNP\RealizableHardness\ActualBinaryMatrixHC46DR6Incidence.lean:627:28: error: Type mismatch
  (↑B).toAddSubmonoid
has type
  AddSubmonoid (V n)
but is expected to have type
  Submodule F (V n)
C:\Users\Dan\Desktop\Projects\realizable-cmmsa-hardness\docs\native-receipts\ActualSelectedComplementAnalyticMoment\runtime-prebuild\local-native-own360\src\PvNP\RealizableHardness\ActualBinaryMatrixHC46DR6Incidence.lean:648:31: error: Application type mismatch: The argument
  e.left_inv ⟨↑↑A, A.property⟩
has type
  e.invFun (e.toFun ⟨↑↑A, ⋯⟩) = ⟨↑↑A, ⋯⟩
but is expected to have type
  ↑((fun U => ⟨⟨↑(e.symm U), ⋯⟩, ⋯⟩) ((fun A => e ⟨↑↑A, ⋯⟩) A)) = ↑A
in the application
  congrArg Subtype.val (e.left_inv ⟨↑↑A, A.property⟩)
C:\Users\Dan\Desktop\Projects\realizable-cmmsa-hardness\docs\native-receipts\ActualSelectedComplementAnalyticMoment\runtime-prebuild\local-native-own360\src\PvNP\RealizableHardness\ActualBinaryMatrixHC46DR6Incidence.lean:654:18: warning: declaration uses `sorry`
C:\Users\Dan\Desktop\Projects\realizable-cmmsa-hardness\docs\native-receipts\ActualSelectedComplementAnalyticMoment\runtime-prebuild\local-native-own360\src\PvNP\RealizableHardness\ActualBinaryMatrixHC46DR6Incidence.lean:678:4: error(lean.synthInstanceFailed): failed to synthesize instance of type class
  Fintype (dr6F2ImageIncidenceCarrier X Y Z)

Hint: Type class instance resolution failures can be inspected with the `set_option trace.Meta.synthInstance true` command.
C:\Users\Dan\Desktop\Projects\realizable-cmmsa-hardness\docs\native-receipts\ActualSelectedComplementAnalyticMoment\runtime-prebuild\local-native-own360\src\PvNP\RealizableHardness\ActualBinaryMatrixHC46DR6Incidence.lean:680:2: error(lean.synthInstanceFailed): failed to synthesize instance of type class
  Fintype (dr6F2ImageIncidenceCarrier X Y Z)

Hint: Type class instance resolution failures can be inspected with the `set_option trace.Meta.synthInstance true` command.
C:\Users\Dan\Desktop\Projects\realizable-cmmsa-hardness\docs\native-receipts\ActualSelectedComplementAnalyticMoment\runtime-prebuild\local-native-own360\src\PvNP\RealizableHardness\ActualBinaryMatrixHC46DR6Incidence.lean:684:4: error(lean.synthInstanceFailed): failed to synthesize instance of type class
  Fintype (dr6F2KernelIncidenceCarrier X Y Z)

Hint: Type class instance resolution failures can be inspected with the `set_option trace.Meta.synthInstance true` command.
C:\Users\Dan\Desktop\Projects\realizable-cmmsa-hardness\docs\native-receipts\ActualSelectedComplementAnalyticMoment\runtime-prebuild\local-native-own360\src\PvNP\RealizableHardness\ActualBinaryMatrixHC46DR6Incidence.lean:687:2: error(lean.synthInstanceFailed): failed to synthesize instance of type class
  Fintype (dr6F2KernelIncidenceCarrier X Y Z)

Hint: Type class instance resolution failures can be inspected with the `set_option trace.Meta.synthInstance true` command.
C:\Users\Dan\Desktop\Projects\realizable-cmmsa-hardness\docs\native-receipts\ActualSelectedComplementAnalyticMoment\runtime-prebuild\local-native-own360\src\PvNP\RealizableHardness\ActualBinaryMatrixHC46DR6Incidence.lean:691:4: error(lean.synthInstanceFailed): failed to synthesize instance of type class
  Fintype (dr6F2ImageIncidenceCarrier X Y Z)

Hint: Type class instance resolution failures can be inspected with the `set_option trace.Meta.synthInstance true` command.
C:\Users\Dan\Desktop\Projects\realizable-cmmsa-hardness\docs\native-receipts\ActualSelectedComplementAnalyticMoment\runtime-prebuild\local-native-own360\src\PvNP\RealizableHardness\ActualBinaryMatrixHC46DR6Incidence.lean:692:8: error(lean.synthInstanceFailed): failed to synthesize instance of type class
  Fintype (dr6F2KernelIncidenceCarrier X Y Z)

Hint: Type class instance resolution failures can be inspected with the `set_option trace.Meta.synthInstance true` command.
C:\Users\Dan\Desktop\Projects\realizable-cmmsa-hardness\docs\native-receipts\ActualSelectedComplementAnalyticMoment\runtime-prebuild\local-native-own360\src\PvNP\RealizableHardness\ActualBinaryMatrixHC46DR6Incidence.lean:711:12: warning: This simp argument is unused:
  w6FrameProduct

Hint: Omit it from the simp argument list.
  [apply] simp [← pow_mul]

Note: This linter can be disabled with `set_option linter.unusedSimpArgs false`
C:\Users\Dan\Desktop\Projects\realizable-cmmsa-hardness\docs\native-receipts\ActualSelectedComplementAnalyticMoment\runtime-prebuild\local-native-own360\src\PvNP\RealizableHardness\ActualBinaryMatrixHC46DR6Incidence.lean:763:2: error: omega could not prove the goal:
a possible counterexample may satisfy the constraints
  f ≥ 0
  e ≥ 0
  c ≥ 0
  c - e ≥ 0
  b ≥ 0
  b - c ≤ 0
  b - c + f ≤ -1
  a ≥ 0
  a - c + e ≥ 0
where
 a := ↑(Module.finrank (ZMod 2) (Fin n → ZMod 2))
 b := ↑(Module.finrank F ↥(Matrix.transpose X).mulVecLin.ker)
 c := ↑n
 e := ↑(Module.finrank (ZMod 2) ↥(dr6CoordinateDualAnnihilator (Matrix.transpose X).mulVecLin.ker))
 f := ↑(Module.finrank F ↥(dr6CoordinateDualAnnihilator (Matrix.transpose X).mulVecLin.ker))
C:\Users\Dan\Desktop\Projects\realizable-cmmsa-hardness\docs\native-receipts\ActualSelectedComplementAnalyticMoment\runtime-prebuild\local-native-own360\src\PvNP\RealizableHardness\ActualBinaryMatrixHC46DR6Incidence.lean:770:4: error(lean.synthInstanceFailed): failed to synthesize instance of type class
  Fintype (dr6F2OuterImageCarrier X × dr6F2OuterKernelCarrier X)

Hint: Type class instance resolution failures can be inspected with the `set_option trace.Meta.synthInstance true` command.
C:\Users\Dan\Desktop\Projects\realizable-cmmsa-hardness\docs\native-receipts\ActualSelectedComplementAnalyticMoment\runtime-prebuild\local-native-own360\src\PvNP\RealizableHardness\ActualBinaryMatrixHC46DR6Incidence.lean:780:12: error(lean.synthInstanceFailed): failed to synthesize instance of type class
  Fintype (dr6F2OuterImageCarrier X)

Hint: Type class instance resolution failures can be inspected with the `set_option trace.Meta.synthInstance true` command.
C:\Users\Dan\Desktop\Projects\realizable-cmmsa-hardness\docs\native-receipts\ActualSelectedComplementAnalyticMoment\runtime-prebuild\local-native-own360\src\PvNP\RealizableHardness\ActualBinaryMatrixHC46DR6Incidence.lean:781:15: error(lean.synthInstanceFailed): failed to synthesize instance of type class
  Fintype (dr6F2OuterImageCarrier X)

Hint: Type class instance resolution failures can be inspected with the `set_option trace.Meta.synthInstance true` command.
C:\Users\Dan\Desktop\Projects\realizable-cmmsa-hardness\docs\native-receipts\ActualSelectedComplementAnalyticMoment\runtime-prebuild\local-native-own360\src\PvNP\RealizableHardness\ActualBinaryMatrixHC46DR6Incidence.lean:792:12: error(lean.synthInstanceFailed): failed to synthesize instance of type class
  Fintype (dr6F2OuterKernelCarrier X)

Hint: Type class instance resolution failures can be inspected with the `set_option trace.Meta.synthInstance true` command.
C:\Users\Dan\Desktop\Projects\realizable-cmmsa-hardness\docs\native-receipts\ActualSelectedComplementAnalyticMoment\runtime-prebuild\local-native-own360\src\PvNP\RealizableHardness\ActualBinaryMatrixHC46DR6Incidence.lean:796:15: error(lean.synthInstanceFailed): failed to synthesize instance of type class
  Fintype (dr6F2OuterKernelCarrier X)

Hint: Type class instance resolution failures can be inspected with the `set_option trace.Meta.synthInstance true` command.
C:\Users\Dan\Desktop\Projects\realizable-cmmsa-hardness\docs\native-receipts\ActualSelectedComplementAnalyticMoment\runtime-prebuild\local-native-own360\src\PvNP\RealizableHardness\ActualBinaryMatrixHC46DR6Incidence.lean:808:8: error(lean.synthInstanceFailed): failed to synthesize instance of type class
  Fintype (dr6F2OuterImageCarrier X)

Hint: Type class instance resolution failures can be inspected with the `set_option trace.Meta.synthInstance true` command.
C:\Users\Dan\Desktop\Projects\realizable-cmmsa-hardness\docs\native-receipts\ActualSelectedComplementAnalyticMoment\runtime-prebuild\local-native-own360\src\PvNP\RealizableHardness\ActualBinaryMatrixHC46DR6Incidence.lean:809:10: error(lean.synthInstanceFailed): failed to synthesize instance of type class
  Fintype (dr6F2OuterKernelCarrier X)

Hint: Type class instance resolution failures can be inspected with the `set_option trace.Meta.synthInstance true` command.
C:\Users\Dan\Desktop\Projects\realizable-cmmsa-hardness\docs\native-receipts\ActualSelectedComplementAnalyticMoment\runtime-prebuild\local-native-own360\src\PvNP\RealizableHardness\ActualBinaryMatrixHC46DR6Incidence.lean:915:12: warning: This simp argument is unused:
  Fintype.sum_prod_type

Hint: Omit it from the simp argument list.
  [apply] simp [Fintype.card_prod, mul_assoc]

Note: This linter can be disabled with `set_option linter.unusedSimpArgs false`
C:\Users\Dan\Desktop\Projects\realizable-cmmsa-hardness\docs\native-receipts\ActualSelectedComplementAnalyticMoment\runtime-prebuild\local-native-own360\src\PvNP\RealizableHardness\ActualBinaryMatrixHC46DR6Incidence.lean:923:7: error(lean.synthInstanceFailed): failed to synthesize instance of type class
  Fintype (dr6F2OuterImageCarrier X × dr6F2OuterKernelCarrier X)

Hint: Type class instance resolution failures can be inspected with the `set_option trace.Meta.synthInstance true` command.
C:\Users\Dan\Desktop\Projects\realizable-cmmsa-hardness\docs\native-receipts\ActualSelectedComplementAnalyticMoment\runtime-prebuild\local-native-own360\src\PvNP\RealizableHardness\ActualBinaryMatrixHC46DR6Incidence.lean:943:14: error(lean.synthInstanceFailed): failed to synthesize instance of type class
  Fintype (dr6F2OuterImageCarrier X × dr6F2OuterKernelCarrier X)

Hint: Type class instance resolution failures can be inspected with the `set_option trace.Meta.synthInstance true` command.
C:\Users\Dan\Desktop\Projects\realizable-cmmsa-hardness\docs\native-receipts\ActualSelectedComplementAnalyticMoment\runtime-prebuild\local-native-own360\src\PvNP\RealizableHardness\ActualBinaryMatrixHC46DR6Incidence.lean:948:8: error(lean.synthInstanceFailed): failed to synthesize instance of type class
  Fintype (dr6F2OuterImageCarrier X × dr6F2OuterKernelCarrier X)

Hint: Type class instance resolution failures can be inspected with the `set_option trace.Meta.synthInstance true` command.
C:\Users\Dan\Desktop\Projects\realizable-cmmsa-hardness\docs\native-receipts\ActualSelectedComplementAnalyticMoment\runtime-prebuild\local-native-own360\src\PvNP\RealizableHardness\ActualBinaryMatrixHC46DR6Incidence.lean:930:42: error: unsolved goals
n d i j : ℕ
X Y Z : BinaryMatrix n d
P : dr6F2OuterImageCarrier X → Prop := fun A => ↑↑A ≤ dr6F2CommonImage X Y Z
Q : dr6F2OuterKernelCarrier X → Prop := fun B => dr6F2KernelSum X Y Z ≤ ↑B
hsel :
  ∀ (p : dr6F2OuterImageCarrier X × dr6F2OuterKernelCarrier X),
    DR6ComplexOrdinarySelected (↑↑p.1) (↑p.2) Y ∧ DR6ComplexOrdinarySelected (↑↑p.1) (↑p.2) Z ↔ P p.1 ∧ Q p.2
⊢ (∑ p ∈ sorry,
      if DR6ComplexOrdinarySelected (↑↑p.1) (↑p.2) Y ∧ DR6ComplexOrdinarySelected (↑↑p.1) (↑p.2) Z then
        dr6F2SignedIncidenceWeight i j
      else 0) =
    ↑(Fintype.card (W6Grass (↥(dr6F2CommonImage X Y Z)) i)) *
        ↑(Fintype.card (W6Grass (↥(dr6CoordinateDualAnnihilator (dr6F2KernelSum X Y Z))) j)) *
      dr6F2SignedIncidenceWeight i j
C:\Users\Dan\Desktop\Projects\realizable-cmmsa-hardness\docs\native-receipts\ActualSelectedComplementAnalyticMoment\runtime-prebuild\local-native-own360\src\PvNP\RealizableHardness\ActualBinaryMatrixHC46DR6Incidence.lean:991:11: error: `simp` made no progress
C:\Users\Dan\Desktop\Projects\realizable-cmmsa-hardness\docs\native-receipts\ActualSelectedComplementAnalyticMoment\runtime-prebuild\local-native-own360\src\PvNP\RealizableHardness\ActualBinaryMatrixHC46DR6Incidence.lean:1046:4: error(lean.synthInstanceFailed): failed to synthesize instance of type class
  Fintype (dr6F2A5OuterCarrier X)

Hint: Type class instance resolution failures can be inspected with the `set_option trace.Meta.synthInstance true` command.
C:\Users\Dan\Desktop\Projects\realizable-cmmsa-hardness\docs\native-receipts\ActualSelectedComplementAnalyticMoment\runtime-prebuild\local-native-own360\src\PvNP\RealizableHardness\ActualBinaryMatrixHC46DR6Incidence.lean:1106:8: error: typeclass instance problem is stuck
  AddCommMonoid ?m.408

Note: Lean will not try to resolve this typeclass instance problem because the type argument to `AddCommMonoid` is a metavariable. This argument must be fully determined before Lean will try to resolve the typeclass.

Hint: Adding type annotations and supplying implicit arguments to functions can give Lean more information for typeclass resolution. For example, if you have a variable `x` that you intend to be a `Nat`, but Lean reports it as having an unresolved type like `?m`, replacing `x` with `(x : Nat)` can get typeclass resolution un-stuck.
C:\Users\Dan\Desktop\Projects\realizable-cmmsa-hardness\docs\native-receipts\ActualSelectedComplementAnalyticMoment\runtime-prebuild\local-native-own360\src\PvNP\RealizableHardness\ActualBinaryMatrixHC46DR6Incidence.lean:1168:4: error(lean.synthInstanceFailed): failed to synthesize instance of type class
  Fintype (dr6F2A5OuterCarrier X)

Hint: Type class instance resolution failures can be inspected with the `set_option trace.Meta.synthInstance true` command.
C:\Users\Dan\Desktop\Projects\realizable-cmmsa-hardness\docs\native-receipts\ActualSelectedComplementAnalyticMoment\runtime-prebuild\local-native-own360\src\PvNP\RealizableHardness\ActualBinaryMatrixHC46DR6Incidence.lean:1179:2: error(lean.synthInstanceFailed): failed to synthesize instance of type class
  Fintype (dr6F2OuterImageCarrier X × dr6F2OuterKernelCarrier X)

Hint: Type class instance resolution failures can be inspected with the `set_option trace.Meta.synthInstance true` command.
C:\Users\Dan\Desktop\Projects\realizable-cmmsa-hardness\docs\native-receipts\ActualSelectedComplementAnalyticMoment\runtime-prebuild\local-native-own360\src\PvNP\RealizableHardness\ActualBinaryMatrixHC46DR6Incidence.lean:1186:8: warning: declaration uses `sorry`
C:\Users\Dan\Desktop\Projects\realizable-cmmsa-hardness\docs\native-receipts\ActualSelectedComplementAnalyticMoment\runtime-prebuild\local-native-own360\src\PvNP\RealizableHardness\ActualBinaryMatrixHC46DR6Incidence.lean:1199:2: warning: this tactic is never executed

Note: This linter can be disabled with `set_option linter.unreachableTactic false`
C:\Users\Dan\Desktop\Projects\realizable-cmmsa-hardness\docs\native-receipts\ActualSelectedComplementAnalyticMoment\runtime-prebuild\local-native-own360\src\PvNP\RealizableHardness\ActualBinaryMatrixHC46DR6Incidence.lean:1198:2: warning: Unused tactic linter: `rw [Fintype.sum_sigma, Fintype.sum_sigma]` does nothing

Note: This linter can be disabled with `set_option linter.unusedTactic false`
C:\Users\Dan\Desktop\Projects\realizable-cmmsa-hardness\docs\native-receipts\ActualSelectedComplementAnalyticMoment\runtime-prebuild\local-native-own360\src\PvNP\RealizableHardness\ActualBinaryMatrixHC46DR6Incidence.lean:1199:2: warning: Unused tactic linter: `calc
  _ =
      Finset.univ.sum
        (fun i : Fin (Module.finrank F (LinearMap.range X.transpose.mulVecLin) + 1) =>
          Finset.univ.sum
            (fun j : Fin (Module.finrank F (dr6CoordinateDualAnnihilator (LinearMap.ker X.transpose.mulVecLin)) + 1) =>
              (dr6F2SignedIncidenceWeight i.val j.val : Complex) * dr6F2A5GradeSquareCoefficient f X i.val j.val)) :=
    by
    apply Finset.sum_congr rfl
    intro i hi
    apply Finset.sum_congr rfl
    intro j hj
    simp [dr6F2A5GradeSquareCoefficient, dr6F2A5OuterWeight, Finset.mul_sum]
  _ = _ :=
    by
    rw [Fin.sum_univ_eq_sum_range
        (fun i : Nat =>
          Finset.univ.sum
            (fun j : Fin (Module.finrank F (dr6CoordinateDualAnnihilator (LinearMap.ker X.transpose.mulVecLin)) + 1) =>
              (dr6F2SignedIncidenceWeight i j.val : Complex) * dr6F2A5GradeSquareCoefficient f X i j.val))]
    apply Finset.sum_congr rfl
    intro i hi
    rw [Fin.sum_univ_eq_sum_range
        (fun j : Nat =>
          (dr6F2SignedIncidenceWeight i j : Complex) * dr6F2A5GradeSquareCoefficient f X i j)]` does nothing

Note: This linter can be disabled with `set_option linter.unusedTactic false`
C:\Users\Dan\Desktop\Projects\realizable-cmmsa-hardness\docs\native-receipts\ActualSelectedComplementAnalyticMoment\runtime-prebuild\local-native-own360\src\PvNP\RealizableHardness\ActualBinaryMatrixHC46DR6Incidence.lean:1232:16: error(lean.unknownIdentifier): Unknown identifier `ComplexFourierSupportedThrough`

Note: It is not possible to treat `ComplexFourierSupportedThrough` as an implicitly bound variable here because the `autoImplicit` option is set to `false`.
C:\Users\Dan\Desktop\Projects\realizable-cmmsa-hardness\docs\native-receipts\ActualSelectedComplementAnalyticMoment\runtime-prebuild\local-native-own360\src\PvNP\RealizableHardness\ActualBinaryMatrixHC46DR6Incidence.lean:1256:10: error(lean.synthInstanceFailed): failed to synthesize instance of type class
  Fintype (dr6F2A5OuterCarrier X)

Hint: Type class instance resolution failures can be inspected with the `set_option trace.Meta.synthInstance true` command.
C:\Users\Dan\Desktop\Projects\realizable-cmmsa-hardness\docs\native-receipts\ActualSelectedComplementAnalyticMoment\runtime-prebuild\local-native-own360\src\PvNP\RealizableHardness\ActualBinaryMatrixHC46DR6Incidence.lean:1267:7: error(lean.synthInstanceFailed): failed to synthesize instance of type class
  Fintype (dr6F2A5OuterCarrier X)

Hint: Type class instance resolution failures can be inspected with the `set_option trace.Meta.synthInstance true` command.
C:\Users\Dan\Desktop\Projects\realizable-cmmsa-hardness\docs\native-receipts\ActualSelectedComplementAnalyticMoment\runtime-prebuild\local-native-own360\src\PvNP\RealizableHardness\ActualBinaryMatrixHC46DR6Incidence.lean:1273:8: error(lean.synthInstanceFailed): failed to synthesize instance of type class
  Fintype (dr6F2A5OuterCarrier X)

Hint: Type class instance resolution failures can be inspected with the `set_option trace.Meta.synthInstance true` command.
C:\Users\Dan\Desktop\Projects\realizable-cmmsa-hardness\docs\native-receipts\ActualSelectedComplementAnalyticMoment\runtime-prebuild\local-native-own360\src\PvNP\RealizableHardness\ActualBinaryMatrixHC46DR6Incidence.lean:1285:10: error(lean.synthInstanceFailed): failed to synthesize instance of type class
  Fintype (dr6F2A5OuterCarrier X)

Hint: Type class instance resolution failures can be inspected with the `set_option trace.Meta.synthInstance true` command.
C:\Users\Dan\Desktop\Projects\realizable-cmmsa-hardness\docs\native-receipts\ActualSelectedComplementAnalyticMoment\runtime-prebuild\local-native-own360\src\PvNP\RealizableHardness\ActualBinaryMatrixHC46DR6Incidence.lean:1307:12: error(lean.synthInstanceFailed): failed to synthesize instance of type class
  Fintype (dr6F2A5OuterCarrier X)

Hint: Type class instance resolution failures can be inspected with the `set_option trace.Meta.synthInstance true` command.
C:\Users\Dan\Desktop\Projects\realizable-cmmsa-hardness\docs\native-receipts\ActualSelectedComplementAnalyticMoment\runtime-prebuild\local-native-own360\src\PvNP\RealizableHardness\ActualBinaryMatrixHC46DR6Incidence.lean:1347:9: error(lean.synthInstanceFailed): failed to synthesize instance of type class
  Fintype (dr6F2A5OuterCarrier X)

Hint: Type class instance resolution failures can be inspected with the `set_option trace.Meta.synthInstance true` command.
C:\Users\Dan\Desktop\Projects\realizable-cmmsa-hardness\docs\native-receipts\ActualSelectedComplementAnalyticMoment\runtime-prebuild\local-native-own360\src\PvNP\RealizableHardness\ActualBinaryMatrixHC46DR6Incidence.lean:1361:9: error(lean.synthInstanceFailed): failed to synthesize instance of type class
  Fintype (dr6F2A5OuterCarrier X)

Hint: Type class instance resolution failures can be inspected with the `set_option trace.Meta.synthInstance true` command.
C:\Users\Dan\Desktop\Projects\realizable-cmmsa-hardness\docs\native-receipts\ActualSelectedComplementAnalyticMoment\runtime-prebuild\local-native-own360\src\PvNP\RealizableHardness\ActualBinaryMatrixHC46DR6Incidence.lean:1366:9: error(lean.synthInstanceFailed): failed to synthesize instance of type class
  Fintype (dr6F2A5OuterCarrier X)

Hint: Type class instance resolution failures can be inspected with the `set_option trace.Meta.synthInstance true` command.
C:\Users\Dan\Desktop\Projects\realizable-cmmsa-hardness\docs\native-receipts\ActualSelectedComplementAnalyticMoment\runtime-prebuild\local-native-own360\src\PvNP\RealizableHardness\ActualBinaryMatrixHC46DR6Incidence.lean:1369:11: error(lean.synthInstanceFailed): failed to synthesize instance of type class
  Fintype (dr6F2A5OuterCarrier X)

Hint: Type class instance resolution failures can be inspected with the `set_option trace.Meta.synthInstance true` command.
C:\Users\Dan\Desktop\Projects\realizable-cmmsa-hardness\docs\native-receipts\ActualSelectedComplementAnalyticMoment\runtime-prebuild\local-native-own360\src\PvNP\RealizableHardness\ActualBinaryMatrixHC46DR6Incidence.lean:1372:16: error(lean.synthInstanceFailed): failed to synthesize instance of type class
  Fintype (dr6F2A5OuterCarrier X)

Hint: Type class instance resolution failures can be inspected with the `set_option trace.Meta.synthInstance true` command.
C:\Users\Dan\Desktop\Projects\realizable-cmmsa-hardness\docs\native-receipts\ActualSelectedComplementAnalyticMoment\runtime-prebuild\local-native-own360\src\PvNP\RealizableHardness\ActualBinaryMatrixHC46DR6Incidence.lean:1381:65: error: Tactic `rewrite` failed: motive is not type correct:
  fun _a => ↑(if _a then 1 else 0) * a * b = (if DR6F2Obstruction X Y (X + Y) then 1 else 0) * a * b
Error: Application type mismatch: The argument
  instDecidableOr
has type
  Decidable (dr6F2CommonImage X Y (X + Y) ≠ ⊥ ∨ dr6F2KernelSum X Y (X + Y) ≠ ⊤)
but is expected to have type
  Decidable _a
in the application
  @ite ℚ _a instDecidableOr

Explanation: The rewrite tactic rewrites an expression 'e' using an equality 'a = b' by the following process. First, it looks for all 'a' in 'e'. Second, it tries to abstract these occurrences of 'a' to create a function 'm := fun _a => ...', called the *motive*, with the property that 'm a' is definitionally equal to 'e'. Third, we observe that 'congrArg' implies that 'm a = m b', which can be used with lemmas such as 'Eq.mpr' to change the goal. However, if 'e' depends on specific properties of 'a', then the motive 'm' might not typecheck.

Possible solutions: use rewrite's 'occs' configuration option to limit which occurrences are rewritten, or use 'simp' or 'conv' mode, which have strategies for certain kinds of dependencies (these tactics can handle proofs and 'Decidable' instances whose types depend on the rewritten term, and 'simp' can apply user-defined '@[congr]' theorems as well).

n d : ℕ
f : BinaryMatrix n d → ℂ
X Y : BinaryMatrix n d
hY : Y ∈ Finset.univ
cond : dr6F2A5OuterCarrier X → Prop :=
  fun p =>
    DR6ComplexOrdinarySelected (dr6F2A5OuterImage p) (dr6F2A5OuterKernel p) Y ∧
      DR6ComplexOrdinarySelected (dr6F2A5OuterImage p) (dr6F2A5OuterKernel p) (X + Y)
a : ℂ := complexFourierCoeff f Y
b : ℂ := complexFourierCoeff f (X + Y)
hcast : (∑ p ∈ sorry, if cond p then ↑(dr6F2A5OuterWeight X p) else 0) = ↑(dr6F2A5ActualSelectedWeightSum X Y)
hobs : dr6F2CommonImage X Y (X + Y) ≠ ⊥ ∨ dr6F2KernelSum X Y (X + Y) ≠ ⊤ ↔ DR6F2Obstruction X Y (X + Y)
⊢ ↑(if dr6F2CommonImage X Y (X + Y) ≠ ⊥ ∨ dr6F2KernelSum X Y (X + Y) ≠ ⊤ then 1 else 0) * a * b =
    (if DR6F2Obstruction X Y (X + Y) then 1 else 0) * a * b
C:\Users\Dan\Desktop\Projects\realizable-cmmsa-hardness\docs\native-receipts\ActualSelectedComplementAnalyticMoment\runtime-prebuild\local-native-own360\src\PvNP\RealizableHardness\ActualBinaryMatrixHC46DR6Incidence.lean:1453:16: error(lean.unknownIdentifier): Unknown identifier `ComplexFourierSupportedThrough`

Note: It is not possible to treat `ComplexFourierSupportedThrough` as an implicitly bound variable here because the `autoImplicit` option is set to `false`.
C:\Users\Dan\Desktop\Projects\realizable-cmmsa-hardness\docs\native-receipts\ActualSelectedComplementAnalyticMoment\runtime-prebuild\local-native-own360\src\PvNP\RealizableHardness\ActualBinaryMatrixHC46DR6Incidence.lean:1463:2: error: unsolved goals
case pos
n d D : ℕ
A : Submodule F (V d)
B : Submodule F (V n)
f : BinaryMatrix n d → ℂ
hsupport : sorry
hA : D < Module.finrank F ↥A ∨ D < Module.finrank F (V n ⧸ B)
M Y : BinaryMatrix n d
hY : Y ∈ Finset.univ
hsel : DR6ComplexOrdinarySelected A B Y
hgrades : Module.finrank F ↥A ≤ Matrix.rank Y ∧ Module.finrank F (V n ⧸ B) ≤ Matrix.rank Y
hrank : D < Matrix.rank Y
⊢ complexFourierCoeff f Y = 0 ∨ character Y M = 0
C:\Users\Dan\Desktop\Projects\realizable-cmmsa-hardness\docs\native-receipts\ActualSelectedComplementAnalyticMoment\runtime-prebuild\local-native-own360\src\PvNP\RealizableHardness\ActualBinaryMatrixHC46DR6Incidence.lean:1485:36: error: linarith failed to find a contradiction
D k : ℕ
hk : 1 ≤ k
hkD : k ≤ D
hkpos : 0 < k
hcast : ↑(dr6MobiusAlphaRat k) = (-1) ^ (k + 1) * 2 ^ (k * (k - 1) / 2)
hcast' : ↑↑(dr6MobiusAlpha k) = (-1) ^ (k + 1) * 2 ^ (k * (k - 1) / 2)
htri : 2 * (k * (k - 1) / 2) ≤ k * (k - 1)
a✝ : D * k < k * (k - 1)
⊢ False
failed
C:\Users\Dan\Desktop\Projects\realizable-cmmsa-hardness\docs\native-receipts\ActualSelectedComplementAnalyticMoment\runtime-prebuild\local-native-own360\src\PvNP\RealizableHardness\ActualBinaryMatrixHC46DR6Incidence.lean:1495:4: error: omega could not prove the goal:
a possible counterexample may satisfy the constraints
  e ≥ 0
  d ≥ 0
  2*d - e ≤ 0
  c ≥ 0
  0 ≤ c - 2*d ≤ 1
  c - e ≤ 0
  b ≥ 0
  a ≥ 1
  a - b ≤ 0
where
 a := ↑k
 b := ↑D
 c := ↑k * ↑(k - 1)
 d := ↑(k * (k - 1)) / 2
 e := ↑D * ↑k
C:\Users\Dan\Desktop\Projects\realizable-cmmsa-hardness\docs\native-receipts\ActualSelectedComplementAnalyticMoment\runtime-prebuild\local-native-own360\src\PvNP\RealizableHardness\ActualBinaryMatrixHC46DR6Incidence.lean:1500:29: error: unsolved goals
case ha
D k : ℕ
hk : 1 ≤ k
hkD : k ≤ D
hkpos : 0 < k
hcast : ↑(dr6MobiusAlphaRat k) = (-1) ^ (k + 1) * 2 ^ (k * (k - 1) / 2)
hcast' : ↑↑(dr6MobiusAlpha k) = (-1) ^ (k + 1) * 2 ^ (k * (k - 1) / 2)
htri : 2 * (k * (k - 1) / 2) ≤ k * (k - 1)
hprod : k * (k - 1) ≤ D * k
hexp : 2 * (k * (k - 1) / 2) ≤ D * k
hsign : ((-1) ^ (k + 1)) ^ 2 = 1
hpow : (2 ^ (k * (k - 1) / 2)) ^ 2 = 2 ^ (2 * (k * (k - 1) / 2))
⊢ 1 ≤ 2
C:\Users\Dan\Desktop\Projects\realizable-cmmsa-hardness\docs\native-receipts\ActualSelectedComplementAnalyticMoment\runtime-prebuild\local-native-own360\src\PvNP\RealizableHardness\ActualBinaryMatrixHC46DR6Incidence.lean:1566:12: error: Application type mismatch: The argument
  ?m.233
has type
  0 ≤ 16 / 15
but is expected to have type
  0 ≤ ∑ i ∈ Finset.range N, q ^ i
in the application
  mul_le_mul hq ih ?m.233
C:\Users\Dan\Desktop\Projects\realizable-cmmsa-hardness\docs\native-receipts\ActualSelectedComplementAnalyticMoment\runtime-prebuild\local-native-own360\src\PvNP\RealizableHardness\ActualBinaryMatrixHC46DR6Incidence.lean:1577:7: error(lean.synthInstanceFailed): failed to synthesize instance of type class
  Fintype (dr6F2OuterImageCarrier X × dr6F2OuterKernelCarrier X)

Hint: Type class instance resolution failures can be inspected with the `set_option trace.Meta.synthInstance true` command.
C:\Users\Dan\Desktop\Projects\realizable-cmmsa-hardness\docs\native-receipts\ActualSelectedComplementAnalyticMoment\runtime-prebuild\local-native-own360\src\PvNP\RealizableHardness\ActualBinaryMatrixHC46DR6Incidence.lean:1579:9: error(lean.synthInstanceFailed): failed to synthesize instance of type class
  Fintype (dr6F2OuterImageCarrier X × dr6F2OuterKernelCarrier X)

Hint: Type class instance resolution failures can be inspected with the `set_option trace.Meta.synthInstance true` command.
C:\Users\Dan\Desktop\Projects\realizable-cmmsa-hardness\docs\native-receipts\ActualSelectedComplementAnalyticMoment\runtime-prebuild\local-native-own360\src\PvNP\RealizableHardness\ActualBinaryMatrixHC46DR6Incidence.lean:1586:12: error(lean.synthInstanceFailed): failed to synthesize instance of type class
  Fintype (dr6F2OuterImageCarrier X × dr6F2OuterKernelCarrier X)

Hint: Type class instance resolution failures can be inspected with the `set_option trace.Meta.synthInstance true` command.
C:\Users\Dan\Desktop\Projects\realizable-cmmsa-hardness\docs\native-receipts\ActualSelectedComplementAnalyticMoment\runtime-prebuild\local-native-own360\src\PvNP\RealizableHardness\ActualBinaryMatrixHC46DR6Incidence.lean:1610:6: error: Type mismatch: After simplification, term
  h
 has type
  ↑(dr6MobiusAlphaRat j) ^ 2 ≤ 2 ^ (D * j)
but is expected to have type
  ↑(dr6MobiusAlphaRat j) * ↑(dr6MobiusAlphaRat j) ≤ 2 ^ (D * j)
C:\Users\Dan\Desktop\Projects\realizable-cmmsa-hardness\docs\native-receipts\ActualSelectedComplementAnalyticMoment\runtime-prebuild\local-native-own360\src\PvNP\RealizableHardness\ActualBinaryMatrixHC46DR6Incidence.lean:1617:6: error: Type mismatch: After simplification, term
  h
 has type
  ↑(dr6MobiusAlphaRat i) ^ 2 ≤ 2 ^ (D * i)
but is expected to have type
  ↑(dr6MobiusAlphaRat i) * ↑(dr6MobiusAlphaRat i) ≤ 2 ^ (D * i)
C:\Users\Dan\Desktop\Projects\realizable-cmmsa-hardness\docs\native-receipts\ActualSelectedComplementAnalyticMoment\runtime-prebuild\local-native-own360\src\PvNP\RealizableHardness\ActualBinaryMatrixHC46DR6Incidence.lean:1623:45: warning: `if_neg` has been deprecated: Use `ite_eq_right` instead
C:\Users\Dan\Desktop\Projects\realizable-cmmsa-hardness\docs\native-receipts\ActualSelectedComplementAnalyticMoment\runtime-prebuild\local-native-own360\src\PvNP\RealizableHardness\ActualBinaryMatrixHC46DR6Incidence.lean:1623:57: warning: `if_neg` has been deprecated: Use `ite_eq_right` instead
C:\Users\Dan\Desktop\Projects\realizable-cmmsa-hardness\docs\native-receipts\ActualSelectedComplementAnalyticMoment\runtime-prebuild\local-native-own360\src\PvNP\RealizableHardness\ActualBinaryMatrixHC46DR6Incidence.lean:1627:44: error: unsolved goals
D i j : ℕ
hi : i ≤ D
hj : j ≤ D
hi0 : ¬i = 0
hj0 : ¬j = 0
hipos : 1 ≤ i
hjpos : 1 ≤ j
hI : ↑(dr6MobiusAlphaRat i) ^ 2 ≤ 2 ^ (D * i)
hJ : ↑(dr6MobiusAlphaRat j) ^ 2 ≤ 2 ^ (D * j)
⊢ ↑(dr6MobiusAlphaRat i) * ↑(dr6MobiusAlphaRat i) = ↑(dr6MobiusAlphaRat i) ^ 2
C:\Users\Dan\Desktop\Projects\realizable-cmmsa-hardness\docs\native-receipts\ActualSelectedComplementAnalyticMoment\runtime-prebuild\local-native-own360\src\PvNP\RealizableHardness\ActualBinaryMatrixHC46DR6Incidence.lean:1630:44: error: unsolved goals
D i j : ℕ
hi : i ≤ D
hj : j ≤ D
hi0 : ¬i = 0
hj0 : ¬j = 0
hipos : 1 ≤ i
hjpos : 1 ≤ j
hI : ↑(dr6MobiusAlphaRat i) ^ 2 ≤ 2 ^ (D * i)
hJ : ↑(dr6MobiusAlphaRat j) ^ 2 ≤ 2 ^ (D * j)
hcastI : Complex.normSq ↑(dr6MobiusAlphaRat i) = ↑(dr6MobiusAlphaRat i) ^ 2
⊢ ↑(dr6MobiusAlphaRat j) * ↑(dr6MobiusAlphaRat j) = ↑(dr6MobiusAlphaRat j) ^ 2
C:\Users\Dan\Desktop\Projects\realizable-cmmsa-hardness\docs\native-receipts\ActualSelectedComplementAnalyticMoment\runtime-prebuild\local-native-own360\src\PvNP\RealizableHardness\ActualBinaryMatrixHC46DR6Incidence.lean:1696:68: error: unexpected token ':='; expected ')', ',' or ':'
C:\Users\Dan\Desktop\Projects\realizable-cmmsa-hardness\docs\native-receipts\ActualSelectedComplementAnalyticMoment\runtime-prebuild\local-native-own360\src\PvNP\RealizableHardness\ActualBinaryMatrixHC46DR6Incidence.lean:1657:9: error(lean.synthInstanceFailed): failed to synthesize instance of type class
  Fintype (dr6F2OuterImageCarrier X × dr6F2OuterKernelCarrier X)

Hint: Type class instance resolution failures can be inspected with the `set_option trace.Meta.synthInstance true` command.
C:\Users\Dan\Desktop\Projects\realizable-cmmsa-hardness\docs\native-receipts\ActualSelectedComplementAnalyticMoment\runtime-prebuild\local-native-own360\src\PvNP\RealizableHardness\ActualBinaryMatrixHC46DR6Incidence.lean:1661:70: error: unsolved goals
n d D i j : ℕ
f : BinaryMatrix n d → ℂ
X : BinaryMatrix n d
hX : Matrix.rank X ≤ 2 * D
hi : i ≤ D
hj : j ≤ D
hweight : Complex.normSq ↑(dr6F2SignedIncidenceWeight i j) ≤ 2 ^ (D * (i + j))
hgrade :
  Complex.normSq (dr6F2A5GradeSquareCoefficient f X i j) ≤
    sorry * ∑ p, Complex.normSq (complexFourierCoeff (fun M => DR6ComplexOrdinaryFilter (↑↑p.1) (↑p.2) f M ^ 2) X)
⊢ Complex.normSq (↑(dr6F2SignedIncidenceWeight i j) * dr6F2A5GradeSquareCoefficient f X i j) ≤
    2 ^ (3 * D * (i + j)) *
      ∑ p, Complex.normSq (complexFourierCoeff (fun M => DR6ComplexOrdinaryFilter (↑↑p.1) (↑p.2) f M ^ 2) X)
C:\Users\Dan\Desktop\Projects\realizable-cmmsa-hardness\docs\native-receipts\ActualSelectedComplementAnalyticMoment\runtime-prebuild\local-native-own360\src\PvNP\RealizableHardness\ActualBinaryMatrixHC46DR6Incidence.lean:1725:4: error(lean.synthInstanceFailed): failed to synthesize instance of type class
  Fintype (dr6F2NonzeroGradeGrid D)

Hint: Type class instance resolution failures can be inspected with the `set_option trace.Meta.synthInstance true` command.
C:\Users\Dan\Desktop\Projects\realizable-cmmsa-hardness\docs\native-receipts\ActualSelectedComplementAnalyticMoment\runtime-prebuild\local-native-own360\src\PvNP\RealizableHardness\ActualBinaryMatrixHC46DR6Incidence.lean:1735:45: error: Application type mismatch: The argument
  of_decide_eq_true (id (Eq.refl true))
has type
  1 < 2
but is expected to have type
  2 > 0
in the application
  @Nat.pow_le_pow_right 2 (of_decide_eq_true (id (Eq.refl true)))
C:\Users\Dan\Desktop\Projects\realizable-cmmsa-hardness\docs\native-receipts\ActualSelectedComplementAnalyticMoment\runtime-prebuild\local-native-own360\src\PvNP\RealizableHardness\ActualBinaryMatrixHC46DR6Incidence.lean:1763:14: error(lean.synthInstanceFailed): failed to synthesize instance of type class
  Fintype (dr6F2NonzeroGradeGrid D)

Hint: Type class instance resolution failures can be inspected with the `set_option trace.Meta.synthInstance true` command.
C:\Users\Dan\Desktop\Projects\realizable-cmmsa-hardness\docs\native-receipts\ActualSelectedComplementAnalyticMoment\runtime-prebuild\local-native-own360\src\PvNP\RealizableHardness\ActualBinaryMatrixHC46DR6Incidence.lean:1764:35: error: Type mismatch
  Finset.univ.erase zero
has type
  Finset (Fin (D + 1) × Fin (D + 1))
but is expected to have type
  ℝ
Try this:
  [apply] ring_nf
  
  The `ring` tactic failed to close the goal. Use `ring_nf` to obtain a normal form.
    
  Note that `ring` works primarily in *commutative* rings. If you have a noncommutative ring, abelian group or module, consider using `noncomm_ring`, `abel` or `module` instead.
C:\Users\Dan\Desktop\Projects\realizable-cmmsa-hardness\docs\native-receipts\ActualSelectedComplementAnalyticMoment\runtime-prebuild\local-native-own360\src\PvNP\RealizableHardness\ActualBinaryMatrixHC46DR6Incidence.lean:1783:50: error: unsolved goals
case e_a
D : ℕ
hD : 1 ≤ D
q : ℝ := 1 / 2 ^ (4 * D)
hden : 16 ≤ 2 ^ (4 * D)
hq0 : 0 ≤ q
hq : q ≤ 1 / 16
hgeom : ∑ i, q ^ ↑i ≤ 16 / 15
hgeom0 : 0 ≤ ∑ i, q ^ ↑i
zero : Fin (D + 1) × Fin (D + 1) := (0, 0)
w : Fin (D + 1) × Fin (D + 1) → ℝ := fun p => q ^ ↑p.1 * q ^ ↑p.2
hfactor : Finset.univ.sum w = (∑ i, q ^ ↑i) ^ 2
herase : (Finset.univ.erase zero).sum w + w zero = Finset.univ.sum w
hsub : sorry
hqpow : ∀ (k : ℕ), q ^ k = 1 / 2 ^ (4 * D * k)
p : dr6F2NonzeroGradeGrid D
hqpow1 : q ^ ↑(↑p).1 = 1 / 2 ^ (4 * D * ↑(↑p).1)
hqpow2 : q ^ ↑(↑p).2 = 1 / 2 ^ (4 * D * ↑(↑p).2)
⊢ 2 ^ (D * ↑(↑p).1 * 2) * 2 ^ (D * ↑(↑p).2 * 2) = 2

case e_a
D : ℕ
hD : 1 ≤ D
q : ℝ := 1 / 2 ^ (4 * D)
hden : 16 ≤ 2 ^ (4 * D)
hq0 : 0 ≤ q
hq : q ≤ 1 / 16
hgeom : ∑ i, q ^ ↑i ≤ 16 / 15
hgeom0 : 0 ≤ ∑ i, q ^ ↑i
zero : Fin (D + 1) × Fin (D + 1) := (0, 0)
w : Fin (D + 1) × Fin (D + 1) → ℝ := fun p => q ^ ↑p.1 * q ^ ↑p.2
hfactor : Finset.univ.sum w = (∑ i, q ^ ↑i) ^ 2
herase : (Finset.univ.erase zero).sum w + w zero = Finset.univ.sum w
hsub : sorry
hqpow : ∀ (k : ℕ), q ^ k = 1 / 2 ^ (4 * D * k)
p : dr6F2NonzeroGradeGrid D
hqpow1 : q ^ ↑(↑p).1 = 1 / 2 ^ (4 * D * ↑(↑p).1)
hqpow2 : q ^ ↑(↑p).2 = 1 / 2 ^ (4 * D * ↑(↑p).2)
⊢ 2 = 4 * D * (↑(↑p).1 + ↑(↑p).2)
C:\Users\Dan\Desktop\Projects\realizable-cmmsa-hardness\docs\native-receipts\ActualSelectedComplementAnalyticMoment\runtime-prebuild\local-native-own360\src\PvNP\RealizableHardness\ActualBinaryMatrixHC46DR6Incidence.lean:1791:32: error(lean.invalidField): Invalid field `val`: The environment does not contain `Prod.val`, so it is not possible to project the field `val` from an expression
  ↑p
of type `Fin (D + 1) × Fin (D + 1)`
C:\Users\Dan\Desktop\Projects\realizable-cmmsa-hardness\docs\native-receipts\ActualSelectedComplementAnalyticMoment\runtime-prebuild\local-native-own360\src\PvNP\RealizableHardness\ActualBinaryMatrixHC46DR6Incidence.lean:1791:46: error(lean.invalidField): Invalid field `val`: The environment does not contain `Quot.lift.val`, so it is not possible to project the field `val` from an expression
  p.property
of type
  Quot.lift (fun l => ↑p ∈ l) ⋯ (Finset.univ.erase (0, 0)).val
C:\Users\Dan\Desktop\Projects\realizable-cmmsa-hardness\docs\native-receipts\ActualSelectedComplementAnalyticMoment\runtime-prebuild\local-native-own360\src\PvNP\RealizableHardness\ActualBinaryMatrixHC46DR6Incidence.lean:1792:39: error(lean.invalidField): Invalid field `val`: The environment does not contain `Prod.val`, so it is not possible to project the field `val` from an expression
  ↑p
of type `Fin (D + 1) × Fin (D + 1)`
C:\Users\Dan\Desktop\Projects\realizable-cmmsa-hardness\docs\native-receipts\ActualSelectedComplementAnalyticMoment\runtime-prebuild\local-native-own360\src\PvNP\RealizableHardness\ActualBinaryMatrixHC46DR6Incidence.lean:1792:53: error(lean.invalidField): Invalid field `val`: The environment does not contain `Quot.lift.val`, so it is not possible to project the field `val` from an expression
  p.property
of type
  Quot.lift (fun l => ↑p ∈ l) ⋯ (Finset.univ.erase (0, 0)).val
Try this:
  [apply] ring_nf
  
  The `ring` tactic failed to close the goal. Use `ring_nf` to obtain a normal form.
    
  Note that `ring` works primarily in *commutative* rings. If you have a noncommutative ring, abelian group or module, consider using `noncomm_ring`, `abel` or `module` instead.
C:\Users\Dan\Desktop\Projects\realizable-cmmsa-hardness\docs\native-receipts\ActualSelectedComplementAnalyticMoment\runtime-prebuild\local-native-own360\src\PvNP\RealizableHardness\ActualBinaryMatrixHC46DR6Incidence.lean:1793:17: error: unsolved goals
case e_a
D : ℕ
hD : 1 ≤ D
q : ℝ := 1 / 2 ^ (4 * D)
hden : 16 ≤ 2 ^ (4 * D)
hq0 : 0 ≤ q
hq : q ≤ 1 / 16
hgeom : ∑ i, q ^ ↑i ≤ 16 / 15
hgeom0 : 0 ≤ ∑ i, q ^ ↑i
zero : Fin (D + 1) × Fin (D + 1) := (0, 0)
w : Fin (D + 1) × Fin (D + 1) → ℝ := fun p => q ^ ↑p.1 * q ^ ↑p.2
hfactor : Finset.univ.sum w = (∑ i, q ^ ↑i) ^ 2
herase : (Finset.univ.erase zero).sum w + w zero = Finset.univ.sum w
hsub : sorry
hqpow : ∀ (k : ℕ), q ^ k = 1 / 2 ^ (4 * D * k)
p : dr6F2NonzeroGradeGrid D
hqpow1 : q ^ ↑(↑p).1 = 1 / 2 ^ (4 * D * ↑(↑p).1)
hqpow2 : q ^ ↑(↑p).2 = 1 / 2 ^ (4 * D * ↑(↑p).2)
hdenpow : (2 ^ (2 * D * (↑(↑p).1 + ↑(↑p).2))) ^ 2 = 2 ^ (4 * D * (↑(↑p).1 + ↑(↑p).2))
⊢ D * sorry * 8 = D * ↑(↑p).1 * 4 + D * ↑(↑p).2 * 4
C:\Users\Dan\Desktop\Projects\realizable-cmmsa-hardness\docs\native-receipts\ActualSelectedComplementAnalyticMoment\runtime-prebuild\local-native-own360\src\PvNP\RealizableHardness\ActualBinaryMatrixHC46DR6Incidence.lean:1803:18: error(lean.synthInstanceFailed): failed to synthesize instance of type class
  Fintype (dr6F2NonzeroGradeGrid D)

Hint: Type class instance resolution failures can be inspected with the `set_option trace.Meta.synthInstance true` command.
C:\Users\Dan\Desktop\Projects\realizable-cmmsa-hardness\docs\native-receipts\ActualSelectedComplementAnalyticMoment\runtime-prebuild\local-native-own360\src\PvNP\RealizableHardness\ActualBinaryMatrixHC46DR6Incidence.lean:1805:8: error: Type mismatch
  Finset.univ.erase zero
has type
  Finset (Fin (D + 1) × Fin (D + 1))
but is expected to have type
  ℝ
C:\Users\Dan\Desktop\Projects\realizable-cmmsa-hardness\docs\native-receipts\ActualSelectedComplementAnalyticMoment\runtime-prebuild\local-native-own360\src\PvNP\RealizableHardness\ActualBinaryMatrixHC46DR6Incidence.lean:1807:10: error(lean.synthInstanceFailed): failed to synthesize instance of type class
  Fintype (dr6F2NonzeroGradeGrid D)

Hint: Type class instance resolution failures can be inspected with the `set_option trace.Meta.synthInstance true` command.
C:\Users\Dan\Desktop\Projects\realizable-cmmsa-hardness\docs\native-receipts\ActualSelectedComplementAnalyticMoment\runtime-prebuild\local-native-own360\src\PvNP\RealizableHardness\ActualBinaryMatrixHC46DR6Incidence.lean:1812:6: error: invalid 'calc' step, relation expected
  ?m.1314
C:\Users\Dan\Desktop\Projects\realizable-cmmsa-hardness\docs\native-receipts\ActualSelectedComplementAnalyticMoment\runtime-prebuild\local-native-own360\src\PvNP\RealizableHardness\ActualBinaryMatrixHC46DR6Incidence.lean:1824:20: error(lean.synthInstanceFailed): failed to synthesize instance of type class
  Fintype (dr6F2NonzeroGradeGrid D)

Hint: Type class instance resolution failures can be inspected with the `set_option trace.Meta.synthInstance true` command.
C:\Users\Dan\Desktop\Projects\realizable-cmmsa-hardness\docs\native-receipts\ActualSelectedComplementAnalyticMoment\runtime-prebuild\local-native-own360\src\PvNP\RealizableHardness\ActualBinaryMatrixHC46DR6Incidence.lean:1826:8: error(lean.synthInstanceFailed): failed to synthesize instance of type class
  Fintype (dr6F2NonzeroGradeGrid D)

Hint: Type class instance resolution failures can be inspected with the `set_option trace.Meta.synthInstance true` command.
C:\Users\Dan\Desktop\Projects\realizable-cmmsa-hardness\docs\native-receipts\ActualSelectedComplementAnalyticMoment\runtime-prebuild\local-native-own360\src\PvNP\RealizableHardness\ActualBinaryMatrixHC46DR6Incidence.lean:1833:14: error(lean.synthInstanceFailed): failed to synthesize instance of type class
  Fintype (dr6F2NonzeroGradeGrid D)

Hint: Type class instance resolution failures can be inspected with the `set_option trace.Meta.synthInstance true` command.
C:\Users\Dan\Desktop\Projects\realizable-cmmsa-hardness\docs\native-receipts\ActualSelectedComplementAnalyticMoment\runtime-prebuild\local-native-own360\src\PvNP\RealizableHardness\ActualBinaryMatrixHC46DR6Incidence.lean:1834:17: error(lean.unknownIdentifier): Unknown identifier `dr6_f2_grade_grid_first_factor_le`
C:\Users\Dan\Desktop\Projects\realizable-cmmsa-hardness\docs\native-receipts\ActualSelectedComplementAnalyticMoment\runtime-prebuild\local-native-own360\src\PvNP\RealizableHardness\ActualBinaryMatrixHC46DR6Incidence.lean:1828:37: error: unsolved goals
case refine_2
D : ℕ
hD : 1 ≤ D
z : dr6F2NonzeroGradeGrid D → ℂ
c : dr6F2NonzeroGradeGrid D → ℝ := fun p => 2 ^ (2 * D * (↑(↑p).1 + ↑(↑p).2))
hc : ∀ (p : dr6F2NonzeroGradeGrid D), 0 < c p
hcs : Complex.normSq (Finset.univ.sum z) ≤ (∑ i, (1 / c i) ^ 2) * ∑ i, c i ^ 2 * Complex.normSq (z i)
⊢ Complex.normSq (Finset.univ.sum z) ≤ 31 / 225 * ∑ p, 2 ^ (4 * D * (↑(↑p).1 + ↑(↑p).2)) * Complex.normSq (z p)
C:\Users\Dan\Desktop\Projects\realizable-cmmsa-hardness\docs\native-receipts\ActualSelectedComplementAnalyticMoment\runtime-prebuild\local-native-own360\src\PvNP\RealizableHardness\ActualBinaryMatrixHC46DR6Incidence.lean:1860:16: error(lean.unknownIdentifier): Unknown identifier `ComplexFourierSupportedThrough`

Note: It is not possible to treat `ComplexFourierSupportedThrough` as an implicitly bound variable here because the `autoImplicit` option is set to `false`.
C:\Users\Dan\Desktop\Projects\realizable-cmmsa-hardness\docs\native-receipts\ActualSelectedComplementAnalyticMoment\runtime-prebuild\local-native-own360\src\PvNP\RealizableHardness\ActualBinaryMatrixHC46DR6Incidence.lean:1884:33: error: unsolved goals
n d D : ℕ
f : BinaryMatrix n d → ℂ
X : BinaryMatrix n d
hsupport : sorry
hX : 2 * D < Matrix.rank X
Y : BinaryMatrix n d
hY : Y ∈ Finset.univ
hprod : ¬complexFourierCoeff f Y * complexFourierCoeff f (X + Y) = 0
hfy : ¬complexFourierCoeff f Y = 0
hfxdy : ¬complexFourierCoeff f (X + Y) = 0
hy : Matrix.rank Y ≤ D
hz : Matrix.rank (X + Y) ≤ D
hsum : Matrix.rank (Y + (X + Y)) ≤ Matrix.rank Y + Matrix.rank (X + Y)
a : Fin n
b : Fin d
⊢ Y a b + (X a b + Y a b) = X a b
C:\Users\Dan\Desktop\Projects\realizable-cmmsa-hardness\docs\native-receipts\ActualSelectedComplementAnalyticMoment\runtime-prebuild\local-native-own360\src\PvNP\RealizableHardness\ActualBinaryMatrixHC46DR6Incidence.lean:1886:30: warning: This simp argument is unused:
  add_assoc

Hint: Omit it from the simp argument list.
  [apply] simp [Matrix.add_apply]

Note: This linter can be disabled with `set_option linter.unusedSimpArgs false`
C:\Users\Dan\Desktop\Projects\realizable-cmmsa-hardness\docs\native-receipts\ActualSelectedComplementAnalyticMoment\runtime-prebuild\local-native-own360\src\PvNP\RealizableHardness\ActualBinaryMatrixHC46DR6Incidence.lean:1894:16: error(lean.unknownIdentifier): Unknown identifier `ComplexFourierSupportedThrough`

Note: It is not possible to treat `ComplexFourierSupportedThrough` as an implicitly bound variable here because the `autoImplicit` option is set to `false`.
C:\Users\Dan\Desktop\Projects\realizable-cmmsa-hardness\docs\native-receipts\ActualSelectedComplementAnalyticMoment\runtime-prebuild\local-native-own360\src\PvNP\RealizableHardness\ActualBinaryMatrixHC46DR6Incidence.lean:1911:4: error(lean.synthInstanceFailed): failed to synthesize instance of type class
  Fintype (dr6F2ActualGradeGrid r s)

Hint: Type class instance resolution failures can be inspected with the `set_option trace.Meta.synthInstance true` command.
C:\Users\Dan\Desktop\Projects\realizable-cmmsa-hardness\docs\native-receipts\ActualSelectedComplementAnalyticMoment\runtime-prebuild\local-native-own360\src\PvNP\RealizableHardness\ActualBinaryMatrixHC46DR6Incidence.lean:1920:22: error: unsolved goals
case ha
D r s : ℕ
hD : 1 ≤ D
q : ℝ := ⋯
hexp : 4 ≤ 4 * D
⊢ 1 ≤ 2
C:\Users\Dan\Desktop\Projects\realizable-cmmsa-hardness\docs\native-receipts\ActualSelectedComplementAnalyticMoment\runtime-prebuild\local-native-own360\src\PvNP\RealizableHardness\ActualBinaryMatrixHC46DR6Incidence.lean:1943:46: error: Application type mismatch: The argument
  w
has type
  Fin (r + 1) × Fin (s + 1) → ℝ
but is expected to have type
  Fin (r + 1) × Fin (s + 1) → Prop
in the application
  (Finset.univ.erase zero).sum w
C:\Users\Dan\Desktop\Projects\realizable-cmmsa-hardness\docs\native-receipts\ActualSelectedComplementAnalyticMoment\runtime-prebuild\local-native-own360\src\PvNP\RealizableHardness\ActualBinaryMatrixHC46DR6Incidence.lean:1943:16: error(lean.synthInstanceFailed): failed to synthesize instance of type class
  AddCommMonoid (Sort ?u.346)

Hint: Type class instance resolution failures can be inspected with the `set_option trace.Meta.synthInstance true` command.
C:\Users\Dan\Desktop\Projects\realizable-cmmsa-hardness\docs\native-receipts\ActualSelectedComplementAnalyticMoment\runtime-prebuild\local-native-own360\src\PvNP\RealizableHardness\ActualBinaryMatrixHC46DR6Incidence.lean:1913:18: error: unsolved goals
case herase
D r s : ℕ
hD : 1 ≤ D
q : ℝ := 1 / 2 ^ (4 * D)
hden : 16 ≤ 2 ^ (4 * D)
hq0 : 0 ≤ q
hq : q ≤ 1 / 16
hgR : ∑ i, q ^ ↑i ≤ 16 / 15
hgS : ∑ j, q ^ ↑j ≤ 16 / 15
hgR0 : 0 ≤ ∑ i, q ^ ↑i
hgS0 : 0 ≤ ∑ j, q ^ ↑j
zero : Fin (r + 1) × Fin (s + 1) := (0, 0)
w : Fin (r + 1) × Fin (s + 1) → ℝ := fun p => q ^ ↑p.1 * q ^ ↑p.2
hfactor : Finset.univ.sum w = (∑ i, q ^ ↑i) * ∑ j, q ^ ↑j
⊢ sorry

D r s : ℕ
hD : 1 ≤ D
q : ℝ := 1 / 2 ^ (4 * D)
hden : 16 ≤ 2 ^ (4 * D)
hq0 : 0 ≤ q
hq : q ≤ 1 / 16
hgR : ∑ i, q ^ ↑i ≤ 16 / 15
hgS : ∑ j, q ^ ↑j ≤ 16 / 15
hgR0 : 0 ≤ ∑ i, q ^ ↑i
hgS0 : 0 ≤ ∑ j, q ^ ↑j
zero : Fin (r + 1) × Fin (s + 1) := (0, 0)
w : Fin (r + 1) × Fin (s + 1) → ℝ := fun p => q ^ ↑p.1 * q ^ ↑p.2
hfactor : Finset.univ.sum w = (∑ i, q ^ ↑i) * ∑ j, q ^ ↑j
herase : sorry
⊢ ∑ p, (1 / 2 ^ (2 * D * (↑(↑p).1 + ↑(↑p).2))) ^ 2 ≤ 31 / 225
C:\Users\Dan\Desktop\Projects\realizable-cmmsa-hardness\docs\native-receipts\ActualSelectedComplementAnalyticMoment\runtime-prebuild\local-native-own360\src\PvNP\RealizableHardness\ActualBinaryMatrixHC46DR6Incidence.lean:1943:48: error: unexpected token '+'; expected command
C:\Users\Dan\Desktop\Projects\realizable-cmmsa-hardness\docs\native-receipts\ActualSelectedComplementAnalyticMoment\runtime-prebuild\local-native-own360\src\PvNP\RealizableHardness\ActualBinaryMatrixHC46DR6Incidence.lean:2005:20: error(lean.synthInstanceFailed): failed to synthesize instance of type class
  Fintype (dr6F2ActualGradeGrid r s)

Hint: Type class instance resolution failures can be inspected with the `set_option trace.Meta.synthInstance true` command.
C:\Users\Dan\Desktop\Projects\realizable-cmmsa-hardness\docs\native-receipts\ActualSelectedComplementAnalyticMoment\runtime-prebuild\local-native-own360\src\PvNP\RealizableHardness\ActualBinaryMatrixHC46DR6Incidence.lean:2006:24: error(lean.synthInstanceFailed): failed to synthesize instance of type class
  Fintype (dr6F2ActualGradeGrid r s)

Hint: Type class instance resolution failures can be inspected with the `set_option trace.Meta.synthInstance true` command.
C:\Users\Dan\Desktop\Projects\realizable-cmmsa-hardness\docs\native-receipts\ActualSelectedComplementAnalyticMoment\runtime-prebuild\local-native-own360\src\PvNP\RealizableHardness\ActualBinaryMatrixHC46DR6Incidence.lean:2012:14: error(lean.synthInstanceFailed): failed to synthesize instance of type class
  Fintype (dr6F2ActualGradeGrid r s)

Hint: Type class instance resolution failures can be inspected with the `set_option trace.Meta.synthInstance true` command.
C:\Users\Dan\Desktop\Projects\realizable-cmmsa-hardness\docs\native-receipts\ActualSelectedComplementAnalyticMoment\runtime-prebuild\local-native-own360\src\PvNP\RealizableHardness\ActualBinaryMatrixHC46DR6Incidence.lean:2013:17: error(lean.unknownIdentifier): Unknown identifier `dr6_f2_actual_grade_grid_first_factor_le`
C:\Users\Dan\Desktop\Projects\realizable-cmmsa-hardness\docs\native-receipts\ActualSelectedComplementAnalyticMoment\runtime-prebuild\local-native-own360\src\PvNP\RealizableHardness\ActualBinaryMatrixHC46DR6Incidence.lean:2007:74: error: maximum number of errors (100; from option `maxErrors`) reached, exiting
