C:\Users\Dan\Desktop\Projects\realizable-cmmsa-hardness\docs\native-receipts\ActualSelectedComplementAnalyticMoment\runtime-prebuild\local-native-own342\src\PvNP\RealizableHardness\ActualBinaryMatrixHC46DR6Convolution.lean:434:8: warning: try 'simp' instead of 'simpa'

Note: This linter can be disabled with `set_option linter.unnecessarySimpa false`
C:\Users\Dan\Desktop\Projects\realizable-cmmsa-hardness\docs\native-receipts\ActualSelectedComplementAnalyticMoment\runtime-prebuild\local-native-own342\src\PvNP\RealizableHardness\ActualBinaryMatrixHC46DR6Convolution.lean:441:8: warning: try 'simp' instead of 'simpa'

Note: This linter can be disabled with `set_option linter.unnecessarySimpa false`
C:\Users\Dan\Desktop\Projects\realizable-cmmsa-hardness\docs\native-receipts\ActualSelectedComplementAnalyticMoment\runtime-prebuild\local-native-own342\src\PvNP\RealizableHardness\ActualBinaryMatrixHC46DR6Convolution.lean:447:8: warning: try 'simp' instead of 'simpa'

Note: This linter can be disabled with `set_option linter.unnecessarySimpa false`
C:\Users\Dan\Desktop\Projects\realizable-cmmsa-hardness\docs\native-receipts\ActualSelectedComplementAnalyticMoment\runtime-prebuild\local-native-own342\src\PvNP\RealizableHardness\ActualBinaryMatrixHC46DR6Convolution.lean:455:8: warning: try 'simp' instead of 'simpa'

Note: This linter can be disabled with `set_option linter.unnecessarySimpa false`
C:\Users\Dan\Desktop\Projects\realizable-cmmsa-hardness\docs\native-receipts\ActualSelectedComplementAnalyticMoment\runtime-prebuild\local-native-own342\src\PvNP\RealizableHardness\ActualBinaryMatrixHC46DR6Convolution.lean:461:8: warning: try 'simp' instead of 'simpa'

Note: This linter can be disabled with `set_option linter.unnecessarySimpa false`
C:\Users\Dan\Desktop\Projects\realizable-cmmsa-hardness\docs\native-receipts\ActualSelectedComplementAnalyticMoment\runtime-prebuild\local-native-own342\src\PvNP\RealizableHardness\ActualBinaryMatrixHC46DR6Convolution.lean:473:8: warning: try 'simp' instead of 'simpa'

Note: This linter can be disabled with `set_option linter.unnecessarySimpa false`
C:\Users\Dan\Desktop\Projects\realizable-cmmsa-hardness\docs\native-receipts\ActualSelectedComplementAnalyticMoment\runtime-prebuild\local-native-own342\src\PvNP\RealizableHardness\ActualBinaryMatrixHC46DR6Convolution.lean:483:8: warning: try 'simp' instead of 'simpa'

Note: This linter can be disabled with `set_option linter.unnecessarySimpa false`
C:\Users\Dan\Desktop\Projects\realizable-cmmsa-hardness\docs\native-receipts\ActualSelectedComplementAnalyticMoment\runtime-prebuild\local-native-own342\src\PvNP\RealizableHardness\ActualBinaryMatrixHC46DR6Convolution.lean:492:8: warning: try 'simp' instead of 'simpa'

Note: This linter can be disabled with `set_option linter.unnecessarySimpa false`
C:\Users\Dan\Desktop\Projects\realizable-cmmsa-hardness\docs\native-receipts\ActualSelectedComplementAnalyticMoment\runtime-prebuild\local-native-own342\src\PvNP\RealizableHardness\ActualBinaryMatrixHC46DR6Convolution.lean:499:8: warning: try 'simp' instead of 'simpa'

Note: This linter can be disabled with `set_option linter.unnecessarySimpa false`
C:\Users\Dan\Desktop\Projects\realizable-cmmsa-hardness\docs\native-receipts\ActualSelectedComplementAnalyticMoment\runtime-prebuild\local-native-own342\src\PvNP\RealizableHardness\ActualBinaryMatrixHC46DR6Convolution.lean:799:2: warning: Try this: 
  letI̵

The goal is a proposition, so `let` is preferred over `letI`.
The difference between `let` and `letI` is that `letI` inlines the value.
But this is not relevant for proofs because of proof irrelevance.

Note: This linter can be disabled with `set_option linter.style.haveILetI false`
Try this:
  [apply] ring_nf
  
  The `ring` tactic failed to close the goal. Use `ring_nf` to obtain a normal form.
    
  Note that `ring` works primarily in *commutative* rings. If you have a noncommutative ring, abelian group or module, consider using `noncomm_ring`, `abel` or `module` instead.
C:\Users\Dan\Desktop\Projects\realizable-cmmsa-hardness\docs\native-receipts\ActualSelectedComplementAnalyticMoment\runtime-prebuild\local-native-own342\src\PvNP\RealizableHardness\ActualBinaryMatrixHC46DR6Convolution.lean:806:23: error: unsolved goals
n d : ℕ
Y : BinaryMatrix n d
this : Fintype { A // w6Precedes A Y } := Fintype.ofFinite { A // w6Precedes A Y }
p : DR6DirectYDecomposition Y
i : Fin n
j : Fin d
⊢ (↑p).1 i j * 2 + (↑p).2 i j = (↑p).2 i j
C:\Users\Dan\Desktop\Projects\realizable-cmmsa-hardness\docs\native-receipts\ActualSelectedComplementAnalyticMoment\runtime-prebuild\local-native-own342\src\PvNP\RealizableHardness\ActualBinaryMatrixHC46DR6Convolution.lean:825:8: error: synthesized type class instance is not definitionally equal to expression inferred by typing rules, synthesized
  this
inferred
  Subtype.fintype fun A => w6Precedes A Y
C:\Users\Dan\Desktop\Projects\realizable-cmmsa-hardness\docs\native-receipts\ActualSelectedComplementAnalyticMoment\runtime-prebuild\local-native-own342\src\PvNP\RealizableHardness\ActualBinaryMatrixHC46DR6Convolution.lean:834:2: warning: Try this: 
  letI̵

The goal is a proposition, so `let` is preferred over `letI`.
The difference between `let` and `letI` is that `letI` inlines the value.
But this is not relevant for proofs because of proof irrelevance.

Note: This linter can be disabled with `set_option linter.style.haveILetI false`
C:\Users\Dan\Desktop\Projects\realizable-cmmsa-hardness\docs\native-receipts\ActualSelectedComplementAnalyticMoment\runtime-prebuild\local-native-own342\src\PvNP\RealizableHardness\ActualBinaryMatrixHC46DR6Convolution.lean:865:8: error: synthesized type class instance is not definitionally equal to expression inferred by typing rules, synthesized
  this
inferred
  Subtype.fintype fun A => w6Precedes A Y
C:\Users\Dan\Desktop\Projects\realizable-cmmsa-hardness\docs\native-receipts\ActualSelectedComplementAnalyticMoment\runtime-prebuild\local-native-own342\src\PvNP\RealizableHardness\ActualBinaryMatrixHC46DR6Convolution.lean:873:2: warning: Try this: 
  letI̵

The goal is a proposition, so `let` is preferred over `letI`.
The difference between `let` and `letI` is that `letI` inlines the value.
But this is not relevant for proofs because of proof irrelevance.

Note: This linter can be disabled with `set_option linter.style.haveILetI false`
C:\Users\Dan\Desktop\Projects\realizable-cmmsa-hardness\docs\native-receipts\ActualSelectedComplementAnalyticMoment\runtime-prebuild\local-native-own342\src\PvNP\RealizableHardness\ActualBinaryMatrixHC46DR6Convolution.lean:877:6: error: Type mismatch
  dr6_y_decomposition_card_le_predecessors Y
has type
  Fintype.card (DR6DirectYDecomposition Y) ≤
    @Fintype.card { A // w6Precedes A Y } (Subtype.fintype fun A => w6Precedes A Y)
but is expected to have type
  Fintype.card (DR6DirectYDecomposition Y) ≤ @Fintype.card { A // w6Precedes A Y } this
C:\Users\Dan\Desktop\Projects\realizable-cmmsa-hardness\docs\native-receipts\ActualSelectedComplementAnalyticMoment\runtime-prebuild\local-native-own342\src\PvNP\RealizableHardness\ActualBinaryMatrixHC46DR6Convolution.lean:879:6: error: Type mismatch: After simplification, term
  dr6_predecessor_card_le_end Y
 has type
  @Fintype.card { A // w6Precedes A Y } (Subtype.fintype fun A => w6Precedes A Y) ≤
    Fintype.card (Module.End F ↥(Matrix.toLin' (Matrix.transpose Y)).range)
but is expected to have type
  @Fintype.card { A // w6Precedes A Y } this ≤ Fintype.card (Module.End F ↥(Matrix.toLin' (Matrix.transpose Y)).range)
C:\Users\Dan\Desktop\Projects\realizable-cmmsa-hardness\docs\native-receipts\ActualSelectedComplementAnalyticMoment\runtime-prebuild\local-native-own342\src\PvNP\RealizableHardness\ActualBinaryMatrixHC46DR6Convolution.lean:884:8: error: Type mismatch: After simplification, term
  dr6_matrix_rank_eq_finrank Y
 has type
  @Eq ℕ (Module.finrank F ↥(Matrix.toLin' (Matrix.transpose Y)).range) (Matrix.rank Y)
but is expected to have type
  @Eq ℕ (Module.finrank F ↥(Matrix.toLin' (Matrix.transpose Y)).range) (Matrix.rank Y)
C:\Users\Dan\Desktop\Projects\realizable-cmmsa-hardness\docs\native-receipts\ActualSelectedComplementAnalyticMoment\runtime-prebuild\local-native-own342\src\PvNP\RealizableHardness\ActualBinaryMatrixHC46DR6Convolution.lean:886:10: error: Tactic `rewrite` failed: Did not find an occurrence of the pattern
  Fintype.card (↥E →ₗ[F] ↥E)
in the target expression
  Fintype.card (Module.End F ↥(Matrix.toLin' (Matrix.transpose Y)).range) = 2 ^ (Matrix.rank Y * Matrix.rank Y)

n d : ℕ
Y : BinaryMatrix n d
this : Fintype { A // w6Precedes A Y } := Fintype.ofFinite { A // w6Precedes A Y }
E : Submodule F (V d) := (transposeMap Y).range
b : Module.Basis (Fin (Module.finrank F ↥E)) F ↥E := Module.finBasis F ↥E
hdim : Module.finrank F ↥E = Matrix.rank Y
e : (↥E →ₗ[F] ↥E) ≃ₗ[F] Matrix (Fin (Module.finrank F ↥E)) (Fin (Module.finrank F ↥E)) F := LinearMap.toMatrix b b
⊢ Fintype.card (Module.End F ↥(Matrix.toLin' (Matrix.transpose Y)).range) = 2 ^ (Matrix.rank Y * Matrix.rank Y)
C:\Users\Dan\Desktop\Projects\realizable-cmmsa-hardness\docs\native-receipts\ActualSelectedComplementAnalyticMoment\runtime-prebuild\local-native-own342\src\PvNP\RealizableHardness\ActualBinaryMatrixHC46DR6Convolution.lean:926:8: warning: This simp argument is unused:
  BinaryMatrixFourier.uniformMean_const

Hint: Omit it from the simp argument list.
  [apply] simp [BinaryMatrixFourier.fourierCoeff, BinaryMatrixFourier.uniformMean]

Note: This linter can be disabled with `set_option linter.unusedSimpArgs false`
C:\Users\Dan\Desktop\Projects\realizable-cmmsa-hardness\docs\native-receipts\ActualSelectedComplementAnalyticMoment\runtime-prebuild\local-native-own342\src\PvNP\RealizableHardness\ActualBinaryMatrixHC46DR6Convolution.lean:967:4: error: unsolved goals
case a
n d D : ℕ
f : BinaryMatrix n d → ℝ
hsupport : ∀ (Y : BinaryMatrix n d), D < Matrix.rank Y → fourierCoeff f Y = 0
fc : BinaryMatrix n d → ℂ := fun M => ↑(f M)
Y : BinaryMatrix n d
hY : D < Matrix.rank Y
⊢ fourierCoeff (fun M => 0) Y = 0
C:\Users\Dan\Desktop\Projects\realizable-cmmsa-hardness\docs\native-receipts\ActualSelectedComplementAnalyticMoment\runtime-prebuild\local-native-own342\src\PvNP\RealizableHardness\ActualBinaryMatrixHC46DR6Convolution.lean:968:16: warning: This simp argument is unused:
  complexFourierCoeff

Hint: Omit it from the simp argument list.
  [apply] simp [fc, BinaryMatrixFourier.uniformMean, BinaryMatrixFourier.uniformMean_const]

Note: This linter can be disabled with `set_option linter.unusedSimpArgs false`
C:\Users\Dan\Desktop\Projects\realizable-cmmsa-hardness\docs\native-receipts\ActualSelectedComplementAnalyticMoment\runtime-prebuild\local-native-own342\src\PvNP\RealizableHardness\ActualBinaryMatrixHC46DR6Convolution.lean:968:37: warning: This simp argument is unused:
  BinaryMatrixFourier.uniformMean

Hint: Omit it from the simp argument list.
  [apply] simp [fc, complexFourierCoeff, BinaryMatrixFourier.uniformMean_const]

Note: This linter can be disabled with `set_option linter.unusedSimpArgs false`
C:\Users\Dan\Desktop\Projects\realizable-cmmsa-hardness\docs\native-receipts\ActualSelectedComplementAnalyticMoment\runtime-prebuild\local-native-own342\src\PvNP\RealizableHardness\ActualBinaryMatrixHC46DR6Convolution.lean:969:8: warning: This simp argument is unused:
  BinaryMatrixFourier.uniformMean_const

Hint: Omit it from the simp argument list.
  [apply] simp [fc, complexFourierCoeff, BinaryMatrixFourier.uniformMean]

Note: This linter can be disabled with `set_option linter.unusedSimpArgs false`
