lean/PvNP/RealizableHardness/ActualStarExtensionProduct.lean:39:62: error: unsolved goals
Ω : Type u_2
inst✝² : Fintype Ω
inst✝¹ : Nonempty Ω
P : Ω → Prop
inst✝ : DecidablePred P
⊢ ↑(Finset.filter P Finset.univ).card * (↑(Fintype.card Ω))⁻¹ = ↑(Finset.filter P Finset.univ).card / ↑(Fintype.card Ω)
lean/PvNP/RealizableHardness/ActualStarExtensionProduct.lean:54:17: error: Invalid `⟨...⟩` notation: The expected type of this term could not be determined
lean/PvNP/RealizableHardness/ActualStarExtensionProduct.lean:55:16: error: Invalid `⟨...⟩` notation: The expected type of this term could not be determined
lean/PvNP/RealizableHardness/ActualStarExtensionProduct.lean:49:66: error: unsolved goals
case e
I : Type u_2
Ω : Type u_3
inst✝³ : Fintype I
inst✝² : Fintype Ω
inst✝¹ : Nonempty Ω
P : I → Ω → Prop
inst✝ : (i : I) → DecidablePred (P i)
Good : Type (max 0 u_2 u_3) := { x // ∀ (i : I), P i (x i) }
Choice : I → Type (max 0 u_3) := fun i => { x // P i x }
⊢ Good ≃ ((i : I) → Choice i)

I : Type u_2
Ω : Type u_3
inst✝³ : Fintype I
inst✝² : Fintype Ω
inst✝¹ : Nonempty Ω
P : I → Ω → Prop
inst✝ : (i : I) → DecidablePred (P i)
Good : Type (max 0 u_2 u_3) := { x // ∀ (i : I), P i (x i) }
Choice : I → Type (max 0 u_3) := fun i => { x // P i x }
e : Good ≃ ((i : I) → Choice i) := ?e
⊢ eventMass (uniformLaw (I → Ω)) {x | ∀ (i : I), P i (x i)} =
    ∏ i, eventMass (uniformLaw Ω) (Finset.filter (P i) Finset.univ)
lean/PvNP/RealizableHardness/ActualStarExtensionProduct.lean:42:0: error: internal exception #3
lean/PvNP/RealizableHardness/ActualStarExtensionProduct.lean:64:2: error: unexpected token 'have'; expected command
lean/PvNP/RealizableHardness/ActualStarExtensionProduct.lean:100:4: warning: This simp argument is unused:
  Fintype.card_fun

Hint: Omit it from the simp argument list.
  [apply] simp [extensionTupleLaw, uniformLaw_apply, extensionLaw_apply, Finset.prod_const]

Note: This linter can be disabled with `set_option linter.unusedSimpArgs false`
lean/PvNP/RealizableHardness/ActualStarExtensionProduct.lean:126:2: warning: Try this: 
  letI̵

The goal is a proposition, so `let` is preferred over `letI`.
The difference between `let` and `letI` is that `letI` inlines the value.
But this is not relevant for proofs because of proof irrelevance.

Note: This linter can be disabled with `set_option linter.style.haveILetI false`
lean/PvNP/RealizableHardness/ActualStarExtensionProduct.lean:151:6: error: Tactic `rewrite` failed: Did not find an occurrence of the pattern
  supportedLineEvent htd S U K
in the target expression
  eventMass (uniformLaw (Fin m → Extension U d)) {Ls | ∀ (i : ↥S), ↑(K i) ≤ ↑((upperQuotientEquiv U htd) (Ls ↑i))} =
    (↑(gaussian (d - t) 1) / ↑(gaussian (Module.finrank (ZMod 2) (V ⧸ ↑U)) 1)) ^ S.card

V : Type u_1
inst✝² : AddCommGroup V
inst✝¹ : Module (ZMod 2) V
inst✝ : Finite V
t d m : ℕ
htd : t ≤ d
hdV : d ≤ Module.finrank (ZMod 2) V
hk : 1 ≤ d - t
U : Grass V t
witness : Fin m → Extension U d
S : Finset (Fin m)
K : ↥S → Grass (V ⧸ ↑U) 1
this : Nonempty (Extension U d) := extension_nonempty U htd hdV
P : Fin m → Extension U d → Prop :=
  fun i L => if hi : i ∈ S then ↑(K ⟨i, hi⟩) ≤ ↑((upperQuotientEquiv U htd) L) else True
hpred :
  ∀ (Ls : Fin m → Extension U d),
    (∀ (i : Fin m), P i (Ls i)) ↔ ∀ (i : ↥S), ↑(K i) ≤ ↑((upperQuotientEquiv U htd) (Ls ↑i))
hgeneric :
  eventMass (uniformLaw (Fin m → Extension U d)) {x | ∀ (i : Fin m), P i (x i)} =
    ∏ i, eventMass (uniformLaw (Extension U d)) (Finset.filter (P i) Finset.univ)
hevent : {Ls | ∀ (i : Fin m), P i (Ls i)} = supportedLineEvent htd S U K
⊢ eventMass (uniformLaw (Fin m → Extension U d)) {Ls | ∀ (i : ↥S), ↑(K i) ≤ ↑((upperQuotientEquiv U htd) (Ls ↑i))} =
    (↑(gaussian (d - t) 1) / ↑(gaussian (Module.finrank (ZMod 2) (V ⧸ ↑U)) 1)) ^ S.card

Note: The target expression is not type-correct under the `implicit` transparency level, which may have triggered the failure. This is usually caused by unfolding of semireducible definitions in prior tactic steps. Use `set_option linter.tacticCheckInstances true` to investigate the source of the issue.
Full error:
  Application type mismatch: The argument
    U
  has type
    Grass V t
  but is expected to have type
    { Q // Module.finrank (ZMod 2) ↥Q = t }
  in the application
    ↑U
lean/PvNP/RealizableHardness/ActualStarExtensionProduct.lean:203:18: error(lean.unknownIdentifier): Unknown identifier `gaussian_pos`
lean/PvNP/RealizableHardness/ActualStarExtensionProduct.lean:204:64: error(lean.unknownIdentifier): Unknown identifier `hS`
lean/PvNP/RealizableHardness/ActualStarExtensionProduct.lean:235:6: error: Tactic `rewrite` failed: motive is not type correct:
  fun _a =>
    eventMass (extensionTupleLaw U witness) {Ls | ∀ (i : ↥_a), ↑(K i) ≤ ↑((upperQuotientEquiv U htd) (Ls ↑i))} = 1
Error: Application type mismatch: The argument
  i
has type
  ↥_a
but is expected to have type
  ↥S
in the application
  K i

Explanation: The rewrite tactic rewrites an expression 'e' using an equality 'a = b' by the following process. First, it looks for all 'a' in 'e'. Second, it tries to abstract these occurrences of 'a' to create a function 'm := fun _a => ...', called the *motive*, with the property that 'm a' is definitionally equal to 'e'. Third, we observe that 'congrArg' implies that 'm a = m b', which can be used with lemmas such as 'Eq.mpr' to change the goal. However, if 'e' depends on specific properties of 'a', then the motive 'm' might not typecheck.

Possible solutions: use rewrite's 'occs' configuration option to limit which occurrences are rewritten, or use 'simp' or 'conv' mode, which have strategies for certain kinds of dependencies (these tactics can handle proofs and 'Decidable' instances whose types depend on the rewritten term, and 'simp' can apply user-defined '@[congr]' theorems as well).

V : Type u_1
inst✝² : AddCommGroup V
inst✝¹ : Module (ZMod 2) V
inst✝ : Finite V
t d m : ℕ
htd : t ≤ d
U : Grass V t
witness : Fin m → Extension U d
S : Finset (Fin m)
hS : S = ∅
K : ↥S → Grass (V ⧸ ↑U) 1
⊢ eventMass (extensionTupleLaw U witness) {Ls | ∀ (i : ↥S), ↑(K i) ≤ ↑((upperQuotientEquiv U htd) (Ls ↑i))} = 1

Note: The target expression is not type-correct under the `implicit` transparency level, which may have triggered the failure. This is usually caused by unfolding of semireducible definitions in prior tactic steps. Use `set_option linter.tacticCheckInstances true` to investigate the source of the issue.
Full error:
  Application type mismatch: The argument
    U
  has type
    Grass V t
  but is expected to have type
    { Q // Module.finrank (ZMod 2) ↥Q = t }
  in the application
    ↑U
