⚠ [2153/2213] Replayed PvNP.RealizableHardness.BernoulliMGF
warning: lean/PvNP/RealizableHardness/BernoulliMGF.lean:32:17: This simp argument is unused:
  gap

Hint: Omit it from the simp argument list.
  [apply] simp only [gapSlope, id_eq]

Note: This linter can be disabled with `set_option linter.unusedSimpArgs false`
info: lean/PvNP/RealizableHardness/BernoulliMGF.lean:101:4: Try this:
  [apply] ring_nf
  
  The `ring` tactic failed to close the goal. Use `ring_nf` to obtain a normal form.
    
  Note that `ring` works primarily in *commutative* rings. If you have a noncommutative ring, abelian group or module, consider using `noncomm_ring`, `abel` or `module` instead.
ℹ [2154/2213] Replayed PvNP.RealizableHardness.BernoulliMGFChecks
info: lean/PvNP/RealizableHardness/BernoulliMGFChecks.lean:31:0: 'PvNP.RealizableHardness.BernoulliMGF.partition_pos' depends on axioms: [propext, Classical.choice, Quot.sound]
info: lean/PvNP/RealizableHardness/BernoulliMGFChecks.lean:32:0: 'PvNP.RealizableHardness.BernoulliMGF.partition_deriv' depends on axioms: [propext, Classical.choice, Quot.sound]
info: lean/PvNP/RealizableHardness/BernoulliMGFChecks.lean:33:0: 'PvNP.RealizableHardness.BernoulliMGF.gap_deriv' depends on axioms: [propext, Classical.choice, Quot.sound]
info: lean/PvNP/RealizableHardness/BernoulliMGFChecks.lean:34:0: 'PvNP.RealizableHardness.BernoulliMGF.gapSlope_deriv' depends on axioms: [propext, Classical.choice, Quot.sound]
info: lean/PvNP/RealizableHardness/BernoulliMGFChecks.lean:35:0: 'PvNP.RealizableHardness.BernoulliMGF.gapCurvature_nonneg' depends on axioms: [propext, Classical.choice, Quot.sound]
info: lean/PvNP/RealizableHardness/BernoulliMGFChecks.lean:36:0: 'PvNP.RealizableHardness.BernoulliMGF.gapSlope_monotone' depends on axioms: [propext, Classical.choice, Quot.sound]
info: lean/PvNP/RealizableHardness/BernoulliMGFChecks.lean:37:0: 'PvNP.RealizableHardness.BernoulliMGF.gap_nonneg' depends on axioms: [propext, Classical.choice, Quot.sound]
info: lean/PvNP/RealizableHardness/BernoulliMGFChecks.lean:38:0: 'PvNP.RealizableHardness.BernoulliMGF.centered_mgf_le' depends on axioms: [propext, Classical.choice, Quot.sound]
info: lean/PvNP/RealizableHardness/BernoulliMGFChecks.lean:39:0: 'PvNP.RealizableHardness.BernoulliMGF.probability_zero_example' depends on axioms: [propext,
 Classical.choice,
 Quot.sound]
info: lean/PvNP/RealizableHardness/BernoulliMGFChecks.lean:40:0: 'PvNP.RealizableHardness.BernoulliMGF.probability_one_example' depends on axioms: [propext,
 Classical.choice,
 Quot.sound]
info: lean/PvNP/RealizableHardness/BernoulliMGFChecks.lean:41:0: 'PvNP.RealizableHardness.BernoulliMGF.parameter_zero_example' depends on axioms: [propext, Classical.choice, Quot.sound]
info: lean/PvNP/RealizableHardness/BernoulliMGFChecks.lean:42:0: 'PvNP.RealizableHardness.BernoulliMGF.nondegenerate_example' depends on axioms: [propext, Classical.choice, Quot.sound]
info: lean/PvNP/RealizableHardness/BernoulliMGFChecks.lean:43:0: 'PvNP.RealizableHardness.BernoulliMGF.negative_parameter_example' depends on axioms: [propext,
 Classical.choice,
 Quot.sound]
ℹ [2156/2213] Replayed PvNP.RealizableHardness.ExceptionRepair
info: lean/PvNP/RealizableHardness/ExceptionRepair.lean:200:0: 'PvNP.RealizableHardness.exception_completeness' depends on axioms: [propext, Classical.choice, Quot.sound]
info: lean/PvNP/RealizableHardness/ExceptionRepair.lean:201:0: 'PvNP.RealizableHardness.exception_soundness' depends on axioms: [propext, Classical.choice, Quot.sound]
ℹ [2157/2213] Replayed PvNP.RealizableHardness.Formula
info: lean/PvNP/RealizableHardness/Formula.lean:93:0: 'PvNP.RealizableHardness.Formula.repair_complete' depends on axioms: [propext, Classical.choice, Quot.sound]
info: lean/PvNP/RealizableHardness/Formula.lean:94:0: 'PvNP.RealizableHardness.Formula.leaves_repair' depends on axioms: [propext]
info: lean/PvNP/RealizableHardness/Formula.lean:95:0: 'PvNP.RealizableHardness.Formula.repair_sound' depends on axioms: [propext, Classical.choice, Quot.sound]
ℹ [2158/2213] Replayed PvNP.RealizableHardness.Checks
info: lean/PvNP/RealizableHardness/Checks.lean:21:0: 'PvNP.RealizableHardness.exception_completeness' depends on axioms: [propext, Classical.choice, Quot.sound]
info: lean/PvNP/RealizableHardness/Checks.lean:22:0: 'PvNP.RealizableHardness.exception_soundness' depends on axioms: [propext, Classical.choice, Quot.sound]
info: lean/PvNP/RealizableHardness/Checks.lean:23:0: 'PvNP.RealizableHardness.repairedWeight_eq_sum' depends on axioms: [propext, Classical.choice, Quot.sound]
info: lean/PvNP/RealizableHardness/Checks.lean:24:0: 'PvNP.RealizableHardness.repairedWeights_pos' depends on axioms: [propext, Classical.choice, Quot.sound]
info: lean/PvNP/RealizableHardness/Checks.lean:25:0: 'PvNP.RealizableHardness.repairedWeights_sum' depends on axioms: [propext, Classical.choice, Quot.sound]
info: lean/PvNP/RealizableHardness/Checks.lean:26:0: 'PvNP.RealizableHardness.repairedBudget_pos' depends on axioms: [propext, Classical.choice, Quot.sound]
info: lean/PvNP/RealizableHardness/Checks.lean:27:0: 'PvNP.RealizableHardness.repairedBudget_le_one' depends on axioms: [propext, Classical.choice, Quot.sound]
info: lean/PvNP/RealizableHardness/Checks.lean:28:0: 'PvNP.RealizableHardness.Formula.eval_repair' depends on axioms: [propext]
info: lean/PvNP/RealizableHardness/Checks.lean:29:0: 'PvNP.RealizableHardness.Formula.leaves_repair' depends on axioms: [propext]
info: lean/PvNP/RealizableHardness/Checks.lean:30:0: 'PvNP.RealizableHardness.Formula.repair_complete' depends on axioms: [propext, Classical.choice, Quot.sound]
info: lean/PvNP/RealizableHardness/Checks.lean:31:0: 'PvNP.RealizableHardness.Formula.repair_sound' depends on axioms: [propext, Classical.choice, Quot.sound]
info: lean/PvNP/RealizableHardness/Checks.lean:32:0: 'PvNP.RealizableHardness.no_instance_example' depends on axioms: [propext, Classical.choice, Quot.sound]
info: lean/PvNP/RealizableHardness/Checks.lean:33:0: 'PvNP.RealizableHardness.yes_instance_example' depends on axioms: [propext, Classical.choice, Quot.sound]
⚠ [2159/2213] Replayed PvNP.RealizableHardness.SamplingThreshold
warning: lean/PvNP/RealizableHardness/SamplingThreshold.lean:143:35: this tactic is never executed

Note: This linter can be disabled with `set_option linter.unreachableTactic false`
warning: lean/PvNP/RealizableHardness/SamplingThreshold.lean:143:35: Unused tactic linter: `ring` does nothing

Note: This linter can be disabled with `set_option linter.unusedTactic false`
ℹ [2161/2213] Replayed PvNP.RealizableHardness.ComputableSampleCountChecks
info: lean/PvNP/RealizableHardness/ComputableSampleCountChecks.lean:32:0: 512
info: lean/PvNP/RealizableHardness/ComputableSampleCountChecks.lean:33:0: 2048
info: lean/PvNP/RealizableHardness/ComputableSampleCountChecks.lean:34:0: 1
info: lean/PvNP/RealizableHardness/ComputableSampleCountChecks.lean:44:0: 'PvNP.RealizableHardness.ComputableSampleCount.concrete_count_small' depends on axioms: [propext,
 Classical.choice,
 Quot.sound]
info: lean/PvNP/RealizableHardness/ComputableSampleCountChecks.lean:45:0: 'PvNP.RealizableHardness.ComputableSampleCount.concrete_count_half' depends on axioms: [propext,
 Classical.choice,
 Quot.sound]
info: lean/PvNP/RealizableHardness/ComputableSampleCountChecks.lean:46:0: 'PvNP.RealizableHardness.ComputableSampleCount.concrete_count_zero' depends on axioms: [propext,
 Classical.choice,
 Quot.sound]
info: lean/PvNP/RealizableHardness/ComputableSampleCountChecks.lean:47:0: 'PvNP.RealizableHardness.ComputableSampleCount.count_pos' depends on axioms: [propext, Classical.choice, Quot.sound]
info: lean/PvNP/RealizableHardness/ComputableSampleCountChecks.lean:48:0: 'PvNP.RealizableHardness.ComputableSampleCount.count_power_two' depends on axioms: [propext]
info: lean/PvNP/RealizableHardness/ComputableSampleCountChecks.lean:49:0: 'PvNP.RealizableHardness.ComputableSampleCount.target_le_count' depends on axioms: [propext,
 Classical.choice,
 Quot.sound]
info: lean/PvNP/RealizableHardness/ComputableSampleCountChecks.lean:50:0: 'PvNP.RealizableHardness.ComputableSampleCount.target_gt_one' depends on axioms: [propext, Classical.choice, Quot.sound]
info: lean/PvNP/RealizableHardness/ComputableSampleCountChecks.lean:51:0: 'PvNP.RealizableHardness.ComputableSampleCount.count_upper' depends on axioms: [propext, Classical.choice, Quot.sound]
info: lean/PvNP/RealizableHardness/ComputableSampleCountChecks.lean:52:0: 'PvNP.RealizableHardness.ComputableSampleCount.learningThreshold_le_target' depends on axioms: [propext,
 Classical.choice,
 Quot.sound]
info: lean/PvNP/RealizableHardness/ComputableSampleCountChecks.lean:53:0: 'PvNP.RealizableHardness.ComputableSampleCount.learningThreshold_le_count' depends on axioms: [propext,
 Classical.choice,
 Quot.sound]
info: lean/PvNP/RealizableHardness/ComputableSampleCountChecks.lean:54:0: 'PvNP.RealizableHardness.ComputableSampleCount.threshold_le_count' depends on axioms: [propext,
 Classical.choice,
 Quot.sound]
info: lean/PvNP/RealizableHardness/ComputableSampleCountChecks.lean:55:0: 'PvNP.RealizableHardness.ComputableSampleCount.inverse_bound_pos' depends on axioms: [propext,
 Classical.choice,
 Quot.sound]
info: lean/PvNP/RealizableHardness/ComputableSampleCountChecks.lean:56:0: 'PvNP.RealizableHardness.ComputableSampleCount.count_upper_of_inverse' depends on axioms: [propext,
 Classical.choice,
 Quot.sound]
info: lean/PvNP/RealizableHardness/ComputableSampleCountChecks.lean:57:0: 'PvNP.RealizableHardness.ComputableSampleCount.learning_budget' depends on axioms: [propext,
 Classical.choice,
 Quot.sound]
info: lean/PvNP/RealizableHardness/ComputableSampleCountChecks.lean:58:0: 'PvNP.RealizableHardness.ComputableSampleCount.base_budget' depends on axioms: [propext, Classical.choice, Quot.sound]
info: lean/PvNP/RealizableHardness/ComputableSampleCountChecks.lean:59:0: 'PvNP.RealizableHardness.ComputableSampleCount.concrete_half_error' depends on axioms: [propext,
 Classical.choice,
 Quot.sound]
info: lean/PvNP/RealizableHardness/ComputableSampleCountChecks.lean:60:0: 'PvNP.RealizableHardness.ComputableSampleCount.concrete_small_error' depends on axioms: [propext,
 Classical.choice,
 Quot.sound]
⚠ [2162/2213] Replayed PvNP.RealizableHardness.WeightRounding
warning: lean/PvNP/RealizableHardness/WeightRounding.lean:47:56: `if_false` has been deprecated: Use `ite_false` instead
warning: lean/PvNP/RealizableHardness/WeightRounding.lean:47:56: `if_false` has been deprecated: Use `ite_false` instead
warning: lean/PvNP/RealizableHardness/WeightRounding.lean:47:32: This simp argument is unused:
  hx

Hint: Omit it from the simp argument list.
  [apply] simp only [Bool.false_eq_true, if_false, mul_zero, ite_true]

Note: This linter can be disabled with `set_option linter.unusedSimpArgs false`
warning: lean/PvNP/RealizableHardness/WeightRounding.lean:61:14: This simp argument is unused:
  hx

Hint: Omit it from the simp argument list.
  [apply] simp

Note: This linter can be disabled with `set_option linter.unusedSimpArgs false`
⚠ [2163/2213] Replayed PvNP.RealizableHardness.FiniteSampling
warning: lean/PvNP/RealizableHardness/FiniteSampling.lean:94:14: This simp argument is unused:
  hi

Hint: Omit it from the simp argument list.
  [apply] simp

Note: This linter can be disabled with `set_option linter.unusedSimpArgs false`
warning: lean/PvNP/RealizableHardness/FiniteSampling.lean:136:8: `if_neg` has been deprecated: Use `ite_eq_right` instead
⚠ [2164/2213] Replayed PvNP.RealizableHardness.FiniteConcentration
warning: lean/PvNP/RealizableHardness/FiniteConcentration.lean:180:8: `if_pos` has been deprecated: Use `ite_eq_left` instead
warning: lean/PvNP/RealizableHardness/FiniteConcentration.lean:184:8: `if_neg` has been deprecated: Use `ite_eq_right` instead
warning: lean/PvNP/RealizableHardness/FiniteConcentration.lean:220:22: This simp argument is unused:
  Fintype.card_fun

Hint: Omit it from the simp argument list.
  [apply] simp

Note: This linter can be disabled with `set_option linter.unusedSimpArgs false`
ℹ [2165/2213] Replayed PvNP.RealizableHardness.FiniteConcentrationChecks
info: lean/PvNP/RealizableHardness/FiniteConcentrationChecks.lean:40:0: 'PvNP.RealizableHardness.FiniteConcentration.mean_bounds' depends on axioms: [propext, Classical.choice, Quot.sound]
info: lean/PvNP/RealizableHardness/FiniteConcentrationChecks.lean:41:0: 'PvNP.RealizableHardness.FiniteConcentration.one_trial_mgf' depends on axioms: [propext, Classical.choice, Quot.sound]
info: lean/PvNP/RealizableHardness/FiniteConcentrationChecks.lean:42:0: 'PvNP.RealizableHardness.FiniteConcentration.exp_finite_sum' depends on axioms: [propext, Classical.choice, Quot.sound]
info: lean/PvNP/RealizableHardness/FiniteConcentrationChecks.lean:43:0: 'PvNP.RealizableHardness.FiniteConcentration.product_mgf_identity' depends on axioms: [propext,
 Classical.choice,
 Quot.sound]
info: lean/PvNP/RealizableHardness/FiniteConcentrationChecks.lean:44:0: 'PvNP.RealizableHardness.FiniteConcentration.product_mgf_bound' depends on axioms: [propext,
 Classical.choice,
 Quot.sound]
info: lean/PvNP/RealizableHardness/FiniteConcentrationChecks.lean:45:0: 'PvNP.RealizableHardness.FiniteConcentration.probability_mono' depends on axioms: [propext,
 Classical.choice,
 Quot.sound]
info: lean/PvNP/RealizableHardness/FiniteConcentrationChecks.lean:46:0: 'PvNP.RealizableHardness.FiniteConcentration.exponential_markov' depends on axioms: [propext,
 Classical.choice,
 Quot.sound]
info: lean/PvNP/RealizableHardness/FiniteConcentrationChecks.lean:47:0: 'PvNP.RealizableHardness.FiniteConcentration.upper_tail' depends on axioms: [propext, Classical.choice, Quot.sound]
info: lean/PvNP/RealizableHardness/FiniteConcentrationChecks.lean:48:0: 'PvNP.RealizableHardness.FiniteConcentration.lower_tail' depends on axioms: [propext, Classical.choice, Quot.sound]
info: lean/PvNP/RealizableHardness/FiniteConcentrationChecks.lean:49:0: 'PvNP.RealizableHardness.FiniteConcentration.probability_union' depends on axioms: [propext,
 Classical.choice,
 Quot.sound]
info: lean/PvNP/RealizableHardness/FiniteConcentrationChecks.lean:50:0: 'PvNP.RealizableHardness.FiniteConcentration.two_sided_tail' depends on axioms: [propext, Classical.choice, Quot.sound]
info: lean/PvNP/RealizableHardness/FiniteConcentrationChecks.lean:51:0: 'PvNP.RealizableHardness.FiniteConcentration.probability_exists' depends on axioms: [propext,
 Classical.choice,
 Quot.sound]
info: lean/PvNP/RealizableHardness/FiniteConcentrationChecks.lean:52:0: 'PvNP.RealizableHardness.FiniteConcentration.centered_empirical' depends on axioms: [propext,
 Classical.choice,
 Quot.sound]
info: lean/PvNP/RealizableHardness/FiniteConcentrationChecks.lean:53:0: 'PvNP.RealizableHardness.FiniteConcentration.empirical_tail' depends on axioms: [propext, Classical.choice, Quot.sound]
info: lean/PvNP/RealizableHardness/FiniteConcentrationChecks.lean:54:0: 'PvNP.RealizableHardness.FiniteConcentration.assignment_empirical_tail' depends on axioms: [propext,
 Classical.choice,
 Quot.sound]
info: lean/PvNP/RealizableHardness/FiniteConcentrationChecks.lean:55:0: 'PvNP.RealizableHardness.FiniteConcentration.assignment_approximation_tail' depends on axioms: [propext,
 Classical.choice,
 Quot.sound]
info: lean/PvNP/RealizableHardness/FiniteConcentrationChecks.lean:56:0: 'PvNP.RealizableHardness.FiniteConcentration.assignment_epsilon_tail' depends on axioms: [propext,
 Classical.choice,
 Quot.sound]
info: lean/PvNP/RealizableHardness/FiniteConcentrationChecks.lean:57:0: 'PvNP.RealizableHardness.FiniteConcentration.probability_complement' depends on axioms: [propext,
 Classical.choice,
 Quot.sound]
info: lean/PvNP/RealizableHardness/FiniteConcentrationChecks.lean:58:0: 'PvNP.RealizableHardness.FiniteConcentration.fair_mean' depends on axioms: [propext, Classical.choice, Quot.sound]
info: lean/PvNP/RealizableHardness/FiniteConcentrationChecks.lean:59:0: 'PvNP.RealizableHardness.FiniteConcentration.fair_all_true' depends on axioms: [propext, Classical.choice, Quot.sound]
info: lean/PvNP/RealizableHardness/FiniteConcentrationChecks.lean:60:0: 'PvNP.RealizableHardness.FiniteConcentration.fair_all_false' depends on axioms: [propext, Classical.choice, Quot.sound]
info: lean/PvNP/RealizableHardness/FiniteConcentrationChecks.lean:61:0: 'PvNP.RealizableHardness.FiniteConcentration.fair_draw_mass' depends on axioms: [propext, Classical.choice, Quot.sound]
info: lean/PvNP/RealizableHardness/FiniteConcentrationChecks.lean:62:0: 'PvNP.RealizableHardness.FiniteConcentration.fair_eight_tail' depends on axioms: [propext, Classical.choice, Quot.sound]
info: lean/PvNP/RealizableHardness/FiniteConcentrationChecks.lean:63:0: 'PvNP.RealizableHardness.FiniteConcentration.zero_variable_assignment_example' depends on axioms: [propext,
 Classical.choice,
 Quot.sound]
ℹ [2167/2213] Replayed PvNP.RealizableHardness.FiniteSamplingChecks
info: lean/PvNP/RealizableHardness/FiniteSamplingChecks.lean:43:0: 'PvNP.RealizableHardness.FiniteSampling.cumulative_error' depends on axioms: [propext, Classical.choice, Quot.sound]
info: lean/PvNP/RealizableHardness/FiniteSamplingChecks.lean:44:0: 'PvNP.RealizableHardness.FiniteSampling.mass_nonneg' depends on axioms: [propext, Classical.choice, Quot.sound]
info: lean/PvNP/RealizableHardness/FiniteSamplingChecks.lean:45:0: 'PvNP.RealizableHardness.FiniteSampling.mass_error' depends on axioms: [propext, Classical.choice, Quot.sound]
info: lean/PvNP/RealizableHardness/FiniteSamplingChecks.lean:46:0: 'PvNP.RealizableHardness.FiniteSampling.mass_sum' depends on axioms: [propext, Classical.choice, Quot.sound]
info: lean/PvNP/RealizableHardness/FiniteSamplingChecks.lean:47:0: 'PvNP.RealizableHardness.FiniteSampling.event_error' depends on axioms: [propext, Classical.choice, Quot.sound]
info: lean/PvNP/RealizableHardness/FiniteSamplingChecks.lean:48:0: 'PvNP.RealizableHardness.FiniteSampling.event_error_of_precision' depends on axioms: [propext,
 Classical.choice,
 Quot.sound]
info: lean/PvNP/RealizableHardness/FiniteSamplingChecks.lean:49:0: 'PvNP.RealizableHardness.FiniteSampling.trialMass_nonneg' depends on axioms: [propext, Classical.choice, Quot.sound]
info: lean/PvNP/RealizableHardness/FiniteSamplingChecks.lean:50:0: 'PvNP.RealizableHardness.FiniteSampling.trialMass_sum' depends on axioms: [propext, Classical.choice, Quot.sound]
info: lean/PvNP/RealizableHardness/FiniteSamplingChecks.lean:51:0: 'PvNP.RealizableHardness.FiniteSampling.trial_event_factorization' depends on axioms: [propext,
 Classical.choice,
 Quot.sound]
info: lean/PvNP/RealizableHardness/FiniteSamplingChecks.lean:52:0: 'PvNP.RealizableHardness.FiniteSampling.assignment_count' depends on axioms: [propext, Classical.choice, Quot.sound]
info: lean/PvNP/RealizableHardness/FiniteSamplingChecks.lean:53:0: 'PvNP.RealizableHardness.FiniteSampling.listSampler_exact' depends on axioms: [propext, Classical.choice, Quot.sound]
info: lean/PvNP/RealizableHardness/FiniteSamplingChecks.lean:54:0: 'PvNP.RealizableHardness.FiniteSampling.thirds_nonneg' depends on axioms: [propext, Classical.choice, Quot.sound]
info: lean/PvNP/RealizableHardness/FiniteSamplingChecks.lean:55:0: 'PvNP.RealizableHardness.FiniteSampling.thirds_normalized' depends on axioms: [propext, Classical.choice, Quot.sound]
info: lean/PvNP/RealizableHardness/FiniteSamplingChecks.lean:56:0: 'PvNP.RealizableHardness.FiniteSampling.fractional_cut_example' depends on axioms: [propext,
 Classical.choice,
 Quot.sound]
info: lean/PvNP/RealizableHardness/FiniteSamplingChecks.lean:57:0: 'PvNP.RealizableHardness.FiniteSampling.fractional_mass_example' depends on axioms: [propext,
 Classical.choice,
 Quot.sound]
info: lean/PvNP/RealizableHardness/FiniteSamplingChecks.lean:58:0: 'PvNP.RealizableHardness.FiniteSampling.rounded_distribution_example' depends on axioms: [propext,
 Classical.choice,
 Quot.sound]
info: lean/PvNP/RealizableHardness/FiniteSamplingChecks.lean:59:0: 'PvNP.RealizableHardness.FiniteSampling.uniform_event_example' depends on axioms: [propext,
 Classical.choice,
 Quot.sound]
info: lean/PvNP/RealizableHardness/FiniteSamplingChecks.lean:60:0: 'PvNP.RealizableHardness.FiniteSampling.independent_two_trial_example' depends on axioms: [propext,
 Classical.choice,
 Quot.sound]
info: lean/PvNP/RealizableHardness/FiniteSamplingChecks.lean:61:0: 'PvNP.RealizableHardness.FiniteSampling.one_bit_sampler_example' depends on axioms: [propext,
 Classical.choice,
 Quot.sound]
⚠ [2168/2213] Replayed PvNP.RealizableHardness.InverseCDFSampler
warning: lean/PvNP/RealizableHardness/InverseCDFSampler.lean:119:10: This simp argument is unused:
  he

Hint: Omit it from the simp argument list.
  [apply] simp

Note: This linter can be disabled with `set_option linter.unusedSimpArgs false`
warning: lean/PvNP/RealizableHardness/InverseCDFSampler.lean:120:15: This simp argument is unused:
  he

Hint: Omit it from the simp argument list.
  [apply] simp only [Bool.true_eq, ↓reduceIte, mul_one]

Note: This linter can be disabled with `set_option linter.unusedSimpArgs false`
warning: lean/PvNP/RealizableHardness/InverseCDFSampler.lean:120:19: This simp argument is unused:
  Bool.true_eq

Hint: Omit it from the simp argument list.
  [apply] simp only [he, ↓reduceIte, mul_one]

Note: This linter can be disabled with `set_option linter.unusedSimpArgs false`
⚠ [2169/2213] Replayed PvNP.RealizableHardness.JointSamplingLaw
warning: lean/PvNP/RealizableHardness/JointSamplingLaw.lean:73:10: This simp argument is unused:
  he

Hint: Omit it from the simp argument list.
  [apply] simp

Note: This linter can be disabled with `set_option linter.unusedSimpArgs false`
warning: lean/PvNP/RealizableHardness/JointSamplingLaw.lean:74:15: This simp argument is unused:
  he

Hint: Omit it from the simp argument list.
  [apply] simp only [Bool.true_eq, ↓reduceIte, mul_one]

Note: This linter can be disabled with `set_option linter.unusedSimpArgs false`
warning: lean/PvNP/RealizableHardness/JointSamplingLaw.lean:74:19: This simp argument is unused:
  Bool.true_eq

Hint: Omit it from the simp argument list.
  [apply] simp only [he, ↓reduceIte, mul_one]

Note: This linter can be disabled with `set_option linter.unusedSimpArgs false`
ℹ [2170/2213] Replayed PvNP.RealizableHardness.JointSamplingLawChecks
info: lean/PvNP/RealizableHardness/JointSamplingLawChecks.lean:45:0: 'PvNP.RealizableHardness.JointSamplingLaw.array_fibre_card' depends on axioms: [propext, Classical.choice, Quot.sound]
info: lean/PvNP/RealizableHardness/JointSamplingLawChecks.lean:46:0: 'PvNP.RealizableHardness.JointSamplingLaw.bit_fibre_probability' depends on axioms: [propext,
 Classical.choice,
 Quot.sound]
info: lean/PvNP/RealizableHardness/JointSamplingLawChecks.lean:47:0: 'PvNP.RealizableHardness.JointSamplingLaw.array_fibre_probability' depends on axioms: [propext,
 Classical.choice,
 Quot.sound]
info: lean/PvNP/RealizableHardness/JointSamplingLawChecks.lean:48:0: 'PvNP.RealizableHardness.JointSamplingLaw.sampleArray_event_law' depends on axioms: [propext,
 Classical.choice,
 Quot.sound]
info: lean/PvNP/RealizableHardness/JointSamplingLawChecks.lean:49:0: 'PvNP.RealizableHardness.JointSamplingLaw.sampleArray_probability' depends on axioms: [propext,
 Classical.choice,
 Quot.sound]
info: lean/PvNP/RealizableHardness/JointSamplingLawChecks.lean:50:0: 'PvNP.RealizableHardness.JointSamplingLaw.half_nonneg' depends on axioms: [propext, Classical.choice, Quot.sound]
info: lean/PvNP/RealizableHardness/JointSamplingLawChecks.lean:51:0: 'PvNP.RealizableHardness.JointSamplingLaw.half_normalized' depends on axioms: [propext, Classical.choice, Quot.sound]
info: lean/PvNP/RealizableHardness/JointSamplingLawChecks.lean:52:0: 'PvNP.RealizableHardness.JointSamplingLaw.half_mass' depends on axioms: [propext, Classical.choice, Quot.sound]
info: lean/PvNP/RealizableHardness/JointSamplingLawChecks.lean:53:0: 'PvNP.RealizableHardness.JointSamplingLaw.two_trial_diagonal' depends on axioms: [propext, Classical.choice, Quot.sound]
info: lean/PvNP/RealizableHardness/JointSamplingLawChecks.lean:54:0: 'PvNP.RealizableHardness.JointSamplingLaw.zero_atom_joint' depends on axioms: [propext, Classical.choice, Quot.sound]
info: lean/PvNP/RealizableHardness/JointSamplingLawChecks.lean:55:0: 'PvNP.RealizableHardness.JointSamplingLaw.concrete_real_event_bridge' depends on axioms: [propext,
 Classical.choice,
 Quot.sound]
⚠ [2171/2213] Replayed PvNP.RealizableHardness.PosteriorReweighting
warning: lean/PvNP/RealizableHardness/PosteriorReweighting.lean:25:0: automatically included section variable(s) unused in theorem `PvNP.RealizableHardness.PosteriorReweighting.marginal_nonneg`:
  [Fintype Q]
consider restructuring your `variable` declarations so that the variables are not in scope or explicitly omit them:
  omit [Fintype Q] in theorem ...

Note: This linter can be disabled with `set_option linter.unusedSectionVars false`
warning: lean/PvNP/RealizableHardness/PosteriorReweighting.lean:36:0: automatically included section variable(s) unused in theorem `PvNP.RealizableHardness.PosteriorReweighting.posterior_normalized`:
  [Fintype Q]
consider restructuring your `variable` declarations so that the variables are not in scope or explicitly omit them:
  omit [Fintype Q] in theorem ...

Note: This linter can be disabled with `set_option linter.unusedSectionVars false`
warning: lean/PvNP/RealizableHardness/PosteriorReweighting.lean:41:0: automatically included section variable(s) unused in theorem `PvNP.RealizableHardness.PosteriorReweighting.bayes_mass`:
  [Fintype Q]
consider restructuring your `variable` declarations so that the variables are not in scope or explicitly omit them:
  omit [Fintype Q] in theorem ...

Note: This linter can be disabled with `set_option linter.unusedSectionVars false`
warning: lean/PvNP/RealizableHardness/PosteriorReweighting.lean:46:0: automatically included section variable(s) unused in theorem `PvNP.RealizableHardness.PosteriorReweighting.zero_prior`:
  [Fintype Q]
consider restructuring your `variable` declarations so that the variables are not in scope or explicitly omit them:
  omit [Fintype Q] in theorem ...

Note: This linter can be disabled with `set_option linter.unusedSectionVars false`
warning: lean/PvNP/RealizableHardness/PosteriorReweighting.lean:49:0: automatically included section variable(s) unused in theorem `PvNP.RealizableHardness.PosteriorReweighting.bayes_ratio`:
  [Fintype Q]
consider restructuring your `variable` declarations so that the variables are not in scope or explicitly omit them:
  omit [Fintype Q] in theorem ...

Note: This linter can be disabled with `set_option linter.unusedSectionVars false`
warning: lean/PvNP/RealizableHardness/PosteriorReweighting.lean:56:0: automatically included section variable(s) unused in theorem `PvNP.RealizableHardness.PosteriorReweighting.joint_zero_of_marginal_zero`:
  [Fintype Q]
consider restructuring your `variable` declarations so that the variables are not in scope or explicitly omit them:
  omit [Fintype Q] in theorem ...

Note: This linter can be disabled with `set_option linter.unusedSectionVars false`
warning: lean/PvNP/RealizableHardness/PosteriorReweighting.lean:88:29: This simp argument is unused:
  hb

Hint: Omit it from the simp argument list.
  [apply] simp [hg, hr]

Note: This linter can be disabled with `set_option linter.unusedSimpArgs false`
warning: lean/PvNP/RealizableHardness/PosteriorReweighting.lean:90:17: This simp argument is unused:
  hb

Hint: Omit it from the simp argument list.
  [apply] simp only [hg, Bool.not_false, Bool.true_eq, ite_true]

Note: This linter can be disabled with `set_option linter.unusedSimpArgs false`
warning: lean/PvNP/RealizableHardness/PosteriorReweighting.lean:90:41: This simp argument is unused:
  Bool.true_eq

Hint: Omit it from the simp argument list.
  [apply] simp only [hb, hg, Bool.not_false, ite_true]

Note: This linter can be disabled with `set_option linter.unusedSimpArgs false`
warning: lean/PvNP/RealizableHardness/PosteriorReweighting.lean:100:20: Variable name `hz` is not explicitly referenced.

Hint: The binding can be removed (if unused) or named `_` (if used implicitly). Alternatively, prefix the name with `_` to silence this warning:
  [apply] _hz

Note: This linter can be disabled with `set_option linter.unusedVariables false`
warning: lean/PvNP/RealizableHardness/PosteriorReweighting.lean:109:17: This simp argument is unused:
  hg

Hint: Omit it from the simp argument list.
  [apply] simp only [Bool.not_false, Bool.true_eq, ite_true]

Note: This linter can be disabled with `set_option linter.unusedSimpArgs false`
warning: lean/PvNP/RealizableHardness/PosteriorReweighting.lean:109:37: This simp argument is unused:
  Bool.true_eq

Hint: Omit it from the simp argument list.
  [apply] simp only [hg, Bool.not_false, ite_true]

Note: This linter can be disabled with `set_option linter.unusedSimpArgs false`
warning: lean/PvNP/RealizableHardness/PosteriorReweighting.lean:116:17: This simp argument is unused:
  hg

Hint: Omit it from the simp argument list.
  [apply] simp only [Bool.not_true, Bool.false_eq_true, ite_false, add_zero]

Note: This linter can be disabled with `set_option linter.unusedSimpArgs false`
⚠ [2172/2213] Replayed PvNP.RealizableHardness.PosteriorReweightingChecks
warning: lean/PvNP/RealizableHardness/PosteriorReweightingChecks.lean:34:2: Unused tactic linter: `all_goals intro b; cases b <;> norm_num` does nothing

Note: This linter can be disabled with `set_option linter.unusedTactic false`
warning: lean/PvNP/RealizableHardness/PosteriorReweightingChecks.lean:34:12: this tactic is never executed

Note: This linter can be disabled with `set_option linter.unreachableTactic false`
warning: lean/PvNP/RealizableHardness/PosteriorReweightingChecks.lean:34:21: this tactic is never executed

Note: This linter can be disabled with `set_option linter.unreachableTactic false`
info: lean/PvNP/RealizableHardness/PosteriorReweightingChecks.lean:36:0: 'PvNP.RealizableHardness.PosteriorReweighting.marginal_nonneg' depends on axioms: [propext,
 Classical.choice,
 Quot.sound]
info: lean/PvNP/RealizableHardness/PosteriorReweightingChecks.lean:37:0: 'PvNP.RealizableHardness.PosteriorReweighting.marginal_normalized' depends on axioms: [propext,
 Classical.choice,
 Quot.sound]
info: lean/PvNP/RealizableHardness/PosteriorReweightingChecks.lean:38:0: 'PvNP.RealizableHardness.PosteriorReweighting.posterior_normalized' depends on axioms: [propext,
 Classical.choice,
 Quot.sound]
info: lean/PvNP/RealizableHardness/PosteriorReweightingChecks.lean:39:0: 'PvNP.RealizableHardness.PosteriorReweighting.bayes_mass' depends on axioms: [propext, Classical.choice, Quot.sound]
info: lean/PvNP/RealizableHardness/PosteriorReweightingChecks.lean:40:0: 'PvNP.RealizableHardness.PosteriorReweighting.zero_prior' depends on axioms: [propext, Classical.choice, Quot.sound]
info: lean/PvNP/RealizableHardness/PosteriorReweightingChecks.lean:41:0: 'PvNP.RealizableHardness.PosteriorReweighting.bayes_ratio' depends on axioms: [propext, Classical.choice, Quot.sound]
info: lean/PvNP/RealizableHardness/PosteriorReweightingChecks.lean:42:0: 'PvNP.RealizableHardness.PosteriorReweighting.joint_zero_of_marginal_zero' depends on axioms: [propext,
 Classical.choice,
 Quot.sound]
info: lean/PvNP/RealizableHardness/PosteriorReweightingChecks.lean:43:0: 'PvNP.RealizableHardness.PosteriorReweighting.total_probability' depends on axioms: [propext,
 Classical.choice,
 Quot.sound]
info: lean/PvNP/RealizableHardness/PosteriorReweightingChecks.lean:44:0: 'PvNP.RealizableHardness.PosteriorReweighting.posterior_event_cutoff' depends on axioms: [propext,
 Classical.choice,
 Quot.sound]
info: lean/PvNP/RealizableHardness/PosteriorReweightingChecks.lean:45:0: 'PvNP.RealizableHardness.PosteriorReweighting.reweight_error' depends on axioms: [propext, Classical.choice, Quot.sound]
info: lean/PvNP/RealizableHardness/PosteriorReweightingChecks.lean:46:0: 'PvNP.RealizableHardness.PosteriorReweighting.normalizer_deviation' depends on axioms: [propext,
 Classical.choice,
 Quot.sound]
info: lean/PvNP/RealizableHardness/PosteriorReweightingChecks.lean:47:0: 'PvNP.RealizableHardness.PosteriorReweighting.normalized_reweighting' depends on axioms: [propext,
 Classical.choice,
 Quot.sound]
info: lean/PvNP/RealizableHardness/PosteriorReweightingChecks.lean:48:0: 'PvNP.RealizableHardness.PosteriorReweighting.reweighted_normalized' depends on axioms: [propext,
 Classical.choice,
 Quot.sound]
⚠ [2174/2213] Replayed PvNP.RealizableHardness.SamplingFormulaPromises
warning: lean/PvNP/RealizableHardness/SamplingFormulaPromises.lean:26:12: Used `tac1 <;> tac2` where `(tac1; tac2)` would suffice

Note: This linter can be disabled with `set_option linter.unnecessarySeqFocus false`
warning: lean/PvNP/RealizableHardness/SamplingFormulaPromises.lean:77:2: Try this: 
  letI̵

The goal is a proposition, so `let` is preferred over `letI`.
The difference between `let` and `letI` is that `letI` inlines the value.
But this is not relevant for proofs because of proof irrelevance.

Note: This linter can be disabled with `set_option linter.style.haveILetI false`
warning: lean/PvNP/RealizableHardness/SamplingFormulaPromises.lean:92:2: Try this: 
  letI̵

The goal is a proposition, so `let` is preferred over `letI`.
The difference between `let` and `letI` is that `letI` inlines the value.
But this is not relevant for proofs because of proof irrelevance.

Note: This linter can be disabled with `set_option linter.style.haveILetI false`
warning: lean/PvNP/RealizableHardness/SamplingFormulaPromises.lean:125:19: `if_false` has been deprecated: Use `ite_false` instead
ℹ [2175/2213] Replayed PvNP.RealizableHardness.SamplingFormulaPromisesChecks
info: lean/PvNP/RealizableHardness/SamplingFormulaPromisesChecks.lean:24:0: 'PvNP.RealizableHardness.SamplingFormulaPromises.empirical_eq_average' depends on axioms: [propext,
 Classical.choice,
 Quot.sound]
info: lean/PvNP/RealizableHardness/SamplingFormulaPromisesChecks.lean:25:0: 'PvNP.RealizableHardness.SamplingFormulaPromises.good_yes_average' depends on axioms: [propext,
 Classical.choice,
 Quot.sound]
info: lean/PvNP/RealizableHardness/SamplingFormulaPromisesChecks.lean:26:0: 'PvNP.RealizableHardness.SamplingFormulaPromises.good_no_average' depends on axioms: [propext,
 Classical.choice,
 Quot.sound]
info: lean/PvNP/RealizableHardness/SamplingFormulaPromisesChecks.lean:27:0: 'PvNP.RealizableHardness.SamplingFormulaPromises.parameter_margin' depends on axioms: [propext,
 Classical.choice,
 Quot.sound]
info: lean/PvNP/RealizableHardness/SamplingFormulaPromisesChecks.lean:28:0: 'PvNP.RealizableHardness.SamplingFormulaPromises.good_yes_output' depends on axioms: [propext,
 Classical.choice,
 Quot.sound]
info: lean/PvNP/RealizableHardness/SamplingFormulaPromisesChecks.lean:29:0: 'PvNP.RealizableHardness.SamplingFormulaPromises.good_no_output' depends on axioms: [propext,
 Classical.choice,
 Quot.sound]
info: lean/PvNP/RealizableHardness/SamplingFormulaPromisesChecks.lean:30:0: 'PvNP.RealizableHardness.SamplingFormulaPromises.fromSeeds_eval' depends on axioms: [propext,
 Classical.choice,
 Quot.sound]
info: lean/PvNP/RealizableHardness/SamplingFormulaPromisesChecks.lean:31:0: 'PvNP.RealizableHardness.SamplingFormulaPromises.output_leaves' depends on axioms: [propext]
info: lean/PvNP/RealizableHardness/SamplingFormulaPromisesChecks.lean:32:0: 'PvNP.RealizableHardness.SamplingFormulaPromises.seedProbability_mono' depends on axioms: [propext,
 Classical.choice,
 Quot.sound]
info: lean/PvNP/RealizableHardness/SamplingFormulaPromisesChecks.lean:33:0: 'PvNP.RealizableHardness.SamplingFormulaPromises.computed_event_probability' depends on axioms: [propext,
 Classical.choice,
 Quot.sound]
info: lean/PvNP/RealizableHardness/SamplingFormulaPromisesChecks.lean:34:0: 'PvNP.RealizableHardness.SamplingFormulaPromises.computed_yes_probability' depends on axioms: [propext,
 Classical.choice,
 Quot.sound]
info: lean/PvNP/RealizableHardness/SamplingFormulaPromisesChecks.lean:35:0: 'PvNP.RealizableHardness.SamplingFormulaPromises.computed_no_probability' depends on axioms: [propext,
 Classical.choice,
 Quot.sound]
info: lean/PvNP/RealizableHardness/SamplingFormulaPromisesChecks.lean:36:0: 'PvNP.RealizableHardness.SamplingFormulaPromisesChecks.duplicate_positions' depends on axioms: [propext]
info: lean/PvNP/RealizableHardness/SamplingFormulaPromisesChecks.lean:37:0: 'PvNP.RealizableHardness.SamplingFormulaPromisesChecks.duplicate_empirical' depends on axioms: [propext,
 Classical.choice,
 Quot.sound]
info: lean/PvNP/RealizableHardness/SamplingFormulaPromisesChecks.lean:38:0: 'PvNP.RealizableHardness.SamplingFormulaPromisesChecks.empty_trials' depends on axioms: [propext,
 Classical.choice,
 Quot.sound]
ℹ [2176/2213] Replayed PvNP.RealizableHardness.SamplingGuaranteeChecks
info: lean/PvNP/RealizableHardness/SamplingGuaranteeChecks.lean:55:0: 'PvNP.RealizableHardness.SamplingGuarantee.finiteMean_eq_eventMass' depends on axioms: [propext,
 Classical.choice,
 Quot.sound]
info: lean/PvNP/RealizableHardness/SamplingGuaranteeChecks.lean:56:0: 'PvNP.RealizableHardness.SamplingGuarantee.roundedLaw_nonneg' depends on axioms: [propext, Classical.choice, Quot.sound]
info: lean/PvNP/RealizableHardness/SamplingGuaranteeChecks.lean:57:0: 'PvNP.RealizableHardness.SamplingGuarantee.roundedLaw_sum' depends on axioms: [propext, Classical.choice, Quot.sound]
info: lean/PvNP/RealizableHardness/SamplingGuaranteeChecks.lean:58:0: 'PvNP.RealizableHardness.SamplingGuarantee.roundedMean_error' depends on axioms: [propext, Classical.choice, Quot.sound]
info: lean/PvNP/RealizableHardness/SamplingGuaranteeChecks.lean:59:0: 'PvNP.RealizableHardness.SamplingGuarantee.seed_failure_bound' depends on axioms: [propext,
 Classical.choice,
 Quot.sound]
info: lean/PvNP/RealizableHardness/SamplingGuaranteeChecks.lean:60:0: 'PvNP.RealizableHardness.SamplingGuarantee.seed_success_bound' depends on axioms: [propext,
 Classical.choice,
 Quot.sound]
info: lean/PvNP/RealizableHardness/SamplingGuaranteeChecks.lean:61:0: 'PvNP.RealizableHardness.SamplingGuarantee.good_probability_of_threshold' depends on axioms: [propext,
 Classical.choice,
 Quot.sound]
info: lean/PvNP/RealizableHardness/SamplingGuaranteeChecks.lean:62:0: 'PvNP.RealizableHardness.SamplingGuarantee.good_probability_of_learningThreshold' depends on axioms: [propext,
 Classical.choice,
 Quot.sound]
info: lean/PvNP/RealizableHardness/SamplingGuaranteeChecks.lean:63:0: 'PvNP.RealizableHardness.SamplingGuarantee.precision_bound' depends on axioms: [propext, Classical.choice, Quot.sound]
info: lean/PvNP/RealizableHardness/SamplingGuaranteeChecks.lean:64:0: 'PvNP.RealizableHardness.SamplingGuarantee.chosen_good_probability' depends on axioms: [propext,
 Classical.choice,
 Quot.sound]
info: lean/PvNP/RealizableHardness/SamplingGuaranteeChecks.lean:65:0: 'PvNP.RealizableHardness.SamplingGuarantee.chosen_learning_good_probability' depends on axioms: [propext,
 Classical.choice,
 Quot.sound]
info: lean/PvNP/RealizableHardness/SamplingGuaranteeChecks.lean:66:0: 'PvNP.RealizableHardness.SamplingGuarantee.atoms_nonneg' depends on axioms: [propext, Classical.choice, Quot.sound]
info: lean/PvNP/RealizableHardness/SamplingGuaranteeChecks.lean:67:0: 'PvNP.RealizableHardness.SamplingGuarantee.atoms_normalized' depends on axioms: [propext, Classical.choice, Quot.sound]
info: lean/PvNP/RealizableHardness/SamplingGuaranteeChecks.lean:68:0: 'PvNP.RealizableHardness.SamplingGuarantee.original_mean_example' depends on axioms: [propext,
 Classical.choice,
 Quot.sound]
info: lean/PvNP/RealizableHardness/SamplingGuaranteeChecks.lean:69:0: 'PvNP.RealizableHardness.SamplingGuarantee.chosen_base_example' depends on axioms: [propext,
 Classical.choice,
 Quot.sound]
info: lean/PvNP/RealizableHardness/SamplingGuaranteeChecks.lean:70:0: 'PvNP.RealizableHardness.SamplingGuarantee.chosen_learning_example' depends on axioms: [propext,
 Classical.choice,
 Quot.sound]
info: lean/PvNP/RealizableHardness/SamplingGuaranteeChecks.lean:71:0: 'PvNP.RealizableHardness.SamplingGuarantee.explicit_count_example' depends on axioms: [propext,
 Classical.choice,
 Quot.sound]
info: lean/PvNP/RealizableHardness/SamplingGuaranteeChecks.lean:72:0: 'PvNP.RealizableHardness.SamplingGuarantee.zero_variable_example' depends on axioms: [propext,
 Classical.choice,
 Quot.sound]
ℹ [2177/2213] Replayed PvNP.RealizableHardness.SamplingThresholdChecks
info: lean/PvNP/RealizableHardness/SamplingThresholdChecks.lean:42:0: 'PvNP.RealizableHardness.SamplingThreshold.threshold_pos' depends on axioms: [propext, Classical.choice, Quot.sound]
info: lean/PvNP/RealizableHardness/SamplingThresholdChecks.lean:43:0: 'PvNP.RealizableHardness.SamplingThreshold.threshold_gt_one' depends on axioms: [propext, Classical.choice, Quot.sound]
info: lean/PvNP/RealizableHardness/SamplingThresholdChecks.lean:44:0: 'PvNP.RealizableHardness.SamplingThreshold.sampleCount_pos' depends on axioms: [propext, Classical.choice, Quot.sound]
info: lean/PvNP/RealizableHardness/SamplingThresholdChecks.lean:45:0: 'PvNP.RealizableHardness.SamplingThreshold.sampleCount_lower' depends on axioms: [propext, Classical.choice, Quot.sound]
info: lean/PvNP/RealizableHardness/SamplingThresholdChecks.lean:46:0: 'PvNP.RealizableHardness.SamplingThreshold.sampleCount_least' depends on axioms: [propext, Classical.choice, Quot.sound]
info: lean/PvNP/RealizableHardness/SamplingThresholdChecks.lean:47:0: 'PvNP.RealizableHardness.SamplingThreshold.sampleCount_upper' depends on axioms: [propext, Classical.choice, Quot.sound]
info: lean/PvNP/RealizableHardness/SamplingThresholdChecks.lean:48:0: 'PvNP.RealizableHardness.SamplingThreshold.failure_budget' depends on axioms: [propext, Classical.choice, Quot.sound]
info: lean/PvNP/RealizableHardness/SamplingThresholdChecks.lean:49:0: 'PvNP.RealizableHardness.SamplingThreshold.sampleCount_failure_budget' depends on axioms: [propext,
 Classical.choice,
 Quot.sound]
info: lean/PvNP/RealizableHardness/SamplingThresholdChecks.lean:50:0: 'PvNP.RealizableHardness.SamplingThreshold.threshold_numeric_upper' depends on axioms: [propext,
 Classical.choice,
 Quot.sound]
info: lean/PvNP/RealizableHardness/SamplingThresholdChecks.lean:51:0: 'PvNP.RealizableHardness.SamplingThreshold.sampleCount_numeric_upper' depends on axioms: [propext,
 Classical.choice,
 Quot.sound]
info: lean/PvNP/RealizableHardness/SamplingThresholdChecks.lean:52:0: 'PvNP.RealizableHardness.SamplingThreshold.sampleCount_bound_of_inverse_error' depends on axioms: [propext,
 Classical.choice,
 Quot.sound]
info: lean/PvNP/RealizableHardness/SamplingThresholdChecks.lean:53:0: 'PvNP.RealizableHardness.SamplingThreshold.failure_budget_of_log_threshold' depends on axioms: [propext,
 Classical.choice,
 Quot.sound]
info: lean/PvNP/RealizableHardness/SamplingThresholdChecks.lean:54:0: 'PvNP.RealizableHardness.SamplingThreshold.threshold_le_learningThreshold' depends on axioms: [propext,
 Classical.choice,
 Quot.sound]
info: lean/PvNP/RealizableHardness/SamplingThresholdChecks.lean:55:0: 'PvNP.RealizableHardness.SamplingThreshold.learningSampleCount_pos' depends on axioms: [propext,
 Classical.choice,
 Quot.sound]
info: lean/PvNP/RealizableHardness/SamplingThresholdChecks.lean:56:0: 'PvNP.RealizableHardness.SamplingThreshold.learningSampleCount_lower' depends on axioms: [propext,
 Classical.choice,
 Quot.sound]
info: lean/PvNP/RealizableHardness/SamplingThresholdChecks.lean:57:0: 'PvNP.RealizableHardness.SamplingThreshold.learningSampleCount_least' depends on axioms: [propext,
 Classical.choice,
 Quot.sound]
info: lean/PvNP/RealizableHardness/SamplingThresholdChecks.lean:58:0: 'PvNP.RealizableHardness.SamplingThreshold.learningSampleCount_upper' depends on axioms: [propext,
 Classical.choice,
 Quot.sound]
info: lean/PvNP/RealizableHardness/SamplingThresholdChecks.lean:59:0: 'PvNP.RealizableHardness.SamplingThreshold.learning_failure_budget' depends on axioms: [propext,
 Classical.choice,
 Quot.sound]
info: lean/PvNP/RealizableHardness/SamplingThresholdChecks.lean:60:0: 'PvNP.RealizableHardness.SamplingThreshold.learningSampleCount_failure_budget' depends on axioms: [propext,
 Classical.choice,
 Quot.sound]
info: lean/PvNP/RealizableHardness/SamplingThresholdChecks.lean:61:0: 'PvNP.RealizableHardness.SamplingThreshold.learningThreshold_numeric_upper' depends on axioms: [propext,
 Classical.choice,
 Quot.sound]
info: lean/PvNP/RealizableHardness/SamplingThresholdChecks.lean:62:0: 'PvNP.RealizableHardness.SamplingThreshold.learningSampleCount_numeric_upper' depends on axioms: [propext,
 Classical.choice,
 Quot.sound]
info: lean/PvNP/RealizableHardness/SamplingThresholdChecks.lean:63:0: 'PvNP.RealizableHardness.SamplingThreshold.learningSampleCount_bound_of_inverse_error' depends on axioms: [propext,
 Classical.choice,
 Quot.sound]
info: lean/PvNP/RealizableHardness/SamplingThresholdChecks.lean:64:0: 'PvNP.RealizableHardness.SamplingThreshold.zero_variables_positive_example' depends on axioms: [propext,
 Classical.choice,
 Quot.sound]
info: lean/PvNP/RealizableHardness/SamplingThresholdChecks.lean:65:0: 'PvNP.RealizableHardness.SamplingThreshold.positive_variables_threshold_example' depends on axioms: [propext,
 Classical.choice,
 Quot.sound]
info: lean/PvNP/RealizableHardness/SamplingThresholdChecks.lean:66:0: 'PvNP.RealizableHardness.SamplingThreshold.inverse_error_numeric_example' depends on axioms: [propext,
 Classical.choice,
 Quot.sound]
info: lean/PvNP/RealizableHardness/SamplingThresholdChecks.lean:67:0: 'PvNP.RealizableHardness.SamplingThreshold.selected_count_failure_example' depends on axioms: [propext,
 Classical.choice,
 Quot.sound]
info: lean/PvNP/RealizableHardness/SamplingThresholdChecks.lean:68:0: 'PvNP.RealizableHardness.SamplingThreshold.explicit_count_failure_example' depends on axioms: [propext,
 Classical.choice,
 Quot.sound]
info: lean/PvNP/RealizableHardness/SamplingThresholdChecks.lean:69:0: 'PvNP.RealizableHardness.SamplingThreshold.learning_selected_count_failure_example' depends on axioms: [propext,
 Classical.choice,
 Quot.sound]
info: lean/PvNP/RealizableHardness/SamplingThresholdChecks.lean:70:0: 'PvNP.RealizableHardness.SamplingThreshold.learning_explicit_count_failure_example' depends on axioms: [propext,
 Classical.choice,
 Quot.sound]
ℹ [2195/2567] Replayed PvNP.RealizableHardness.FiniteRepairRoundingPipelineChecks
info: lean/PvNP/RealizableHardness/FiniteRepairRoundingPipelineChecks.lean:68:0: 'PvNP.RealizableHardness.FiniteRepairRoundingPipeline.lam_pos' depends on axioms: [propext,
 Classical.choice,
 Quot.sound]
info: lean/PvNP/RealizableHardness/FiniteRepairRoundingPipelineChecks.lean:69:0: 'PvNP.RealizableHardness.FiniteRepairRoundingPipeline.eps_le_one' depends on axioms: [propext,
 Classical.choice,
 Quot.sound]
info: lean/PvNP/RealizableHardness/FiniteRepairRoundingPipelineChecks.lean:70:0: 'PvNP.RealizableHardness.FiniteRepairRoundingPipeline.budget_pos' depends on axioms: [propext,
 Classical.choice,
 Quot.sound]
info: lean/PvNP/RealizableHardness/FiniteRepairRoundingPipelineChecks.lean:71:0: 'PvNP.RealizableHardness.FiniteRepairRoundingPipeline.budget_le_one' depends on axioms: [propext,
 Classical.choice,
 Quot.sound]
info: lean/PvNP/RealizableHardness/FiniteRepairRoundingPipelineChecks.lean:72:0: 'PvNP.RealizableHardness.FiniteRepairRoundingPipeline.weights_pos' depends on axioms: [propext,
 Classical.choice,
 Quot.sound]
info: lean/PvNP/RealizableHardness/FiniteRepairRoundingPipelineChecks.lean:73:0: 'PvNP.RealizableHardness.FiniteRepairRoundingPipeline.weights_sum' depends on axioms: [propext,
 Classical.choice,
 Quot.sound]
info: lean/PvNP/RealizableHardness/FiniteRepairRoundingPipelineChecks.lean:74:0: 'PvNP.RealizableHardness.FiniteRepairRoundingPipeline.output_valid' depends on axioms: [propext,
 Classical.choice,
 Quot.sound]
info: lean/PvNP/RealizableHardness/FiniteRepairRoundingPipelineChecks.lean:75:0: 'PvNP.RealizableHardness.FiniteRepairRoundingPipeline.yes_preserved' depends on axioms: [propext,
 Classical.choice,
 Quot.sound]
info: lean/PvNP/RealizableHardness/FiniteRepairRoundingPipelineChecks.lean:76:0: 'PvNP.RealizableHardness.FiniteRepairRoundingPipeline.no_preserved' depends on axioms: [propext,
 Classical.choice,
 Quot.sound]
info: lean/PvNP/RealizableHardness/FiniteRepairRoundingPipelineChecks.lean:77:0: 'PvNP.RealizableHardness.FiniteRepairRoundingPipeline.output_leaves' depends on axioms: [propext]
info: lean/PvNP/RealizableHardness/FiniteRepairRoundingPipelineChecks.lean:78:0: 'PvNP.RealizableHardness.FiniteRepairRoundingPipeline.reciprocal_budget' depends on axioms: [propext,
 Classical.choice,
 Quot.sound]
info: lean/PvNP/RealizableHardness/FiniteRepairRoundingPipelineChecks.lean:79:0: 'PvNP.RealizableHardness.FiniteRepairRoundingPipeline.denominator_bound' depends on axioms: [propext,
 Classical.choice,
 Quot.sound]
info: lean/PvNP/RealizableHardness/FiniteRepairRoundingPipelineChecks.lean:80:0: 'PvNP.RealizableHardness.FiniteRepairRoundingPipeline.output_common_denominator' depends on axioms: [propext,
 Classical.choice,
 Quot.sound]
info: lean/PvNP/RealizableHardness/FiniteRepairRoundingPipelineChecks.lean:81:0: 'PvNP.RealizableHardness.FiniteRepairRoundingPipeline.genuine_yes_example' depends on axioms: [propext,
 Classical.choice,
 Quot.sound]
info: lean/PvNP/RealizableHardness/FiniteRepairRoundingPipelineChecks.lean:82:0: 'PvNP.RealizableHardness.FiniteRepairRoundingPipeline.genuine_no_input' depends on axioms: [propext,
 Classical.choice,
 Quot.sound]
info: lean/PvNP/RealizableHardness/FiniteRepairRoundingPipelineChecks.lean:83:0: 'PvNP.RealizableHardness.FiniteRepairRoundingPipeline.genuine_no_example' depends on axioms: [propext,
 Classical.choice,
 Quot.sound]
info: lean/PvNP/RealizableHardness/FiniteRepairRoundingPipelineChecks.lean:84:0: 'PvNP.RealizableHardness.FiniteRepairRoundingPipeline.concrete_denominator_bound' depends on axioms: [propext,
 Classical.choice,
 Quot.sound]
info: lean/PvNP/RealizableHardness/FiniteRepairRoundingPipelineChecks.lean:85:0: 'PvNP.RealizableHardness.FiniteRepairRoundingPipeline.concrete_repaired_leaf_count' depends on axioms: [propext]
ℹ [2196/2567] Replayed PvNP.RealizableHardness.InverseCDFSamplerChecks
info: lean/PvNP/RealizableHardness/InverseCDFSamplerChecks.lean:61:0: 'PvNP.RealizableHardness.InverseCDFSampler.support_pos' depends on axioms: [propext, Classical.choice, Quot.sound]
info: lean/PvNP/RealizableHardness/InverseCDFSamplerChecks.lean:62:0: 'PvNP.RealizableHardness.InverseCDFSampler.cut_endpoint' depends on axioms: [propext, Classical.choice, Quot.sound]
info: lean/PvNP/RealizableHardness/InverseCDFSamplerChecks.lean:63:0: 'PvNP.RealizableHardness.InverseCDFSampler.sampler_interval' depends on axioms: [propext, Classical.choice, Quot.sound]
info: lean/PvNP/RealizableHardness/InverseCDFSamplerChecks.lean:64:0: 'PvNP.RealizableHardness.InverseCDFSampler.sampler_eq_iff' depends on axioms: [propext, Classical.choice, Quot.sound]
info: lean/PvNP/RealizableHardness/InverseCDFSamplerChecks.lean:65:0: 'PvNP.RealizableHardness.InverseCDFSampler.fibre_card' depends on axioms: [propext, Classical.choice, Quot.sound]
info: lean/PvNP/RealizableHardness/InverseCDFSamplerChecks.lean:66:0: 'PvNP.RealizableHardness.InverseCDFSampler.fibre_probability' depends on axioms: [propext, Classical.choice, Quot.sound]
info: lean/PvNP/RealizableHardness/InverseCDFSamplerChecks.lean:67:0: 'PvNP.RealizableHardness.InverseCDFSampler.sampler_event_law' depends on axioms: [propext, Classical.choice, Quot.sound]
info: lean/PvNP/RealizableHardness/InverseCDFSamplerChecks.lean:68:0: 'PvNP.RealizableHardness.InverseCDFSampler.bitSampler_event_law' depends on axioms: [propext,
 Classical.choice,
 Quot.sound]
info: lean/PvNP/RealizableHardness/InverseCDFSamplerChecks.lean:69:0: 'PvNP.RealizableHardness.InverseCDFSampler.bitSampler_event_error' depends on axioms: [propext,
 Classical.choice,
 Quot.sound]
info: lean/PvNP/RealizableHardness/InverseCDFSamplerChecks.lean:70:0: 'PvNP.RealizableHardness.InverseCDFSampler.gapThirds_nonneg' depends on axioms: [propext, Classical.choice, Quot.sound]
info: lean/PvNP/RealizableHardness/InverseCDFSamplerChecks.lean:71:0: 'PvNP.RealizableHardness.InverseCDFSampler.gapThirds_normalized' depends on axioms: [propext,
 Classical.choice,
 Quot.sound]
info: lean/PvNP/RealizableHardness/InverseCDFSamplerChecks.lean:72:0: 'PvNP.RealizableHardness.InverseCDFSampler.gapThirds_cuts' depends on axioms: [propext, Classical.choice, Quot.sound]
info: lean/PvNP/RealizableHardness/InverseCDFSamplerChecks.lean:73:0: 'PvNP.RealizableHardness.InverseCDFSampler.first_seed_example' depends on axioms: [propext,
 Classical.choice,
 Quot.sound]
info: lean/PvNP/RealizableHardness/InverseCDFSamplerChecks.lean:74:0: 'PvNP.RealizableHardness.InverseCDFSampler.boundary_seed_example' depends on axioms: [propext,
 Classical.choice,
 Quot.sound]
info: lean/PvNP/RealizableHardness/InverseCDFSamplerChecks.lean:75:0: 'PvNP.RealizableHardness.InverseCDFSampler.final_seed_example' depends on axioms: [propext,
 Classical.choice,
 Quot.sound]
info: lean/PvNP/RealizableHardness/InverseCDFSamplerChecks.lean:76:0: 'PvNP.RealizableHardness.InverseCDFSampler.zero_atom_example' depends on axioms: [propext, Classical.choice, Quot.sound]
info: lean/PvNP/RealizableHardness/InverseCDFSamplerChecks.lean:77:0: 'PvNP.RealizableHardness.InverseCDFSampler.fractional_fibre_example' depends on axioms: [propext,
 Classical.choice,
 Quot.sound]
info: lean/PvNP/RealizableHardness/InverseCDFSamplerChecks.lean:78:0: 'PvNP.RealizableHardness.InverseCDFSampler.binary_precision_example' depends on axioms: [propext,
 Classical.choice,
 Quot.sound]
⚠ [2324/2567] Replayed PvNP.RealizableHardness.TripleRestrictionRank
warning: lean/PvNP/RealizableHardness/TripleRestrictionRank.lean:41:39: This simp argument is unused:
  Fin.sum_univ_succ

Hint: Omit it from the simp argument list.
  [apply] simp [Fintype.sum_option, blockMass]

Note: This linter can be disabled with `set_option linter.unusedSimpArgs false`
warning: lean/PvNP/RealizableHardness/TripleRestrictionRank.lean:42:2: Used `tac1 <;> tac2` where `(tac1; tac2)` would suffice

Note: This linter can be disabled with `set_option linter.unnecessarySeqFocus false`
warning: lean/PvNP/RealizableHardness/TripleRestrictionRank.lean:49:26: `if_true` has been deprecated: Use `ite_true` instead
warning: lean/PvNP/RealizableHardness/TripleRestrictionRank.lean:69:19: `if_false` has been deprecated: Use `ite_false` instead
warning: lean/PvNP/RealizableHardness/TripleRestrictionRank.lean:91:25: `if_pos` has been deprecated: Use `ite_eq_left` instead
warning: lean/PvNP/RealizableHardness/TripleRestrictionRank.lean:92:25: `if_neg` has been deprecated: Use `ite_eq_right` instead
warning: lean/PvNP/RealizableHardness/TripleRestrictionRank.lean:92:50: `if_true` has been deprecated: Use `ite_true` instead
warning: lean/PvNP/RealizableHardness/TripleRestrictionRank.lean:105:19: `if_pos` has been deprecated: Use `ite_eq_left` instead
warning: lean/PvNP/RealizableHardness/TripleRestrictionRank.lean:106:19: `if_neg` has been deprecated: Use `ite_eq_right` instead
warning: lean/PvNP/RealizableHardness/TripleRestrictionRank.lean:92:36: This simp argument is unused:
  Bool.true_eq

Hint: Omit it from the simp argument list.
  [apply] simp only [events, if_neg hi, if_true]

Note: This linter can be disabled with `set_option linter.unusedSimpArgs false`
warning: lean/PvNP/RealizableHardness/TripleRestrictionRank.lean:112:39: This simp argument is unused:
  Fin.sum_univ_succ

Hint: Omit it from the simp argument list.
  [apply] simp [Fintype.sum_option, blockMass]

Note: This linter can be disabled with `set_option linter.unusedSimpArgs false`
warning: lean/PvNP/RealizableHardness/TripleRestrictionRank.lean:113:2: Used `tac1 <;> tac2` where `(tac1; tac2)` would suffice

Note: This linter can be disabled with `set_option linter.unnecessarySeqFocus false`
warning: lean/PvNP/RealizableHardness/TripleRestrictionRank.lean:121:20: This simp argument is unused:
  hd

Hint: Omit it from the simp argument list.
  [apply] simp

Note: This linter can be disabled with `set_option linter.unusedSimpArgs false`
warning: lean/PvNP/RealizableHardness/TripleRestrictionRank.lean:190:15: This simp argument is unused:
  Module.finrank_pi

Hint: Omit it from the simp argument list.
  [apply] simp [Coeff]

Note: This linter can be disabled with `set_option linter.unusedSimpArgs false`
warning: lean/PvNP/RealizableHardness/TripleRestrictionRank.lean:224:15: `if_pos` has been deprecated: Use `ite_eq_left` instead
warning: lean/PvNP/RealizableHardness/TripleRestrictionRank.lean:234:15: `if_neg` has been deprecated: Use `ite_eq_right` instead
warning: lean/PvNP/RealizableHardness/TripleRestrictionRank.lean:257:25: This simp argument is unused:
  Coeff

Hint: Omit it from the simp argument list.
  [apply] simp [s, Fintype.card_fun, ZMod.card]

Note: This linter can be disabled with `set_option linter.unusedSimpArgs false`
warning: lean/PvNP/RealizableHardness/TripleRestrictionRank.lean:257:32: This simp argument is unused:
  Fintype.card_fun

Hint: Omit it from the simp argument list.
  [apply] simp [s, Coeff, ZMod.card]

Note: This linter can be disabled with `set_option linter.unusedSimpArgs false`
warning: lean/PvNP/RealizableHardness/TripleRestrictionRank.lean:335:49: This simp argument is unused:
  mul_assoc

Hint: Omit it from the simp argument list.
  [apply] simp [evaluate, Finset.mul_sum, mul_left_comm]

Note: This linter can be disabled with `set_option linter.unusedSimpArgs false`
warning: lean/PvNP/RealizableHardness/TripleRestrictionRank.lean:433:69: This simp argument is unused:
  Module.finrank_pi

Hint: Omit it from the simp argument list.
  [apply] simp [Coeff]

Note: This linter can be disabled with `set_option linter.unusedSimpArgs false`
⚠ [2325/2567] Replayed PvNP.RealizableHardness.TripleRestrictionRankChecks
info: lean/PvNP/RealizableHardness/TripleRestrictionRankChecks.lean:8:0: 'PvNP.RealizableHardness.TripleRestrictionRank.blockMass_sum' depends on axioms: [propext, Classical.choice, Quot.sound]
info: lean/PvNP/RealizableHardness/TripleRestrictionRankChecks.lean:9:0: 'PvNP.RealizableHardness.TripleRestrictionRank.probability_univ' depends on axioms: [propext,
 Classical.choice,
 Quot.sound]
info: lean/PvNP/RealizableHardness/TripleRestrictionRankChecks.lean:10:0: 'PvNP.RealizableHardness.TripleRestrictionRank.block_marginal' depends on axioms: [propext,
 Classical.choice,
 Quot.sound]
info: lean/PvNP/RealizableHardness/TripleRestrictionRankChecks.lean:11:0: 'PvNP.RealizableHardness.TripleRestrictionRank.drop_marginal' depends on axioms: [propext, Classical.choice, Quot.sound]
info: lean/PvNP/RealizableHardness/TripleRestrictionRankChecks.lean:12:0: 'PvNP.RealizableHardness.TripleRestrictionRank.coordinate_removed_bound' depends on axioms: [propext,
 Classical.choice,
 Quot.sound]
info: lean/PvNP/RealizableHardness/TripleRestrictionRankChecks.lean:13:0: 'PvNP.RealizableHardness.TripleRestrictionRank.restrict_eq_zero_iff' depends on axioms: [propext,
 Classical.choice,
 Quot.sound]
info: lean/PvNP/RealizableHardness/TripleRestrictionRankChecks.lean:14:0: 'PvNP.RealizableHardness.TripleRestrictionRank.badRows_iff_not_injective' depends on axioms: [propext,
 Classical.choice,
 Quot.sound]
info: lean/PvNP/RealizableHardness/TripleRestrictionRankChecks.lean:15:0: 'PvNP.RealizableHardness.TripleRestrictionRank.goodRows_rank' depends on axioms: [propext, Classical.choice, Quot.sound]
info: lean/PvNP/RealizableHardness/TripleRestrictionRankChecks.lean:16:0: 'PvNP.RealizableHardness.TripleRestrictionRank.rowVanishes_probability' depends on axioms: [propext,
 Classical.choice,
 Quot.sound]
info: lean/PvNP/RealizableHardness/TripleRestrictionRankChecks.lean:17:0: 'PvNP.RealizableHardness.TripleRestrictionRank.probability_cover' depends on axioms: [propext,
 Classical.choice,
 Quot.sound]
info: lean/PvNP/RealizableHardness/TripleRestrictionRankChecks.lean:18:0: 'PvNP.RealizableHardness.TripleRestrictionRank.badRows_probability' depends on axioms: [propext,
 Classical.choice,
 Quot.sound]
info: lean/PvNP/RealizableHardness/TripleRestrictionRankChecks.lean:19:0: 'PvNP.RealizableHardness.TripleRestrictionRank.restricted_rank_failure_probability' depends on axioms: [propext,
 Classical.choice,
 Quot.sound]
info: lean/PvNP/RealizableHardness/TripleRestrictionRankChecks.lean:20:0: 'PvNP.RealizableHardness.TripleRestrictionRank.vanishing_on_retained_iff' depends on axioms: [propext,
 Classical.choice,
 Quot.sound]
info: lean/PvNP/RealizableHardness/TripleRestrictionRankChecks.lean:21:0: 'PvNP.RealizableHardness.TripleRestrictionRank.rowVanishes_on_retained' depends on axioms: [propext,
 Classical.choice,
 Quot.sound]
info: lean/PvNP/RealizableHardness/TripleRestrictionRankChecks.lean:22:0: 'PvNP.RealizableHardness.TripleRestrictionRank.matrix_restricted_rank_failure_probability' depends on axioms: [propext,
 Classical.choice,
 Quot.sound]
info: lean/PvNP/RealizableHardness/TripleRestrictionRankChecks.lean:23:0: 'PvNP.RealizableHardness.TripleRestrictionRank.intersection_eq_kernel' depends on axioms: [propext,
 Classical.choice,
 Quot.sound]
info: lean/PvNP/RealizableHardness/TripleRestrictionRankChecks.lean:24:0: 'PvNP.RealizableHardness.TripleRestrictionRank.rowFunctionals_injective' depends on axioms: [propext,
 Classical.choice,
 Quot.sound]
info: lean/PvNP/RealizableHardness/TripleRestrictionRankChecks.lean:25:0: 'PvNP.RealizableHardness.TripleRestrictionRank.restrictedEvaluation_dual' depends on axioms: [propext,
 Classical.choice,
 Quot.sound]
info: lean/PvNP/RealizableHardness/TripleRestrictionRankChecks.lean:26:0: 'PvNP.RealizableHardness.TripleRestrictionRank.goodRows_evaluation_surjective' depends on axioms: [propext,
 Classical.choice,
 Quot.sound]
info: lean/PvNP/RealizableHardness/TripleRestrictionRankChecks.lean:27:0: 'PvNP.RealizableHardness.TripleRestrictionRank.goodRows_intersectionCodim' depends on axioms: [propext,
 Classical.choice,
 Quot.sound]
info: lean/PvNP/RealizableHardness/TripleRestrictionRankChecks.lean:28:0: 'PvNP.RealizableHardness.TripleRestrictionRank.intersection_codim_failure_probability' depends on axioms: [propext,
 Classical.choice,
 Quot.sound]
warning: lean/PvNP/RealizableHardness/TripleRestrictionRankChecks.lean:67:26: Try `simp at he` instead of `simpa using he`

Note: This linter can be disabled with `set_option linter.unnecessarySimpa false`
info: lean/PvNP/RealizableHardness/TripleRestrictionRankChecks.lean:83:0: 'PvNP.RealizableHardness.TripleRestrictionRank.exampleRows_full' depends on axioms: [propext,
 Classical.choice,
 Quot.sound]
ℹ [2326/2567] Replayed PvNP.RealizableHardness.WeightRoundingChecks
info: lean/PvNP/RealizableHardness/WeightRoundingChecks.lean:54:0: 'PvNP.RealizableHardness.WeightRounding.coordinate_lower' depends on axioms: [propext, Classical.choice, Quot.sound]
info: lean/PvNP/RealizableHardness/WeightRoundingChecks.lean:55:0: 'PvNP.RealizableHardness.WeightRounding.coordinate_upper' depends on axioms: [propext, Classical.choice, Quot.sound]
info: lean/PvNP/RealizableHardness/WeightRoundingChecks.lean:56:0: 'PvNP.RealizableHardness.WeightRounding.denominator_bounds' depends on axioms: [propext, Classical.choice, Quot.sound]
info: lean/PvNP/RealizableHardness/WeightRoundingChecks.lean:57:0: 'PvNP.RealizableHardness.WeightRounding.roundedWeights_pos' depends on axioms: [propext, Classical.choice, Quot.sound]
info: lean/PvNP/RealizableHardness/WeightRoundingChecks.lean:58:0: 'PvNP.RealizableHardness.WeightRounding.roundedWeights_sum' depends on axioms: [propext, Classical.choice, Quot.sound]
info: lean/PvNP/RealizableHardness/WeightRoundingChecks.lean:59:0: 'PvNP.RealizableHardness.WeightRounding.roundedBudget_valid' depends on axioms: [propext, Classical.choice, Quot.sound]
info: lean/PvNP/RealizableHardness/WeightRoundingChecks.lean:60:0: 'PvNP.RealizableHardness.WeightRounding.rounding_complete' depends on axioms: [propext, Classical.choice, Quot.sound]
info: lean/PvNP/RealizableHardness/WeightRoundingChecks.lean:61:0: 'PvNP.RealizableHardness.WeightRounding.rounding_budget_transfer' depends on axioms: [propext,
 Classical.choice,
 Quot.sound]
info: lean/PvNP/RealizableHardness/WeightRoundingChecks.lean:62:0: 'PvNP.RealizableHardness.WeightRounding.rounding_sound' depends on axioms: [propext, Classical.choice, Quot.sound]
info: lean/PvNP/RealizableHardness/WeightRoundingChecks.lean:63:0: 'PvNP.RealizableHardness.WeightRounding.dyadicScale_lower' depends on axioms: [propext, Classical.choice, Quot.sound]
info: lean/PvNP/RealizableHardness/WeightRoundingChecks.lean:64:0: 'PvNP.RealizableHardness.WeightRounding.dyadicScale_least' depends on axioms: [propext, Classical.choice, Quot.sound]
info: lean/PvNP/RealizableHardness/WeightRoundingChecks.lean:65:0: 'PvNP.RealizableHardness.WeightRounding.dyadicScale_upper' depends on axioms: [propext, Classical.choice, Quot.sound]
info: lean/PvNP/RealizableHardness/WeightRoundingChecks.lean:66:0: 'PvNP.RealizableHardness.WeightRounding.common_denominator' depends on axioms: [propext, Classical.choice, Quot.sound]
info: lean/PvNP/RealizableHardness/WeightRoundingChecks.lean:67:0: 'PvNP.RealizableHardness.WeightRounding.integral_lengths' depends on axioms: [propext, Classical.choice, Quot.sound]
info: lean/PvNP/RealizableHardness/WeightRoundingChecks.lean:68:0: 'PvNP.RealizableHardness.WeightRounding.dyadic_denominator_bound' depends on axioms: [propext,
 Classical.choice,
 Quot.sound]
info: lean/PvNP/RealizableHardness/WeightRoundingChecks.lean:69:0: 'PvNP.RealizableHardness.WeightRounding.denominator_bound_of_inverse_budget' depends on axioms: [propext,
 Classical.choice,
 Quot.sound]
info: lean/PvNP/RealizableHardness/WeightRoundingChecks.lean:70:0: 'PvNP.RealizableHardness.WeightRounding.polynomial_denominator_bound' depends on axioms: [propext,
 Classical.choice,
 Quot.sound]
info: lean/PvNP/RealizableHardness/WeightRoundingChecks.lean:71:0: 'PvNP.RealizableHardness.WeightRounding.rounded_lower_bounds' depends on axioms: [propext, Classical.choice, Quot.sound]
info: lean/PvNP/RealizableHardness/WeightRoundingChecks.lean:72:0: 'PvNP.RealizableHardness.WeightRounding.formula_rounding' depends on axioms: [propext, Classical.choice, Quot.sound]
info: lean/PvNP/RealizableHardness/WeightRoundingChecks.lean:73:0: 'PvNP.RealizableHardness.WeightRounding.fractional_coordinate_example' depends on axioms: [propext,
 Classical.choice,
 Quot.sound]
info: lean/PvNP/RealizableHardness/WeightRoundingChecks.lean:74:0: 'PvNP.RealizableHardness.WeightRounding.fractional_denominator_example' depends on axioms: [propext,
 Classical.choice,
 Quot.sound]
info: lean/PvNP/RealizableHardness/WeightRoundingChecks.lean:75:0: 'PvNP.RealizableHardness.WeightRounding.dyadic_scale_example' depends on axioms: [propext, Classical.choice, Quot.sound]
info: lean/PvNP/RealizableHardness/WeightRoundingChecks.lean:76:0: 'PvNP.RealizableHardness.WeightRounding.clipped_budget_example' depends on axioms: [propext,
 Classical.choice,
 Quot.sound]
info: lean/PvNP/RealizableHardness/WeightRoundingChecks.lean:77:0: 'PvNP.RealizableHardness.WeightRounding.rounded_yes_example' depends on axioms: [propext, Classical.choice, Quot.sound]
info: lean/PvNP/RealizableHardness/WeightRoundingChecks.lean:78:0: 'PvNP.RealizableHardness.WeightRounding.rounded_no_example' depends on axioms: [propext, Classical.choice, Quot.sound]
ℹ [2328/2567] Replayed PvNP.RealizableHardness.SeedEncodingChecks
info: lean/PvNP/RealizableHardness/SeedEncodingChecks.lean:55:0: [false, true, false, true, false, true]
info: lean/PvNP/RealizableHardness/SeedEncodingChecks.lean:56:0: [false, false, true]
info: lean/PvNP/RealizableHardness/SeedEncodingChecks.lean:58:0: 'PvNP.RealizableHardness.SeedEncoding.unflatten_flatten' depends on axioms: [propext, Classical.choice, Quot.sound]
info: lean/PvNP/RealizableHardness/SeedEncodingChecks.lean:59:0: 'PvNP.RealizableHardness.SeedEncoding.flatten_unflatten' depends on axioms: [propext, Classical.choice, Quot.sound]
info: lean/PvNP/RealizableHardness/SeedEncodingChecks.lean:60:0: 'PvNP.RealizableHardness.SeedEncoding.split_join' depends on axioms: [propext, Quot.sound]
info: lean/PvNP/RealizableHardness/SeedEncodingChecks.lean:61:0: 'PvNP.RealizableHardness.SeedEncoding.join_split' depends on axioms: [propext, Quot.sound]
info: lean/PvNP/RealizableHardness/SeedEncodingChecks.lean:62:0: 'PvNP.RealizableHardness.SeedEncoding.event_card_equiv' depends on axioms: [propext, Classical.choice, Quot.sound]
info: lean/PvNP/RealizableHardness/SeedEncodingChecks.lean:63:0: 'PvNP.RealizableHardness.SeedEncoding.uniformProbability_equiv' depends on axioms: [propext,
 Classical.choice,
 Quot.sound]
info: lean/PvNP/RealizableHardness/SeedEncodingChecks.lean:64:0: 'PvNP.RealizableHardness.SeedEncoding.uniformProbability_eq_sum' depends on axioms: [propext,
 Classical.choice,
 Quot.sound]
info: lean/PvNP/RealizableHardness/SeedEncodingChecks.lean:65:0: 'PvNP.RealizableHardness.SeedEncoding.seedProbability_eq_uniform' depends on axioms: [propext,
 Classical.choice,
 Quot.sound]
info: lean/PvNP/RealizableHardness/SeedEncodingChecks.lean:66:0: 'PvNP.RealizableHardness.SeedEncoding.flat_event_card' depends on axioms: [propext, Classical.choice, Quot.sound]
info: lean/PvNP/RealizableHardness/SeedEncodingChecks.lean:67:0: 'PvNP.RealizableHardness.SeedEncoding.flat_probability' depends on axioms: [propext, Classical.choice, Quot.sound]
info: lean/PvNP/RealizableHardness/SeedEncodingChecks.lean:68:0: 'PvNP.RealizableHardness.SeedEncoding.sampleFlat_probability' depends on axioms: [propext, Classical.choice, Quot.sound]
info: lean/PvNP/RealizableHardness/SeedEncodingChecks.lean:69:0: 'PvNP.RealizableHardness.SeedEncoding.prefix_fibre_card' depends on axioms: [propext, Classical.choice, Quot.sound]
info: lean/PvNP/RealizableHardness/SeedEncodingChecks.lean:70:0: 'PvNP.RealizableHardness.SeedEncoding.prefix_event_card' depends on axioms: [propext, Classical.choice, Quot.sound]
info: lean/PvNP/RealizableHardness/SeedEncodingChecks.lean:71:0: 'PvNP.RealizableHardness.SeedEncoding.prefix_probability' depends on axioms: [propext, Classical.choice, Quot.sound]
info: lean/PvNP/RealizableHardness/SeedEncodingChecks.lean:72:0: 'PvNP.RealizableHardness.SeedEncoding.padded_sampleFlat_probability' depends on axioms: [propext,
 Classical.choice,
 Quot.sound]
info: lean/PvNP/RealizableHardness/SeedEncodingChecks.lean:73:0: 'PvNP.RealizableHardness.SeedEncoding.zero_trials_inverse' depends on axioms: [propext, Classical.choice, Quot.sound]
info: lean/PvNP/RealizableHardness/SeedEncodingChecks.lean:74:0: 'PvNP.RealizableHardness.SeedEncoding.zero_width_inverse' depends on axioms: [propext, Classical.choice, Quot.sound]
info: lean/PvNP/RealizableHardness/SeedEncodingChecks.lean:75:0: 'PvNP.RealizableHardness.SeedEncoding.zero_trials_flat_inverse' depends on axioms: [propext,
 Classical.choice,
 Quot.sound]
info: lean/PvNP/RealizableHardness/SeedEncodingChecks.lean:76:0: 'PvNP.RealizableHardness.SeedEncoding.zero_width_flat_inverse' depends on axioms: [propext,
 Classical.choice,
 Quot.sound]
info: lean/PvNP/RealizableHardness/SeedEncodingChecks.lean:77:0: 'PvNP.RealizableHardness.SeedEncoding.empty_seed_card' depends on axioms: [propext, Classical.choice, Quot.sound]
info: lean/PvNP/RealizableHardness/SeedEncodingChecks.lean:78:0: 'PvNP.RealizableHardness.SeedEncoding.row_major_example' depends on axioms: [propext, Classical.choice, Quot.sound]
info: lean/PvNP/RealizableHardness/SeedEncodingChecks.lean:79:0: 'PvNP.RealizableHardness.SeedEncoding.padding_example' depends on axioms: [propext, Classical.choice, Quot.sound]
info: lean/PvNP/RealizableHardness/SeedEncodingChecks.lean:80:0: 'PvNP.RealizableHardness.SeedEncoding.no_padding_example' depends on axioms: [propext, Classical.choice, Quot.sound]
info: lean/PvNP/RealizableHardness/SeedEncodingChecks.lean:81:0: 'PvNP.RealizableHardness.SeedEncoding.empty_prefix_example' depends on axioms: [propext, Classical.choice, Quot.sound]
info: lean/PvNP/RealizableHardness/SeedEncodingChecks.lean:82:0: 'PvNP.RealizableHardness.SeedEncoding.diagonal_padded_law' depends on axioms: [propext, Classical.choice, Quot.sound]
⚠ [2329/2567] Replayed PvNP.RealizableHardness.SubspaceRestriction
warning: lean/PvNP/RealizableHardness/SubspaceRestriction.lean:123:52: This simp argument is unused:
  Module.finrank_pi

Hint: Omit it from the simp argument list.
  [apply] simp [codim, TripleRestrictionRank.Vector, Coord, Nat.mul_comm]

Note: This linter can be disabled with `set_option linter.unusedSimpArgs false`
warning: lean/PvNP/RealizableHardness/SubspaceRestriction.lean:126:52: This simp argument is unused:
  Module.finrank_pi

Hint: Omit it from the simp argument list.
  [apply] simp [codim, TripleRestrictionRank.Vector, Coord]

Note: This linter can be disabled with `set_option linter.unusedSimpArgs false`
ℹ [2330/2567] Replayed PvNP.RealizableHardness.SubspaceRestrictionChecks
info: lean/PvNP/RealizableHardness/SubspaceRestrictionChecks.lean:8:0: 'PvNP.RealizableHardness.SubspaceRestriction.coordinateDual_apply' depends on axioms: [propext,
 Classical.choice,
 Quot.sound]
info: lean/PvNP/RealizableHardness/SubspaceRestrictionChecks.lean:9:0: 'PvNP.RealizableHardness.SubspaceRestriction.annihilator_finrank' depends on axioms: [propext,
 Classical.choice,
 Quot.sound]
info: lean/PvNP/RealizableHardness/SubspaceRestrictionChecks.lean:10:0: 'PvNP.RealizableHardness.SubspaceRestriction.definingForms_full' depends on axioms: [propext,
 Classical.choice,
 Quot.sound]
info: lean/PvNP/RealizableHardness/SubspaceRestrictionChecks.lean:11:0: 'PvNP.RealizableHardness.SubspaceRestriction.definingForms_evaluate' depends on axioms: [propext,
 Classical.choice,
 Quot.sound]
info: lean/PvNP/RealizableHardness/SubspaceRestrictionChecks.lean:12:0: 'PvNP.RealizableHardness.SubspaceRestriction.definingForms_kernel' depends on axioms: [propext,
 Classical.choice,
 Quot.sound]
info: lean/PvNP/RealizableHardness/SubspaceRestrictionChecks.lean:13:0: 'PvNP.RealizableHardness.SubspaceRestriction.exists_independent_defining_forms' depends on axioms: [propext,
 Classical.choice,
 Quot.sound]
info: lean/PvNP/RealizableHardness/SubspaceRestrictionChecks.lean:14:0: 'PvNP.RealizableHardness.SubspaceRestriction.represented_codim' depends on axioms: [propext,
 Classical.choice,
 Quot.sound]
info: lean/PvNP/RealizableHardness/SubspaceRestrictionChecks.lean:15:0: 'PvNP.RealizableHardness.SubspaceRestriction.arbitrary_subspace_failure_probability' depends on axioms: [propext,
 Classical.choice,
 Quot.sound]
info: lean/PvNP/RealizableHardness/SubspaceRestrictionChecks.lean:16:0: 'PvNP.RealizableHardness.SubspaceRestriction.codim_top' depends on axioms: [propext, Classical.choice, Quot.sound]
info: lean/PvNP/RealizableHardness/SubspaceRestrictionChecks.lean:17:0: 'PvNP.RealizableHardness.SubspaceRestriction.codim_bot' depends on axioms: [propext, Classical.choice, Quot.sound]
info: lean/PvNP/RealizableHardness/SubspaceRestrictionChecks.lean:18:0: 'PvNP.RealizableHardness.SubspaceRestriction.codim_empty' depends on axioms: [propext, Classical.choice, Quot.sound]
info: lean/PvNP/RealizableHardness/SubspaceRestrictionChecks.lean:71:0: 'PvNP.RealizableHardness.SubspaceRestriction.coordinateForm_surjective' depends on axioms: [propext,
 Classical.choice,
 Quot.sound]
info: lean/PvNP/RealizableHardness/SubspaceRestrictionChecks.lean:72:0: 'PvNP.RealizableHardness.SubspaceRestriction.coordinateHyperplane_codim' depends on axioms: [propext,
 Classical.choice,
 Quot.sound]
Build completed successfully (3961 jobs).
