WORKTREE_HEAD=d45f54d3a30cc9f74a984598ba1653b9f34768d5
WORKTREE_BRANCH=DETACHED
WORKTREE_STATUS_BEGIN
?? lean/PvNP/RealizableHardness/ActualStarFixedCenterScalarClosure.lean
?? lean/PvNP/RealizableHardness/ActualStarFixedCenterScalarClosureChecks.lean
WORKTREE_STATUS_END
OVERLAY_COUNT=2
OVERLAYS_BEGIN
lean/PvNP/RealizableHardness/ActualStarFixedCenterScalarClosure.lean
lean/PvNP/RealizableHardness/ActualStarFixedCenterScalarClosureChecks.lean
OVERLAYS_END
SOURCE_HASHES_BEGIN
f93c5aaf371ecf785d24b4173881dad03f384509bbe3ed8a8c3864b453cafdba  /home/dfredriksen_quantyra_org/gcp_actual_star_fixed_center_scalar_closure_b26_20260925T032041Z_worktree/lean/PvNP/RealizableHardness/ActualStarFixedCenterScalarClosure.lean
a414c575f77ae3542628faddd93ce32b089bcd7153fcf98625a1eb0899ccd69d  /home/dfredriksen_quantyra_org/gcp_actual_star_fixed_center_scalar_closure_b26_20260925T032041Z_worktree/lean/PvNP/RealizableHardness/ActualStarFixedCenterScalarClosureChecks.lean
8190e75a201741065fe508b28955dd64dd72d090babe5f70ce6848879d68ae88  /home/dfredriksen_quantyra_org/gcp_actual_star_fixed_center_scalar_closure_b26_20260925T032041Z_worktree/lean-toolchain
03c6564b4a501867a608a3439198e41b88eedf17e3c79c6bfd01790f6ae34cbe  /home/dfredriksen_quantyra_org/gcp_actual_star_fixed_center_scalar_closure_b26_20260925T032041Z_worktree/lakefile.toml
825d2e1a20005a259fdf5b181528b391dd6ba18a52c86127caf4c3be990e04f0  /home/dfredriksen_quantyra_org/gcp_actual_star_fixed_center_scalar_closure_b26_20260925T032041Z_worktree/lake-manifest.json
SOURCE_HASHES_END
CACHE_LINKS_BEGIN
lrwxrwxrwx 1 dfredriksen_quantyra_org dfredriksen_quantyra_org 65 Sep 25 03:24 /home/dfredriksen_quantyra_org/gcp_actual_star_fixed_center_scalar_closure_b26_20260925T032041Z_worktree/.lake/build -> /home/dfredriksen_quantyra_org/mz24-fixed-rho-de048da/.lake/build
lrwxrwxrwx 1 dfredriksen_quantyra_org dfredriksen_quantyra_org 68 Sep 25 03:24 /home/dfredriksen_quantyra_org/gcp_actual_star_fixed_center_scalar_closure_b26_20260925T032041Z_worktree/.lake/packages -> /home/dfredriksen_quantyra_org/mz24-fixed-rho-de048da/.lake/packages
/home/dfredriksen_quantyra_org/mz24-fixed-rho-de048da/.lake/packages
/home/dfredriksen_quantyra_org/mz24-fixed-rho-de048da/.lake/build
CACHE_LINKS_END
