WORKTREE_HEAD=d45f54d3a30cc9f74a984598ba1653b9f34768d5
WORKTREE_BRANCH=DETACHED
WORKTREE_STATUS_BEGIN
?? lean/PvNP/RealizableHardness/ActualStarFixedCenterScalarClosure.lean
?? lean/PvNP/RealizableHardness/ActualStarFixedCenterScalarClosureChecks.lean
WORKTREE_STATUS_END
OVERLAY_COUNT=2
OVERLAYS_BEGIN
lean/PvNP/RealizableHardness/ActualStarFixedCenterScalarClosure.lean
lean/PvNP/RealizableHardness/ActualStarFixedCenterScalarClosureChecks.lean
OVERLAYS_END
SOURCE_HASHES_BEGIN
527649a70ef686eb99a6dd61e4b2637c6d3a0790d6fcfbfee4447cf8f3d083cf  /home/dfredriksen_quantyra_org/gcp_actual_star_fixed_center_scalar_closure_b27_20260925T033218Z_worktree/lean/PvNP/RealizableHardness/ActualStarFixedCenterScalarClosure.lean
a414c575f77ae3542628faddd93ce32b089bcd7153fcf98625a1eb0899ccd69d  /home/dfredriksen_quantyra_org/gcp_actual_star_fixed_center_scalar_closure_b27_20260925T033218Z_worktree/lean/PvNP/RealizableHardness/ActualStarFixedCenterScalarClosureChecks.lean
8190e75a201741065fe508b28955dd64dd72d090babe5f70ce6848879d68ae88  /home/dfredriksen_quantyra_org/gcp_actual_star_fixed_center_scalar_closure_b27_20260925T033218Z_worktree/lean-toolchain
03c6564b4a501867a608a3439198e41b88eedf17e3c79c6bfd01790f6ae34cbe  /home/dfredriksen_quantyra_org/gcp_actual_star_fixed_center_scalar_closure_b27_20260925T033218Z_worktree/lakefile.toml
825d2e1a20005a259fdf5b181528b391dd6ba18a52c86127caf4c3be990e04f0  /home/dfredriksen_quantyra_org/gcp_actual_star_fixed_center_scalar_closure_b27_20260925T033218Z_worktree/lake-manifest.json
SOURCE_HASHES_END
CACHE_LINKS_BEGIN
lrwxrwxrwx 1 dfredriksen_quantyra_org dfredriksen_quantyra_org 65 Sep 25 03:36 /home/dfredriksen_quantyra_org/gcp_actual_star_fixed_center_scalar_closure_b27_20260925T033218Z_worktree/.lake/build -> /home/dfredriksen_quantyra_org/mz24-fixed-rho-de048da/.lake/build
lrwxrwxrwx 1 dfredriksen_quantyra_org dfredriksen_quantyra_org 68 Sep 25 03:36 /home/dfredriksen_quantyra_org/gcp_actual_star_fixed_center_scalar_closure_b27_20260925T033218Z_worktree/.lake/packages -> /home/dfredriksen_quantyra_org/mz24-fixed-rho-de048da/.lake/packages
/home/dfredriksen_quantyra_org/mz24-fixed-rho-de048da/.lake/packages
/home/dfredriksen_quantyra_org/mz24-fixed-rho-de048da/.lake/build
CACHE_LINKS_END
