WORKTREE_HEAD=cddef31c3a2a12b4eaaa121eb89f6f8ac4a6ae85
WORKTREE_BRANCH=DETACHED
WORKTREE_STATUS_BEGIN
?? lean/PvNP/RealizableHardness/ActualStarFixedCenterFirstMoment.lean
?? lean/PvNP/RealizableHardness/ActualStarFixedCenterFirstMomentChecks.lean
WORKTREE_STATUS_END
OVERLAY_COUNT=2
OVERLAYS_BEGIN
lean/PvNP/RealizableHardness/ActualStarFixedCenterFirstMoment.lean
lean/PvNP/RealizableHardness/ActualStarFixedCenterFirstMomentChecks.lean
OVERLAYS_END
SOURCE_HASHES_BEGIN
33395b16e7968db3ced71bc24a2f4920e9d21a03d2357fcf9bfb1e64be6ccd09  /home/dfredriksen_quantyra_org/gcp_actual_star_fixed_center_first_moment_b19_20260925T011243Z_worktree/lean/PvNP/RealizableHardness/ActualStarFixedCenterFirstMoment.lean
0bb02b47382b9cada1e2be5d9e6b2aa31cc10c40c5d7ad53fb28de216e0346ba  /home/dfredriksen_quantyra_org/gcp_actual_star_fixed_center_first_moment_b19_20260925T011243Z_worktree/lean/PvNP/RealizableHardness/ActualStarFixedCenterFirstMomentChecks.lean
8190e75a201741065fe508b28955dd64dd72d090babe5f70ce6848879d68ae88  /home/dfredriksen_quantyra_org/gcp_actual_star_fixed_center_first_moment_b19_20260925T011243Z_worktree/lean-toolchain
03c6564b4a501867a608a3439198e41b88eedf17e3c79c6bfd01790f6ae34cbe  /home/dfredriksen_quantyra_org/gcp_actual_star_fixed_center_first_moment_b19_20260925T011243Z_worktree/lakefile.toml
825d2e1a20005a259fdf5b181528b391dd6ba18a52c86127caf4c3be990e04f0  /home/dfredriksen_quantyra_org/gcp_actual_star_fixed_center_first_moment_b19_20260925T011243Z_worktree/lake-manifest.json
SOURCE_HASHES_END
CACHE_LINKS_BEGIN
lrwxrwxrwx 1 dfredriksen_quantyra_org dfredriksen_quantyra_org 65 Sep 25 01:18 /home/dfredriksen_quantyra_org/gcp_actual_star_fixed_center_first_moment_b19_20260925T011243Z_worktree/.lake/build -> /home/dfredriksen_quantyra_org/mz24-fixed-rho-de048da/.lake/build
lrwxrwxrwx 1 dfredriksen_quantyra_org dfredriksen_quantyra_org 68 Sep 25 01:18 /home/dfredriksen_quantyra_org/gcp_actual_star_fixed_center_first_moment_b19_20260925T011243Z_worktree/.lake/packages -> /home/dfredriksen_quantyra_org/mz24-fixed-rho-de048da/.lake/packages
/home/dfredriksen_quantyra_org/mz24-fixed-rho-de048da/.lake/packages
/home/dfredriksen_quantyra_org/mz24-fixed-rho-de048da/.lake/build
CACHE_LINKS_END
