C:\Users\Dan\Desktop\Projects\realizable-cmmsa-hardness\docs\native-receipts\ActualSelectedComplementAnalyticMoment\runtime-prebuild\local-native-123542\src\PvNP\RealizableHardness\ActualBinaryMatrixHC46A17TransposeHybridFilter.lean:117:2: error: Type mismatch: After simplification, term
  h
 has type
  @Eq (Submodule (ZMod 2) (Fin n → ZMod 2))
    (BinaryMatrixActualAffine.rawOfActual Q).leftDirections.transpose.mulVecLin.range
    (Submodule.map (↑(dualCoordinateEquiv n))
      (BinaryMatrixActualAffine.rawOfActual Q).leftDirections.mulVecLin.ker.dualAnnihilator)
but is expected to have type
  @Eq (Submodule (ZMod 2) (Fin n → ZMod 2))
    (BinaryMatrixActualAffine.rawOfActual Q).leftDirections.transpose.mulVecLin.range
    (coordinateDualAnnihilator (BinaryMatrixActualAffine.rawOfActual Q).leftDirections.mulVecLin.ker)
C:\Users\Dan\Desktop\Projects\realizable-cmmsa-hardness\docs\native-receipts\ActualSelectedComplementAnalyticMoment\runtime-prebuild\local-native-123542\src\PvNP\RealizableHardness\ActualBinaryMatrixHC46A17TransposeHybridFilter.lean:125:2: error: `simp` made no progress
C:\Users\Dan\Desktop\Projects\realizable-cmmsa-hardness\docs\native-receipts\ActualSelectedComplementAnalyticMoment\runtime-prebuild\local-native-123542\src\PvNP\RealizableHardness\ActualBinaryMatrixHC46A17TransposeHybridFilter.lean:143:13: error: Application type mismatch: The argument
  φ
has type
  Module.Dual F (V n)
but is expected to have type
  V d
in the application
  Exists.intro φ
C:\Users\Dan\Desktop\Projects\realizable-cmmsa-hardness\docs\native-receipts\ActualSelectedComplementAnalyticMoment\runtime-prebuild\local-native-123542\src\PvNP\RealizableHardness\ActualBinaryMatrixHC46A17TransposeHybridFilter.lean:143:12: error: Insufficient number of fields for `⟨...⟩` constructor: Constructor `Eq.refl` does not have explicit fields, but 2 were provided
C:\Users\Dan\Desktop\Projects\realizable-cmmsa-hardness\docs\native-receipts\ActualSelectedComplementAnalyticMoment\runtime-prebuild\local-native-123542\src\PvNP\RealizableHardness\ActualBinaryMatrixHC46A17TransposeHybridFilter.lean:145:12: error: Function expected at
  Submodule.mem_top
but this term has type
  ?m.158 ∈ ⊤

Note: Expected a function because this term is being applied to the argument
  x
C:\Users\Dan\Desktop\Projects\realizable-cmmsa-hardness\docs\native-receipts\ActualSelectedComplementAnalyticMoment\runtime-prebuild\local-native-123542\src\PvNP\RealizableHardness\ActualBinaryMatrixHC46A17TransposeHybridFilter.lean:157:53: error: Type mismatch
  hrange (Exists.intro φ ⟨hφ, rfl⟩)
has type
  ↑(dualCoordinateEquiv n) φ ∈ (Matrix.mulVecLin Y).range
but is expected to have type
  (dualCoordinateEquiv n) φ ∈
    Submodule.map (↑(dualCoordinateEquiv n)) (Matrix.toLin' (Matrix.transpose Y)).ker.dualAnnihilator
C:\Users\Dan\Desktop\Projects\realizable-cmmsa-hardness\docs\native-receipts\ActualSelectedComplementAnalyticMoment\runtime-prebuild\local-native-123542\src\PvNP\RealizableHardness\ActualBinaryMatrixHC46A17TransposeHybridFilter.lean:189:2: error: `simp` made no progress
