WORKTREE_HEAD=167eb7904cddf00c000e63bc4bf2bc643ee4df40
WORKTREE_BRANCH=DETACHED
WORKTREE_STATUS_BEGIN
?? lean/PvNP/RealizableHardness/ActualStarAffineFunctionalSelection.lean
?? lean/PvNP/RealizableHardness/ActualStarAffineFunctionalSelectionChecks.lean
WORKTREE_STATUS_END
OVERLAY_COUNT=2
OVERLAYS_BEGIN
lean/PvNP/RealizableHardness/ActualStarAffineFunctionalSelection.lean
lean/PvNP/RealizableHardness/ActualStarAffineFunctionalSelectionChecks.lean
OVERLAYS_END
SOURCE_HASHES_BEGIN
91dc1e8723a249e50ce781fadd0775290589fb85825c71112dc8c3f11385ed39  /home/dfredriksen_quantyra_org/gcp_actual_star_affine_functional_selection_b50c_20260925T163108Z_worktree/lean/PvNP/RealizableHardness/ActualStarAffineFunctionalSelection.lean
4182800f7aa6e0f9378b78df28d5b4c93e75dc9aec6da7b8a07b3b5b9b15f1fa  /home/dfredriksen_quantyra_org/gcp_actual_star_affine_functional_selection_b50c_20260925T163108Z_worktree/lean/PvNP/RealizableHardness/ActualStarAffineFunctionalSelectionChecks.lean
8190e75a201741065fe508b28955dd64dd72d090babe5f70ce6848879d68ae88  /home/dfredriksen_quantyra_org/gcp_actual_star_affine_functional_selection_b50c_20260925T163108Z_worktree/lean-toolchain
03c6564b4a501867a608a3439198e41b88eedf17e3c79c6bfd01790f6ae34cbe  /home/dfredriksen_quantyra_org/gcp_actual_star_affine_functional_selection_b50c_20260925T163108Z_worktree/lakefile.toml
825d2e1a20005a259fdf5b181528b391dd6ba18a52c86127caf4c3be990e04f0  /home/dfredriksen_quantyra_org/gcp_actual_star_affine_functional_selection_b50c_20260925T163108Z_worktree/lake-manifest.json
SOURCE_HASHES_END
CACHE_LINKS_BEGIN
lrwxrwxrwx 1 dfredriksen_quantyra_org dfredriksen_quantyra_org 65 Sep 25 16:38 /home/dfredriksen_quantyra_org/gcp_actual_star_affine_functional_selection_b50c_20260925T163108Z_worktree/.lake/build -> /home/dfredriksen_quantyra_org/mz24-fixed-rho-de048da/.lake/build
lrwxrwxrwx 1 dfredriksen_quantyra_org dfredriksen_quantyra_org 68 Sep 25 16:38 /home/dfredriksen_quantyra_org/gcp_actual_star_affine_functional_selection_b50c_20260925T163108Z_worktree/.lake/packages -> /home/dfredriksen_quantyra_org/mz24-fixed-rho-de048da/.lake/packages
/home/dfredriksen_quantyra_org/mz24-fixed-rho-de048da/.lake/packages
/home/dfredriksen_quantyra_org/mz24-fixed-rho-de048da/.lake/build
CACHE_LINKS_END
