lean/PvNP/RealizableHardness/ActualStarAffineFunctionalSelection.lean:34:2: warning: Try this: 
  letI̵

The goal is a proposition, so `let` is preferred over `letI`.
The difference between `let` and `letI` is that `letI` inlines the value.
But this is not relevant for proofs because of proof irrelevance.

Note: This linter can be disabled with `set_option linter.style.haveILetI false`
lean/PvNP/RealizableHardness/ActualStarAffineFunctionalSelection.lean:35:2: warning: Try this: 
  letI̵

The goal is a proposition, so `let` is preferred over `letI`.
The difference between `let` and `letI` is that `letI` inlines the value.
But this is not relevant for proofs because of proof irrelevance.

Note: This linter can be disabled with `set_option linter.style.haveILetI false`
lean/PvNP/RealizableHardness/ActualStarAffineFunctionalSelection.lean:37:2: warning: Try this: 
  letI̵

The goal is a proposition, so `let` is preferred over `letI`.
The difference between `let` and `letI` is that `letI` inlines the value.
But this is not relevant for proofs because of proof irrelevance.

Note: This linter can be disabled with `set_option linter.style.haveILetI false`
lean/PvNP/RealizableHardness/ActualStarAffineFunctionalSelection.lean:55:15: error: Application type mismatch: The argument
  (DirectSum.of ?m.420 i) ?m.425
has type
  ⨁ (i : ι), ?m.420 i
but is expected to have type
  ⨁ (i : ι), ↥(Q i)
in the application
  e ((DirectSum.of ?m.420 i) ?m.425)
lean/PvNP/RealizableHardness/ActualStarAffineFunctionalSelection.lean:98:2: warning: Try this: 
  letI̵

The goal is a proposition, so `let` is preferred over `letI`.
The difference between `let` and `letI` is that `letI` inlines the value.
But this is not relevant for proofs because of proof irrelevance.

Note: This linter can be disabled with `set_option linter.style.haveILetI false`
lean/PvNP/RealizableHardness/ActualStarAffineFunctionalSelection.lean:99:2: warning: Try this: 
  letI̵

The goal is a proposition, so `let` is preferred over `letI`.
The difference between `let` and `letI` is that `letI` inlines the value.
But this is not relevant for proofs because of proof irrelevance.

Note: This linter can be disabled with `set_option linter.style.haveILetI false`
lean/PvNP/RealizableHardness/ActualStarAffineFunctionalSelection.lean:100:2: warning: Try this: 
  letI̵

The goal is a proposition, so `let` is preferred over `letI`.
The difference between `let` and `letI` is that `letI` inlines the value.
But this is not relevant for proofs because of proof irrelevance.

Note: This linter can be disabled with `set_option linter.style.haveILetI false`
lean/PvNP/RealizableHardness/ActualStarAffineFunctionalSelection.lean:101:2: warning: Try this: 
  letI̵

The goal is a proposition, so `let` is preferred over `letI`.
The difference between `let` and `letI` is that `letI` inlines the value.
But this is not relevant for proofs because of proof irrelevance.

Note: This linter can be disabled with `set_option linter.style.haveILetI false`
lean/PvNP/RealizableHardness/ActualStarAffineFunctionalSelection.lean:102:2: warning: Try this: 
  letI̵

The goal is a proposition, so `let` is preferred over `letI`.
The difference between `let` and `letI` is that `letI` inlines the value.
But this is not relevant for proofs because of proof irrelevance.

Note: This linter can be disabled with `set_option linter.style.haveILetI false`
lean/PvNP/RealizableHardness/ActualStarAffineFunctionalSelection.lean:106:2: warning: Try this: 
  letI̵

The goal is a proposition, so `let` is preferred over `letI`.
The difference between `let` and `letI` is that `letI` inlines the value.
But this is not relevant for proofs because of proof irrelevance.

Note: This linter can be disabled with `set_option linter.style.haveILetI false`
lean/PvNP/RealizableHardness/ActualStarAffineFunctionalSelection.lean:113:44: error: Application type mismatch: The argument
  x
has type
  W
but is expected to have type
  ↥S
in the application
  LinearMap.congr_fun F.property x
lean/PvNP/RealizableHardness/ActualStarAffineFunctionalSelection.lean:114:45: error: Application type mismatch: The argument
  x
has type
  W
but is expected to have type
  ↥S
in the application
  LinearMap.congr_fun hF0 x
lean/PvNP/RealizableHardness/ActualStarAffineFunctionalSelection.lean:115:25: error: Application type mismatch: The argument
  x
has type
  W
but is expected to have type
  ↥S
in the application
  f x
lean/PvNP/RealizableHardness/ActualStarAffineFunctionalSelection.lean:125:14: error: Tactic `rewrite` failed: Did not find an occurrence of the pattern
  @Eq (?m.373 ⧸ ?p) (Submodule.Quotient.mk ?m.374) 0
in the target expression
  @Eq (W ⧸ S) (S.mkQ ↑x) 0

W : Type u_1
inst✝² : AddCommGroup W
inst✝¹ : Module (ZMod 2) W
inst✝ : Finite W
s : ℕ
S : Submodule (ZMod 2) W
f : ↥S →ₗ[ZMod 2] ZMod 2
hS : Module.finrank (ZMod 2) ↥S = s
this✝⁴ : Module.Finite (ZMod 2) W := Module.Finite.of_finite
this✝³ : Module.Finite (ZMod 2) (W ⧸ S) := inferInstance
this✝² : Fintype W := Fintype.ofFinite W
this✝¹ : Fintype (W ⧸ S) := Fintype.ofFinite (W ⧸ S)
this✝ : Finite (Module.Dual (ZMod 2) (W ⧸ S)) :=
  Finite.of_injective (fun G => G.toFun) fun ⦃a b⦄ hab => LinearMap.ext_iff.mpr fun x => congrFun hab x
this : Fintype (Module.Dual (ZMod 2) (W ⧸ S)) := Fintype.ofFinite (Module.Dual (ZMod 2) (W ⧸ S))
F0 : W →ₗ[ZMod 2] ZMod 2 := ⋯.choose
hF0 : F0 ∘ₗ S.subtype = f
toDual : FunctionalExtensionFiber S f → Module.Dual (ZMod 2) (W ⧸ S) := fun F => S.liftQ (↑F - F0) ⋯
G : Module.Dual (ZMod 2) (W ⧸ S)
x : ↥S
⊢ S.mkQ ↑x = 0
lean/PvNP/RealizableHardness/ActualStarAffineFunctionalSelection.lean:128:29: error: Application type mismatch: The argument
  hF0
has type
  F0 ∘ₗ S.subtype = f
but is expected to have type
  ?m.395 = ?m.396
in the application
  congrFun hF0
lean/PvNP/RealizableHardness/ActualStarAffineFunctionalSelection.lean:148:41: error(lean.unknownIdentifier): Unknown constant `Module.Dual.dual_finrank_eq`
lean/PvNP/RealizableHardness/ActualStarAffineFunctionalSelection.lean:134:28: warning: This simp argument is unused:
  Submodule.liftQ_apply

Hint: Omit it from the simp argument list.
  [apply] simp [fromDual, toDual, LinearMap.sub_apply, hF0, sub_add_cancel]

Note: This linter can be disabled with `set_option linter.unusedSimpArgs false`
lean/PvNP/RealizableHardness/ActualStarAffineFunctionalSelection.lean:134:51: warning: This simp argument is unused:
  LinearMap.sub_apply

Hint: Omit it from the simp argument list.
  [apply] simp [fromDual, toDual, Submodule.liftQ_apply, hF0, sub_add_cancel]

Note: This linter can be disabled with `set_option linter.unusedSimpArgs false`
lean/PvNP/RealizableHardness/ActualStarAffineFunctionalSelection.lean:135:6: warning: This simp argument is unused:
  hF0

Hint: Omit it from the simp argument list.
  [apply] simp [fromDual, toDual, Submodule.liftQ_apply, LinearMap.sub_apply, sub_add_cancel]

Note: This linter can be disabled with `set_option linter.unusedSimpArgs false`
lean/PvNP/RealizableHardness/ActualStarAffineFunctionalSelection.lean:135:11: warning: This simp argument is unused:
  sub_add_cancel

Hint: Omit it from the simp argument list.
  [apply] simp [fromDual, toDual, Submodule.liftQ_apply, LinearMap.sub_apply, hF0]

Note: This linter can be disabled with `set_option linter.unusedSimpArgs false`
lean/PvNP/RealizableHardness/ActualStarAffineFunctionalSelection.lean:139:28: warning: This simp argument is unused:
  Submodule.liftQ_apply

Hint: Omit it from the simp argument list.
  [apply] simp [fromDual, toDual, LinearMap.sub_apply]

Note: This linter can be disabled with `set_option linter.unusedSimpArgs false`
lean/PvNP/RealizableHardness/ActualStarAffineFunctionalSelection.lean:139:51: warning: This simp argument is unused:
  LinearMap.sub_apply

Hint: Omit it from the simp argument list.
  [apply] simp [fromDual, toDual, Submodule.liftQ_apply]

Note: This linter can be disabled with `set_option linter.unusedSimpArgs false`
