./01_preflight.log: OK
./02_bundle_verify.log: OK
./03_checkout_setup.log: OK
./04_checkout_metadata.log: OK
./05_dependency_forced_build.log: OK
./05_dependency_forced_build.rc: OK
./06_dependency_closure.log: OK
./07_direct_main.log: OK
./07_direct_main.rc: OK
./08_direct_checks.log: OK
./08_direct_checks.rc: OK
./09_combined_forced_build.log: OK
./09_combined_forced_build.rc: OK
./10_replay_main.log: OK
./10_replay_main.rc: OK
./11_replay_checks.log: OK
./11_replay_checks.rc: OK
./12_olean_hashes.log: OK
./13_signatures_axioms.log: OK
./14_forbidden_shortcuts.log: OK
./15_replay_log_diff.log: OK
./16_anchored_errors.log: OK
./ActualStarJointKernel.lean: OK
./ActualStarJointKernelChecks.lean: OK
./OUTCOME.txt: OK
./accepted-complete-history.bundle: OK
./direct-olean/PvNP/RealizableHardness/ActualStarJointKernel.olean: OK
./direct-olean/PvNP/RealizableHardness/ActualStarJointKernelChecks.olean: OK
./driver.sh: OK
./replay-olean/PvNP/RealizableHardness/ActualStarJointKernel.olean: OK
./replay-olean/PvNP/RealizableHardness/ActualStarJointKernelChecks.olean: OK
