C:\Users\Dan\Desktop\Projects\realizable-cmmsa-hardness\docs\native-receipts\ActualSelectedComplementAnalyticMoment\runtime-prebuild\local-native-123542\src\PvNP\RealizableHardness\ActualBinaryMatrixHC46A7WeightedPredecessor.lean:161:21: warning: `if_pos` has been deprecated: Use `ite_eq_left` instead
C:\Users\Dan\Desktop\Projects\realizable-cmmsa-hardness\docs\native-receipts\ActualSelectedComplementAnalyticMoment\runtime-prebuild\local-native-123542\src\PvNP\RealizableHardness\ActualBinaryMatrixHC46A7WeightedPredecessor.lean:184:21: warning: `if_pos` has been deprecated: Use `ite_eq_left` instead
C:\Users\Dan\Desktop\Projects\realizable-cmmsa-hardness\docs\native-receipts\ActualSelectedComplementAnalyticMoment\runtime-prebuild\local-native-123542\src\PvNP\RealizableHardness\ActualBinaryMatrixHC46A7WeightedPredecessor.lean:189:8: warning: This simp argument is unused:
  BinaryMatrixA1TypedFourier.carrierMean

Hint: Omit it from the simp argument list.
  [apply] simp [hp, complexCarrierFourierCoeff]

Note: This linter can be disabled with `set_option linter.unusedSimpArgs false`
C:\Users\Dan\Desktop\Projects\realizable-cmmsa-hardness\docs\native-receipts\ActualSelectedComplementAnalyticMoment\runtime-prebuild\local-native-123542\src\PvNP\RealizableHardness\ActualBinaryMatrixHC46A7WeightedPredecessor.lean:353:38: warning: This simp argument is unused:
  Matrix.mulVecLin_apply

Hint: Omit it from the simp argument list.
  [apply] simp [w6BlockBottomDisplacementMap, Matrix.fromCols_mulVec, Matrix.mulVecLin_mul, Matrix.mulVecLin_apply]

Note: This linter can be disabled with `set_option linter.unusedSimpArgs false`
C:\Users\Dan\Desktop\Projects\realizable-cmmsa-hardness\docs\native-receipts\ActualSelectedComplementAnalyticMoment\runtime-prebuild\local-native-123542\src\PvNP\RealizableHardness\ActualBinaryMatrixHC46A7WeightedPredecessor.lean:354:50: warning: This simp argument is unused:
  Matrix.mulVecLin_apply

Hint: Omit it from the simp argument list.
  [apply] simp [w6BlockBottomDisplacementMap, Matrix.mulVecLin_apply, Matrix.fromCols_mulVec, Matrix.mulVecLin_mul]

Note: This linter can be disabled with `set_option linter.unusedSimpArgs false`
C:\Users\Dan\Desktop\Projects\realizable-cmmsa-hardness\docs\native-receipts\ActualSelectedComplementAnalyticMoment\runtime-prebuild\local-native-123542\src\PvNP\RealizableHardness\ActualBinaryMatrixHC46A7WeightedPredecessor.lean:530:47: warning: This simp argument is unused:
  CharTwo.add_self_eq_zero

Hint: Omit it from the simp argument list.
  [apply] simp [L, w6CanonicalBlockCandidate, Matrix.fromBlocks_multiply, hsJc, hsJp, Matrix.mul_assoc, add_assoc,
    w6_matrix_add_self_eq_zero]

Note: This linter can be disabled with `set_option linter.unusedSimpArgs false`
C:\Users\Dan\Desktop\Projects\realizable-cmmsa-hardness\docs\native-receipts\ActualSelectedComplementAnalyticMoment\runtime-prebuild\local-native-123542\src\PvNP\RealizableHardness\ActualBinaryMatrixHC46A7WeightedPredecessor.lean:537:6: warning: This simp argument is unused:
  add_assoc

Hint: Omit it from the simp argument list.
  [apply] simp [K, Matrix.fromBlocks_multiply, hrPc, Matrix.mul_assoc, CharTwo.add_self_eq_zero,
    w6_matrix_add_self_eq_zero]

Note: This linter can be disabled with `set_option linter.unusedSimpArgs false`
C:\Users\Dan\Desktop\Projects\realizable-cmmsa-hardness\docs\native-receipts\ActualSelectedComplementAnalyticMoment\runtime-prebuild\local-native-123542\src\PvNP\RealizableHardness\ActualBinaryMatrixHC46A7WeightedPredecessor.lean:537:17: warning: This simp argument is unused:
  CharTwo.add_self_eq_zero

Hint: Omit it from the simp argument list.
  [apply] simp [K, Matrix.fromBlocks_multiply, hrPc, Matrix.mul_assoc, add_assoc, w6_matrix_add_self_eq_zero]

Note: This linter can be disabled with `set_option linter.unusedSimpArgs false`
C:\Users\Dan\Desktop\Projects\realizable-cmmsa-hardness\docs\native-receipts\ActualSelectedComplementAnalyticMoment\runtime-prebuild\local-native-123542\src\PvNP\RealizableHardness\ActualBinaryMatrixHC46A7WeightedPredecessor.lean:567:17: warning: This simp argument is unused:
  Matrix.mulVecLin_apply

Hint: Omit it from the simp argument list.
  [apply] simp [B, Matrix.fromBlocks_mulVec]

Note: This linter can be disabled with `set_option linter.unusedSimpArgs false`
C:\Users\Dan\Desktop\Projects\realizable-cmmsa-hardness\docs\native-receipts\ActualSelectedComplementAnalyticMoment\runtime-prebuild\local-native-123542\src\PvNP\RealizableHardness\ActualBinaryMatrixHC46A7WeightedPredecessor.lean:878:6: warning: try 'simp' instead of 'simpa'

Note: This linter can be disabled with `set_option linter.unnecessarySimpa false`
C:\Users\Dan\Desktop\Projects\realizable-cmmsa-hardness\docs\native-receipts\ActualSelectedComplementAnalyticMoment\runtime-prebuild\local-native-123542\src\PvNP\RealizableHardness\ActualBinaryMatrixHC46A7WeightedPredecessor.lean:838:43: warning: This simp argument is unused:
  Matrix.mulVecLin_apply

Hint: Omit it from the simp argument list.
  [apply] simp [g, w6BlockBottomDisplacementMap, Matrix.fromCols_mulVec, Matrix.mulVecLin_mul, cMap]

Note: This linter can be disabled with `set_option linter.unusedSimpArgs false`
C:\Users\Dan\Desktop\Projects\realizable-cmmsa-hardness\docs\native-receipts\ActualSelectedComplementAnalyticMoment\runtime-prebuild\local-native-123542\src\PvNP\RealizableHardness\ActualBinaryMatrixHC46A7WeightedPredecessor.lean:839:30: warning: This simp argument is unused:
  Matrix.mulVecLin_mul

Hint: Omit it from the simp argument list.
  [apply] simp [g, w6BlockBottomDisplacementMap, Matrix.mulVecLin_apply, Matrix.fromCols_mulVec, cMap]

Note: This linter can be disabled with `set_option linter.unusedSimpArgs false`
C:\Users\Dan\Desktop\Projects\realizable-cmmsa-hardness\docs\native-receipts\ActualSelectedComplementAnalyticMoment\runtime-prebuild\local-native-123542\src\PvNP\RealizableHardness\ActualBinaryMatrixHC46A7WeightedPredecessor.lean:859:45: warning: This simp argument is unused:
  Matrix.mulVecLin_apply

Hint: Omit it from the simp argument list.
  [apply] simp [g, w6BlockBottomDisplacementMap, Matrix.fromCols_mulVec, cMap]

Note: This linter can be disabled with `set_option linter.unusedSimpArgs false`
C:\Users\Dan\Desktop\Projects\realizable-cmmsa-hardness\docs\native-receipts\ActualSelectedComplementAnalyticMoment\runtime-prebuild\local-native-123542\src\PvNP\RealizableHardness\ActualBinaryMatrixHC46A7WeightedPredecessor.lean:871:45: warning: This simp argument is unused:
  Matrix.mulVecLin_apply

Hint: Omit it from the simp argument list.
  [apply] simp [g, w6BlockBottomDisplacementMap, Matrix.fromCols_mulVec]

Note: This linter can be disabled with `set_option linter.unusedSimpArgs false`
C:\Users\Dan\Desktop\Projects\realizable-cmmsa-hardness\docs\native-receipts\ActualSelectedComplementAnalyticMoment\runtime-prebuild\local-native-123542\src\PvNP\RealizableHardness\ActualBinaryMatrixHC46A7WeightedPredecessor.lean:1150:12: warning: This simp argument is unused:
  w6FixedZBlockFiber

Hint: Omit it from the simp argument list.
  [apply] simp [w6FixedBottomBlockFiber, hzfactor]

Note: This linter can be disabled with `set_option linter.unusedSimpArgs false`
C:\Users\Dan\Desktop\Projects\realizable-cmmsa-hardness\docs\native-receipts\ActualSelectedComplementAnalyticMoment\runtime-prebuild\local-native-123542\src\PvNP\RealizableHardness\ActualBinaryMatrixHC46A7WeightedPredecessor.lean:1150:32: warning: This simp argument is unused:
  w6FixedBottomBlockFiber

Hint: Omit it from the simp argument list.
  [apply] simp [w6FixedZBlockFiber, hzfactor]

Note: This linter can be disabled with `set_option linter.unusedSimpArgs false`
C:\Users\Dan\Desktop\Projects\realizable-cmmsa-hardness\docs\native-receipts\ActualSelectedComplementAnalyticMoment\runtime-prebuild\local-native-123542\src\PvNP\RealizableHardness\ActualBinaryMatrixHC46A7WeightedPredecessor.lean:1257:7: warning: Variable name `hBC` is not explicitly referenced.

Hint: The binding can be removed (if unused) or named `_` (if used implicitly). Alternatively, prefix the name with `_` to silence this warning:
  [apply] _hBC

Note: This linter can be disabled with `set_option linter.unusedVariables false`
C:\Users\Dan\Desktop\Projects\realizable-cmmsa-hardness\docs\native-receipts\ActualSelectedComplementAnalyticMoment\runtime-prebuild\local-native-123542\src\PvNP\RealizableHardness\ActualBinaryMatrixHC46A7WeightedPredecessor.lean:1262:7: warning: Variable name `hAD` is not explicitly referenced.

Hint: The binding can be removed (if unused) or named `_` (if used implicitly). Alternatively, prefix the name with `_` to silence this warning:
  [apply] _hAD

Note: This linter can be disabled with `set_option linter.unusedVariables false`
C:\Users\Dan\Desktop\Projects\realizable-cmmsa-hardness\docs\native-receipts\ActualSelectedComplementAnalyticMoment\runtime-prebuild\local-native-123542\src\PvNP\RealizableHardness\ActualBinaryMatrixHC46A7WeightedPredecessor.lean:1364:2: error: unsolved goals
case refine_1
n d : ℕ
X : BinaryMatrix n d
hA : Module.finrank F ↥(Matrix.toLin' (Matrix.transpose X)).range = Matrix.rank X
hB : Module.finrank F ↥(Matrix.toLin' (Matrix.transpose X)).ker = n - Matrix.rank X
hQ : Module.finrank F (V d ⧸ (Matrix.toLin' (Matrix.transpose X)).range) = d - Matrix.rank X
C : Submodule F (W n)
hBC : IsCompl (Matrix.toLin' (Matrix.transpose X)).ker C
eW0 : W n ≃ₗ[F] ↥(Matrix.toLin' (Matrix.transpose X)).range × ↥(Matrix.toLin' (Matrix.transpose X)).ker
hW :
  ∀ (w : W n),
    eW0 w =
      ((Matrix.toLin' (Matrix.transpose X)).rangeRestrict w,
        ((Matrix.toLin' (Matrix.transpose X)).ker.projectionOnto C hBC) w)
D : Submodule F (V d)
hAD : IsCompl (Matrix.toLin' (Matrix.transpose X)).range D
eV0 : V d ≃ₗ[F] ↥(Matrix.toLin' (Matrix.transpose X)).range × V d ⧸ (Matrix.toLin' (Matrix.transpose X)).range
hV :
  ∀ (v : V d),
    eV0 v =
      (((Matrix.toLin' (Matrix.transpose X)).range.projectionOnto D hAD) v,
        (Matrix.toLin' (Matrix.transpose X)).range.mkQ v)
bA : Module.Basis (Fin (Matrix.rank X)) F ↥(Matrix.toLin' (Matrix.transpose X)).range :=
  Module.finBasisOfFinrankEq F (↥(Matrix.toLin' (Matrix.transpose X)).range) hA
bB : Module.Basis (Fin (n - Matrix.rank X)) F ↥(Matrix.toLin' (Matrix.transpose X)).ker :=
  Module.finBasisOfFinrankEq F (↥(Matrix.toLin' (Matrix.transpose X)).ker) hB
bQ : Module.Basis (Fin (d - Matrix.rank X)) F (V d ⧸ (Matrix.toLin' (Matrix.transpose X)).range) :=
  Module.finBasisOfFinrankEq F (V d ⧸ (Matrix.toLin' (Matrix.transpose X)).range) hQ
eW : W n ≃ₗ[F] (Fin (Matrix.rank X) → F) × (Fin (n - Matrix.rank X) → F) := eW0 ≪≫ₗ bA.equivFun.prodCongr bB.equivFun
eV : V d ≃ₗ[F] (Fin (Matrix.rank X) → F) × (Fin (d - Matrix.rank X) → F) := eV0 ≪≫ₗ bA.equivFun.prodCongr bQ.equivFun
w : W n
⊢ (bA.equivFun.prodCongr bB.equivFun)
      ((Matrix.toLin' (Matrix.transpose X)).rangeRestrict w,
        ((Matrix.toLin' (Matrix.transpose X)).ker.projectionOnto C hBC) w) =
    (bA.equivFun ((Matrix.toLin' (Matrix.transpose X)).rangeRestrict w),
      bB.equivFun (((Matrix.toLin' (Matrix.transpose X)).ker.projectionOnto C hBC) w))
C:\Users\Dan\Desktop\Projects\realizable-cmmsa-hardness\docs\native-receipts\ActualSelectedComplementAnalyticMoment\runtime-prebuild\local-native-123542\src\PvNP\RealizableHardness\ActualBinaryMatrixHC46A7WeightedPredecessor.lean:1367:2: error: unsolved goals
case refine_2
n d : ℕ
X : BinaryMatrix n d
hA : Module.finrank F ↥(Matrix.toLin' (Matrix.transpose X)).range = Matrix.rank X
hB : Module.finrank F ↥(Matrix.toLin' (Matrix.transpose X)).ker = n - Matrix.rank X
hQ : Module.finrank F (V d ⧸ (Matrix.toLin' (Matrix.transpose X)).range) = d - Matrix.rank X
C : Submodule F (W n)
hBC : IsCompl (Matrix.toLin' (Matrix.transpose X)).ker C
eW0 : W n ≃ₗ[F] ↥(Matrix.toLin' (Matrix.transpose X)).range × ↥(Matrix.toLin' (Matrix.transpose X)).ker
hW :
  ∀ (w : W n),
    eW0 w =
      ((Matrix.toLin' (Matrix.transpose X)).rangeRestrict w,
        ((Matrix.toLin' (Matrix.transpose X)).ker.projectionOnto C hBC) w)
D : Submodule F (V d)
hAD : IsCompl (Matrix.toLin' (Matrix.transpose X)).range D
eV0 : V d ≃ₗ[F] ↥(Matrix.toLin' (Matrix.transpose X)).range × V d ⧸ (Matrix.toLin' (Matrix.transpose X)).range
hV :
  ∀ (v : V d),
    eV0 v =
      (((Matrix.toLin' (Matrix.transpose X)).range.projectionOnto D hAD) v,
        (Matrix.toLin' (Matrix.transpose X)).range.mkQ v)
bA : Module.Basis (Fin (Matrix.rank X)) F ↥(Matrix.toLin' (Matrix.transpose X)).range :=
  Module.finBasisOfFinrankEq F (↥(Matrix.toLin' (Matrix.transpose X)).range) hA
bB : Module.Basis (Fin (n - Matrix.rank X)) F ↥(Matrix.toLin' (Matrix.transpose X)).ker :=
  Module.finBasisOfFinrankEq F (↥(Matrix.toLin' (Matrix.transpose X)).ker) hB
bQ : Module.Basis (Fin (d - Matrix.rank X)) F (V d ⧸ (Matrix.toLin' (Matrix.transpose X)).range) :=
  Module.finBasisOfFinrankEq F (V d ⧸ (Matrix.toLin' (Matrix.transpose X)).range) hQ
eW : W n ≃ₗ[F] (Fin (Matrix.rank X) → F) × (Fin (n - Matrix.rank X) → F) := eW0 ≪≫ₗ bA.equivFun.prodCongr bB.equivFun
eV : V d ≃ₗ[F] (Fin (Matrix.rank X) → F) × (Fin (d - Matrix.rank X) → F) := eV0 ≪≫ₗ bA.equivFun.prodCongr bQ.equivFun
v : V d
⊢ (bA.equivFun.prodCongr bQ.equivFun)
      (((Matrix.toLin' (Matrix.transpose X)).range.projectionOnto D hAD) v,
        (Matrix.toLin' (Matrix.transpose X)).range.mkQ v) =
    (bA.equivFun (((Matrix.toLin' (Matrix.transpose X)).range.projectionOnto D hAD) v),
      bQ.equivFun ((Matrix.toLin' (Matrix.transpose X)).range.mkQ v))
C:\Users\Dan\Desktop\Projects\realizable-cmmsa-hardness\docs\native-receipts\ActualSelectedComplementAnalyticMoment\runtime-prebuild\local-native-123542\src\PvNP\RealizableHardness\ActualBinaryMatrixHC46A7WeightedPredecessor.lean:1420:6: error: Type mismatch: After simplification, term
  hfirst
 has type
  ⇑(bA.repr ((Matrix.toLin' (Matrix.transpose X)).rangeRestrict w)) = a
but is expected to have type
  ⇑(bA.repr (((Matrix.toLin' (Matrix.transpose X)).range.projectionOnto D hAD) ((Matrix.transpose X).mulVec w))) = a
C:\Users\Dan\Desktop\Projects\realizable-cmmsa-hardness\docs\native-receipts\ActualSelectedComplementAnalyticMoment\runtime-prebuild\local-native-123542\src\PvNP\RealizableHardness\ActualBinaryMatrixHC46A7WeightedPredecessor.lean:1431:36: error: unsolved goals
n d : ℕ
X : BinaryMatrix n d
C : Submodule F (W n)
hBC : IsCompl (Matrix.toLin' (Matrix.transpose X)).ker C
D : Submodule F (V d)
hAD : IsCompl (Matrix.toLin' (Matrix.transpose X)).range D
bA : Module.Basis (Fin (Matrix.rank X)) F ↥(Matrix.toLin' (Matrix.transpose X)).range
bB : Module.Basis (Fin (n - Matrix.rank X)) F ↥(Matrix.toLin' (Matrix.transpose X)).ker
bQ : Module.Basis (Fin (d - Matrix.rank X)) F (V d ⧸ (Matrix.toLin' (Matrix.transpose X)).range)
eW : W n ≃ₗ[F] (Fin (Matrix.rank X) → F) × (Fin (n - Matrix.rank X) → F)
eV : V d ≃ₗ[F] (Fin (Matrix.rank X) → F) × (Fin (d - Matrix.rank X) → F)
hW :
  ∀ (w : W n),
    eW w =
      (bA.equivFun ((Matrix.toLin' (Matrix.transpose X)).rangeRestrict w),
        bB.equivFun (((Matrix.toLin' (Matrix.transpose X)).ker.projectionOnto C hBC) w))
hV :
  ∀ (v : V d),
    eV v =
      (bA.equivFun (((Matrix.toLin' (Matrix.transpose X)).range.projectionOnto D hAD) v),
        bQ.equivFun ((Matrix.toLin' (Matrix.transpose X)).range.mkQ v))
Y : BinaryMatrix n d
b : Fin (n - Matrix.rank X) → F
q : ↥(Matrix.toLin' (Matrix.transpose X)).ker := bB.equivFun.symm b
hfirst : (Matrix.toLin' (Matrix.transpose X)).rangeRestrict ↑q = 0
hsecond : ((Matrix.toLin' (Matrix.transpose X)).ker.projectionOnto C hBC) ↑q = q
hcoord :
  eW ↑q =
    (bA.equivFun ((Matrix.toLin' (Matrix.transpose X)).rangeRestrict ↑q),
      bB.equivFun (((Matrix.toLin' (Matrix.transpose X)).ker.projectionOnto C hBC) ↑q))
⊢ b = ⇑(bB.repr q)
C:\Users\Dan\Desktop\Projects\realizable-cmmsa-hardness\docs\native-receipts\ActualSelectedComplementAnalyticMoment\runtime-prebuild\local-native-123542\src\PvNP\RealizableHardness\ActualBinaryMatrixHC46A7WeightedPredecessor.lean:1437:4: error: Type mismatch: After simplification, term
  hpair
 has type
  (eV ((Matrix.transpose Y).mulVec ↑q)).2 = ⇑(bQ.repr (Submodule.Quotient.mk ((Matrix.transpose Y).mulVec ↑q)))
but is expected to have type
  (eV ((Matrix.transpose Y).mulVec ↑q)).2 =
    ∑ x, b x • ⇑(bQ.repr (Submodule.Quotient.mk ((Matrix.transpose Y).mulVec ↑(bB x))))
C:\Users\Dan\Desktop\Projects\realizable-cmmsa-hardness\docs\native-receipts\ActualSelectedComplementAnalyticMoment\runtime-prebuild\local-native-123542\src\PvNP\RealizableHardness\ActualBinaryMatrixHC46A7WeightedPredecessor.lean:1421:12: warning: This simp argument is unused:
  hquot

Hint: Omit it from the simp argument list.
  [apply] simp

Note: This linter can be disabled with `set_option linter.unusedSimpArgs false`
