'PvNP.RealizableHardness.ActualCnfQueryStar.enc_accepts_of_sat' depends on axioms: [propext,
 Classical.choice,
 Quot.sound]
'PvNP.RealizableHardness.ActualCnfQueryStar.localLiteralLabel_accepts_zero' depends on axioms: [propext,
 Classical.choice,
 Quot.sound]
'PvNP.RealizableHardness.ActualCnfQueryStar.localLiteralLabel_score_eq' depends on axioms: [propext,
 Classical.choice,
 Quot.sound]
'PvNP.RealizableHardness.ActualCnfQueryStarChecks.contradictoryEx_unsat' depends on axioms: [propext]
'PvNP.RealizableHardness.ActualCnfQueryStar.cnfQuery_score_le' depends on axioms: [propext,
 Classical.choice,
 Quot.sound]
'PvNP.RealizableHardness.ActualCnfQueryStar.cnfQuery_score_lt_one' depends on axioms: [propext,
 Classical.choice,
 Quot.sound]
'PvNP.RealizableHardness.ActualCnfQueryStar.cnfQuery_sat_accepts_and_score_lt_one' depends on axioms: [propext,
 Classical.choice,
 Quot.sound]
'PvNP.RealizableHardness.ActualCnfQueryStar.cnfQuery_score_le_rBlock' depends on axioms: [propext,
 Classical.choice,
 Quot.sound]
'PvNP.RealizableHardness.ActualCnfQueryStar.cnfQuery_no_total_accept' depends on axioms: [propext,
 Classical.choice,
 Quot.sound]
'PvNP.RealizableHardness.ActualCnfQueryStar.cnfQuery_sat_rBlock_partial_no_total' depends on axioms: [propext,
 Classical.choice,
 Quot.sound]
