/tmp/cmmsa_cc23319_lean.tar.gz: OK
lean/PvNP/RealizableHardness/ActualCnfQueryStar.lean: OK
lean/PvNP/RealizableHardness/ActualCnfQueryStarChecks.lean: OK
lean/PvNP/RealizableHardness/ActualPredrawRepresentativeAcceptance.lean: OK
lean/PvNP/RealizableHardness/ActualPredrawRepresentativeAcceptanceChecks.lean: OK
Lake version 5.0.0-src+6a10ac8 (Lean version 4.34.0-rc2)
        ∀ (i : Fin 2),
          ActualPresentedLeafGluing.restrictToCenter (drawnCenterSub q z.fst ↑(z.snd i) ⋯)
              (selectedTable T s (vertexOfGrass q ↑(z.snd i))) =
            C z.fst}
info: lean/PvNP/RealizableHardness/ActualPredrawRepresentativeAcceptanceChecks.lean:56:0: 'PvNP.RealizableHardness.ActualPredrawRepresentativeAcceptance.selectedTable_centerOnly_classRepLaw_acceptanceMass_eq' depends on axioms: [propext,
 Classical.choice,
 Quot.sound]
Build completed successfully (3460 jobs).
        ∀ (i : Fin 2),
          ActualPresentedLeafGluing.restrictToCenter (drawnCenterSub q z.fst ↑(z.snd i) ⋯)
              (selectedTable T s (vertexOfGrass q ↑(z.snd i))) =
            C z.fst}
info: lean/PvNP/RealizableHardness/ActualPredrawRepresentativeAcceptanceChecks.lean:56:0: 'PvNP.RealizableHardness.ActualPredrawRepresentativeAcceptance.selectedTable_centerOnly_classRepLaw_acceptanceMass_eq' depends on axioms: [propext,
 Classical.choice,
 Quot.sound]
Build completed successfully (3460 jobs).
lean/PvNP/RealizableHardness/ActualCnfQueryStar.lean: OK
lean/PvNP/RealizableHardness/ActualCnfQueryStarChecks.lean: OK
lean/PvNP/RealizableHardness/ActualPredrawRepresentativeAcceptance.lean: OK
lean/PvNP/RealizableHardness/ActualPredrawRepresentativeAcceptanceChecks.lean: OK
