lean/PvNP/RealizableHardness/ActualMZ24FixedRhoPointwiseSelector.lean:43:2: warning: Used `tac1 <;> tac2` where `(tac1; tac2)` would suffice

Note: This linter can be disabled with `set_option linter.unnecessarySeqFocus false`
lean/PvNP/RealizableHardness/ActualMZ24FixedRhoPointwiseSelector.lean:60:2: warning: Used `tac1 <;> tac2` where `(tac1; tac2)` would suffice

Note: This linter can be disabled with `set_option linter.unnecessarySeqFocus false`
lean/PvNP/RealizableHardness/ActualMZ24FixedRhoPointwiseSelector.lean:66:6: warning: Unused tactic linter: `ring` does nothing

Note: This linter can be disabled with `set_option linter.unusedTactic false`
lean/PvNP/RealizableHardness/ActualMZ24FixedRhoPointwiseSelector.lean:66:6: warning: this tactic is never executed

Note: This linter can be disabled with `set_option linter.unreachableTactic false`
lean/PvNP/RealizableHardness/ActualMZ24FixedRhoPointwiseSelector.lean:74:6: warning: Unused tactic linter: `ring` does nothing

Note: This linter can be disabled with `set_option linter.unusedTactic false`
lean/PvNP/RealizableHardness/ActualMZ24FixedRhoPointwiseSelector.lean:74:6: warning: this tactic is never executed

Note: This linter can be disabled with `set_option linter.unreachableTactic false`
lean/PvNP/RealizableHardness/ActualMZ24FixedRhoPointwiseSelector.lean:83:6: warning: Unused tactic linter: `ring` does nothing

Note: This linter can be disabled with `set_option linter.unusedTactic false`
lean/PvNP/RealizableHardness/ActualMZ24FixedRhoPointwiseSelector.lean:83:6: warning: this tactic is never executed

Note: This linter can be disabled with `set_option linter.unreachableTactic false`
lean/PvNP/RealizableHardness/ActualMZ24FixedRhoPointwiseSelector.lean:110:54: error: unsolved goals
L m : ℕ
hmpos : 0 < m
hbpos : 0 < bOf m
hbne : ↑(bOf m) ≠ 0
hdvd : bOf m ∣ hBlock L m
hcancel : bOf m * (hBlock L m / bOf m) = hBlock L m
hcancelCast : ↑(hBlock L m) = ↑(bOf m * (hBlock L m / bOf m))
⊢ ↑(bOf m * (hBlock L m / bOf m)) = ↑(bOf m) * NNRat.divNat (bOf m * (hBlock L m / bOf m)) (bOf m)
lean/PvNP/RealizableHardness/ActualMZ24FixedRhoPointwiseSelector.lean:101:2: error: unsolved goals
case pos
L m : ℕ
hmpos : 0 < m
hbpos : 0 < bOf m
hbne : ↑(bOf m) ≠ 0
hdvd : bOf m ∣ hBlock L m
hcancel : bOf m * (hBlock L m / bOf m) = hBlock L m
hcancelCast : ↑(hBlock L m) = ↑(bOf m * (hBlock L m / bOf m))
hcancelRat : ↑(hBlock L m) = ↑(bOf m) * (↑(hBlock L m) / ↑(bOf m))
⊢ ↑(hBlock L m) = ↑(bOf m) * ↑(hBlock L m / bOf m)
lean/PvNP/RealizableHardness/ActualMZ24FixedRhoPointwiseSelector.lean:162:5: warning: Variable name `H` is not explicitly referenced.

Hint: The binding can be removed (if unused) or named `_` (if used implicitly). Alternatively, prefix the name with `_` to silence this warning:
  [apply] _H

Note: This linter can be disabled with `set_option linter.unusedVariables false`
