⚠ [2203/2310] Replayed PvNP.RealizableHardness.BinaryMatrixFourier
warning: lean/PvNP/RealizableHardness/BinaryMatrixFourier.lean:126:8: `if_pos` has been deprecated: Use `ite_eq_left` instead
warning: lean/PvNP/RealizableHardness/BinaryMatrixFourier.lean:132:8: `if_neg` has been deprecated: Use `ite_eq_right` instead
⚠ [2205/2310] Replayed PvNP.RealizableHardness.BinaryMatrixHybridSelector
warning: lean/PvNP/RealizableHardness/BinaryMatrixHybridSelector.lean:71:8: `if_pos` has been deprecated: Use `ite_eq_left` instead
warning: lean/PvNP/RealizableHardness/BinaryMatrixHybridSelector.lean:90:8: `if_neg` has been deprecated: Use `ite_eq_right` instead
⚠ [2207/2310] Replayed PvNP.RealizableHardness.BinaryMatrixLineTranslation
warning: lean/PvNP/RealizableHardness/BinaryMatrixLineTranslation.lean:243:4: try 'simp' instead of 'simpa'

Note: This linter can be disabled with `set_option linter.unnecessarySimpa false`
warning: lean/PvNP/RealizableHardness/BinaryMatrixLineTranslation.lean:315:8: `if_neg` has been deprecated: Use `ite_eq_right` instead
warning: lean/PvNP/RealizableHardness/BinaryMatrixLineTranslation.lean:407:15: `if_neg` has been deprecated: Use `ite_eq_right` instead
warning: lean/PvNP/RealizableHardness/BinaryMatrixLineTranslation.lean:433:41: This simp argument is unused:
  s

Hint: Omit it from the simp argument list.
  [apply] simp [hs, hr]

Note: This linter can be disabled with `set_option linter.unusedSimpArgs false`
warning: lean/PvNP/RealizableHardness/BinaryMatrixLineTranslation.lean:555:15: `if_neg` has been deprecated: Use `ite_eq_right` instead
warning: lean/PvNP/RealizableHardness/BinaryMatrixLineTranslation.lean:592:57: This simp argument is unused:
  mul_assoc

Hint: Omit it from the simp argument list.
  [apply] simp [hr, hs]

Note: This linter can be disabled with `set_option linter.unusedSimpArgs false`
⚠ [2208/2310] Replayed PvNP.RealizableHardness.BinaryMatrixLineA14
warning: lean/PvNP/RealizableHardness/BinaryMatrixLineA14.lean:88:8: `if_pos` has been deprecated: Use `ite_eq_left` instead
warning: lean/PvNP/RealizableHardness/BinaryMatrixLineA14.lean:97:8: `if_neg` has been deprecated: Use `ite_eq_right` instead
⚠ [2219/2310] Replayed PvNP.RealizableHardness.BinaryMatrixComplexA15
warning: lean/PvNP/RealizableHardness/BinaryMatrixComplexA15.lean:35:4: Unused tactic linter: `change fibreEnergy R.fibre f ≤ ε` does nothing

Note: This linter can be disabled with `set_option linter.unusedTactic false`
warning: lean/PvNP/RealizableHardness/BinaryMatrixComplexA15.lean:46:2: Unused tactic linter: `change fibreEnergy Q.fibre f ≤ ε` does nothing

Note: This linter can be disabled with `set_option linter.unusedTactic false`
warning: lean/PvNP/RealizableHardness/BinaryMatrixComplexA15.lean:184:24: This simp argument is unused:
  zero_add

Hint: Omit it from the simp argument list.
  [apply] simp only [Complex.normSq_apply, Complex.sub_re, Complex.sub_im, Complex.mul_re, Complex.mul_im,
    Complex.ofReal_re, Complex.ofReal_im, zero_mul, sub_zero, mul_zero]

Note: This linter can be disabled with `set_option linter.unusedSimpArgs false`
warning: lean/PvNP/RealizableHardness/BinaryMatrixComplexA15.lean:184:34: This simp argument is unused:
  mul_zero

Hint: Omit it from the simp argument list.
  [apply] simp only [Complex.normSq_apply, Complex.sub_re, Complex.sub_im, Complex.mul_re, Complex.mul_im,
    Complex.ofReal_re, Complex.ofReal_im, zero_mul, sub_zero, zero_add]

Note: This linter can be disabled with `set_option linter.unusedSimpArgs false`
⚠ [2286/2310] Replayed PvNP.RealizableHardness.BinaryMatrixA1TypedFourier
warning: lean/PvNP/RealizableHardness/BinaryMatrixA1TypedFourier.lean:198:8: `if_pos` has been deprecated: Use `ite_eq_left` instead
warning: lean/PvNP/RealizableHardness/BinaryMatrixA1TypedFourier.lean:204:8: `if_neg` has been deprecated: Use `ite_eq_right` instead
warning: lean/PvNP/RealizableHardness/BinaryMatrixA1TypedFourier.lean:236:8: `if_pos` has been deprecated: Use `ite_eq_left` instead
warning: lean/PvNP/RealizableHardness/BinaryMatrixA1TypedFourier.lean:242:8: `if_neg` has been deprecated: Use `ite_eq_right` instead
⚠ [2288/2310] Replayed PvNP.RealizableHardness.BinaryMatrixA1CoefficientTransfer
warning: lean/PvNP/RealizableHardness/BinaryMatrixA1CoefficientTransfer.lean:111:15: `if_pos` has been deprecated: Use `ite_eq_left` instead
⚠ [2289/2310] Replayed PvNP.RealizableHardness.BinaryMatrixA1Composition
warning: lean/PvNP/RealizableHardness/BinaryMatrixA1Composition.lean:40:15: `if_pos` has been deprecated: Use `ite_eq_left` instead
warning: lean/PvNP/RealizableHardness/BinaryMatrixA1Composition.lean:102:5: Variable name `hA` is not explicitly referenced.

Hint: The binding can be removed (if unused) or named `_` (if used implicitly). Alternatively, prefix the name with `_` to silence this warning:
  [apply] _hA

Note: This linter can be disabled with `set_option linter.unusedVariables false`
warning: lean/PvNP/RealizableHardness/BinaryMatrixA1Composition.lean:102:20: Variable name `hB` is not explicitly referenced.

Hint: The binding can be removed (if unused) or named `_` (if used implicitly). Alternatively, prefix the name with `_` to silence this warning:
  [apply] _hB

Note: This linter can be disabled with `set_option linter.unusedVariables false`
warning: lean/PvNP/RealizableHardness/BinaryMatrixA1Composition.lean:172:43: `if_pos` has been deprecated: Use `ite_eq_left` instead
⚠ [2301/2310] Replayed PvNP.RealizableHardness.BinaryMatrixTypedA15HyperplaneGlobal
warning: lean/PvNP/RealizableHardness/BinaryMatrixTypedA15HyperplaneGlobal.lean:48:25: Variable name `hH` is not explicitly referenced.

Hint: The binding can be removed (if unused) or named `_` (if used implicitly). Alternatively, prefix the name with `_` to silence this warning:
  [apply] _hH

Note: This linter can be disabled with `set_option linter.unusedVariables false`
⚠ [2303/2310] Replayed PvNP.RealizableHardness.BinaryMatrixTypedA15HyperplaneReducedGlobal
warning: lean/PvNP/RealizableHardness/BinaryMatrixTypedA15HyperplaneReducedGlobal.lean:54:25: Variable name `hH` is not explicitly referenced.

Hint: The binding can be removed (if unused) or named `_` (if used implicitly). Alternatively, prefix the name with `_` to silence this warning:
  [apply] _hH

Note: This linter can be disabled with `set_option linter.unusedVariables false`
warning: lean/PvNP/RealizableHardness/BinaryMatrixTypedA15HyperplaneReducedGlobal.lean:64:25: Variable name `hH` is not explicitly referenced.

Hint: The binding can be removed (if unused) or named `_` (if used implicitly). Alternatively, prefix the name with `_` to silence this warning:
  [apply] _hH

Note: This linter can be disabled with `set_option linter.unusedVariables false`
warning: lean/PvNP/RealizableHardness/BinaryMatrixTypedA15HyperplaneReducedGlobal.lean:84:25: Variable name `hH` is not explicitly referenced.

Hint: The binding can be removed (if unused) or named `_` (if used implicitly). Alternatively, prefix the name with `_` to silence this warning:
  [apply] _hH

Note: This linter can be disabled with `set_option linter.unusedVariables false`
warning: lean/PvNP/RealizableHardness/BinaryMatrixTypedA15HyperplaneReducedGlobal.lean:98:25: Variable name `hH` is not explicitly referenced.

Hint: The binding can be removed (if unused) or named `_` (if used implicitly). Alternatively, prefix the name with `_` to silence this warning:
  [apply] _hH

Note: This linter can be disabled with `set_option linter.unusedVariables false`
warning: lean/PvNP/RealizableHardness/BinaryMatrixTypedA15HyperplaneReducedGlobal.lean:236:25: Variable name `hH` is not explicitly referenced.

Hint: The binding can be removed (if unused) or named `_` (if used implicitly). Alternatively, prefix the name with `_` to silence this warning:
  [apply] _hH

Note: This linter can be disabled with `set_option linter.unusedVariables false`
⚠ [2305/2310] Replayed PvNP.RealizableHardness.BinaryMatrixTypedA14HyperplaneReduced
warning: lean/PvNP/RealizableHardness/BinaryMatrixTypedA14HyperplaneReduced.lean:35:55: Variable name `hH` is not explicitly referenced.

Hint: The binding can be removed (if unused) or named `_` (if used implicitly). Alternatively, prefix the name with `_` to silence this warning:
  [apply] _hH

Note: This linter can be disabled with `set_option linter.unusedVariables false`
warning: lean/PvNP/RealizableHardness/BinaryMatrixTypedA14HyperplaneReduced.lean:119:55: Variable name `hH` is not explicitly referenced.

Hint: The binding can be removed (if unused) or named `_` (if used implicitly). Alternatively, prefix the name with `_` to silence this warning:
  [apply] _hH

Note: This linter can be disabled with `set_option linter.unusedVariables false`
⚠ [2307/2310] Replayed PvNP.RealizableHardness.BinaryMatrixA15BaseCase
warning: lean/PvNP/RealizableHardness/BinaryMatrixA15BaseCase.lean:31:4: Try this: 
  haveI̵

The goal is a proposition, so `have` is preferred over `haveI`.
The difference between `have` and `haveI` is that `haveI` inlines the value.
But this is not relevant for proofs because of proof irrelevance.

Note: This linter can be disabled with `set_option linter.style.haveILetI false`
✖ [2310/2310] Building PvNP.RealizableHardness.ActualBinaryMatrixHC46CommonDerivative (2.9s)
trace: .> LEAN_PATH=/home/dfredriksen_quantyra_org/cmmsa_analytic_20260930T040837Z/.lake/packages/Cli/.lake/build/lib/lean:/home/dfredriksen_quantyra_org/cmmsa_analytic_20260930T040837Z/.lake/packages/batteries/.lake/build/lib/lean:/home/dfredriksen_quantyra_org/cmmsa_analytic_20260930T040837Z/.lake/packages/Qq/.lake/build/lib/lean:/home/dfredriksen_quantyra_org/cmmsa_analytic_20260930T040837Z/.lake/packages/aesop/.lake/build/lib/lean:/home/dfredriksen_quantyra_org/cmmsa_analytic_20260930T040837Z/.lake/packages/proofwidgets/.lake/build/lib/lean:/home/dfredriksen_quantyra_org/cmmsa_analytic_20260930T040837Z/.lake/packages/importGraph/.lake/build/lib/lean:/home/dfredriksen_quantyra_org/cmmsa_analytic_20260930T040837Z/.lake/packages/LeanSearchClient/.lake/build/lib/lean:/home/dfredriksen_quantyra_org/cmmsa_analytic_20260930T040837Z/.lake/packages/plausible/.lake/build/lib/lean:/home/dfredriksen_quantyra_org/cmmsa_analytic_20260930T040837Z/.lake/packages/complexitylib/.lake/build/lib/lean:/home/dfredriksen_quantyra_org/cmmsa_analytic_20260930T040837Z/.lake/packages/mathlib/.lake/build/lib/lean:/home/dfredriksen_quantyra_org/cmmsa_analytic_20260930T040837Z/.lake/packages/cslib/.lake/build/lib/lean:/home/dfredriksen_quantyra_org/cmmsa_analytic_20260930T040837Z/.lake/build/lib/lean /home/dfredriksen_quantyra_org/.elan/toolchains/leanprover--lean4---v4.34.0-rc2/bin/lean /home/dfredriksen_quantyra_org/cmmsa_analytic_20260930T040837Z/lean/PvNP/RealizableHardness/ActualBinaryMatrixHC46CommonDerivative.lean -o /home/dfredriksen_quantyra_org/cmmsa_analytic_20260930T040837Z/.lake/build/lib/lean/PvNP/RealizableHardness/ActualBinaryMatrixHC46CommonDerivative.olean -i /home/dfredriksen_quantyra_org/cmmsa_analytic_20260930T040837Z/.lake/build/lib/lean/PvNP/RealizableHardness/ActualBinaryMatrixHC46CommonDerivative.ilean -c /home/dfredriksen_quantyra_org/cmmsa_analytic_20260930T040837Z/.lake/build/ir/PvNP/RealizableHardness/ActualBinaryMatrixHC46CommonDerivative.c --setup /home/dfredriksen_quantyra_org/cmmsa_analytic_20260930T040837Z/.lake/build/ir/PvNP/RealizableHardness/ActualBinaryMatrixHC46CommonDerivative.setup.json --json
error: lean/PvNP/RealizableHardness/ActualBinaryMatrixHC46CommonDerivative.lean:80:6: Invalid rewrite argument: Expected an equality or iff proof or definition name, but `hselected'` is a proof of
  Pi.single (Fin.last d) 1 ∈ (Matrix.transpose Y).mulVecLin.range
error: lean/PvNP/RealizableHardness/ActualBinaryMatrixHC46CommonDerivative.lean:91:40: Tactic `rewrite` failed: Did not find an occurrence of the pattern
  (complexRankProjection ?m.31 ?f ?M).re
in the target expression
  BinaryMatrixHybridSelector.hybridLineDerivative t (fun X => (complexRankProjection 0 f X).re) M = Complex.re 0

case a
n d : ℕ
t : Fin n → ZMod 2
f : BinaryMatrix n (d + 1) → ℂ
M : BinaryMatrix n d
⊢ BinaryMatrixHybridSelector.hybridLineDerivative t (fun X => (complexRankProjection 0 f X).re) M = Complex.re 0
error: lean/PvNP/RealizableHardness/ActualBinaryMatrixHC46CommonDerivative.lean:93:40: Tactic `rewrite` failed: Did not find an occurrence of the pattern
  (complexRankProjection ?m.42 ?f ?M).im
in the target expression
  BinaryMatrixHybridSelector.hybridLineDerivative t (fun X => (complexRankProjection 0 f X).im) M = Complex.im 0

case a
n d : ℕ
t : Fin n → ZMod 2
f : BinaryMatrix n (d + 1) → ℂ
M : BinaryMatrix n d
⊢ BinaryMatrixHybridSelector.hybridLineDerivative t (fun X => (complexRankProjection 0 f X).im) M = Complex.im 0
error: lean/PvNP/RealizableHardness/ActualBinaryMatrixHC46CommonDerivative.lean:102:4: 'change' tactic failed, pattern
  rankProjection j (fun X => (f X).re) (Matrix.transpose M) = rankProjection j (fun X => (f (Matrix.transpose X)).re) M
is not definitionally equal to target
  (complexTranspose (complexRankProjection j f) M).re = (complexRankProjection j (complexTranspose f) M).re
error: lean/PvNP/RealizableHardness/ActualBinaryMatrixHC46CommonDerivative.lean:106:4: 'change' tactic failed, pattern
  rankProjection j (fun X => (f X).im) (Matrix.transpose M) = rankProjection j (fun X => (f (Matrix.transpose X)).im) M
is not definitionally equal to target
  (complexTranspose (complexRankProjection j f) M).im = (complexRankProjection j (complexTranspose f) M).im
error: lean/PvNP/RealizableHardness/ActualBinaryMatrixHC46CommonDerivative.lean:276:39: Application type mismatch: The argument
  hz
has type
  z + z = z + 0
but is expected to have type
  z + ?m.104 = 0 + ?m.104
in the application
  add_right_cancel hz
error: lean/PvNP/RealizableHardness/ActualBinaryMatrixHC46CommonDerivative.lean:296:10: Tactic `rewrite` failed: Did not find an occurrence of the pattern
  fun M => complexHybridLineDerivative (t (Fin.last k)) (fun x => 0) M
in the target expression
  (commonLineDerivativeChain k (fun M => complexHybridLineDerivative (t (Fin.last k)) (fun x => 0) M) fun i =>
      t i.castSucc) =
    fun x => 0

case succ
n k : ℕ
ih : ∀ {d : ℕ} (t : Fin k → Fin n → ZMod 2), commonLineDerivativeChain k (fun x => 0) t = fun x => 0
d : ℕ
t : Fin (k + 1) → Fin n → ZMod 2
hstep : (fun M => complexHybridLineDerivative (t (Fin.last k)) (fun x => 0) M) = fun x => 0
⊢ (commonLineDerivativeChain k (fun M => complexHybridLineDerivative (t (Fin.last k)) (fun x => 0) M) fun i =>
      t i.castSucc) =
    fun x => 0
error: lean/PvNP/RealizableHardness/ActualBinaryMatrixHC46CommonDerivative.lean:320:14: Tactic `rewrite` failed: Did not find an occurrence of the pattern
  fun M => complexHybridLineDerivative (t (Fin.last k)) (complexRankProjection 0 f) M
in the target expression
  (commonLineDerivativeChain k (fun M => complexHybridLineDerivative (t (Fin.last k)) (complexRankProjection 0 f) M)
      fun i => t i.castSucc) =
    fun x => 0

case succ.zero
n k : ℕ
ih :
  ∀ {d r : ℕ} (f : BinaryMatrix n (d + k) → ℂ) (t : Fin k → Fin n → ZMod 2),
    r < k → commonLineDerivativeChain k (complexRankProjection r f) t = fun x => 0
d : ℕ
f : BinaryMatrix n (d + (k + 1)) → ℂ
t : Fin (k + 1) → Fin n → ZMod 2
hr : 0 < k + 1
hstep : (fun M => complexHybridLineDerivative (t (Fin.last k)) (complexRankProjection 0 f) M) = fun x => 0
⊢ (commonLineDerivativeChain k (fun M => complexHybridLineDerivative (t (Fin.last k)) (complexRankProjection 0 f) M)
      fun i => t i.castSucc) =
    fun x => 0
error: lean/PvNP/RealizableHardness/ActualBinaryMatrixHC46CommonDerivative.lean:354:75: unsolved goals
d k : ℕ
ih : ∀ {n : ℕ} (t : Fin k → Fin d → ZMod 2), commonHyperplaneDerivativeChain k (fun x => 0) t = fun x => 0
n : ℕ
t : Fin (k + 1) → Fin d → ZMod 2
M : BinaryMatrix (n.add k) d
⊢ ∑ x with BinaryMatrixHybridSelector.hybridLineSelected x,
      (∑ x_1, complexTranspose (fun x => 0) x_1 * ↑(character x x_1)) / ↑(Fintype.card (BinaryMatrix d (n + k + 1))) *
        ↑(character x (rawLastColumn (Matrix.transpose M) (t (Fin.last k)))) =
    0
error: lean/PvNP/RealizableHardness/ActualBinaryMatrixHC46CommonDerivative.lean:362:10: Tactic `rewrite` failed: Did not find an occurrence of the pattern
  fun M => complexHyperplaneDerivative (t (Fin.last k)) (fun x => 0) M
in the target expression
  (commonHyperplaneDerivativeChain k (fun M => complexHyperplaneDerivative (t (Fin.last k)) (fun x => 0) M) fun i =>
      t i.castSucc) =
    fun x => 0

case succ
d k : ℕ
ih : ∀ {n : ℕ} (t : Fin k → Fin d → ZMod 2), commonHyperplaneDerivativeChain k (fun x => 0) t = fun x => 0
n : ℕ
t : Fin (k + 1) → Fin d → ZMod 2
hstep : (fun M => complexHyperplaneDerivative (t (Fin.last k)) (fun x => 0) M) = fun x => 0
⊢ (commonHyperplaneDerivativeChain k (fun M => complexHyperplaneDerivative (t (Fin.last k)) (fun x => 0) M) fun i =>
      t i.castSucc) =
    fun x => 0
error: lean/PvNP/RealizableHardness/ActualBinaryMatrixHC46CommonDerivative.lean:385:14: Tactic `rewrite` failed: Did not find an occurrence of the pattern
  fun M => complexHyperplaneDerivative (t (Fin.last k)) (complexRankProjection 0 f) M
in the target expression
  (commonHyperplaneDerivativeChain k
      (fun M => complexHyperplaneDerivative (t (Fin.last k)) (complexRankProjection 0 f) M) fun i => t i.castSucc) =
    fun x => 0

case succ.zero
d k : ℕ
ih :
  ∀ {n r : ℕ} (f : BinaryMatrix (n + k) d → ℂ) (t : Fin k → Fin d → ZMod 2),
    r < k → commonHyperplaneDerivativeChain k (complexRankProjection r f) t = fun x => 0
n : ℕ
f : BinaryMatrix (n + (k + 1)) d → ℂ
t : Fin (k + 1) → Fin d → ZMod 2
hr : 0 < k + 1
hstep : (fun M => complexHyperplaneDerivative (t (Fin.last k)) (complexRankProjection 0 f) M) = fun x => 0
⊢ (commonHyperplaneDerivativeChain k
      (fun M => complexHyperplaneDerivative (t (Fin.last k)) (complexRankProjection 0 f) M) fun i => t i.castSucc) =
    fun x => 0
Some required targets logged failures:
- PvNP.RealizableHardness.ActualBinaryMatrixHC46CommonDerivative
