WORKTREE_HEAD=fada35a6f545e939c4777207ceca08e4b6a69cc5
WORKTREE_BRANCH=DETACHED
WORKTREE_STATUS_BEGIN
?? lean/PvNP/RealizableHardness/ActualStarFixedRhoDimensionGuard.lean
?? lean/PvNP/RealizableHardness/ActualStarFixedRhoDimensionGuardChecks.lean
WORKTREE_STATUS_END
OVERLAY_COUNT=2
OVERLAYS_BEGIN
lean/PvNP/RealizableHardness/ActualStarFixedRhoDimensionGuard.lean
lean/PvNP/RealizableHardness/ActualStarFixedRhoDimensionGuardChecks.lean
OVERLAYS_END
SOURCE_HASHES_BEGIN
58e373bfdcdc50716ed9be7fa4bfb051ba4dbb71daf60146f33b9b6b3f669bf1  /home/dfredriksen_quantyra_org/gcp_actual_star_fixed_rho_dimension_guard_b28_20260925T040019Z_worktree/lean/PvNP/RealizableHardness/ActualStarFixedRhoDimensionGuard.lean
acb5d1546a4a77b4c5ad54ebfaf024bbd16e8cc1f99dc6c814bc15fda9f4e5dd  /home/dfredriksen_quantyra_org/gcp_actual_star_fixed_rho_dimension_guard_b28_20260925T040019Z_worktree/lean/PvNP/RealizableHardness/ActualStarFixedRhoDimensionGuardChecks.lean
8190e75a201741065fe508b28955dd64dd72d090babe5f70ce6848879d68ae88  /home/dfredriksen_quantyra_org/gcp_actual_star_fixed_rho_dimension_guard_b28_20260925T040019Z_worktree/lean-toolchain
03c6564b4a501867a608a3439198e41b88eedf17e3c79c6bfd01790f6ae34cbe  /home/dfredriksen_quantyra_org/gcp_actual_star_fixed_rho_dimension_guard_b28_20260925T040019Z_worktree/lakefile.toml
825d2e1a20005a259fdf5b181528b391dd6ba18a52c86127caf4c3be990e04f0  /home/dfredriksen_quantyra_org/gcp_actual_star_fixed_rho_dimension_guard_b28_20260925T040019Z_worktree/lake-manifest.json
SOURCE_HASHES_END
CACHE_LINKS_BEGIN
lrwxrwxrwx 1 dfredriksen_quantyra_org dfredriksen_quantyra_org 65 Sep 25 04:04 /home/dfredriksen_quantyra_org/gcp_actual_star_fixed_rho_dimension_guard_b28_20260925T040019Z_worktree/.lake/build -> /home/dfredriksen_quantyra_org/mz24-fixed-rho-de048da/.lake/build
lrwxrwxrwx 1 dfredriksen_quantyra_org dfredriksen_quantyra_org 68 Sep 25 04:04 /home/dfredriksen_quantyra_org/gcp_actual_star_fixed_rho_dimension_guard_b28_20260925T040019Z_worktree/.lake/packages -> /home/dfredriksen_quantyra_org/mz24-fixed-rho-de048da/.lake/packages
/home/dfredriksen_quantyra_org/mz24-fixed-rho-de048da/.lake/packages
/home/dfredriksen_quantyra_org/mz24-fixed-rho-de048da/.lake/build
CACHE_LINKS_END
