C:\Users\Dan\Desktop\Projects\realizable-cmmsa-hardness\docs\native-receipts\ActualSelectedComplementAnalyticMoment\runtime-prebuild\local-native-123542\src\PvNP\RealizableHardness\ActualTypedABCanonicalFlag.lean:75:8: warning: Unused tactic linter: `change tail.endpoint ≤ Anew` does nothing

Note: This linter can be disabled with `set_option linter.unusedTactic false`
C:\Users\Dan\Desktop\Projects\realizable-cmmsa-hardness\docs\native-receipts\ActualSelectedComplementAnalyticMoment\runtime-prebuild\local-native-123542\src\PvNP\RealizableHardness\ActualTypedABCanonicalFlag.lean:78:8: warning: Unused tactic linter: `change Module.finrank F (Anew.map tail.endpoint.mkQ) = 1` does nothing

Note: This linter can be disabled with `set_option linter.unusedTactic false`
C:\Users\Dan\Desktop\Projects\realizable-cmmsa-hardness\docs\native-receipts\ActualSelectedComplementAnalyticMoment\runtime-prebuild\local-native-123542\src\PvNP\RealizableHardness\ActualTypedABCanonicalFlag.lean:93:8: warning: Unused tactic linter: `change tail.endpoint ≤ Anew` does nothing

Note: This linter can be disabled with `set_option linter.unusedTactic false`
C:\Users\Dan\Desktop\Projects\realizable-cmmsa-hardness\docs\native-receipts\ActualSelectedComplementAnalyticMoment\runtime-prebuild\local-native-123542\src\PvNP\RealizableHardness\ActualTypedABCanonicalFlag.lean:96:8: warning: Unused tactic linter: `change Module.finrank F (Anew.map tail.endpoint.mkQ) = 1` does nothing

Note: This linter can be disabled with `set_option linter.unusedTactic false`
C:\Users\Dan\Desktop\Projects\realizable-cmmsa-hardness\docs\native-receipts\ActualSelectedComplementAnalyticMoment\runtime-prebuild\local-native-123542\src\PvNP\RealizableHardness\ActualTypedABCanonicalFlag.lean:201:8: error: Dependent elimination failed: Failed to solve equation
  ⊥ = B
C:\Users\Dan\Desktop\Projects\realizable-cmmsa-hardness\docs\native-receipts\ActualSelectedComplementAnalyticMoment\runtime-prebuild\local-native-123542\src\PvNP\RealizableHardness\ActualTypedABCanonicalFlag.lean:244:14: error: omega could not prove the goal:
a possible counterexample may satisfy the constraints
  c ≥ 0
  b ≥ 0
  b - c ≥ 0
  a ≥ 1
where
 a := ↑(Module.finrank F ↥B)
 b := ↑(Module.finrank F ↥(Submodule.map B✝.subtype ↑↑(Classical.choice ⋯)))
 c := ↑(Module.finrank F ↥B✝)
C:\Users\Dan\Desktop\Projects\realizable-cmmsa-hardness\docs\native-receipts\ActualSelectedComplementAnalyticMoment\runtime-prebuild\local-native-123542\src\PvNP\RealizableHardness\ActualTypedABCanonicalFlag.lean:334:14: error: omega could not prove the goal:
a possible counterexample may satisfy the constraints
  e ≥ 0
  d ≥ 1
  d - e ≤ 0
  c ≥ 0
  b ≥ 0
  b - c ≤ 0
  a ≥ 0
  a - d ≤ -1
where
 a := ↑(Module.finrank F ↥K)
 b := ↑(Module.finrank (ZMod 2) ↥K)
 c := ↑(Module.finrank (ZMod 2) ↥H)
 d := ↑(Module.finrank F ↥B)
 e := ↑(Module.finrank F ↥(Submodule.map B.subtype ↑↑(Classical.choice ⋯)))
C:\Users\Dan\Desktop\Projects\realizable-cmmsa-hardness\docs\native-receipts\ActualSelectedComplementAnalyticMoment\runtime-prebuild\local-native-123542\src\PvNP\RealizableHardness\ActualTypedABCanonicalFlag.lean:351:4: error: Type mismatch: After simplification, term
  htop
 has type
  lines.endpoint = A
but is expected to have type
  (hbottom ▸ lines).endpoint = A
C:\Users\Dan\Desktop\Projects\realizable-cmmsa-hardness\docs\native-receipts\ActualSelectedComplementAnalyticMoment\runtime-prebuild\local-native-123542\src\PvNP\RealizableHardness\ActualTypedABCanonicalFlag.lean:497:6: error: Type mismatch: After simplification, term
  buildHyperplaneSuffix_endpoint tail
 has type
  @Eq
    (Submodule PvNP.RealizableHardness.ActualTypedABRankedTower.F✝
      (PvNP.RealizableHardness.ActualTypedABRankedTower.W✝ n))
    (rankedTerminalData
        (CodomainHyperplaneFlag.rec (motive := fun {B} {h} flag =>
          {f : (V d ⧸ A →ₗ[F] ↥B) → ℂ} → ActualTypedABRankedTower A B f r h)
          (fun B {f} => ActualTypedABRankedTower.done f r)
          (fun {B} H hH {k} tail ih {f} => ActualTypedABRankedTower.hyperplane hH 0 f ih) tail)).Bend
    tail.endpoint
but is expected to have type
  @Eq
    (Submodule PvNP.RealizableHardness.ActualTypedABRankedTower.F✝
      (PvNP.RealizableHardness.ActualTypedABRankedTower.W✝ n))
    (rankedTerminalData
        (ActualTypedABRankedTower.hyperplane hH T f
          (CodomainHyperplaneFlag.rec (motive := fun {B} {h} flag =>
            {f : (V d ⧸ A →ₗ[F] ↥B) → ℂ} → ActualTypedABRankedTower A B f r h)
            (fun B {f} => ActualTypedABRankedTower.done f r)
            (fun {B} H hH {k} tail ih {f} => ActualTypedABRankedTower.hyperplane hH 0 f ih) tail))).Bend
    tail.endpoint
