C:\Users\Dan\Desktop\Projects\realizable-cmmsa-hardness\docs\native-receipts\ActualSelectedComplementAnalyticMoment\runtime-prebuild\local-native-123542\src\PvNP\RealizableHardness\ActualBinaryMatrixHC46A18SourceGlobal.lean:223:7: warning: Variable name `w` is not explicitly referenced.

Hint: The binding can be removed (if unused) or named `_` (if used implicitly). Alternatively, prefix the name with `_` to silence this warning:
  [apply] _w

Note: This linter can be disabled with `set_option linter.unusedVariables false`
C:\Users\Dan\Desktop\Projects\realizable-cmmsa-hardness\docs\native-receipts\ActualSelectedComplementAnalyticMoment\runtime-prebuild\local-native-123542\src\PvNP\RealizableHardness\ActualBinaryMatrixHC46A18SourceGlobal.lean:257:10: warning: This simp argument is unused:
  add_assoc

Hint: Omit it from the simp argument list.
  [apply] simp [sub_eq_add_neg, add_left_comm, add_comm]

Note: This linter can be disabled with `set_option linter.unusedSimpArgs false`
C:\Users\Dan\Desktop\Projects\realizable-cmmsa-hardness\docs\native-receipts\ActualSelectedComplementAnalyticMoment\runtime-prebuild\local-native-123542\src\PvNP\RealizableHardness\ActualBinaryMatrixHC46A18SourceGlobal.lean:310:13: warning: Variable name `w` is not explicitly referenced.

Hint: The binding can be removed (if unused) or named `_` (if used implicitly). Alternatively, prefix the name with `_` to silence this warning:
  [apply] _w

Note: This linter can be disabled with `set_option linter.unusedVariables false`
C:\Users\Dan\Desktop\Projects\realizable-cmmsa-hardness\docs\native-receipts\ActualSelectedComplementAnalyticMoment\runtime-prebuild\local-native-123542\src\PvNP\RealizableHardness\ActualBinaryMatrixHC46A18SourceGlobal.lean:312:25: warning: Variable name `w` is not explicitly referenced.

Hint: The binding can be removed (if unused) or named `_` (if used implicitly). Alternatively, prefix the name with `_` to silence this warning:
  [apply] _w

Note: This linter can be disabled with `set_option linter.unusedVariables false`
C:\Users\Dan\Desktop\Projects\realizable-cmmsa-hardness\docs\native-receipts\ActualSelectedComplementAnalyticMoment\runtime-prebuild\local-native-123542\src\PvNP\RealizableHardness\ActualBinaryMatrixHC46A18SourceGlobal.lean:366:27: warning: Variable name `ha` is not explicitly referenced.

Hint: The binding can be removed (if unused) or named `_` (if used implicitly). Alternatively, prefix the name with `_` to silence this warning:
  [apply] _ha

Note: This linter can be disabled with `set_option linter.unusedVariables false`
C:\Users\Dan\Desktop\Projects\realizable-cmmsa-hardness\docs\native-receipts\ActualSelectedComplementAnalyticMoment\runtime-prebuild\local-native-123542\src\PvNP\RealizableHardness\ActualBinaryMatrixHC46A18SourceGlobal.lean:376:17: warning: Variable name `w` is not explicitly referenced.

Hint: The binding can be removed (if unused) or named `_` (if used implicitly). Alternatively, prefix the name with `_` to silence this warning:
  [apply] _w

Note: This linter can be disabled with `set_option linter.unusedVariables false`
C:\Users\Dan\Desktop\Projects\realizable-cmmsa-hardness\docs\native-receipts\ActualSelectedComplementAnalyticMoment\runtime-prebuild\local-native-123542\src\PvNP\RealizableHardness\ActualBinaryMatrixHC46A18SourceGlobal.lean:382:27: warning: Variable name `w` is not explicitly referenced.

Hint: The binding can be removed (if unused) or named `_` (if used implicitly). Alternatively, prefix the name with `_` to silence this warning:
  [apply] _w

Note: This linter can be disabled with `set_option linter.unusedVariables false`
C:\Users\Dan\Desktop\Projects\realizable-cmmsa-hardness\docs\native-receipts\ActualSelectedComplementAnalyticMoment\runtime-prebuild\local-native-123542\src\PvNP\RealizableHardness\ActualBinaryMatrixHC46A18SourceGlobal.lean:449:27: warning: Variable name `ha` is not explicitly referenced.

Hint: The binding can be removed (if unused) or named `_` (if used implicitly). Alternatively, prefix the name with `_` to silence this warning:
  [apply] _ha

Note: This linter can be disabled with `set_option linter.unusedVariables false`
C:\Users\Dan\Desktop\Projects\realizable-cmmsa-hardness\docs\native-receipts\ActualSelectedComplementAnalyticMoment\runtime-prebuild\local-native-123542\src\PvNP\RealizableHardness\ActualBinaryMatrixHC46A18SourceGlobal.lean:455:27: warning: Variable name `ha` is not explicitly referenced.

Hint: The binding can be removed (if unused) or named `_` (if used implicitly). Alternatively, prefix the name with `_` to silence this warning:
  [apply] _ha

Note: This linter can be disabled with `set_option linter.unusedVariables false`
C:\Users\Dan\Desktop\Projects\realizable-cmmsa-hardness\docs\native-receipts\ActualSelectedComplementAnalyticMoment\runtime-prebuild\local-native-123542\src\PvNP\RealizableHardness\ActualBinaryMatrixHC46A18SourceGlobal.lean:465:29: warning: Variable name `ha` is not explicitly referenced.

Hint: The binding can be removed (if unused) or named `_` (if used implicitly). Alternatively, prefix the name with `_` to silence this warning:
  [apply] _ha

Note: This linter can be disabled with `set_option linter.unusedVariables false`
C:\Users\Dan\Desktop\Projects\realizable-cmmsa-hardness\docs\native-receipts\ActualSelectedComplementAnalyticMoment\runtime-prebuild\local-native-123542\src\PvNP\RealizableHardness\ActualBinaryMatrixHC46A18SourceGlobal.lean:478:27: warning: Variable name `ha` is not explicitly referenced.

Hint: The binding can be removed (if unused) or named `_` (if used implicitly). Alternatively, prefix the name with `_` to silence this warning:
  [apply] _ha

Note: This linter can be disabled with `set_option linter.unusedVariables false`
C:\Users\Dan\Desktop\Projects\realizable-cmmsa-hardness\docs\native-receipts\ActualSelectedComplementAnalyticMoment\runtime-prebuild\local-native-123542\src\PvNP\RealizableHardness\ActualBinaryMatrixHC46A18SourceGlobal.lean:480:13: warning: Variable name `w` is not explicitly referenced.

Hint: The binding can be removed (if unused) or named `_` (if used implicitly). Alternatively, prefix the name with `_` to silence this warning:
  [apply] _w

Note: This linter can be disabled with `set_option linter.unusedVariables false`
C:\Users\Dan\Desktop\Projects\realizable-cmmsa-hardness\docs\native-receipts\ActualSelectedComplementAnalyticMoment\runtime-prebuild\local-native-123542\src\PvNP\RealizableHardness\ActualBinaryMatrixHC46A18SourceGlobal.lean:484:23: warning: Variable name `w` is not explicitly referenced.

Hint: The binding can be removed (if unused) or named `_` (if used implicitly). Alternatively, prefix the name with `_` to silence this warning:
  [apply] _w

Note: This linter can be disabled with `set_option linter.unusedVariables false`
C:\Users\Dan\Desktop\Projects\realizable-cmmsa-hardness\docs\native-receipts\ActualSelectedComplementAnalyticMoment\runtime-prebuild\local-native-123542\src\PvNP\RealizableHardness\ActualBinaryMatrixHC46A18SourceGlobal.lean:541:7: warning: Variable name `w` is not explicitly referenced.

Hint: The binding can be removed (if unused) or named `_` (if used implicitly). Alternatively, prefix the name with `_` to silence this warning:
  [apply] _w

Note: This linter can be disabled with `set_option linter.unusedVariables false`
C:\Users\Dan\Desktop\Projects\realizable-cmmsa-hardness\docs\native-receipts\ActualSelectedComplementAnalyticMoment\runtime-prebuild\local-native-123542\src\PvNP\RealizableHardness\ActualBinaryMatrixHC46A18SourceGlobal.lean:578:27: warning: Variable name `ha` is not explicitly referenced.

Hint: The binding can be removed (if unused) or named `_` (if used implicitly). Alternatively, prefix the name with `_` to silence this warning:
  [apply] _ha

Note: This linter can be disabled with `set_option linter.unusedVariables false`
C:\Users\Dan\Desktop\Projects\realizable-cmmsa-hardness\docs\native-receipts\ActualSelectedComplementAnalyticMoment\runtime-prebuild\local-native-123542\src\PvNP\RealizableHardness\ActualBinaryMatrixHC46A18SourceGlobal.lean:659:27: warning: Variable name `ha` is not explicitly referenced.

Hint: The binding can be removed (if unused) or named `_` (if used implicitly). Alternatively, prefix the name with `_` to silence this warning:
  [apply] _ha

Note: This linter can be disabled with `set_option linter.unusedVariables false`
C:\Users\Dan\Desktop\Projects\realizable-cmmsa-hardness\docs\native-receipts\ActualSelectedComplementAnalyticMoment\runtime-prebuild\local-native-123542\src\PvNP\RealizableHardness\ActualBinaryMatrixHC46A18SourceGlobal.lean:745:13: warning: Variable name `w` is not explicitly referenced.

Hint: The binding can be removed (if unused) or named `_` (if used implicitly). Alternatively, prefix the name with `_` to silence this warning:
  [apply] _w

Note: This linter can be disabled with `set_option linter.unusedVariables false`
C:\Users\Dan\Desktop\Projects\realizable-cmmsa-hardness\docs\native-receipts\ActualSelectedComplementAnalyticMoment\runtime-prebuild\local-native-123542\src\PvNP\RealizableHardness\ActualBinaryMatrixHC46A18SourceGlobal.lean:749:23: warning: Variable name `w` is not explicitly referenced.

Hint: The binding can be removed (if unused) or named `_` (if used implicitly). Alternatively, prefix the name with `_` to silence this warning:
  [apply] _w

Note: This linter can be disabled with `set_option linter.unusedVariables false`
C:\Users\Dan\Desktop\Projects\realizable-cmmsa-hardness\docs\native-receipts\ActualSelectedComplementAnalyticMoment\runtime-prebuild\local-native-123542\src\PvNP\RealizableHardness\ActualBinaryMatrixHC46A18SourceGlobal.lean:800:13: warning: Variable name `w` is not explicitly referenced.

Hint: The binding can be removed (if unused) or named `_` (if used implicitly). Alternatively, prefix the name with `_` to silence this warning:
  [apply] _w

Note: This linter can be disabled with `set_option linter.unusedVariables false`
C:\Users\Dan\Desktop\Projects\realizable-cmmsa-hardness\docs\native-receipts\ActualSelectedComplementAnalyticMoment\runtime-prebuild\local-native-123542\src\PvNP\RealizableHardness\ActualBinaryMatrixHC46A18SourceGlobal.lean:807:23: warning: Variable name `w` is not explicitly referenced.

Hint: The binding can be removed (if unused) or named `_` (if used implicitly). Alternatively, prefix the name with `_` to silence this warning:
  [apply] _w

Note: This linter can be disabled with `set_option linter.unusedVariables false`
C:\Users\Dan\Desktop\Projects\realizable-cmmsa-hardness\docs\native-receipts\ActualSelectedComplementAnalyticMoment\runtime-prebuild\local-native-123542\src\PvNP\RealizableHardness\ActualBinaryMatrixHC46A18SourceGlobal.lean:876:18: warning: Variable name `w` is not explicitly referenced.

Hint: The binding can be removed (if unused) or named `_` (if used implicitly). Alternatively, prefix the name with `_` to silence this warning:
  [apply] _w

Note: This linter can be disabled with `set_option linter.unusedVariables false`
C:\Users\Dan\Desktop\Projects\realizable-cmmsa-hardness\docs\native-receipts\ActualSelectedComplementAnalyticMoment\runtime-prebuild\local-native-123542\src\PvNP\RealizableHardness\ActualBinaryMatrixHC46A18SourceGlobal.lean:877:20: warning: Variable name `w` is not explicitly referenced.

Hint: The binding can be removed (if unused) or named `_` (if used implicitly). Alternatively, prefix the name with `_` to silence this warning:
  [apply] _w

Note: This linter can be disabled with `set_option linter.unusedVariables false`
C:\Users\Dan\Desktop\Projects\realizable-cmmsa-hardness\docs\native-receipts\ActualSelectedComplementAnalyticMoment\runtime-prebuild\local-native-123542\src\PvNP\RealizableHardness\ActualBinaryMatrixHC46A18SourceGlobal.lean:879:24: warning: Variable name `w` is not explicitly referenced.

Hint: The binding can be removed (if unused) or named `_` (if used implicitly). Alternatively, prefix the name with `_` to silence this warning:
  [apply] _w

Note: This linter can be disabled with `set_option linter.unusedVariables false`
C:\Users\Dan\Desktop\Projects\realizable-cmmsa-hardness\docs\native-receipts\ActualSelectedComplementAnalyticMoment\runtime-prebuild\local-native-123542\src\PvNP\RealizableHardness\ActualBinaryMatrixHC46A18SourceGlobal.lean:880:25: warning: Variable name `w` is not explicitly referenced.

Hint: The binding can be removed (if unused) or named `_` (if used implicitly). Alternatively, prefix the name with `_` to silence this warning:
  [apply] _w

Note: This linter can be disabled with `set_option linter.unusedVariables false`
C:\Users\Dan\Desktop\Projects\realizable-cmmsa-hardness\docs\native-receipts\ActualSelectedComplementAnalyticMoment\runtime-prebuild\local-native-123542\src\PvNP\RealizableHardness\ActualBinaryMatrixHC46A18SourceGlobal.lean:881:26: warning: Variable name `w` is not explicitly referenced.

Hint: The binding can be removed (if unused) or named `_` (if used implicitly). Alternatively, prefix the name with `_` to silence this warning:
  [apply] _w

Note: This linter can be disabled with `set_option linter.unusedVariables false`
C:\Users\Dan\Desktop\Projects\realizable-cmmsa-hardness\docs\native-receipts\ActualSelectedComplementAnalyticMoment\runtime-prebuild\local-native-123542\src\PvNP\RealizableHardness\ActualBinaryMatrixHC46A18SourceGlobal.lean:882:25: warning: Variable name `w` is not explicitly referenced.

Hint: The binding can be removed (if unused) or named `_` (if used implicitly). Alternatively, prefix the name with `_` to silence this warning:
  [apply] _w

Note: This linter can be disabled with `set_option linter.unusedVariables false`
C:\Users\Dan\Desktop\Projects\realizable-cmmsa-hardness\docs\native-receipts\ActualSelectedComplementAnalyticMoment\runtime-prebuild\local-native-123542\src\PvNP\RealizableHardness\ActualBinaryMatrixHC46A18SourceGlobal.lean:883:18: warning: Variable name `w` is not explicitly referenced.

Hint: The binding can be removed (if unused) or named `_` (if used implicitly). Alternatively, prefix the name with `_` to silence this warning:
  [apply] _w

Note: This linter can be disabled with `set_option linter.unusedVariables false`
C:\Users\Dan\Desktop\Projects\realizable-cmmsa-hardness\docs\native-receipts\ActualSelectedComplementAnalyticMoment\runtime-prebuild\local-native-123542\src\PvNP\RealizableHardness\ActualBinaryMatrixHC46A18SourceGlobal.lean:883:31: warning: Variable name `w` is not explicitly referenced.

Hint: The binding can be removed (if unused) or named `_` (if used implicitly). Alternatively, prefix the name with `_` to silence this warning:
  [apply] _w

Note: This linter can be disabled with `set_option linter.unusedVariables false`
C:\Users\Dan\Desktop\Projects\realizable-cmmsa-hardness\docs\native-receipts\ActualSelectedComplementAnalyticMoment\runtime-prebuild\local-native-123542\src\PvNP\RealizableHardness\ActualBinaryMatrixHC46A18SourceGlobal.lean:885:28: warning: Variable name `w` is not explicitly referenced.

Hint: The binding can be removed (if unused) or named `_` (if used implicitly). Alternatively, prefix the name with `_` to silence this warning:
  [apply] _w

Note: This linter can be disabled with `set_option linter.unusedVariables false`
C:\Users\Dan\Desktop\Projects\realizable-cmmsa-hardness\docs\native-receipts\ActualSelectedComplementAnalyticMoment\runtime-prebuild\local-native-123542\src\PvNP\RealizableHardness\ActualBinaryMatrixHC46A18SourceGlobal.lean:886:11: warning: Variable name `w` is not explicitly referenced.

Hint: The binding can be removed (if unused) or named `_` (if used implicitly). Alternatively, prefix the name with `_` to silence this warning:
  [apply] _w

Note: This linter can be disabled with `set_option linter.unusedVariables false`
C:\Users\Dan\Desktop\Projects\realizable-cmmsa-hardness\docs\native-receipts\ActualSelectedComplementAnalyticMoment\runtime-prebuild\local-native-123542\src\PvNP\RealizableHardness\ActualBinaryMatrixHC46A18SourceGlobal.lean:962:27: warning: Variable name `ha` is not explicitly referenced.

Hint: The binding can be removed (if unused) or named `_` (if used implicitly). Alternatively, prefix the name with `_` to silence this warning:
  [apply] _ha

Note: This linter can be disabled with `set_option linter.unusedVariables false`
C:\Users\Dan\Desktop\Projects\realizable-cmmsa-hardness\docs\native-receipts\ActualSelectedComplementAnalyticMoment\runtime-prebuild\local-native-123542\src\PvNP\RealizableHardness\ActualBinaryMatrixHC46A18SourceGlobal.lean:973:22: warning: Variable name `w` is not explicitly referenced.

Hint: The binding can be removed (if unused) or named `_` (if used implicitly). Alternatively, prefix the name with `_` to silence this warning:
  [apply] _w

Note: This linter can be disabled with `set_option linter.unusedVariables false`
C:\Users\Dan\Desktop\Projects\realizable-cmmsa-hardness\docs\native-receipts\ActualSelectedComplementAnalyticMoment\runtime-prebuild\local-native-123542\src\PvNP\RealizableHardness\ActualBinaryMatrixHC46A18SourceGlobal.lean:975:24: warning: Variable name `w` is not explicitly referenced.

Hint: The binding can be removed (if unused) or named `_` (if used implicitly). Alternatively, prefix the name with `_` to silence this warning:
  [apply] _w

Note: This linter can be disabled with `set_option linter.unusedVariables false`
C:\Users\Dan\Desktop\Projects\realizable-cmmsa-hardness\docs\native-receipts\ActualSelectedComplementAnalyticMoment\runtime-prebuild\local-native-123542\src\PvNP\RealizableHardness\ActualBinaryMatrixHC46A18SourceGlobal.lean:1185:4: warning: This simp argument is unused:
  Matrix.toLin'_toMatrix'

Hint: Omit it from the simp argument list.
  [apply] simp [actualFibreQuotientHomEquiv, actualFibreLinearEquiv, quotientHomEquiv, ConstrainedMap,
    LinearMap.toMatrix'_toLin']

Note: This linter can be disabled with `set_option linter.unusedSimpArgs false`
C:\Users\Dan\Desktop\Projects\realizable-cmmsa-hardness\docs\native-receipts\ActualSelectedComplementAnalyticMoment\runtime-prebuild\local-native-123542\src\PvNP\RealizableHardness\ActualBinaryMatrixHC46A18SourceGlobal.lean:1207:25: warning: Variable name `hv` is not explicitly referenced.

Hint: The binding can be removed (if unused) or named `_` (if used implicitly). Alternatively, prefix the name with `_` to silence this warning:
  [apply] _hv

Note: This linter can be disabled with `set_option linter.unusedVariables false`
C:\Users\Dan\Desktop\Projects\realizable-cmmsa-hardness\docs\native-receipts\ActualSelectedComplementAnalyticMoment\runtime-prebuild\local-native-123542\src\PvNP\RealizableHardness\ActualBinaryMatrixHC46A18SourceGlobal.lean:1220:27: warning: Variable name `ha` is not explicitly referenced.

Hint: The binding can be removed (if unused) or named `_` (if used implicitly). Alternatively, prefix the name with `_` to silence this warning:
  [apply] _ha

Note: This linter can be disabled with `set_option linter.unusedVariables false`
C:\Users\Dan\Desktop\Projects\realizable-cmmsa-hardness\docs\native-receipts\ActualSelectedComplementAnalyticMoment\runtime-prebuild\local-native-123542\src\PvNP\RealizableHardness\ActualBinaryMatrixHC46A18SourceGlobal.lean:1279:27: warning: Variable name `ha` is not explicitly referenced.

Hint: The binding can be removed (if unused) or named `_` (if used implicitly). Alternatively, prefix the name with `_` to silence this warning:
  [apply] _ha

Note: This linter can be disabled with `set_option linter.unusedVariables false`
C:\Users\Dan\Desktop\Projects\realizable-cmmsa-hardness\docs\native-receipts\ActualSelectedComplementAnalyticMoment\runtime-prebuild\local-native-123542\src\PvNP\RealizableHardness\ActualBinaryMatrixHC46A18SourceGlobal.lean:1393:23: warning: This simp argument is unused:
  map_smul

Hint: Omit it from the simp argument list.
  [apply] simp [map_add, ha1, hbq]

Note: This linter can be disabled with `set_option linter.unusedSimpArgs false`
C:\Users\Dan\Desktop\Projects\realizable-cmmsa-hardness\docs\native-receipts\ActualSelectedComplementAnalyticMoment\runtime-prebuild\local-native-123542\src\PvNP\RealizableHardness\ActualBinaryMatrixHC46A18SourceGlobal.lean:1406:7: warning: Variable name `w` is not explicitly referenced.

Hint: The binding can be removed (if unused) or named `_` (if used implicitly). Alternatively, prefix the name with `_` to silence this warning:
  [apply] _w

Note: This linter can be disabled with `set_option linter.unusedVariables false`
C:\Users\Dan\Desktop\Projects\realizable-cmmsa-hardness\docs\native-receipts\ActualSelectedComplementAnalyticMoment\runtime-prebuild\local-native-123542\src\PvNP\RealizableHardness\ActualBinaryMatrixHC46A18SourceGlobal.lean:1407:9: warning: Variable name `u` is not explicitly referenced.

Hint: The binding can be removed (if unused) or named `_` (if used implicitly). Alternatively, prefix the name with `_` to silence this warning:
  [apply] _u

Note: This linter can be disabled with `set_option linter.unusedVariables false`
C:\Users\Dan\Desktop\Projects\realizable-cmmsa-hardness\docs\native-receipts\ActualSelectedComplementAnalyticMoment\runtime-prebuild\local-native-123542\src\PvNP\RealizableHardness\ActualBinaryMatrixHC46A18SourceGlobal.lean:1437:8: warning: Variable name `sCoord` is not explicitly referenced.

Hint: The binding can be removed (if unused) or named `_` (if used implicitly). Alternatively, prefix the name with `_` to silence this warning:
  [apply] _sCoord

Note: This linter can be disabled with `set_option linter.unusedVariables false`
C:\Users\Dan\Desktop\Projects\realizable-cmmsa-hardness\docs\native-receipts\ActualSelectedComplementAnalyticMoment\runtime-prebuild\local-native-123542\src\PvNP\RealizableHardness\ActualBinaryMatrixHC46A18SourceGlobal.lean:1445:27: warning: Variable name `ha` is not explicitly referenced.

Hint: The binding can be removed (if unused) or named `_` (if used implicitly). Alternatively, prefix the name with `_` to silence this warning:
  [apply] _ha

Note: This linter can be disabled with `set_option linter.unusedVariables false`
C:\Users\Dan\Desktop\Projects\realizable-cmmsa-hardness\docs\native-receipts\ActualSelectedComplementAnalyticMoment\runtime-prebuild\local-native-123542\src\PvNP\RealizableHardness\ActualBinaryMatrixHC46A18SourceGlobal.lean:1450:13: warning: Variable name `w` is not explicitly referenced.

Hint: The binding can be removed (if unused) or named `_` (if used implicitly). Alternatively, prefix the name with `_` to silence this warning:
  [apply] _w

Note: This linter can be disabled with `set_option linter.unusedVariables false`
C:\Users\Dan\Desktop\Projects\realizable-cmmsa-hardness\docs\native-receipts\ActualSelectedComplementAnalyticMoment\runtime-prebuild\local-native-123542\src\PvNP\RealizableHardness\ActualBinaryMatrixHC46A18SourceGlobal.lean:1455:23: warning: Variable name `w` is not explicitly referenced.

Hint: The binding can be removed (if unused) or named `_` (if used implicitly). Alternatively, prefix the name with `_` to silence this warning:
  [apply] _w

Note: This linter can be disabled with `set_option linter.unusedVariables false`
C:\Users\Dan\Desktop\Projects\realizable-cmmsa-hardness\docs\native-receipts\ActualSelectedComplementAnalyticMoment\runtime-prebuild\local-native-123542\src\PvNP\RealizableHardness\ActualBinaryMatrixHC46A18SourceGlobal.lean:1608:10: error: Type mismatch
  Fintype.sum_equiv e0Sigma ?m.793
has type
  ∀ (g : (_ : ↥Q.codomainVariation) × C → ?m.788),
    (∀ (x : (_ : F0) × C), ?m.793 x = g (e0Sigma x)) → ∑ x, ?m.793 x = ∑ x, g x
but is expected to have type
  ∑ p, g (e0Sigma p) = ∑ p, g p
C:\Users\Dan\Desktop\Projects\realizable-cmmsa-hardness\docs\native-receipts\ActualSelectedComplementAnalyticMoment\runtime-prebuild\local-native-123542\src\PvNP\RealizableHardness\ActualBinaryMatrixHC46A18SourceGlobal.lean:1603:48: error: unsolved goals
n d s : ℕ
η : ℝ
f : BinaryMatrix n d → ℂ
hf : UpToActualNormSqGlobal s η f
Q : ActualAffineRestriction n d
hQ : Q.order ≤ s + 1
phi : ↥Q.domainFixed →ₗ[ZMod 2] ZMod 2
v : ↥Q.domainFixed
hv : phi v = 1
hsource : ∃ s phi₀,
  have q := Submodule.factor ⋯;
  q ∘ₗ s = LinearMap.id ∧
    q ((functionalKernelInAmbient Q.domainFixed phi).mkQ ↑v) = 0 ∧
      phi₀ ∘ₗ s = 0 ∧
        phi₀ ((functionalKernelInAmbient Q.domainFixed phi).mkQ ↑v) = 1 ∧
          ∀ (x : (Fin d → ZMod 2) ⧸ functionalKernelInAmbient Q.domainFixed phi),
            x = s (q x) + phi₀ x • (functionalKernelInAmbient Q.domainFixed phi).mkQ ↑v :=
  quotientSectionCoordinates_of_restricted_functional Q.domainFixed phi v hv
sCoord : (Fin d → ZMod 2) ⧸ Q.domainFixed →ₗ[ZMod 2] (Fin d → ZMod 2) ⧸ functionalKernelInAmbient Q.domainFixed phi :=
  Classical.choose hsource
hphiSource : ∃ phi₀,
  have q := Submodule.factor ⋯;
  q ∘ₗ Classical.choose hsource = LinearMap.id ∧
    q ((functionalKernelInAmbient Q.domainFixed phi).mkQ ↑v) = 0 ∧
      phi₀ ∘ₗ Classical.choose hsource = 0 ∧
        phi₀ ((functionalKernelInAmbient Q.domainFixed phi).mkQ ↑v) = 1 ∧
          ∀ (x : (Fin d → ZMod 2) ⧸ functionalKernelInAmbient Q.domainFixed phi),
            x = (Classical.choose hsource) (q x) + phi₀ x • (functionalKernelInAmbient Q.domainFixed phi).mkQ ↑v :=
  Classical.choose_spec hsource
phi₀ : (Fin d → ZMod 2) ⧸ functionalKernelInAmbient Q.domainFixed phi →ₗ[ZMod 2] ZMod 2 := Classical.choose hphiSource
A' : Submodule (ZMod 2) (Fin d → ZMod 2) := functionalKernelInAmbient Q.domainFixed phi
X : Type := (Fin d → ZMod 2) ⧸ Q.domainFixed
X' : Type := (Fin d → ZMod 2) ⧸ A'
qdom : X' →ₗ[ZMod 2] X := Submodule.factor ⋯
QStable : ActualAffineRestriction n d := { domainFixed := A', codomainVariation := Q.codomainVariation, base := Q.base }
C : Type := (X →ₗ[ZMod 2] ↥Q.codomainVariation) × (X →ₗ[ZMod 2] ZMod 2)
sample : (Fin n → ZMod 2) × C → BinaryMatrix n d :=
  fun z =>
    LinearMap.toMatrix'
      (Matrix.toLin' Q.base + quotientSampleOutput Q.codomainVariation qdom phi₀ z.2.1 z.2.2 z.1 ∘ₗ A'.mkQ)
hqs : Submodule.factor ⋯ ∘ₗ Classical.choose ⋯ = LinearMap.id
hqv : (Submodule.factor ⋯) ((functionalKernelInAmbient Q.domainFixed phi).mkQ ↑v) = 0
hphiS : Classical.choose ⋯ ∘ₗ Classical.choose ⋯ = 0
hphiV : (Classical.choose ⋯) ((functionalKernelInAmbient Q.domainFixed phi).mkQ ↑v) = 1
hdecomp :
  ∀ (x : (Fin d → ZMod 2) ⧸ functionalKernelInAmbient Q.domainFixed phi),
    x =
      (Classical.choose ⋯) ((Submodule.factor ⋯) x) +
        (Classical.choose ⋯) x • (functionalKernelInAmbient Q.domainFixed phi).mkQ ↑v
hmatrix :
  ∀ (B' : Submodule (ZMod 2) (Fin n → ZMod 2)) (hB : Q.codomainVariation ≤ B')
    (hdim : Module.finrank (ZMod 2) ↥B' = Module.finrank (ZMod 2) ↥Q.codomainVariation + 1)
    (w : { w // ↑w ∉ Q.codomainVariation }) (R : (Fin d → ZMod 2) ⧸ Q.domainFixed →ₗ[ZMod 2] ↥Q.codomainVariation)
    (lambda : (Fin d → ZMod 2) ⧸ Q.domainFixed →ₗ[ZMod 2] ZMod 2),
    B'.subtype ∘ₗ
        ↑((actual_expanded_source_coordinates_equiv Q.domainFixed phi v hv Q.codomainVariation B' hB hdim)
            ⟨w, (R, lambda)⟩) =
      quotientSampleOutput Q.codomainVariation (Submodule.factor ⋯) (Classical.choose ⋯) R lambda ↑↑w
hstable :
  let A' := functionalKernelInAmbient Q.domainFixed phi;
  let Q' := { domainFixed := A', codomainVariation := Q.codomainVariation, base := Q.base };
  let X := (Fin d → ZMod 2) ⧸ Q.domainFixed;
  let X' := (Fin d → ZMod 2) ⧸ A';
  have q := Submodule.factor ⋯;
  (∑ p,
        Complex.normSq
          (f
            ↑((actualFibreQuotientHomEquiv Q').symm
                (stableSourceSampleMap Q.codomainVariation q phi₀ p.snd.1 p.snd.2 p.fst)))) /
      ↑(Fintype.card ((_ : ↥Q.codomainVariation) × (X →ₗ[ZMod 2] ↥Q.codomainVariation) × (X →ₗ[ZMod 2] ZMod 2))) ≤
    η
F0 : Type := { w // Q.codomainVariation.mkQ w = 0 }
e0 : F0 ≃ ↥Q.codomainVariation :=
  { toFun := fun w => ⟨↑w, ⋯⟩, invFun := fun b => ⟨↑b, ⋯⟩, left_inv := ⋯, right_inv := ⋯ }
e0Sigma : (_ : F0) × C ≃ (_ : ↥Q.codomainVariation) × C := e0.sigmaCongr fun x => Equiv.refl C
g : (_ : ↥Q.codomainVariation) × C → ℝ := fun p => Complex.normSq (f (sample (↑p.fst, p.snd)))
p : (_ : F0) × C
hp : p ∈ Finset.univ
⊢ Complex.normSq (f (sample (↑p.fst, p.snd))) =
    Complex.normSq
      (f
        (sample
          (↑(({ toFun := fun w => ⟨↑w, ⋯⟩, invFun := fun b => ⟨↑b, ⋯⟩, left_inv := ⋯, right_inv := ⋯ }.sigmaCongr
                    fun x => Equiv.refl C)
                  p).fst,
            (({ toFun := fun w => ⟨↑w, ⋯⟩, invFun := fun b => ⟨↑b, ⋯⟩, left_inv := ⋯, right_inv := ⋯ }.sigmaCongr
                  fun x => Equiv.refl C)
                p).snd)))
C:\Users\Dan\Desktop\Projects\realizable-cmmsa-hardness\docs\native-receipts\ActualSelectedComplementAnalyticMoment\runtime-prebuild\local-native-123542\src\PvNP\RealizableHardness\ActualBinaryMatrixHC46A18SourceGlobal.lean:1608:36: error: Application type mismatch: The argument
  g
has type
  (w : ↥Q.codomainVariation) × C → ℝ
but is expected to have type
  (w : F0) × C → ?m.788
in the application
  Fintype.sum_equiv e0Sigma g
C:\Users\Dan\Desktop\Projects\realizable-cmmsa-hardness\docs\native-receipts\ActualSelectedComplementAnalyticMoment\runtime-prebuild\local-native-123542\src\PvNP\RealizableHardness\ActualBinaryMatrixHC46A18SourceGlobal.lean:1656:10: error: Failed to rewrite using equation theorems for `spanExtensionSubmodule`
C:\Users\Dan\Desktop\Projects\realizable-cmmsa-hardness\docs\native-receipts\ActualSelectedComplementAnalyticMoment\runtime-prebuild\local-native-123542\src\PvNP\RealizableHardness\ActualBinaryMatrixHC46A18SourceGlobal.lean:1685:6: error: Type mismatch: After simplification, term
  Equiv.sum_comp eSigma fun p => Complex.normSq (f (sample (↑↑p.fst, p.snd)))
 has type
  @Eq ℝ
    (∑ i,
      Complex.normSq
        (f
          (Q.base +
            LinearMap.toMatrix'
              (quotientSampleOutput Q.codomainVariation qdom phi₀
                  (({ toFun := fun w => (quotientCosetFibreEquiv_extension Q.codomainVariation w₀ hw₀) ⟨↑w, ⋯⟩,
                              invFun := fun u =>
                                ⟨↑((quotientCosetFibreEquiv_extension Q.codomainVariation w₀ hw₀).symm u), ⋯⟩,
                              left_inv := ⋯, right_inv := ⋯ }.sigmaCongr
                          fun x => Equiv.refl C)
                        i).snd.1
                  (({ toFun := fun w => (quotientCosetFibreEquiv_extension Q.codomainVariation w₀ hw₀) ⟨↑w, ⋯⟩,
                              invFun := fun u =>
                                ⟨↑((quotientCosetFibreEquiv_extension Q.codomainVariation w₀ hw₀).symm u), ⋯⟩,
                              left_inv := ⋯, right_inv := ⋯ }.sigmaCongr
                          fun x => Equiv.refl C)
                        i).snd.2
                  ↑↑(({ toFun := fun w => (quotientCosetFibreEquiv_extension Q.codomainVariation w₀ hw₀) ⟨↑w, ⋯⟩,
                                invFun := fun u =>
                                  ⟨↑((quotientCosetFibreEquiv_extension Q.codomainVariation w₀ hw₀).symm u), ⋯⟩,
                                left_inv := ⋯, right_inv := ⋯ }.sigmaCongr
                            fun x => Equiv.refl C)
                          i).fst ∘ₗ
                A'.mkQ))))
    (∑ x,
      Complex.normSq
        (f
          (Q.base +
            LinearMap.toMatrix'
              (quotientSampleOutput Q.codomainVariation qdom phi₀ x.snd.1 x.snd.2 ↑↑x.fst ∘ₗ A'.mkQ))))
but is expected to have type
  @Eq ℝ
    (∑ p,
      Complex.normSq
        (f
          (Q.base +
            LinearMap.toMatrix' (quotientSampleOutput Q.codomainVariation qdom phi₀ p.snd.1 p.snd.2 ↑p.fst ∘ₗ A'.mkQ))))
    (∑ x,
      Complex.normSq
        (f
          (Q.base +
            LinearMap.toMatrix'
              (quotientSampleOutput Q.codomainVariation qdom phi₀ x.snd.1 x.snd.2 ↑↑x.fst ∘ₗ A'.mkQ))))
C:\Users\Dan\Desktop\Projects\realizable-cmmsa-hardness\docs\native-receipts\ActualSelectedComplementAnalyticMoment\runtime-prebuild\local-native-123542\src\PvNP\RealizableHardness\ActualBinaryMatrixHC46A18SourceGlobal.lean:1709:8: warning: Variable name `sCoord` is not explicitly referenced.

Hint: The binding can be removed (if unused) or named `_` (if used implicitly). Alternatively, prefix the name with `_` to silence this warning:
  [apply] _sCoord

Note: This linter can be disabled with `set_option linter.unusedVariables false`
C:\Users\Dan\Desktop\Projects\realizable-cmmsa-hardness\docs\native-receipts\ActualSelectedComplementAnalyticMoment\runtime-prebuild\local-native-123542\src\PvNP\RealizableHardness\ActualBinaryMatrixHC46A18SourceGlobal.lean:1717:27: warning: Variable name `ha` is not explicitly referenced.

Hint: The binding can be removed (if unused) or named `_` (if used implicitly). Alternatively, prefix the name with `_` to silence this warning:
  [apply] _ha

Note: This linter can be disabled with `set_option linter.unusedVariables false`
C:\Users\Dan\Desktop\Projects\realizable-cmmsa-hardness\docs\native-receipts\ActualSelectedComplementAnalyticMoment\runtime-prebuild\local-native-123542\src\PvNP\RealizableHardness\ActualBinaryMatrixHC46A18SourceGlobal.lean:1795:30: warning: This simp argument is unused:
  phiExt

Hint: Omit it from the simp argument list.
  [apply] simp [quotientSampleOutput, LinearMap.comp_apply, hfactor]

Note: This linter can be disabled with `set_option linter.unusedSimpArgs false`
C:\Users\Dan\Desktop\Projects\realizable-cmmsa-hardness\docs\native-receipts\ActualSelectedComplementAnalyticMoment\runtime-prebuild\local-native-123542\src\PvNP\RealizableHardness\ActualBinaryMatrixHC46A18SourceGlobal.lean:1795:60: warning: This simp argument is unused:
  hfactor

Hint: Omit it from the simp argument list.
  [apply] simp [quotientSampleOutput, phiExt, LinearMap.comp_apply]

Note: This linter can be disabled with `set_option linter.unusedSimpArgs false`
C:\Users\Dan\Desktop\Projects\realizable-cmmsa-hardness\docs\native-receipts\ActualSelectedComplementAnalyticMoment\runtime-prebuild\local-native-123542\src\PvNP\RealizableHardness\ActualBinaryMatrixHC46A18SourceGlobal.lean:1858:27: warning: Variable name `ha` is not explicitly referenced.

Hint: The binding can be removed (if unused) or named `_` (if used implicitly). Alternatively, prefix the name with `_` to silence this warning:
  [apply] _ha

Note: This linter can be disabled with `set_option linter.unusedVariables false`
C:\Users\Dan\Desktop\Projects\realizable-cmmsa-hardness\docs\native-receipts\ActualSelectedComplementAnalyticMoment\runtime-prebuild\local-native-123542\src\PvNP\RealizableHardness\ActualBinaryMatrixHC46A18SourceGlobal.lean:2048:4: warning: try 'simp' instead of 'simpa'

Note: This linter can be disabled with `set_option linter.unnecessarySimpa false`
C:\Users\Dan\Desktop\Projects\realizable-cmmsa-hardness\docs\native-receipts\ActualSelectedComplementAnalyticMoment\runtime-prebuild\local-native-123542\src\PvNP\RealizableHardness\ActualBinaryMatrixHC46A18SourceGlobal.lean:2069:6: warning: try 'simp' instead of 'simpa'

Note: This linter can be disabled with `set_option linter.unnecessarySimpa false`
C:\Users\Dan\Desktop\Projects\realizable-cmmsa-hardness\docs\native-receipts\ActualSelectedComplementAnalyticMoment\runtime-prebuild\local-native-123542\src\PvNP\RealizableHardness\ActualBinaryMatrixHC46A18SourceGlobal.lean:2039:15: warning: This simp argument is unused:
  LinearMap.sub_apply

Hint: Omit it from the simp argument list.
  [apply] simp [F, LinearMap.add_apply, LinearMap.comp_apply, hmk]

Note: This linter can be disabled with `set_option linter.unusedSimpArgs false`
C:\Users\Dan\Desktop\Projects\realizable-cmmsa-hardness\docs\native-receipts\ActualSelectedComplementAnalyticMoment\runtime-prebuild\local-native-123542\src\PvNP\RealizableHardness\ActualBinaryMatrixHC46A18SourceGlobal.lean:2039:36: warning: This simp argument is unused:
  LinearMap.add_apply

Hint: Omit it from the simp argument list.
  [apply] simp [F, LinearMap.sub_apply, LinearMap.comp_apply, hmk]

Note: This linter can be disabled with `set_option linter.unusedSimpArgs false`
C:\Users\Dan\Desktop\Projects\realizable-cmmsa-hardness\docs\native-receipts\ActualSelectedComplementAnalyticMoment\runtime-prebuild\local-native-123542\src\PvNP\RealizableHardness\ActualBinaryMatrixHC46A18SourceGlobal.lean:2101:8: warning: Variable name `phi` is not explicitly referenced.

Hint: The binding can be removed (if unused) or named `_` (if used implicitly). Alternatively, prefix the name with `_` to silence this warning:
  [apply] _phi

Note: This linter can be disabled with `set_option linter.unusedVariables false`
