C:\Users\Dan\Desktop\Projects\realizable-cmmsa-hardness\lean\PvNP\RealizableHardness\ActualComplementCoordinateMassBridge.lean:154:2: warning: Try this: 
  letI̵

The goal is a proposition, so `let` is preferred over `letI`.
The difference between `let` and `letI` is that `letI` inlines the value.
But this is not relevant for proofs because of proof irrelevance.

Note: This linter can be disabled with `set_option linter.style.haveILetI false`
C:\Users\Dan\Desktop\Projects\realizable-cmmsa-hardness\lean\PvNP\RealizableHardness\ActualComplementCoordinateMassBridge.lean:155:2: warning: Try this: 
  letI̵

The goal is a proposition, so `let` is preferred over `letI`.
The difference between `let` and `letI` is that `letI` inlines the value.
But this is not relevant for proofs because of proof irrelevance.

Note: This linter can be disabled with `set_option linter.style.haveILetI false`
C:\Users\Dan\Desktop\Projects\realizable-cmmsa-hardness\lean\PvNP\RealizableHardness\ActualComplementCoordinateMassBridge.lean:156:2: warning: Try this: 
  letI̵

The goal is a proposition, so `let` is preferred over `letI`.
The difference between `let` and `letI` is that `letI` inlines the value.
But this is not relevant for proofs because of proof irrelevance.

Note: This linter can be disabled with `set_option linter.style.haveILetI false`
C:\Users\Dan\Desktop\Projects\realizable-cmmsa-hardness\lean\PvNP\RealizableHardness\ActualComplementCoordinateMassBridge.lean:158:2: warning: Try this: 
  letI̵

The goal is a proposition, so `let` is preferred over `letI`.
The difference between `let` and `letI` is that `letI` inlines the value.
But this is not relevant for proofs because of proof irrelevance.

Note: This linter can be disabled with `set_option linter.style.haveILetI false`
C:\Users\Dan\Desktop\Projects\realizable-cmmsa-hardness\lean\PvNP\RealizableHardness\ActualComplementCoordinateMassBridge.lean:160:2: warning: Try this: 
  letI̵

The goal is a proposition, so `let` is preferred over `letI`.
The difference between `let` and `letI` is that `letI` inlines the value.
But this is not relevant for proofs because of proof irrelevance.

Note: This linter can be disabled with `set_option linter.style.haveILetI false`
C:\Users\Dan\Desktop\Projects\realizable-cmmsa-hardness\lean\PvNP\RealizableHardness\ActualComplementCoordinateMassBridge.lean:163:2: warning: Try this: 
  letI̵

The goal is a proposition, so `let` is preferred over `letI`.
The difference between `let` and `letI` is that `letI` inlines the value.
But this is not relevant for proofs because of proof irrelevance.

Note: This linter can be disabled with `set_option linter.style.haveILetI false`
C:\Users\Dan\Desktop\Projects\realizable-cmmsa-hardness\lean\PvNP\RealizableHardness\ActualComplementCoordinateMassBridge.lean:232:6: error: Type mismatch: After simplification, term
  hc
 has type
  f ∘ₗ (↑((grassCoordinateEquiv I copies U A).symm ((grassCoordinateEquiv I copies U A) z.fst))).subtype =
    C ((grassCoordinateEquiv I copies U A).symm ((grassCoordinateEquiv I copies U A) z.fst))
but is expected to have type
  f ∘ₗ (↑z.fst).subtype = C z.fst
C:\Users\Dan\Desktop\Projects\realizable-cmmsa-hardness\lean\PvNP\RealizableHardness\ActualComplementCoordinateMassBridge.lean:234:6: error: Type mismatch: After simplification, term
  hl i
 has type
  f ∘ₗ (↑((grassCoordinateEquiv I copies U A).symm ((grassCoordinateEquiv I copies U A) ↑(z.snd i)))).subtype =
    T ((grassCoordinateEquiv I copies U A).symm ((grassCoordinateEquiv I copies U A) ↑(z.snd i)))
but is expected to have type
  f ∘ₗ (↑↑(z.snd i)).subtype = T ↑(z.snd i)
C:\Users\Dan\Desktop\Projects\realizable-cmmsa-hardness\lean\PvNP\RealizableHardness\ActualComplementCoordinateMassBridge.lean:237:6: error: Type mismatch: After simplification, term
  hc
 has type
  f ∘ₗ (↑z.fst).subtype = C z.fst
but is expected to have type
  f ∘ₗ (↑((grassCoordinateEquiv I copies U A).symm ((grassCoordinateEquiv I copies U A) z.fst))).subtype =
    C ((grassCoordinateEquiv I copies U A).symm ((grassCoordinateEquiv I copies U A) z.fst))
C:\Users\Dan\Desktop\Projects\realizable-cmmsa-hardness\lean\PvNP\RealizableHardness\ActualComplementCoordinateMassBridge.lean:239:6: error: Type mismatch: After simplification, term
  hl i
 has type
  f ∘ₗ (↑↑(z.snd i)).subtype = T ↑(z.snd i)
but is expected to have type
  f ∘ₗ (↑((grassCoordinateEquiv I copies U A).symm ((grassCoordinateEquiv I copies U A) ↑(z.snd i)))).subtype =
    T ((grassCoordinateEquiv I copies U A).symm ((grassCoordinateEquiv I copies U A) ↑(z.snd i)))
C:\Users\Dan\Desktop\Projects\realizable-cmmsa-hardness\lean\PvNP\RealizableHardness\ActualComplementCoordinateMassBridge.lean:282:0: error: (deterministic) timeout at `whnf`, maximum number of heartbeats (200000) has been reached

Note: Use `set_option maxHeartbeats <num>` to set the limit.

Hint: Additional diagnostic information may be available using the `set_option diagnostics true` command.
