C:\Users\Dan\Desktop\Projects\realizable-cmmsa-hardness\lean\PvNP\RealizableHardness\ActualComplementCoordinateMassBridge.lean:18:24: error(lean.unknownIdentifier): Unknown identifier `TaggedGoodU`

Note: It is not possible to treat `TaggedGoodU` as an implicitly bound variable here because the `autoImplicit` option is set to `false`.
C:\Users\Dan\Desktop\Projects\realizable-cmmsa-hardness\lean\PvNP\RealizableHardness\ActualComplementCoordinateMassBridge.lean:25:19: error: Function expected at
  CoordAmbient
but this term has type
  Type

Note: Expected a function because this term is being applied to the argument
  J
C:\Users\Dan\Desktop\Projects\realizable-cmmsa-hardness\lean\PvNP\RealizableHardness\ActualComplementCoordinateMassBridge.lean:30:31: error: Function expected at
  CoordAmbient
but this term has type
  Type

Note: Expected a function because this term is being applied to the argument
  J
C:\Users\Dan\Desktop\Projects\realizable-cmmsa-hardness\lean\PvNP\RealizableHardness\ActualComplementCoordinateMassBridge.lean:32:6: error: No goals to be solved
C:\Users\Dan\Desktop\Projects\realizable-cmmsa-hardness\lean\PvNP\RealizableHardness\ActualComplementCoordinateMassBridge.lean:37:25: error: Function expected at
  CoordAmbient
but this term has type
  Type

Note: Expected a function because this term is being applied to the argument
  J
C:\Users\Dan\Desktop\Projects\realizable-cmmsa-hardness\lean\PvNP\RealizableHardness\ActualComplementCoordinateMassBridge.lean:38:11: error(lean.unknownIdentifier): Unknown identifier `coordinateSubspace`
C:\Users\Dan\Desktop\Projects\realizable-cmmsa-hardness\lean\PvNP\RealizableHardness\ActualComplementCoordinateMassBridge.lean:41:8: error(lean.unknownIdentifier): Unknown constant `Submodule.finrank_map`
C:\Users\Dan\Desktop\Projects\realizable-cmmsa-hardness\lean\PvNP\RealizableHardness\ActualComplementCoordinateMassBridge.lean:39:14: error: unsolved goals
N m : ℕ
I : ActualOccurrenceAllocation.Instance N m
copies J : ℕ
U : sorry
a : ℕ
A : SideComplement I copies sorry
K : sorry
⊢ Module.finrank (ZMod 2) ↥sorry = a
C:\Users\Dan\Desktop\Projects\realizable-cmmsa-hardness\lean\PvNP\RealizableHardness\ActualComplementCoordinateMassBridge.lean:47:10: error(lean.unknownIdentifier): Unknown identifier `coordinateSubspace`
C:\Users\Dan\Desktop\Projects\realizable-cmmsa-hardness\lean\PvNP\RealizableHardness\ActualComplementCoordinateMassBridge.lean:44:14: error: unsolved goals
N m : ℕ
I : ActualOccurrenceAllocation.Instance N m
copies J : ℕ
U : sorry
a : ℕ
A : SideComplement I copies sorry
K : Grass (↥↑A) a
⊢ ↑(?m.17 (sorry () K)) = ↑K
C:\Users\Dan\Desktop\Projects\realizable-cmmsa-hardness\lean\PvNP\RealizableHardness\ActualComplementCoordinateMassBridge.lean:54:49: error: Function expected at
  CoordAmbient
but this term has type
  Type

Note: Expected a function because this term is being applied to the argument
  J
C:\Users\Dan\Desktop\Projects\realizable-cmmsa-hardness\lean\PvNP\RealizableHardness\ActualComplementCoordinateMassBridge.lean:58:16: error(lean.unknownIdentifier): Unknown identifier `grassCoordinateEquiv`
C:\Users\Dan\Desktop\Projects\realizable-cmmsa-hardness\lean\PvNP\RealizableHardness\ActualComplementCoordinateMassBridge.lean:59:15: error(lean.unknownIdentifier): Unknown identifier `grassCoordinateEquiv`
C:\Users\Dan\Desktop\Projects\realizable-cmmsa-hardness\lean\PvNP\RealizableHardness\ActualComplementCoordinateMassBridge.lean:60:16: error(lean.unknownIdentifier): Unknown identifier `grassCoordinateEquiv`
C:\Users\Dan\Desktop\Projects\realizable-cmmsa-hardness\lean\PvNP\RealizableHardness\ActualComplementCoordinateMassBridge.lean:60:38: error(lean.unknownIdentifier): Unknown identifier `coordinateSubspace`
C:\Users\Dan\Desktop\Projects\realizable-cmmsa-hardness\lean\PvNP\RealizableHardness\ActualComplementCoordinateMassBridge.lean:64:14: error: unsolved goals
case mk
N m✝ : ℕ
I : ActualOccurrenceAllocation.Instance N m✝
copies J : ℕ
U : sorry
t d m : ℕ
A : SideComplement I copies sorry
K : Grass (↥↑A) t
Ls : Fin m → Extension K d
⊢ ?m.28 (sorry ()) = K ∧ (fun i => ⟨?m.29 (sorry ()) i, ⋯⟩) ≍ Ls
