C:\Users\Dan\Desktop\Projects\realizable-cmmsa-hardness\lean\PvNP\RealizableHardness\ActualComplementCoordinateMassBridge.lean:135:4: error(lean.synthInstanceFailed): failed to synthesize instance of type class
  Fintype (StarTuple t d k)

Hint: Type class instance resolution failures can be inspected with the `set_option trace.Meta.synthInstance true` command.
C:\Users\Dan\Desktop\Projects\realizable-cmmsa-hardness\lean\PvNP\RealizableHardness\ActualComplementCoordinateMassBridge.lean:139:2: warning: Try this: 
  letI̵

The goal is a proposition, so `let` is preferred over `letI`.
The difference between `let` and `letI` is that `letI` inlines the value.
But this is not relevant for proofs because of proof irrelevance.

Note: This linter can be disabled with `set_option linter.style.haveILetI false`
C:\Users\Dan\Desktop\Projects\realizable-cmmsa-hardness\lean\PvNP\RealizableHardness\ActualComplementCoordinateMassBridge.lean:140:2: warning: Try this: 
  letI̵

The goal is a proposition, so `let` is preferred over `letI`.
The difference between `let` and `letI` is that `letI` inlines the value.
But this is not relevant for proofs because of proof irrelevance.

Note: This linter can be disabled with `set_option linter.style.haveILetI false`
C:\Users\Dan\Desktop\Projects\realizable-cmmsa-hardness\lean\PvNP\RealizableHardness\ActualComplementCoordinateMassBridge.lean:141:49: error(lean.synthInstanceFailed): failed to synthesize instance of type class
  Finite (StarTuple t d k)

Hint: Type class instance resolution failures can be inspected with the `set_option trace.Meta.synthInstance true` command.
C:\Users\Dan\Desktop\Projects\realizable-cmmsa-hardness\lean\PvNP\RealizableHardness\ActualComplementCoordinateMassBridge.lean:141:2: warning: Try this: 
  letI̵

The goal is a proposition, so `let` is preferred over `letI`.
The difference between `let` and `letI` is that `letI` inlines the value.
But this is not relevant for proofs because of proof irrelevance.

Note: This linter can be disabled with `set_option linter.style.haveILetI false`
C:\Users\Dan\Desktop\Projects\realizable-cmmsa-hardness\lean\PvNP\RealizableHardness\ActualComplementCoordinateMassBridge.lean:142:2: warning: Try this: 
  letI̵

The goal is a proposition, so `let` is preferred over `letI`.
The difference between `let` and `letI` is that `letI` inlines the value.
But this is not relevant for proofs because of proof irrelevance.

Note: This linter can be disabled with `set_option linter.style.haveILetI false`
C:\Users\Dan\Desktop\Projects\realizable-cmmsa-hardness\lean\PvNP\RealizableHardness\ActualComplementCoordinateMassBridge.lean:145:10: error(lean.unknownIdentifier): Unknown identifier `gaussian_pos`
C:\Users\Dan\Desktop\Projects\realizable-cmmsa-hardness\lean\PvNP\RealizableHardness\ActualComplementCoordinateMassBridge.lean:148:10: error(lean.unknownIdentifier): Unknown identifier `gaussian_pos`
C:\Users\Dan\Desktop\Projects\realizable-cmmsa-hardness\lean\PvNP\RealizableHardness\ActualComplementCoordinateMassBridge.lean:149:2: warning: Try this: 
  letI̵

The goal is a proposition, so `let` is preferred over `letI`.
The difference between `let` and `letI` is that `letI` inlines the value.
But this is not relevant for proofs because of proof irrelevance.

Note: This linter can be disabled with `set_option linter.style.haveILetI false`
C:\Users\Dan\Desktop\Projects\realizable-cmmsa-hardness\lean\PvNP\RealizableHardness\ActualComplementCoordinateMassBridge.lean:150:2: warning: Try this: 
  letI̵

The goal is a proposition, so `let` is preferred over `letI`.
The difference between `let` and `letI` is that `letI` inlines the value.
But this is not relevant for proofs because of proof irrelevance.

Note: This linter can be disabled with `set_option linter.style.haveILetI false`
C:\Users\Dan\Desktop\Projects\realizable-cmmsa-hardness\lean\PvNP\RealizableHardness\ActualComplementCoordinateMassBridge.lean:151:2: warning: Try this: 
  letI̵

The goal is a proposition, so `let` is preferred over `letI`.
The difference between `let` and `letI` is that `letI` inlines the value.
But this is not relevant for proofs because of proof irrelevance.

Note: This linter can be disabled with `set_option linter.style.haveILetI false`
C:\Users\Dan\Desktop\Projects\realizable-cmmsa-hardness\lean\PvNP\RealizableHardness\ActualComplementCoordinateMassBridge.lean:153:2: warning: Try this: 
  letI̵

The goal is a proposition, so `let` is preferred over `letI`.
The difference between `let` and `letI` is that `letI` inlines the value.
But this is not relevant for proofs because of proof irrelevance.

Note: This linter can be disabled with `set_option linter.style.haveILetI false`
C:\Users\Dan\Desktop\Projects\realizable-cmmsa-hardness\lean\PvNP\RealizableHardness\ActualComplementCoordinateMassBridge.lean:155:2: warning: Try this: 
  letI̵

The goal is a proposition, so `let` is preferred over `letI`.
The difference between `let` and `letI` is that `letI` inlines the value.
But this is not relevant for proofs because of proof irrelevance.

Note: This linter can be disabled with `set_option linter.style.haveILetI false`
C:\Users\Dan\Desktop\Projects\realizable-cmmsa-hardness\lean\PvNP\RealizableHardness\ActualComplementCoordinateMassBridge.lean:158:2: warning: Try this: 
  letI̵

The goal is a proposition, so `let` is preferred over `letI`.
The difference between `let` and `letI` is that `letI` inlines the value.
But this is not relevant for proofs because of proof irrelevance.

Note: This linter can be disabled with `set_option linter.style.haveILetI false`
C:\Users\Dan\Desktop\Projects\realizable-cmmsa-hardness\lean\PvNP\RealizableHardness\ActualComplementCoordinateMassBridge.lean:179:2: warning: Try this: 
  letI̵

The goal is a proposition, so `let` is preferred over `letI`.
The difference between `let` and `letI` is that `letI` inlines the value.
But this is not relevant for proofs because of proof irrelevance.

Note: This linter can be disabled with `set_option linter.style.haveILetI false`
C:\Users\Dan\Desktop\Projects\realizable-cmmsa-hardness\lean\PvNP\RealizableHardness\ActualComplementCoordinateMassBridge.lean:180:2: warning: Try this: 
  letI̵

The goal is a proposition, so `let` is preferred over `letI`.
The difference between `let` and `letI` is that `letI` inlines the value.
But this is not relevant for proofs because of proof irrelevance.

Note: This linter can be disabled with `set_option linter.style.haveILetI false`
C:\Users\Dan\Desktop\Projects\realizable-cmmsa-hardness\lean\PvNP\RealizableHardness\ActualComplementCoordinateMassBridge.lean:181:49: error(lean.synthInstanceFailed): failed to synthesize instance of type class
  Finite (StarTuple t d m)

Hint: Type class instance resolution failures can be inspected with the `set_option trace.Meta.synthInstance true` command.
C:\Users\Dan\Desktop\Projects\realizable-cmmsa-hardness\lean\PvNP\RealizableHardness\ActualComplementCoordinateMassBridge.lean:181:2: warning: Try this: 
  letI̵

The goal is a proposition, so `let` is preferred over `letI`.
The difference between `let` and `letI` is that `letI` inlines the value.
But this is not relevant for proofs because of proof irrelevance.

Note: This linter can be disabled with `set_option linter.style.haveILetI false`
C:\Users\Dan\Desktop\Projects\realizable-cmmsa-hardness\lean\PvNP\RealizableHardness\ActualComplementCoordinateMassBridge.lean:182:2: warning: Try this: 
  letI̵

The goal is a proposition, so `let` is preferred over `letI`.
The difference between `let` and `letI` is that `letI` inlines the value.
But this is not relevant for proofs because of proof irrelevance.

Note: This linter can be disabled with `set_option linter.style.haveILetI false`
C:\Users\Dan\Desktop\Projects\realizable-cmmsa-hardness\lean\PvNP\RealizableHardness\ActualComplementCoordinateMassBridge.lean:189:14: error: synthesized type class instance is not definitionally equal to expression inferred by typing rules, synthesized
  this✝
inferred
  Sigma.instFintype
C:\Users\Dan\Desktop\Projects\realizable-cmmsa-hardness\lean\PvNP\RealizableHardness\ActualComplementCoordinateMassBridge.lean:196:90: error: unsolved goals
N rows : ℕ
I : ActualOccurrenceAllocation.Instance N rows
copies J : ℕ
U : TaggedGoodU I copies J
t d m : ℕ
A : SideComplement I copies U
htd : t ≤ d
hdA : d ≤ Module.finrank (ZMod 2) ↥↑A
hdCoord : d ≤ Module.finrank (ZMod 2) (CoordAmbient J)
C : TaggedCenterTable I copies
T : TaggedLeafTable I copies
f : Module.Dual (ZMod 2) ↥↑A
this✝² : Fintype ↥↑A := Fintype.ofFinite ↥↑A
this✝¹ : Fintype (CoordAmbient J) := Fintype.ofFinite (CoordAmbient J)
this✝ : Fintype (StarTuple t d m) := sorry
this : Fintype (StarTuple t d m) := Fintype.ofFinite (StarTuple t d m)
e : StarTuple t d m ≃ StarTuple t d m := starCoordinateEquiv I copies U A
C_A : CenterTable t := transportedCenterTable I copies U A C
T_A : LeafTable d := transportedLeafTable I copies U A T
C_E : CenterTable t := coordinateCenterTable I copies U A C_A
T_E : LeafTable d := coordinateLeafTable I copies U A T_A
hlaw : sorry = starLaw htd hdCoord
z : StarTuple t d m
⊢ ((f ∘ₗ ↑(actualCoordinateEquiv I copies U A).symm) ∘ₗ (↑((starCoordinateEquiv I copies U A) z).fst).subtype =
        C_A ((grassCoordinateEquiv I copies U A).symm ((starCoordinateEquiv I copies U A) z).fst) ∘ₗ
          ↑((LinearEquiv.ofEq (↑((starCoordinateEquiv I copies U A) z).fst)
                  (Submodule.map ↑(actualCoordinateEquiv I copies U A)
                    ↑((grassCoordinateEquiv I copies U A).symm ((starCoordinateEquiv I copies U A) z).fst))
                  ⋯).trans
              ((actualCoordinateEquiv I copies U A).submoduleMap
                  ↑((grassCoordinateEquiv I copies U A).symm ((starCoordinateEquiv I copies U A) z).fst)).symm) ∧
      ∀ (i : Fin m),
        (f ∘ₗ ↑(actualCoordinateEquiv I copies U A).symm) ∘ₗ
            (↑↑(((starCoordinateEquiv I copies U A) z).snd i)).subtype =
          T_A ((grassCoordinateEquiv I copies U A).symm ↑(((starCoordinateEquiv I copies U A) z).snd i)) ∘ₗ
            ↑((LinearEquiv.ofEq (↑↑(((starCoordinateEquiv I copies U A) z).snd i))
                    (Submodule.map ↑(actualCoordinateEquiv I copies U A)
                      ↑((grassCoordinateEquiv I copies U A).symm ↑(((starCoordinateEquiv I copies U A) z).snd i)))
                    ⋯).trans
                ((actualCoordinateEquiv I copies U A).submoduleMap
                    ↑((grassCoordinateEquiv I copies U A).symm
                        ↑(((starCoordinateEquiv I copies U A) z).snd i))).symm)) ↔
    f ∘ₗ (↑z.fst).subtype = C_A z.fst ∧ ∀ (i : Fin m), f ∘ₗ (↑↑(z.snd i)).subtype = T_A ↑(z.snd i)
C:\Users\Dan\Desktop\Projects\realizable-cmmsa-hardness\lean\PvNP\RealizableHardness\ActualComplementCoordinateMassBridge.lean:216:2: warning: Try this: 
  letI̵

The goal is a proposition, so `let` is preferred over `letI`.
The difference between `let` and `letI` is that `letI` inlines the value.
But this is not relevant for proofs because of proof irrelevance.

Note: This linter can be disabled with `set_option linter.style.haveILetI false`
C:\Users\Dan\Desktop\Projects\realizable-cmmsa-hardness\lean\PvNP\RealizableHardness\ActualComplementCoordinateMassBridge.lean:217:2: warning: Try this: 
  letI̵

The goal is a proposition, so `let` is preferred over `letI`.
The difference between `let` and `letI` is that `letI` inlines the value.
But this is not relevant for proofs because of proof irrelevance.

Note: This linter can be disabled with `set_option linter.style.haveILetI false`
C:\Users\Dan\Desktop\Projects\realizable-cmmsa-hardness\lean\PvNP\RealizableHardness\ActualComplementCoordinateMassBridge.lean:218:49: error(lean.synthInstanceFailed): failed to synthesize instance of type class
  Finite (StarTuple t d m)

Hint: Type class instance resolution failures can be inspected with the `set_option trace.Meta.synthInstance true` command.
C:\Users\Dan\Desktop\Projects\realizable-cmmsa-hardness\lean\PvNP\RealizableHardness\ActualComplementCoordinateMassBridge.lean:218:2: warning: Try this: 
  letI̵

The goal is a proposition, so `let` is preferred over `letI`.
The difference between `let` and `letI` is that `letI` inlines the value.
But this is not relevant for proofs because of proof irrelevance.

Note: This linter can be disabled with `set_option linter.style.haveILetI false`
C:\Users\Dan\Desktop\Projects\realizable-cmmsa-hardness\lean\PvNP\RealizableHardness\ActualComplementCoordinateMassBridge.lean:219:2: warning: Try this: 
  letI̵

The goal is a proposition, so `let` is preferred over `letI`.
The difference between `let` and `letI` is that `letI` inlines the value.
But this is not relevant for proofs because of proof irrelevance.

Note: This linter can be disabled with `set_option linter.style.haveILetI false`
C:\Users\Dan\Desktop\Projects\realizable-cmmsa-hardness\lean\PvNP\RealizableHardness\ActualComplementCoordinateMassBridge.lean:224:14: error: synthesized type class instance is not definitionally equal to expression inferred by typing rules, synthesized
  this✝
inferred
  Sigma.instFintype
C:\Users\Dan\Desktop\Projects\realizable-cmmsa-hardness\lean\PvNP\RealizableHardness\ActualComplementCoordinateMassBridge.lean:232:44: error: unsolved goals
N rows : ℕ
I : ActualOccurrenceAllocation.Instance N rows
copies J : ℕ
U : TaggedGoodU I copies J
t d m : ℕ
A : SideComplement I copies U
htd : t ≤ d
hdA : d ≤ Module.finrank (ZMod 2) ↥↑A
hdCoord : d ≤ Module.finrank (ZMod 2) (CoordAmbient J)
C : TaggedCenterTable I copies
f : Module.Dual (ZMod 2) ↥↑A
this✝² : Fintype ↥↑A := Fintype.ofFinite ↥↑A
this✝¹ : Fintype (CoordAmbient J) := Fintype.ofFinite (CoordAmbient J)
this✝ : Fintype (StarTuple t d m) := sorry
this : Fintype (StarTuple t d m) := Fintype.ofFinite (StarTuple t d m)
e : StarTuple t d m ≃ StarTuple t d m := starCoordinateEquiv I copies U A
C_A : CenterTable t := transportedCenterTable I copies U A C
C_E : CenterTable t := coordinateCenterTable I copies U A C_A
hlaw : sorry = starLaw htd hdCoord
z : StarTuple t d m
⊢ (f ∘ₗ ↑(actualCoordinateEquiv I copies U A).symm) ∘ₗ (↑((starCoordinateEquiv I copies U A) z).fst).subtype =
      C_A ((grassCoordinateEquiv I copies U A).symm ((starCoordinateEquiv I copies U A) z).fst) ∘ₗ
        ↑((LinearEquiv.ofEq (↑((starCoordinateEquiv I copies U A) z).fst)
                (Submodule.map ↑(actualCoordinateEquiv I copies U A)
                  ↑((grassCoordinateEquiv I copies U A).symm ((starCoordinateEquiv I copies U A) z).fst))
                ⋯).trans
            ((actualCoordinateEquiv I copies U A).submoduleMap
                ↑((grassCoordinateEquiv I copies U A).symm ((starCoordinateEquiv I copies U A) z).fst)).symm) ↔
    f ∘ₗ (↑z.fst).subtype = C_A z.fst
C:\Users\Dan\Desktop\Projects\realizable-cmmsa-hardness\lean\PvNP\RealizableHardness\ActualComplementCoordinateMassBridge.lean:204:0: error: (deterministic) timeout at `whnf`, maximum number of heartbeats (200000) has been reached

Note: Use `set_option maxHeartbeats <num>` to set the limit.

Hint: Additional diagnostic information may be available using the `set_option diagnostics true` command.
