C:\Users\Dan\Desktop\Projects\realizable-cmmsa-hardness\docs\native-receipts\ActualSelectedComplementAnalyticMoment\runtime-prebuild\local-native-123542\src\PvNP\RealizableHardness\ActualTypedABCanonicalSignalCollapse.lean:70:10: error: 'change' tactic failed, pattern
  complexAmbientAffineRestrict ⊥ ⊤ T g M = complexAmbientAffineRestrict ⊥ ⊤ T (complexAmbientHybridFilter ⊥ ⊤ g) M
is not definitionally equal to target
  applyCanonicalFilters
      (buildCanonicalSourceTower (DomainLineFlag.done ⊥) (CodomainHyperplaneFlag.done ⊤) (initialBottomTopBase T))
      (if 0 + 0 = 0 then fun M => filteredCarrierFunction ⊥ ⊤ T g M else fun M => filteredCarrierFunction ⊥ ⊤ 0 g M) M =
    filteredCarrierFunction
      (rankedTerminalData
          (buildCanonicalSourceTower (DomainLineFlag.done ⊥) (CodomainHyperplaneFlag.done ⊤)
            (initialBottomTopBase T))).Aend
      (rankedTerminalData
          (buildCanonicalSourceTower (DomainLineFlag.done ⊥) (CodomainHyperplaneFlag.done ⊤)
            (initialBottomTopBase T))).Bend
      T g M
C:\Users\Dan\Desktop\Projects\realizable-cmmsa-hardness\docs\native-receipts\ActualSelectedComplementAnalyticMoment\runtime-prebuild\local-native-123542\src\PvNP\RealizableHardness\ActualTypedABCanonicalSignalCollapse.lean:79:21: warning: `if_neg` has been deprecated: Use `ite_eq_right` instead
C:\Users\Dan\Desktop\Projects\realizable-cmmsa-hardness\docs\native-receipts\ActualSelectedComplementAnalyticMoment\runtime-prebuild\local-native-123542\src\PvNP\RealizableHardness\ActualTypedABCanonicalSignalCollapse.lean:116:17: warning: `if_neg` has been deprecated: Use `ite_eq_right` instead
C:\Users\Dan\Desktop\Projects\realizable-cmmsa-hardness\docs\native-receipts\ActualSelectedComplementAnalyticMoment\runtime-prebuild\local-native-123542\src\PvNP\RealizableHardness\ActualTypedABCanonicalSignalCollapse.lean:148:8: error: (deterministic) timeout at `whnf`, maximum number of heartbeats (200000) has been reached

Note: Use `set_option maxHeartbeats <num>` to set the limit.

Hint: Additional diagnostic information may be available using the `set_option diagnostics true` command.
C:\Users\Dan\Desktop\Projects\realizable-cmmsa-hardness\docs\native-receipts\ActualSelectedComplementAnalyticMoment\runtime-prebuild\local-native-123542\src\PvNP\RealizableHardness\ActualTypedABCanonicalSignalCollapse.lean:152:6: error: (deterministic) timeout at `«tactic execution»`, maximum number of heartbeats (200000) has been reached

Note: Use `set_option maxHeartbeats <num>` to set the limit.

Hint: Additional diagnostic information may be available using the `set_option diagnostics true` command.
C:\Users\Dan\Desktop\Projects\realizable-cmmsa-hardness\docs\native-receipts\ActualSelectedComplementAnalyticMoment\runtime-prebuild\local-native-123542\src\PvNP\RealizableHardness\ActualTypedABCanonicalSignalCollapse.lean:34:0: error: (deterministic) timeout at `isDefEq`, maximum number of heartbeats (200000) has been reached

Note: Use `set_option maxHeartbeats <num>` to set the limit.

Hint: Additional diagnostic information may be available using the `set_option diagnostics true` command.
