C:\Users\Dan\Desktop\Projects\realizable-cmmsa-hardness\docs\native-receipts\ActualSelectedComplementAnalyticMoment\runtime-prebuild\local-native-123542\src\PvNP\RealizableHardness\ActualTypedABCanonicalSignalCollapse.lean:75:21: warning: `if_neg` has been deprecated: Use `ite_eq_right` instead
C:\Users\Dan\Desktop\Projects\realizable-cmmsa-hardness\docs\native-receipts\ActualSelectedComplementAnalyticMoment\runtime-prebuild\local-native-123542\src\PvNP\RealizableHardness\ActualTypedABCanonicalSignalCollapse.lean:76:19: error: don't know how to synthesize implicit argument `A`
  @hyperplaneCanonicalEquiv n ?m.353 ?m.354 ⊤ H
context:
n d r : ℕ
fStored : (V d ⧸ ⊥ →ₗ[F] ↥⊤) → ℂ
T : V d →ₗ[F] W n
g : BinaryMatrix n d → ℂ
carrierBase : PvNP.RealizableHardness.ActualTypedABCanonicalEndpointCollapse.V✝ d ⧸
    ⊥ →ₗ[PvNP.RealizableHardness.ActualTypedABCanonicalEndpointCollapse.F✝]
  ↥⊤ := ⋯
hbase : ⊤.subtype ∘ₗ carrierBase ∘ₗ ⊥.mkQ = T
k : ℕ
H : Submodule PvNP.RealizableHardness.ActualTypedABCanonicalFlag.F✝ ↥⊤
hH : Module.finrank PvNP.RealizableHardness.ActualTypedABCanonicalFlag.F✝ (↥⊤ ⧸ H) = 1
tail : CodomainHyperplaneFlag (Submodule.map ⊤.subtype H) k
tower : ActualTypedABRankedTower ⊥ ⊤ fStored r (k + 1 + 0) := ⋯
hpos : k + 1 + 0 ≠ 0
⊢ Submodule PvNP.RealizableHardness.BinaryMatrixA15NestedHyperplane.F✝
    (PvNP.RealizableHardness.BinaryMatrixA15NestedHyperplane.V✝ ?m.353)
C:\Users\Dan\Desktop\Projects\realizable-cmmsa-hardness\docs\native-receipts\ActualSelectedComplementAnalyticMoment\runtime-prebuild\local-native-123542\src\PvNP\RealizableHardness\ActualTypedABCanonicalSignalCollapse.lean:76:19: error: don't know how to synthesize implicit argument `d`
  @hyperplaneCanonicalEquiv n ?m.353 ?m.354 ⊤ H
context:
n d r : ℕ
fStored : (V d ⧸ ⊥ →ₗ[F] ↥⊤) → ℂ
T : V d →ₗ[F] W n
g : BinaryMatrix n d → ℂ
carrierBase : PvNP.RealizableHardness.ActualTypedABCanonicalEndpointCollapse.V✝ d ⧸
    ⊥ →ₗ[PvNP.RealizableHardness.ActualTypedABCanonicalEndpointCollapse.F✝]
  ↥⊤ := ⋯
hbase : ⊤.subtype ∘ₗ carrierBase ∘ₗ ⊥.mkQ = T
k : ℕ
H : Submodule PvNP.RealizableHardness.ActualTypedABCanonicalFlag.F✝ ↥⊤
hH : Module.finrank PvNP.RealizableHardness.ActualTypedABCanonicalFlag.F✝ (↥⊤ ⧸ H) = 1
tail : CodomainHyperplaneFlag (Submodule.map ⊤.subtype H) k
tower : ActualTypedABRankedTower ⊥ ⊤ fStored r (k + 1 + 0) := ⋯
hpos : k + 1 + 0 ≠ 0
⊢ ℕ
C:\Users\Dan\Desktop\Projects\realizable-cmmsa-hardness\docs\native-receipts\ActualSelectedComplementAnalyticMoment\runtime-prebuild\local-native-123542\src\PvNP\RealizableHardness\ActualTypedABCanonicalSignalCollapse.lean:76:14: error: failed to infer `let` declaration type
C:\Users\Dan\Desktop\Projects\realizable-cmmsa-hardness\docs\native-receipts\ActualSelectedComplementAnalyticMoment\runtime-prebuild\local-native-123542\src\PvNP\RealizableHardness\ActualTypedABCanonicalSignalCollapse.lean:113:17: warning: `if_neg` has been deprecated: Use `ite_eq_right` instead
C:\Users\Dan\Desktop\Projects\realizable-cmmsa-hardness\docs\native-receipts\ActualSelectedComplementAnalyticMoment\runtime-prebuild\local-native-123542\src\PvNP\RealizableHardness\ActualTypedABCanonicalSignalCollapse.lean:70:21: warning: This simp argument is unused:
  tower

Hint: Omit it from the simp argument list.
  [apply] simp only [buildCanonicalSourceTower, buildHyperplanePrefix, applyCanonicalFilters, rankedTerminalData,
    Nat.zero_add, ite_true]

Note: This linter can be disabled with `set_option linter.unusedSimpArgs false`
