UTC=2026-09-23T22:41:03Z
VM=quantyra-lean-builder-01
PROJECT=quantyra-lean-cert-20260915
ZONE=us-central1-a
CHECKOUT=/home/dfredriksen_quantyra_org/mz24-fixed-rho-de048da
HEAD=de048da45956ef207c0c1dcd38c42b00a5437710
BASE=de048da45956ef207c0c1dcd38c42b00a5437710
EXPECTED=de048da45956ef207c0c1dcd38c42b00a5437710
Lean (version 4.34.0-rc2, x86_64-unknown-linux-gnu, commit 6a10ac8c22beadecabdbb0919c2b50214762f91d, Release)
Lake version 5.0.0-src+6a10ac8 (Lean version 4.34.0-rc2)
TARGET_STATUS_BEGIN
?? lean/PvNP/RealizableHardness/ActualMZ24FixedRhoPointwiseSelector.lean
?? lean/PvNP/RealizableHardness/ActualMZ24FixedRhoPointwiseSelectorChecks.lean
TARGET_STATUS_END
INCOMING_AND_INSTALLED_HASHES_BEGIN
492afc8461d4868867b807fd02ee90a908aee0b925c83c02d04e7fdcf118b225  /tmp/s3132-fixed-rho-selector-sol56-r5-20260923T2300Z/incoming/ActualMZ24FixedRhoPointwiseSelector.lean
a0f5b35c0a19cfe91549ea85bf142e92cb45f30e492b624abccaade3af45a2ca  /tmp/s3132-fixed-rho-selector-sol56-r5-20260923T2300Z/incoming/ActualMZ24FixedRhoPointwiseSelectorChecks.lean
492afc8461d4868867b807fd02ee90a908aee0b925c83c02d04e7fdcf118b225  lean/PvNP/RealizableHardness/ActualMZ24FixedRhoPointwiseSelector.lean
a0f5b35c0a19cfe91549ea85bf142e92cb45f30e492b624abccaade3af45a2ca  lean/PvNP/RealizableHardness/ActualMZ24FixedRhoPointwiseSelectorChecks.lean
INCOMING_AND_INSTALLED_HASHES_END
