C:\Users\Dan\Desktop\Projects\realizable-cmmsa-hardness\docs\native-receipts\ActualSelectedComplementAnalyticMoment\runtime-prebuild\local-native-123542\src\PvNP\RealizableHardness\ActualBinaryMatrixHC46A17HomogeneousLineDecomposition.lean:156:4: error: Type mismatch: After simplification, term
  h
 has type
  hybridLineFilter (rankProjection j fun X => (f X).re) M =
    rankProjection j (fun X => (f X).re) M - 2 ^ j * lineTranslationAverage (rankProjection j fun X => (f X).re) M
but is expected to have type
  hybridLineFilter (rankProjection j fun X => (f X).re) M =
    rankProjection j (fun X => (f X).re) M -
      ((2 ^ j).re * lineTranslationAverage (fun X => (complexRankProjection j f X).re) M -
        (2 ^ j).im * (complexLineAverage (complexRankProjection j f) M).im)
C:\Users\Dan\Desktop\Projects\realizable-cmmsa-hardness\docs\native-receipts\ActualSelectedComplementAnalyticMoment\runtime-prebuild\local-native-123542\src\PvNP\RealizableHardness\ActualBinaryMatrixHC46A17HomogeneousLineDecomposition.lean:177:4: error: Type mismatch: After simplification, term
  h
 has type
  hybridLineFilter (rankProjection j fun X => (f X).im) M =
    rankProjection j (fun X => (f X).im) M - 2 ^ j * lineTranslationAverage (rankProjection j fun X => (f X).im) M
but is expected to have type
  hybridLineFilter (rankProjection j fun X => (f X).im) M =
    rankProjection j (fun X => (f X).im) M -
      ((2 ^ j).re * lineTranslationAverage (fun X => (complexRankProjection j f X).im) M +
        (2 ^ j).im * (complexLineAverage (complexRankProjection j f) M).re)
C:\Users\Dan\Desktop\Projects\realizable-cmmsa-hardness\docs\native-receipts\ActualSelectedComplementAnalyticMoment\runtime-prebuild\local-native-123542\src\PvNP\RealizableHardness\ActualBinaryMatrixHC46A17HomogeneousLineDecomposition.lean:137:47: warning: This simp argument is unused:
  Complex.ofReal_re

Hint: Omit it from the simp argument list.
  [apply] simp only [Complex.sub_re, Complex.mul_re, Complex.ofReal_im, sub_zero, mul_zero, zero_mul, add_zero]

Note: This linter can be disabled with `set_option linter.unusedSimpArgs false`
C:\Users\Dan\Desktop\Projects\realizable-cmmsa-hardness\docs\native-receipts\ActualSelectedComplementAnalyticMoment\runtime-prebuild\local-native-123542\src\PvNP\RealizableHardness\ActualBinaryMatrixHC46A17HomogeneousLineDecomposition.lean:138:6: warning: This simp argument is unused:
  Complex.ofReal_im

Hint: Omit it from the simp argument list.
  [apply] simp only [Complex.sub_re, Complex.mul_re, Complex.ofReal_re, sub_zero, mul_zero, zero_mul, add_zero]

Note: This linter can be disabled with `set_option linter.unusedSimpArgs false`
C:\Users\Dan\Desktop\Projects\realizable-cmmsa-hardness\docs\native-receipts\ActualSelectedComplementAnalyticMoment\runtime-prebuild\local-native-123542\src\PvNP\RealizableHardness\ActualBinaryMatrixHC46A17HomogeneousLineDecomposition.lean:138:25: warning: This simp argument is unused:
  sub_zero

Hint: Omit it from the simp argument list.
  [apply] simp only [Complex.sub_re, Complex.mul_re, Complex.ofReal_re, Complex.ofReal_im, mul_zero, zero_mul, add_zero]

Note: This linter can be disabled with `set_option linter.unusedSimpArgs false`
C:\Users\Dan\Desktop\Projects\realizable-cmmsa-hardness\docs\native-receipts\ActualSelectedComplementAnalyticMoment\runtime-prebuild\local-native-123542\src\PvNP\RealizableHardness\ActualBinaryMatrixHC46A17HomogeneousLineDecomposition.lean:138:35: warning: This simp argument is unused:
  mul_zero

Hint: Omit it from the simp argument list.
  [apply] simp only [Complex.sub_re, Complex.mul_re, Complex.ofReal_re, Complex.ofReal_im, sub_zero, zero_mul, add_zero]

Note: This linter can be disabled with `set_option linter.unusedSimpArgs false`
C:\Users\Dan\Desktop\Projects\realizable-cmmsa-hardness\docs\native-receipts\ActualSelectedComplementAnalyticMoment\runtime-prebuild\local-native-123542\src\PvNP\RealizableHardness\ActualBinaryMatrixHC46A17HomogeneousLineDecomposition.lean:138:45: warning: This simp argument is unused:
  zero_mul

Hint: Omit it from the simp argument list.
  [apply] simp only [Complex.sub_re, Complex.mul_re, Complex.ofReal_re, Complex.ofReal_im, sub_zero, mul_zero, add_zero]

Note: This linter can be disabled with `set_option linter.unusedSimpArgs false`
C:\Users\Dan\Desktop\Projects\realizable-cmmsa-hardness\docs\native-receipts\ActualSelectedComplementAnalyticMoment\runtime-prebuild\local-native-123542\src\PvNP\RealizableHardness\ActualBinaryMatrixHC46A17HomogeneousLineDecomposition.lean:138:55: warning: This simp argument is unused:
  add_zero

Hint: Omit it from the simp argument list.
  [apply] simp only [Complex.sub_re, Complex.mul_re, Complex.ofReal_re, Complex.ofReal_im, sub_zero, mul_zero, zero_mul]

Note: This linter can be disabled with `set_option linter.unusedSimpArgs false`
C:\Users\Dan\Desktop\Projects\realizable-cmmsa-hardness\docs\native-receipts\ActualSelectedComplementAnalyticMoment\runtime-prebuild\local-native-123542\src\PvNP\RealizableHardness\ActualBinaryMatrixHC46A17HomogeneousLineDecomposition.lean:158:47: warning: This simp argument is unused:
  Complex.ofReal_re

Hint: Omit it from the simp argument list.
  [apply] simp only [Complex.sub_im, Complex.mul_im, Complex.ofReal_im, sub_zero, mul_zero, zero_mul, add_zero]

Note: This linter can be disabled with `set_option linter.unusedSimpArgs false`
C:\Users\Dan\Desktop\Projects\realizable-cmmsa-hardness\docs\native-receipts\ActualSelectedComplementAnalyticMoment\runtime-prebuild\local-native-123542\src\PvNP\RealizableHardness\ActualBinaryMatrixHC46A17HomogeneousLineDecomposition.lean:159:6: warning: This simp argument is unused:
  Complex.ofReal_im

Hint: Omit it from the simp argument list.
  [apply] simp only [Complex.sub_im, Complex.mul_im, Complex.ofReal_re, sub_zero, mul_zero, zero_mul, add_zero]

Note: This linter can be disabled with `set_option linter.unusedSimpArgs false`
C:\Users\Dan\Desktop\Projects\realizable-cmmsa-hardness\docs\native-receipts\ActualSelectedComplementAnalyticMoment\runtime-prebuild\local-native-123542\src\PvNP\RealizableHardness\ActualBinaryMatrixHC46A17HomogeneousLineDecomposition.lean:159:25: warning: This simp argument is unused:
  sub_zero

Hint: Omit it from the simp argument list.
  [apply] simp only [Complex.sub_im, Complex.mul_im, Complex.ofReal_re, Complex.ofReal_im, mul_zero, zero_mul, add_zero]

Note: This linter can be disabled with `set_option linter.unusedSimpArgs false`
C:\Users\Dan\Desktop\Projects\realizable-cmmsa-hardness\docs\native-receipts\ActualSelectedComplementAnalyticMoment\runtime-prebuild\local-native-123542\src\PvNP\RealizableHardness\ActualBinaryMatrixHC46A17HomogeneousLineDecomposition.lean:159:35: warning: This simp argument is unused:
  mul_zero

Hint: Omit it from the simp argument list.
  [apply] simp only [Complex.sub_im, Complex.mul_im, Complex.ofReal_re, Complex.ofReal_im, sub_zero, zero_mul, add_zero]

Note: This linter can be disabled with `set_option linter.unusedSimpArgs false`
C:\Users\Dan\Desktop\Projects\realizable-cmmsa-hardness\docs\native-receipts\ActualSelectedComplementAnalyticMoment\runtime-prebuild\local-native-123542\src\PvNP\RealizableHardness\ActualBinaryMatrixHC46A17HomogeneousLineDecomposition.lean:159:45: warning: This simp argument is unused:
  zero_mul

Hint: Omit it from the simp argument list.
  [apply] simp only [Complex.sub_im, Complex.mul_im, Complex.ofReal_re, Complex.ofReal_im, sub_zero, mul_zero, add_zero]

Note: This linter can be disabled with `set_option linter.unusedSimpArgs false`
C:\Users\Dan\Desktop\Projects\realizable-cmmsa-hardness\docs\native-receipts\ActualSelectedComplementAnalyticMoment\runtime-prebuild\local-native-123542\src\PvNP\RealizableHardness\ActualBinaryMatrixHC46A17HomogeneousLineDecomposition.lean:159:55: warning: This simp argument is unused:
  add_zero

Hint: Omit it from the simp argument list.
  [apply] simp only [Complex.sub_im, Complex.mul_im, Complex.ofReal_re, Complex.ofReal_im, sub_zero, mul_zero, zero_mul]

Note: This linter can be disabled with `set_option linter.unusedSimpArgs false`
