C:\Users\Dan\Desktop\Projects\realizable-cmmsa-hardness\docs\native-receipts\ActualSelectedComplementAnalyticMoment\runtime-prebuild\local-native-123542\src\PvNP\RealizableHardness\ActualBinaryMatrixHC46A18DerivativeRankProjection.lean:56:4: error: unsolved goals
case pos.a
n d : ℕ
Y : BinaryMatrix n d
⊢ fourierCoeff (fun M => 0) Y = 0
C:\Users\Dan\Desktop\Projects\realizable-cmmsa-hardness\docs\native-receipts\ActualSelectedComplementAnalyticMoment\runtime-prebuild\local-native-123542\src\PvNP\RealizableHardness\ActualBinaryMatrixHC46A18DerivativeRankProjection.lean:61:4: error: unsolved goals
case neg.a
n d : ℕ
Y Z : BinaryMatrix n d
h : ¬Z = Y
⊢ fourierCoeff (fun M => 0) Z = (if Z = Y then 1 else 0).im
C:\Users\Dan\Desktop\Projects\realizable-cmmsa-hardness\docs\native-receipts\ActualSelectedComplementAnalyticMoment\runtime-prebuild\local-native-123542\src\PvNP\RealizableHardness\ActualBinaryMatrixHC46A18DerivativeRankProjection.lean:72:10: error(lean.unknownIdentifier): Unknown identifier `traceCharacter`

Note: It is not possible to treat `traceCharacter` as an implicitly bound variable here because the `autoImplicit` option is set to `false`.
C:\Users\Dan\Desktop\Projects\realizable-cmmsa-hardness\docs\native-receipts\ActualSelectedComplementAnalyticMoment\runtime-prebuild\local-native-123542\src\PvNP\RealizableHardness\ActualBinaryMatrixHC46A18DerivativeRankProjection.lean:73:10: error(lean.unknownIdentifier): Unknown identifier `traceCharacter`

Note: It is not possible to treat `traceCharacter` as an implicitly bound variable here because the `autoImplicit` option is set to `false`.
C:\Users\Dan\Desktop\Projects\realizable-cmmsa-hardness\docs\native-receipts\ActualSelectedComplementAnalyticMoment\runtime-prebuild\local-native-123542\src\PvNP\RealizableHardness\ActualBinaryMatrixHC46A18DerivativeRankProjection.lean:71:6: error(lean.synthInstanceFailed): failed to synthesize instance of type class
  Decidable (Selected A B (Matrix.toLin' (Matrix.transpose Y)))

Hint: Type class instance resolution failures can be inspected with the `set_option trace.Meta.synthInstance true` command.
C:\Users\Dan\Desktop\Projects\realizable-cmmsa-hardness\docs\native-receipts\ActualSelectedComplementAnalyticMoment\runtime-prebuild\local-native-123542\src\PvNP\RealizableHardness\ActualBinaryMatrixHC46A18DerivativeRankProjection.lean:80:21: warning: `if_pos` has been deprecated: Use `ite_eq_left` instead
C:\Users\Dan\Desktop\Projects\realizable-cmmsa-hardness\docs\native-receipts\ActualSelectedComplementAnalyticMoment\runtime-prebuild\local-native-123542\src\PvNP\RealizableHardness\ActualBinaryMatrixHC46A18DerivativeRankProjection.lean:90:21: warning: `if_neg` has been deprecated: Use `ite_eq_right` instead
