✔ production collector GETs exact versions/hashes and bounded controls; partial pagination/unknown keys fail closed (378.4748ms)
✔ gate loader requires out-of-band hashes, material receipts and every bound byte; accepted release packet is runnable (6812.3688ms)
✔ root producer shutdown needs complete stopped inventory and actual bound proof, not a boolean (557.4935ms)
✔ receipt traversal/symlink escapes and lone Boolean evidence rejected (864.0112ms)
✔ CLI default is local; absent/disabled root gate rejects execute before any AWS factory call (233.1853ms)
✔ real CLI validates without writes, then executes an independently bound accepted gate using production adapter ports (12594.2143ms)
✔ installed freeze differs from historical policy; existing source cyint receives no Put exception or new role (2.669ms)
✔ actual pinned SDK read transport serializes IAM VersionId/owner/resource policy and disallows mutation through read path (134.3022ms)
✔ actual SDK null cleanup sends VersionId, owner and ETag once; missing null-version guard blocks before transport (38.4309ms)
✔ production destructive adapter observes installed policy, denied Put/name creation, shutdown controls and live target before disable; control drift prevents send (6943.7621ms)
✔ policy-edit date transition needs exact root continuity/install journal; it cannot authorize bucket recreation (1231.4391ms)
✔ production read/STS/mutation clients share the same resolved credentials even if the profile provider later changes (52.0801ms)
✔ check-only CLI rejects any execution flag before cloud import or credentials (302.0335ms)
✔ release preserves origin/config and fresh ETag; replay observes without another send (154.8895ms)
✔ lost reply after applied update is reconciled read-only; unapplied lost reply cannot retry (151.7604ms)
✔ deployment waiting survives restart without retransmitting update (141.4037ms)
✔ wrong principal, alias/origin drift, new versions, metadata and namespace drift all block first wire (469.176ms)
✔ authorization expires during fresh reads, before send and before terminal success (142.0036ms)
✔ evidence tamper and cross-resource permissions fail closed (90.1756ms)
✔ null-version deletion requires live target, actual shutdown and effective freeze; recreated objects cannot be deleted again (447.7152ms)
✔ disable does not proceed with live proof missing and bucket delete needs every observed key (95.9637ms)
✔ unapplied ambiguous null deletion stays blocked across restart; changed authorization cannot replay (151.0756ms)
✔ journal corruption and exclusive lock prevent all sends (84.172ms)
✔ full mocked retirement orders deployment/absence, exact object deletions and certificate; recreated bucket blocks replay (25816.1585ms)
✔ single physical request under SDK timeout, throttling, regional redirects and success (306.0813ms)
✔ DNS disposition requires retired cert, healthy destination, exact Describe match and suppression gate (26.9324ms)
ℹ tests 26
ℹ suites 0
ℹ pass 26
ℹ fail 0
ℹ cancelled 0
ℹ skipped 0
ℹ todo 0
ℹ duration_ms 31116.51
