MODULE=ActualStarLineIncidenceChecks
CHECK_DIRECTIVES_BEGIN
5:#check PvNP.RealizableHardness.ActualStarLineIncidence.extensionLaw_contains_fixed_quotient_line
6:#print axioms PvNP.RealizableHardness.ActualStarLineIncidence.extensionLaw_contains_fixed_quotient_line
CHECK_DIRECTIVES_END
SIGNATURE_OUTPUT_BEGIN
1:PvNP.RealizableHardness.ActualStarLineIncidence.extensionLaw_contains_fixed_quotient_line.{u_1} {V : Type u_1}
SIGNATURE_OUTPUT_END
AXIOM_NORMALIZED_BEGIN
AXIOM_REPORT_1=[propext,  Classical.choice,  Quot.sound]
AXIOM_NORMALIZED_END
MODULE=ActualStarKernelSupportChecks
CHECK_DIRECTIVES_BEGIN
5:#check PvNP.RealizableHardness.ActualStarKernelSupport.kernelSupport
6:#check PvNP.RealizableHardness.ActualStarKernelSupport.kernelWitness_has_exact_support_relation
7:#check PvNP.RealizableHardness.ActualStarRelationCount.nonzeroRelation_card_le_power
8:#print axioms PvNP.RealizableHardness.ActualStarKernelSupport.kernelWitness_has_exact_support_relation
CHECK_DIRECTIVES_END
SIGNATURE_OUTPUT_BEGIN
1:PvNP.RealizableHardness.ActualStarKernelSupport.kernelSupport.{u_1} {V : Type u_1} [AddCommGroup V] [Module (ZMod 2) V]
4:PvNP.RealizableHardness.ActualStarKernelSupport.kernelWitness_has_exact_support_relation.{u_1} {V : Type u_1}
11:PvNP.RealizableHardness.ActualStarRelationCount.nonzeroRelation_card_le_power.{u_2} {A : Type u_2} [AddCommGroup A]
SIGNATURE_OUTPUT_END
AXIOM_NORMALIZED_BEGIN
AXIOM_REPORT_1=[propext,  Classical.choice,  Quot.sound]
AXIOM_NORMALIZED_END
MODULE=ActualStarExtensionProductChecks
CHECK_DIRECTIVES_BEGIN
5:#check PvNP.RealizableHardness.ActualStarExtensionProduct.eventMass_uniform_filter_function
6:#check PvNP.RealizableHardness.ActualStarExtensionProduct.uniformFunction_cylinder_eventMass
7:#check PvNP.RealizableHardness.ActualStarExtensionProduct.extensionTupleLaw
8:#check PvNP.RealizableHardness.ActualStarExtensionProduct.extensionTupleLaw_atom
9:#check PvNP.RealizableHardness.ActualStarExtensionProduct.supportedLineEvent
10:#check PvNP.RealizableHardness.ActualStarExtensionProduct.fixedCenter_supportedLine_eventMass
11:#check PvNP.RealizableHardness.ActualStarExtensionProduct.fixedCenter_emptySupport_eventMass
12:#check PvNP.RealizableHardness.ActualStarExtensionProduct.fixedCenter_supportedLine_eventMass_zeroIncrement
13:#print axioms PvNP.RealizableHardness.ActualStarExtensionProduct.uniformFunction_cylinder_eventMass
14:#print axioms PvNP.RealizableHardness.ActualStarExtensionProduct.fixedCenter_supportedLine_eventMass
15:#print axioms PvNP.RealizableHardness.ActualStarExtensionProduct.fixedCenter_supportedLine_eventMass_zeroIncrement
CHECK_DIRECTIVES_END
SIGNATURE_OUTPUT_BEGIN
1:PvNP.RealizableHardness.ActualStarExtensionProduct.eventMass_uniform_filter_function.{u_2} (Ω : Type u_2) [Fintype Ω]
5:PvNP.RealizableHardness.ActualStarExtensionProduct.uniformFunction_cylinder_eventMass.{u_2, u_3} {I : Type u_2}
10:PvNP.RealizableHardness.ActualStarExtensionProduct.extensionTupleLaw.{u_1} {V : Type u_1} [AddCommGroup V]
14:PvNP.RealizableHardness.ActualStarExtensionProduct.extensionTupleLaw_atom.{u_1} {V : Type u_1} [AddCommGroup V]
19:PvNP.RealizableHardness.ActualStarExtensionProduct.supportedLineEvent.{u_1} {V : Type u_1} [AddCommGroup V]
22:PvNP.RealizableHardness.ActualStarExtensionProduct.fixedCenter_supportedLine_eventMass.{u_1} {V : Type u_1}
30:PvNP.RealizableHardness.ActualStarExtensionProduct.fixedCenter_emptySupport_eventMass.{u_1} {V : Type u_1}
37:PvNP.RealizableHardness.ActualStarExtensionProduct.fixedCenter_supportedLine_eventMass_zeroIncrement.{u_1}
SIGNATURE_OUTPUT_END
AXIOM_NORMALIZED_BEGIN
AXIOM_REPORT_1=[propext,  Classical.choice,  Quot.sound]
AXIOM_REPORT_2=[propext,  Classical.choice,  Quot.sound]
AXIOM_REPORT_3=[propext,  Classical.choice,  Quot.sound]
AXIOM_NORMALIZED_END
