/tmp/cmmsa_analytic_20260930T124243Z.tar.gz: OK
REUSED_DEPENDENCY_BYTES_VERIFIED
lean/PvNP/RealizableHardness/ActualSelectedComplementAnalyticMarginChecks.lean: OK
lean/PvNP/RealizableHardness/ActualSelectedHighErrorSignalComparisonChecks.lean: OK
lean/PvNP/RealizableHardness/ActualSelectedSpectralTailGeometryChecks.lean: OK
lean/PvNP/RealizableHardness/ActualSelectedHighEnergyTailChecks.lean: OK
lean/PvNP/RealizableHardness/ActualOriginalFailureFixedMomentCallerChecks.lean: OK
lean/PvNP/RealizableHardness/ActualOriginalFailureAnalyticCallerChecks.lean: OK
lean/PvNP/RealizableHardness/ActualOriginalFailureAnalyticCaller.lean: OK
lean/PvNP/RealizableHardness/ActualSelectedComplementAnalyticNumerics.lean: OK
lean/PvNP/RealizableHardness/ActualSelectedComplementAnalyticNumericsChecks.lean: OK
lean/PvNP/RealizableHardness/ActualFiniteMomentLpBounds.lean: OK
lean/PvNP/RealizableHardness/ActualSelectedSpectralParameters.lean: OK
lean/PvNP/RealizableHardness/ActualCoordinateZoomFailureTransport.lean: OK
lean/PvNP/RealizableHardness/ActualCoordinateZoomFailureTransportChecks.lean: OK
lean/PvNP/RealizableHardness/ActualSelectedComplementAnalyticMoment.lean: OK
lean/PvNP/RealizableHardness/ActualSelectedComplementAnalyticMomentChecks.lean: OK
lean/PvNP/RealizableHardness/ActualSelectedComplementAnalyticMargin.lean: OK
lean/PvNP/RealizableHardness/ActualOriginalFailureFixedMomentCaller.lean: OK
lean/PvNP/RealizableHardness/ActualSelectedHighEnergyTail.lean: OK
lean/PvNP/RealizableHardness/ActualSelectedSpectralTailGeometry.lean: OK
lean/PvNP/RealizableHardness/ActualSelectedHighErrorSignalComparison.lean: OK
