WORKTREE_HEAD=d6e59e2eca47031a31b0795587b4df2cea9540ba
WORKTREE_BRANCH=DETACHED
WORKTREE_STATUS_BEGIN
?? lean/PvNP/RealizableHardness/ActualStarJointKernel.lean
?? lean/PvNP/RealizableHardness/ActualStarJointKernelChecks.lean
WORKTREE_STATUS_END
OVERLAY_COUNT=2
OVERLAYS_BEGIN
lean/PvNP/RealizableHardness/ActualStarJointKernel.lean
lean/PvNP/RealizableHardness/ActualStarJointKernelChecks.lean
OVERLAYS_END
SOURCE_HASHES_BEGIN
cd97c44ced86632ac5d48c1f1bb9ebd5c97a48193e3c6ce4ddfb5b1617bca2fc  /home/dfredriksen_quantyra_org/gcp_actual_star_joint_kernel_r4_20260924T152546Z_worktree/lean/PvNP/RealizableHardness/ActualStarJointKernel.lean
38cd8e0488cae0bb8c5892fce6dba6cb26a6f14bfca8b70c913be595ed42f761  /home/dfredriksen_quantyra_org/gcp_actual_star_joint_kernel_r4_20260924T152546Z_worktree/lean/PvNP/RealizableHardness/ActualStarJointKernelChecks.lean
8190e75a201741065fe508b28955dd64dd72d090babe5f70ce6848879d68ae88  /home/dfredriksen_quantyra_org/gcp_actual_star_joint_kernel_r4_20260924T152546Z_worktree/lean-toolchain
03c6564b4a501867a608a3439198e41b88eedf17e3c79c6bfd01790f6ae34cbe  /home/dfredriksen_quantyra_org/gcp_actual_star_joint_kernel_r4_20260924T152546Z_worktree/lakefile.toml
825d2e1a20005a259fdf5b181528b391dd6ba18a52c86127caf4c3be990e04f0  /home/dfredriksen_quantyra_org/gcp_actual_star_joint_kernel_r4_20260924T152546Z_worktree/lake-manifest.json
SOURCE_HASHES_END
CACHE_LINKS_BEGIN
lrwxrwxrwx 1 dfredriksen_quantyra_org dfredriksen_quantyra_org 65 Sep 24 15:29 /home/dfredriksen_quantyra_org/gcp_actual_star_joint_kernel_r4_20260924T152546Z_worktree/.lake/build -> /home/dfredriksen_quantyra_org/mz24-fixed-rho-de048da/.lake/build
lrwxrwxrwx 1 dfredriksen_quantyra_org dfredriksen_quantyra_org 68 Sep 24 15:29 /home/dfredriksen_quantyra_org/gcp_actual_star_joint_kernel_r4_20260924T152546Z_worktree/.lake/packages -> /home/dfredriksen_quantyra_org/mz24-fixed-rho-de048da/.lake/packages
/home/dfredriksen_quantyra_org/mz24-fixed-rho-de048da/.lake/packages
/home/dfredriksen_quantyra_org/mz24-fixed-rho-de048da/.lake/build
CACHE_LINKS_END
