C:\Users\Dan\Desktop\Projects\realizable-cmmsa-hardness\docs\native-receipts\ActualSelectedComplementAnalyticMoment\runtime-prebuild\local-native-123542\src\PvNP\RealizableHardness\ActualTypedABCanonicalFlag.lean:75:8: warning: Unused tactic linter: `change tail.endpoint ≤ Anew` does nothing

Note: This linter can be disabled with `set_option linter.unusedTactic false`
C:\Users\Dan\Desktop\Projects\realizable-cmmsa-hardness\docs\native-receipts\ActualSelectedComplementAnalyticMoment\runtime-prebuild\local-native-123542\src\PvNP\RealizableHardness\ActualTypedABCanonicalFlag.lean:78:8: warning: Unused tactic linter: `change Module.finrank F (Anew.map tail.endpoint.mkQ) = 1` does nothing

Note: This linter can be disabled with `set_option linter.unusedTactic false`
C:\Users\Dan\Desktop\Projects\realizable-cmmsa-hardness\docs\native-receipts\ActualSelectedComplementAnalyticMoment\runtime-prebuild\local-native-123542\src\PvNP\RealizableHardness\ActualTypedABCanonicalFlag.lean:93:8: warning: Unused tactic linter: `change tail.endpoint ≤ Anew` does nothing

Note: This linter can be disabled with `set_option linter.unusedTactic false`
C:\Users\Dan\Desktop\Projects\realizable-cmmsa-hardness\docs\native-receipts\ActualSelectedComplementAnalyticMoment\runtime-prebuild\local-native-123542\src\PvNP\RealizableHardness\ActualTypedABCanonicalFlag.lean:96:8: warning: Unused tactic linter: `change Module.finrank F (Anew.map tail.endpoint.mkQ) = 1` does nothing

Note: This linter can be disabled with `set_option linter.unusedTactic false`
C:\Users\Dan\Desktop\Projects\realizable-cmmsa-hardness\docs\native-receipts\ActualSelectedComplementAnalyticMoment\runtime-prebuild\local-native-123542\src\PvNP\RealizableHardness\ActualTypedABCanonicalFlag.lean:201:14: error: Function expected at
  Eq.symm hB
but this term has type
  ⊥ = B

Note: Expected a function because this term is being applied to the argument
  ?hdone
C:\Users\Dan\Desktop\Projects\realizable-cmmsa-hardness\docs\native-receipts\ActualSelectedComplementAnalyticMoment\runtime-prebuild\local-native-123542\src\PvNP\RealizableHardness\ActualTypedABCanonicalFlag.lean:245:18: error: Application type mismatch: The argument
  Eq.symm hdim
has type
  Module.finrank F ↥B = Module.finrank F ↥B' + 1
but is expected to have type
  (Module.finrank F ↥(Submodule.map B✝.subtype ↑↑(Classical.choice ⋯))).succ = Module.finrank F ↥B✝
in the application
  Nat.le_of_eq (Eq.symm hdim)
C:\Users\Dan\Desktop\Projects\realizable-cmmsa-hardness\docs\native-receipts\ActualSelectedComplementAnalyticMoment\runtime-prebuild\local-native-123542\src\PvNP\RealizableHardness\ActualTypedABCanonicalFlag.lean:337:18: error: Application type mismatch: The argument
  Eq.symm hdim
has type
  Module.finrank F ↥B = Module.finrank F ↥B' + 1
but is expected to have type
  (Module.finrank F ↥(Submodule.map B.subtype ↑↑(Classical.choice ⋯))).succ = Module.finrank F ↥B
in the application
  Nat.le_of_eq (Eq.symm hdim)
C:\Users\Dan\Desktop\Projects\realizable-cmmsa-hardness\docs\native-receipts\ActualSelectedComplementAnalyticMoment\runtime-prebuild\local-native-123542\src\PvNP\RealizableHardness\ActualTypedABCanonicalFlag.lean:354:4: error: Type mismatch: After simplification, term
  htop
 has type
  lines.endpoint = A
but is expected to have type
  (hbottom ▸ lines).endpoint = A
