WORKTREE_HEAD=cc726db5795cfa0f6d8dcd99b8821d191bb59ae6
WORKTREE_BRANCH=DETACHED
WORKTREE_STATUS_BEGIN
?? lean/PvNP/RealizableHardness/RobustSourceLineContainment.lean
?? lean/PvNP/RealizableHardness/RobustSourceLineContainmentChecks.lean
WORKTREE_STATUS_END
OVERLAY_COUNT=2
OVERLAYS_BEGIN
lean/PvNP/RealizableHardness/RobustSourceLineContainment.lean
lean/PvNP/RealizableHardness/RobustSourceLineContainmentChecks.lean
OVERLAYS_END
CACHE_LINKS_BEGIN
lrwxrwxrwx 1 dfredriksen_quantyra_org dfredriksen_quantyra_org 65 Sep 24 11:14 /home/dfredriksen_quantyra_org/gcp_robust_source_line_containment_r10_20260924T110758Z_worktree/.lake/build -> /home/dfredriksen_quantyra_org/mz24-fixed-rho-de048da/.lake/build
lrwxrwxrwx 1 dfredriksen_quantyra_org dfredriksen_quantyra_org 68 Sep 24 11:14 /home/dfredriksen_quantyra_org/gcp_robust_source_line_containment_r10_20260924T110758Z_worktree/.lake/packages -> /home/dfredriksen_quantyra_org/mz24-fixed-rho-de048da/.lake/packages
/home/dfredriksen_quantyra_org/mz24-fixed-rho-de048da/.lake/packages
/home/dfredriksen_quantyra_org/mz24-fixed-rho-de048da/.lake/build
CACHE_LINKS_END
SOURCE_HASHES_BEGIN
3afc06c189d7829f6a34bcfc646aa59a8eae5a3c7b3d8aa848798c0bad2905fa  /home/dfredriksen_quantyra_org/gcp_robust_source_line_containment_r10_20260924T110758Z_worktree/lean/PvNP/RealizableHardness/ActualBinaryGrassmannSamplingBounds.lean
81f7d2f49d5d2879efbbe9958287b233a3e7a8b8661a7ddb2f4228c6793d8fed  /home/dfredriksen_quantyra_org/gcp_robust_source_line_containment_r10_20260924T110758Z_worktree/lean/PvNP/RealizableHardness/RobustSourceLineContainment.lean
f1fffddd6c2e7f454b77c7fe53e2eb011d9e53cc53101fbca62e13089edad57d  /home/dfredriksen_quantyra_org/gcp_robust_source_line_containment_r10_20260924T110758Z_worktree/lean/PvNP/RealizableHardness/RobustSourceLineContainmentChecks.lean
8190e75a201741065fe508b28955dd64dd72d090babe5f70ce6848879d68ae88  /home/dfredriksen_quantyra_org/gcp_robust_source_line_containment_r10_20260924T110758Z_worktree/lean-toolchain
03c6564b4a501867a608a3439198e41b88eedf17e3c79c6bfd01790f6ae34cbe  /home/dfredriksen_quantyra_org/gcp_robust_source_line_containment_r10_20260924T110758Z_worktree/lakefile.toml
825d2e1a20005a259fdf5b181528b391dd6ba18a52c86127caf4c3be990e04f0  /home/dfredriksen_quantyra_org/gcp_robust_source_line_containment_r10_20260924T110758Z_worktree/lake-manifest.json
SOURCE_HASHES_END
