lean/PvNP/RealizableHardness/ActualStarAffineFunctionalSelection.lean:34:2: warning: Try this: 
  letI̵

The goal is a proposition, so `let` is preferred over `letI`.
The difference between `let` and `letI` is that `letI` inlines the value.
But this is not relevant for proofs because of proof irrelevance.

Note: This linter can be disabled with `set_option linter.style.haveILetI false`
lean/PvNP/RealizableHardness/ActualStarAffineFunctionalSelection.lean:35:2: warning: Try this: 
  letI̵

The goal is a proposition, so `let` is preferred over `letI`.
The difference between `let` and `letI` is that `letI` inlines the value.
But this is not relevant for proofs because of proof irrelevance.

Note: This linter can be disabled with `set_option linter.style.haveILetI false`
lean/PvNP/RealizableHardness/ActualStarAffineFunctionalSelection.lean:37:2: warning: Try this: 
  letI̵

The goal is a proposition, so `let` is preferred over `letI`.
The difference between `let` and `letI` is that `letI` inlines the value.
But this is not relevant for proofs because of proof irrelevance.

Note: This linter can be disabled with `set_option linter.style.haveILetI false`
lean/PvNP/RealizableHardness/ActualStarAffineFunctionalSelection.lean:56:76: error: unsolved goals
Z : Type u_1
inst✝³ : AddCommGroup Z
inst✝² : Module (ZMod 2) Z
inst✝¹ : Finite Z
ι : Type u_2
inst✝ : Fintype ι
Q : ι → Submodule (ZMod 2) Z
hjoint : Function.Injective ⇑(DirectSum.coeLinearMap Q)
label : (i : ι) → ↥(Q i) →ₗ[ZMod 2] ZMod 2
this✝¹ : Module.Finite (ZMod 2) Z := Module.Finite.of_finite
this✝ : Finite (⨁ (i : ι), ↥(Q i)) := Finite.of_injective (⇑(DirectSum.coeLinearMap Q)) hjoint
this : Module.Finite (ZMod 2) (⨁ (i : ι), ↥(Q i)) := Module.Finite.of_finite
jointMap : (⨁ (i : ι), ↥(Q i)) →ₗ[ZMod 2] Z := DirectSum.coeLinearMap Q
hker : jointMap.ker = ⊥ := LinearMap.ker_eq_bot.mpr hjoint
e : (⨁ (i : ι), ↥(Q i)) ≃ₗ[ZMod 2] ↥jointMap.range :=
  (jointMap.ker.quotEquivOfEqBot hker).symm ≪≫ₗ jointMap.quotKerEquivRange
labelSum : (⨁ (i : ι), ↥(Q i)) →ₗ[ZMod 2] ZMod 2 := DirectSum.toModule (ZMod 2) ι (ZMod 2) label
onRange : ↥jointMap.range →ₗ[ZMod 2] ZMod 2 := labelSum ∘ₗ ↑e.symm
glued : Z →ₗ[ZMod 2] ZMod 2
hglued : glued ∘ₗ jointMap.range.subtype = onRange
i : ι
x : ↥(Q i)
z : ↥jointMap.range := ⟨jointMap ((DirectSum.of (fun j => ↥(Q j)) i) x), ⋯⟩
⊢ jointMap ((DirectSum.of (fun j => ↥(Q j)) i) x) = ↑z
lean/PvNP/RealizableHardness/ActualStarAffineFunctionalSelection.lean:62:6: error: Invalid rewrite argument: Expected an equality or iff proof or definition name, but `onRange` is a value of type
  ↥jointMap.range →ₗ[ZMod 2] ZMod 2
lean/PvNP/RealizableHardness/ActualStarAffineFunctionalSelection.lean:58:13: warning: This simp argument is unused:
  hker

Hint: Omit it from the simp argument list.
  [apply] simp [e, LinearMap.quotKerEquivRange_apply_mk]

Note: This linter can be disabled with `set_option linter.unusedSimpArgs false`
lean/PvNP/RealizableHardness/ActualStarAffineFunctionalSelection.lean:100:2: warning: Try this: 
  letI̵

The goal is a proposition, so `let` is preferred over `letI`.
The difference between `let` and `letI` is that `letI` inlines the value.
But this is not relevant for proofs because of proof irrelevance.

Note: This linter can be disabled with `set_option linter.style.haveILetI false`
lean/PvNP/RealizableHardness/ActualStarAffineFunctionalSelection.lean:101:2: warning: Try this: 
  letI̵

The goal is a proposition, so `let` is preferred over `letI`.
The difference between `let` and `letI` is that `letI` inlines the value.
But this is not relevant for proofs because of proof irrelevance.

Note: This linter can be disabled with `set_option linter.style.haveILetI false`
lean/PvNP/RealizableHardness/ActualStarAffineFunctionalSelection.lean:102:2: warning: Try this: 
  letI̵

The goal is a proposition, so `let` is preferred over `letI`.
The difference between `let` and `letI` is that `letI` inlines the value.
But this is not relevant for proofs because of proof irrelevance.

Note: This linter can be disabled with `set_option linter.style.haveILetI false`
lean/PvNP/RealizableHardness/ActualStarAffineFunctionalSelection.lean:103:2: warning: Try this: 
  letI̵

The goal is a proposition, so `let` is preferred over `letI`.
The difference between `let` and `letI` is that `letI` inlines the value.
But this is not relevant for proofs because of proof irrelevance.

Note: This linter can be disabled with `set_option linter.style.haveILetI false`
lean/PvNP/RealizableHardness/ActualStarAffineFunctionalSelection.lean:104:2: warning: Try this: 
  letI̵

The goal is a proposition, so `let` is preferred over `letI`.
The difference between `let` and `letI` is that `letI` inlines the value.
But this is not relevant for proofs because of proof irrelevance.

Note: This linter can be disabled with `set_option linter.style.haveILetI false`
lean/PvNP/RealizableHardness/ActualStarAffineFunctionalSelection.lean:108:2: warning: Try this: 
  letI̵

The goal is a proposition, so `let` is preferred over `letI`.
The difference between `let` and `letI` is that `letI` inlines the value.
But this is not relevant for proofs because of proof irrelevance.

Note: This linter can be disabled with `set_option linter.style.haveILetI false`
lean/PvNP/RealizableHardness/ActualStarAffineFunctionalSelection.lean:119:12: error: Tactic `rewrite` failed: Did not find an occurrence of the pattern
  (?f - ?g) ?x
in the target expression
  x ∈ (↑F - F0).ker

W : Type u_1
inst✝² : AddCommGroup W
inst✝¹ : Module (ZMod 2) W
inst✝ : Finite W
s : ℕ
S : Submodule (ZMod 2) W
f : ↥S →ₗ[ZMod 2] ZMod 2
hS : Module.finrank (ZMod 2) ↥S = s
this✝⁴ : Module.Finite (ZMod 2) W := Module.Finite.of_finite
this✝³ : Module.Finite (ZMod 2) (W ⧸ S) := inferInstance
this✝² : Fintype W := Fintype.ofFinite W
this✝¹ : Fintype (W ⧸ S) := Fintype.ofFinite (W ⧸ S)
this✝ : Finite (Module.Dual (ZMod 2) (W ⧸ S)) :=
  Finite.of_injective (fun G => G.toFun) fun ⦃a b⦄ hab => LinearMap.ext_iff.mpr fun x => congrFun hab x
this : Fintype (Module.Dual (ZMod 2) (W ⧸ S)) := Fintype.ofFinite (Module.Dual (ZMod 2) (W ⧸ S))
F0 : W →ₗ[ZMod 2] ZMod 2 := ⋯.choose
hF0 : F0 ∘ₗ S.subtype = f
F : FunctionalExtensionFiber S f
x : W
hx : x ∈ S
hFx : ↑F x = f ⟨x, hx⟩
hF0x : F0 x = f ⟨x, hx⟩
⊢ x ∈ (↑F - F0).ker
lean/PvNP/RealizableHardness/ActualStarAffineFunctionalSelection.lean:127:30: error: Application type mismatch: The argument
  ↑x
has type
  W
but is expected to have type
  Setoid ?m.409
in the application
  Quotient.mk ↑x
lean/PvNP/RealizableHardness/ActualStarAffineFunctionalSelection.lean:136:28: warning: This simp argument is unused:
  Submodule.liftQ_apply

Hint: Omit it from the simp argument list.
  [apply] simp [fromDual, toDual, LinearMap.sub_apply, hF0, sub_add_cancel]

Note: This linter can be disabled with `set_option linter.unusedSimpArgs false`
lean/PvNP/RealizableHardness/ActualStarAffineFunctionalSelection.lean:136:51: warning: This simp argument is unused:
  LinearMap.sub_apply

Hint: Omit it from the simp argument list.
  [apply] simp [fromDual, toDual, Submodule.liftQ_apply, hF0, sub_add_cancel]

Note: This linter can be disabled with `set_option linter.unusedSimpArgs false`
lean/PvNP/RealizableHardness/ActualStarAffineFunctionalSelection.lean:137:6: warning: This simp argument is unused:
  hF0

Hint: Omit it from the simp argument list.
  [apply] simp [fromDual, toDual, Submodule.liftQ_apply, LinearMap.sub_apply, sub_add_cancel]

Note: This linter can be disabled with `set_option linter.unusedSimpArgs false`
lean/PvNP/RealizableHardness/ActualStarAffineFunctionalSelection.lean:137:11: warning: This simp argument is unused:
  sub_add_cancel

Hint: Omit it from the simp argument list.
  [apply] simp [fromDual, toDual, Submodule.liftQ_apply, LinearMap.sub_apply, hF0]

Note: This linter can be disabled with `set_option linter.unusedSimpArgs false`
lean/PvNP/RealizableHardness/ActualStarAffineFunctionalSelection.lean:141:28: warning: This simp argument is unused:
  Submodule.liftQ_apply

Hint: Omit it from the simp argument list.
  [apply] simp [fromDual, toDual, LinearMap.sub_apply]

Note: This linter can be disabled with `set_option linter.unusedSimpArgs false`
lean/PvNP/RealizableHardness/ActualStarAffineFunctionalSelection.lean:141:51: warning: This simp argument is unused:
  LinearMap.sub_apply

Hint: Omit it from the simp argument list.
  [apply] simp [fromDual, toDual, Submodule.liftQ_apply]

Note: This linter can be disabled with `set_option linter.unusedSimpArgs false`
