WORKTREE_HEAD=ec5628611301176c118f65dd8cab2672afee30b1
WORKTREE_BRANCH=DETACHED
WORKTREE_STATUS_BEGIN
?? lean/PvNP/RealizableHardness/ActualStarFixedCenterNumericalClosure.lean
?? lean/PvNP/RealizableHardness/ActualStarFixedCenterNumericalClosureChecks.lean
WORKTREE_STATUS_END
OVERLAY_COUNT=2
OVERLAYS_BEGIN
lean/PvNP/RealizableHardness/ActualStarFixedCenterNumericalClosure.lean
lean/PvNP/RealizableHardness/ActualStarFixedCenterNumericalClosureChecks.lean
OVERLAYS_END
SOURCE_HASHES_BEGIN
93fa9176ed1370a52e297395bc1dfa8cbcbda1bc05370885af1e8015d3da6994  /home/dfredriksen_quantyra_org/gcp_actual_star_fixed_center_numerical_closure_b20_20260925T013736Z_worktree/lean/PvNP/RealizableHardness/ActualStarFixedCenterNumericalClosure.lean
47272b66c5a41301215baba74ce060e9e94e4328621a96dcc64379c667f66c15  /home/dfredriksen_quantyra_org/gcp_actual_star_fixed_center_numerical_closure_b20_20260925T013736Z_worktree/lean/PvNP/RealizableHardness/ActualStarFixedCenterNumericalClosureChecks.lean
8190e75a201741065fe508b28955dd64dd72d090babe5f70ce6848879d68ae88  /home/dfredriksen_quantyra_org/gcp_actual_star_fixed_center_numerical_closure_b20_20260925T013736Z_worktree/lean-toolchain
03c6564b4a501867a608a3439198e41b88eedf17e3c79c6bfd01790f6ae34cbe  /home/dfredriksen_quantyra_org/gcp_actual_star_fixed_center_numerical_closure_b20_20260925T013736Z_worktree/lakefile.toml
825d2e1a20005a259fdf5b181528b391dd6ba18a52c86127caf4c3be990e04f0  /home/dfredriksen_quantyra_org/gcp_actual_star_fixed_center_numerical_closure_b20_20260925T013736Z_worktree/lake-manifest.json
SOURCE_HASHES_END
CACHE_LINKS_BEGIN
lrwxrwxrwx 1 dfredriksen_quantyra_org dfredriksen_quantyra_org 65 Sep 25 01:42 /home/dfredriksen_quantyra_org/gcp_actual_star_fixed_center_numerical_closure_b20_20260925T013736Z_worktree/.lake/build -> /home/dfredriksen_quantyra_org/mz24-fixed-rho-de048da/.lake/build
lrwxrwxrwx 1 dfredriksen_quantyra_org dfredriksen_quantyra_org 68 Sep 25 01:42 /home/dfredriksen_quantyra_org/gcp_actual_star_fixed_center_numerical_closure_b20_20260925T013736Z_worktree/.lake/packages -> /home/dfredriksen_quantyra_org/mz24-fixed-rho-de048da/.lake/packages
/home/dfredriksen_quantyra_org/mz24-fixed-rho-de048da/.lake/packages
/home/dfredriksen_quantyra_org/mz24-fixed-rho-de048da/.lake/build
CACHE_LINKS_END
