C:\Users\Dan\Desktop\Projects\realizable-cmmsa-hardness\docs\native-receipts\ActualSelectedComplementAnalyticMoment\runtime-prebuild\local-native-123542\src\PvNP\RealizableHardness\ActualBinaryMatrixHC46A17FixedSlice.lean:40:16: error: Application type mismatch: The argument
  (lineCanonicalRestriction B hA Q).fibre
has type
  Finset
    (PvNP.RealizableHardness.BinaryMatrixTypedA15Transport.V✝ d ⧸
        A1 →ₗ[PvNP.RealizableHardness.BinaryMatrixTypedA15Transport.F✝]
      ↥B)
but is expected to have type
  Finset (BinaryMatrix ?m.99 ?m.100)
in the application
  fibreEnergy (lineCanonicalRestriction B hA Q).fibre
C:\Users\Dan\Desktop\Projects\realizable-cmmsa-hardness\docs\native-receipts\ActualSelectedComplementAnalyticMoment\runtime-prebuild\local-native-123542\src\PvNP\RealizableHardness\ActualBinaryMatrixHC46A17FixedSlice.lean:41:56: error: Application type mismatch: The argument
  M
has type
  BinaryMatrix ?m.99 ?m.100
but is expected to have type
  PvNP.RealizableHardness.BinaryMatrixA15NestedLine.V✝ d ⧸ A1 →ₗ[PvNP.RealizableHardness.BinaryMatrixA15NestedLine.F✝]
    ↥B
in the application
  (lineCanonicalEquiv A0 A1 B hA).symm M
