C:\Users\Dan\Desktop\Projects\realizable-cmmsa-hardness\docs\native-receipts\ActualSelectedComplementAnalyticMoment\runtime-prebuild\local-native-123542\src\PvNP\RealizableHardness\ActualTypedABEndpointTransport.lean:27:4: error: Type mismatch
  LinearEquiv.ofEq ?m.71 ?m.72 ?m.82
has type
  ↥?m.71 ≃ₗ[?m.66] ↥?m.72
but is expected to have type
  (V d ⧸ A₀) ≃ₗ[F] V d ⧸ A₁
C:\Users\Dan\Desktop\Projects\realizable-cmmsa-hardness\docs\native-receipts\ActualSelectedComplementAnalyticMoment\runtime-prebuild\local-native-123542\src\PvNP\RealizableHardness\ActualTypedABEndpointTransport.lean:39:68: error(lean.invalidField): Invalid field `toLinearMap`: The environment does not contain `Eq.toLinearMap`, so it is not possible to project the field `toLinearMap` from an expression
  Eq.symm (congrArg (fun A => V d ⧸ A) hA)
of type `(V d ⧸ A₁) = (V d ⧸ A₀)`
C:\Users\Dan\Desktop\Projects\realizable-cmmsa-hardness\docs\native-receipts\ActualSelectedComplementAnalyticMoment\runtime-prebuild\local-native-123542\src\PvNP\RealizableHardness\ActualTypedABEndpointTransport.lean:55:2: warning: Try this: 
  letI̵

The goal is a proposition, so `let` is preferred over `letI`.
The difference between `let` and `letI` is that `letI` inlines the value.
But this is not relevant for proofs because of proof irrelevance.

Note: This linter can be disabled with `set_option linter.style.haveILetI false`
C:\Users\Dan\Desktop\Projects\realizable-cmmsa-hardness\docs\native-receipts\ActualSelectedComplementAnalyticMoment\runtime-prebuild\local-native-123542\src\PvNP\RealizableHardness\ActualTypedABEndpointTransport.lean:56:2: warning: Try this: 
  letI̵

The goal is a proposition, so `let` is preferred over `letI`.
The difference between `let` and `letI` is that `letI` inlines the value.
But this is not relevant for proofs because of proof irrelevance.

Note: This linter can be disabled with `set_option linter.style.haveILetI false`
C:\Users\Dan\Desktop\Projects\realizable-cmmsa-hardness\docs\native-receipts\ActualSelectedComplementAnalyticMoment\runtime-prebuild\local-native-123542\src\PvNP\RealizableHardness\ActualTypedABEndpointTransport.lean:57:2: warning: Try this: 
  letI̵

The goal is a proposition, so `let` is preferred over `letI`.
The difference between `let` and `letI` is that `letI` inlines the value.
But this is not relevant for proofs because of proof irrelevance.

Note: This linter can be disabled with `set_option linter.style.haveILetI false`
C:\Users\Dan\Desktop\Projects\realizable-cmmsa-hardness\docs\native-receipts\ActualSelectedComplementAnalyticMoment\runtime-prebuild\local-native-123542\src\PvNP\RealizableHardness\ActualTypedABEndpointTransport.lean:58:2: warning: Try this: 
  letI̵

The goal is a proposition, so `let` is preferred over `letI`.
The difference between `let` and `letI` is that `letI` inlines the value.
But this is not relevant for proofs because of proof irrelevance.

Note: This linter can be disabled with `set_option linter.style.haveILetI false`
C:\Users\Dan\Desktop\Projects\realizable-cmmsa-hardness\docs\native-receipts\ActualSelectedComplementAnalyticMoment\runtime-prebuild\local-native-123542\src\PvNP\RealizableHardness\ActualTypedABEndpointTransport.lean:59:2: warning: Try this: 
  letI̵

The goal is a proposition, so `let` is preferred over `letI`.
The difference between `let` and `letI` is that `letI` inlines the value.
But this is not relevant for proofs because of proof irrelevance.

Note: This linter can be disabled with `set_option linter.style.haveILetI false`
C:\Users\Dan\Desktop\Projects\realizable-cmmsa-hardness\docs\native-receipts\ActualSelectedComplementAnalyticMoment\runtime-prebuild\local-native-123542\src\PvNP\RealizableHardness\ActualTypedABEndpointTransport.lean:60:2: warning: Try this: 
  letI̵

The goal is a proposition, so `let` is preferred over `letI`.
The difference between `let` and `letI` is that `letI` inlines the value.
But this is not relevant for proofs because of proof irrelevance.

Note: This linter can be disabled with `set_option linter.style.haveILetI false`
C:\Users\Dan\Desktop\Projects\realizable-cmmsa-hardness\docs\native-receipts\ActualSelectedComplementAnalyticMoment\runtime-prebuild\local-native-123542\src\PvNP\RealizableHardness\ActualTypedABEndpointTransport.lean:92:13: error(lean.unknownIdentifier): Unknown identifier `ActualTypedABRankedTower`

Note: It is not possible to treat `ActualTypedABRankedTower` as an implicitly bound variable here because the `autoImplicit` option is set to `false`.
C:\Users\Dan\Desktop\Projects\realizable-cmmsa-hardness\docs\native-receipts\ActualSelectedComplementAnalyticMoment\runtime-prebuild\local-native-123542\src\PvNP\RealizableHardness\ActualTypedABEndpointTransport.lean:93:11: error(lean.unknownIdentifier): Unknown identifier `rankedTerminalData`

Note: It is not possible to treat `rankedTerminalData` as an implicitly bound variable here because the `autoImplicit` option is set to `false`.
C:\Users\Dan\Desktop\Projects\realizable-cmmsa-hardness\docs\native-receipts\ActualSelectedComplementAnalyticMoment\runtime-prebuild\local-native-123542\src\PvNP\RealizableHardness\ActualTypedABEndpointTransport.lean:94:11: error(lean.unknownIdentifier): Unknown identifier `rankedTerminalData`

Note: It is not possible to treat `rankedTerminalData` as an implicitly bound variable here because the `autoImplicit` option is set to `false`.
C:\Users\Dan\Desktop\Projects\realizable-cmmsa-hardness\docs\native-receipts\ActualSelectedComplementAnalyticMoment\runtime-prebuild\local-native-123542\src\PvNP\RealizableHardness\ActualTypedABEndpointTransport.lean:99:33: error(lean.unknownIdentifier): Unknown identifier `rankedTerminalData`

Note: It is not possible to treat `rankedTerminalData` as an implicitly bound variable here because the `autoImplicit` option is set to `false`.
C:\Users\Dan\Desktop\Projects\realizable-cmmsa-hardness\docs\native-receipts\ActualSelectedComplementAnalyticMoment\runtime-prebuild\local-native-123542\src\PvNP\RealizableHardness\ActualTypedABEndpointTransport.lean:103:5: error(lean.unknownIdentifier): Unknown identifier `rankedTerminalData`
C:\Users\Dan\Desktop\Projects\realizable-cmmsa-hardness\docs\native-receipts\ActualSelectedComplementAnalyticMoment\runtime-prebuild\local-native-123542\src\PvNP\RealizableHardness\ActualTypedABEndpointTransport.lean:123:2: error: Tactic `rfl` failed: The left-hand side
  typedComplexRankProjection A₀ B₀ j g M
is not definitionally equal to the right-hand side
  typedComplexRankProjection A₀ B₀ j (fun N => g ((endpointHomEquiv ⋯ ⋯).symm N)) ((endpointHomEquiv ⋯ ⋯) M)

case refl.refl
n d j : ℕ
A₀ : Submodule F (V d)
B₀ : Submodule F (W n)
g : (V d ⧸ A₀ →ₗ[F] ↥B₀) → ℂ
M : V d ⧸ A₀ →ₗ[F] ↥B₀
⊢ typedComplexRankProjection A₀ B₀ j g M =
    typedComplexRankProjection A₀ B₀ j (fun N => g ((endpointHomEquiv ⋯ ⋯).symm N)) ((endpointHomEquiv ⋯ ⋯) M)
C:\Users\Dan\Desktop\Projects\realizable-cmmsa-hardness\docs\native-receipts\ActualSelectedComplementAnalyticMoment\runtime-prebuild\local-native-123542\src\PvNP\RealizableHardness\ActualTypedABEndpointTransport.lean:135:6: error(lean.unknownIdentifier): Unknown identifier `complexRankProjection`

Note: It is not possible to treat `complexRankProjection` as an implicitly bound variable here because the `autoImplicit` option is set to `false`.
C:\Users\Dan\Desktop\Projects\realizable-cmmsa-hardness\docs\native-receipts\ActualSelectedComplementAnalyticMoment\runtime-prebuild\local-native-123542\src\PvNP\RealizableHardness\ActualTypedABEndpointTransport.lean:150:8: error(lean.unknownIdentifier): Unknown identifier `complexRankProjection`
