lean/PvNP/RealizableHardness/ActualStarFixedCenterFirstMoment.lean:27:24: error: Application type mismatch: The argument
  fun _hS => NonzeroRelation S.card
has type
  2 ≤ S.card → Type u_1
but is expected to have type
  ?m.14 S → Type u_1
in the application
  (_ : 2 ≤ S.card) × NonzeroRelation S.card
lean/PvNP/RealizableHardness/ActualStarFixedCenterFirstMoment.lean:36:2: error(lean.synthInstanceFailed): failed to synthesize instance of type class
  Finite V

Hint: Type class instance resolution failures can be inspected with the `set_option trace.Meta.synthInstance true` command.
lean/PvNP/RealizableHardness/ActualStarFixedCenterFirstMoment.lean:54:6: error(lean.synthInstanceFailed): failed to synthesize instance of type class
  Fintype (CandidateCatalog (V ⧸ ↑U) ?m.29)

Hint: Type class instance resolution failures can be inspected with the `set_option trace.Meta.synthInstance true` command.
lean/PvNP/RealizableHardness/ActualStarFixedCenterFirstMoment.lean:56:2: warning: Try this: 
  letI̵

The goal is a proposition, so `let` is preferred over `letI`.
The difference between `let` and `letI` is that `letI` inlines the value.
But this is not relevant for proofs because of proof irrelevance.

Note: This linter can be disabled with `set_option linter.style.haveILetI false`
lean/PvNP/RealizableHardness/ActualStarFixedCenterFirstMoment.lean:66:13: error(lean.synthInstanceFailed): failed to synthesize instance of type class
  Fintype (CandidateCatalog (V ⧸ ↑U) m)

Hint: Type class instance resolution failures can be inspected with the `set_option trace.Meta.synthInstance true` command.
lean/PvNP/RealizableHardness/ActualStarFixedCenterFirstMoment.lean:67:2: error: Type mismatch
  hmem
has type
  ⟨U, Ls⟩.snd ∈ supportedLineEvent htd S ⟨U, Ls⟩.fst (supportRelationLines S r)
but is expected to have type
  Ls ∈ candidateLineEvent htd U c
lean/PvNP/RealizableHardness/ActualStarFixedCenterFirstMoment.lean:83:8: error(lean.synthInstanceFailed): failed to synthesize instance of type class
  Fintype (CandidateCatalog (V ⧸ ↑U) m)

Hint: Type class instance resolution failures can be inspected with the `set_option trace.Meta.synthInstance true` command.
lean/PvNP/RealizableHardness/ActualStarFixedCenterFirstMoment.lean:87:2: warning: Try this: 
  letI̵

The goal is a proposition, so `let` is preferred over `letI`.
The difference between `let` and `letI` is that `letI` inlines the value.
But this is not relevant for proofs because of proof irrelevance.

Note: This linter can be disabled with `set_option linter.style.haveILetI false`
lean/PvNP/RealizableHardness/ActualStarFixedCenterFirstMoment.lean:89:53: error(lean.synthInstanceFailed): failed to synthesize instance of type class
  Fintype (CandidateCatalog (V ⧸ ↑U) m)

Hint: Type class instance resolution failures can be inspected with the `set_option trace.Meta.synthInstance true` command.
lean/PvNP/RealizableHardness/ActualStarFixedCenterFirstMoment.lean:89:2: warning: Try this: 
  letI̵

The goal is a proposition, so `let` is preferred over `letI`.
The difference between `let` and `letI` is that `letI` inlines the value.
But this is not relevant for proofs because of proof irrelevance.

Note: This linter can be disabled with `set_option linter.style.haveILetI false`
lean/PvNP/RealizableHardness/ActualStarFixedCenterFirstMoment.lean:101:12: error: (deterministic) timeout at `whnf`, maximum number of heartbeats (200000) has been reached

Note: Use `set_option maxHeartbeats <num>` to set the limit.

Hint: Additional diagnostic information may be available using the `set_option diagnostics true` command.
lean/PvNP/RealizableHardness/ActualStarFixedCenterFirstMoment.lean:111:75: error: (deterministic) timeout at `«synthesize pending MVars»`, maximum number of heartbeats (200000) has been reached

Note: Use `set_option maxHeartbeats <num>` to set the limit.

Hint: Additional diagnostic information may be available using the `set_option diagnostics true` command.
