WORKTREE_HEAD=167eb7904cddf00c000e63bc4bf2bc643ee4df40
WORKTREE_BRANCH=DETACHED
WORKTREE_STATUS_BEGIN
?? lean/PvNP/RealizableHardness/ActualStarAcceptedRankGoodFiber.lean
?? lean/PvNP/RealizableHardness/ActualStarAcceptedRankGoodFiberChecks.lean
WORKTREE_STATUS_END
OVERLAY_COUNT=2
OVERLAYS_BEGIN
lean/PvNP/RealizableHardness/ActualStarAcceptedRankGoodFiber.lean
lean/PvNP/RealizableHardness/ActualStarAcceptedRankGoodFiberChecks.lean
OVERLAYS_END
SOURCE_HASHES_BEGIN
4883b82d4f3536648c4bfaed85451723a69f0bd4d3eb1bfe6a19b827e3879e5a  /home/dfredriksen_quantyra_org/gcp_actual_star_accepted_rank_good_fiber_b50aq_20260926T023911Z_worktree/lean/PvNP/RealizableHardness/ActualStarAcceptedRankGoodFiber.lean
e8fe4b2f6ad7386c5fe04a57be2151016811afa1157ed93c16b0f5c6d847c991  /home/dfredriksen_quantyra_org/gcp_actual_star_accepted_rank_good_fiber_b50aq_20260926T023911Z_worktree/lean/PvNP/RealizableHardness/ActualStarAcceptedRankGoodFiberChecks.lean
8190e75a201741065fe508b28955dd64dd72d090babe5f70ce6848879d68ae88  /home/dfredriksen_quantyra_org/gcp_actual_star_accepted_rank_good_fiber_b50aq_20260926T023911Z_worktree/lean-toolchain
03c6564b4a501867a608a3439198e41b88eedf17e3c79c6bfd01790f6ae34cbe  /home/dfredriksen_quantyra_org/gcp_actual_star_accepted_rank_good_fiber_b50aq_20260926T023911Z_worktree/lakefile.toml
825d2e1a20005a259fdf5b181528b391dd6ba18a52c86127caf4c3be990e04f0  /home/dfredriksen_quantyra_org/gcp_actual_star_accepted_rank_good_fiber_b50aq_20260926T023911Z_worktree/lake-manifest.json
SOURCE_HASHES_END
CACHE_LINKS_BEGIN
lrwxrwxrwx 1 dfredriksen_quantyra_org dfredriksen_quantyra_org 65 Sep 26 02:41 /home/dfredriksen_quantyra_org/gcp_actual_star_accepted_rank_good_fiber_b50aq_20260926T023911Z_worktree/.lake/build -> /home/dfredriksen_quantyra_org/mz24-fixed-rho-de048da/.lake/build
lrwxrwxrwx 1 dfredriksen_quantyra_org dfredriksen_quantyra_org 68 Sep 26 02:41 /home/dfredriksen_quantyra_org/gcp_actual_star_accepted_rank_good_fiber_b50aq_20260926T023911Z_worktree/.lake/packages -> /home/dfredriksen_quantyra_org/mz24-fixed-rho-de048da/.lake/packages
/home/dfredriksen_quantyra_org/mz24-fixed-rho-de048da/.lake/packages
/home/dfredriksen_quantyra_org/mz24-fixed-rho-de048da/.lake/build
CACHE_LINKS_END
