C:\Users\Dan\Desktop\Projects\realizable-cmmsa-hardness\docs\native-receipts\ActualSelectedComplementAnalyticMoment\runtime-prebuild\local-native-123542\src\PvNP\RealizableHardness\ActualBinaryMatrixHC46A7WeightedPredecessor.lean:161:21: warning: `if_pos` has been deprecated: Use `ite_eq_left` instead
C:\Users\Dan\Desktop\Projects\realizable-cmmsa-hardness\docs\native-receipts\ActualSelectedComplementAnalyticMoment\runtime-prebuild\local-native-123542\src\PvNP\RealizableHardness\ActualBinaryMatrixHC46A7WeightedPredecessor.lean:184:21: warning: `if_pos` has been deprecated: Use `ite_eq_left` instead
C:\Users\Dan\Desktop\Projects\realizable-cmmsa-hardness\docs\native-receipts\ActualSelectedComplementAnalyticMoment\runtime-prebuild\local-native-123542\src\PvNP\RealizableHardness\ActualBinaryMatrixHC46A7WeightedPredecessor.lean:189:8: warning: This simp argument is unused:
  BinaryMatrixA1TypedFourier.carrierMean

Hint: Omit it from the simp argument list.
  [apply] simp [hp, complexCarrierFourierCoeff]

Note: This linter can be disabled with `set_option linter.unusedSimpArgs false`
C:\Users\Dan\Desktop\Projects\realizable-cmmsa-hardness\docs\native-receipts\ActualSelectedComplementAnalyticMoment\runtime-prebuild\local-native-123542\src\PvNP\RealizableHardness\ActualBinaryMatrixHC46A7WeightedPredecessor.lean:353:38: warning: This simp argument is unused:
  Matrix.mulVecLin_apply

Hint: Omit it from the simp argument list.
  [apply] simp [w6BlockBottomDisplacementMap, Matrix.fromCols_mulVec, Matrix.mulVecLin_mul, Matrix.mulVecLin_apply]

Note: This linter can be disabled with `set_option linter.unusedSimpArgs false`
C:\Users\Dan\Desktop\Projects\realizable-cmmsa-hardness\docs\native-receipts\ActualSelectedComplementAnalyticMoment\runtime-prebuild\local-native-123542\src\PvNP\RealizableHardness\ActualBinaryMatrixHC46A7WeightedPredecessor.lean:354:50: warning: This simp argument is unused:
  Matrix.mulVecLin_apply

Hint: Omit it from the simp argument list.
  [apply] simp [w6BlockBottomDisplacementMap, Matrix.mulVecLin_apply, Matrix.fromCols_mulVec, Matrix.mulVecLin_mul]

Note: This linter can be disabled with `set_option linter.unusedSimpArgs false`
C:\Users\Dan\Desktop\Projects\realizable-cmmsa-hardness\docs\native-receipts\ActualSelectedComplementAnalyticMoment\runtime-prebuild\local-native-123542\src\PvNP\RealizableHardness\ActualBinaryMatrixHC46A7WeightedPredecessor.lean:530:47: warning: This simp argument is unused:
  CharTwo.add_self_eq_zero

Hint: Omit it from the simp argument list.
  [apply] simp [L, w6CanonicalBlockCandidate, Matrix.fromBlocks_multiply, hsJc, hsJp, Matrix.mul_assoc, add_assoc,
    w6_matrix_add_self_eq_zero]

Note: This linter can be disabled with `set_option linter.unusedSimpArgs false`
C:\Users\Dan\Desktop\Projects\realizable-cmmsa-hardness\docs\native-receipts\ActualSelectedComplementAnalyticMoment\runtime-prebuild\local-native-123542\src\PvNP\RealizableHardness\ActualBinaryMatrixHC46A7WeightedPredecessor.lean:537:6: warning: This simp argument is unused:
  add_assoc

Hint: Omit it from the simp argument list.
  [apply] simp [K, Matrix.fromBlocks_multiply, hrPc, Matrix.mul_assoc, CharTwo.add_self_eq_zero,
    w6_matrix_add_self_eq_zero]

Note: This linter can be disabled with `set_option linter.unusedSimpArgs false`
C:\Users\Dan\Desktop\Projects\realizable-cmmsa-hardness\docs\native-receipts\ActualSelectedComplementAnalyticMoment\runtime-prebuild\local-native-123542\src\PvNP\RealizableHardness\ActualBinaryMatrixHC46A7WeightedPredecessor.lean:537:17: warning: This simp argument is unused:
  CharTwo.add_self_eq_zero

Hint: Omit it from the simp argument list.
  [apply] simp [K, Matrix.fromBlocks_multiply, hrPc, Matrix.mul_assoc, add_assoc, w6_matrix_add_self_eq_zero]

Note: This linter can be disabled with `set_option linter.unusedSimpArgs false`
C:\Users\Dan\Desktop\Projects\realizable-cmmsa-hardness\docs\native-receipts\ActualSelectedComplementAnalyticMoment\runtime-prebuild\local-native-123542\src\PvNP\RealizableHardness\ActualBinaryMatrixHC46A7WeightedPredecessor.lean:567:17: warning: This simp argument is unused:
  Matrix.mulVecLin_apply

Hint: Omit it from the simp argument list.
  [apply] simp [B, Matrix.fromBlocks_mulVec]

Note: This linter can be disabled with `set_option linter.unusedSimpArgs false`
C:\Users\Dan\Desktop\Projects\realizable-cmmsa-hardness\docs\native-receipts\ActualSelectedComplementAnalyticMoment\runtime-prebuild\local-native-123542\src\PvNP\RealizableHardness\ActualBinaryMatrixHC46A7WeightedPredecessor.lean:757:16: error(lean.unknownIdentifier): Unknown constant `Submodule.finrank_top`
C:\Users\Dan\Desktop\Projects\realizable-cmmsa-hardness\docs\native-receipts\ActualSelectedComplementAnalyticMoment\runtime-prebuild\local-native-123542\src\PvNP\RealizableHardness\ActualBinaryMatrixHC46A7WeightedPredecessor.lean:757:4: error: Type mismatch: After simplification, term
  Eq.symm hgrank
 has type
  l = Module.finrank F { x : Fin m → F // x ∈ g.range }
but is expected to have type
  l = Module.finrank F { x : ↥g.range // x ∈ ⊤ }
