⚠ [2202/2259] Replayed PvNP.RealizableHardness.BinaryMatrixFourier
warning: lean/PvNP/RealizableHardness/BinaryMatrixFourier.lean:126:8: `if_pos` has been deprecated: Use `ite_eq_left` instead
warning: lean/PvNP/RealizableHardness/BinaryMatrixFourier.lean:132:8: `if_neg` has been deprecated: Use `ite_eq_right` instead
⚠ [2204/2259] Replayed PvNP.RealizableHardness.BinaryMatrixHybridSelector
warning: lean/PvNP/RealizableHardness/BinaryMatrixHybridSelector.lean:71:8: `if_pos` has been deprecated: Use `ite_eq_left` instead
warning: lean/PvNP/RealizableHardness/BinaryMatrixHybridSelector.lean:90:8: `if_neg` has been deprecated: Use `ite_eq_right` instead
⚠ [2206/2259] Replayed PvNP.RealizableHardness.BinaryMatrixLineTranslation
warning: lean/PvNP/RealizableHardness/BinaryMatrixLineTranslation.lean:243:4: try 'simp' instead of 'simpa'

Note: This linter can be disabled with `set_option linter.unnecessarySimpa false`
warning: lean/PvNP/RealizableHardness/BinaryMatrixLineTranslation.lean:315:8: `if_neg` has been deprecated: Use `ite_eq_right` instead
warning: lean/PvNP/RealizableHardness/BinaryMatrixLineTranslation.lean:407:15: `if_neg` has been deprecated: Use `ite_eq_right` instead
warning: lean/PvNP/RealizableHardness/BinaryMatrixLineTranslation.lean:433:41: This simp argument is unused:
  s

Hint: Omit it from the simp argument list.
  [apply] simp [hs, hr]

Note: This linter can be disabled with `set_option linter.unusedSimpArgs false`
warning: lean/PvNP/RealizableHardness/BinaryMatrixLineTranslation.lean:555:15: `if_neg` has been deprecated: Use `ite_eq_right` instead
warning: lean/PvNP/RealizableHardness/BinaryMatrixLineTranslation.lean:592:57: This simp argument is unused:
  mul_assoc

Hint: Omit it from the simp argument list.
  [apply] simp [hr, hs]

Note: This linter can be disabled with `set_option linter.unusedSimpArgs false`
⚠ [2207/2259] Replayed PvNP.RealizableHardness.BinaryMatrixLineA14
warning: lean/PvNP/RealizableHardness/BinaryMatrixLineA14.lean:88:8: `if_pos` has been deprecated: Use `ite_eq_left` instead
warning: lean/PvNP/RealizableHardness/BinaryMatrixLineA14.lean:97:8: `if_neg` has been deprecated: Use `ite_eq_right` instead
⚠ [2283/2316] Replayed PvNP.RealizableHardness.BinaryMatrixA1TypedFourier
warning: lean/PvNP/RealizableHardness/BinaryMatrixA1TypedFourier.lean:198:8: `if_pos` has been deprecated: Use `ite_eq_left` instead
warning: lean/PvNP/RealizableHardness/BinaryMatrixA1TypedFourier.lean:204:8: `if_neg` has been deprecated: Use `ite_eq_right` instead
warning: lean/PvNP/RealizableHardness/BinaryMatrixA1TypedFourier.lean:236:8: `if_pos` has been deprecated: Use `ite_eq_left` instead
warning: lean/PvNP/RealizableHardness/BinaryMatrixA1TypedFourier.lean:242:8: `if_neg` has been deprecated: Use `ite_eq_right` instead
⚠ [2285/2316] Replayed PvNP.RealizableHardness.BinaryMatrixA1CoefficientTransfer
warning: lean/PvNP/RealizableHardness/BinaryMatrixA1CoefficientTransfer.lean:111:15: `if_pos` has been deprecated: Use `ite_eq_left` instead
⚠ [2286/2316] Replayed PvNP.RealizableHardness.BinaryMatrixA1Composition
warning: lean/PvNP/RealizableHardness/BinaryMatrixA1Composition.lean:40:15: `if_pos` has been deprecated: Use `ite_eq_left` instead
warning: lean/PvNP/RealizableHardness/BinaryMatrixA1Composition.lean:102:5: Variable name `hA` is not explicitly referenced.

Hint: The binding can be removed (if unused) or named `_` (if used implicitly). Alternatively, prefix the name with `_` to silence this warning:
  [apply] _hA

Note: This linter can be disabled with `set_option linter.unusedVariables false`
warning: lean/PvNP/RealizableHardness/BinaryMatrixA1Composition.lean:102:20: Variable name `hB` is not explicitly referenced.

Hint: The binding can be removed (if unused) or named `_` (if used implicitly). Alternatively, prefix the name with `_` to silence this warning:
  [apply] _hB

Note: This linter can be disabled with `set_option linter.unusedVariables false`
warning: lean/PvNP/RealizableHardness/BinaryMatrixA1Composition.lean:172:43: `if_pos` has been deprecated: Use `ite_eq_left` instead
⚠ [2289/2316] Replayed PvNP.RealizableHardness.BinaryMatrixComplexA15
warning: lean/PvNP/RealizableHardness/BinaryMatrixComplexA15.lean:35:4: Unused tactic linter: `change fibreEnergy R.fibre f ≤ ε` does nothing

Note: This linter can be disabled with `set_option linter.unusedTactic false`
warning: lean/PvNP/RealizableHardness/BinaryMatrixComplexA15.lean:46:2: Unused tactic linter: `change fibreEnergy Q.fibre f ≤ ε` does nothing

Note: This linter can be disabled with `set_option linter.unusedTactic false`
warning: lean/PvNP/RealizableHardness/BinaryMatrixComplexA15.lean:184:24: This simp argument is unused:
  zero_add

Hint: Omit it from the simp argument list.
  [apply] simp only [Complex.normSq_apply, Complex.sub_re, Complex.sub_im, Complex.mul_re, Complex.mul_im,
    Complex.ofReal_re, Complex.ofReal_im, zero_mul, sub_zero, mul_zero]

Note: This linter can be disabled with `set_option linter.unusedSimpArgs false`
warning: lean/PvNP/RealizableHardness/BinaryMatrixComplexA15.lean:184:34: This simp argument is unused:
  mul_zero

Hint: Omit it from the simp argument list.
  [apply] simp only [Complex.normSq_apply, Complex.sub_re, Complex.sub_im, Complex.mul_re, Complex.mul_im,
    Complex.ofReal_re, Complex.ofReal_im, zero_mul, sub_zero, zero_add]

Note: This linter can be disabled with `set_option linter.unusedSimpArgs false`
⚠ [2301/2316] Replayed PvNP.RealizableHardness.BinaryMatrixTypedA15HyperplaneGlobal
warning: lean/PvNP/RealizableHardness/BinaryMatrixTypedA15HyperplaneGlobal.lean:48:25: Variable name `hH` is not explicitly referenced.

Hint: The binding can be removed (if unused) or named `_` (if used implicitly). Alternatively, prefix the name with `_` to silence this warning:
  [apply] _hH

Note: This linter can be disabled with `set_option linter.unusedVariables false`
⚠ [2303/2316] Replayed PvNP.RealizableHardness.BinaryMatrixTypedA15HyperplaneReducedGlobal
warning: lean/PvNP/RealizableHardness/BinaryMatrixTypedA15HyperplaneReducedGlobal.lean:54:25: Variable name `hH` is not explicitly referenced.

Hint: The binding can be removed (if unused) or named `_` (if used implicitly). Alternatively, prefix the name with `_` to silence this warning:
  [apply] _hH

Note: This linter can be disabled with `set_option linter.unusedVariables false`
warning: lean/PvNP/RealizableHardness/BinaryMatrixTypedA15HyperplaneReducedGlobal.lean:64:25: Variable name `hH` is not explicitly referenced.

Hint: The binding can be removed (if unused) or named `_` (if used implicitly). Alternatively, prefix the name with `_` to silence this warning:
  [apply] _hH

Note: This linter can be disabled with `set_option linter.unusedVariables false`
warning: lean/PvNP/RealizableHardness/BinaryMatrixTypedA15HyperplaneReducedGlobal.lean:84:25: Variable name `hH` is not explicitly referenced.

Hint: The binding can be removed (if unused) or named `_` (if used implicitly). Alternatively, prefix the name with `_` to silence this warning:
  [apply] _hH

Note: This linter can be disabled with `set_option linter.unusedVariables false`
warning: lean/PvNP/RealizableHardness/BinaryMatrixTypedA15HyperplaneReducedGlobal.lean:98:25: Variable name `hH` is not explicitly referenced.

Hint: The binding can be removed (if unused) or named `_` (if used implicitly). Alternatively, prefix the name with `_` to silence this warning:
  [apply] _hH

Note: This linter can be disabled with `set_option linter.unusedVariables false`
warning: lean/PvNP/RealizableHardness/BinaryMatrixTypedA15HyperplaneReducedGlobal.lean:236:25: Variable name `hH` is not explicitly referenced.

Hint: The binding can be removed (if unused) or named `_` (if used implicitly). Alternatively, prefix the name with `_` to silence this warning:
  [apply] _hH

Note: This linter can be disabled with `set_option linter.unusedVariables false`
⚠ [2305/2316] Replayed PvNP.RealizableHardness.BinaryMatrixTypedA14HyperplaneReduced
warning: lean/PvNP/RealizableHardness/BinaryMatrixTypedA14HyperplaneReduced.lean:35:55: Variable name `hH` is not explicitly referenced.

Hint: The binding can be removed (if unused) or named `_` (if used implicitly). Alternatively, prefix the name with `_` to silence this warning:
  [apply] _hH

Note: This linter can be disabled with `set_option linter.unusedVariables false`
warning: lean/PvNP/RealizableHardness/BinaryMatrixTypedA14HyperplaneReduced.lean:119:55: Variable name `hH` is not explicitly referenced.

Hint: The binding can be removed (if unused) or named `_` (if used implicitly). Alternatively, prefix the name with `_` to silence this warning:
  [apply] _hH

Note: This linter can be disabled with `set_option linter.unusedVariables false`
⚠ [2307/2316] Replayed PvNP.RealizableHardness.BinaryMatrixA15BaseCase
warning: lean/PvNP/RealizableHardness/BinaryMatrixA15BaseCase.lean:31:4: Try this: 
  haveI̵

The goal is a proposition, so `have` is preferred over `haveI`.
The difference between `have` and `haveI` is that `haveI` inlines the value.
But this is not relevant for proofs because of proof irrelevance.

Note: This linter can be disabled with `set_option linter.style.haveILetI false`
⚠ [2312/2316] Replayed PvNP.RealizableHardness.BinaryMatrixTypedHyperplaneIntrinsicP
warning: lean/PvNP/RealizableHardness/BinaryMatrixTypedHyperplaneIntrinsicP.lean:138:35: This simp argument is unused:
  Module.Basis.dualBasis_equivFun

Hint: Omit it from the simp argument list.
  [apply] simp [hyperplaneMatrixEquiv, hyperplaneShiftVectorIndex, lineShift, lineFunctional]

Note: This linter can be disabled with `set_option linter.unusedSimpArgs false`
⚠ [2314/2316] Replayed PvNP.RealizableHardness.BinaryMatrixA15SelectedBridge
warning: lean/PvNP/RealizableHardness/BinaryMatrixA15SelectedBridge.lean:44:10: try 'simp' instead of 'simpa'

Note: This linter can be disabled with `set_option linter.unnecessarySimpa false`
warning: lean/PvNP/RealizableHardness/BinaryMatrixA15SelectedBridge.lean:50:10: try 'simp' instead of 'simpa'

Note: This linter can be disabled with `set_option linter.unnecessarySimpa false`
ℹ [2316/2316] Built PvNP.RealizableHardness.ActualTypedFourierEquivNaturalityChecks (1.9s)
info: lean/PvNP/RealizableHardness/ActualTypedFourierEquivNaturalityChecks.lean:5:0: PvNP.RealizableHardness.ActualTypedFourierEquivNaturality.mapReindexEquiv.{u_1, u_2, u_3, u_4} {D : Type u_1}
  {D' : Type u_2} {C : Type u_3} {C' : Type u_4} [AddCommGroup D]
  [Module PvNP.RealizableHardness.ActualTypedFourierEquivNaturality.F✝ D] [AddCommGroup D']
  [Module PvNP.RealizableHardness.ActualTypedFourierEquivNaturality.F✝ D'] [AddCommGroup C]
  [Module PvNP.RealizableHardness.ActualTypedFourierEquivNaturality.F✝ C] [AddCommGroup C']
  [Module PvNP.RealizableHardness.ActualTypedFourierEquivNaturality.F✝ C']
  (eD : D' ≃ₗ[PvNP.RealizableHardness.ActualTypedFourierEquivNaturality.F✝] D)
  (eC : C' ≃ₗ[PvNP.RealizableHardness.ActualTypedFourierEquivNaturality.F✝] C) :
  (D →ₗ[PvNP.RealizableHardness.ActualTypedFourierEquivNaturality.F✝]
      C) ≃ₗ[PvNP.RealizableHardness.ActualTypedFourierEquivNaturality.F✝]
    D' →ₗ[PvNP.RealizableHardness.ActualTypedFourierEquivNaturality.F✝] C'
info: lean/PvNP/RealizableHardness/ActualTypedFourierEquivNaturalityChecks.lean:6:0: PvNP.RealizableHardness.ActualTypedFourierEquivNaturality.frequencyReindexEquiv.{u_1, u_2, u_3, u_4} {D : Type u_1}
  {D' : Type u_2} {C : Type u_3} {C' : Type u_4} [AddCommGroup D]
  [Module PvNP.RealizableHardness.ActualTypedFourierEquivNaturality.F✝ D] [AddCommGroup D']
  [Module PvNP.RealizableHardness.ActualTypedFourierEquivNaturality.F✝ D'] [AddCommGroup C]
  [Module PvNP.RealizableHardness.ActualTypedFourierEquivNaturality.F✝ C] [AddCommGroup C']
  [Module PvNP.RealizableHardness.ActualTypedFourierEquivNaturality.F✝ C']
  (eD : D' ≃ₗ[PvNP.RealizableHardness.ActualTypedFourierEquivNaturality.F✝] D)
  (eC : C' ≃ₗ[PvNP.RealizableHardness.ActualTypedFourierEquivNaturality.F✝] C) :
  (C →ₗ[PvNP.RealizableHardness.ActualTypedFourierEquivNaturality.F✝]
      D) ≃ₗ[PvNP.RealizableHardness.ActualTypedFourierEquivNaturality.F✝]
    C' →ₗ[PvNP.RealizableHardness.ActualTypedFourierEquivNaturality.F✝] D'
info: lean/PvNP/RealizableHardness/ActualTypedFourierEquivNaturalityChecks.lean:7:0: PvNP.RealizableHardness.ActualTypedFourierEquivNaturality.tracePair_reindex.{u_1, u_2, u_3, u_4} {D : Type u_1}
  {D' : Type u_2} {C : Type u_3} {C' : Type u_4} [AddCommGroup D]
  [Module PvNP.RealizableHardness.ActualTypedFourierEquivNaturality.F✝ D]
  [Module.Finite PvNP.RealizableHardness.ActualTypedFourierEquivNaturality.F✝ D]
  [Module.Free PvNP.RealizableHardness.ActualTypedFourierEquivNaturality.F✝ D] [AddCommGroup D']
  [Module PvNP.RealizableHardness.ActualTypedFourierEquivNaturality.F✝ D']
  [Module.Finite PvNP.RealizableHardness.ActualTypedFourierEquivNaturality.F✝ D']
  [Module.Free PvNP.RealizableHardness.ActualTypedFourierEquivNaturality.F✝ D'] [AddCommGroup C]
  [Module PvNP.RealizableHardness.ActualTypedFourierEquivNaturality.F✝ C] [AddCommGroup C']
  [Module PvNP.RealizableHardness.ActualTypedFourierEquivNaturality.F✝ C']
  (eD : D' ≃ₗ[PvNP.RealizableHardness.ActualTypedFourierEquivNaturality.F✝] D)
  (eC : C' ≃ₗ[PvNP.RealizableHardness.ActualTypedFourierEquivNaturality.F✝] C)
  (Y : C →ₗ[PvNP.RealizableHardness.ActualTypedFourierEquivNaturality.F✝] D)
  (M : D →ₗ[PvNP.RealizableHardness.ActualTypedFourierEquivNaturality.F✝] C) :
  PvNP.RealizableHardness.BinaryMatrixA1Phase.tracePair ((frequencyReindexEquiv eD eC) Y) ((mapReindexEquiv eD eC) M) =
    PvNP.RealizableHardness.BinaryMatrixA1Phase.tracePair Y M
info: lean/PvNP/RealizableHardness/ActualTypedFourierEquivNaturalityChecks.lean:8:0: PvNP.RealizableHardness.ActualTypedFourierEquivNaturality.frequencyReindex_rank.{u_1, u_2, u_3, u_4} {D : Type u_1}
  {D' : Type u_2} {C : Type u_3} {C' : Type u_4} [AddCommGroup D]
  [Module PvNP.RealizableHardness.ActualTypedFourierEquivNaturality.F✝ D] [AddCommGroup D']
  [Module PvNP.RealizableHardness.ActualTypedFourierEquivNaturality.F✝ D'] [AddCommGroup C]
  [Module PvNP.RealizableHardness.ActualTypedFourierEquivNaturality.F✝ C] [AddCommGroup C']
  [Module PvNP.RealizableHardness.ActualTypedFourierEquivNaturality.F✝ C']
  (eD : D' ≃ₗ[PvNP.RealizableHardness.ActualTypedFourierEquivNaturality.F✝] D)
  (eC : C' ≃ₗ[PvNP.RealizableHardness.ActualTypedFourierEquivNaturality.F✝] C)
  (Y : C →ₗ[PvNP.RealizableHardness.ActualTypedFourierEquivNaturality.F✝] D) :
  Module.finrank PvNP.RealizableHardness.ActualTypedFourierEquivNaturality.F✝ ↥((frequencyReindexEquiv eD eC) Y).range =
    Module.finrank PvNP.RealizableHardness.ActualTypedFourierEquivNaturality.F✝ ↥Y.range
info: lean/PvNP/RealizableHardness/ActualTypedFourierEquivNaturalityChecks.lean:9:0: PvNP.RealizableHardness.ActualTypedFourierEquivNaturality.selected_reindex_mapped.{u_1, u_2, u_3, u_4} {D : Type u_1}
  {D' : Type u_2} {C : Type u_3} {C' : Type u_4} [AddCommGroup D]
  [Module PvNP.RealizableHardness.ActualTypedFourierEquivNaturality.F✝ D] [AddCommGroup D']
  [Module PvNP.RealizableHardness.ActualTypedFourierEquivNaturality.F✝ D'] [AddCommGroup C]
  [Module PvNP.RealizableHardness.ActualTypedFourierEquivNaturality.F✝ C] [AddCommGroup C']
  [Module PvNP.RealizableHardness.ActualTypedFourierEquivNaturality.F✝ C']
  (eD : D' ≃ₗ[PvNP.RealizableHardness.ActualTypedFourierEquivNaturality.F✝] D)
  (eC : C' ≃ₗ[PvNP.RealizableHardness.ActualTypedFourierEquivNaturality.F✝] C)
  (A : Submodule PvNP.RealizableHardness.ActualTypedFourierEquivNaturality.F✝ D)
  (B : Submodule PvNP.RealizableHardness.ActualTypedFourierEquivNaturality.F✝ C)
  (Y : C →ₗ[PvNP.RealizableHardness.ActualTypedFourierEquivNaturality.F✝] D) :
  PvNP.RealizableHardness.BinaryMatrixNestedSelectorA1.Selected (Submodule.map (↑eD.symm) A)
      (Submodule.map (↑eC.symm) B) ((frequencyReindexEquiv eD eC) Y) ↔
    PvNP.RealizableHardness.BinaryMatrixNestedSelectorA1.Selected A B Y
info: lean/PvNP/RealizableHardness/ActualTypedFourierEquivNaturalityChecks.lean:10:0: PvNP.RealizableHardness.ActualTypedFourierEquivNaturality.typedLineSelected_reindex_mapped {n d n' d' : ℕ}
  {A :
    Submodule PvNP.RealizableHardness.ActualTypedFourierEquivNaturality.F✝
      (PvNP.RealizableHardness.ActualTypedFourierEquivNaturality.V✝ d)}
  {A' :
    Submodule PvNP.RealizableHardness.ActualTypedFourierEquivNaturality.F✝
      (PvNP.RealizableHardness.ActualTypedFourierEquivNaturality.V✝ d')}
  (B :
    Submodule PvNP.RealizableHardness.ActualTypedFourierEquivNaturality.F✝
      (PvNP.RealizableHardness.ActualTypedFourierEquivNaturality.W✝ n))
  (B' :
    Submodule PvNP.RealizableHardness.ActualTypedFourierEquivNaturality.F✝
      (PvNP.RealizableHardness.ActualTypedFourierEquivNaturality.W✝ n'))
  (L :
    Submodule PvNP.RealizableHardness.ActualTypedFourierEquivNaturality.F✝
      (PvNP.RealizableHardness.ActualTypedFourierEquivNaturality.V✝ d ⧸ A))
  (hL : Module.finrank PvNP.RealizableHardness.ActualTypedFourierEquivNaturality.F✝ ↥L = 1)
  (eD :
    (PvNP.RealizableHardness.ActualTypedFourierEquivNaturality.V✝ d' ⧸
        A') ≃ₗ[PvNP.RealizableHardness.ActualTypedFourierEquivNaturality.F✝]
      PvNP.RealizableHardness.ActualTypedFourierEquivNaturality.V✝ d ⧸ A)
  (eB : ↥B' ≃ₗ[PvNP.RealizableHardness.ActualTypedFourierEquivNaturality.F✝] ↥B)
  (Y :
    ↥B →ₗ[PvNP.RealizableHardness.ActualTypedFourierEquivNaturality.F✝]
      PvNP.RealizableHardness.ActualTypedFourierEquivNaturality.V✝ d ⧸ A) :
  PvNP.RealizableHardness.BinaryMatrixTypedA14Line.typedLineSelected B' (Submodule.map (↑eD.symm) L) ⋯
      ((frequencyReindexEquiv eD eB) Y) ↔
    PvNP.RealizableHardness.BinaryMatrixTypedA14Line.typedLineSelected B L hL Y
info: lean/PvNP/RealizableHardness/ActualTypedFourierEquivNaturalityChecks.lean:11:0: PvNP.RealizableHardness.ActualTypedFourierEquivNaturality.typedComplexLineFilter_reindex_mapped {n d n' d' : ℕ}
  {A :
    Submodule PvNP.RealizableHardness.ActualTypedFourierEquivNaturality.F✝
      (PvNP.RealizableHardness.ActualTypedFourierEquivNaturality.V✝ d)}
  {A' :
    Submodule PvNP.RealizableHardness.ActualTypedFourierEquivNaturality.F✝
      (PvNP.RealizableHardness.ActualTypedFourierEquivNaturality.V✝ d')}
  (B :
    Submodule PvNP.RealizableHardness.ActualTypedFourierEquivNaturality.F✝
      (PvNP.RealizableHardness.ActualTypedFourierEquivNaturality.W✝ n))
  (B' :
    Submodule PvNP.RealizableHardness.ActualTypedFourierEquivNaturality.F✝
      (PvNP.RealizableHardness.ActualTypedFourierEquivNaturality.W✝ n'))
  (L :
    Submodule PvNP.RealizableHardness.ActualTypedFourierEquivNaturality.F✝
      (PvNP.RealizableHardness.ActualTypedFourierEquivNaturality.V✝ d ⧸ A))
  (hL : Module.finrank PvNP.RealizableHardness.ActualTypedFourierEquivNaturality.F✝ ↥L = 1)
  (eD :
    (PvNP.RealizableHardness.ActualTypedFourierEquivNaturality.V✝ d' ⧸
        A') ≃ₗ[PvNP.RealizableHardness.ActualTypedFourierEquivNaturality.F✝]
      PvNP.RealizableHardness.ActualTypedFourierEquivNaturality.V✝ d ⧸ A)
  (eB : ↥B' ≃ₗ[PvNP.RealizableHardness.ActualTypedFourierEquivNaturality.F✝] ↥B)
  (f :
    (PvNP.RealizableHardness.ActualTypedFourierEquivNaturality.V✝ d ⧸
          A →ₗ[PvNP.RealizableHardness.ActualTypedFourierEquivNaturality.F✝]
        ↥B) →
      ℂ)
  (M :
    PvNP.RealizableHardness.ActualTypedFourierEquivNaturality.V✝ d ⧸
        A →ₗ[PvNP.RealizableHardness.ActualTypedFourierEquivNaturality.F✝]
      ↥B) :
  PvNP.RealizableHardness.BinaryMatrixTypedA14Line.typedComplexLineFilter B' (Submodule.map (↑eD.symm) L) ⋯
      (fun M' => f ((mapReindexEquiv eD eB).symm M')) ((mapReindexEquiv eD eB) M) =
    PvNP.RealizableHardness.BinaryMatrixTypedA14Line.typedComplexLineFilter B L hL f M
info: lean/PvNP/RealizableHardness/ActualTypedFourierEquivNaturalityChecks.lean:12:0: PvNP.RealizableHardness.ActualTypedFourierEquivNaturality.nestedSelectedLineFilter_reindex {n d : ℕ}
  (A₂ A₁ :
    Submodule PvNP.RealizableHardness.ActualTypedFourierEquivNaturality.F✝
      (PvNP.RealizableHardness.ActualTypedFourierEquivNaturality.V✝ d))
  (B₁ B₂ :
    Submodule PvNP.RealizableHardness.ActualTypedFourierEquivNaturality.F✝
      (PvNP.RealizableHardness.ActualTypedFourierEquivNaturality.W✝ n))
  (hA : A₂ ≤ A₁) (hB : B₁ ≤ B₂)
  (L :
    Submodule PvNP.RealizableHardness.ActualTypedFourierEquivNaturality.F✝
      (PvNP.RealizableHardness.ActualTypedFourierEquivNaturality.V✝ d ⧸ A₁))
  (hL : Module.finrank PvNP.RealizableHardness.ActualTypedFourierEquivNaturality.F✝ ↥L = 1)
  (f :
    (PvNP.RealizableHardness.ActualTypedFourierEquivNaturality.V✝ d ⧸
          A₁ →ₗ[PvNP.RealizableHardness.ActualTypedFourierEquivNaturality.F✝]
        ↥B₁) →
      ℂ)
  (M :
    PvNP.RealizableHardness.ActualTypedFourierEquivNaturality.V✝ d ⧸
        A₁ →ₗ[PvNP.RealizableHardness.ActualTypedFourierEquivNaturality.F✝]
      ↥B₁) :
  Module.finrank PvNP.RealizableHardness.ActualTypedFourierEquivNaturality.F✝
        ↥(Submodule.map (↑(PvNP.RealizableHardness.BinaryMatrixA1NestedCarrier.nestedDomainEquiv A₂ A₁ hA).symm) L) =
      1 ∧
    complexLinearMapSelectedFilter
        (PvNP.RealizableHardness.BinaryMatrixNestedSelectorA1.Selected
          (Submodule.map (↑(PvNP.RealizableHardness.BinaryMatrixA1NestedCarrier.nestedDomainEquiv A₂ A₁ hA).symm) L) ⊤)
        (fun M' => f ((PvNP.RealizableHardness.BinaryMatrixA1NestedCarrier.nestedCarrierEquiv A₂ A₁ B₁ B₂ hA hB) M'))
        ((PvNP.RealizableHardness.BinaryMatrixA1NestedCarrier.nestedCarrierEquiv A₂ A₁ B₁ B₂ hA hB).symm M) =
      complexLinearMapSelectedFilter (PvNP.RealizableHardness.BinaryMatrixNestedSelectorA1.Selected L ⊤) f M
info: lean/PvNP/RealizableHardness/ActualTypedFourierEquivNaturalityChecks.lean:13:0: PvNP.RealizableHardness.ActualTypedFourierEquivNaturality.nestedUpdatedBaseTypedLineFilter {n d : ℕ}
  (A₂ A₁ :
    Submodule PvNP.RealizableHardness.ActualTypedFourierEquivNaturality.F✝
      (PvNP.RealizableHardness.ActualTypedFourierEquivNaturality.V✝ d))
  (B₁ B₂ :
    Submodule PvNP.RealizableHardness.ActualTypedFourierEquivNaturality.F✝
      (PvNP.RealizableHardness.ActualTypedFourierEquivNaturality.W✝ n))
  (hA : A₂ ≤ A₁) (hB : B₁ ≤ B₂)
  (L :
    Submodule PvNP.RealizableHardness.ActualTypedFourierEquivNaturality.F✝
      (PvNP.RealizableHardness.ActualTypedFourierEquivNaturality.V✝ d ⧸ A₁))
  (hL : Module.finrank PvNP.RealizableHardness.ActualTypedFourierEquivNaturality.F✝ ↥L = 1)
  (f :
    (PvNP.RealizableHardness.ActualTypedFourierEquivNaturality.V✝ d ⧸
          A₁ →ₗ[PvNP.RealizableHardness.ActualTypedFourierEquivNaturality.F✝]
        ↥B₁) →
      ℂ)
  (T :
    PvNP.RealizableHardness.ActualTypedFourierEquivNaturality.V✝ d ⧸
        A₁ →ₗ[PvNP.RealizableHardness.ActualTypedFourierEquivNaturality.F✝]
      ↥B₁)
  (N :
    (PvNP.RealizableHardness.ActualTypedFourierEquivNaturality.V✝ d ⧸ A₁) ⧸
        L →ₗ[PvNP.RealizableHardness.ActualTypedFourierEquivNaturality.F✝]
      ↥B₁) :
  complexLinearMapSelectedFilter
      (PvNP.RealizableHardness.BinaryMatrixNestedSelectorA1.Selected
        (Submodule.map (↑(PvNP.RealizableHardness.BinaryMatrixA1NestedCarrier.nestedDomainEquiv A₂ A₁ hA).symm) L) ⊤)
      (fun M' => f ((PvNP.RealizableHardness.BinaryMatrixA1NestedCarrier.nestedCarrierEquiv A₂ A₁ B₁ B₂ hA hB) M'))
      ((PvNP.RealizableHardness.BinaryMatrixA1NestedCarrier.nestedCarrierEquiv A₂ A₁ B₁ B₂ hA hB).symm
        (T + N ∘ₗ L.mkQ)) =
    complexLinearMapSelectedFilter (PvNP.RealizableHardness.BinaryMatrixNestedSelectorA1.Selected L ⊤) f
      (T + N ∘ₗ L.mkQ)
info: lean/PvNP/RealizableHardness/ActualTypedFourierEquivNaturalityChecks.lean:14:0: PvNP.RealizableHardness.ActualTypedFourierEquivNaturality.nestedUpdatedBaseTypedA14 {n d j : ℕ}
  (A₂ A₁ :
    Submodule PvNP.RealizableHardness.ActualTypedFourierEquivNaturality.F✝
      (PvNP.RealizableHardness.ActualTypedFourierEquivNaturality.V✝ d))
  (B₁ B₂ :
    Submodule PvNP.RealizableHardness.ActualTypedFourierEquivNaturality.F✝
      (PvNP.RealizableHardness.ActualTypedFourierEquivNaturality.W✝ n))
  (hA : A₂ ≤ A₁) (hB : B₁ ≤ B₂)
  (L :
    Submodule PvNP.RealizableHardness.ActualTypedFourierEquivNaturality.F✝
      (PvNP.RealizableHardness.ActualTypedFourierEquivNaturality.V✝ d ⧸ A₁))
  (hL : Module.finrank PvNP.RealizableHardness.ActualTypedFourierEquivNaturality.F✝ ↥L = 1)
  (f :
    (PvNP.RealizableHardness.ActualTypedFourierEquivNaturality.V✝ d ⧸
          A₁ →ₗ[PvNP.RealizableHardness.ActualTypedFourierEquivNaturality.F✝]
        ↥B₁) →
      ℂ)
  (T :
    PvNP.RealizableHardness.ActualTypedFourierEquivNaturality.V✝ d ⧸
        A₁ →ₗ[PvNP.RealizableHardness.ActualTypedFourierEquivNaturality.F✝]
      ↥B₁)
  (N :
    (PvNP.RealizableHardness.ActualTypedFourierEquivNaturality.V✝ d ⧸ A₁) ⧸
        L →ₗ[PvNP.RealizableHardness.ActualTypedFourierEquivNaturality.F✝]
      ↥B₁) :
  PvNP.RealizableHardness.BinaryMatrixTypedA14Reduced.reducedComplexRankProjection B₁ L j
      (PvNP.RealizableHardness.BinaryMatrixTypedA15ReducedGlobal.typedLineReducedWitness B₁ L hL T f) N =
    complexLinearMapSelectedFilter
      (PvNP.RealizableHardness.BinaryMatrixNestedSelectorA1.Selected
        (Submodule.map (↑(PvNP.RealizableHardness.BinaryMatrixA1NestedCarrier.nestedDomainEquiv A₂ A₁ hA).symm) L) ⊤)
      (fun M' =>
        PvNP.RealizableHardness.BinaryMatrixTypedA14Line.typedComplexRankProjection A₁ B₁ (j + 1) f
          ((PvNP.RealizableHardness.BinaryMatrixA1NestedCarrier.nestedCarrierEquiv A₂ A₁ B₁ B₂ hA hB) M'))
      ((PvNP.RealizableHardness.BinaryMatrixA1NestedCarrier.nestedCarrierEquiv A₂ A₁ B₁ B₂ hA hB).symm (T + N ∘ₗ L.mkQ))
info: lean/PvNP/RealizableHardness/ActualTypedFourierEquivNaturalityChecks.lean:15:0: PvNP.RealizableHardness.ActualTypedFourierEquivNaturality.complexLinearMapFourierCoeff_reindex.{u_1, u_2, u_3, u_4}
  {D : Type u_1} {D' : Type u_2} {C : Type u_3} {C' : Type u_4} [AddCommGroup D]
  [Module PvNP.RealizableHardness.ActualTypedFourierEquivNaturality.F✝ D]
  [Module.Finite PvNP.RealizableHardness.ActualTypedFourierEquivNaturality.F✝ D]
  [Module.Free PvNP.RealizableHardness.ActualTypedFourierEquivNaturality.F✝ D] [AddCommGroup D']
  [Module PvNP.RealizableHardness.ActualTypedFourierEquivNaturality.F✝ D']
  [Module.Finite PvNP.RealizableHardness.ActualTypedFourierEquivNaturality.F✝ D']
  [Module.Free PvNP.RealizableHardness.ActualTypedFourierEquivNaturality.F✝ D'] [AddCommGroup C]
  [Module PvNP.RealizableHardness.ActualTypedFourierEquivNaturality.F✝ C] [AddCommGroup C']
  [Module PvNP.RealizableHardness.ActualTypedFourierEquivNaturality.F✝ C']
  [Fintype (D →ₗ[PvNP.RealizableHardness.ActualTypedFourierEquivNaturality.F✝] C)]
  [Fintype (C →ₗ[PvNP.RealizableHardness.ActualTypedFourierEquivNaturality.F✝] D)]
  [Fintype (D' →ₗ[PvNP.RealizableHardness.ActualTypedFourierEquivNaturality.F✝] C')]
  [Fintype (C' →ₗ[PvNP.RealizableHardness.ActualTypedFourierEquivNaturality.F✝] D')]
  (eD : D' ≃ₗ[PvNP.RealizableHardness.ActualTypedFourierEquivNaturality.F✝] D)
  (eC : C' ≃ₗ[PvNP.RealizableHardness.ActualTypedFourierEquivNaturality.F✝] C)
  (f : (D →ₗ[PvNP.RealizableHardness.ActualTypedFourierEquivNaturality.F✝] C) → ℂ)
  (Y : C →ₗ[PvNP.RealizableHardness.ActualTypedFourierEquivNaturality.F✝] D) :
  complexLinearMapFourierCoeff (fun M' => f ((mapReindexEquiv eD eC).symm M')) ((frequencyReindexEquiv eD eC) Y) =
    complexLinearMapFourierCoeff f Y
info: lean/PvNP/RealizableHardness/ActualTypedFourierEquivNaturalityChecks.lean:16:0: PvNP.RealizableHardness.ActualTypedFourierEquivNaturality.complexLinearMapRankProjection_reindex.{u_1, u_2, u_3, u_4}
  {D : Type u_1} {D' : Type u_2} {C : Type u_3} {C' : Type u_4} [AddCommGroup D]
  [Module PvNP.RealizableHardness.ActualTypedFourierEquivNaturality.F✝ D]
  [Module.Finite PvNP.RealizableHardness.ActualTypedFourierEquivNaturality.F✝ D]
  [Module.Free PvNP.RealizableHardness.ActualTypedFourierEquivNaturality.F✝ D] [AddCommGroup D']
  [Module PvNP.RealizableHardness.ActualTypedFourierEquivNaturality.F✝ D']
  [Module.Finite PvNP.RealizableHardness.ActualTypedFourierEquivNaturality.F✝ D']
  [Module.Free PvNP.RealizableHardness.ActualTypedFourierEquivNaturality.F✝ D'] [AddCommGroup C]
  [Module PvNP.RealizableHardness.ActualTypedFourierEquivNaturality.F✝ C] [AddCommGroup C']
  [Module PvNP.RealizableHardness.ActualTypedFourierEquivNaturality.F✝ C']
  [Fintype (D →ₗ[PvNP.RealizableHardness.ActualTypedFourierEquivNaturality.F✝] C)]
  [Fintype (C →ₗ[PvNP.RealizableHardness.ActualTypedFourierEquivNaturality.F✝] D)]
  [Fintype (D' →ₗ[PvNP.RealizableHardness.ActualTypedFourierEquivNaturality.F✝] C')]
  [Fintype (C' →ₗ[PvNP.RealizableHardness.ActualTypedFourierEquivNaturality.F✝] D')]
  (eD : D' ≃ₗ[PvNP.RealizableHardness.ActualTypedFourierEquivNaturality.F✝] D)
  (eC : C' ≃ₗ[PvNP.RealizableHardness.ActualTypedFourierEquivNaturality.F✝] C) (j : ℕ)
  (f : (D →ₗ[PvNP.RealizableHardness.ActualTypedFourierEquivNaturality.F✝] C) → ℂ)
  (M : D →ₗ[PvNP.RealizableHardness.ActualTypedFourierEquivNaturality.F✝] C) :
  complexLinearMapRankProjection j (fun M' => f ((mapReindexEquiv eD eC).symm M')) ((mapReindexEquiv eD eC) M) =
    complexLinearMapRankProjection j f M
info: lean/PvNP/RealizableHardness/ActualTypedFourierEquivNaturalityChecks.lean:17:0: PvNP.RealizableHardness.ActualTypedFourierEquivNaturality.nestedCarrierFourierCoeff {n d : ℕ}
  (A₂ A₁ :
    Submodule PvNP.RealizableHardness.ActualTypedFourierEquivNaturality.F✝
      (PvNP.RealizableHardness.ActualTypedFourierEquivNaturality.V✝ d))
  (B₁ B₂ :
    Submodule PvNP.RealizableHardness.ActualTypedFourierEquivNaturality.F✝
      (PvNP.RealizableHardness.ActualTypedFourierEquivNaturality.W✝ n))
  (hA : A₂ ≤ A₁) (hB : B₁ ≤ B₂)
  (f :
    (PvNP.RealizableHardness.ActualTypedFourierEquivNaturality.NestedDomain✝ A₂
          A₁ →ₗ[PvNP.RealizableHardness.ActualTypedFourierEquivNaturality.F✝]
        ↥(PvNP.RealizableHardness.ActualTypedFourierEquivNaturality.NestedCodomain✝ B₁ B₂)) →
      ℂ)
  (Y :
    ↥(PvNP.RealizableHardness.ActualTypedFourierEquivNaturality.NestedCodomain✝ B₁
          B₂) →ₗ[PvNP.RealizableHardness.ActualTypedFourierEquivNaturality.F✝]
      PvNP.RealizableHardness.ActualTypedFourierEquivNaturality.NestedDomain✝ A₂ A₁) :
  complexLinearMapFourierCoeff
      (fun M' => f ((PvNP.RealizableHardness.BinaryMatrixA1NestedCarrier.nestedCarrierEquiv A₂ A₁ B₁ B₂ hA hB).symm M'))
      ((frequencyReindexEquiv (PvNP.RealizableHardness.BinaryMatrixA1NestedCarrier.nestedDomainEquiv A₂ A₁ hA).symm
          (PvNP.RealizableHardness.BinaryMatrixA1NestedCarrier.nestedCodomainEquiv B₁ B₂ hB).symm)
        Y) =
    complexLinearMapFourierCoeff f Y
info: lean/PvNP/RealizableHardness/ActualTypedFourierEquivNaturalityChecks.lean:18:0: PvNP.RealizableHardness.ActualTypedFourierEquivNaturality.nestedCarrierRankProjection {n d j : ℕ}
  (A₂ A₁ :
    Submodule PvNP.RealizableHardness.ActualTypedFourierEquivNaturality.F✝
      (PvNP.RealizableHardness.ActualTypedFourierEquivNaturality.V✝ d))
  (B₁ B₂ :
    Submodule PvNP.RealizableHardness.ActualTypedFourierEquivNaturality.F✝
      (PvNP.RealizableHardness.ActualTypedFourierEquivNaturality.W✝ n))
  (hA : A₂ ≤ A₁) (hB : B₁ ≤ B₂)
  (f :
    (PvNP.RealizableHardness.ActualTypedFourierEquivNaturality.NestedDomain✝ A₂
          A₁ →ₗ[PvNP.RealizableHardness.ActualTypedFourierEquivNaturality.F✝]
        ↥(PvNP.RealizableHardness.ActualTypedFourierEquivNaturality.NestedCodomain✝ B₁ B₂)) →
      ℂ)
  (M :
    PvNP.RealizableHardness.ActualTypedFourierEquivNaturality.NestedDomain✝ A₂
        A₁ →ₗ[PvNP.RealizableHardness.ActualTypedFourierEquivNaturality.F✝]
      ↥(PvNP.RealizableHardness.ActualTypedFourierEquivNaturality.NestedCodomain✝ B₁ B₂)) :
  complexLinearMapRankProjection j
      (fun M' => f ((PvNP.RealizableHardness.BinaryMatrixA1NestedCarrier.nestedCarrierEquiv A₂ A₁ B₁ B₂ hA hB).symm M'))
      ((PvNP.RealizableHardness.BinaryMatrixA1NestedCarrier.nestedCarrierEquiv A₂ A₁ B₁ B₂ hA hB) M) =
    complexLinearMapRankProjection j f M
info: lean/PvNP/RealizableHardness/ActualTypedFourierEquivNaturalityChecks.lean:19:0: PvNP.RealizableHardness.ActualTypedFourierEquivNaturality.complexCarrierFourierCoeff_reindex {n d n' d' : ℕ}
  (A :
    Submodule PvNP.RealizableHardness.ActualTypedFourierEquivNaturality.F✝
      (PvNP.RealizableHardness.ActualTypedFourierEquivNaturality.V✝ d))
  (A' :
    Submodule PvNP.RealizableHardness.ActualTypedFourierEquivNaturality.F✝
      (PvNP.RealizableHardness.ActualTypedFourierEquivNaturality.V✝ d'))
  (B :
    Submodule PvNP.RealizableHardness.ActualTypedFourierEquivNaturality.F✝
      (PvNP.RealizableHardness.ActualTypedFourierEquivNaturality.W✝ n))
  (B' :
    Submodule PvNP.RealizableHardness.ActualTypedFourierEquivNaturality.F✝
      (PvNP.RealizableHardness.ActualTypedFourierEquivNaturality.W✝ n'))
  (eD :
    (PvNP.RealizableHardness.ActualTypedFourierEquivNaturality.V✝ d' ⧸
        A') ≃ₗ[PvNP.RealizableHardness.ActualTypedFourierEquivNaturality.F✝]
      PvNP.RealizableHardness.ActualTypedFourierEquivNaturality.V✝ d ⧸ A)
  (eC : ↥B' ≃ₗ[PvNP.RealizableHardness.ActualTypedFourierEquivNaturality.F✝] ↥B)
  (f :
    (PvNP.RealizableHardness.ActualTypedFourierEquivNaturality.V✝ d ⧸
          A →ₗ[PvNP.RealizableHardness.ActualTypedFourierEquivNaturality.F✝]
        ↥B) →
      ℂ)
  (Y :
    ↥B →ₗ[PvNP.RealizableHardness.ActualTypedFourierEquivNaturality.F✝]
      PvNP.RealizableHardness.ActualTypedFourierEquivNaturality.V✝ d ⧸ A) :
  PvNP.RealizableHardness.BinaryMatrixA1Complex.complexCarrierFourierCoeff A' B'
      (fun M' => f ((mapReindexEquiv eD eC).symm M')) ((frequencyReindexEquiv eD eC) Y) =
    PvNP.RealizableHardness.BinaryMatrixA1Complex.complexCarrierFourierCoeff A B f Y
info: lean/PvNP/RealizableHardness/ActualTypedFourierEquivNaturalityChecks.lean:20:0: 'PvNP.RealizableHardness.ActualTypedFourierEquivNaturality.nestedCarrierFourierCoeff' depends on axioms: [propext,
 Classical.choice,
 Quot.sound]
info: lean/PvNP/RealizableHardness/ActualTypedFourierEquivNaturalityChecks.lean:21:0: 'PvNP.RealizableHardness.ActualTypedFourierEquivNaturality.nestedCarrierRankProjection' depends on axioms: [propext,
 Classical.choice,
 Quot.sound]
info: lean/PvNP/RealizableHardness/ActualTypedFourierEquivNaturalityChecks.lean:22:0: 'PvNP.RealizableHardness.ActualTypedFourierEquivNaturality.complexCarrierFourierCoeff_reindex' depends on axioms: [propext,
 Classical.choice,
 Quot.sound]
info: lean/PvNP/RealizableHardness/ActualTypedFourierEquivNaturalityChecks.lean:23:0: 'PvNP.RealizableHardness.ActualTypedFourierEquivNaturality.selected_reindex_mapped' depends on axioms: [propext,
 Classical.choice,
 Quot.sound]
info: lean/PvNP/RealizableHardness/ActualTypedFourierEquivNaturalityChecks.lean:24:0: 'PvNP.RealizableHardness.ActualTypedFourierEquivNaturality.typedLineSelected_reindex_mapped' depends on axioms: [propext,
 Classical.choice,
 Quot.sound]
info: lean/PvNP/RealizableHardness/ActualTypedFourierEquivNaturalityChecks.lean:25:0: 'PvNP.RealizableHardness.ActualTypedFourierEquivNaturality.typedComplexLineFilter_reindex_mapped' depends on axioms: [propext,
 Classical.choice,
 Quot.sound]
info: lean/PvNP/RealizableHardness/ActualTypedFourierEquivNaturalityChecks.lean:26:0: 'PvNP.RealizableHardness.ActualTypedFourierEquivNaturality.nestedSelectedLineFilter_reindex' depends on axioms: [propext,
 Classical.choice,
 Quot.sound]
info: lean/PvNP/RealizableHardness/ActualTypedFourierEquivNaturalityChecks.lean:27:0: 'PvNP.RealizableHardness.ActualTypedFourierEquivNaturality.nestedUpdatedBaseTypedLineFilter' depends on axioms: [propext,
 Classical.choice,
 Quot.sound]
info: lean/PvNP/RealizableHardness/ActualTypedFourierEquivNaturalityChecks.lean:28:0: 'PvNP.RealizableHardness.ActualTypedFourierEquivNaturality.nestedUpdatedBaseTypedA14' depends on axioms: [propext,
 Classical.choice,
 Quot.sound]
Build completed successfully (2316 jobs).
