⚠ [2202/2254] Replayed PvNP.RealizableHardness.BinaryMatrixFourier
warning: lean/PvNP/RealizableHardness/BinaryMatrixFourier.lean:126:8: `if_pos` has been deprecated: Use `ite_eq_left` instead
warning: lean/PvNP/RealizableHardness/BinaryMatrixFourier.lean:132:8: `if_neg` has been deprecated: Use `ite_eq_right` instead
⚠ [2204/2254] Replayed PvNP.RealizableHardness.BinaryMatrixHybridSelector
warning: lean/PvNP/RealizableHardness/BinaryMatrixHybridSelector.lean:71:8: `if_pos` has been deprecated: Use `ite_eq_left` instead
warning: lean/PvNP/RealizableHardness/BinaryMatrixHybridSelector.lean:90:8: `if_neg` has been deprecated: Use `ite_eq_right` instead
⚠ [2206/2254] Replayed PvNP.RealizableHardness.BinaryMatrixLineTranslation
warning: lean/PvNP/RealizableHardness/BinaryMatrixLineTranslation.lean:243:4: try 'simp' instead of 'simpa'

Note: This linter can be disabled with `set_option linter.unnecessarySimpa false`
warning: lean/PvNP/RealizableHardness/BinaryMatrixLineTranslation.lean:315:8: `if_neg` has been deprecated: Use `ite_eq_right` instead
warning: lean/PvNP/RealizableHardness/BinaryMatrixLineTranslation.lean:407:15: `if_neg` has been deprecated: Use `ite_eq_right` instead
warning: lean/PvNP/RealizableHardness/BinaryMatrixLineTranslation.lean:433:41: This simp argument is unused:
  s

Hint: Omit it from the simp argument list.
  [apply] simp [hs, hr]

Note: This linter can be disabled with `set_option linter.unusedSimpArgs false`
warning: lean/PvNP/RealizableHardness/BinaryMatrixLineTranslation.lean:555:15: `if_neg` has been deprecated: Use `ite_eq_right` instead
warning: lean/PvNP/RealizableHardness/BinaryMatrixLineTranslation.lean:592:57: This simp argument is unused:
  mul_assoc

Hint: Omit it from the simp argument list.
  [apply] simp [hr, hs]

Note: This linter can be disabled with `set_option linter.unusedSimpArgs false`
⚠ [2207/2254] Replayed PvNP.RealizableHardness.BinaryMatrixLineA14
warning: lean/PvNP/RealizableHardness/BinaryMatrixLineA14.lean:88:8: `if_pos` has been deprecated: Use `ite_eq_left` instead
warning: lean/PvNP/RealizableHardness/BinaryMatrixLineA14.lean:97:8: `if_neg` has been deprecated: Use `ite_eq_right` instead
⚠ [2283/2316] Replayed PvNP.RealizableHardness.BinaryMatrixA1TypedFourier
warning: lean/PvNP/RealizableHardness/BinaryMatrixA1TypedFourier.lean:198:8: `if_pos` has been deprecated: Use `ite_eq_left` instead
warning: lean/PvNP/RealizableHardness/BinaryMatrixA1TypedFourier.lean:204:8: `if_neg` has been deprecated: Use `ite_eq_right` instead
warning: lean/PvNP/RealizableHardness/BinaryMatrixA1TypedFourier.lean:236:8: `if_pos` has been deprecated: Use `ite_eq_left` instead
warning: lean/PvNP/RealizableHardness/BinaryMatrixA1TypedFourier.lean:242:8: `if_neg` has been deprecated: Use `ite_eq_right` instead
⚠ [2285/2316] Replayed PvNP.RealizableHardness.BinaryMatrixA1CoefficientTransfer
warning: lean/PvNP/RealizableHardness/BinaryMatrixA1CoefficientTransfer.lean:111:15: `if_pos` has been deprecated: Use `ite_eq_left` instead
⚠ [2286/2316] Replayed PvNP.RealizableHardness.BinaryMatrixA1Composition
warning: lean/PvNP/RealizableHardness/BinaryMatrixA1Composition.lean:40:15: `if_pos` has been deprecated: Use `ite_eq_left` instead
warning: lean/PvNP/RealizableHardness/BinaryMatrixA1Composition.lean:102:5: Variable name `hA` is not explicitly referenced.

Hint: The binding can be removed (if unused) or named `_` (if used implicitly). Alternatively, prefix the name with `_` to silence this warning:
  [apply] _hA

Note: This linter can be disabled with `set_option linter.unusedVariables false`
warning: lean/PvNP/RealizableHardness/BinaryMatrixA1Composition.lean:102:20: Variable name `hB` is not explicitly referenced.

Hint: The binding can be removed (if unused) or named `_` (if used implicitly). Alternatively, prefix the name with `_` to silence this warning:
  [apply] _hB

Note: This linter can be disabled with `set_option linter.unusedVariables false`
warning: lean/PvNP/RealizableHardness/BinaryMatrixA1Composition.lean:172:43: `if_pos` has been deprecated: Use `ite_eq_left` instead
⚠ [2289/2316] Replayed PvNP.RealizableHardness.BinaryMatrixComplexA15
warning: lean/PvNP/RealizableHardness/BinaryMatrixComplexA15.lean:35:4: Unused tactic linter: `change fibreEnergy R.fibre f ≤ ε` does nothing

Note: This linter can be disabled with `set_option linter.unusedTactic false`
warning: lean/PvNP/RealizableHardness/BinaryMatrixComplexA15.lean:46:2: Unused tactic linter: `change fibreEnergy Q.fibre f ≤ ε` does nothing

Note: This linter can be disabled with `set_option linter.unusedTactic false`
warning: lean/PvNP/RealizableHardness/BinaryMatrixComplexA15.lean:184:24: This simp argument is unused:
  zero_add

Hint: Omit it from the simp argument list.
  [apply] simp only [Complex.normSq_apply, Complex.sub_re, Complex.sub_im, Complex.mul_re, Complex.mul_im,
    Complex.ofReal_re, Complex.ofReal_im, zero_mul, sub_zero, mul_zero]

Note: This linter can be disabled with `set_option linter.unusedSimpArgs false`
warning: lean/PvNP/RealizableHardness/BinaryMatrixComplexA15.lean:184:34: This simp argument is unused:
  mul_zero

Hint: Omit it from the simp argument list.
  [apply] simp only [Complex.normSq_apply, Complex.sub_re, Complex.sub_im, Complex.mul_re, Complex.mul_im,
    Complex.ofReal_re, Complex.ofReal_im, zero_mul, sub_zero, zero_add]

Note: This linter can be disabled with `set_option linter.unusedSimpArgs false`
⚠ [2301/2316] Replayed PvNP.RealizableHardness.BinaryMatrixTypedA15HyperplaneGlobal
warning: lean/PvNP/RealizableHardness/BinaryMatrixTypedA15HyperplaneGlobal.lean:48:25: Variable name `hH` is not explicitly referenced.

Hint: The binding can be removed (if unused) or named `_` (if used implicitly). Alternatively, prefix the name with `_` to silence this warning:
  [apply] _hH

Note: This linter can be disabled with `set_option linter.unusedVariables false`
⚠ [2303/2316] Replayed PvNP.RealizableHardness.BinaryMatrixTypedA15HyperplaneReducedGlobal
warning: lean/PvNP/RealizableHardness/BinaryMatrixTypedA15HyperplaneReducedGlobal.lean:54:25: Variable name `hH` is not explicitly referenced.

Hint: The binding can be removed (if unused) or named `_` (if used implicitly). Alternatively, prefix the name with `_` to silence this warning:
  [apply] _hH

Note: This linter can be disabled with `set_option linter.unusedVariables false`
warning: lean/PvNP/RealizableHardness/BinaryMatrixTypedA15HyperplaneReducedGlobal.lean:64:25: Variable name `hH` is not explicitly referenced.

Hint: The binding can be removed (if unused) or named `_` (if used implicitly). Alternatively, prefix the name with `_` to silence this warning:
  [apply] _hH

Note: This linter can be disabled with `set_option linter.unusedVariables false`
warning: lean/PvNP/RealizableHardness/BinaryMatrixTypedA15HyperplaneReducedGlobal.lean:84:25: Variable name `hH` is not explicitly referenced.

Hint: The binding can be removed (if unused) or named `_` (if used implicitly). Alternatively, prefix the name with `_` to silence this warning:
  [apply] _hH

Note: This linter can be disabled with `set_option linter.unusedVariables false`
warning: lean/PvNP/RealizableHardness/BinaryMatrixTypedA15HyperplaneReducedGlobal.lean:98:25: Variable name `hH` is not explicitly referenced.

Hint: The binding can be removed (if unused) or named `_` (if used implicitly). Alternatively, prefix the name with `_` to silence this warning:
  [apply] _hH

Note: This linter can be disabled with `set_option linter.unusedVariables false`
warning: lean/PvNP/RealizableHardness/BinaryMatrixTypedA15HyperplaneReducedGlobal.lean:236:25: Variable name `hH` is not explicitly referenced.

Hint: The binding can be removed (if unused) or named `_` (if used implicitly). Alternatively, prefix the name with `_` to silence this warning:
  [apply] _hH

Note: This linter can be disabled with `set_option linter.unusedVariables false`
⚠ [2305/2316] Replayed PvNP.RealizableHardness.BinaryMatrixTypedA14HyperplaneReduced
warning: lean/PvNP/RealizableHardness/BinaryMatrixTypedA14HyperplaneReduced.lean:35:55: Variable name `hH` is not explicitly referenced.

Hint: The binding can be removed (if unused) or named `_` (if used implicitly). Alternatively, prefix the name with `_` to silence this warning:
  [apply] _hH

Note: This linter can be disabled with `set_option linter.unusedVariables false`
warning: lean/PvNP/RealizableHardness/BinaryMatrixTypedA14HyperplaneReduced.lean:119:55: Variable name `hH` is not explicitly referenced.

Hint: The binding can be removed (if unused) or named `_` (if used implicitly). Alternatively, prefix the name with `_` to silence this warning:
  [apply] _hH

Note: This linter can be disabled with `set_option linter.unusedVariables false`
⚠ [2307/2316] Replayed PvNP.RealizableHardness.BinaryMatrixA15BaseCase
warning: lean/PvNP/RealizableHardness/BinaryMatrixA15BaseCase.lean:31:4: Try this: 
  haveI̵

The goal is a proposition, so `have` is preferred over `haveI`.
The difference between `have` and `haveI` is that `haveI` inlines the value.
But this is not relevant for proofs because of proof irrelevance.

Note: This linter can be disabled with `set_option linter.style.haveILetI false`
⚠ [2312/2316] Replayed PvNP.RealizableHardness.BinaryMatrixTypedHyperplaneIntrinsicP
warning: lean/PvNP/RealizableHardness/BinaryMatrixTypedHyperplaneIntrinsicP.lean:138:35: This simp argument is unused:
  Module.Basis.dualBasis_equivFun

Hint: Omit it from the simp argument list.
  [apply] simp [hyperplaneMatrixEquiv, hyperplaneShiftVectorIndex, lineShift, lineFunctional]

Note: This linter can be disabled with `set_option linter.unusedSimpArgs false`
⚠ [2314/2316] Replayed PvNP.RealizableHardness.BinaryMatrixA15SelectedBridge
warning: lean/PvNP/RealizableHardness/BinaryMatrixA15SelectedBridge.lean:44:10: try 'simp' instead of 'simpa'

Note: This linter can be disabled with `set_option linter.unnecessarySimpa false`
warning: lean/PvNP/RealizableHardness/BinaryMatrixA15SelectedBridge.lean:50:10: try 'simp' instead of 'simpa'

Note: This linter can be disabled with `set_option linter.unnecessarySimpa false`
✖ [2316/2316] Building PvNP.RealizableHardness.ActualTypedIntrinsicWitnessNaturality (7.7s)
trace: .> LEAN_PATH=/home/dfredriksen_quantyra_org/cmmsa_analytic_20260930T040837Z/.lake/packages/Cli/.lake/build/lib/lean:/home/dfredriksen_quantyra_org/cmmsa_analytic_20260930T040837Z/.lake/packages/batteries/.lake/build/lib/lean:/home/dfredriksen_quantyra_org/cmmsa_analytic_20260930T040837Z/.lake/packages/Qq/.lake/build/lib/lean:/home/dfredriksen_quantyra_org/cmmsa_analytic_20260930T040837Z/.lake/packages/aesop/.lake/build/lib/lean:/home/dfredriksen_quantyra_org/cmmsa_analytic_20260930T040837Z/.lake/packages/proofwidgets/.lake/build/lib/lean:/home/dfredriksen_quantyra_org/cmmsa_analytic_20260930T040837Z/.lake/packages/importGraph/.lake/build/lib/lean:/home/dfredriksen_quantyra_org/cmmsa_analytic_20260930T040837Z/.lake/packages/LeanSearchClient/.lake/build/lib/lean:/home/dfredriksen_quantyra_org/cmmsa_analytic_20260930T040837Z/.lake/packages/plausible/.lake/build/lib/lean:/home/dfredriksen_quantyra_org/cmmsa_analytic_20260930T040837Z/.lake/packages/complexitylib/.lake/build/lib/lean:/home/dfredriksen_quantyra_org/cmmsa_analytic_20260930T040837Z/.lake/packages/mathlib/.lake/build/lib/lean:/home/dfredriksen_quantyra_org/cmmsa_analytic_20260930T040837Z/.lake/packages/cslib/.lake/build/lib/lean:/home/dfredriksen_quantyra_org/cmmsa_analytic_20260930T040837Z/.lake/build/lib/lean /home/dfredriksen_quantyra_org/.elan/toolchains/leanprover--lean4---v4.34.0-rc2/bin/lean /home/dfredriksen_quantyra_org/cmmsa_analytic_20260930T040837Z/lean/PvNP/RealizableHardness/ActualTypedIntrinsicWitnessNaturality.lean -o /home/dfredriksen_quantyra_org/cmmsa_analytic_20260930T040837Z/.lake/build/lib/lean/PvNP/RealizableHardness/ActualTypedIntrinsicWitnessNaturality.olean -i /home/dfredriksen_quantyra_org/cmmsa_analytic_20260930T040837Z/.lake/build/lib/lean/PvNP/RealizableHardness/ActualTypedIntrinsicWitnessNaturality.ilean -c /home/dfredriksen_quantyra_org/cmmsa_analytic_20260930T040837Z/.lake/build/ir/PvNP/RealizableHardness/ActualTypedIntrinsicWitnessNaturality.c --setup /home/dfredriksen_quantyra_org/cmmsa_analytic_20260930T040837Z/.lake/build/ir/PvNP/RealizableHardness/ActualTypedIntrinsicWitnessNaturality.setup.json --json
error: lean/PvNP/RealizableHardness/ActualTypedIntrinsicWitnessNaturality.lean:80:9: Type mismatch: After simplification, term
  congrArg (⇑↑φ) (LinearEquiv.apply_symm_apply eD v)
 has type
  True
but is expected to have type
  ↑φ v = 1
error: lean/PvNP/RealizableHardness/ActualTypedIntrinsicWitnessNaturality.lean:105:39: unsolved goals
D : Type u_1
D' : Type u_2
C : Type u_3
C' : Type u_4
inst✝¹⁹ : AddCommGroup D
inst✝¹⁸ : Module F D
inst✝¹⁷ : Fintype D
inst✝¹⁶ : AddCommGroup D'
inst✝¹⁵ : Module F D'
inst✝¹⁴ : Fintype D'
inst✝¹³ : AddCommGroup C
inst✝¹² : Module F C
inst✝¹¹ : Fintype C
inst✝¹⁰ : AddCommGroup C'
inst✝⁹ : Module F C'
inst✝⁸ : Fintype C'
inst✝⁷ : Fintype (D →ₗ[F] F)
inst✝⁶ : DecidableEq (D →ₗ[F] F)
inst✝⁵ : Fintype (D' →ₗ[F] F)
inst✝⁴ : DecidableEq (D' →ₗ[F] F)
inst✝³ : Fintype (D →ₗ[F] C)
inst✝² : DecidableEq (D →ₗ[F] C)
inst✝¹ : Fintype (D' →ₗ[F] C')
inst✝ : DecidableEq (D' →ₗ[F] C')
eD : D' ≃ₗ[F] D
eC : C' ≃ₗ[F] C
v : D
f : (D →ₗ[F] C) → ℂ
M : D →ₗ[F] C
φMap : { φ // φ v = 1 } → { φ // φ (eD.symm v) = 1 } := fun φ => ⟨↑φ ∘ₗ ↑eD, ⋯⟩
hφMap : Function.Bijective φMap
eIndex : { φ // φ v = 1 } × C ≃ { φ // φ (eD.symm v) = 1 } × C' :=
  (Equiv.ofBijective φMap hφMap).prodCongr eC.symm.toEquiv
p : { φ // φ v = 1 } × C
⊢ f (M + (↑p.1).smulRight p.2) = f (M + (eD.symm.arrowCongr eC.symm).symm ((↑p.1 ∘ₗ ↑eD).smulRight (eC.symm p.2)))
warning: lean/PvNP/RealizableHardness/ActualTypedIntrinsicWitnessNaturality.lean:109:41: This simp argument is unused:
  LinearEquiv.arrowCongr_apply

Hint: Omit it from the simp argument list.
  [apply] simp [eIndex, φMap, mapReindexEquiv, LinearMap.comp_apply, LinearMap.smulRight_apply]

Note: This linter can be disabled with `set_option linter.unusedSimpArgs false`
warning: lean/PvNP/RealizableHardness/ActualTypedIntrinsicWitnessNaturality.lean:110:6: This simp argument is unused:
  LinearMap.comp_apply

Hint: Omit it from the simp argument list.
  [apply] simp [eIndex, φMap, mapReindexEquiv, LinearEquiv.arrowCongr_apply, LinearMap.smulRight_apply]

Note: This linter can be disabled with `set_option linter.unusedSimpArgs false`
warning: lean/PvNP/RealizableHardness/ActualTypedIntrinsicWitnessNaturality.lean:110:28: This simp argument is unused:
  LinearMap.smulRight_apply

Hint: Omit it from the simp argument list.
  [apply] simp [eIndex, φMap, mapReindexEquiv, LinearEquiv.arrowCongr_apply, LinearMap.comp_apply]

Note: This linter can be disabled with `set_option linter.unusedSimpArgs false`
error: lean/PvNP/RealizableHardness/ActualTypedIntrinsicWitnessNaturality.lean:159:6: Tactic `rewrite` failed: Did not find an occurrence of the pattern
  fun M' => intrinsicLineIminusE (eD.symm v) (2 ^ j) (fun X => f ((mapReindexEquiv eD eC).symm X)) M'
in the target expression
  intrinsicLineIminusE (eD.symm v) (2 ^ (j + 1))
      (intrinsicLineIminusE (eD.symm v) (2 ^ j) fun M' => f ((mapReindexEquiv eD eC).symm M'))
      ((mapReindexEquiv eD eC) M) =
    intrinsicLineIminusE v (2 ^ (j + 1)) (intrinsicLineIminusE v (2 ^ j) f) M

D : Type u_1
D' : Type u_2
C : Type u_3
C' : Type u_4
inst✝¹⁹ : AddCommGroup D
inst✝¹⁸ : Module F D
inst✝¹⁷ : Fintype D
inst✝¹⁶ : AddCommGroup D'
inst✝¹⁵ : Module F D'
inst✝¹⁴ : Fintype D'
inst✝¹³ : AddCommGroup C
inst✝¹² : Module F C
inst✝¹¹ : Fintype C
inst✝¹⁰ : AddCommGroup C'
inst✝⁹ : Module F C'
inst✝⁸ : Fintype C'
inst✝⁷ : Fintype (D →ₗ[F] F)
inst✝⁶ : DecidableEq (D →ₗ[F] F)
inst✝⁵ : Fintype (D' →ₗ[F] F)
inst✝⁴ : DecidableEq (D' →ₗ[F] F)
inst✝³ : Fintype (D →ₗ[F] C)
inst✝² : DecidableEq (D →ₗ[F] C)
inst✝¹ : Fintype (D' →ₗ[F] C')
inst✝ : DecidableEq (D' →ₗ[F] C')
eD : D' ≃ₗ[F] D
eC : C' ≃ₗ[F] C
v : D
j : ℕ
f : (D →ₗ[F] C) → ℂ
M : D →ₗ[F] C
hinner :
  (fun M' => intrinsicLineIminusE (eD.symm v) (2 ^ j) (fun X => f ((mapReindexEquiv eD eC).symm X)) M') = fun M' =>
    intrinsicLineIminusE v (2 ^ j) f ((mapReindexEquiv eD eC).symm M')
⊢ intrinsicLineIminusE (eD.symm v) (2 ^ (j + 1))
      (intrinsicLineIminusE (eD.symm v) (2 ^ j) fun M' => f ((mapReindexEquiv eD eC).symm M'))
      ((mapReindexEquiv eD eC) M) =
    intrinsicLineIminusE v (2 ^ (j + 1)) (intrinsicLineIminusE v (2 ^ j) f) M
error: lean/PvNP/RealizableHardness/ActualTypedIntrinsicWitnessNaturality.lean:202:60: unsolved goals
D : Type u_1
D' : Type u_2
Q : Type u_3
Q' : Type u_4
C : Type u_5
C' : Type u_6
inst✝²³ : AddCommGroup D
inst✝²² : Module F D
inst✝²¹ : Fintype D
inst✝²⁰ : AddCommGroup D'
inst✝¹⁹ : Module F D'
inst✝¹⁸ : Fintype D'
inst✝¹⁷ : AddCommGroup Q
inst✝¹⁶ : Module F Q
inst✝¹⁵ : AddCommGroup Q'
inst✝¹⁴ : Module F Q'
inst✝¹³ : AddCommGroup C
inst✝¹² : Module F C
inst✝¹¹ : Fintype C
inst✝¹⁰ : AddCommGroup C'
inst✝⁹ : Module F C'
inst✝⁸ : Fintype C'
inst✝⁷ : Fintype (D →ₗ[F] F)
inst✝⁶ : DecidableEq (D →ₗ[F] F)
inst✝⁵ : Fintype (D' →ₗ[F] F)
inst✝⁴ : DecidableEq (D' →ₗ[F] F)
inst✝³ : Fintype (D →ₗ[F] C)
inst✝² : DecidableEq (D →ₗ[F] C)
inst✝¹ : Fintype (D' →ₗ[F] C')
inst✝ : DecidableEq (D' →ₗ[F] C')
eD : D' ≃ₗ[F] D
eQ : Q' ≃ₗ[F] Q
eC : C' ≃ₗ[F] C
v : D
j : ℕ
q : D →ₗ[F] Q
q' : D' →ₗ[F] Q'
hq : ∀ (x' : D'), eQ (q' x') = q (eD x')
T : D →ₗ[F] C
f : (D →ₗ[F] C) → ℂ
N' : Q' →ₗ[F] C'
eM : (D →ₗ[PvNP.RealizableHardness.ActualTypedFourierEquivNaturality.F✝]
    C) ≃ₗ[PvNP.RealizableHardness.ActualTypedFourierEquivNaturality.F✝]
  D' →ₗ[PvNP.RealizableHardness.ActualTypedFourierEquivNaturality.F✝] C' :=
  mapReindexEquiv eD eC
eN : (Q →ₗ[PvNP.RealizableHardness.ActualTypedFourierEquivNaturality.F✝]
    C) ≃ₗ[PvNP.RealizableHardness.ActualTypedFourierEquivNaturality.F✝]
  Q' →ₗ[PvNP.RealizableHardness.ActualTypedFourierEquivNaturality.F✝] C' :=
  mapReindexEquiv eQ eC
x' : D'
⊢ N' (eQ.symm (q (eD x'))) = N' (q' x')
warning: lean/PvNP/RealizableHardness/ActualTypedIntrinsicWitnessNaturality.lean:206:28: This simp argument is unused:
  hq

Hint: Omit it from the simp argument list.
  [apply] simp [eM, eN, mapReindexEquiv, LinearEquiv.arrowCongr_apply, LinearMap.comp_apply]

Note: This linter can be disabled with `set_option linter.unusedSimpArgs false`
error: lean/PvNP/RealizableHardness/ActualTypedIntrinsicWitnessNaturality.lean:230:42: Tactic `rewrite` failed: Did not find an occurrence of the pattern
  ↑e y
in the target expression
  e.symm x = e.symm (e y)

D : Type u_1
D' : Type u_2
inst✝³ : AddCommGroup D
inst✝² : Module F D
inst✝¹ : AddCommGroup D'
inst✝ : Module F D'
e : D' ≃ₗ[F] D
L : Submodule F D
L' : Submodule F D'
hL : Submodule.map (↑e) L' = L
x : D
hx : x ∈ L
hxmap : x ∈ Submodule.map (↑e) L'
y : D'
hy : y ∈ L'
hxy : ↑e y = x
⊢ e.symm x = e.symm (e y)
error: lean/PvNP/RealizableHardness/ActualTypedIntrinsicWitnessNaturality.lean:232:8: Tactic `rewrite` failed: Did not find an occurrence of the pattern
  e.symm x
in the target expression
  ↑e.symm x ∈ L'

D : Type u_1
D' : Type u_2
inst✝³ : AddCommGroup D
inst✝² : Module F D
inst✝¹ : AddCommGroup D'
inst✝ : Module F D'
e : D' ≃ₗ[F] D
L : Submodule F D
L' : Submodule F D'
hL : Submodule.map (↑e) L' = L
x : D
hx : x ∈ L
hxmap : x ∈ Submodule.map (↑e) L'
y : D'
hy : y ∈ L'
hxy : ↑e y = x
hy' : e.symm x = y
⊢ ↑e.symm x ∈ L'
error: lean/PvNP/RealizableHardness/ActualTypedIntrinsicWitnessNaturality.lean:236:43: Application type mismatch: The argument
  x
has type
  D' ⧸ L'
but is expected to have type
  Submodule ?m.443 ?m.444
in the application
  @Submodule.Quotient.induction_on ?m.443 ?m.444 ?m.445 ?m.446 ?m.447 x
error: lean/PvNP/RealizableHardness/ActualTypedIntrinsicWitnessNaturality.lean:241:43: Application type mismatch: The argument
  x
has type
  D ⧸ L
but is expected to have type
  Submodule ?m.453 ?m.454
in the application
  @Submodule.Quotient.induction_on ?m.453 ?m.454 ?m.455 ?m.456 ?m.457 x
error: lean/PvNP/RealizableHardness/ActualTypedIntrinsicWitnessNaturality.lean:280:34: Application type mismatch: The argument
  hL
has type
  Module.finrank.{0, u_1} F ↥L = 1
but is expected to have type
  Module.finrank.{0, 0} PvNP.RealizableHardness.BinaryMatrixTypedA15OneStep.F✝ ↥?m.97 = 1
in the application
  lineScalarEquiv ?m.97 hL
error: lean/PvNP/RealizableHardness/ActualTypedIntrinsicWitnessNaturality.lean:284:27: Application type mismatch: The argument
  hL'
has type
  Module.finrank.{0, u_2} F ↥L' = 1
but is expected to have type
  Module.finrank.{0, 0} PvNP.RealizableHardness.BinaryMatrixTypedA15OneStep.F✝ ↥?m.120 = 1
in the application
  lineScalarEquiv ?m.120 hL'
error: lean/PvNP/RealizableHardness/ActualTypedIntrinsicWitnessNaturality.lean:283:28: Application type mismatch: The argument
  hL
has type
  Module.finrank.{0, u_1} F ↥L = 1
but is expected to have type
  Module.finrank.{0, 0} PvNP.RealizableHardness.BinaryMatrixTypedA15OneStep.F✝ ↥?m.162 = 1
in the application
  lineScalarEquiv ?m.162 hL
error: lean/PvNP/RealizableHardness/ActualTypedIntrinsicWitnessNaturality.lean:327:4: failed to synthesize instance of type class
  Fintype ↥(Submodule.comap B₂.subtype B₁)

Hint: Type class instance resolution failures can be inspected with the `set_option trace.Meta.synthInstance true` command.
error: lean/PvNP/RealizableHardness/ActualTypedIntrinsicWitnessNaturality.lean:340:8: failed to synthesize instance of type class
  Fintype ↥(Submodule.comap B₂.subtype B₁)

Hint: Type class instance resolution failures can be inspected with the `set_option trace.Meta.synthInstance true` command.
error: lean/PvNP/RealizableHardness/ActualTypedIntrinsicWitnessNaturality.lean:347:5: unsolved goals
n d j : ℕ
A₂ A₁ : Submodule F (Fin d → F)
B₁ B₂ : Submodule F (Fin n → F)
hA : A₂ ≤ A₁
hB : B₁ ≤ B₂
L : Submodule F ((Fin d → F) ⧸ A₁)
v : (Fin d → F) ⧸ A₁
T : (Fin d → F) ⧸ A₁ →ₗ[F] ↥B₁
f : ((Fin d → F) ⧸ A₁ →ₗ[F] ↥B₁) → ℂ
N' :
  (((Fin d → F) ⧸ A₂) ⧸ Submodule.map A₂.mkQ A₁) ⧸ Submodule.map (↑(nestedDomainEquiv A₂ A₁ hA).symm) L →ₗ[F]
    ↥(Submodule.comap B₂.subtype B₁)
x : (PvNP.RealizableHardness.BinaryMatrixA1NestedCarrier.V✝ d ⧸ A₂) ⧸ Submodule.map A₂.mkQ A₁
⊢ (quotientLineEquiv (nestedDomainEquiv A₂ A₁ hA) L (Submodule.map (↑(nestedDomainEquiv A₂ A₁ hA).symm) L) ⋯)
      (Submodule.Quotient.mk x) =
    Submodule.Quotient.mk ((nestedDomainEquiv A₂ A₁ hA) x)
warning: lean/PvNP/RealizableHardness/ActualTypedIntrinsicWitnessNaturality.lean:347:23: This simp argument is unused:
  quotientLineEquiv_mk

Hint: Omit it from the simp argument list.
  [apply] simp

Note: This linter can be disabled with `set_option linter.unusedSimpArgs false`
error: lean/PvNP/RealizableHardness/ActualTypedIntrinsicWitnessNaturality.lean:359:6: failed to synthesize instance of type class
  Fintype ↥L

Hint: Type class instance resolution failures can be inspected with the `set_option trace.Meta.synthInstance true` command.
error: lean/PvNP/RealizableHardness/ActualTypedIntrinsicWitnessNaturality.lean:359:61: Application type mismatch: The argument
  M
has type
  (Fin d → F) ⧸ A →ₗ[F] ↥B
but is expected to have type
  ↥L →ₗ[F] ?m.44
in the application
  intrinsicLineP ((lineScalarEquiv L hL).symm 1) j ?m.76 M
error: lean/PvNP/RealizableHardness/ActualTypedIntrinsicWitnessNaturality.lean:372:6: failed to synthesize instance of type class
  Fintype ↥L

Hint: Type class instance resolution failures can be inspected with the `set_option trace.Meta.synthInstance true` command.
error: lean/PvNP/RealizableHardness/ActualTypedIntrinsicWitnessNaturality.lean:373:54: Application type mismatch: The argument
  f
has type
  ((Fin d → F) ⧸ A →ₗ[F] ↥B) → ℂ
but is expected to have type
  (↥L →ₗ[F] ↥B) → ℂ
in the application
  intrinsicReducedLineWitness ((lineScalarEquiv L hL).symm 1) j ?m.96 ?m.97 f
Some required targets logged failures:
- PvNP.RealizableHardness.ActualTypedIntrinsicWitnessNaturality
