⚠ [2202/2334] Replayed PvNP.RealizableHardness.BinaryMatrixFourier
warning: lean/PvNP/RealizableHardness/BinaryMatrixFourier.lean:126:8: `if_pos` has been deprecated: Use `ite_eq_left` instead
warning: lean/PvNP/RealizableHardness/BinaryMatrixFourier.lean:132:8: `if_neg` has been deprecated: Use `ite_eq_right` instead
⚠ [2204/2334] Replayed PvNP.RealizableHardness.BinaryMatrixHybridSelector
warning: lean/PvNP/RealizableHardness/BinaryMatrixHybridSelector.lean:71:8: `if_pos` has been deprecated: Use `ite_eq_left` instead
warning: lean/PvNP/RealizableHardness/BinaryMatrixHybridSelector.lean:90:8: `if_neg` has been deprecated: Use `ite_eq_right` instead
⚠ [2206/2334] Replayed PvNP.RealizableHardness.BinaryMatrixLineTranslation
warning: lean/PvNP/RealizableHardness/BinaryMatrixLineTranslation.lean:243:4: try 'simp' instead of 'simpa'

Note: This linter can be disabled with `set_option linter.unnecessarySimpa false`
warning: lean/PvNP/RealizableHardness/BinaryMatrixLineTranslation.lean:315:8: `if_neg` has been deprecated: Use `ite_eq_right` instead
warning: lean/PvNP/RealizableHardness/BinaryMatrixLineTranslation.lean:407:15: `if_neg` has been deprecated: Use `ite_eq_right` instead
warning: lean/PvNP/RealizableHardness/BinaryMatrixLineTranslation.lean:433:41: This simp argument is unused:
  s

Hint: Omit it from the simp argument list.
  [apply] simp [hs, hr]

Note: This linter can be disabled with `set_option linter.unusedSimpArgs false`
warning: lean/PvNP/RealizableHardness/BinaryMatrixLineTranslation.lean:555:15: `if_neg` has been deprecated: Use `ite_eq_right` instead
warning: lean/PvNP/RealizableHardness/BinaryMatrixLineTranslation.lean:592:57: This simp argument is unused:
  mul_assoc

Hint: Omit it from the simp argument list.
  [apply] simp [hr, hs]

Note: This linter can be disabled with `set_option linter.unusedSimpArgs false`
⚠ [2207/2334] Replayed PvNP.RealizableHardness.BinaryMatrixLineA14
warning: lean/PvNP/RealizableHardness/BinaryMatrixLineA14.lean:88:8: `if_pos` has been deprecated: Use `ite_eq_left` instead
warning: lean/PvNP/RealizableHardness/BinaryMatrixLineA14.lean:97:8: `if_neg` has been deprecated: Use `ite_eq_right` instead
⚠ [2218/2334] Replayed PvNP.RealizableHardness.BinaryMatrixComplexA15
warning: lean/PvNP/RealizableHardness/BinaryMatrixComplexA15.lean:35:4: Unused tactic linter: `change fibreEnergy R.fibre f ≤ ε` does nothing

Note: This linter can be disabled with `set_option linter.unusedTactic false`
warning: lean/PvNP/RealizableHardness/BinaryMatrixComplexA15.lean:46:2: Unused tactic linter: `change fibreEnergy Q.fibre f ≤ ε` does nothing

Note: This linter can be disabled with `set_option linter.unusedTactic false`
warning: lean/PvNP/RealizableHardness/BinaryMatrixComplexA15.lean:184:24: This simp argument is unused:
  zero_add

Hint: Omit it from the simp argument list.
  [apply] simp only [Complex.normSq_apply, Complex.sub_re, Complex.sub_im, Complex.mul_re, Complex.mul_im,
    Complex.ofReal_re, Complex.ofReal_im, zero_mul, sub_zero, mul_zero]

Note: This linter can be disabled with `set_option linter.unusedSimpArgs false`
warning: lean/PvNP/RealizableHardness/BinaryMatrixComplexA15.lean:184:34: This simp argument is unused:
  mul_zero

Hint: Omit it from the simp argument list.
  [apply] simp only [Complex.normSq_apply, Complex.sub_re, Complex.sub_im, Complex.mul_re, Complex.mul_im,
    Complex.ofReal_re, Complex.ofReal_im, zero_mul, sub_zero, zero_add]

Note: This linter can be disabled with `set_option linter.unusedSimpArgs false`
⚠ [2285/2334] Replayed PvNP.RealizableHardness.BinaryMatrixA1TypedFourier
warning: lean/PvNP/RealizableHardness/BinaryMatrixA1TypedFourier.lean:198:8: `if_pos` has been deprecated: Use `ite_eq_left` instead
warning: lean/PvNP/RealizableHardness/BinaryMatrixA1TypedFourier.lean:204:8: `if_neg` has been deprecated: Use `ite_eq_right` instead
warning: lean/PvNP/RealizableHardness/BinaryMatrixA1TypedFourier.lean:236:8: `if_pos` has been deprecated: Use `ite_eq_left` instead
warning: lean/PvNP/RealizableHardness/BinaryMatrixA1TypedFourier.lean:242:8: `if_neg` has been deprecated: Use `ite_eq_right` instead
⚠ [2287/2334] Replayed PvNP.RealizableHardness.BinaryMatrixA1CoefficientTransfer
warning: lean/PvNP/RealizableHardness/BinaryMatrixA1CoefficientTransfer.lean:111:15: `if_pos` has been deprecated: Use `ite_eq_left` instead
⚠ [2288/2334] Replayed PvNP.RealizableHardness.BinaryMatrixA1Composition
warning: lean/PvNP/RealizableHardness/BinaryMatrixA1Composition.lean:40:15: `if_pos` has been deprecated: Use `ite_eq_left` instead
warning: lean/PvNP/RealizableHardness/BinaryMatrixA1Composition.lean:102:5: Variable name `hA` is not explicitly referenced.

Hint: The binding can be removed (if unused) or named `_` (if used implicitly). Alternatively, prefix the name with `_` to silence this warning:
  [apply] _hA

Note: This linter can be disabled with `set_option linter.unusedVariables false`
warning: lean/PvNP/RealizableHardness/BinaryMatrixA1Composition.lean:102:20: Variable name `hB` is not explicitly referenced.

Hint: The binding can be removed (if unused) or named `_` (if used implicitly). Alternatively, prefix the name with `_` to silence this warning:
  [apply] _hB

Note: This linter can be disabled with `set_option linter.unusedVariables false`
warning: lean/PvNP/RealizableHardness/BinaryMatrixA1Composition.lean:172:43: `if_pos` has been deprecated: Use `ite_eq_left` instead
⚠ [2300/2334] Replayed PvNP.RealizableHardness.BinaryMatrixTypedA15HyperplaneGlobal
warning: lean/PvNP/RealizableHardness/BinaryMatrixTypedA15HyperplaneGlobal.lean:48:25: Variable name `hH` is not explicitly referenced.

Hint: The binding can be removed (if unused) or named `_` (if used implicitly). Alternatively, prefix the name with `_` to silence this warning:
  [apply] _hH

Note: This linter can be disabled with `set_option linter.unusedVariables false`
⚠ [2302/2334] Replayed PvNP.RealizableHardness.BinaryMatrixTypedA15HyperplaneReducedGlobal
warning: lean/PvNP/RealizableHardness/BinaryMatrixTypedA15HyperplaneReducedGlobal.lean:54:25: Variable name `hH` is not explicitly referenced.

Hint: The binding can be removed (if unused) or named `_` (if used implicitly). Alternatively, prefix the name with `_` to silence this warning:
  [apply] _hH

Note: This linter can be disabled with `set_option linter.unusedVariables false`
warning: lean/PvNP/RealizableHardness/BinaryMatrixTypedA15HyperplaneReducedGlobal.lean:64:25: Variable name `hH` is not explicitly referenced.

Hint: The binding can be removed (if unused) or named `_` (if used implicitly). Alternatively, prefix the name with `_` to silence this warning:
  [apply] _hH

Note: This linter can be disabled with `set_option linter.unusedVariables false`
warning: lean/PvNP/RealizableHardness/BinaryMatrixTypedA15HyperplaneReducedGlobal.lean:84:25: Variable name `hH` is not explicitly referenced.

Hint: The binding can be removed (if unused) or named `_` (if used implicitly). Alternatively, prefix the name with `_` to silence this warning:
  [apply] _hH

Note: This linter can be disabled with `set_option linter.unusedVariables false`
warning: lean/PvNP/RealizableHardness/BinaryMatrixTypedA15HyperplaneReducedGlobal.lean:98:25: Variable name `hH` is not explicitly referenced.

Hint: The binding can be removed (if unused) or named `_` (if used implicitly). Alternatively, prefix the name with `_` to silence this warning:
  [apply] _hH

Note: This linter can be disabled with `set_option linter.unusedVariables false`
warning: lean/PvNP/RealizableHardness/BinaryMatrixTypedA15HyperplaneReducedGlobal.lean:236:25: Variable name `hH` is not explicitly referenced.

Hint: The binding can be removed (if unused) or named `_` (if used implicitly). Alternatively, prefix the name with `_` to silence this warning:
  [apply] _hH

Note: This linter can be disabled with `set_option linter.unusedVariables false`
⚠ [2304/2334] Replayed PvNP.RealizableHardness.BinaryMatrixTypedA14HyperplaneReduced
warning: lean/PvNP/RealizableHardness/BinaryMatrixTypedA14HyperplaneReduced.lean:35:55: Variable name `hH` is not explicitly referenced.

Hint: The binding can be removed (if unused) or named `_` (if used implicitly). Alternatively, prefix the name with `_` to silence this warning:
  [apply] _hH

Note: This linter can be disabled with `set_option linter.unusedVariables false`
warning: lean/PvNP/RealizableHardness/BinaryMatrixTypedA14HyperplaneReduced.lean:119:55: Variable name `hH` is not explicitly referenced.

Hint: The binding can be removed (if unused) or named `_` (if used implicitly). Alternatively, prefix the name with `_` to silence this warning:
  [apply] _hH

Note: This linter can be disabled with `set_option linter.unusedVariables false`
⚠ [3088/3097] Replayed PvNP.RealizableHardness.BinaryMatrixA15BaseCase
warning: lean/PvNP/RealizableHardness/BinaryMatrixA15BaseCase.lean:31:4: Try this: 
  haveI̵

The goal is a proposition, so `have` is preferred over `haveI`.
The difference between `have` and `haveI` is that `haveI` inlines the value.
But this is not relevant for proofs because of proof irrelevance.

Note: This linter can be disabled with `set_option linter.style.haveILetI false`
⚠ [3091/3097] Replayed PvNP.RealizableHardness.ActualBinaryMatrixHC46CommonDerivative
warning: lean/PvNP/RealizableHardness/ActualBinaryMatrixHC46CommonDerivative.lean:80:13: `if_pos` has been deprecated: Use `ite_eq_left` instead
⚠ [3092/3097] Replayed PvNP.RealizableHardness.ActualBinaryMatrixHC46FourierA16
warning: lean/PvNP/RealizableHardness/ActualBinaryMatrixHC46FourierA16.lean:70:51: This simp argument is unused:
  hj

Hint: Omit it from the simp argument list.
  [apply] simp [u, v, fourierCoeff_rankProjection, hi, hij]

Note: This linter can be disabled with `set_option linter.unusedSimpArgs false`
warning: lean/PvNP/RealizableHardness/ActualBinaryMatrixHC46FourierA16.lean:72:49: This simp argument is unused:
  hi

Hint: Omit it from the simp argument list.
  [apply] simp [u, v, fourierCoeff_rankProjection, hj, hij.symm]

Note: This linter can be disabled with `set_option linter.unusedSimpArgs false`
warning: lean/PvNP/RealizableHardness/ActualBinaryMatrixHC46FourierA16.lean:73:57: This simp argument is unused:
  hij

Hint: Omit it from the simp argument list.
  [apply] simp [u, v, fourierCoeff_rankProjection, hi, hj, hij.symm]

Note: This linter can be disabled with `set_option linter.unusedSimpArgs false`
warning: lean/PvNP/RealizableHardness/ActualBinaryMatrixHC46FourierA16.lean:73:62: This simp argument is unused:
  hij.symm

Hint: Omit it from the simp argument list.
  [apply] simp [u, v, fourierCoeff_rankProjection, hi, hj, hij]

Note: This linter can be disabled with `set_option linter.unusedSimpArgs false`
ℹ [3097/3097] Built PvNP.RealizableHardness.ActualBinaryMatrixHC46TypedA14EnergyChecks (2.1s)
info: lean/PvNP/RealizableHardness/ActualBinaryMatrixHC46TypedA14EnergyChecks.lean:5:0: PvNP.RealizableHardness.ActualBinaryMatrixHC46TypedA14Energy.reducedCarrierMean_coordinate {n d : ℕ}
  {A :
    Submodule PvNP.RealizableHardness.ActualBinaryMatrixHC46TypedA14Energy.F✝
      (PvNP.RealizableHardness.ActualBinaryMatrixHC46TypedA14Energy.V✝ d)}
  (B :
    Submodule PvNP.RealizableHardness.ActualBinaryMatrixHC46TypedA14Energy.F✝
      (Fin n → PvNP.RealizableHardness.ActualBinaryMatrixHC46TypedA14Energy.F✝))
  (L :
    Submodule PvNP.RealizableHardness.ActualBinaryMatrixHC46TypedA14Energy.F✝
      (PvNP.RealizableHardness.ActualBinaryMatrixHC46TypedA14Energy.V✝ d ⧸ A))
  (g :
    ((PvNP.RealizableHardness.ActualBinaryMatrixHC46TypedA14Energy.V✝ d ⧸ A) ⧸
          L →ₗ[PvNP.RealizableHardness.ActualBinaryMatrixHC46TypedA14Energy.F✝]
        ↥B) →
      ℝ) :
  finiteCarrierMean g =
    PvNP.RealizableHardness.BinaryMatrixFourier.uniformMean fun X =>
      g ((PvNP.RealizableHardness.BinaryMatrixTypedA15Reduced.reducedMatrixEquiv B L).symm X)
info: lean/PvNP/RealizableHardness/ActualBinaryMatrixHC46TypedA14EnergyChecks.lean:6:0: PvNP.RealizableHardness.ActualBinaryMatrixHC46TypedA14Energy.typed_line_A14_energy {n d j : ℕ}
  (A :
    Submodule PvNP.RealizableHardness.ActualBinaryMatrixHC46TypedA14Energy.F✝
      (PvNP.RealizableHardness.ActualBinaryMatrixHC46TypedA14Energy.V✝ d))
  (B :
    Submodule PvNP.RealizableHardness.ActualBinaryMatrixHC46TypedA14Energy.F✝
      (Fin n → PvNP.RealizableHardness.ActualBinaryMatrixHC46TypedA14Energy.F✝))
  (L :
    Submodule PvNP.RealizableHardness.ActualBinaryMatrixHC46TypedA14Energy.F✝
      (PvNP.RealizableHardness.ActualBinaryMatrixHC46TypedA14Energy.V✝ d ⧸ A))
  (hL : Module.finrank PvNP.RealizableHardness.ActualBinaryMatrixHC46TypedA14Energy.F✝ ↥L = 1)
  (T :
    PvNP.RealizableHardness.ActualBinaryMatrixHC46TypedA14Energy.V✝ d ⧸
        A →ₗ[PvNP.RealizableHardness.ActualBinaryMatrixHC46TypedA14Energy.F✝]
      ↥B)
  (f :
    (PvNP.RealizableHardness.ActualBinaryMatrixHC46TypedA14Energy.V✝ d ⧸
          A →ₗ[PvNP.RealizableHardness.ActualBinaryMatrixHC46TypedA14Energy.F✝]
        ↥B) →
      ℂ) :
  (finiteCarrierMean fun N =>
      Complex.normSq
        (PvNP.RealizableHardness.BinaryMatrixTypedA14Reduced.reducedComplexRankProjection B L j
          (PvNP.RealizableHardness.BinaryMatrixTypedA15ReducedGlobal.typedLineReducedWitness B L hL T f) N)) =
    finiteCarrierMean fun N =>
      Complex.normSq
        (PvNP.RealizableHardness.BinaryMatrixTypedA14Line.typedComplexLineFilter B L hL
          (PvNP.RealizableHardness.BinaryMatrixTypedA14Line.typedComplexRankProjection A B (j + 1) f) (T + N ∘ₗ L.mkQ))
info: lean/PvNP/RealizableHardness/ActualBinaryMatrixHC46TypedA14EnergyChecks.lean:7:0: PvNP.RealizableHardness.ActualBinaryMatrixHC46TypedA14Energy.typed_line_A14_energy_coordinate {n d j : ℕ}
  (A :
    Submodule PvNP.RealizableHardness.ActualBinaryMatrixHC46TypedA14Energy.F✝
      (PvNP.RealizableHardness.ActualBinaryMatrixHC46TypedA14Energy.V✝ d))
  (B :
    Submodule PvNP.RealizableHardness.ActualBinaryMatrixHC46TypedA14Energy.F✝
      (Fin n → PvNP.RealizableHardness.ActualBinaryMatrixHC46TypedA14Energy.F✝))
  (L :
    Submodule PvNP.RealizableHardness.ActualBinaryMatrixHC46TypedA14Energy.F✝
      (PvNP.RealizableHardness.ActualBinaryMatrixHC46TypedA14Energy.V✝ d ⧸ A))
  (hL : Module.finrank PvNP.RealizableHardness.ActualBinaryMatrixHC46TypedA14Energy.F✝ ↥L = 1)
  (T :
    PvNP.RealizableHardness.ActualBinaryMatrixHC46TypedA14Energy.V✝ d ⧸
        A →ₗ[PvNP.RealizableHardness.ActualBinaryMatrixHC46TypedA14Energy.F✝]
      ↥B)
  (f :
    (PvNP.RealizableHardness.ActualBinaryMatrixHC46TypedA14Energy.V✝ d ⧸
          A →ₗ[PvNP.RealizableHardness.ActualBinaryMatrixHC46TypedA14Energy.F✝]
        ↥B) →
      ℂ) :
  (PvNP.RealizableHardness.BinaryMatrixFourier.uniformMean fun X =>
      Complex.normSq
        (PvNP.RealizableHardness.BinaryMatrixTypedA14Reduced.reducedComplexRankProjection B L j
          (PvNP.RealizableHardness.BinaryMatrixTypedA15ReducedGlobal.typedLineReducedWitness B L hL T f)
          ((PvNP.RealizableHardness.BinaryMatrixTypedA15Reduced.reducedMatrixEquiv B L).symm X))) =
    finiteCarrierMean fun N =>
      Complex.normSq
        (PvNP.RealizableHardness.BinaryMatrixTypedA14Line.typedComplexLineFilter B L hL
          (PvNP.RealizableHardness.BinaryMatrixTypedA14Line.typedComplexRankProjection A B (j + 1) f) (T + N ∘ₗ L.mkQ))
info: lean/PvNP/RealizableHardness/ActualBinaryMatrixHC46TypedA14EnergyChecks.lean:8:0: PvNP.RealizableHardness.ActualBinaryMatrixHC46TypedA14Energy.typed_hyperplane_A14_energy {n d j : ℕ}
  (A :
    Submodule PvNP.RealizableHardness.ActualBinaryMatrixHC46TypedA14Energy.F✝
      (PvNP.RealizableHardness.ActualBinaryMatrixHC46TypedA14Energy.V✝ d))
  (B :
    Submodule PvNP.RealizableHardness.ActualBinaryMatrixHC46TypedA14Energy.F✝
      (Fin n → PvNP.RealizableHardness.ActualBinaryMatrixHC46TypedA14Energy.F✝))
  (H : Submodule PvNP.RealizableHardness.ActualBinaryMatrixHC46TypedA14Energy.F✝ ↥B)
  (hH : Module.finrank PvNP.RealizableHardness.ActualBinaryMatrixHC46TypedA14Energy.F✝ (↥B ⧸ H) = 1)
  (T :
    PvNP.RealizableHardness.ActualBinaryMatrixHC46TypedA14Energy.V✝ d ⧸
        A →ₗ[PvNP.RealizableHardness.ActualBinaryMatrixHC46TypedA14Energy.F✝]
      ↥B)
  (f :
    (PvNP.RealizableHardness.ActualBinaryMatrixHC46TypedA14Energy.V✝ d ⧸
          A →ₗ[PvNP.RealizableHardness.ActualBinaryMatrixHC46TypedA14Energy.F✝]
        ↥B) →
      ℂ) :
  (finiteCarrierMean fun N =>
      Complex.normSq
        (PvNP.RealizableHardness.BinaryMatrixTypedA14HyperplaneReduced.hyperplaneReducedComplexRankProjection B H hH j
          (PvNP.RealizableHardness.BinaryMatrixTypedA15HyperplaneReducedGlobal.typedHyperplaneReducedWitness B H hH T f)
          N)) =
    finiteCarrierMean fun N =>
      Complex.normSq
        (PvNP.RealizableHardness.BinaryMatrixTypedA14Hyperplane.typedComplexHyperplaneFilter B H hH
          (PvNP.RealizableHardness.BinaryMatrixTypedA14Line.typedComplexRankProjection A B (j + 1) f)
          (T + H.subtype ∘ₗ N))
info: lean/PvNP/RealizableHardness/ActualBinaryMatrixHC46TypedA14EnergyChecks.lean:9:0: 'PvNP.RealizableHardness.ActualBinaryMatrixHC46TypedA14Energy.typed_line_A14_energy' depends on axioms: [propext,
 Classical.choice,
 Quot.sound]
info: lean/PvNP/RealizableHardness/ActualBinaryMatrixHC46TypedA14EnergyChecks.lean:10:0: 'PvNP.RealizableHardness.ActualBinaryMatrixHC46TypedA14Energy.typed_line_A14_energy_coordinate' depends on axioms: [propext,
 Classical.choice,
 Quot.sound]
info: lean/PvNP/RealizableHardness/ActualBinaryMatrixHC46TypedA14EnergyChecks.lean:11:0: 'PvNP.RealizableHardness.ActualBinaryMatrixHC46TypedA14Energy.typed_hyperplane_A14_energy' depends on axioms: [propext,
 Classical.choice,
 Quot.sound]
Build completed successfully (3097 jobs).
