lean/PvNP/RealizableHardness/RobustSourceLineContainment.lean:68:32: error(lean.unknownIdentifier): Unknown identifier `target`
lean/PvNP/RealizableHardness/RobustSourceLineContainment.lean:69:16: error(lean.unknownIdentifier): Unknown identifier `target`
lean/PvNP/RealizableHardness/RobustSourceLineContainment.lean:70:25: error: Tactic `introN` failed: There are no additional binders or `let` bindings in the goal to introduce

V : Type u_1
inst✝² : AddCommGroup V
inst✝¹ : Module (ZMod 2) V
inst✝ : Finite V
j : ℕ
H : Grass V j
⊢ ?m.26
lean/PvNP/RealizableHardness/RobustSourceLineContainment.lean:71:26: error: Tactic `introN` failed: There are no additional binders or `let` bindings in the goal to introduce

V : Type u_1
inst✝² : AddCommGroup V
inst✝¹ : Module (ZMod 2) V
inst✝ : Finite V
j : ℕ
H : Grass V j
⊢ ?m.28
lean/PvNP/RealizableHardness/RobustSourceLineContainment.lean:65:2: warning: Try this: 
  letI̵

The goal is a proposition, so `let` is preferred over `letI`.
The difference between `let` and `letI` is that `letI` inlines the value.
But this is not relevant for proofs because of proof irrelevance.

Note: This linter can be disabled with `set_option linter.style.haveILetI false`
lean/PvNP/RealizableHardness/RobustSourceLineContainment.lean:61:51: error: unsolved goals
case e
V : Type u_1
inst✝² : AddCommGroup V
inst✝¹ : Module (ZMod 2) V
inst✝ : Finite V
j : ℕ
H : Grass V j
Q0 : Grass V 0 := ⟨⊥, ⋯⟩
target : Type (max 0 u_1) := { K // ↑Q0 ≤ ↑K ∧ ↑K ≤ ↑H }
this : Finite target := Finite.of_injective (fun K => ↑K) Subtype.val_injective
⊢ linesInside H ≃ target

V : Type u_1
inst✝² : AddCommGroup V
inst✝¹ : Module (ZMod 2) V
inst✝ : Finite V
j : ℕ
H : Grass V j
Q0 : Grass V 0 := ⟨⊥, ⋯⟩
target : Type (max 0 u_1) := { K // ↑Q0 ≤ ↑K ∧ ↑K ≤ ↑H }
this : Finite target := Finite.of_injective (fun K => ↑K) Subtype.val_injective
e : linesInside H ≃ target := ?e
⊢ Fintype.card (linesInside H) = gaussian j 1
lean/PvNP/RealizableHardness/RobustSourceLineContainment.lean:59:0: error: internal exception #3
lean/PvNP/RealizableHardness/RobustSourceLineContainment.lean:72:2: error: unexpected token 'have'; expected command
lean/PvNP/RealizableHardness/RobustSourceLineContainment.lean:96:0: warning: automatically included section variable(s) unused in theorem `PvNP.RealizableHardness.RobustSourceLineContainment.nontrivial_inf_iff_quotientImages`:
  [Finite V]
consider restructuring your `variable` declarations so that the variables are not in scope or explicitly omit them:
  omit [Finite V] in theorem ...

Note: This linter can be disabled with `set_option linter.unusedSectionVars false`
lean/PvNP/RealizableHardness/RobustSourceLineContainment.lean:239:45: error: Application type mismatch: The argument
  hK
has type
  ⟨K, hKH⟩ ∈ @Finset.univ { K // ↑K ≤ ↑H } (Subtype.fintype fun K => ↑K ≤ ↑H)
but is expected to have type
  ⟨K, hKH⟩ ∈ @Finset.univ (linesInside H) (linesInsideFintype H)
in the application
  And.intro hK
lean/PvNP/RealizableHardness/RobustSourceLineContainment.lean:249:8: error: Type mismatch
  hfiber K
has type
  (F K).card = gaussian (Module.finrank (ZMod 2) V - 1) (d - 1)
but is expected to have type
  (F K).card ≤ gaussian (Module.finrank (ZMod 2) V - 1) (d - 1)
lean/PvNP/RealizableHardness/RobustSourceLineContainment.lean:203:8: error: (kernel) unknown constant 'PvNP.RealizableHardness.RobustSourceLineContainment.linesInside_card'
lean/PvNP/RealizableHardness/RobustSourceLineContainment.lean:296:8: error: Tactic `rewrite` failed: Did not find an occurrence of the pattern
  ↑(gaussian (Module.finrank (ZMod 2) V - 1) (d - 1)) / ↑(gaussian (Module.finrank (ZMod 2) V) d)
in the target expression
  ↑{L | ↑L ⊓ ↑H ≠ ⊥}.card / ↑(gaussian (Module.finrank (ZMod 2) V) d) ≤
    ↑(gaussian j 1) * ↑(gaussian (Module.finrank (ZMod 2) V - 1) (d - 1)) / ↑(gaussian (Module.finrank (ZMod 2) V) d)

V : Type u_1
inst✝² : AddCommGroup V
inst✝¹ : Module (ZMod 2) V
inst✝ : Finite V
j : ℕ
H : Grass V j
d : ℕ
hd₁ : 1 ≤ d
hdV : d ≤ Module.finrank (ZMod 2) V
hmass :
  ↑{L | ↑L ⊓ ↑H ≠ ⊥}.card / ↑(gaussian (Module.finrank (ZMod 2) V) d) ≤
    ↑(gaussian j 1) * ↑(gaussian (Module.finrank (ZMod 2) V - 1) (d - 1)) / ↑(gaussian (Module.finrank (ZMod 2) V) d)
hflag :
  gaussian (Module.finrank (ZMod 2) V) 1 * gaussian (Module.finrank (ZMod 2) V - 1) (d - 1) =
    gaussian (Module.finrank (ZMod 2) V) d * gaussian d 1
hcast :
  ↑(gaussian (Module.finrank (ZMod 2) V) 1) * ↑(gaussian (Module.finrank (ZMod 2) V - 1) (d - 1)) =
    ↑(gaussian (Module.finrank (ZMod 2) V) d) * ↑(gaussian d 1)
hden : ↑(gaussian (Module.finrank (ZMod 2) V) d) ≠ 0
hden1 : ↑(gaussian (Module.finrank (ZMod 2) V) 1) ≠ 0
hr :
  ↑(gaussian (Module.finrank (ZMod 2) V - 1) (d - 1)) / ↑(gaussian (Module.finrank (ZMod 2) V) d) =
    ↑(gaussian d 1) / ↑(gaussian (Module.finrank (ZMod 2) V) 1)
this :
  ↑{L | ↑L ⊓ ↑H ≠ ⊥}.card / ↑(gaussian (Module.finrank (ZMod 2) V) d) ≤
    ↑(gaussian j 1) * ↑(gaussian (Module.finrank (ZMod 2) V - 1) (d - 1)) / ↑(gaussian (Module.finrank (ZMod 2) V) d)
⊢ ↑{L | ↑L ⊓ ↑H ≠ ⊥}.card / ↑(gaussian (Module.finrank (ZMod 2) V) d) ≤
    ↑(gaussian j 1) * (↑(gaussian d 1) / ↑(gaussian (Module.finrank (ZMod 2) V) 1))
lean/PvNP/RealizableHardness/RobustSourceLineContainment.lean:377:16: error: omega could not prove the goal:
a possible counterexample may satisfy the constraints
  c ≥ 0
  b ≥ 0
  b + c ≥ -1
  a ≥ 1
  a - b - c ≥ 2
where
 a := ↑(Module.finrank (ZMod 2) V)
 b := ↑j
 c := ↑(n - (j + (d + 1)))
lean/PvNP/RealizableHardness/RobustSourceLineContainment.lean:422:22: error: Invalid `⟨...⟩` notation: The expected type of this term could not be determined
lean/PvNP/RealizableHardness/RobustSourceLineContainment.lean:423:23: error: Invalid `⟨...⟩` notation: The expected type of this term could not be determined
lean/PvNP/RealizableHardness/RobustSourceLineContainment.lean:426:12: error: Tactic `introN` failed: There are no additional binders or `let` bindings in the goal to introduce

a j : ℕ
W : Type u_2
inst✝² : AddCommGroup W
inst✝¹ : Module (ZMod 2) W
inst✝ : Finite W
Q : Grass W a
H : Grass W j
d : ℕ
had : a ≤ d
hd : d ≤ Module.finrank (ZMod 2) W
hQH : ↑Q ⊓ ↑H = ⊥
hbd : 1 ≤ d - a
hslack : j + (d - a) + 1 ≤ Module.finrank (ZMod 2) W - a
⊢ ?m.128
lean/PvNP/RealizableHardness/RobustSourceLineContainment.lean:430:12: error: Tactic `introN` failed: There are no additional binders or `let` bindings in the goal to introduce

a j : ℕ
W : Type u_2
inst✝² : AddCommGroup W
inst✝¹ : Module (ZMod 2) W
inst✝ : Finite W
Q : Grass W a
H : Grass W j
d : ℕ
had : a ≤ d
hd : d ≤ Module.finrank (ZMod 2) W
hQH : ↑Q ⊓ ↑H = ⊥
hbd : 1 ≤ d - a
hslack : j + (d - a) + 1 ≤ Module.finrank (ZMod 2) W - a
⊢ ?m.130
lean/PvNP/RealizableHardness/RobustSourceLineContainment.lean:419:24: error(lean.synthInstanceFailed): failed to synthesize instance of type class
  Finite (Grass (W ⧸ ↑Q) (d - a))

Hint: Type class instance resolution failures can be inspected with the `set_option trace.Meta.synthInstance true` command.
lean/PvNP/RealizableHardness/RobustSourceLineContainment.lean:419:2: warning: Try this: 
  letI̵

The goal is a proposition, so `let` is preferred over `letI`.
The difference between `let` and `letI` is that `letI` inlines the value.
But this is not relevant for proofs because of proof irrelevance.

Note: This linter can be disabled with `set_option linter.style.haveILetI false`
lean/PvNP/RealizableHardness/RobustSourceLineContainment.lean:420:2: warning: Try this: 
  letI̵

The goal is a proposition, so `let` is preferred over `letI`.
The difference between `let` and `letI` is that `letI` inlines the value.
But this is not relevant for proofs because of proof irrelevance.

Note: This linter can be disabled with `set_option linter.style.haveILetI false`
lean/PvNP/RealizableHardness/RobustSourceLineContainment.lean:407:61: error: unsolved goals
case badEquiv
a j : ℕ
W : Type u_2
inst✝² : AddCommGroup W
inst✝¹ : Module (ZMod 2) W
inst✝ : Finite W
Q : Grass W a
H : Grass W j
d : ℕ
had : a ≤ d
hd : d ≤ Module.finrank (ZMod 2) W
hQH : ↑Q ⊓ ↑H = ⊥
hbd : 1 ≤ d - a
hslack : j + (d - a) + 1 ≤ Module.finrank (ZMod 2) W - a
carrier : Type u_2 := intervalCarrier Q d
bad : Type u_2 := intervalTransverseCarrier Q H d
Hq : Grass (W ⧸ ↑Q) j := quotientImageGrass Q (↑H) hQH ⋯
e : { L // ↑Q ≤ ↑L } ≃ Grass (W ⧸ ↑Q) (d - a) := upperQuotientEquiv Q had
hbad : ∀ (L : carrier), ↑↑L ⊓ ↑H ≠ ⊥ ↔ ↑(e L) ⊓ ↑Hq ≠ ⊥
badQ : Type (max 0 u_2) := { R // ↑R ⊓ ↑Hq ≠ ⊥ }
this✝ : Finite badQ := sorry
this : Fintype badQ := Fintype.ofFinite badQ
⊢ bad ≃ badQ

a j : ℕ
W : Type u_2
inst✝² : AddCommGroup W
inst✝¹ : Module (ZMod 2) W
inst✝ : Finite W
Q : Grass W a
H : Grass W j
d : ℕ
had : a ≤ d
hd : d ≤ Module.finrank (ZMod 2) W
hQH : ↑Q ⊓ ↑H = ⊥
hbd : 1 ≤ d - a
hslack : j + (d - a) + 1 ≤ Module.finrank (ZMod 2) W - a
carrier : Type u_2 := intervalCarrier Q d
bad : Type u_2 := intervalTransverseCarrier Q H d
Hq : Grass (W ⧸ ↑Q) j := quotientImageGrass Q (↑H) hQH ⋯
e : { L // ↑Q ≤ ↑L } ≃ Grass (W ⧸ ↑Q) (d - a) := upperQuotientEquiv Q had
hbad : ∀ (L : carrier), ↑↑L ⊓ ↑H ≠ ⊥ ↔ ↑(e L) ⊓ ↑Hq ≠ ⊥
badQ : Type (max 0 u_2) := { R // ↑R ⊓ ↑Hq ≠ ⊥ }
this✝ : Finite badQ := sorry
this : Fintype badQ := Fintype.ofFinite badQ
badEquiv : bad ≃ badQ := ?badEquiv
⊢ ↑(Fintype.card (intervalTransverseCarrier Q H d)) / ↑(Fintype.card (intervalCarrier Q d)) ≤
    1 / 2 ^ (Module.finrank (ZMod 2) W - a - j - (d - a) - 1)
lean/PvNP/RealizableHardness/RobustSourceLineContainment.lean:393:0: error: internal exception #3
lean/PvNP/RealizableHardness/RobustSourceLineContainment.lean:433:2: error: unexpected token 'have'; expected command
