C:\Users\Dan\Desktop\Projects\realizable-cmmsa-hardness\docs\native-receipts\ActualSelectedComplementAnalyticMoment\runtime-prebuild\local-native-own339\src\PvNP\RealizableHardness\ActualBinaryMatrixHC46DR6Mobius.lean:39:2: error: Type mismatch
  w6_card_grass k
has type
  Fintype.card (W6Grass (V n) k) =
    w6Gaussian (Module.finrank PvNP.RealizableHardness.ActualBinaryMatrixHC46A7PredecessorCount.F✝ (V n)) k
but is expected to have type
  dr6ActualGaussian n k = w6Gaussian n k
C:\Users\Dan\Desktop\Projects\realizable-cmmsa-hardness\docs\native-receipts\ActualSelectedComplementAnalyticMoment\runtime-prebuild\local-native-own339\src\PvNP\RealizableHardness\ActualBinaryMatrixHC46DR6Mobius.lean:58:18: warning: `if_pos` has been deprecated: Use `ite_eq_left` instead
C:\Users\Dan\Desktop\Projects\realizable-cmmsa-hardness\docs\native-receipts\ActualSelectedComplementAnalyticMoment\runtime-prebuild\local-native-own339\src\PvNP\RealizableHardness\ActualBinaryMatrixHC46DR6Mobius.lean:96:11: error: expected token
C:\Users\Dan\Desktop\Projects\realizable-cmmsa-hardness\docs\native-receipts\ActualSelectedComplementAnalyticMoment\runtime-prebuild\local-native-own339\src\PvNP\RealizableHardness\ActualBinaryMatrixHC46DR6Mobius.lean:117:30: error: not a positivity goal
Try this:
  [apply] ring_nf
  
  The `ring` tactic failed to close the goal. Use `ring_nf` to obtain a normal form.
    
  Note that `ring` works primarily in *commutative* rings. If you have a noncommutative ring, abelian group or module, consider using `noncomm_ring`, `abel` or `module` instead.
C:\Users\Dan\Desktop\Projects\realizable-cmmsa-hardness\docs\native-receipts\ActualSelectedComplementAnalyticMoment\runtime-prebuild\local-native-own339\src\PvNP\RealizableHardness\ActualBinaryMatrixHC46DR6Mobius.lean:172:58: error: unsolved goals
n k : ℕ
hkn : k ≤ n
htail : dr6QFactorial n = dr6QFactorial (n - k) * dr6FrameTail n k
hcount : dr6ActualGaussian n k * dr6QFactorial k = dr6FrameTail n k
hnum : dr6QFactorial n = dr6QFactorial k * dr6QFactorial (n - k) * dr6ActualGaussian n k
hkpos : 0 < ↑(dr6QFactorial k)
hmpos : 0 < ↑(dr6QFactorial (n - k))
hden : ↑(dr6QFactorial k) * ↑(dr6QFactorial (n - k)) ≠ 0
⊢ ↑(dr6ActualGaussian n k) * ↑(dr6QFactorial k) * ↑(dr6QFactorial (n - k)) =
    ↑(dr6QFactorial k * dr6QFactorial (n - k) * dr6ActualGaussian n k)
C:\Users\Dan\Desktop\Projects\realizable-cmmsa-hardness\docs\native-receipts\ActualSelectedComplementAnalyticMoment\runtime-prebuild\local-native-own339\src\PvNP\RealizableHardness\ActualBinaryMatrixHC46DR6Mobius.lean:205:72: error: unsolved goals
n : ℕ
hnpos : 0 < ↑(dr6QFactorial n)
⊢ ↑(dr6QFactorial n) = ↑1 * ↑(dr6QFactorial (n - 0))
C:\Users\Dan\Desktop\Projects\realizable-cmmsa-hardness\docs\native-receipts\ActualSelectedComplementAnalyticMoment\runtime-prebuild\local-native-own339\src\PvNP\RealizableHardness\ActualBinaryMatrixHC46DR6Mobius.lean:214:6: error: Tactic `rewrite` failed: Did not find an occurrence of the pattern
  dr6QFactorial 0
in the target expression
  ↑(dr6QFactorial n) / (↑(dr6QFactorial n) * ↑(dr6QFactorial (n - n))) = 1

n : ℕ
⊢ ↑(dr6QFactorial n) / (↑(dr6QFactorial n) * ↑(dr6QFactorial (n - n))) = 1
C:\Users\Dan\Desktop\Projects\realizable-cmmsa-hardness\docs\native-receipts\ActualSelectedComplementAnalyticMoment\runtime-prebuild\local-native-own339\src\PvNP\RealizableHardness\ActualBinaryMatrixHC46DR6Mobius.lean:263:27: error: not a positivity goal
C:\Users\Dan\Desktop\Projects\realizable-cmmsa-hardness\docs\native-receipts\ActualSelectedComplementAnalyticMoment\runtime-prebuild\local-native-own339\src\PvNP\RealizableHardness\ActualBinaryMatrixHC46DR6Mobius.lean:264:20: error(lean.synthInstanceFailed): failed to synthesize instance of type class
  AddGroup ℕ

Hint: Type class instance resolution failures can be inspected with the `set_option trace.Meta.synthInstance true` command.
C:\Users\Dan\Desktop\Projects\realizable-cmmsa-hardness\docs\native-receipts\ActualSelectedComplementAnalyticMoment\runtime-prebuild\local-native-own339\src\PvNP\RealizableHardness\ActualBinaryMatrixHC46DR6Mobius.lean:264:4: error: mod_cast has type
  (0 : ℕ) < 2 ^ n - 1
but is expected to have type
  (0 : ℤ) < Int.subNatNat (2 ^ n) 1
C:\Users\Dan\Desktop\Projects\realizable-cmmsa-hardness\docs\native-receipts\ActualSelectedComplementAnalyticMoment\runtime-prebuild\local-native-own339\src\PvNP\RealizableHardness\ActualBinaryMatrixHC46DR6Mobius.lean:266:31: error: not a positivity goal
C:\Users\Dan\Desktop\Projects\realizable-cmmsa-hardness\docs\native-receipts\ActualSelectedComplementAnalyticMoment\runtime-prebuild\local-native-own339\src\PvNP\RealizableHardness\ActualBinaryMatrixHC46DR6Mobius.lean:267:20: error(lean.synthInstanceFailed): failed to synthesize instance of type class
  AddGroup ℕ

Hint: Type class instance resolution failures can be inspected with the `set_option trace.Meta.synthInstance true` command.
C:\Users\Dan\Desktop\Projects\realizable-cmmsa-hardness\docs\native-receipts\ActualSelectedComplementAnalyticMoment\runtime-prebuild\local-native-own339\src\PvNP\RealizableHardness\ActualBinaryMatrixHC46DR6Mobius.lean:267:4: error: mod_cast has type
  (0 : ℕ) < 2 ^ (n - k) - 1
but is expected to have type
  (0 : ℤ) < Int.subNatNat (2 ^ (n - k)) 1
C:\Users\Dan\Desktop\Projects\realizable-cmmsa-hardness\docs\native-receipts\ActualSelectedComplementAnalyticMoment\runtime-prebuild\local-native-own339\src\PvNP\RealizableHardness\ActualBinaryMatrixHC46DR6Mobius.lean:269:27: error: not a positivity goal
C:\Users\Dan\Desktop\Projects\realizable-cmmsa-hardness\docs\native-receipts\ActualSelectedComplementAnalyticMoment\runtime-prebuild\local-native-own339\src\PvNP\RealizableHardness\ActualBinaryMatrixHC46DR6Mobius.lean:270:20: error(lean.synthInstanceFailed): failed to synthesize instance of type class
  AddGroup ℕ

Hint: Type class instance resolution failures can be inspected with the `set_option trace.Meta.synthInstance true` command.
C:\Users\Dan\Desktop\Projects\realizable-cmmsa-hardness\docs\native-receipts\ActualSelectedComplementAnalyticMoment\runtime-prebuild\local-native-own339\src\PvNP\RealizableHardness\ActualBinaryMatrixHC46DR6Mobius.lean:270:4: error: mod_cast has type
  (0 : ℕ) < 2 ^ k - 1
but is expected to have type
  (0 : ℤ) < Int.subNatNat (2 ^ k) 1
C:\Users\Dan\Desktop\Projects\realizable-cmmsa-hardness\docs\native-receipts\ActualSelectedComplementAnalyticMoment\runtime-prebuild\local-native-own339\src\PvNP\RealizableHardness\ActualBinaryMatrixHC46DR6Mobius.lean:273:6: error: Tactic `rewrite` failed: Did not find an occurrence of the pattern
  2 ^ (n - k) * 2 ^ k
in the target expression
  ↑(2 ^ n - 1) * ↑(dr6QFactorial (n - k)) =
    ↑(2 ^ (n - k) - 1) * (↑(dr6QFactorial (n - k)) + ↑(2 ^ k - 1) * ↑(dr6QFactorial (n - k - 1)) * 2 ^ (n - k))

n k : ℕ
hk : 0 < k
hkn : k < n
hn : 0 < n
hm : 0 < n - k
hklt : k - 1 < n - 1
hnk : n = n - k + k
hpow : 2 ^ (n - k) * 2 ^ k = 2 ^ n
hqfactN : dr6QFactorial n = dr6QFactorial (n - 1) * (2 ^ n - 1)
hqfactM : dr6QFactorial (n - k) = dr6QFactorial (n - k - 1) * (2 ^ (n - k) - 1)
hqfactK : dr6QFactorial k = dr6QFactorial (k - 1) * (2 ^ k - 1)
hidxM : n - 1 - k = n - k - 1
hidxK : n - 1 - (k - 1) = n - k
hNpos : 0 < dr6QFactorial n
hMpos : 0 < dr6QFactorial (n - k)
hKpos : 0 < dr6QFactorial k
hM1pos : 0 < dr6QFactorial (n - k - 1)
hK1pos : 0 < dr6QFactorial (k - 1)
hqN1 : 0 < ↑(dr6QFactorial (n - 1))
hqM1 : 0 < ↑(dr6QFactorial (n - k - 1))
hqK1 : 0 < ↑(dr6QFactorial (k - 1))
hn1 : 0 < 2 ^ n - 1
hm1 : 0 < 2 ^ (n - k) - 1
hk1 : 0 < 2 ^ k - 1
⊢ ↑(2 ^ n - 1) * ↑(dr6QFactorial (n - k)) =
    ↑(2 ^ (n - k) - 1) * (↑(dr6QFactorial (n - k)) + ↑(2 ^ k - 1) * ↑(dr6QFactorial (n - k - 1)) * 2 ^ (n - k))
C:\Users\Dan\Desktop\Projects\realizable-cmmsa-hardness\docs\native-receipts\ActualSelectedComplementAnalyticMoment\runtime-prebuild\local-native-own339\src\PvNP\RealizableHardness\ActualBinaryMatrixHC46DR6Mobius.lean:299:10: warning: This simp argument is unused:
  Nat.sub_self

Hint: Omit it from the simp argument list.
  [apply] simp

Note: This linter can be disabled with `set_option linter.unusedSimpArgs false`
C:\Users\Dan\Desktop\Projects\realizable-cmmsa-hardness\docs\native-receipts\ActualSelectedComplementAnalyticMoment\runtime-prebuild\local-native-own339\src\PvNP\RealizableHardness\ActualBinaryMatrixHC46DR6Mobius.lean:305:46: error: omega could not prove the goal:
a possible counterexample may satisfy the constraints
  f ≥ 0
  e ≥ 0
  -1 ≤ 2*d - f ≤ 0
  -1 ≤ 2*c - e ≤ 0
  b ≥ 0
  b + c - d ≥ 1
  a ≥ 0
  a - b ≥ 0
where
 a := ↑n
 b := ↑k
 c := ↑(k * (k - 1)) / 2
 d := ↑((k + 1) * k) / 2
 e := ↑k * ↑(k - 1)
 f := ↑(k + 1) * ↑k
C:\Users\Dan\Desktop\Projects\realizable-cmmsa-hardness\docs\native-receipts\ActualSelectedComplementAnalyticMoment\runtime-prebuild\local-native-own339\src\PvNP\RealizableHardness\ActualBinaryMatrixHC46DR6Mobius.lean:307:16: error: Tactic `rewrite` failed: Did not find an occurrence of the pattern
  (k + 1) * k / 2
in the target expression
  (-1) ^ k * -1 * 2 ^ ((k + 1) * (k + 1 - 1) / 2) * 2 ^ (n - k) = -2 ^ n * ((-1) ^ k * 2 ^ (k * (k - 1) / 2))

n k : ℕ
hkn : k ≤ n
htri : (k + 1) * k / 2 = k * (k - 1) / 2 + k
hpow : k * (k - 1) / 2 + k + (n - k) = n + k * (k - 1) / 2
⊢ (-1) ^ k * -1 * 2 ^ ((k + 1) * (k + 1 - 1) / 2) * 2 ^ (n - k) = -2 ^ n * ((-1) ^ k * 2 ^ (k * (k - 1) / 2))
C:\Users\Dan\Desktop\Projects\realizable-cmmsa-hardness\docs\native-receipts\ActualSelectedComplementAnalyticMoment\runtime-prebuild\local-native-own339\src\PvNP\RealizableHardness\ActualBinaryMatrixHC46DR6Mobius.lean:347:14: error: Tactic `rewrite` failed: Did not find an occurrence of the pattern
  dr6QBinomialWeight (k + 1) * 2 ^ (n - k)
in the target expression
  ↑(dr6ActualGaussian n (k + 1)) * dr6QBinomialWeight (k + 1) +
      ↑(dr6ActualGaussian n k) * (2 ^ (n - k) * dr6QBinomialWeight (k + 1)) =
    ↑(dr6ActualGaussian n (k + 1)) * dr6QBinomialWeight (k + 1) -
      2 ^ n * (↑(dr6ActualGaussian n k) * dr6QBinomialWeight k)

n k : ℕ
hk : k ∈ Finset.range (n + 1)
hle : k + 1 ≤ n + 1
hrec :
  dr6ActualGaussian (n + 1) (k + 1) =
    dr6ActualGaussian (n + 1 - 1) (k + 1) + 2 ^ (n + 1 - (k + 1)) * dr6ActualGaussian (n + 1 - 1) (k + 1 - 1)
hcast : ↑(dr6ActualGaussian (n + 1) (k + 1)) = ↑(dr6ActualGaussian n (k + 1)) + 2 ^ (n - k) * ↑(dr6ActualGaussian n k)
hw : dr6QBinomialWeight (k + 1) * 2 ^ (n - k) = -2 ^ n * dr6QBinomialWeight k
⊢ ↑(dr6ActualGaussian n (k + 1)) * dr6QBinomialWeight (k + 1) +
      ↑(dr6ActualGaussian n k) * (2 ^ (n - k) * dr6QBinomialWeight (k + 1)) =
    ↑(dr6ActualGaussian n (k + 1)) * dr6QBinomialWeight (k + 1) -
      2 ^ n * (↑(dr6ActualGaussian n k) * dr6QBinomialWeight k)
C:\Users\Dan\Desktop\Projects\realizable-cmmsa-hardness\docs\native-receipts\ActualSelectedComplementAnalyticMoment\runtime-prebuild\local-native-own339\src\PvNP\RealizableHardness\ActualBinaryMatrixHC46DR6Mobius.lean:374:38: error: Tactic `rewrite` failed: Did not find an occurrence of the pattern
  ?a * ∑ i ∈ ?s, ?f i
in the target expression
  ∑ x ∈ Finset.range (n + 1), ↑(dr6ActualGaussian n (x + 1)) * dr6QBinomialWeight (x + 1) -
      ∑ x ∈ Finset.range (n + 1), 2 ^ n * (↑(dr6ActualGaussian n x) * dr6QBinomialWeight x) =
    ∑ k ∈ Finset.range (n + 1), ↑(dr6ActualGaussian n (k + 1)) * dr6QBinomialWeight (k + 1) -
      2 ^ n * dr6QBinomialAlternatingSum n

n : ℕ
hterms :
  ∀ k ∈ Finset.range (n + 1),
    ↑(dr6ActualGaussian (n + 1) (k + 1)) * dr6QBinomialWeight (k + 1) =
      ↑(dr6ActualGaussian n (k + 1)) * dr6QBinomialWeight (k + 1) -
        2 ^ n * (↑(dr6ActualGaussian n k) * dr6QBinomialWeight k)
⊢ ∑ x ∈ Finset.range (n + 1), ↑(dr6ActualGaussian n (x + 1)) * dr6QBinomialWeight (x + 1) -
      ∑ x ∈ Finset.range (n + 1), 2 ^ n * (↑(dr6ActualGaussian n x) * dr6QBinomialWeight x) =
    ∑ k ∈ Finset.range (n + 1), ↑(dr6ActualGaussian n (k + 1)) * dr6QBinomialWeight (k + 1) -
      2 ^ n * dr6QBinomialAlternatingSum n
Try this:
  [apply] ring_nf
  
  The `ring` tactic failed to close the goal. Use `ring_nf` to obtain a normal form.
    
  Note that `ring` works primarily in *commutative* rings. If you have a noncommutative ring, abelian group or module, consider using `noncomm_ring`, `abel` or `module` instead.
C:\Users\Dan\Desktop\Projects\realizable-cmmsa-hardness\docs\native-receipts\ActualSelectedComplementAnalyticMoment\runtime-prebuild\local-native-own339\src\PvNP\RealizableHardness\ActualBinaryMatrixHC46DR6Mobius.lean:317:58: error: unsolved goals
n : ℕ
hterms :
  ∀ k ∈ Finset.range (n + 1),
    ↑(dr6ActualGaussian (n + 1) (k + 1)) * dr6QBinomialWeight (k + 1) =
      ↑(dr6ActualGaussian n (k + 1)) * dr6QBinomialWeight (k + 1) -
        2 ^ n * (↑(dr6ActualGaussian n k) * dr6QBinomialWeight k)
hsumTerms :
  ∑ k ∈ Finset.range (n + 1), ↑(dr6ActualGaussian (n + 1) (k + 1)) * dr6QBinomialWeight (k + 1) =
    ∑ k ∈ Finset.range (n + 1), ↑(dr6ActualGaussian n (k + 1)) * dr6QBinomialWeight (k + 1) -
      2 ^ n * dr6QBinomialAlternatingSum n
hshift :
  ∑ k ∈ Finset.range (n + 1), ↑(dr6ActualGaussian n (k + 1)) * dr6QBinomialWeight (k + 1) =
    dr6QBinomialAlternatingSum n - 1
⊢ dr6QBinomialAlternatingSum n - dr6QBinomialAlternatingSum n * 2 ^ n =
    ∑ x ∈ Finset.range (1 + n), ↑(dr6ActualGaussian n x) * (-1) ^ x * 2 ^ (x * (x - 1) / 2) -
      (∑ x ∈ Finset.range (1 + n), ↑(dr6ActualGaussian n x) * (-1) ^ x * 2 ^ (x * (x - 1) / 2)) * 2 ^ n
C:\Users\Dan\Desktop\Projects\realizable-cmmsa-hardness\docs\native-receipts\ActualSelectedComplementAnalyticMoment\runtime-prebuild\local-native-own339\src\PvNP\RealizableHardness\ActualBinaryMatrixHC46DR6Mobius.lean:401:14: error: unsolved goals
case succ
n : ℕ
ih : dr6QBinomialAlternatingSum n = dr6QBinomialProduct n
⊢ (1 - 2 ^ n) * ∏ i ∈ Finset.range n, (1 - 2 ^ i) = (∏ i ∈ Finset.range n, (1 - 2 ^ i)) * (1 - 2 ^ n)
C:\Users\Dan\Desktop\Projects\realizable-cmmsa-hardness\docs\native-receipts\ActualSelectedComplementAnalyticMoment\runtime-prebuild\local-native-own339\src\PvNP\RealizableHardness\ActualBinaryMatrixHC46DR6Mobius.lean:411:2: error: unsolved goals
case neg
n : ℕ
hn : ¬n = 0
hmem : 0 ∈ Finset.range n
⊢ ∏ i ∈ Finset.range n, (1 - 2 ^ i) = 0
C:\Users\Dan\Desktop\Projects\realizable-cmmsa-hardness\docs\native-receipts\ActualSelectedComplementAnalyticMoment\runtime-prebuild\local-native-own339\src\PvNP\RealizableHardness\ActualBinaryMatrixHC46DR6Mobius.lean:412:35: warning: This simp argument is unused:
  hmem

Hint: Omit it from the simp argument list.
  [apply] simp [dr6QBinomialProduct, hn]

Note: This linter can be disabled with `set_option linter.unusedSimpArgs false`
C:\Users\Dan\Desktop\Projects\realizable-cmmsa-hardness\docs\native-receipts\ActualSelectedComplementAnalyticMoment\runtime-prebuild\local-native-own339\src\PvNP\RealizableHardness\ActualBinaryMatrixHC46DR6Mobius.lean:421:2: error: No goals to be solved
C:\Users\Dan\Desktop\Projects\realizable-cmmsa-hardness\docs\native-receipts\ActualSelectedComplementAnalyticMoment\runtime-prebuild\local-native-own339\src\PvNP\RealizableHardness\ActualBinaryMatrixHC46DR6Mobius.lean:434:2: error: No goals to be solved
