⚠ [2203/2320] Replayed PvNP.RealizableHardness.BinaryMatrixFourier
warning: lean/PvNP/RealizableHardness/BinaryMatrixFourier.lean:126:8: `if_pos` has been deprecated: Use `ite_eq_left` instead
warning: lean/PvNP/RealizableHardness/BinaryMatrixFourier.lean:132:8: `if_neg` has been deprecated: Use `ite_eq_right` instead
⚠ [2205/2320] Replayed PvNP.RealizableHardness.BinaryMatrixHybridSelector
warning: lean/PvNP/RealizableHardness/BinaryMatrixHybridSelector.lean:71:8: `if_pos` has been deprecated: Use `ite_eq_left` instead
warning: lean/PvNP/RealizableHardness/BinaryMatrixHybridSelector.lean:90:8: `if_neg` has been deprecated: Use `ite_eq_right` instead
⚠ [2207/2320] Replayed PvNP.RealizableHardness.BinaryMatrixLineTranslation
warning: lean/PvNP/RealizableHardness/BinaryMatrixLineTranslation.lean:243:4: try 'simp' instead of 'simpa'

Note: This linter can be disabled with `set_option linter.unnecessarySimpa false`
warning: lean/PvNP/RealizableHardness/BinaryMatrixLineTranslation.lean:315:8: `if_neg` has been deprecated: Use `ite_eq_right` instead
warning: lean/PvNP/RealizableHardness/BinaryMatrixLineTranslation.lean:407:15: `if_neg` has been deprecated: Use `ite_eq_right` instead
warning: lean/PvNP/RealizableHardness/BinaryMatrixLineTranslation.lean:433:41: This simp argument is unused:
  s

Hint: Omit it from the simp argument list.
  [apply] simp [hs, hr]

Note: This linter can be disabled with `set_option linter.unusedSimpArgs false`
warning: lean/PvNP/RealizableHardness/BinaryMatrixLineTranslation.lean:555:15: `if_neg` has been deprecated: Use `ite_eq_right` instead
warning: lean/PvNP/RealizableHardness/BinaryMatrixLineTranslation.lean:592:57: This simp argument is unused:
  mul_assoc

Hint: Omit it from the simp argument list.
  [apply] simp [hr, hs]

Note: This linter can be disabled with `set_option linter.unusedSimpArgs false`
⚠ [2208/2320] Replayed PvNP.RealizableHardness.BinaryMatrixLineA14
warning: lean/PvNP/RealizableHardness/BinaryMatrixLineA14.lean:88:8: `if_pos` has been deprecated: Use `ite_eq_left` instead
warning: lean/PvNP/RealizableHardness/BinaryMatrixLineA14.lean:97:8: `if_neg` has been deprecated: Use `ite_eq_right` instead
⚠ [2283/2320] Replayed PvNP.RealizableHardness.BinaryMatrixA1TypedFourier
warning: lean/PvNP/RealizableHardness/BinaryMatrixA1TypedFourier.lean:198:8: `if_pos` has been deprecated: Use `ite_eq_left` instead
warning: lean/PvNP/RealizableHardness/BinaryMatrixA1TypedFourier.lean:204:8: `if_neg` has been deprecated: Use `ite_eq_right` instead
warning: lean/PvNP/RealizableHardness/BinaryMatrixA1TypedFourier.lean:236:8: `if_pos` has been deprecated: Use `ite_eq_left` instead
warning: lean/PvNP/RealizableHardness/BinaryMatrixA1TypedFourier.lean:242:8: `if_neg` has been deprecated: Use `ite_eq_right` instead
⚠ [2285/2320] Replayed PvNP.RealizableHardness.BinaryMatrixA1CoefficientTransfer
warning: lean/PvNP/RealizableHardness/BinaryMatrixA1CoefficientTransfer.lean:111:15: `if_pos` has been deprecated: Use `ite_eq_left` instead
⚠ [2286/2320] Replayed PvNP.RealizableHardness.BinaryMatrixA1Composition
warning: lean/PvNP/RealizableHardness/BinaryMatrixA1Composition.lean:40:15: `if_pos` has been deprecated: Use `ite_eq_left` instead
warning: lean/PvNP/RealizableHardness/BinaryMatrixA1Composition.lean:102:5: Variable name `hA` is not explicitly referenced.

Hint: The binding can be removed (if unused) or named `_` (if used implicitly). Alternatively, prefix the name with `_` to silence this warning:
  [apply] _hA

Note: This linter can be disabled with `set_option linter.unusedVariables false`
warning: lean/PvNP/RealizableHardness/BinaryMatrixA1Composition.lean:102:20: Variable name `hB` is not explicitly referenced.

Hint: The binding can be removed (if unused) or named `_` (if used implicitly). Alternatively, prefix the name with `_` to silence this warning:
  [apply] _hB

Note: This linter can be disabled with `set_option linter.unusedVariables false`
warning: lean/PvNP/RealizableHardness/BinaryMatrixA1Composition.lean:172:43: `if_pos` has been deprecated: Use `ite_eq_left` instead
⚠ [2289/2320] Replayed PvNP.RealizableHardness.BinaryMatrixComplexA15
warning: lean/PvNP/RealizableHardness/BinaryMatrixComplexA15.lean:35:4: Unused tactic linter: `change fibreEnergy R.fibre f ≤ ε` does nothing

Note: This linter can be disabled with `set_option linter.unusedTactic false`
warning: lean/PvNP/RealizableHardness/BinaryMatrixComplexA15.lean:46:2: Unused tactic linter: `change fibreEnergy Q.fibre f ≤ ε` does nothing

Note: This linter can be disabled with `set_option linter.unusedTactic false`
warning: lean/PvNP/RealizableHardness/BinaryMatrixComplexA15.lean:184:24: This simp argument is unused:
  zero_add

Hint: Omit it from the simp argument list.
  [apply] simp only [Complex.normSq_apply, Complex.sub_re, Complex.sub_im, Complex.mul_re, Complex.mul_im,
    Complex.ofReal_re, Complex.ofReal_im, zero_mul, sub_zero, mul_zero]

Note: This linter can be disabled with `set_option linter.unusedSimpArgs false`
warning: lean/PvNP/RealizableHardness/BinaryMatrixComplexA15.lean:184:34: This simp argument is unused:
  mul_zero

Hint: Omit it from the simp argument list.
  [apply] simp only [Complex.normSq_apply, Complex.sub_re, Complex.sub_im, Complex.mul_re, Complex.mul_im,
    Complex.ofReal_re, Complex.ofReal_im, zero_mul, sub_zero, zero_add]

Note: This linter can be disabled with `set_option linter.unusedSimpArgs false`
⚠ [2301/2320] Replayed PvNP.RealizableHardness.BinaryMatrixTypedA15HyperplaneGlobal
warning: lean/PvNP/RealizableHardness/BinaryMatrixTypedA15HyperplaneGlobal.lean:48:25: Variable name `hH` is not explicitly referenced.

Hint: The binding can be removed (if unused) or named `_` (if used implicitly). Alternatively, prefix the name with `_` to silence this warning:
  [apply] _hH

Note: This linter can be disabled with `set_option linter.unusedVariables false`
⚠ [2303/2320] Replayed PvNP.RealizableHardness.BinaryMatrixTypedA15HyperplaneReducedGlobal
warning: lean/PvNP/RealizableHardness/BinaryMatrixTypedA15HyperplaneReducedGlobal.lean:54:25: Variable name `hH` is not explicitly referenced.

Hint: The binding can be removed (if unused) or named `_` (if used implicitly). Alternatively, prefix the name with `_` to silence this warning:
  [apply] _hH

Note: This linter can be disabled with `set_option linter.unusedVariables false`
warning: lean/PvNP/RealizableHardness/BinaryMatrixTypedA15HyperplaneReducedGlobal.lean:64:25: Variable name `hH` is not explicitly referenced.

Hint: The binding can be removed (if unused) or named `_` (if used implicitly). Alternatively, prefix the name with `_` to silence this warning:
  [apply] _hH

Note: This linter can be disabled with `set_option linter.unusedVariables false`
warning: lean/PvNP/RealizableHardness/BinaryMatrixTypedA15HyperplaneReducedGlobal.lean:84:25: Variable name `hH` is not explicitly referenced.

Hint: The binding can be removed (if unused) or named `_` (if used implicitly). Alternatively, prefix the name with `_` to silence this warning:
  [apply] _hH

Note: This linter can be disabled with `set_option linter.unusedVariables false`
warning: lean/PvNP/RealizableHardness/BinaryMatrixTypedA15HyperplaneReducedGlobal.lean:98:25: Variable name `hH` is not explicitly referenced.

Hint: The binding can be removed (if unused) or named `_` (if used implicitly). Alternatively, prefix the name with `_` to silence this warning:
  [apply] _hH

Note: This linter can be disabled with `set_option linter.unusedVariables false`
warning: lean/PvNP/RealizableHardness/BinaryMatrixTypedA15HyperplaneReducedGlobal.lean:236:25: Variable name `hH` is not explicitly referenced.

Hint: The binding can be removed (if unused) or named `_` (if used implicitly). Alternatively, prefix the name with `_` to silence this warning:
  [apply] _hH

Note: This linter can be disabled with `set_option linter.unusedVariables false`
⚠ [2305/2320] Replayed PvNP.RealizableHardness.BinaryMatrixTypedA14HyperplaneReduced
warning: lean/PvNP/RealizableHardness/BinaryMatrixTypedA14HyperplaneReduced.lean:35:55: Variable name `hH` is not explicitly referenced.

Hint: The binding can be removed (if unused) or named `_` (if used implicitly). Alternatively, prefix the name with `_` to silence this warning:
  [apply] _hH

Note: This linter can be disabled with `set_option linter.unusedVariables false`
warning: lean/PvNP/RealizableHardness/BinaryMatrixTypedA14HyperplaneReduced.lean:119:55: Variable name `hH` is not explicitly referenced.

Hint: The binding can be removed (if unused) or named `_` (if used implicitly). Alternatively, prefix the name with `_` to silence this warning:
  [apply] _hH

Note: This linter can be disabled with `set_option linter.unusedVariables false`
⚠ [2307/2320] Replayed PvNP.RealizableHardness.BinaryMatrixA15BaseCase
warning: lean/PvNP/RealizableHardness/BinaryMatrixA15BaseCase.lean:31:4: Try this: 
  haveI̵

The goal is a proposition, so `have` is preferred over `haveI`.
The difference between `have` and `haveI` is that `haveI` inlines the value.
But this is not relevant for proofs because of proof irrelevance.

Note: This linter can be disabled with `set_option linter.style.haveILetI false`
⚠ [2312/2320] Replayed PvNP.RealizableHardness.BinaryMatrixTypedHyperplaneIntrinsicP
warning: lean/PvNP/RealizableHardness/BinaryMatrixTypedHyperplaneIntrinsicP.lean:138:35: This simp argument is unused:
  Module.Basis.dualBasis_equivFun

Hint: Omit it from the simp argument list.
  [apply] simp [hyperplaneMatrixEquiv, hyperplaneShiftVectorIndex, lineShift, lineFunctional]

Note: This linter can be disabled with `set_option linter.unusedSimpArgs false`
⚠ [2314/2320] Replayed PvNP.RealizableHardness.BinaryMatrixA15SelectedBridge
warning: lean/PvNP/RealizableHardness/BinaryMatrixA15SelectedBridge.lean:44:10: try 'simp' instead of 'simpa'

Note: This linter can be disabled with `set_option linter.unnecessarySimpa false`
warning: lean/PvNP/RealizableHardness/BinaryMatrixA15SelectedBridge.lean:50:10: try 'simp' instead of 'simpa'

Note: This linter can be disabled with `set_option linter.unnecessarySimpa false`
⚠ [2316/2320] Replayed PvNP.RealizableHardness.ActualTypedIntrinsicWitnessNaturality
warning: lean/PvNP/RealizableHardness/ActualTypedIntrinsicWitnessNaturality.lean:224:31: This simp argument is unused:
  LinearEquiv.arrowCongr_apply

Hint: Omit it from the simp argument list.
  [apply] simp [eN, mapReindexEquiv, LinearMap.comp_apply]

Note: This linter can be disabled with `set_option linter.unusedSimpArgs false`
warning: lean/PvNP/RealizableHardness/ActualTypedIntrinsicWitnessNaturality.lean:225:6: This simp argument is unused:
  LinearMap.comp_apply

Hint: Omit it from the simp argument list.
  [apply] simp [eN, mapReindexEquiv, LinearEquiv.arrowCongr_apply]

Note: This linter can be disabled with `set_option linter.unusedSimpArgs false`
warning: lean/PvNP/RealizableHardness/ActualTypedIntrinsicWitnessNaturality.lean:327:4: Try `simp at hz` instead of `simpa using hz`

Note: This linter can be disabled with `set_option linter.unnecessarySimpa false`
warning: lean/PvNP/RealizableHardness/ActualTypedIntrinsicWitnessNaturality.lean:357:4: Try `simp at h'` instead of `simpa using h'`

Note: This linter can be disabled with `set_option linter.unnecessarySimpa false`
warning: lean/PvNP/RealizableHardness/ActualTypedIntrinsicWitnessNaturality.lean:373:2: try 'simp' instead of 'simpa'

Note: This linter can be disabled with `set_option linter.unnecessarySimpa false`
⚠ [2317/2320] Replayed PvNP.RealizableHardness.ActualTypedIntrinsicHyperplaneNaturality
warning: lean/PvNP/RealizableHardness/ActualTypedIntrinsicHyperplaneNaturality.lean:48:5: Variable name `hφ` is not explicitly referenced.

Hint: The binding can be removed (if unused) or named `_` (if used implicitly). Alternatively, prefix the name with `_` to silence this warning:
  [apply] _hφ

Note: This linter can be disabled with `set_option linter.unusedVariables false`
warning: lean/PvNP/RealizableHardness/ActualTypedIntrinsicHyperplaneNaturality.lean:207:6: This simp argument is unused:
  LinearEquiv.arrowCongr_apply

Hint: Omit it from the simp argument list.
  [apply] simp [eIndex, ePhi, eW, mapReindexEquiv, LinearMap.comp_apply, LinearMap.smulRight_apply]

Note: This linter can be disabled with `set_option linter.unusedSimpArgs false`
warning: lean/PvNP/RealizableHardness/ActualTypedIntrinsicHyperplaneNaturality.lean:358:31: This simp argument is unused:
  LinearEquiv.arrowCongr_apply

Hint: Omit it from the simp argument list.
  [apply] simp [eN, mapReindexEquiv, LinearMap.comp_apply]

Note: This linter can be disabled with `set_option linter.unusedSimpArgs false`
warning: lean/PvNP/RealizableHardness/ActualTypedIntrinsicHyperplaneNaturality.lean:359:6: This simp argument is unused:
  LinearMap.comp_apply

Hint: Omit it from the simp argument list.
  [apply] simp [eN, mapReindexEquiv, LinearEquiv.arrowCongr_apply]

Note: This linter can be disabled with `set_option linter.unusedSimpArgs false`
warning: lean/PvNP/RealizableHardness/ActualTypedIntrinsicHyperplaneNaturality.lean:395:31: This simp argument is unused:
  LinearEquiv.arrowCongr_apply

Hint: Omit it from the simp argument list.
  [apply] simp [eN, mapReindexEquiv, LinearMap.comp_apply]

Note: This linter can be disabled with `set_option linter.unusedSimpArgs false`
warning: lean/PvNP/RealizableHardness/ActualTypedIntrinsicHyperplaneNaturality.lean:396:6: This simp argument is unused:
  LinearMap.comp_apply

Hint: Omit it from the simp argument list.
  [apply] simp [eN, mapReindexEquiv, LinearEquiv.arrowCongr_apply]

Note: This linter can be disabled with `set_option linter.unusedSimpArgs false`
⚠ [2318/2320] Replayed PvNP.RealizableHardness.ActualTypedMixedTower
warning: lean/PvNP/RealizableHardness/ActualTypedMixedTower.lean:46:4: The namespace `ActualTypedMixedTower` is duplicated in the declaration `PvNP.RealizableHardness.ActualTypedMixedTower.ActualTypedMixedTower.line`.

Note: This linter can be disabled with `set_option linter.dupNamespace false`
warning: lean/PvNP/RealizableHardness/ActualTypedMixedTower.lean:57:4: The namespace `ActualTypedMixedTower` is duplicated in the declaration `PvNP.RealizableHardness.ActualTypedMixedTower.ActualTypedMixedTower.hyperplane`.

Note: This linter can be disabled with `set_option linter.dupNamespace false`
warning: lean/PvNP/RealizableHardness/ActualTypedMixedTower.lean:37:10: The namespace `ActualTypedMixedTower` is duplicated in the declaration `PvNP.RealizableHardness.ActualTypedMixedTower.ActualTypedMixedTower`.

Note: This linter can be disabled with `set_option linter.dupNamespace false`
warning: lean/PvNP/RealizableHardness/ActualTypedMixedTower.lean:42:4: The namespace `ActualTypedMixedTower` is duplicated in the declaration `PvNP.RealizableHardness.ActualTypedMixedTower.ActualTypedMixedTower.done`.

Note: This linter can be disabled with `set_option linter.dupNamespace false`
✖ [2319/2320] Building PvNP.RealizableHardness.ActualTypedABMixedTower (23s)
trace: .> LEAN_PATH=/home/dfredriksen_quantyra_org/cmmsa_analytic_20260930T040837Z/.lake/packages/Cli/.lake/build/lib/lean:/home/dfredriksen_quantyra_org/cmmsa_analytic_20260930T040837Z/.lake/packages/batteries/.lake/build/lib/lean:/home/dfredriksen_quantyra_org/cmmsa_analytic_20260930T040837Z/.lake/packages/Qq/.lake/build/lib/lean:/home/dfredriksen_quantyra_org/cmmsa_analytic_20260930T040837Z/.lake/packages/aesop/.lake/build/lib/lean:/home/dfredriksen_quantyra_org/cmmsa_analytic_20260930T040837Z/.lake/packages/proofwidgets/.lake/build/lib/lean:/home/dfredriksen_quantyra_org/cmmsa_analytic_20260930T040837Z/.lake/packages/importGraph/.lake/build/lib/lean:/home/dfredriksen_quantyra_org/cmmsa_analytic_20260930T040837Z/.lake/packages/LeanSearchClient/.lake/build/lib/lean:/home/dfredriksen_quantyra_org/cmmsa_analytic_20260930T040837Z/.lake/packages/plausible/.lake/build/lib/lean:/home/dfredriksen_quantyra_org/cmmsa_analytic_20260930T040837Z/.lake/packages/complexitylib/.lake/build/lib/lean:/home/dfredriksen_quantyra_org/cmmsa_analytic_20260930T040837Z/.lake/packages/mathlib/.lake/build/lib/lean:/home/dfredriksen_quantyra_org/cmmsa_analytic_20260930T040837Z/.lake/packages/cslib/.lake/build/lib/lean:/home/dfredriksen_quantyra_org/cmmsa_analytic_20260930T040837Z/.lake/build/lib/lean /home/dfredriksen_quantyra_org/.elan/toolchains/leanprover--lean4---v4.34.0-rc2/bin/lean /home/dfredriksen_quantyra_org/cmmsa_analytic_20260930T040837Z/lean/PvNP/RealizableHardness/ActualTypedABMixedTower.lean -o /home/dfredriksen_quantyra_org/cmmsa_analytic_20260930T040837Z/.lake/build/lib/lean/PvNP/RealizableHardness/ActualTypedABMixedTower.olean -i /home/dfredriksen_quantyra_org/cmmsa_analytic_20260930T040837Z/.lake/build/lib/lean/PvNP/RealizableHardness/ActualTypedABMixedTower.ilean -c /home/dfredriksen_quantyra_org/cmmsa_analytic_20260930T040837Z/.lake/build/ir/PvNP/RealizableHardness/ActualTypedABMixedTower.c --setup /home/dfredriksen_quantyra_org/cmmsa_analytic_20260930T040837Z/.lake/build/ir/PvNP/RealizableHardness/ActualTypedABMixedTower.setup.json --json
error: lean/PvNP/RealizableHardness/ActualTypedABMixedTower.lean:80:12: Invalid dotted identifier notation: The name `toLinearMap.comp` must be atomic
warning: lean/PvNP/RealizableHardness/ActualTypedABMixedTower.lean:61:4: The namespace `ActualTypedABMixedTower` is duplicated in the declaration `PvNP.RealizableHardness.ActualTypedABMixedTower.ActualTypedABMixedTower.line`.

Note: This linter can be disabled with `set_option linter.dupNamespace false`
warning: lean/PvNP/RealizableHardness/ActualTypedABMixedTower.lean:58:4: The namespace `ActualTypedABMixedTower` is duplicated in the declaration `PvNP.RealizableHardness.ActualTypedABMixedTower.ActualTypedABMixedTower.done`.

Note: This linter can be disabled with `set_option linter.dupNamespace false`
warning: lean/PvNP/RealizableHardness/ActualTypedABMixedTower.lean:72:4: The namespace `ActualTypedABMixedTower` is duplicated in the declaration `PvNP.RealizableHardness.ActualTypedABMixedTower.ActualTypedABMixedTower.hyperplane`.

Note: This linter can be disabled with `set_option linter.dupNamespace false`
warning: lean/PvNP/RealizableHardness/ActualTypedABMixedTower.lean:55:10: The namespace `ActualTypedABMixedTower` is duplicated in the declaration `PvNP.RealizableHardness.ActualTypedABMixedTower.ActualTypedABMixedTower`.

Note: This linter can be disabled with `set_option linter.dupNamespace false`
warning: lean/PvNP/RealizableHardness/ActualTypedABMixedTower.lean:86:32: Variable name `n` is not explicitly referenced.

Hint: The binding can be removed (if unused) or named `_` (if used implicitly). Alternatively, prefix the name with `_` to silence this warning:
  [apply] _n

Note: This linter can be disabled with `set_option linter.unusedVariables false`
error: lean/PvNP/RealizableHardness/ActualTypedABMixedTower.lean:121:2: Too many variable names provided at alternative `line`: 12 provided, but 10 expected
error: lean/PvNP/RealizableHardness/ActualTypedABMixedTower.lean:122:24: Invalid field `map`: The environment does not contain `Eq.map`, so it is not possible to project the field `map` from an expression
  A'
of type
  Module.finrank F ↥(Submodule.map n.mkQ A) = 1
error: lean/PvNP/RealizableHardness/ActualTypedABMixedTower.lean:128:2: Too many variable names provided at alternative `hyperplane`: 11 provided, but 9 expected
error: lean/PvNP/RealizableHardness/ActualTypedABMixedTower.lean:129:22: Invalid field `finrank_quotient_add_finrank`: The environment does not contain `Nat.finrank_quotient_add_finrank`, so it is not possible to project the field `finrank_quotient_add_finrank` from an expression
  H
of type `ℕ`
warning: lean/PvNP/RealizableHardness/ActualTypedABMixedTower.lean:141:5: Variable name `hA` is not explicitly referenced.

Hint: The binding can be removed (if unused) or named `_` (if used implicitly). Alternatively, prefix the name with `_` to silence this warning:
  [apply] _hA

Note: This linter can be disabled with `set_option linter.unusedVariables false`
error: lean/PvNP/RealizableHardness/ActualTypedABMixedTower.lean:181:12: typeclass instance problem is stuck
  RingHomCompTriple ?m.132 (RingHom.id F) ?m.131

Note: Lean will not try to resolve this typeclass instance problem because the seventh type argument to `RingHomCompTriple` is a metavariable. This argument must be fully determined before Lean will try to resolve the typeclass.

Hint: Adding type annotations and supplying implicit arguments to functions can give Lean more information for typeclass resolution. For example, if you have a variable `x` that you intend to be a `Nat`, but Lean reports it as having an unresolved type like `?m`, replacing `x` with `(x : Nat)` can get typeclass resolution un-stuck.
error: lean/PvNP/RealizableHardness/ActualTypedABMixedTower.lean:278:4: omega could not prove the goal:
a possible counterexample may satisfy the constraints
  m ≥ 0
  l ≥ 0
  l - m ≥ 1
  k ≥ 0
  j ≥ 0
  j - k ≤ 0
  i ≥ 0
  h ≥ 0
  h - i ≤ 0
  f ≥ 0
  c ≥ 0
  b ≥ 0
  a ≥ 0
  a - b ≥ 0
where
 a := ↑r
 b := ↑Q'.order
 c := ↑(Module.finrank F ↥H)
 f := ↑(Module.finrank F ↥Q'.codomainVariation)
 h := ↑(Module.finrank PvNP.RealizableHardness.BinaryMatrixTypedA15Transport.F✝ ↥Q'.codomainVariation)
 i := ↑(Module.finrank PvNP.RealizableHardness.BinaryMatrixTypedA15Transport.F✝ ↥(Submodule.map B.subtype H))
 j := ↑(Module.finrank PvNP.RealizableHardness.BinaryMatrixTypedA15HyperplaneReducedGlobal.F✝ ↥Q.codomainVariation)
 k := ↑(Module.finrank PvNP.RealizableHardness.BinaryMatrixTypedA15HyperplaneReducedGlobal.F✝ ↥H)
 l := ↑(Module.finrank F (↥H ⧸ Q.codomainVariation))
 m := ↑(Module.finrank F (↥(Submodule.map B.subtype H) ⧸ Q'.codomainVariation))
warning: lean/PvNP/RealizableHardness/ActualTypedABMixedTower.lean:264:48: This simp argument is unused:
  Q

Hint: Omit it from the simp argument list.
  [apply] simp [e]

Note: This linter can be disabled with `set_option linter.unusedSimpArgs false`
error: lean/PvNP/RealizableHardness/ActualTypedABMixedTower.lean:333:19: Application type mismatch: The argument
  f
has type
  (V d ⧸ A✝ →ₗ[F] ↥B✝) → ℂ
but is expected to have type
  (V d ⧸ A →ₗ[F] ↥B) → ℂ
in the application
  ActualTypedABTerminalData.mk A B f
error: lean/PvNP/RealizableHardness/ActualTypedABMixedTower.lean:327:4: code generator does not support recursor `PvNP.RealizableHardness.ActualTypedABMixedTower.ActualTypedABMixedTower.rec` yet, consider using 'match ... with' and/or structural recursion
error: lean/PvNP/RealizableHardness/ActualTypedABMixedTower.lean:384:17: Unknown identifier `adapted_tower_terminal_global`
error: lean/PvNP/RealizableHardness/ActualTypedABMixedTower.lean:379:78: unsolved goals
n d : ℕ
A : Submodule F (V d)
B : Submodule F (W n)
f : (V d ⧸ A →ₗ[F] ↥B) → ℂ
k D : ℕ
tower : ActualTypedABMixedTower A B f k
hk : k ≤ D
eps : ℝ
heps : 0 ≤ eps
hf : UpToTypedNormSqGlobal A B D eps f
hkGlobal : UpToTypedNormSqGlobal A B k eps f
⊢ UpToTypedNormSqGlobal (adaptedTerminalData tower).Aend (adaptedTerminalData tower).Bend 0 (2 ^ (11 * D ^ 2) * eps)
    (adaptedTerminalData tower).fend
error: lean/PvNP/RealizableHardness/ActualTypedABMixedTower.lean:420:6: 'change' tactic failed, pattern
  UpToTypedNormSqGlobal (adaptedTerminalData tail).Aend (adaptedTerminalData tail).Bend 0
    (adaptedA15TotalLoss (k + 1) * eps) (adaptedTerminalData tail).fend
is not definitionally equal to target
  UpToTypedNormSqGlobal (adaptedTerminalData (ActualTypedABMixedTower.line hA hL k T f tail)).Aend
    (adaptedTerminalData (ActualTypedABMixedTower.line hA hL k T f tail)).Bend 0 (adaptedA15TotalLoss (k + 1) * eps)
    (adaptedTerminalData (ActualTypedABMixedTower.line hA hL k T f tail)).fend
error: lean/PvNP/RealizableHardness/ActualTypedABMixedTower.lean:434:70: (deterministic) timeout at `whnf`, maximum number of heartbeats (200000) has been reached

Note: Use `set_option maxHeartbeats <num>` to set the limit.

Hint: Additional diagnostic information may be available using the `set_option diagnostics true` command.
error: lean/PvNP/RealizableHardness/ActualTypedABMixedTower.lean:434:25: (deterministic) timeout at `«synthesize pending MVars»`, maximum number of heartbeats (200000) has been reached

Note: Use `set_option maxHeartbeats <num>` to set the limit.

Hint: Additional diagnostic information may be available using the `set_option diagnostics true` command.
warning: lean/PvNP/RealizableHardness/ActualTypedABMixedTower.lean:404:13: declaration uses `sorry`
error: lean/PvNP/RealizableHardness/ActualTypedABMixedTower.lean:455:31: unsolved goals
n d : ℕ
A : Submodule F (V d)
B : Submodule F (W n)
f : (V d ⧸ A →ₗ[F] ↥B) → ℂ
eps : ℝ
hf : UpToTypedNormSqGlobal A B 0 eps f
Q : CarrierRestriction A B := { domainFixed := ⊥, codomainVariation := ⊤, base := 0 }
⊢ Module.finrank PvNP.RealizableHardness.BinaryMatrixTypedA15Transport.F✝ (↥B ⧸ ⊤) = 0
error: lean/PvNP/RealizableHardness/ActualTypedABMixedTower.lean:483:6: Function expected at
  UpToActualNormSqGlobal
but this term has type
  ?m.1

Note: Expected a function because this term is being applied to the argument
  D

Hint: The identifier `UpToActualNormSqGlobal` is unknown, and Lean's `autoImplicit` option causes an unknown identifier to be treated as an implicitly bound variable with an unknown type. However, the unknown type cannot be a function, and a function is what Lean expects here. This is often the result of a typo or a missing `import` or `open` statement.
error: lean/PvNP/RealizableHardness/ActualTypedABMixedTower.lean:500:14: Function expected at
  BinaryMatrix
but this term has type
  ?m.1

Note: Expected a function because this term is being applied to the argument
  (Module.finrank F B)

Hint: The identifier `BinaryMatrix` is unknown, and Lean's `autoImplicit` option causes an unknown identifier to be treated as an implicitly bound variable with an unknown type. However, the unknown type cannot be a function, and a function is what Lean expects here. This is often the result of a typo or a missing `import` or `open` statement.
error: lean/PvNP/RealizableHardness/ActualTypedABMixedTower.lean:504:28: Function expected at
  UpToActualNormSqGlobal
but this term has type
  ?m.2

Note: Expected a function because this term is being applied to the argument
  D

Hint: The identifier `UpToActualNormSqGlobal` is unknown, and Lean's `autoImplicit` option causes an unknown identifier to be treated as an implicitly bound variable with an unknown type. However, the unknown type cannot be a function, and a function is what Lean expects here. This is often the result of a typo or a missing `import` or `open` statement.
error: lean/PvNP/RealizableHardness/ActualTypedABMixedTower.lean:531:8: Unknown identifier `reducedComplexRankProjection`
error: lean/PvNP/RealizableHardness/ActualTypedABMixedTower.lean:533:8: Unknown identifier `typedComplexLineFilter`
error: lean/PvNP/RealizableHardness/ActualTypedABMixedTower.lean:539:8: Unknown identifier `hyperplaneReducedComplexRankProjection`
error: lean/PvNP/RealizableHardness/ActualTypedABMixedTower.lean:541:8: Unknown identifier `typedComplexHyperplaneFilter`
error: lean/PvNP/RealizableHardness/ActualTypedABMixedTower.lean:554:14: Tactic `assumption` failed

case done
n d : ℕ
A : Submodule F (V d)
B : Submodule F (W n)
f : (V d ⧸ A →ₗ[F] ↥B) → ℂ
k : ℕ
A✝ : Submodule F (V d)
B✝ : Submodule F (W n)
f✝ : (V d ⧸ A✝ →ₗ[F] ↥B✝) → ℂ
⊢ HasActualA14OperatorSemantics (ActualTypedABMixedTower.done f✝)
error: lean/PvNP/RealizableHardness/ActualTypedABMixedTower.lean:555:2: Too many variable names provided at alternative `line`: 12 provided, but 10 expected
error: lean/PvNP/RealizableHardness/ActualTypedABMixedTower.lean:556:6: Tactic `constructor` failed: target is not an inductive datatype

case line
n✝ d✝ : ℕ
A✝ : Submodule F (V d✝)
B✝ : Submodule F (W n✝)
f✝ : (V d✝ ⧸ A✝ →ₗ[F] ↥B✝) → ℂ
k : ℕ
n : Submodule F (V d✝)
d : Submodule F (W n✝)
A : Submodule F (V d✝)
B : n ≤ A
A' : Module.finrank F ↥(Submodule.map n.mkQ A) = 1
hA : ℕ
hL : V d✝ ⧸ n →ₗ[F] ↥d
j : (V d✝ ⧸ n →ₗ[F] ↥d) → ℂ
T :
  ActualTypedABMixedTower A d
    (fun M => typedLineReducedWitness d (Submodule.map n.mkQ A) A' hL j (M ∘ₗ ↑(nestedDomainEquiv n A B))) hA
f : HasActualA14OperatorSemantics T
⊢ HasActualA14OperatorSemantics (ActualTypedABMixedTower.line B A' hA hL j T)
error: lean/PvNP/RealizableHardness/ActualTypedABMixedTower.lean:560:2: Too many variable names provided at alternative `hyperplane`: 11 provided, but 9 expected
error: lean/PvNP/RealizableHardness/ActualTypedABMixedTower.lean:561:6: Tactic `constructor` failed: target is not an inductive datatype

case hyperplane
n✝ d✝ : ℕ
A✝ : Submodule F (V d✝)
B✝ : Submodule F (W n✝)
f✝ : (V d✝ ⧸ A✝ →ₗ[F] ↥B✝) → ℂ
k : ℕ
n : Submodule F (V d✝)
d : Submodule F (W n✝)
A : Submodule F ↥d
B : Module.finrank F (↥d ⧸ A) = 1
H : ℕ
hH : V d✝ ⧸ n →ₗ[F] ↥d
j : (V d✝ ⧸ n →ₗ[F] ↥d) → ℂ
T : ActualTypedABMixedTower n (Submodule.map d.subtype A) (fun N => typedHyperplaneReducedWitness d A B hH j sorry) H
f : HasActualA14OperatorSemantics T
⊢ HasActualA14OperatorSemantics (ActualTypedABMixedTower.hyperplane B H hH j T)
error: lean/PvNP/RealizableHardness/ActualTypedABMixedTower.lean:574:14: Function expected at
  BinaryMatrix
but this term has type
  ?m.1

Note: Expected a function because this term is being applied to the argument
  (Module.finrank F B)

Hint: The identifier `BinaryMatrix` is unknown, and Lean's `autoImplicit` option causes an unknown identifier to be treated as an implicitly bound variable with an unknown type. However, the unknown type cannot be a function, and a function is what Lean expects here. This is often the result of a typo or a missing `import` or `open` statement.
error: lean/PvNP/RealizableHardness/ActualTypedABMixedTower.lean:579:28: Function expected at
  UpToActualNormSqGlobal
but this term has type
  ?m.2

Note: Expected a function because this term is being applied to the argument
  D

Hint: The identifier `UpToActualNormSqGlobal` is unknown, and Lean's `autoImplicit` option causes an unknown identifier to be treated as an implicitly bound variable with an unknown type. However, the unknown type cannot be a function, and a function is what Lean expects here. This is often the result of a typo or a missing `import` or `open` statement.
Some required targets logged failures:
- PvNP.RealizableHardness.ActualTypedABMixedTower
