C:\Users\Dan\Desktop\Projects\realizable-cmmsa-hardness\docs\native-receipts\ActualSelectedComplementAnalyticMoment\runtime-prebuild\local-native-123542\src\PvNP\RealizableHardness\ActualBinaryMatrixHC46A7WeightedPredecessor.lean:109:28: error: Application type mismatch: The argument
  Module.finrank F
has type
  (M : Type ?u.507) → [inst : Semiring F] → [inst_1 : AddCommMonoid M] → [Module F M] → ℕ
but is expected to have type
  Submodule (ZMod 2) (Fin d → ZMod 2) → ?m.1116
in the application
  congrArg (Module.finrank F)
C:\Users\Dan\Desktop\Projects\realizable-cmmsa-hardness\docs\native-receipts\ActualSelectedComplementAnalyticMoment\runtime-prebuild\local-native-123542\src\PvNP\RealizableHardness\ActualBinaryMatrixHC46A7WeightedPredecessor.lean:247:21: warning: `if_pos` has been deprecated: Use `ite_eq_left` instead
C:\Users\Dan\Desktop\Projects\realizable-cmmsa-hardness\docs\native-receipts\ActualSelectedComplementAnalyticMoment\runtime-prebuild\local-native-123542\src\PvNP\RealizableHardness\ActualBinaryMatrixHC46A7WeightedPredecessor.lean:270:21: warning: `if_pos` has been deprecated: Use `ite_eq_left` instead
C:\Users\Dan\Desktop\Projects\realizable-cmmsa-hardness\docs\native-receipts\ActualSelectedComplementAnalyticMoment\runtime-prebuild\local-native-123542\src\PvNP\RealizableHardness\ActualBinaryMatrixHC46A7WeightedPredecessor.lean:275:8: warning: This simp argument is unused:
  BinaryMatrixA1TypedFourier.carrierMean

Hint: Omit it from the simp argument list.
  [apply] simp [hp, complexCarrierFourierCoeff]

Note: This linter can be disabled with `set_option linter.unusedSimpArgs false`
C:\Users\Dan\Desktop\Projects\realizable-cmmsa-hardness\docs\native-receipts\ActualSelectedComplementAnalyticMoment\runtime-prebuild\local-native-123542\src\PvNP\RealizableHardness\ActualBinaryMatrixHC46A7WeightedPredecessor.lean:439:38: warning: This simp argument is unused:
  Matrix.mulVecLin_apply

Hint: Omit it from the simp argument list.
  [apply] simp [w6BlockBottomDisplacementMap, Matrix.fromCols_mulVec, Matrix.mulVecLin_mul, Matrix.mulVecLin_apply]

Note: This linter can be disabled with `set_option linter.unusedSimpArgs false`
C:\Users\Dan\Desktop\Projects\realizable-cmmsa-hardness\docs\native-receipts\ActualSelectedComplementAnalyticMoment\runtime-prebuild\local-native-123542\src\PvNP\RealizableHardness\ActualBinaryMatrixHC46A7WeightedPredecessor.lean:440:50: warning: This simp argument is unused:
  Matrix.mulVecLin_apply

Hint: Omit it from the simp argument list.
  [apply] simp [w6BlockBottomDisplacementMap, Matrix.mulVecLin_apply, Matrix.fromCols_mulVec, Matrix.mulVecLin_mul]

Note: This linter can be disabled with `set_option linter.unusedSimpArgs false`
C:\Users\Dan\Desktop\Projects\realizable-cmmsa-hardness\docs\native-receipts\ActualSelectedComplementAnalyticMoment\runtime-prebuild\local-native-123542\src\PvNP\RealizableHardness\ActualBinaryMatrixHC46A7WeightedPredecessor.lean:616:47: warning: This simp argument is unused:
  CharTwo.add_self_eq_zero

Hint: Omit it from the simp argument list.
  [apply] simp [L, w6CanonicalBlockCandidate, Matrix.fromBlocks_multiply, hsJc, hsJp, Matrix.mul_assoc, add_assoc,
    w6_matrix_add_self_eq_zero]

Note: This linter can be disabled with `set_option linter.unusedSimpArgs false`
C:\Users\Dan\Desktop\Projects\realizable-cmmsa-hardness\docs\native-receipts\ActualSelectedComplementAnalyticMoment\runtime-prebuild\local-native-123542\src\PvNP\RealizableHardness\ActualBinaryMatrixHC46A7WeightedPredecessor.lean:623:6: warning: This simp argument is unused:
  add_assoc

Hint: Omit it from the simp argument list.
  [apply] simp [K, Matrix.fromBlocks_multiply, hrPc, Matrix.mul_assoc, CharTwo.add_self_eq_zero,
    w6_matrix_add_self_eq_zero]

Note: This linter can be disabled with `set_option linter.unusedSimpArgs false`
C:\Users\Dan\Desktop\Projects\realizable-cmmsa-hardness\docs\native-receipts\ActualSelectedComplementAnalyticMoment\runtime-prebuild\local-native-123542\src\PvNP\RealizableHardness\ActualBinaryMatrixHC46A7WeightedPredecessor.lean:623:17: warning: This simp argument is unused:
  CharTwo.add_self_eq_zero

Hint: Omit it from the simp argument list.
  [apply] simp [K, Matrix.fromBlocks_multiply, hrPc, Matrix.mul_assoc, add_assoc, w6_matrix_add_self_eq_zero]

Note: This linter can be disabled with `set_option linter.unusedSimpArgs false`
C:\Users\Dan\Desktop\Projects\realizable-cmmsa-hardness\docs\native-receipts\ActualSelectedComplementAnalyticMoment\runtime-prebuild\local-native-123542\src\PvNP\RealizableHardness\ActualBinaryMatrixHC46A7WeightedPredecessor.lean:653:17: warning: This simp argument is unused:
  Matrix.mulVecLin_apply

Hint: Omit it from the simp argument list.
  [apply] simp [B, Matrix.fromBlocks_mulVec]

Note: This linter can be disabled with `set_option linter.unusedSimpArgs false`
C:\Users\Dan\Desktop\Projects\realizable-cmmsa-hardness\docs\native-receipts\ActualSelectedComplementAnalyticMoment\runtime-prebuild\local-native-123542\src\PvNP\RealizableHardness\ActualBinaryMatrixHC46A7WeightedPredecessor.lean:964:6: warning: try 'simp' instead of 'simpa'

Note: This linter can be disabled with `set_option linter.unnecessarySimpa false`
C:\Users\Dan\Desktop\Projects\realizable-cmmsa-hardness\docs\native-receipts\ActualSelectedComplementAnalyticMoment\runtime-prebuild\local-native-123542\src\PvNP\RealizableHardness\ActualBinaryMatrixHC46A7WeightedPredecessor.lean:924:43: warning: This simp argument is unused:
  Matrix.mulVecLin_apply

Hint: Omit it from the simp argument list.
  [apply] simp [g, w6BlockBottomDisplacementMap, Matrix.fromCols_mulVec, Matrix.mulVecLin_mul, cMap]

Note: This linter can be disabled with `set_option linter.unusedSimpArgs false`
C:\Users\Dan\Desktop\Projects\realizable-cmmsa-hardness\docs\native-receipts\ActualSelectedComplementAnalyticMoment\runtime-prebuild\local-native-123542\src\PvNP\RealizableHardness\ActualBinaryMatrixHC46A7WeightedPredecessor.lean:925:30: warning: This simp argument is unused:
  Matrix.mulVecLin_mul

Hint: Omit it from the simp argument list.
  [apply] simp [g, w6BlockBottomDisplacementMap, Matrix.mulVecLin_apply, Matrix.fromCols_mulVec, cMap]

Note: This linter can be disabled with `set_option linter.unusedSimpArgs false`
C:\Users\Dan\Desktop\Projects\realizable-cmmsa-hardness\docs\native-receipts\ActualSelectedComplementAnalyticMoment\runtime-prebuild\local-native-123542\src\PvNP\RealizableHardness\ActualBinaryMatrixHC46A7WeightedPredecessor.lean:945:45: warning: This simp argument is unused:
  Matrix.mulVecLin_apply

Hint: Omit it from the simp argument list.
  [apply] simp [g, w6BlockBottomDisplacementMap, Matrix.fromCols_mulVec, cMap]

Note: This linter can be disabled with `set_option linter.unusedSimpArgs false`
C:\Users\Dan\Desktop\Projects\realizable-cmmsa-hardness\docs\native-receipts\ActualSelectedComplementAnalyticMoment\runtime-prebuild\local-native-123542\src\PvNP\RealizableHardness\ActualBinaryMatrixHC46A7WeightedPredecessor.lean:957:45: warning: This simp argument is unused:
  Matrix.mulVecLin_apply

Hint: Omit it from the simp argument list.
  [apply] simp [g, w6BlockBottomDisplacementMap, Matrix.fromCols_mulVec]

Note: This linter can be disabled with `set_option linter.unusedSimpArgs false`
C:\Users\Dan\Desktop\Projects\realizable-cmmsa-hardness\docs\native-receipts\ActualSelectedComplementAnalyticMoment\runtime-prebuild\local-native-123542\src\PvNP\RealizableHardness\ActualBinaryMatrixHC46A7WeightedPredecessor.lean:1236:12: warning: This simp argument is unused:
  w6FixedZBlockFiber

Hint: Omit it from the simp argument list.
  [apply] simp [w6FixedBottomBlockFiber, hzfactor]

Note: This linter can be disabled with `set_option linter.unusedSimpArgs false`
C:\Users\Dan\Desktop\Projects\realizable-cmmsa-hardness\docs\native-receipts\ActualSelectedComplementAnalyticMoment\runtime-prebuild\local-native-123542\src\PvNP\RealizableHardness\ActualBinaryMatrixHC46A7WeightedPredecessor.lean:1236:32: warning: This simp argument is unused:
  w6FixedBottomBlockFiber

Hint: Omit it from the simp argument list.
  [apply] simp [w6FixedZBlockFiber, hzfactor]

Note: This linter can be disabled with `set_option linter.unusedSimpArgs false`
C:\Users\Dan\Desktop\Projects\realizable-cmmsa-hardness\docs\native-receipts\ActualSelectedComplementAnalyticMoment\runtime-prebuild\local-native-123542\src\PvNP\RealizableHardness\ActualBinaryMatrixHC46A7WeightedPredecessor.lean:1343:7: warning: Variable name `hBC` is not explicitly referenced.

Hint: The binding can be removed (if unused) or named `_` (if used implicitly). Alternatively, prefix the name with `_` to silence this warning:
  [apply] _hBC

Note: This linter can be disabled with `set_option linter.unusedVariables false`
C:\Users\Dan\Desktop\Projects\realizable-cmmsa-hardness\docs\native-receipts\ActualSelectedComplementAnalyticMoment\runtime-prebuild\local-native-123542\src\PvNP\RealizableHardness\ActualBinaryMatrixHC46A7WeightedPredecessor.lean:1348:7: warning: Variable name `hAD` is not explicitly referenced.

Hint: The binding can be removed (if unused) or named `_` (if used implicitly). Alternatively, prefix the name with `_` to silence this warning:
  [apply] _hAD

Note: This linter can be disabled with `set_option linter.unusedVariables false`
C:\Users\Dan\Desktop\Projects\realizable-cmmsa-hardness\docs\native-receipts\ActualSelectedComplementAnalyticMoment\runtime-prebuild\local-native-123542\src\PvNP\RealizableHardness\ActualBinaryMatrixHC46A7WeightedPredecessor.lean:1465:7: warning: Variable name `hBC` is not explicitly referenced.

Hint: The binding can be removed (if unused) or named `_` (if used implicitly). Alternatively, prefix the name with `_` to silence this warning:
  [apply] _hBC

Note: This linter can be disabled with `set_option linter.unusedVariables false`
C:\Users\Dan\Desktop\Projects\realizable-cmmsa-hardness\docs\native-receipts\ActualSelectedComplementAnalyticMoment\runtime-prebuild\local-native-123542\src\PvNP\RealizableHardness\ActualBinaryMatrixHC46A7WeightedPredecessor.lean:1467:7: warning: Variable name `hAD` is not explicitly referenced.

Hint: The binding can be removed (if unused) or named `_` (if used implicitly). Alternatively, prefix the name with `_` to silence this warning:
  [apply] _hAD

Note: This linter can be disabled with `set_option linter.unusedVariables false`
C:\Users\Dan\Desktop\Projects\realizable-cmmsa-hardness\docs\native-receipts\ActualSelectedComplementAnalyticMoment\runtime-prebuild\local-native-123542\src\PvNP\RealizableHardness\ActualBinaryMatrixHC46A7WeightedPredecessor.lean:1468:7: warning: Variable name `bA` is not explicitly referenced.

Hint: The binding can be removed (if unused) or named `_` (if used implicitly). Alternatively, prefix the name with `_` to silence this warning:
  [apply] _bA

Note: This linter can be disabled with `set_option linter.unusedVariables false`
C:\Users\Dan\Desktop\Projects\realizable-cmmsa-hardness\docs\native-receipts\ActualSelectedComplementAnalyticMoment\runtime-prebuild\local-native-123542\src\PvNP\RealizableHardness\ActualBinaryMatrixHC46A7WeightedPredecessor.lean:1510:12: warning: This simp argument is unused:
  hquot

Hint: Omit it from the simp argument list.
  [apply] simp

Note: This linter can be disabled with `set_option linter.unusedSimpArgs false`
C:\Users\Dan\Desktop\Projects\realizable-cmmsa-hardness\docs\native-receipts\ActualSelectedComplementAnalyticMoment\runtime-prebuild\local-native-123542\src\PvNP\RealizableHardness\ActualBinaryMatrixHC46A7WeightedPredecessor.lean:1623:4: error: 'change' tactic failed, pattern
  (w6ActualFiniteCoordinateMatrix eW eV Y).rank = Module.finrank F ↥C.range
is not definitionally equal to target
  (LinearMap.toMatrix'
        (↑(eV.trans (LinearEquiv.sumArrowLequivProdArrow (Fin k) (Fin s) F F).symm) ∘ₗ
          Matrix.toLin' (Matrix.transpose Y) ∘ₗ
            ↑(eW.trans (LinearEquiv.sumArrowLequivProdArrow (Fin k) (Fin m) F F).symm).symm)).rank =
    Module.finrank F
      ↥(Matrix.toLin'
            (LinearMap.toMatrix'
              (↑(eV.trans (LinearEquiv.sumArrowLequivProdArrow (Fin k) (Fin s) F F).symm) ∘ₗ
                Matrix.toLin' (Matrix.transpose Y) ∘ₗ
                  ↑(eW.trans (LinearEquiv.sumArrowLequivProdArrow (Fin k) (Fin m) F F).symm).symm))).range
C:\Users\Dan\Desktop\Projects\realizable-cmmsa-hardness\docs\native-receipts\ActualSelectedComplementAnalyticMoment\runtime-prebuild\local-native-123542\src\PvNP\RealizableHardness\ActualBinaryMatrixHC46A7WeightedPredecessor.lean:1679:40: warning: This simp argument is unused:
  Matrix.mulVecLin_apply

Hint: Omit it from the simp argument list.
  [apply] simp [w6ActualFiniteCoordinateMatrix, Matrix.toLin'_toMatrix', LinearEquiv.trans_apply,
    LinearEquiv.trans_symm, LinearMap.comp_apply]

Note: This linter can be disabled with `set_option linter.unusedSimpArgs false`
C:\Users\Dan\Desktop\Projects\realizable-cmmsa-hardness\docs\native-receipts\ActualSelectedComplementAnalyticMoment\runtime-prebuild\local-native-123542\src\PvNP\RealizableHardness\ActualBinaryMatrixHC46A7WeightedPredecessor.lean:1680:4: warning: This simp argument is unused:
  Matrix.toLin'_toMatrix'

Hint: Omit it from the simp argument list.
  [apply] simp [w6ActualFiniteCoordinateMatrix, Matrix.mulVecLin_apply, LinearEquiv.trans_apply, LinearEquiv.trans_symm,
    LinearMap.comp_apply]

Note: This linter can be disabled with `set_option linter.unusedSimpArgs false`
C:\Users\Dan\Desktop\Projects\realizable-cmmsa-hardness\docs\native-receipts\ActualSelectedComplementAnalyticMoment\runtime-prebuild\local-native-123542\src\PvNP\RealizableHardness\ActualBinaryMatrixHC46A7WeightedPredecessor.lean:1727:7: warning: Variable name `hBC` is not explicitly referenced.

Hint: The binding can be removed (if unused) or named `_` (if used implicitly). Alternatively, prefix the name with `_` to silence this warning:
  [apply] _hBC

Note: This linter can be disabled with `set_option linter.unusedVariables false`
C:\Users\Dan\Desktop\Projects\realizable-cmmsa-hardness\docs\native-receipts\ActualSelectedComplementAnalyticMoment\runtime-prebuild\local-native-123542\src\PvNP\RealizableHardness\ActualBinaryMatrixHC46A7WeightedPredecessor.lean:1729:7: warning: Variable name `hAD` is not explicitly referenced.

Hint: The binding can be removed (if unused) or named `_` (if used implicitly). Alternatively, prefix the name with `_` to silence this warning:
  [apply] _hAD

Note: This linter can be disabled with `set_option linter.unusedVariables false`
C:\Users\Dan\Desktop\Projects\realizable-cmmsa-hardness\docs\native-receipts\ActualSelectedComplementAnalyticMoment\runtime-prebuild\local-native-123542\src\PvNP\RealizableHardness\ActualBinaryMatrixHC46A7WeightedPredecessor.lean:1730:7: warning: Variable name `bA` is not explicitly referenced.

Hint: The binding can be removed (if unused) or named `_` (if used implicitly). Alternatively, prefix the name with `_` to silence this warning:
  [apply] _bA

Note: This linter can be disabled with `set_option linter.unusedVariables false`
