ANCHORED_ERRORS_BEGIN
/home/dfredriksen_quantyra_org/gcp_robust_source_line_containment_r4_20260924T100133Z/07_direct_main.log:1:lean/PvNP/RealizableHardness/RobustSourceLineContainment.lean:37:4: error: `dsimp` made no progress
/home/dfredriksen_quantyra_org/gcp_robust_source_line_containment_r4_20260924T100133Z/07_direct_main.log:2:lean/PvNP/RealizableHardness/RobustSourceLineContainment.lean:44:2: error: `dsimp` made no progress
/home/dfredriksen_quantyra_org/gcp_robust_source_line_containment_r4_20260924T100133Z/07_direct_main.log:9:lean/PvNP/RealizableHardness/RobustSourceLineContainment.lean:62:21: error: Tactic `rfl` failed: Expected the goal to be a binary relation
/home/dfredriksen_quantyra_org/gcp_robust_source_line_containment_r4_20260924T100133Z/07_direct_main.log:21:lean/PvNP/RealizableHardness/RobustSourceLineContainment.lean:63:22: error: Tactic `rfl` failed: Expected the goal to be a binary relation
/home/dfredriksen_quantyra_org/gcp_robust_source_line_containment_r4_20260924T100133Z/07_direct_main.log:33:lean/PvNP/RealizableHardness/RobustSourceLineContainment.lean:55:51: error: unsolved goals
/home/dfredriksen_quantyra_org/gcp_robust_source_line_containment_r4_20260924T100133Z/07_direct_main.log:55:lean/PvNP/RealizableHardness/RobustSourceLineContainment.lean:53:0: error: internal exception #3
/home/dfredriksen_quantyra_org/gcp_robust_source_line_containment_r4_20260924T100133Z/07_direct_main.log:56:lean/PvNP/RealizableHardness/RobustSourceLineContainment.lean:64:2: error: unexpected token 'have'; expected command
/home/dfredriksen_quantyra_org/gcp_robust_source_line_containment_r4_20260924T100133Z/07_direct_main.log:57:lean/PvNP/RealizableHardness/RobustSourceLineContainment.lean:112:10: error: Tactic `rewrite` failed: Did not find an occurrence of the pattern
/home/dfredriksen_quantyra_org/gcp_robust_source_line_containment_r4_20260924T100133Z/07_direct_main.log:109:lean/PvNP/RealizableHardness/RobustSourceLineContainment.lean:207:15: error: unsolved goals
/home/dfredriksen_quantyra_org/gcp_robust_source_line_containment_r4_20260924T100133Z/07_direct_main.log:129:lean/PvNP/RealizableHardness/RobustSourceLineContainment.lean:218:2: error: Tactic `apply` failed: could not unify the conclusion of `(div_le_div_iff_of_pos_right hden).mpr`
/home/dfredriksen_quantyra_org/gcp_robust_source_line_containment_r4_20260924T100133Z/07_direct_main.log:156:lean/PvNP/RealizableHardness/RobustSourceLineContainment.lean:235:4: error: `dsimp` made no progress
/home/dfredriksen_quantyra_org/gcp_robust_source_line_containment_r4_20260924T100133Z/07_direct_main.log:157:lean/PvNP/RealizableHardness/RobustSourceLineContainment.lean:254:8: error: Tactic `rewrite` failed: Did not find an occurrence of the pattern
/home/dfredriksen_quantyra_org/gcp_robust_source_line_containment_r4_20260924T100133Z/07_direct_main.log:203:lean/PvNP/RealizableHardness/RobustSourceLineContainment.lean:295:37: error: unsolved goals
/home/dfredriksen_quantyra_org/gcp_robust_source_line_containment_r4_20260924T100133Z/07_direct_main.log:224:lean/PvNP/RealizableHardness/RobustSourceLineContainment.lean:301:37: error: unsolved goals
/home/dfredriksen_quantyra_org/gcp_robust_source_line_containment_r4_20260924T100133Z/07_direct_main.log:246:lean/PvNP/RealizableHardness/RobustSourceLineContainment.lean:338:35: error: unsolved goals
/home/dfredriksen_quantyra_org/gcp_robust_source_line_containment_r4_20260924T100133Z/07_direct_main.log:276:lean/PvNP/RealizableHardness/RobustSourceLineContainment.lean:379:15: error: Invalid `⟨...⟩` notation: The expected type of this term could not be determined
/home/dfredriksen_quantyra_org/gcp_robust_source_line_containment_r4_20260924T100133Z/07_direct_main.log:277:lean/PvNP/RealizableHardness/RobustSourceLineContainment.lean:380:16: error: Invalid `⟨...⟩` notation: The expected type of this term could not be determined
/home/dfredriksen_quantyra_org/gcp_robust_source_line_containment_r4_20260924T100133Z/07_direct_main.log:280:lean/PvNP/RealizableHardness/RobustSourceLineContainment.lean:375:4: error: Type mismatch: After simplification, term
/home/dfredriksen_quantyra_org/gcp_robust_source_line_containment_r4_20260924T100133Z/07_direct_main.log:286:lean/PvNP/RealizableHardness/RobustSourceLineContainment.lean:367:61: error: unsolved goals
/home/dfredriksen_quantyra_org/gcp_robust_source_line_containment_r4_20260924T100133Z/07_direct_main.log:330:lean/PvNP/RealizableHardness/RobustSourceLineContainment.lean:352:0: error: internal exception #3
/home/dfredriksen_quantyra_org/gcp_robust_source_line_containment_r4_20260924T100133Z/07_direct_main.log:331:lean/PvNP/RealizableHardness/RobustSourceLineContainment.lean:388:2: error: unexpected token 'have'; expected command
ANCHORED_ERRORS_END
