C:\Users\Dan\Desktop\Projects\realizable-cmmsa-hardness\docs\native-receipts\ActualSelectedComplementAnalyticMoment\runtime-prebuild\local-native-123542\src\PvNP\RealizableHardness\ActualBinaryMatrixHC46A18AmbientHyperplaneLaw.lean:33:4: error(lean.unknownIdentifier): Unknown constant `Matrix.dotProduct`
C:\Users\Dan\Desktop\Projects\realizable-cmmsa-hardness\docs\native-receipts\ActualSelectedComplementAnalyticMoment\runtime-prebuild\local-native-123542\src\PvNP\RealizableHardness\ActualBinaryMatrixHC46A18AmbientHyperplaneLaw.lean:39:4: error(lean.unknownIdentifier): Unknown constant `Matrix.dotProduct`
C:\Users\Dan\Desktop\Projects\realizable-cmmsa-hardness\docs\native-receipts\ActualSelectedComplementAnalyticMoment\runtime-prebuild\local-native-123542\src\PvNP\RealizableHardness\ActualBinaryMatrixHC46A18AmbientHyperplaneLaw.lean:41:12: error(lean.unknownIdentifier): Unknown constant `Matrix.dotProduct`
C:\Users\Dan\Desktop\Projects\realizable-cmmsa-hardness\docs\native-receipts\ActualSelectedComplementAnalyticMoment\runtime-prebuild\local-native-123542\src\PvNP\RealizableHardness\ActualBinaryMatrixHC46A18AmbientHyperplaneLaw.lean:40:56: error: unsolved goals
d : ℕ
psi : Dual d
v : V d
hv : v = ∑ j, v j • Pi.single j 1
⊢ sorry () = ∑ j, v j * psi (Pi.single j 1)
C:\Users\Dan\Desktop\Projects\realizable-cmmsa-hardness\docs\native-receipts\ActualSelectedComplementAnalyticMoment\runtime-prebuild\local-native-123542\src\PvNP\RealizableHardness\ActualBinaryMatrixHC46A18AmbientHyperplaneLaw.lean:45:17: error: unsolved goals
d : ℕ
psi : Dual d
v : V d
hv : v = ∑ j, v j • Pi.single j 1
⊢ psi (∑ j, (∑ j, v j • Pi.single j 1) j • Pi.single j 1) = psi (∑ j, v j • Pi.single j 1)
C:\Users\Dan\Desktop\Projects\realizable-cmmsa-hardness\docs\native-receipts\ActualSelectedComplementAnalyticMoment\runtime-prebuild\local-native-123542\src\PvNP\RealizableHardness\ActualBinaryMatrixHC46A18AmbientHyperplaneLaw.lean:37:27: warning: This simp argument is unused:
  eq_comm

Hint: Omit it from the simp argument list.
  [apply] simp [Pi.single_apply, Finset.sum_ite_eq']

Note: This linter can be disabled with `set_option linter.unusedSimpArgs false`
C:\Users\Dan\Desktop\Projects\realizable-cmmsa-hardness\docs\native-receipts\ActualSelectedComplementAnalyticMoment\runtime-prebuild\local-native-123542\src\PvNP\RealizableHardness\ActualBinaryMatrixHC46A18AmbientHyperplaneLaw.lean:37:36: warning: This simp argument is unused:
  Finset.sum_ite_eq'

Hint: Omit it from the simp argument list.
  [apply] simp [Pi.single_apply, eq_comm]

Note: This linter can be disabled with `set_option linter.unusedSimpArgs false`
C:\Users\Dan\Desktop\Projects\realizable-cmmsa-hardness\docs\native-receipts\ActualSelectedComplementAnalyticMoment\runtime-prebuild\local-native-123542\src\PvNP\RealizableHardness\ActualBinaryMatrixHC46A18AmbientHyperplaneLaw.lean:41:31: warning: This simp argument is unused:
  functionalVectorEquiv

Hint: Omit it from the simp argument list.
  [apply] simp [Matrix.dotProduct, Module.Basis.dualBasis_equivFun, Pi.basisFun_apply]

Note: This linter can be disabled with `set_option linter.unusedSimpArgs false`
C:\Users\Dan\Desktop\Projects\realizable-cmmsa-hardness\docs\native-receipts\ActualSelectedComplementAnalyticMoment\runtime-prebuild\local-native-123542\src\PvNP\RealizableHardness\ActualBinaryMatrixHC46A18AmbientHyperplaneLaw.lean:42:8: warning: This simp argument is unused:
  Module.Basis.dualBasis_equivFun

Hint: Omit it from the simp argument list.
  [apply] simp [Matrix.dotProduct, functionalVectorEquiv, Pi.basisFun_apply]

Note: This linter can be disabled with `set_option linter.unusedSimpArgs false`
C:\Users\Dan\Desktop\Projects\realizable-cmmsa-hardness\docs\native-receipts\ActualSelectedComplementAnalyticMoment\runtime-prebuild\local-native-123542\src\PvNP\RealizableHardness\ActualBinaryMatrixHC46A18AmbientHyperplaneLaw.lean:42:41: warning: This simp argument is unused:
  Pi.basisFun_apply

Hint: Omit it from the simp argument list.
  [apply] simp [Matrix.dotProduct, functionalVectorEquiv, Module.Basis.dualBasis_equivFun]

Note: This linter can be disabled with `set_option linter.unusedSimpArgs false`
C:\Users\Dan\Desktop\Projects\realizable-cmmsa-hardness\docs\native-receipts\ActualSelectedComplementAnalyticMoment\runtime-prebuild\local-native-123542\src\PvNP\RealizableHardness\ActualBinaryMatrixHC46A18AmbientHyperplaneLaw.lean:44:44: warning: This simp argument is unused:
  mul_comm

Hint: Omit it from the simp argument list.
  [apply] simp [map_sum, map_smul, smul_eq_mul]

Note: This linter can be disabled with `set_option linter.unusedSimpArgs false`
C:\Users\Dan\Desktop\Projects\realizable-cmmsa-hardness\docs\native-receipts\ActualSelectedComplementAnalyticMoment\runtime-prebuild\local-native-123542\src\PvNP\RealizableHardness\ActualBinaryMatrixHC46A18AmbientHyperplaneLaw.lean:51:2: error: Type mismatch: After simplification, term
  h
 has type
  True
but is expected to have type
  ((↑(Pi.basisFun F (Fin d)).dualBasis.equivFun).symm u) (Pi.single j 1) = u j
C:\Users\Dan\Desktop\Projects\realizable-cmmsa-hardness\docs\native-receipts\ActualSelectedComplementAnalyticMoment\runtime-prebuild\local-native-123542\src\PvNP\RealizableHardness\ActualBinaryMatrixHC46A18AmbientHyperplaneLaw.lean:57:34: error(lean.unknownIdentifier): Unknown constant `Matrix.dotProduct`
C:\Users\Dan\Desktop\Projects\realizable-cmmsa-hardness\docs\native-receipts\ActualSelectedComplementAnalyticMoment\runtime-prebuild\local-native-123542\src\PvNP\RealizableHardness\ActualBinaryMatrixHC46A18AmbientHyperplaneLaw.lean:75:30: error(lean.unknownIdentifier): Unknown constant `Matrix.dotProduct`
C:\Users\Dan\Desktop\Projects\realizable-cmmsa-hardness\docs\native-receipts\ActualSelectedComplementAnalyticMoment\runtime-prebuild\local-native-123542\src\PvNP\RealizableHardness\ActualBinaryMatrixHC46A18AmbientHyperplaneLaw.lean:78:20: error(lean.unknownIdentifier): Unknown constant `Matrix.dotProduct`
C:\Users\Dan\Desktop\Projects\realizable-cmmsa-hardness\docs\native-receipts\ActualSelectedComplementAnalyticMoment\runtime-prebuild\local-native-123542\src\PvNP\RealizableHardness\ActualBinaryMatrixHC46A18AmbientHyperplaneLaw.lean:82:27: error(lean.unknownIdentifier): Unknown constant `Matrix.dotProduct`
C:\Users\Dan\Desktop\Projects\realizable-cmmsa-hardness\docs\native-receipts\ActualSelectedComplementAnalyticMoment\runtime-prebuild\local-native-123542\src\PvNP\RealizableHardness\ActualBinaryMatrixHC46A18AmbientHyperplaneLaw.lean:92:11: error: don't know how to synthesize implicit argument `n`
  @transposeIndexEquiv ?m.9 d v
context:
n d : ℕ
v : V d
f : BinaryMatrix d n → ℂ
N : BinaryMatrix d n
⊢ ℕ
C:\Users\Dan\Desktop\Projects\realizable-cmmsa-hardness\docs\native-receipts\ActualSelectedComplementAnalyticMoment\runtime-prebuild\local-native-123542\src\PvNP\RealizableHardness\ActualBinaryMatrixHC46A18AmbientHyperplaneLaw.lean:92:6: error: failed to infer `let` declaration type
C:\Users\Dan\Desktop\Projects\realizable-cmmsa-hardness\docs\native-receipts\ActualSelectedComplementAnalyticMoment\runtime-prebuild\local-native-123542\src\PvNP\RealizableHardness\ActualBinaryMatrixHC46A18AmbientHyperplaneLaw.lean:90:48: error: unsolved goals
n d : ℕ
v : V d
f : BinaryMatrix d n → ℂ
N : BinaryMatrix d n
⊢ actualA18TransposeAverage v f N = ambientCodomainHyperplaneAverage v f N
