WORKTREE_HEAD=2db30e6087b4e0546371b4874778e544d4eff4b8
WORKTREE_BRANCH=DETACHED
WORKTREE_STATUS_BEGIN
?? lean/PvNP/RealizableHardness/ActualStarExtensionProduct.lean
?? lean/PvNP/RealizableHardness/ActualStarExtensionProductChecks.lean
?? lean/PvNP/RealizableHardness/ActualStarKernelSupport.lean
?? lean/PvNP/RealizableHardness/ActualStarKernelSupportChecks.lean
?? lean/PvNP/RealizableHardness/ActualStarLineIncidence.lean
?? lean/PvNP/RealizableHardness/ActualStarLineIncidenceChecks.lean
WORKTREE_STATUS_END
OVERLAY_COUNT=6
OVERLAYS_BEGIN
lean/PvNP/RealizableHardness/ActualStarLineIncidence.lean
lean/PvNP/RealizableHardness/ActualStarLineIncidenceChecks.lean
lean/PvNP/RealizableHardness/ActualStarKernelSupport.lean
lean/PvNP/RealizableHardness/ActualStarKernelSupportChecks.lean
lean/PvNP/RealizableHardness/ActualStarExtensionProduct.lean
lean/PvNP/RealizableHardness/ActualStarExtensionProductChecks.lean
OVERLAYS_END
SOURCE_HASHES_BEGIN
14f53ed1450c6d722427a9ce4e8c4fef398084e958ff8d0ac9746c6bcd1cdccf  /home/dfredriksen_quantyra_org/gcp_actual_star_followons_a2_20260924T173708Z_worktree/lean/PvNP/RealizableHardness/ActualStarLineIncidence.lean
450e2301574426612b2ea2c750878ca410788eb2a8dbe3677289bd029eec77fa  /home/dfredriksen_quantyra_org/gcp_actual_star_followons_a2_20260924T173708Z_worktree/lean/PvNP/RealizableHardness/ActualStarLineIncidenceChecks.lean
77493f186052c7ffae8d8ac883dc3dc81628efdf55087d4ad0e264068fb202ef  /home/dfredriksen_quantyra_org/gcp_actual_star_followons_a2_20260924T173708Z_worktree/lean/PvNP/RealizableHardness/ActualStarKernelSupport.lean
f44cf537a438516549ba7f3ba037d7fd1f7cb320134440f420e4ffc89586f33d  /home/dfredriksen_quantyra_org/gcp_actual_star_followons_a2_20260924T173708Z_worktree/lean/PvNP/RealizableHardness/ActualStarKernelSupportChecks.lean
83255a9f2ce29acb63d9e7e8cabfa0e7916d798cf4bd453d25c086eaf4fbab87  /home/dfredriksen_quantyra_org/gcp_actual_star_followons_a2_20260924T173708Z_worktree/lean/PvNP/RealizableHardness/ActualStarExtensionProduct.lean
83769a72cc2203d8bc258b2a129863eb433e27a6655add4abe10c1b6a09927d4  /home/dfredriksen_quantyra_org/gcp_actual_star_followons_a2_20260924T173708Z_worktree/lean/PvNP/RealizableHardness/ActualStarExtensionProductChecks.lean
8190e75a201741065fe508b28955dd64dd72d090babe5f70ce6848879d68ae88  /home/dfredriksen_quantyra_org/gcp_actual_star_followons_a2_20260924T173708Z_worktree/lean-toolchain
03c6564b4a501867a608a3439198e41b88eedf17e3c79c6bfd01790f6ae34cbe  /home/dfredriksen_quantyra_org/gcp_actual_star_followons_a2_20260924T173708Z_worktree/lakefile.toml
825d2e1a20005a259fdf5b181528b391dd6ba18a52c86127caf4c3be990e04f0  /home/dfredriksen_quantyra_org/gcp_actual_star_followons_a2_20260924T173708Z_worktree/lake-manifest.json
SOURCE_HASHES_END
CACHE_LINKS_BEGIN
lrwxrwxrwx 1 dfredriksen_quantyra_org dfredriksen_quantyra_org 65 Sep 24 17:47 /home/dfredriksen_quantyra_org/gcp_actual_star_followons_a2_20260924T173708Z_worktree/.lake/build -> /home/dfredriksen_quantyra_org/mz24-fixed-rho-de048da/.lake/build
lrwxrwxrwx 1 dfredriksen_quantyra_org dfredriksen_quantyra_org 68 Sep 24 17:47 /home/dfredriksen_quantyra_org/gcp_actual_star_followons_a2_20260924T173708Z_worktree/.lake/packages -> /home/dfredriksen_quantyra_org/mz24-fixed-rho-de048da/.lake/packages
/home/dfredriksen_quantyra_org/mz24-fixed-rho-de048da/.lake/packages
/home/dfredriksen_quantyra_org/mz24-fixed-rho-de048da/.lake/build
CACHE_LINKS_END
