C:\Users\Dan\Desktop\Projects\realizable-cmmsa-hardness\docs\native-receipts\ActualSelectedComplementAnalyticMoment\runtime-prebuild\local-native-123542\src\PvNP\RealizableHardness\ActualBinaryMatrixHC46A17HomogeneousLineDecomposition.lean:135:51: error: unsolved goals
n d j : ℕ
f : BinaryMatrix n (d + 1) → ℂ
M : BinaryMatrix n (d + 1)
hpow : 2 ^ j = ↑2 ^ j
⊢ (2 ^ j).re = 2 ^ j
C:\Users\Dan\Desktop\Projects\realizable-cmmsa-hardness\docs\native-receipts\ActualSelectedComplementAnalyticMoment\runtime-prebuild\local-native-123542\src\PvNP\RealizableHardness\ActualBinaryMatrixHC46A17HomogeneousLineDecomposition.lean:138:41: error: unsolved goals
n d j : ℕ
f : BinaryMatrix n (d + 1) → ℂ
M : BinaryMatrix n (d + 1)
hpow : 2 ^ j = ↑2 ^ j
hpow_re : (2 ^ j).re = 2 ^ j
⊢ (2 ^ j).im = 0
C:\Users\Dan\Desktop\Projects\realizable-cmmsa-hardness\docs\native-receipts\ActualSelectedComplementAnalyticMoment\runtime-prebuild\local-native-123542\src\PvNP\RealizableHardness\ActualBinaryMatrixHC46A17HomogeneousLineDecomposition.lean:143:47: warning: This simp argument is unused:
  Complex.ofReal_re

Hint: Omit it from the simp argument list.
  [apply] simp only [Complex.sub_re, Complex.mul_re, Complex.ofReal_im, sub_zero, mul_zero, zero_mul, add_zero]

Note: This linter can be disabled with `set_option linter.unusedSimpArgs false`
C:\Users\Dan\Desktop\Projects\realizable-cmmsa-hardness\docs\native-receipts\ActualSelectedComplementAnalyticMoment\runtime-prebuild\local-native-123542\src\PvNP\RealizableHardness\ActualBinaryMatrixHC46A17HomogeneousLineDecomposition.lean:144:6: warning: This simp argument is unused:
  Complex.ofReal_im

Hint: Omit it from the simp argument list.
  [apply] simp only [Complex.sub_re, Complex.mul_re, Complex.ofReal_re, sub_zero, mul_zero, zero_mul, add_zero]

Note: This linter can be disabled with `set_option linter.unusedSimpArgs false`
C:\Users\Dan\Desktop\Projects\realizable-cmmsa-hardness\docs\native-receipts\ActualSelectedComplementAnalyticMoment\runtime-prebuild\local-native-123542\src\PvNP\RealizableHardness\ActualBinaryMatrixHC46A17HomogeneousLineDecomposition.lean:144:25: warning: This simp argument is unused:
  sub_zero

Hint: Omit it from the simp argument list.
  [apply] simp only [Complex.sub_re, Complex.mul_re, Complex.ofReal_re, Complex.ofReal_im, mul_zero, zero_mul, add_zero]

Note: This linter can be disabled with `set_option linter.unusedSimpArgs false`
C:\Users\Dan\Desktop\Projects\realizable-cmmsa-hardness\docs\native-receipts\ActualSelectedComplementAnalyticMoment\runtime-prebuild\local-native-123542\src\PvNP\RealizableHardness\ActualBinaryMatrixHC46A17HomogeneousLineDecomposition.lean:144:35: warning: This simp argument is unused:
  mul_zero

Hint: Omit it from the simp argument list.
  [apply] simp only [Complex.sub_re, Complex.mul_re, Complex.ofReal_re, Complex.ofReal_im, sub_zero, zero_mul, add_zero]

Note: This linter can be disabled with `set_option linter.unusedSimpArgs false`
C:\Users\Dan\Desktop\Projects\realizable-cmmsa-hardness\docs\native-receipts\ActualSelectedComplementAnalyticMoment\runtime-prebuild\local-native-123542\src\PvNP\RealizableHardness\ActualBinaryMatrixHC46A17HomogeneousLineDecomposition.lean:144:45: warning: This simp argument is unused:
  zero_mul

Hint: Omit it from the simp argument list.
  [apply] simp only [Complex.sub_re, Complex.mul_re, Complex.ofReal_re, Complex.ofReal_im, sub_zero, mul_zero, add_zero]

Note: This linter can be disabled with `set_option linter.unusedSimpArgs false`
C:\Users\Dan\Desktop\Projects\realizable-cmmsa-hardness\docs\native-receipts\ActualSelectedComplementAnalyticMoment\runtime-prebuild\local-native-123542\src\PvNP\RealizableHardness\ActualBinaryMatrixHC46A17HomogeneousLineDecomposition.lean:144:55: warning: This simp argument is unused:
  add_zero

Hint: Omit it from the simp argument list.
  [apply] simp only [Complex.sub_re, Complex.mul_re, Complex.ofReal_re, Complex.ofReal_im, sub_zero, mul_zero, zero_mul]

Note: This linter can be disabled with `set_option linter.unusedSimpArgs false`
C:\Users\Dan\Desktop\Projects\realizable-cmmsa-hardness\docs\native-receipts\ActualSelectedComplementAnalyticMoment\runtime-prebuild\local-native-123542\src\PvNP\RealizableHardness\ActualBinaryMatrixHC46A17HomogeneousLineDecomposition.lean:165:47: warning: This simp argument is unused:
  Complex.ofReal_re

Hint: Omit it from the simp argument list.
  [apply] simp only [Complex.sub_im, Complex.mul_im, Complex.ofReal_im, sub_zero, mul_zero, zero_mul, add_zero]

Note: This linter can be disabled with `set_option linter.unusedSimpArgs false`
C:\Users\Dan\Desktop\Projects\realizable-cmmsa-hardness\docs\native-receipts\ActualSelectedComplementAnalyticMoment\runtime-prebuild\local-native-123542\src\PvNP\RealizableHardness\ActualBinaryMatrixHC46A17HomogeneousLineDecomposition.lean:166:6: warning: This simp argument is unused:
  Complex.ofReal_im

Hint: Omit it from the simp argument list.
  [apply] simp only [Complex.sub_im, Complex.mul_im, Complex.ofReal_re, sub_zero, mul_zero, zero_mul, add_zero]

Note: This linter can be disabled with `set_option linter.unusedSimpArgs false`
C:\Users\Dan\Desktop\Projects\realizable-cmmsa-hardness\docs\native-receipts\ActualSelectedComplementAnalyticMoment\runtime-prebuild\local-native-123542\src\PvNP\RealizableHardness\ActualBinaryMatrixHC46A17HomogeneousLineDecomposition.lean:166:25: warning: This simp argument is unused:
  sub_zero

Hint: Omit it from the simp argument list.
  [apply] simp only [Complex.sub_im, Complex.mul_im, Complex.ofReal_re, Complex.ofReal_im, mul_zero, zero_mul, add_zero]

Note: This linter can be disabled with `set_option linter.unusedSimpArgs false`
C:\Users\Dan\Desktop\Projects\realizable-cmmsa-hardness\docs\native-receipts\ActualSelectedComplementAnalyticMoment\runtime-prebuild\local-native-123542\src\PvNP\RealizableHardness\ActualBinaryMatrixHC46A17HomogeneousLineDecomposition.lean:166:35: warning: This simp argument is unused:
  mul_zero

Hint: Omit it from the simp argument list.
  [apply] simp only [Complex.sub_im, Complex.mul_im, Complex.ofReal_re, Complex.ofReal_im, sub_zero, zero_mul, add_zero]

Note: This linter can be disabled with `set_option linter.unusedSimpArgs false`
C:\Users\Dan\Desktop\Projects\realizable-cmmsa-hardness\docs\native-receipts\ActualSelectedComplementAnalyticMoment\runtime-prebuild\local-native-123542\src\PvNP\RealizableHardness\ActualBinaryMatrixHC46A17HomogeneousLineDecomposition.lean:166:45: warning: This simp argument is unused:
  zero_mul

Hint: Omit it from the simp argument list.
  [apply] simp only [Complex.sub_im, Complex.mul_im, Complex.ofReal_re, Complex.ofReal_im, sub_zero, mul_zero, add_zero]

Note: This linter can be disabled with `set_option linter.unusedSimpArgs false`
C:\Users\Dan\Desktop\Projects\realizable-cmmsa-hardness\docs\native-receipts\ActualSelectedComplementAnalyticMoment\runtime-prebuild\local-native-123542\src\PvNP\RealizableHardness\ActualBinaryMatrixHC46A17HomogeneousLineDecomposition.lean:166:55: warning: This simp argument is unused:
  add_zero

Hint: Omit it from the simp argument list.
  [apply] simp only [Complex.sub_im, Complex.mul_im, Complex.ofReal_re, Complex.ofReal_im, sub_zero, mul_zero, zero_mul]

Note: This linter can be disabled with `set_option linter.unusedSimpArgs false`
