[diag] Diagnostics
  [reduction] unfolded reducible declarations (max: 167, num: 7):
    [reduction] F ↦ 167
    [reduction] PvNP.RealizableHardness.ActualTypedFourierEquivNaturality.F✝ ↦ 123
    [reduction] V ↦ 79
    [reduction] W ↦ 70
    [reduction] outParam ↦ 58
    [reduction] PvNP.RealizableHardness.BinaryMatrixNestedSelectorA1.F✝ ↦ 22
    [reduction] BinaryMatrix ↦ 21
  [type_class] used instances (max: 90, num: 1):
    [type_class] CommSemiRingCat.instCommSemiringObjForgetRingHomCarrier ↦ 90
  [def_eq] heuristic for solving `f a =?= f b` (max: 36, num: 2):
    [def_eq] Pi.addMonoid ↦ 36
    [def_eq] Pi.Function.module ↦ 24
  use `set_option diagnostics.threshold <num>` to control threshold for reporting counters
C:\Users\Dan\Desktop\Projects\realizable-cmmsa-hardness\docs\native-receipts\ActualSelectedComplementAnalyticMoment\runtime-prebuild\local-native-123542\src\PvNP\RealizableHardness\ActualBinaryMatrixHC46A17DomainFrequencyCovariance.lean:146:17: warning: `if_pos` has been deprecated: Use `ite_eq_left` instead
C:\Users\Dan\Desktop\Projects\realizable-cmmsa-hardness\docs\native-receipts\ActualSelectedComplementAnalyticMoment\runtime-prebuild\local-native-123542\src\PvNP\RealizableHardness\ActualBinaryMatrixHC46A17DomainFrequencyCovariance.lean:147:17: warning: `if_neg` has been deprecated: Use `ite_eq_right` instead
[diag] Diagnostics
  [reduction] unfolded declarations (max: 1154986, num: 34):
    [reduction] Matrix ↦ 1154986
    [reduction] DFunLike.coe ↦ 676680
    [reduction] EquivLike.coe ↦ 389620
    [reduction] Equiv.refl ↦ 301890
    [reduction] Matrix.of ↦ 301890
    [reduction] Matrix.transpose ↦ 102599
    [reduction] LinearMap.toMatrix' ↦ 95705
    [reduction] LinearEquiv.trans ↦ 95648
    [reduction] ambientFrequencyMatrixEquiv ↦ 95648
    [reduction] Matrix.transposeAddEquiv ↦ 95643
    [reduction] Matrix.transposeLinearEquiv ↦ 95643
    [reduction] Mul.mul ↦ 11874
    [reduction] HMul.hMul ↦ 10537
    [reduction] Fin.rec ↦ 2624
    [reduction] Nat.rec ↦ 1359
    [reduction] HMod.hMod ↦ 1312
    [reduction] Mod.mod ↦ 1312
    [reduction] Nat.mod ↦ 1312
    [reduction] Fin.foldr ↦ 812
    [reduction] List.ofFn ↦ 812
    [reduction] Multiset.ofList ↦ 450
    [reduction] Multiset.map ↦ 204
    [reduction] Quot.lift ↦ 204
    [reduction] Finset.univ ↦ 164
    [reduction] Fintype.elems ↦ 164
    [reduction] Matrix.toLin' ↦ 64
    [reduction] Matrix.mulVecBilin ↦ 60
    [reduction] dotProduct ↦ 42
    [reduction] Finset.sum ↦ 42
    [reduction] Matrix.mulVec ↦ 42
    [reduction] Multiset.sum ↦ 42
    [reduction] Multiset.foldr ↦ 40
    [reduction] CoeFun.coe ↦ 25
    [reduction] OfNat.ofNat ↦ 21
  [reduction] unfolded reducible declarations (max: 994501, num: 28):
    [reduction] LinearMap.toAddHom ↦ 994501
    [reduction] LinearEquiv.toLinearMap ↦ 455912
    [reduction] BinaryMatrix ↦ 389619
    [reduction] Equiv.toFun ↦ 389527
    [reduction] AddHom.toFun ↦ 382789
    [reduction] AddEquiv.toEquiv ↦ 151926
    [reduction] inferInstance ↦ 95820
    [reduction] Fin.val ↦ 44608
    [reduction] Nat.casesOn ↦ 13979
    [reduction] Fin.casesOn ↦ 2680
    [reduction] F ↦ 1070
    [reduction] outParam ↦ 958
    [reduction] List.casesOn ↦ 694
    [reduction] W ↦ 583
    [reduction] V ↦ 561
    [reduction] PvNP.RealizableHardness.ActualTypedFourierEquivNaturality.F✝ ↦ 468
    [reduction] Finset.val ↦ 328
    [reduction] Quot.liftOn ↦ 244
    [reduction] FunLike ↦ 167
    [reduction] DecidableEq ↦ 136
    [reduction] FiniteDimensional ↦ 129
    [reduction] PvNP.RealizableHardness.BinaryMatrixNestedSelectorA1.F✝ ↦ 110
    [reduction] PvNP.RealizableHardness.ActualTypedABBottomTopRankReindex.F✝ ↦ 108
    [reduction] PvNP.RealizableHardness.ActualTypedABBottomTopRankReindex.V✝ ↦ 88
    [reduction] PvNP.RealizableHardness.ActualTypedABBottomTopRankReindex.W✝ ↦ 86
    [reduction] IsSemisimpleRing ↦ 65
    [reduction] LinearEquiv.invFun ↦ 60
    [reduction] Matrix.mulVecLin ↦ 60
  [type_class] used instances (max: 795, num: 16):
    [type_class] CommSemiRingCat.instCommSemiringObjForgetRingHomCarrier ↦ 795
    [type_class] Nat.fact_prime_two ↦ 94
    [type_class] ZMod.instField ↦ 87
    [type_class] Semiring.toModule ↦ 70
    [type_class] Field.toDivisionRing ↦ 38
    [type_class] Field.toSemifield ↦ 38
    [type_class] Pi.Function.module ↦ 32
    [type_class] DivisionRing.toRing ↦ 31
    [type_class] Complexity.RegGraph.fintypeD ↦ 25
    [type_class] Ring.toAddCommGroup ↦ 24
    [type_class] Semifield.toDivisionSemiring ↦ 24
    [type_class] Fin.fintype ↦ 23
    [type_class] DFinsupp.instEquivLikeLinearEquiv ↦ 22
    [type_class] DFunLike.toCoeFun ↦ 21
    [type_class] EquivLike.toFunLike ↦ 21
    [type_class] Complexity.RegGraph.decEqD ↦ 21
  [def_eq] heuristic for solving `f a =?= f b` (max: 72278, num: 37):
    [def_eq] DFunLike.coe ↦ 72278
    [def_eq] EquivLike.coe ↦ 72239
    [def_eq] id ↦ 29060
    [def_eq] Fin.val ↦ 13120
    [def_eq] Mul.mul ↦ 4611
    [def_eq] HMul.hMul ↦ 3937
    [def_eq] Nat.mul ↦ 3280
    [def_eq] Matrix.transpose ↦ 2823
    [def_eq] Equiv.toFun ↦ 2820
    [def_eq] Fin.mul ↦ 656
    [def_eq] HMod.hMod ↦ 656
    [def_eq] Mod.mod ↦ 656
    [def_eq] Nat.mod ↦ 656
    [def_eq] Nat.mod.match_1 ↦ 656
    [def_eq] List.map ↦ 287
    [def_eq] Pi.addMonoid ↦ 270
    [def_eq] Pi.Function.module ↦ 220
    [def_eq] Semiring.toModule ↦ 149
    [def_eq] RingHom.id ↦ 126
    [def_eq] Multiset.ofList ↦ 124
    [def_eq] Pi.addCommMonoid ↦ 105
    [def_eq] Quot.liftOn ↦ 82
    [def_eq] Multiset.map ↦ 62
    [def_eq] AddHom.toFun ↦ 55
    [def_eq] AddCommMonoid.toAddMonoid ↦ 49
    [def_eq] Finset.sum ↦ 26
    [def_eq] Matrix.mulVec ↦ 26
    [def_eq] AddCommGroup.toAddCommMonoid ↦ 25
    [def_eq] Pi.module ↦ 23
    [def_eq] Matrix ↦ 22
    [def_eq] dotProduct ↦ 21
    [def_eq] CommSemiring.toSemiring ↦ 21
    [def_eq] DivisionSemiring.toSemiring ↦ 21
    [def_eq] Multiset.foldr ↦ 21
    [def_eq] Multiset.sum ↦ 21
    [def_eq] Pi.instSMul ↦ 21
    [def_eq] Ring.toSemiring ↦ 21
  use `set_option diagnostics.threshold <num>` to control threshold for reporting counters
C:\Users\Dan\Desktop\Projects\realizable-cmmsa-hardness\docs\native-receipts\ActualSelectedComplementAnalyticMoment\runtime-prebuild\local-native-123542\src\PvNP\RealizableHardness\ActualBinaryMatrixHC46A17DomainFrequencyCovariance.lean:111:0: error: (deterministic) timeout at `whnf`, maximum number of heartbeats (800000) has been reached

Note: Use `set_option maxHeartbeats <num>` to set the limit.
C:\Users\Dan\Desktop\Projects\realizable-cmmsa-hardness\docs\native-receipts\ActualSelectedComplementAnalyticMoment\runtime-prebuild\local-native-123542\src\PvNP\RealizableHardness\ActualBinaryMatrixHC46A17DomainFrequencyCovariance.lean:184:8: error: (kernel) unknown constant '_private.PvNP.RealizableHardness.ActualBinaryMatrixHC46A17DomainFrequencyCovariance.0.PvNP.RealizableHardness.ActualBinaryMatrixHC46A17DomainFrequencyCovariance.complexAmbientHybridFilter_eq_homFilter_aux'
C:\Users\Dan\Desktop\Projects\realizable-cmmsa-hardness\docs\native-receipts\ActualSelectedComplementAnalyticMoment\runtime-prebuild\local-native-123542\src\PvNP\RealizableHardness\ActualBinaryMatrixHC46A17DomainFrequencyCovariance.lean:230:33: warning: This simp argument is unused:
  domainPullMatrix

Hint: Omit it from the simp argument list.
  [apply] simp [emap, mapReindexEquiv, Matrix.toLin'_toMatrix']

Note: This linter can be disabled with `set_option linter.unusedSimpArgs false`
C:\Users\Dan\Desktop\Projects\realizable-cmmsa-hardness\docs\native-receipts\ActualSelectedComplementAnalyticMoment\runtime-prebuild\local-native-123542\src\PvNP\RealizableHardness\ActualBinaryMatrixHC46A17DomainFrequencyCovariance.lean:230:51: warning: This simp argument is unused:
  Matrix.toLin'_toMatrix'

Hint: Omit it from the simp argument list.
  [apply] simp [emap, mapReindexEquiv, domainPullMatrix]

Note: This linter can be disabled with `set_option linter.unusedSimpArgs false`
