C:\Users\Dan\Desktop\Projects\realizable-cmmsa-hardness\docs\native-receipts\ActualSelectedComplementAnalyticMoment\runtime-prebuild\local-native-123542\src\PvNP\RealizableHardness\ActualBinaryMatrixHC46A17CodomainBranch.lean:84:4: error: omega could not prove the goal:
a possible counterexample may satisfy the constraints
  c ≥ 0
  b ≥ 1
  b - c ≥ 1
  a ≥ 1
where
 a := ↑D
 b := ↑(Module.finrank PvNP.RealizableHardness.ActualBinaryMatrixHC46A17DerivativeCoordinate.F✝
    (PvNP.RealizableHardness.ActualBinaryMatrixHC46A17DerivativeCoordinate.W✝ n ⧸ P.codomainVariation))
 c := ↑(Module.finrank F (W n ⧸ P.codomainVariation))
C:\Users\Dan\Desktop\Projects\realizable-cmmsa-hardness\docs\native-receipts\ActualSelectedComplementAnalyticMoment\runtime-prebuild\local-native-123542\src\PvNP\RealizableHardness\ActualBinaryMatrixHC46A17CodomainBranch.lean:90:4: error: omega could not prove the goal:
a possible counterexample may satisfy the constraints
  h ≥ 0
  g ≥ 0
  e ≥ 0
  e - g ≤ -1
  e - g + h ≤ -1
  c ≥ 0
  b ≥ 0
  b - c ≤ 0
  a ≥ 1
where
 a := ↑D
 b := ↑(Module.finrank PvNP.RealizableHardness.ActualBinaryMatrixHC46A17TransposeHybridFilter.F✝ ↥P.codomainVariation)
 c := ↑(Module.finrank PvNP.RealizableHardness.ActualBinaryMatrixHC46A17TransposeHybridFilter.F✝
    (PvNP.RealizableHardness.ActualBinaryMatrixHC46A17TransposeHybridFilter.V✝ n))
 e := ↑(Module.finrank (ZMod 2) ↥P.codomainVariation)
 g := ↑(Module.finrank (ZMod 2) (Fin n → ZMod 2))
 h := ↑(Module.finrank F ↥(coordinateDualAnnihilator P.codomainVariation))
C:\Users\Dan\Desktop\Projects\realizable-cmmsa-hardness\docs\native-receipts\ActualSelectedComplementAnalyticMoment\runtime-prebuild\local-native-123542\src\PvNP\RealizableHardness\ActualBinaryMatrixHC46A17CodomainBranch.lean:99:4: error: Type mismatch: After simplification, term
  huDual
 has type
  ∀ w ∈ P.codomainVariation,
    ((PvNP.RealizableHardness.ActualBinaryMatrixHC46A17TransposeHybridFilter.dualCoordinateEquiv✝ n).symm u) w = 0
but is expected to have type
  ∀ w ∈ P.codomainVariation, ∑ x, u x * w x = 0
C:\Users\Dan\Desktop\Projects\realizable-cmmsa-hardness\docs\native-receipts\ActualSelectedComplementAnalyticMoment\runtime-prebuild\local-native-123542\src\PvNP\RealizableHardness\ActualBinaryMatrixHC46A17CodomainBranch.lean:122:4: error: omega could not prove the goal:
a possible counterexample may satisfy the constraints
  k ≥ 0
  j ≥ 0
  j - k ≤ 0
  i ≥ 1
  h ≥ 1
  g ≥ 0
  g - h ≥ 0
  c ≥ 0
  b ≥ 0
  b - c ≤ 0
  a ≥ 1
where
 a := ↑D
 b := ↑(Module.finrank PvNP.RealizableHardness.ActualBinaryMatrixHC46A17TransposeHybridFilter.F✝ ↥P.codomainVariation)
 c := ↑(Module.finrank PvNP.RealizableHardness.ActualBinaryMatrixHC46A17TransposeHybridFilter.F✝
    (PvNP.RealizableHardness.ActualBinaryMatrixHC46A17TransposeHybridFilter.V✝ n))
 g := ↑(Module.finrank (ZMod 2) (Fin n → ZMod 2))
 h := ↑(Module.finrank F ↥(coordinateDualAnnihilator P.codomainVariation))
 i := ↑(Module.finrank F (V n))
 j := ↑(Module.finrank F ↥(LinearMap.ker (e.symm u)))
 k := ↑(Module.finrank F (W n))
C:\Users\Dan\Desktop\Projects\realizable-cmmsa-hardness\docs\native-receipts\ActualSelectedComplementAnalyticMoment\runtime-prebuild\local-native-123542\src\PvNP\RealizableHardness\ActualBinaryMatrixHC46A17CodomainBranch.lean:184:6: error(lean.unknownIdentifier): Unknown identifier `actualA18Average`
C:\Users\Dan\Desktop\Projects\realizable-cmmsa-hardness\docs\native-receipts\ActualSelectedComplementAnalyticMoment\runtime-prebuild\local-native-123542\src\PvNP\RealizableHardness\ActualBinaryMatrixHC46A17CodomainBranch.lean:200:12: error(lean.unknownIdentifier): Unknown identifier `actualA18Average`
