[diag] Diagnostics
  [reduction] unfolded reducible declarations (max: 167, num: 7):
    [reduction] F ↦ 167
    [reduction] PvNP.RealizableHardness.ActualTypedFourierEquivNaturality.F✝ ↦ 123
    [reduction] V ↦ 79
    [reduction] W ↦ 70
    [reduction] outParam ↦ 58
    [reduction] PvNP.RealizableHardness.BinaryMatrixNestedSelectorA1.F✝ ↦ 22
    [reduction] BinaryMatrix ↦ 21
  [type_class] used instances (max: 90, num: 1):
    [type_class] CommSemiRingCat.instCommSemiringObjForgetRingHomCarrier ↦ 90
  [def_eq] heuristic for solving `f a =?= f b` (max: 36, num: 2):
    [def_eq] Pi.addMonoid ↦ 36
    [def_eq] Pi.Function.module ↦ 24
  use `set_option diagnostics.threshold <num>` to control threshold for reporting counters
C:\Users\Dan\Desktop\Projects\realizable-cmmsa-hardness\docs\native-receipts\ActualSelectedComplementAnalyticMoment\runtime-prebuild\local-native-123542\src\PvNP\RealizableHardness\ActualBinaryMatrixHC46A17DomainFrequencyCovariance.lean:157:17: warning: `if_pos` has been deprecated: Use `ite_eq_left` instead
C:\Users\Dan\Desktop\Projects\realizable-cmmsa-hardness\docs\native-receipts\ActualSelectedComplementAnalyticMoment\runtime-prebuild\local-native-123542\src\PvNP\RealizableHardness\ActualBinaryMatrixHC46A17DomainFrequencyCovariance.lean:158:17: warning: `if_neg` has been deprecated: Use `ite_eq_right` instead
[diag] Diagnostics
  [reduction] unfolded declarations (max: 1156424, num: 33):
    [reduction] Matrix ↦ 1156424
    [reduction] DFunLike.coe ↦ 677543
    [reduction] EquivLike.coe ↦ 390117
    [reduction] Equiv.refl ↦ 302295
    [reduction] Matrix.of ↦ 302295
    [reduction] Matrix.transpose ↦ 102730
    [reduction] LinearMap.toMatrix' ↦ 95824
    [reduction] LinearEquiv.trans ↦ 95773
    [reduction] ambientFrequencyMatrixEquiv ↦ 95773
    [reduction] Matrix.transposeAddEquiv ↦ 95770
    [reduction] Matrix.transposeLinearEquiv ↦ 95770
    [reduction] Mul.mul ↦ 11890
    [reduction] HMul.hMul ↦ 10546
    [reduction] Fin.rec ↦ 2628
    [reduction] Nat.rec ↦ 1354
    [reduction] HMod.hMod ↦ 1314
    [reduction] Mod.mod ↦ 1314
    [reduction] Nat.mod ↦ 1314
    [reduction] Fin.foldr ↦ 812
    [reduction] List.ofFn ↦ 812
    [reduction] Multiset.ofList ↦ 450
    [reduction] Multiset.map ↦ 204
    [reduction] Quot.lift ↦ 204
    [reduction] Finset.univ ↦ 164
    [reduction] Fintype.elems ↦ 164
    [reduction] Matrix.toLin' ↦ 58
    [reduction] Matrix.mulVecBilin ↦ 54
    [reduction] dotProduct ↦ 42
    [reduction] Finset.sum ↦ 42
    [reduction] Matrix.mulVec ↦ 42
    [reduction] Multiset.sum ↦ 42
    [reduction] Multiset.foldr ↦ 40
    [reduction] CoeFun.coe ↦ 21
  [reduction] unfolded reducible declarations (max: 995691, num: 28):
    [reduction] LinearMap.toAddHom ↦ 995691
    [reduction] LinearEquiv.toLinearMap ↦ 456488
    [reduction] BinaryMatrix ↦ 390127
    [reduction] Equiv.toFun ↦ 390040
    [reduction] AddHom.toFun ↦ 383273
    [reduction] AddEquiv.toEquiv ↦ 152125
    [reduction] inferInstance ↦ 95918
    [reduction] Fin.val ↦ 44670
    [reduction] Nat.casesOn ↦ 13990
    [reduction] Fin.casesOn ↦ 2684
    [reduction] F ↦ 1049
    [reduction] outParam ↦ 1016
    [reduction] List.casesOn ↦ 694
    [reduction] W ↦ 579
    [reduction] V ↦ 557
    [reduction] PvNP.RealizableHardness.ActualTypedFourierEquivNaturality.F✝ ↦ 468
    [reduction] Finset.val ↦ 328
    [reduction] Quot.liftOn ↦ 244
    [reduction] FunLike ↦ 159
    [reduction] FiniteDimensional ↦ 129
    [reduction] PvNP.RealizableHardness.BinaryMatrixNestedSelectorA1.F✝ ↦ 110
    [reduction] DecidableEq ↦ 103
    [reduction] PvNP.RealizableHardness.ActualTypedABBottomTopRankReindex.V✝ ↦ 93
    [reduction] PvNP.RealizableHardness.ActualTypedABBottomTopRankReindex.W✝ ↦ 91
    [reduction] IsSemisimpleRing ↦ 65
    [reduction] PvNP.RealizableHardness.ActualTypedABBottomTopRankReindex.F✝ ↦ 63
    [reduction] LinearEquiv.invFun ↦ 54
    [reduction] Matrix.mulVecLin ↦ 54
  [type_class] used instances (max: 618, num: 11):
    [type_class] CommSemiRingCat.instCommSemiringObjForgetRingHomCarrier ↦ 618
    [type_class] Nat.fact_prime_two ↦ 90
    [type_class] ZMod.instField ↦ 83
    [type_class] Semiring.toModule ↦ 70
    [type_class] Field.toDivisionRing ↦ 38
    [type_class] Field.toSemifield ↦ 34
    [type_class] Pi.Function.module ↦ 32
    [type_class] DivisionRing.toRing ↦ 31
    [type_class] Ring.toAddCommGroup ↦ 24
    [type_class] Semifield.toDivisionSemiring ↦ 24
    [type_class] Fin.fintype ↦ 23
  [def_eq] heuristic for solving `f a =?= f b` (max: 72372, num: 35):
    [def_eq] DFunLike.coe ↦ 72372
    [def_eq] EquivLike.coe ↦ 72334
    [def_eq] id ↦ 29101
    [def_eq] Fin.val ↦ 13139
    [def_eq] Mul.mul ↦ 4613
    [def_eq] HMul.hMul ↦ 3942
    [def_eq] Nat.mul ↦ 3285
    [def_eq] Equiv.toFun ↦ 2823
    [def_eq] Matrix.transpose ↦ 2823
    [def_eq] Fin.mul ↦ 657
    [def_eq] HMod.hMod ↦ 657
    [def_eq] Mod.mod ↦ 657
    [def_eq] Nat.mod ↦ 657
    [def_eq] Nat.mod.match_1 ↦ 657
    [def_eq] List.map ↦ 287
    [def_eq] Pi.addMonoid ↦ 270
    [def_eq] Pi.Function.module ↦ 180
    [def_eq] Semiring.toModule ↦ 129
    [def_eq] Multiset.ofList ↦ 124
    [def_eq] RingHom.id ↦ 108
    [def_eq] Quot.liftOn ↦ 82
    [def_eq] Pi.addCommMonoid ↦ 69
    [def_eq] Multiset.map ↦ 62
    [def_eq] AddHom.toFun ↦ 55
    [def_eq] AddCommMonoid.toAddMonoid ↦ 45
    [def_eq] Finset.sum ↦ 26
    [def_eq] AddCommGroup.toAddCommMonoid ↦ 25
    [def_eq] Matrix.mulVec ↦ 23
    [def_eq] Pi.module ↦ 23
    [def_eq] dotProduct ↦ 21
    [def_eq] CommSemiring.toSemiring ↦ 21
    [def_eq] DivisionSemiring.toSemiring ↦ 21
    [def_eq] Multiset.foldr ↦ 21
    [def_eq] Multiset.sum ↦ 21
    [def_eq] Ring.toSemiring ↦ 21
  use `set_option diagnostics.threshold <num>` to control threshold for reporting counters
C:\Users\Dan\Desktop\Projects\realizable-cmmsa-hardness\docs\native-receipts\ActualSelectedComplementAnalyticMoment\runtime-prebuild\local-native-123542\src\PvNP\RealizableHardness\ActualBinaryMatrixHC46A17DomainFrequencyCovariance.lean:125:0: error: (deterministic) timeout at `whnf`, maximum number of heartbeats (800000) has been reached

Note: Use `set_option maxHeartbeats <num>` to set the limit.
C:\Users\Dan\Desktop\Projects\realizable-cmmsa-hardness\docs\native-receipts\ActualSelectedComplementAnalyticMoment\runtime-prebuild\local-native-123542\src\PvNP\RealizableHardness\ActualBinaryMatrixHC46A17DomainFrequencyCovariance.lean:195:8: error: (kernel) unknown constant '_private.PvNP.RealizableHardness.ActualBinaryMatrixHC46A17DomainFrequencyCovariance.0.PvNP.RealizableHardness.ActualBinaryMatrixHC46A17DomainFrequencyCovariance.complexAmbientHybridFilter_eq_homFilter_aux'
C:\Users\Dan\Desktop\Projects\realizable-cmmsa-hardness\docs\native-receipts\ActualSelectedComplementAnalyticMoment\runtime-prebuild\local-native-123542\src\PvNP\RealizableHardness\ActualBinaryMatrixHC46A17DomainFrequencyCovariance.lean:241:33: warning: This simp argument is unused:
  domainPullMatrix

Hint: Omit it from the simp argument list.
  [apply] simp [emap, mapReindexEquiv, Matrix.toLin'_toMatrix']

Note: This linter can be disabled with `set_option linter.unusedSimpArgs false`
C:\Users\Dan\Desktop\Projects\realizable-cmmsa-hardness\docs\native-receipts\ActualSelectedComplementAnalyticMoment\runtime-prebuild\local-native-123542\src\PvNP\RealizableHardness\ActualBinaryMatrixHC46A17DomainFrequencyCovariance.lean:241:51: warning: This simp argument is unused:
  Matrix.toLin'_toMatrix'

Hint: Omit it from the simp argument list.
  [apply] simp [emap, mapReindexEquiv, domainPullMatrix]

Note: This linter can be disabled with `set_option linter.unusedSimpArgs false`
