⚠ [2202/2221] Replayed PvNP.RealizableHardness.BinaryMatrixFourier
warning: lean/PvNP/RealizableHardness/BinaryMatrixFourier.lean:126:8: `if_pos` has been deprecated: Use `ite_eq_left` instead
warning: lean/PvNP/RealizableHardness/BinaryMatrixFourier.lean:132:8: `if_neg` has been deprecated: Use `ite_eq_right` instead
⚠ [2204/2221] Replayed PvNP.RealizableHardness.BinaryMatrixHybridSelector
warning: lean/PvNP/RealizableHardness/BinaryMatrixHybridSelector.lean:71:8: `if_pos` has been deprecated: Use `ite_eq_left` instead
warning: lean/PvNP/RealizableHardness/BinaryMatrixHybridSelector.lean:90:8: `if_neg` has been deprecated: Use `ite_eq_right` instead
⚠ [2206/2221] Replayed PvNP.RealizableHardness.BinaryMatrixLineTranslation
warning: lean/PvNP/RealizableHardness/BinaryMatrixLineTranslation.lean:243:4: try 'simp' instead of 'simpa'

Note: This linter can be disabled with `set_option linter.unnecessarySimpa false`
warning: lean/PvNP/RealizableHardness/BinaryMatrixLineTranslation.lean:315:8: `if_neg` has been deprecated: Use `ite_eq_right` instead
warning: lean/PvNP/RealizableHardness/BinaryMatrixLineTranslation.lean:407:15: `if_neg` has been deprecated: Use `ite_eq_right` instead
warning: lean/PvNP/RealizableHardness/BinaryMatrixLineTranslation.lean:433:41: This simp argument is unused:
  s

Hint: Omit it from the simp argument list.
  [apply] simp [hs, hr]

Note: This linter can be disabled with `set_option linter.unusedSimpArgs false`
warning: lean/PvNP/RealizableHardness/BinaryMatrixLineTranslation.lean:555:15: `if_neg` has been deprecated: Use `ite_eq_right` instead
warning: lean/PvNP/RealizableHardness/BinaryMatrixLineTranslation.lean:592:57: This simp argument is unused:
  mul_assoc

Hint: Omit it from the simp argument list.
  [apply] simp [hr, hs]

Note: This linter can be disabled with `set_option linter.unusedSimpArgs false`
⚠ [2207/2221] Replayed PvNP.RealizableHardness.BinaryMatrixLineA14
warning: lean/PvNP/RealizableHardness/BinaryMatrixLineA14.lean:88:8: `if_pos` has been deprecated: Use `ite_eq_left` instead
warning: lean/PvNP/RealizableHardness/BinaryMatrixLineA14.lean:97:8: `if_neg` has been deprecated: Use `ite_eq_right` instead
✔ [2279/2300] Built PvNP.RealizableHardness.BinaryMatrixCodomainA15 (1.9s)
✔ [2280/2300] Built PvNP.RealizableHardness.BinaryMatrixActualAffineCarrier (2.3s)
✔ [2281/2300] Built PvNP.RealizableHardness.BinaryMatrixCodomainA14 (2.1s)
✔ [2282/2300] Built PvNP.RealizableHardness.BinaryMatrixNestedSelectorA1 (2.6s)
⚠ [2283/2300] Built PvNP.RealizableHardness.BinaryMatrixComplexA15 (3.1s)
warning: lean/PvNP/RealizableHardness/BinaryMatrixComplexA15.lean:35:4: Unused tactic linter: `change fibreEnergy R.fibre f ≤ ε` does nothing

Note: This linter can be disabled with `set_option linter.unusedTactic false`
warning: lean/PvNP/RealizableHardness/BinaryMatrixComplexA15.lean:46:2: Unused tactic linter: `change fibreEnergy Q.fibre f ≤ ε` does nothing

Note: This linter can be disabled with `set_option linter.unusedTactic false`
warning: lean/PvNP/RealizableHardness/BinaryMatrixComplexA15.lean:184:24: This simp argument is unused:
  zero_add

Hint: Omit it from the simp argument list.
  [apply] simp only [Complex.normSq_apply, Complex.sub_re, Complex.sub_im, Complex.mul_re, Complex.mul_im,
    Complex.ofReal_re, Complex.ofReal_im, zero_mul, sub_zero, mul_zero]

Note: This linter can be disabled with `set_option linter.unusedSimpArgs false`
warning: lean/PvNP/RealizableHardness/BinaryMatrixComplexA15.lean:184:34: This simp argument is unused:
  mul_zero

Hint: Omit it from the simp argument list.
  [apply] simp only [Complex.normSq_apply, Complex.sub_re, Complex.sub_im, Complex.mul_re, Complex.mul_im,
    Complex.ofReal_re, Complex.ofReal_im, zero_mul, sub_zero, zero_add]

Note: This linter can be disabled with `set_option linter.unusedSimpArgs false`
✔ [2284/2300] Built PvNP.RealizableHardness.BinaryMatrixA1Phase (2.4s)
✔ [2285/2300] Built PvNP.RealizableHardness.BinaryMatrixA1CharacterBridge (1.0s)
⚠ [2286/2300] Built PvNP.RealizableHardness.BinaryMatrixA1TypedFourier (4.8s)
warning: lean/PvNP/RealizableHardness/BinaryMatrixA1TypedFourier.lean:198:8: `if_pos` has been deprecated: Use `ite_eq_left` instead
warning: lean/PvNP/RealizableHardness/BinaryMatrixA1TypedFourier.lean:204:8: `if_neg` has been deprecated: Use `ite_eq_right` instead
warning: lean/PvNP/RealizableHardness/BinaryMatrixA1TypedFourier.lean:236:8: `if_pos` has been deprecated: Use `ite_eq_left` instead
warning: lean/PvNP/RealizableHardness/BinaryMatrixA1TypedFourier.lean:242:8: `if_neg` has been deprecated: Use `ite_eq_right` instead
✔ [2287/2300] Built PvNP.RealizableHardness.BinaryMatrixA1NestedCarrier (2.7s)
⚠ [2288/2300] Built PvNP.RealizableHardness.BinaryMatrixA1CoefficientTransfer (3.0s)
warning: lean/PvNP/RealizableHardness/BinaryMatrixA1CoefficientTransfer.lean:111:15: `if_pos` has been deprecated: Use `ite_eq_left` instead
⚠ [2289/2300] Built PvNP.RealizableHardness.BinaryMatrixA1Composition (4.3s)
warning: lean/PvNP/RealizableHardness/BinaryMatrixA1Composition.lean:40:15: `if_pos` has been deprecated: Use `ite_eq_left` instead
warning: lean/PvNP/RealizableHardness/BinaryMatrixA1Composition.lean:102:5: Variable name `hA` is not explicitly referenced.

Hint: The binding can be removed (if unused) or named `_` (if used implicitly). Alternatively, prefix the name with `_` to silence this warning:
  [apply] _hA

Note: This linter can be disabled with `set_option linter.unusedVariables false`
warning: lean/PvNP/RealizableHardness/BinaryMatrixA1Composition.lean:102:20: Variable name `hB` is not explicitly referenced.

Hint: The binding can be removed (if unused) or named `_` (if used implicitly). Alternatively, prefix the name with `_` to silence this warning:
  [apply] _hB

Note: This linter can be disabled with `set_option linter.unusedVariables false`
warning: lean/PvNP/RealizableHardness/BinaryMatrixA1Composition.lean:172:43: `if_pos` has been deprecated: Use `ite_eq_left` instead
✔ [2290/2300] Built PvNP.RealizableHardness.BinaryMatrixA1Complex (3.1s)
✔ [2291/2300] Built PvNP.RealizableHardness.BinaryMatrixComplexA14 (2.2s)
✔ [2292/2300] Built PvNP.RealizableHardness.BinaryMatrixTypedA15Transport (4.6s)
✔ [2293/2300] Built PvNP.RealizableHardness.BinaryMatrixTypedA15OneStep (5.5s)
✔ [2294/2300] Built PvNP.RealizableHardness.BinaryMatrixTypedA15AdaptedGlobal (5.2s)
✔ [2295/2300] Built PvNP.RealizableHardness.BinaryMatrixTypedA15Reduced (3.2s)
✔ [2296/2300] Built PvNP.RealizableHardness.BinaryMatrixTypedA15ReducedGlobal (5.6s)
✔ [2297/2300] Built PvNP.RealizableHardness.BinaryMatrixTypedA14Line (4.2s)
✔ [2298/2300] Built PvNP.RealizableHardness.BinaryMatrixTypedA14Reduced (3.8s)
✔ [2299/2300] Built PvNP.RealizableHardness.BinaryMatrixTypedA14FixedBase (3.3s)
✔ [2300/2300] Built PvNP.RealizableHardness.ActualBinaryMatrixHC46Derivative (2.3s)
Build completed successfully (2300 jobs).
