⚠ [2235/2317] Replayed PvNP.RealizableHardness.BinaryMatrixFourier
warning: lean/PvNP/RealizableHardness/BinaryMatrixFourier.lean:126:8: `if_pos` has been deprecated: Use `ite_eq_left` instead
warning: lean/PvNP/RealizableHardness/BinaryMatrixFourier.lean:132:8: `if_neg` has been deprecated: Use `ite_eq_right` instead
⚠ [2237/2317] Replayed PvNP.RealizableHardness.BinaryMatrixHybridSelector
warning: lean/PvNP/RealizableHardness/BinaryMatrixHybridSelector.lean:71:8: `if_pos` has been deprecated: Use `ite_eq_left` instead
warning: lean/PvNP/RealizableHardness/BinaryMatrixHybridSelector.lean:90:8: `if_neg` has been deprecated: Use `ite_eq_right` instead
⚠ [2238/2317] Replayed PvNP.RealizableHardness.BinaryMatrixLineTranslation
warning: lean/PvNP/RealizableHardness/BinaryMatrixLineTranslation.lean:243:4: try 'simp' instead of 'simpa'

Note: This linter can be disabled with `set_option linter.unnecessarySimpa false`
warning: lean/PvNP/RealizableHardness/BinaryMatrixLineTranslation.lean:315:8: `if_neg` has been deprecated: Use `ite_eq_right` instead
warning: lean/PvNP/RealizableHardness/BinaryMatrixLineTranslation.lean:407:15: `if_neg` has been deprecated: Use `ite_eq_right` instead
warning: lean/PvNP/RealizableHardness/BinaryMatrixLineTranslation.lean:433:41: This simp argument is unused:
  s

Hint: Omit it from the simp argument list.
  [apply] simp [hs, hr]

Note: This linter can be disabled with `set_option linter.unusedSimpArgs false`
warning: lean/PvNP/RealizableHardness/BinaryMatrixLineTranslation.lean:555:15: `if_neg` has been deprecated: Use `ite_eq_right` instead
warning: lean/PvNP/RealizableHardness/BinaryMatrixLineTranslation.lean:592:57: This simp argument is unused:
  mul_assoc

Hint: Omit it from the simp argument list.
  [apply] simp [hr, hs]

Note: This linter can be disabled with `set_option linter.unusedSimpArgs false`
⚠ [2239/2317] Replayed PvNP.RealizableHardness.BinaryMatrixLineA14
warning: lean/PvNP/RealizableHardness/BinaryMatrixLineA14.lean:88:8: `if_pos` has been deprecated: Use `ite_eq_left` instead
warning: lean/PvNP/RealizableHardness/BinaryMatrixLineA14.lean:97:8: `if_neg` has been deprecated: Use `ite_eq_right` instead
⚠ [2284/2317] Replayed PvNP.RealizableHardness.BinaryMatrixComplexA15
warning: lean/PvNP/RealizableHardness/BinaryMatrixComplexA15.lean:35:4: Unused tactic linter: `change fibreEnergy R.fibre f ≤ ε` does nothing

Note: This linter can be disabled with `set_option linter.unusedTactic false`
warning: lean/PvNP/RealizableHardness/BinaryMatrixComplexA15.lean:46:2: Unused tactic linter: `change fibreEnergy Q.fibre f ≤ ε` does nothing

Note: This linter can be disabled with `set_option linter.unusedTactic false`
warning: lean/PvNP/RealizableHardness/BinaryMatrixComplexA15.lean:184:24: This simp argument is unused:
  zero_add

Hint: Omit it from the simp argument list.
  [apply] simp only [Complex.normSq_apply, Complex.sub_re, Complex.sub_im, Complex.mul_re, Complex.mul_im,
    Complex.ofReal_re, Complex.ofReal_im, zero_mul, sub_zero, mul_zero]

Note: This linter can be disabled with `set_option linter.unusedSimpArgs false`
warning: lean/PvNP/RealizableHardness/BinaryMatrixComplexA15.lean:184:34: This simp argument is unused:
  mul_zero

Hint: Omit it from the simp argument list.
  [apply] simp only [Complex.normSq_apply, Complex.sub_re, Complex.sub_im, Complex.mul_re, Complex.mul_im,
    Complex.ofReal_re, Complex.ofReal_im, zero_mul, sub_zero, zero_add]

Note: This linter can be disabled with `set_option linter.unusedSimpArgs false`
⚠ [2286/2317] Replayed PvNP.RealizableHardness.BinaryMatrixA1TypedFourier
warning: lean/PvNP/RealizableHardness/BinaryMatrixA1TypedFourier.lean:198:8: `if_pos` has been deprecated: Use `ite_eq_left` instead
warning: lean/PvNP/RealizableHardness/BinaryMatrixA1TypedFourier.lean:204:8: `if_neg` has been deprecated: Use `ite_eq_right` instead
warning: lean/PvNP/RealizableHardness/BinaryMatrixA1TypedFourier.lean:236:8: `if_pos` has been deprecated: Use `ite_eq_left` instead
warning: lean/PvNP/RealizableHardness/BinaryMatrixA1TypedFourier.lean:242:8: `if_neg` has been deprecated: Use `ite_eq_right` instead
⚠ [2288/2317] Replayed PvNP.RealizableHardness.BinaryMatrixA1CoefficientTransfer
warning: lean/PvNP/RealizableHardness/BinaryMatrixA1CoefficientTransfer.lean:111:15: `if_pos` has been deprecated: Use `ite_eq_left` instead
⚠ [2289/2317] Replayed PvNP.RealizableHardness.BinaryMatrixA1Composition
warning: lean/PvNP/RealizableHardness/BinaryMatrixA1Composition.lean:40:15: `if_pos` has been deprecated: Use `ite_eq_left` instead
warning: lean/PvNP/RealizableHardness/BinaryMatrixA1Composition.lean:102:5: Variable name `hA` is not explicitly referenced.

Hint: The binding can be removed (if unused) or named `_` (if used implicitly). Alternatively, prefix the name with `_` to silence this warning:
  [apply] _hA

Note: This linter can be disabled with `set_option linter.unusedVariables false`
warning: lean/PvNP/RealizableHardness/BinaryMatrixA1Composition.lean:102:20: Variable name `hB` is not explicitly referenced.

Hint: The binding can be removed (if unused) or named `_` (if used implicitly). Alternatively, prefix the name with `_` to silence this warning:
  [apply] _hB

Note: This linter can be disabled with `set_option linter.unusedVariables false`
warning: lean/PvNP/RealizableHardness/BinaryMatrixA1Composition.lean:172:43: `if_pos` has been deprecated: Use `ite_eq_left` instead
⚠ [2301/2317] Replayed PvNP.RealizableHardness.BinaryMatrixTypedA15HyperplaneGlobal
warning: lean/PvNP/RealizableHardness/BinaryMatrixTypedA15HyperplaneGlobal.lean:48:25: Variable name `hH` is not explicitly referenced.

Hint: The binding can be removed (if unused) or named `_` (if used implicitly). Alternatively, prefix the name with `_` to silence this warning:
  [apply] _hH

Note: This linter can be disabled with `set_option linter.unusedVariables false`
⚠ [2303/2317] Replayed PvNP.RealizableHardness.BinaryMatrixTypedA15HyperplaneReducedGlobal
warning: lean/PvNP/RealizableHardness/BinaryMatrixTypedA15HyperplaneReducedGlobal.lean:54:25: Variable name `hH` is not explicitly referenced.

Hint: The binding can be removed (if unused) or named `_` (if used implicitly). Alternatively, prefix the name with `_` to silence this warning:
  [apply] _hH

Note: This linter can be disabled with `set_option linter.unusedVariables false`
warning: lean/PvNP/RealizableHardness/BinaryMatrixTypedA15HyperplaneReducedGlobal.lean:64:25: Variable name `hH` is not explicitly referenced.

Hint: The binding can be removed (if unused) or named `_` (if used implicitly). Alternatively, prefix the name with `_` to silence this warning:
  [apply] _hH

Note: This linter can be disabled with `set_option linter.unusedVariables false`
warning: lean/PvNP/RealizableHardness/BinaryMatrixTypedA15HyperplaneReducedGlobal.lean:84:25: Variable name `hH` is not explicitly referenced.

Hint: The binding can be removed (if unused) or named `_` (if used implicitly). Alternatively, prefix the name with `_` to silence this warning:
  [apply] _hH

Note: This linter can be disabled with `set_option linter.unusedVariables false`
warning: lean/PvNP/RealizableHardness/BinaryMatrixTypedA15HyperplaneReducedGlobal.lean:98:25: Variable name `hH` is not explicitly referenced.

Hint: The binding can be removed (if unused) or named `_` (if used implicitly). Alternatively, prefix the name with `_` to silence this warning:
  [apply] _hH

Note: This linter can be disabled with `set_option linter.unusedVariables false`
warning: lean/PvNP/RealizableHardness/BinaryMatrixTypedA15HyperplaneReducedGlobal.lean:236:25: Variable name `hH` is not explicitly referenced.

Hint: The binding can be removed (if unused) or named `_` (if used implicitly). Alternatively, prefix the name with `_` to silence this warning:
  [apply] _hH

Note: This linter can be disabled with `set_option linter.unusedVariables false`
⚠ [2305/2317] Replayed PvNP.RealizableHardness.BinaryMatrixTypedA14HyperplaneReduced
warning: lean/PvNP/RealizableHardness/BinaryMatrixTypedA14HyperplaneReduced.lean:35:55: Variable name `hH` is not explicitly referenced.

Hint: The binding can be removed (if unused) or named `_` (if used implicitly). Alternatively, prefix the name with `_` to silence this warning:
  [apply] _hH

Note: This linter can be disabled with `set_option linter.unusedVariables false`
warning: lean/PvNP/RealizableHardness/BinaryMatrixTypedA14HyperplaneReduced.lean:119:55: Variable name `hH` is not explicitly referenced.

Hint: The binding can be removed (if unused) or named `_` (if used implicitly). Alternatively, prefix the name with `_` to silence this warning:
  [apply] _hH

Note: This linter can be disabled with `set_option linter.unusedVariables false`
⚠ [2307/2317] Replayed PvNP.RealizableHardness.BinaryMatrixA15BaseCase
warning: lean/PvNP/RealizableHardness/BinaryMatrixA15BaseCase.lean:31:4: Try this: 
  haveI̵

The goal is a proposition, so `have` is preferred over `haveI`.
The difference between `have` and `haveI` is that `haveI` inlines the value.
But this is not relevant for proofs because of proof irrelevance.

Note: This linter can be disabled with `set_option linter.style.haveILetI false`
⚠ [2312/2317] Replayed PvNP.RealizableHardness.BinaryMatrixTypedHyperplaneIntrinsicP
warning: lean/PvNP/RealizableHardness/BinaryMatrixTypedHyperplaneIntrinsicP.lean:138:35: This simp argument is unused:
  Module.Basis.dualBasis_equivFun

Hint: Omit it from the simp argument list.
  [apply] simp [hyperplaneMatrixEquiv, hyperplaneShiftVectorIndex, lineShift, lineFunctional]

Note: This linter can be disabled with `set_option linter.unusedSimpArgs false`
⚠ [2314/2317] Replayed PvNP.RealizableHardness.BinaryMatrixA15SelectedBridge
warning: lean/PvNP/RealizableHardness/BinaryMatrixA15SelectedBridge.lean:44:10: try 'simp' instead of 'simpa'

Note: This linter can be disabled with `set_option linter.unnecessarySimpa false`
warning: lean/PvNP/RealizableHardness/BinaryMatrixA15SelectedBridge.lean:50:10: try 'simp' instead of 'simpa'

Note: This linter can be disabled with `set_option linter.unnecessarySimpa false`
⚠ [2316/2317] Replayed PvNP.RealizableHardness.ActualTypedIntrinsicWitnessNaturality
warning: lean/PvNP/RealizableHardness/ActualTypedIntrinsicWitnessNaturality.lean:224:31: This simp argument is unused:
  LinearEquiv.arrowCongr_apply

Hint: Omit it from the simp argument list.
  [apply] simp [eN, mapReindexEquiv, LinearMap.comp_apply]

Note: This linter can be disabled with `set_option linter.unusedSimpArgs false`
warning: lean/PvNP/RealizableHardness/ActualTypedIntrinsicWitnessNaturality.lean:225:6: This simp argument is unused:
  LinearMap.comp_apply

Hint: Omit it from the simp argument list.
  [apply] simp [eN, mapReindexEquiv, LinearEquiv.arrowCongr_apply]

Note: This linter can be disabled with `set_option linter.unusedSimpArgs false`
warning: lean/PvNP/RealizableHardness/ActualTypedIntrinsicWitnessNaturality.lean:327:4: Try `simp at hz` instead of `simpa using hz`

Note: This linter can be disabled with `set_option linter.unnecessarySimpa false`
warning: lean/PvNP/RealizableHardness/ActualTypedIntrinsicWitnessNaturality.lean:357:4: Try `simp at h'` instead of `simpa using h'`

Note: This linter can be disabled with `set_option linter.unnecessarySimpa false`
warning: lean/PvNP/RealizableHardness/ActualTypedIntrinsicWitnessNaturality.lean:373:2: try 'simp' instead of 'simpa'

Note: This linter can be disabled with `set_option linter.unnecessarySimpa false`
✖ [2317/2317] Building PvNP.RealizableHardness.ActualTypedIntrinsicHyperplaneNaturality (46s)
trace: .> LEAN_PATH=/home/dfredriksen_quantyra_org/cmmsa_analytic_20260930T040837Z/.lake/packages/Cli/.lake/build/lib/lean:/home/dfredriksen_quantyra_org/cmmsa_analytic_20260930T040837Z/.lake/packages/batteries/.lake/build/lib/lean:/home/dfredriksen_quantyra_org/cmmsa_analytic_20260930T040837Z/.lake/packages/Qq/.lake/build/lib/lean:/home/dfredriksen_quantyra_org/cmmsa_analytic_20260930T040837Z/.lake/packages/aesop/.lake/build/lib/lean:/home/dfredriksen_quantyra_org/cmmsa_analytic_20260930T040837Z/.lake/packages/proofwidgets/.lake/build/lib/lean:/home/dfredriksen_quantyra_org/cmmsa_analytic_20260930T040837Z/.lake/packages/importGraph/.lake/build/lib/lean:/home/dfredriksen_quantyra_org/cmmsa_analytic_20260930T040837Z/.lake/packages/LeanSearchClient/.lake/build/lib/lean:/home/dfredriksen_quantyra_org/cmmsa_analytic_20260930T040837Z/.lake/packages/plausible/.lake/build/lib/lean:/home/dfredriksen_quantyra_org/cmmsa_analytic_20260930T040837Z/.lake/packages/complexitylib/.lake/build/lib/lean:/home/dfredriksen_quantyra_org/cmmsa_analytic_20260930T040837Z/.lake/packages/mathlib/.lake/build/lib/lean:/home/dfredriksen_quantyra_org/cmmsa_analytic_20260930T040837Z/.lake/packages/cslib/.lake/build/lib/lean:/home/dfredriksen_quantyra_org/cmmsa_analytic_20260930T040837Z/.lake/build/lib/lean /home/dfredriksen_quantyra_org/.elan/toolchains/leanprover--lean4---v4.34.0-rc2/bin/lean /home/dfredriksen_quantyra_org/cmmsa_analytic_20260930T040837Z/lean/PvNP/RealizableHardness/ActualTypedIntrinsicHyperplaneNaturality.lean -o /home/dfredriksen_quantyra_org/cmmsa_analytic_20260930T040837Z/.lake/build/lib/lean/PvNP/RealizableHardness/ActualTypedIntrinsicHyperplaneNaturality.olean -i /home/dfredriksen_quantyra_org/cmmsa_analytic_20260930T040837Z/.lake/build/lib/lean/PvNP/RealizableHardness/ActualTypedIntrinsicHyperplaneNaturality.ilean -c /home/dfredriksen_quantyra_org/cmmsa_analytic_20260930T040837Z/.lake/build/ir/PvNP/RealizableHardness/ActualTypedIntrinsicHyperplaneNaturality.c --setup /home/dfredriksen_quantyra_org/cmmsa_analytic_20260930T040837Z/.lake/build/ir/PvNP/RealizableHardness/ActualTypedIntrinsicHyperplaneNaturality.setup.json --json
warning: lean/PvNP/RealizableHardness/ActualTypedIntrinsicHyperplaneNaturality.lean:47:5: Variable name `hφ` is not explicitly referenced.

Hint: The binding can be removed (if unused) or named `_` (if used implicitly). Alternatively, prefix the name with `_` to silence this warning:
  [apply] _hφ

Note: This linter can be disabled with `set_option linter.unusedVariables false`
error: lean/PvNP/RealizableHardness/ActualTypedIntrinsicHyperplaneNaturality.lean:112:49: `simp` made no progress
error: lean/PvNP/RealizableHardness/ActualTypedIntrinsicHyperplaneNaturality.lean:195:39: unsolved goals
D : Type u_1
D' : Type u_2
C : Type u_3
C' : Type u_4
inst✝¹⁹ : AddCommGroup D
inst✝¹⁸ : Module F D
inst✝¹⁷ : Fintype D
inst✝¹⁶ : AddCommGroup D'
inst✝¹⁵ : Module F D'
inst✝¹⁴ : Fintype D'
inst✝¹³ : AddCommGroup C
inst✝¹² : Module F C
inst✝¹¹ : Fintype C
inst✝¹⁰ : AddCommGroup C'
inst✝⁹ : Module F C'
inst✝⁸ : Fintype C'
inst✝⁷ : Fintype (D →ₗ[F] F)
inst✝⁶ : DecidableEq (D →ₗ[F] F)
inst✝⁵ : Fintype (D' →ₗ[F] F)
inst✝⁴ : DecidableEq (D' →ₗ[F] F)
inst✝³ : Fintype (D →ₗ[F] C)
inst✝² : DecidableEq (D →ₗ[F] C)
inst✝¹ : Fintype (D' →ₗ[F] C')
inst✝ : DecidableEq (D' →ₗ[F] C')
eD : D' ≃ₗ[F] D
eC : C' ≃ₗ[F] C
ψ : C →ₗ[F] F
f : (D →ₗ[F] C) → ℂ
M : D →ₗ[F] C
ePhi : (D →ₗ[F] F) ≃ (D' →ₗ[F] F) :=
  { toFun := fun φ => φ ∘ₗ ↑eD, invFun := fun φ' => φ' ∘ₗ ↑eD.symm, left_inv := ⋯, right_inv := ⋯ }
eW : { w // ψ w = 1 } ≃ { w // (ψ ∘ₗ ↑eC) w = 1 } :=
  { toFun := fun w => ⟨eC.symm ↑w, ⋯⟩, invFun := fun w' => ⟨eC ↑w', ⋯⟩, left_inv := ⋯, right_inv := ⋯ }
eIndex : (D →ₗ[F] F) × { w // ψ w = 1 } ≃ (D' →ₗ[F] F) × { w // (ψ ∘ₗ ↑eC) w = 1 } := ePhi.prodCongr eW
p : (D →ₗ[F] F) × { w // ψ w = 1 }
⊢ f (M + p.1.smulRight ↑p.2) = f (M + (eD.symm.arrowCongr eC.symm).symm ((p.1 ∘ₗ ↑eD).smulRight (eC.symm ↑p.2)))
warning: lean/PvNP/RealizableHardness/ActualTypedIntrinsicHyperplaneNaturality.lean:200:6: This simp argument is unused:
  LinearEquiv.arrowCongr_apply

Hint: Omit it from the simp argument list.
  [apply] simp [eIndex, ePhi, eW, mapReindexEquiv, LinearMap.comp_apply, LinearMap.smulRight_apply]

Note: This linter can be disabled with `set_option linter.unusedSimpArgs false`
warning: lean/PvNP/RealizableHardness/ActualTypedIntrinsicHyperplaneNaturality.lean:201:6: This simp argument is unused:
  LinearMap.smulRight_apply

Hint: Omit it from the simp argument list.
  [apply] simp [eIndex, ePhi, eW, mapReindexEquiv, LinearEquiv.arrowCongr_apply, LinearMap.comp_apply]

Note: This linter can be disabled with `set_option linter.unusedSimpArgs false`
error: lean/PvNP/RealizableHardness/ActualTypedIntrinsicHyperplaneNaturality.lean:348:15: Type mismatch
  T (eD x') + (eN.symm N') (q (eD x'))
has type
  C
of sort `Type u_5` but is expected to have type
  C'
of sort `Type u_6`
error: lean/PvNP/RealizableHardness/ActualTypedIntrinsicHyperplaneNaturality.lean:349:9: Application type mismatch: The argument
  T (eD x')
has type
  C
of sort `Type u_5` but is expected to have type
  C'
of sort `Type u_6` in the application
  eC (T (eD x'))
error: lean/PvNP/RealizableHardness/ActualTypedIntrinsicHyperplaneNaturality.lean:349:6: failed to synthesize instance of type class
  HAdd C C' ?m.474

Hint: Type class instance resolution failures can be inspected with the `set_option trace.Meta.synthInstance true` command.
error: lean/PvNP/RealizableHardness/ActualTypedIntrinsicHyperplaneNaturality.lean:385:15: Type mismatch
  T (eD x') + (eN.symm N') (q (eD x'))
has type
  C
of sort `Type u_5` but is expected to have type
  C'
of sort `Type u_6`
error: lean/PvNP/RealizableHardness/ActualTypedIntrinsicHyperplaneNaturality.lean:386:9: Application type mismatch: The argument
  T (eD x')
has type
  C
of sort `Type u_5` but is expected to have type
  C'
of sort `Type u_6` in the application
  eC (T (eD x'))
error: lean/PvNP/RealizableHardness/ActualTypedIntrinsicHyperplaneNaturality.lean:386:6: failed to synthesize instance of type class
  HAdd C C' ?m.459

Hint: Type class instance resolution failures can be inspected with the `set_option trace.Meta.synthInstance true` command.
error: lean/PvNP/RealizableHardness/ActualTypedIntrinsicHyperplaneNaturality.lean:547:4: Application type mismatch: The argument
  j
has type
  ℕ
but is expected to have type
  Submodule F ((Fin d → F) ⧸ A₁)
in the application
  nestedIntrinsicReducedMixedLineHyperplaneWitness_reindex A₂ A₁ B₁ B₂ hA hB v (hyperplaneDefiningFunctional B₁ H hH) j
error: lean/PvNP/RealizableHardness/ActualTypedIntrinsicHyperplaneNaturality.lean:562:2: Type mismatch
  h
has type
  BinaryMatrixTypedHyperplaneIntrinsicP.intrinsicHyperplaneP B (hyperplaneDefiningFunctional B H hH) j f M =
    typedHyperplaneP B H hH j f M
but is expected to have type
  intrinsicHyperplaneP (hyperplaneDefiningFunctional B H hH) j f M = typedHyperplaneP B H hH j f M
error: lean/PvNP/RealizableHardness/ActualTypedIntrinsicHyperplaneNaturality.lean:588:9: Unknown identifier `BinaryMatrixTypedA15HyperplaneReducedGlobal.typedHyperplaneP`
error: lean/PvNP/RealizableHardness/ActualTypedIntrinsicHyperplaneNaturality.lean:612:2: Tactic `apply` failed: could not unify the conclusion of `@funext`
  ?f = ?g
with the goal
  BinaryMatrixTypedA15HyperplaneReducedGlobal.typedHyperplaneReducedWitness B H hH T (fun M => typedLineP B L hL j f M)
      (N ∘ₗ L.mkQ) =
    intrinsicReducedMixedLineHyperplaneWitness (↑((lineScalarEquiv L hL).symm 1)) (hyperplaneDefiningFunctional B H hH)
      j k L.mkQ T f (H.subtype ∘ₗ N)

Note: The full type of `@funext` is
  ∀ {α : Sort ?u.112} {β : α → Sort ?u.111} {f g : (x : α) → β x}, (∀ (x : α), f x = g x) → f = g

n d j k : ℕ
A : Submodule F (Fin d → F)
B : Submodule F (Fin n → F)
L : Submodule F ((Fin d → F) ⧸ A)
hL : Module.finrank F ↥L = 1
H : Submodule F ↥B
hH : Module.finrank F (↥B ⧸ H) = 1
T : (Fin d → F) ⧸ A →ₗ[F] ↥B
f : ((Fin d → F) ⧸ A →ₗ[F] ↥B) → ℂ
N : ((Fin d → F) ⧸ A) ⧸ L →ₗ[F] ↥H
⊢ BinaryMatrixTypedA15HyperplaneReducedGlobal.typedHyperplaneReducedWitness B H hH T (fun M => typedLineP B L hL j f M)
      (N ∘ₗ L.mkQ) =
    intrinsicReducedMixedLineHyperplaneWitness (↑((lineScalarEquiv L hL).symm 1)) (hyperplaneDefiningFunctional B H hH)
      j k L.mkQ T f (H.subtype ∘ₗ N)
Some required targets logged failures:
- PvNP.RealizableHardness.ActualTypedIntrinsicHyperplaneNaturality
