C:\Users\Dan\Desktop\Projects\realizable-cmmsa-hardness\docs\native-receipts\ActualSelectedComplementAnalyticMoment\runtime-prebuild\local-native-123542\src\PvNP\RealizableHardness\ActualBinaryMatrixHC46A17ParentFibreBridge.lean:32:29: error(lean.unknownIdentifier): Unknown identifier `CarrierRestriction`

Note: It is not possible to treat `CarrierRestriction` as an implicitly bound variable here because the `autoImplicit` option is set to `false`.
C:\Users\Dan\Desktop\Projects\realizable-cmmsa-hardness\docs\native-receipts\ActualSelectedComplementAnalyticMoment\runtime-prebuild\local-native-123542\src\PvNP\RealizableHardness\ActualBinaryMatrixHC46A17ParentFibreBridge.lean:45:12: error: Insufficient number of fields for `⟨...⟩` constructor: Constructor `Eq.refl` does not have explicit fields, but 2 were provided
C:\Users\Dan\Desktop\Projects\realizable-cmmsa-hardness\docs\native-receipts\ActualSelectedComplementAnalyticMoment\runtime-prebuild\local-native-123542\src\PvNP\RealizableHardness\ActualBinaryMatrixHC46A17ParentFibreBridge.lean:60:29: error(lean.unknownIdentifier): Unknown identifier `CarrierRestriction`

Note: It is not possible to treat `CarrierRestriction` as an implicitly bound variable here because the `autoImplicit` option is set to `false`.
C:\Users\Dan\Desktop\Projects\realizable-cmmsa-hardness\docs\native-receipts\ActualSelectedComplementAnalyticMoment\runtime-prebuild\local-native-123542\src\PvNP\RealizableHardness\ActualBinaryMatrixHC46A17ParentFibreBridge.lean:62:11: error(lean.unknownIdentifier): Unknown identifier `BinaryMatrix`

Note: It is not possible to treat `BinaryMatrix` as an implicitly bound variable here because the `autoImplicit` option is set to `false`.
C:\Users\Dan\Desktop\Projects\realizable-cmmsa-hardness\docs\native-receipts\ActualSelectedComplementAnalyticMoment\runtime-prebuild\local-native-123542\src\PvNP\RealizableHardness\ActualBinaryMatrixHC46A17ParentFibreBridge.lean:72:29: error(lean.unknownIdentifier): Unknown identifier `CarrierRestriction`

Note: It is not possible to treat `CarrierRestriction` as an implicitly bound variable here because the `autoImplicit` option is set to `false`.
C:\Users\Dan\Desktop\Projects\realizable-cmmsa-hardness\docs\native-receipts\ActualSelectedComplementAnalyticMoment\runtime-prebuild\local-native-123542\src\PvNP\RealizableHardness\ActualBinaryMatrixHC46A17ParentFibreBridge.lean:73:9: error(lean.unknownIdentifier): Unknown identifier `BinaryMatrix`

Note: It is not possible to treat `BinaryMatrix` as an implicitly bound variable here because the `autoImplicit` option is set to `false`.
C:\Users\Dan\Desktop\Projects\realizable-cmmsa-hardness\docs\native-receipts\ActualSelectedComplementAnalyticMoment\runtime-prebuild\local-native-123542\src\PvNP\RealizableHardness\ActualBinaryMatrixHC46A17ParentFibreBridge.lean:77:16: error(lean.unknownIdentifier): Unknown identifier `BinaryMatrix`

Note: It is not possible to treat `BinaryMatrix` as an implicitly bound variable here because the `autoImplicit` option is set to `false`.
C:\Users\Dan\Desktop\Projects\realizable-cmmsa-hardness\docs\native-receipts\ActualSelectedComplementAnalyticMoment\runtime-prebuild\local-native-123542\src\PvNP\RealizableHardness\ActualBinaryMatrixHC46A17ParentFibreBridge.lean:79:25: error(lean.unknownIdentifier): Unknown identifier `BinaryMatrix`

Note: It is not possible to treat `BinaryMatrix` as an implicitly bound variable here because the `autoImplicit` option is set to `false`.
C:\Users\Dan\Desktop\Projects\realizable-cmmsa-hardness\docs\native-receipts\ActualSelectedComplementAnalyticMoment\runtime-prebuild\local-native-123542\src\PvNP\RealizableHardness\ActualBinaryMatrixHC46A17ParentFibreBridge.lean:75:10: error(lean.unknownIdentifier): Unknown identifier `carrierAmbientLiftFibreEquiv`

Note: It is not possible to treat `carrierAmbientLiftFibreEquiv` as an implicitly bound variable here because the `autoImplicit` option is set to `false`.
C:\Users\Dan\Desktop\Projects\realizable-cmmsa-hardness\docs\native-receipts\ActualSelectedComplementAnalyticMoment\runtime-prebuild\local-native-123542\src\PvNP\RealizableHardness\ActualBinaryMatrixHC46A17ParentFibreBridge.lean:81:11: error(lean.unknownIdentifier): Unknown identifier `carrierAmbientLiftFibreEquiv`
C:\Users\Dan\Desktop\Projects\realizable-cmmsa-hardness\docs\native-receipts\ActualSelectedComplementAnalyticMoment\runtime-prebuild\local-native-123542\src\PvNP\RealizableHardness\ActualBinaryMatrixHC46A17ParentFibreBridge.lean:80:63: error: unsolved goals
n d : ℕ
A : Submodule F (V d)
B : Submodule F (W n)
T : V d →ₗ[F] W n
Q : sorry
g : sorry → ℝ
⊢ (∑ x, g sorry) / ↑(Fintype.card { M // M ∈ sorry }) = (∑ y ∈ sorry, g ↑y) / sorry
C:\Users\Dan\Desktop\Projects\realizable-cmmsa-hardness\docs\native-receipts\ActualSelectedComplementAnalyticMoment\runtime-prebuild\local-native-123542\src\PvNP\RealizableHardness\ActualBinaryMatrixHC46A17ParentFibreBridge.lean:97:29: error(lean.unknownIdentifier): Unknown identifier `CarrierRestriction`

Note: It is not possible to treat `CarrierRestriction` as an implicitly bound variable here because the `autoImplicit` option is set to `false`.
C:\Users\Dan\Desktop\Projects\realizable-cmmsa-hardness\docs\native-receipts\ActualSelectedComplementAnalyticMoment\runtime-prebuild\local-native-123542\src\PvNP\RealizableHardness\ActualBinaryMatrixHC46A17ParentFibreBridge.lean:107:29: error(lean.unknownIdentifier): Unknown identifier `CarrierRestriction`

Note: It is not possible to treat `CarrierRestriction` as an implicitly bound variable here because the `autoImplicit` option is set to `false`.
C:\Users\Dan\Desktop\Projects\realizable-cmmsa-hardness\docs\native-receipts\ActualSelectedComplementAnalyticMoment\runtime-prebuild\local-native-123542\src\PvNP\RealizableHardness\ActualBinaryMatrixHC46A17ParentFibreBridge.lean:109:4: error(lean.unknownIdentifier): Unknown identifier `carrierAmbientLiftFibreEquiv`

Note: It is not possible to treat `carrierAmbientLiftFibreEquiv` as an implicitly bound variable here because the `autoImplicit` option is set to `false`.
C:\Users\Dan\Desktop\Projects\realizable-cmmsa-hardness\docs\native-receipts\ActualSelectedComplementAnalyticMoment\runtime-prebuild\local-native-123542\src\PvNP\RealizableHardness\ActualBinaryMatrixHC46A17ParentFibreBridge.lean:110:6: error: Invalid `⟨...⟩` notation: The expected type of this term could not be determined
C:\Users\Dan\Desktop\Projects\realizable-cmmsa-hardness\docs\native-receipts\ActualSelectedComplementAnalyticMoment\runtime-prebuild\local-native-123542\src\PvNP\RealizableHardness\ActualBinaryMatrixHC46A17ParentFibreBridge.lean:127:29: error(lean.unknownIdentifier): Unknown identifier `CarrierRestriction`

Note: It is not possible to treat `CarrierRestriction` as an implicitly bound variable here because the `autoImplicit` option is set to `false`.
C:\Users\Dan\Desktop\Projects\realizable-cmmsa-hardness\docs\native-receipts\ActualSelectedComplementAnalyticMoment\runtime-prebuild\local-native-123542\src\PvNP\RealizableHardness\ActualBinaryMatrixHC46A17ParentFibreBridge.lean:128:9: error(lean.unknownIdentifier): Unknown identifier `BinaryMatrix`

Note: It is not possible to treat `BinaryMatrix` as an implicitly bound variable here because the `autoImplicit` option is set to `false`.
C:\Users\Dan\Desktop\Projects\realizable-cmmsa-hardness\docs\native-receipts\ActualSelectedComplementAnalyticMoment\runtime-prebuild\local-native-123542\src\PvNP\RealizableHardness\ActualBinaryMatrixHC46A17ParentFibreBridge.lean:132:16: error(lean.unknownIdentifier): Unknown identifier `BinaryMatrix`

Note: It is not possible to treat `BinaryMatrix` as an implicitly bound variable here because the `autoImplicit` option is set to `false`.
C:\Users\Dan\Desktop\Projects\realizable-cmmsa-hardness\docs\native-receipts\ActualSelectedComplementAnalyticMoment\runtime-prebuild\local-native-123542\src\PvNP\RealizableHardness\ActualBinaryMatrixHC46A17ParentFibreBridge.lean:134:25: error(lean.unknownIdentifier): Unknown identifier `BinaryMatrix`

Note: It is not possible to treat `BinaryMatrix` as an implicitly bound variable here because the `autoImplicit` option is set to `false`.
C:\Users\Dan\Desktop\Projects\realizable-cmmsa-hardness\docs\native-receipts\ActualSelectedComplementAnalyticMoment\runtime-prebuild\local-native-123542\src\PvNP\RealizableHardness\ActualBinaryMatrixHC46A17ParentFibreBridge.lean:136:14: error(lean.unknownIdentifier): Unknown identifier `carrierAmbientLiftFibreEquiv_apply`
C:\Users\Dan\Desktop\Projects\realizable-cmmsa-hardness\docs\native-receipts\ActualSelectedComplementAnalyticMoment\runtime-prebuild\local-native-123542\src\PvNP\RealizableHardness\ActualBinaryMatrixHC46A17ParentFibreBridge.lean:137:4: error(lean.unknownIdentifier): Unknown identifier `carrierAmbientLiftFibreEquiv_normalizedMean`
