C:\Users\Dan\Desktop\Projects\realizable-cmmsa-hardness\docs\native-receipts\ActualSelectedComplementAnalyticMoment\runtime-prebuild\local-native-123542\src\PvNP\RealizableHardness\ActualTypedCarrierAmbientBudget.lean:44:4: error(lean.unknownIdentifier): Unknown identifier `sub_add_sub_cancel_left`
C:\Users\Dan\Desktop\Projects\realizable-cmmsa-hardness\docs\native-receipts\ActualSelectedComplementAnalyticMoment\runtime-prebuild\local-native-123542\src\PvNP\RealizableHardness\ActualTypedCarrierAmbientBudget.lean:56:6: error(lean.unknownIdentifier): Unknown identifier `actualFibre_iff`
C:\Users\Dan\Desktop\Projects\realizable-cmmsa-hardness\docs\native-receipts\ActualSelectedComplementAnalyticMoment\runtime-prebuild\local-native-123542\src\PvNP\RealizableHardness\ActualTypedCarrierAmbientBudget.lean:55:21: error: unsolved goals
n d : ℕ
A : Submodule F (V d)
B : Submodule F (W n)
T : V d →ₗ[F] W n
Q : CarrierRestriction A B
M : V d ⧸ A →ₗ[F] ↥B
⊢ liftCarrierMatrix A B T M ∈ (liftCarrierRestriction A B T Q).fibre ↔ M ∈ Q.fibre
C:\Users\Dan\Desktop\Projects\realizable-cmmsa-hardness\docs\native-receipts\ActualSelectedComplementAnalyticMoment\runtime-prebuild\local-native-123542\src\PvNP\RealizableHardness\ActualTypedCarrierAmbientBudget.lean:110:14: error: unsolved goals
n d : ℕ
A : Submodule F (V d)
B : Submodule F (W n)
Q : CarrierRestriction A B
N : (V d ⧸ A) ⧸ Q.domainFixed →ₗ[F] ↥Q.codomainVariation
⊢ ∀ a ∈ Q.domainFixed, N (Submodule.Quotient.mk a) = 0
C:\Users\Dan\Desktop\Projects\realizable-cmmsa-hardness\docs\native-receipts\ActualSelectedComplementAnalyticMoment\runtime-prebuild\local-native-123542\src\PvNP\RealizableHardness\ActualTypedCarrierAmbientBudget.lean:118:10: error(lean.unknownIdentifier): Unknown identifier `toFun`
C:\Users\Dan\Desktop\Projects\realizable-cmmsa-hardness\docs\native-receipts\ActualSelectedComplementAnalyticMoment\runtime-prebuild\local-native-123542\src\PvNP\RealizableHardness\ActualTypedCarrierAmbientBudget.lean:118:17: error(lean.unknownIdentifier): Unknown identifier `invFun`
C:\Users\Dan\Desktop\Projects\realizable-cmmsa-hardness\docs\native-receipts\ActualSelectedComplementAnalyticMoment\runtime-prebuild\local-native-123542\src\PvNP\RealizableHardness\ActualTypedCarrierAmbientBudget.lean:125:10: error(lean.unknownIdentifier): Unknown identifier `toFun`
C:\Users\Dan\Desktop\Projects\realizable-cmmsa-hardness\docs\native-receipts\ActualSelectedComplementAnalyticMoment\runtime-prebuild\local-native-123542\src\PvNP\RealizableHardness\ActualTypedCarrierAmbientBudget.lean:125:17: error(lean.unknownIdentifier): Unknown identifier `invFun`
C:\Users\Dan\Desktop\Projects\realizable-cmmsa-hardness\docs\native-receipts\ActualSelectedComplementAnalyticMoment\runtime-prebuild\local-native-123542\src\PvNP\RealizableHardness\ActualTypedCarrierAmbientBudget.lean:120:17: error: unsolved goals
n d : ℕ
A : Submodule F (V d)
B : Submodule F (W n)
Q : CarrierRestriction A B
N : (V d ⧸ A) ⧸ Q.domainFixed →ₗ[F] ↥Q.codomainVariation
x : (PvNP.RealizableHardness.BinaryMatrixTypedA15Transport.V✝ d ⧸ A) ⧸ Q.domainFixed
u : PvNP.RealizableHardness.BinaryMatrixTypedA15Transport.V✝ d ⧸ A
⊢ (LinearMap.codRestrict Q.codomainVariation (Q.codomainVariation.subtype ∘ₗ N ∘ₗ Q.domainFixed.mkQ) ⋯) u =
    N (Submodule.Quotient.mk u)
C:\Users\Dan\Desktop\Projects\realizable-cmmsa-hardness\docs\native-receipts\ActualSelectedComplementAnalyticMoment\runtime-prebuild\local-native-123542\src\PvNP\RealizableHardness\ActualTypedCarrierAmbientBudget.lean:118:25: warning: This simp argument is unused:
  LinearMap.comp_apply

Hint: Omit it from the simp argument list.
  [apply] simp [toFun, invFun, Submodule.liftQ_mkQ, add_sub_cancel_left]

Note: This linter can be disabled with `set_option linter.unusedSimpArgs false`
C:\Users\Dan\Desktop\Projects\realizable-cmmsa-hardness\docs\native-receipts\ActualSelectedComplementAnalyticMoment\runtime-prebuild\local-native-123542\src\PvNP\RealizableHardness\ActualTypedCarrierAmbientBudget.lean:119:27: warning: This simp argument is unused:
  add_sub_cancel_left

Hint: Omit it from the simp argument list.
  [apply] simp [toFun, invFun, LinearMap.comp_apply, Submodule.liftQ_mkQ]

Note: This linter can be disabled with `set_option linter.unusedSimpArgs false`
C:\Users\Dan\Desktop\Projects\realizable-cmmsa-hardness\docs\native-receipts\ActualSelectedComplementAnalyticMoment\runtime-prebuild\local-native-123542\src\PvNP\RealizableHardness\ActualTypedCarrierAmbientBudget.lean:125:25: warning: This simp argument is unused:
  LinearMap.comp_apply

Hint: Omit it from the simp argument list.
  [apply] simp [toFun, invFun, Submodule.liftQ_mkQ]

Note: This linter can be disabled with `set_option linter.unusedSimpArgs false`
C:\Users\Dan\Desktop\Projects\realizable-cmmsa-hardness\docs\native-receipts\ActualSelectedComplementAnalyticMoment\runtime-prebuild\local-native-123542\src\PvNP\RealizableHardness\ActualTypedCarrierAmbientBudget.lean:126:6: warning: This simp argument is unused:
  Submodule.liftQ_mkQ

Hint: Omit it from the simp argument list.
  [apply] simp [toFun, invFun, LinearMap.comp_apply]

Note: This linter can be disabled with `set_option linter.unusedSimpArgs false`
C:\Users\Dan\Desktop\Projects\realizable-cmmsa-hardness\docs\native-receipts\ActualSelectedComplementAnalyticMoment\runtime-prebuild\local-native-123542\src\PvNP\RealizableHardness\ActualTypedCarrierAmbientBudget.lean:180:4: warning: try 'simp' instead of 'simpa'

Note: This linter can be disabled with `set_option linter.unnecessarySimpa false`
C:\Users\Dan\Desktop\Projects\realizable-cmmsa-hardness\docs\native-receipts\ActualSelectedComplementAnalyticMoment\runtime-prebuild\local-native-123542\src\PvNP\RealizableHardness\ActualTypedCarrierAmbientBudget.lean:206:4: error: omega could not prove the goal:
a possible counterexample may satisfy the constraints
  k ≥ 0
  j ≥ 0
  i ≥ 0
  h ≥ 0
  h + i ≥ 0
  g ≥ 0
  g - h - i ≤ 0
  g - h - i - j + k ≤ -1
  g - j ≥ 0
  f ≥ 0
  e ≥ 0
  e + f ≥ 0
  c ≥ 0
  b ≥ 0
  b - c ≥ 0
  a ≥ 0
  a - b ≥ 0
  a - b + c ≥ 0
where
 a := ↑(Module.finrank (ZMod 2) (V d))
 b := ↑(Module.finrank (ZMod 2) ↥P)
 c := ↑(Module.finrank (ZMod 2) ↥Q.domainFixed)
 e := ↑(Module.finrank F ↥A)
 f := ↑(Module.finrank F ↥Q.domainFixed)
 g := ↑(Module.finrank (ZMod 2) ↥B)
 h := ↑(Module.finrank (ZMod 2) (W n ⧸ Submodule.map B.subtype Q.codomainVariation))
 i := ↑(Module.finrank (ZMod 2) ↥(Submodule.map B.subtype Q.codomainVariation))
 j := ↑(Module.finrank (ZMod 2) (↥B ⧸ Q.codomainVariation))
 k := ↑(Module.finrank (ZMod 2) (W n ⧸ C))
C:\Users\Dan\Desktop\Projects\realizable-cmmsa-hardness\docs\native-receipts\ActualSelectedComplementAnalyticMoment\runtime-prebuild\local-native-123542\src\PvNP\RealizableHardness\ActualTypedCarrierAmbientBudget.lean:210:4: error: 'change' tactic failed, pattern
  Module.finrank (ZMod 2) (V d ⧸ P) + Module.finrank (ZMod 2) (W n ⧸ C) =
    Module.finrank (ZMod 2) ↥A + Module.finrank (ZMod 2) (W n ⧸ B) +
      (Module.finrank (ZMod 2) ((V d ⧸ A) ⧸ Q.domainFixed) + Module.finrank (ZMod 2) (↥B ⧸ Q.codomainVariation))
is not definitionally equal to target
  Module.finrank (ZMod 2) ↥(Submodule.comap A.mkQ Q.domainFixed) +
      Module.finrank (ZMod 2) ((Fin n → ZMod 2) ⧸ Submodule.map B.subtype Q.codomainVariation) =
    Module.finrank F ↥A + Module.finrank F (W n ⧸ B) +
      (Module.finrank PvNP.RealizableHardness.BinaryMatrixTypedA15Transport.F✝ ↥Q.domainFixed +
        Module.finrank PvNP.RealizableHardness.BinaryMatrixTypedA15Transport.F✝ (↥B ⧸ Q.codomainVariation))
C:\Users\Dan\Desktop\Projects\realizable-cmmsa-hardness\docs\native-receipts\ActualSelectedComplementAnalyticMoment\runtime-prebuild\local-native-123542\src\PvNP\RealizableHardness\ActualTypedCarrierAmbientBudget.lean:208:30: warning: This simp argument is unused:
  P

Hint: Omit it from the simp argument list.
  [apply] simp only [liftCarrierRestriction, ActualAffineRestriction.order, CarrierRestriction.order, C]

Note: This linter can be disabled with `set_option linter.unusedSimpArgs false`
C:\Users\Dan\Desktop\Projects\realizable-cmmsa-hardness\docs\native-receipts\ActualSelectedComplementAnalyticMoment\runtime-prebuild\local-native-123542\src\PvNP\RealizableHardness\ActualTypedCarrierAmbientBudget.lean:208:33: warning: This simp argument is unused:
  C

Hint: Omit it from the simp argument list.
  [apply] simp only [liftCarrierRestriction, ActualAffineRestriction.order, CarrierRestriction.order, P]

Note: This linter can be disabled with `set_option linter.unusedSimpArgs false`
