C:\Users\Dan\Desktop\Projects\realizable-cmmsa-hardness\docs\native-receipts\ActualSelectedComplementAnalyticMoment\runtime-prebuild\local-native-123542\src\PvNP\RealizableHardness\ActualBinaryMatrixHC46A18SourceGlobal.lean:223:7: warning: Variable name `w` is not explicitly referenced.

Hint: The binding can be removed (if unused) or named `_` (if used implicitly). Alternatively, prefix the name with `_` to silence this warning:
  [apply] _w

Note: This linter can be disabled with `set_option linter.unusedVariables false`
C:\Users\Dan\Desktop\Projects\realizable-cmmsa-hardness\docs\native-receipts\ActualSelectedComplementAnalyticMoment\runtime-prebuild\local-native-123542\src\PvNP\RealizableHardness\ActualBinaryMatrixHC46A18SourceGlobal.lean:257:10: warning: This simp argument is unused:
  add_assoc

Hint: Omit it from the simp argument list.
  [apply] simp [sub_eq_add_neg, add_left_comm, add_comm]

Note: This linter can be disabled with `set_option linter.unusedSimpArgs false`
C:\Users\Dan\Desktop\Projects\realizable-cmmsa-hardness\docs\native-receipts\ActualSelectedComplementAnalyticMoment\runtime-prebuild\local-native-123542\src\PvNP\RealizableHardness\ActualBinaryMatrixHC46A18SourceGlobal.lean:310:13: warning: Variable name `w` is not explicitly referenced.

Hint: The binding can be removed (if unused) or named `_` (if used implicitly). Alternatively, prefix the name with `_` to silence this warning:
  [apply] _w

Note: This linter can be disabled with `set_option linter.unusedVariables false`
C:\Users\Dan\Desktop\Projects\realizable-cmmsa-hardness\docs\native-receipts\ActualSelectedComplementAnalyticMoment\runtime-prebuild\local-native-123542\src\PvNP\RealizableHardness\ActualBinaryMatrixHC46A18SourceGlobal.lean:312:25: warning: Variable name `w` is not explicitly referenced.

Hint: The binding can be removed (if unused) or named `_` (if used implicitly). Alternatively, prefix the name with `_` to silence this warning:
  [apply] _w

Note: This linter can be disabled with `set_option linter.unusedVariables false`
C:\Users\Dan\Desktop\Projects\realizable-cmmsa-hardness\docs\native-receipts\ActualSelectedComplementAnalyticMoment\runtime-prebuild\local-native-123542\src\PvNP\RealizableHardness\ActualBinaryMatrixHC46A18SourceGlobal.lean:366:27: warning: Variable name `ha` is not explicitly referenced.

Hint: The binding can be removed (if unused) or named `_` (if used implicitly). Alternatively, prefix the name with `_` to silence this warning:
  [apply] _ha

Note: This linter can be disabled with `set_option linter.unusedVariables false`
C:\Users\Dan\Desktop\Projects\realizable-cmmsa-hardness\docs\native-receipts\ActualSelectedComplementAnalyticMoment\runtime-prebuild\local-native-123542\src\PvNP\RealizableHardness\ActualBinaryMatrixHC46A18SourceGlobal.lean:376:17: warning: Variable name `w` is not explicitly referenced.

Hint: The binding can be removed (if unused) or named `_` (if used implicitly). Alternatively, prefix the name with `_` to silence this warning:
  [apply] _w

Note: This linter can be disabled with `set_option linter.unusedVariables false`
C:\Users\Dan\Desktop\Projects\realizable-cmmsa-hardness\docs\native-receipts\ActualSelectedComplementAnalyticMoment\runtime-prebuild\local-native-123542\src\PvNP\RealizableHardness\ActualBinaryMatrixHC46A18SourceGlobal.lean:382:27: warning: Variable name `w` is not explicitly referenced.

Hint: The binding can be removed (if unused) or named `_` (if used implicitly). Alternatively, prefix the name with `_` to silence this warning:
  [apply] _w

Note: This linter can be disabled with `set_option linter.unusedVariables false`
C:\Users\Dan\Desktop\Projects\realizable-cmmsa-hardness\docs\native-receipts\ActualSelectedComplementAnalyticMoment\runtime-prebuild\local-native-123542\src\PvNP\RealizableHardness\ActualBinaryMatrixHC46A18SourceGlobal.lean:449:27: warning: Variable name `ha` is not explicitly referenced.

Hint: The binding can be removed (if unused) or named `_` (if used implicitly). Alternatively, prefix the name with `_` to silence this warning:
  [apply] _ha

Note: This linter can be disabled with `set_option linter.unusedVariables false`
C:\Users\Dan\Desktop\Projects\realizable-cmmsa-hardness\docs\native-receipts\ActualSelectedComplementAnalyticMoment\runtime-prebuild\local-native-123542\src\PvNP\RealizableHardness\ActualBinaryMatrixHC46A18SourceGlobal.lean:455:27: warning: Variable name `ha` is not explicitly referenced.

Hint: The binding can be removed (if unused) or named `_` (if used implicitly). Alternatively, prefix the name with `_` to silence this warning:
  [apply] _ha

Note: This linter can be disabled with `set_option linter.unusedVariables false`
C:\Users\Dan\Desktop\Projects\realizable-cmmsa-hardness\docs\native-receipts\ActualSelectedComplementAnalyticMoment\runtime-prebuild\local-native-123542\src\PvNP\RealizableHardness\ActualBinaryMatrixHC46A18SourceGlobal.lean:465:29: warning: Variable name `ha` is not explicitly referenced.

Hint: The binding can be removed (if unused) or named `_` (if used implicitly). Alternatively, prefix the name with `_` to silence this warning:
  [apply] _ha

Note: This linter can be disabled with `set_option linter.unusedVariables false`
C:\Users\Dan\Desktop\Projects\realizable-cmmsa-hardness\docs\native-receipts\ActualSelectedComplementAnalyticMoment\runtime-prebuild\local-native-123542\src\PvNP\RealizableHardness\ActualBinaryMatrixHC46A18SourceGlobal.lean:478:27: warning: Variable name `ha` is not explicitly referenced.

Hint: The binding can be removed (if unused) or named `_` (if used implicitly). Alternatively, prefix the name with `_` to silence this warning:
  [apply] _ha

Note: This linter can be disabled with `set_option linter.unusedVariables false`
C:\Users\Dan\Desktop\Projects\realizable-cmmsa-hardness\docs\native-receipts\ActualSelectedComplementAnalyticMoment\runtime-prebuild\local-native-123542\src\PvNP\RealizableHardness\ActualBinaryMatrixHC46A18SourceGlobal.lean:480:13: warning: Variable name `w` is not explicitly referenced.

Hint: The binding can be removed (if unused) or named `_` (if used implicitly). Alternatively, prefix the name with `_` to silence this warning:
  [apply] _w

Note: This linter can be disabled with `set_option linter.unusedVariables false`
C:\Users\Dan\Desktop\Projects\realizable-cmmsa-hardness\docs\native-receipts\ActualSelectedComplementAnalyticMoment\runtime-prebuild\local-native-123542\src\PvNP\RealizableHardness\ActualBinaryMatrixHC46A18SourceGlobal.lean:484:23: warning: Variable name `w` is not explicitly referenced.

Hint: The binding can be removed (if unused) or named `_` (if used implicitly). Alternatively, prefix the name with `_` to silence this warning:
  [apply] _w

Note: This linter can be disabled with `set_option linter.unusedVariables false`
C:\Users\Dan\Desktop\Projects\realizable-cmmsa-hardness\docs\native-receipts\ActualSelectedComplementAnalyticMoment\runtime-prebuild\local-native-123542\src\PvNP\RealizableHardness\ActualBinaryMatrixHC46A18SourceGlobal.lean:541:7: warning: Variable name `w` is not explicitly referenced.

Hint: The binding can be removed (if unused) or named `_` (if used implicitly). Alternatively, prefix the name with `_` to silence this warning:
  [apply] _w

Note: This linter can be disabled with `set_option linter.unusedVariables false`
C:\Users\Dan\Desktop\Projects\realizable-cmmsa-hardness\docs\native-receipts\ActualSelectedComplementAnalyticMoment\runtime-prebuild\local-native-123542\src\PvNP\RealizableHardness\ActualBinaryMatrixHC46A18SourceGlobal.lean:578:27: warning: Variable name `ha` is not explicitly referenced.

Hint: The binding can be removed (if unused) or named `_` (if used implicitly). Alternatively, prefix the name with `_` to silence this warning:
  [apply] _ha

Note: This linter can be disabled with `set_option linter.unusedVariables false`
C:\Users\Dan\Desktop\Projects\realizable-cmmsa-hardness\docs\native-receipts\ActualSelectedComplementAnalyticMoment\runtime-prebuild\local-native-123542\src\PvNP\RealizableHardness\ActualBinaryMatrixHC46A18SourceGlobal.lean:659:27: warning: Variable name `ha` is not explicitly referenced.

Hint: The binding can be removed (if unused) or named `_` (if used implicitly). Alternatively, prefix the name with `_` to silence this warning:
  [apply] _ha

Note: This linter can be disabled with `set_option linter.unusedVariables false`
C:\Users\Dan\Desktop\Projects\realizable-cmmsa-hardness\docs\native-receipts\ActualSelectedComplementAnalyticMoment\runtime-prebuild\local-native-123542\src\PvNP\RealizableHardness\ActualBinaryMatrixHC46A18SourceGlobal.lean:745:13: warning: Variable name `w` is not explicitly referenced.

Hint: The binding can be removed (if unused) or named `_` (if used implicitly). Alternatively, prefix the name with `_` to silence this warning:
  [apply] _w

Note: This linter can be disabled with `set_option linter.unusedVariables false`
C:\Users\Dan\Desktop\Projects\realizable-cmmsa-hardness\docs\native-receipts\ActualSelectedComplementAnalyticMoment\runtime-prebuild\local-native-123542\src\PvNP\RealizableHardness\ActualBinaryMatrixHC46A18SourceGlobal.lean:749:23: warning: Variable name `w` is not explicitly referenced.

Hint: The binding can be removed (if unused) or named `_` (if used implicitly). Alternatively, prefix the name with `_` to silence this warning:
  [apply] _w

Note: This linter can be disabled with `set_option linter.unusedVariables false`
C:\Users\Dan\Desktop\Projects\realizable-cmmsa-hardness\docs\native-receipts\ActualSelectedComplementAnalyticMoment\runtime-prebuild\local-native-123542\src\PvNP\RealizableHardness\ActualBinaryMatrixHC46A18SourceGlobal.lean:800:13: warning: Variable name `w` is not explicitly referenced.

Hint: The binding can be removed (if unused) or named `_` (if used implicitly). Alternatively, prefix the name with `_` to silence this warning:
  [apply] _w

Note: This linter can be disabled with `set_option linter.unusedVariables false`
C:\Users\Dan\Desktop\Projects\realizable-cmmsa-hardness\docs\native-receipts\ActualSelectedComplementAnalyticMoment\runtime-prebuild\local-native-123542\src\PvNP\RealizableHardness\ActualBinaryMatrixHC46A18SourceGlobal.lean:807:23: warning: Variable name `w` is not explicitly referenced.

Hint: The binding can be removed (if unused) or named `_` (if used implicitly). Alternatively, prefix the name with `_` to silence this warning:
  [apply] _w

Note: This linter can be disabled with `set_option linter.unusedVariables false`
C:\Users\Dan\Desktop\Projects\realizable-cmmsa-hardness\docs\native-receipts\ActualSelectedComplementAnalyticMoment\runtime-prebuild\local-native-123542\src\PvNP\RealizableHardness\ActualBinaryMatrixHC46A18SourceGlobal.lean:876:18: warning: Variable name `w` is not explicitly referenced.

Hint: The binding can be removed (if unused) or named `_` (if used implicitly). Alternatively, prefix the name with `_` to silence this warning:
  [apply] _w

Note: This linter can be disabled with `set_option linter.unusedVariables false`
C:\Users\Dan\Desktop\Projects\realizable-cmmsa-hardness\docs\native-receipts\ActualSelectedComplementAnalyticMoment\runtime-prebuild\local-native-123542\src\PvNP\RealizableHardness\ActualBinaryMatrixHC46A18SourceGlobal.lean:877:20: warning: Variable name `w` is not explicitly referenced.

Hint: The binding can be removed (if unused) or named `_` (if used implicitly). Alternatively, prefix the name with `_` to silence this warning:
  [apply] _w

Note: This linter can be disabled with `set_option linter.unusedVariables false`
C:\Users\Dan\Desktop\Projects\realizable-cmmsa-hardness\docs\native-receipts\ActualSelectedComplementAnalyticMoment\runtime-prebuild\local-native-123542\src\PvNP\RealizableHardness\ActualBinaryMatrixHC46A18SourceGlobal.lean:879:24: warning: Variable name `w` is not explicitly referenced.

Hint: The binding can be removed (if unused) or named `_` (if used implicitly). Alternatively, prefix the name with `_` to silence this warning:
  [apply] _w

Note: This linter can be disabled with `set_option linter.unusedVariables false`
C:\Users\Dan\Desktop\Projects\realizable-cmmsa-hardness\docs\native-receipts\ActualSelectedComplementAnalyticMoment\runtime-prebuild\local-native-123542\src\PvNP\RealizableHardness\ActualBinaryMatrixHC46A18SourceGlobal.lean:880:25: warning: Variable name `w` is not explicitly referenced.

Hint: The binding can be removed (if unused) or named `_` (if used implicitly). Alternatively, prefix the name with `_` to silence this warning:
  [apply] _w

Note: This linter can be disabled with `set_option linter.unusedVariables false`
C:\Users\Dan\Desktop\Projects\realizable-cmmsa-hardness\docs\native-receipts\ActualSelectedComplementAnalyticMoment\runtime-prebuild\local-native-123542\src\PvNP\RealizableHardness\ActualBinaryMatrixHC46A18SourceGlobal.lean:881:26: warning: Variable name `w` is not explicitly referenced.

Hint: The binding can be removed (if unused) or named `_` (if used implicitly). Alternatively, prefix the name with `_` to silence this warning:
  [apply] _w

Note: This linter can be disabled with `set_option linter.unusedVariables false`
C:\Users\Dan\Desktop\Projects\realizable-cmmsa-hardness\docs\native-receipts\ActualSelectedComplementAnalyticMoment\runtime-prebuild\local-native-123542\src\PvNP\RealizableHardness\ActualBinaryMatrixHC46A18SourceGlobal.lean:882:25: warning: Variable name `w` is not explicitly referenced.

Hint: The binding can be removed (if unused) or named `_` (if used implicitly). Alternatively, prefix the name with `_` to silence this warning:
  [apply] _w

Note: This linter can be disabled with `set_option linter.unusedVariables false`
C:\Users\Dan\Desktop\Projects\realizable-cmmsa-hardness\docs\native-receipts\ActualSelectedComplementAnalyticMoment\runtime-prebuild\local-native-123542\src\PvNP\RealizableHardness\ActualBinaryMatrixHC46A18SourceGlobal.lean:883:18: warning: Variable name `w` is not explicitly referenced.

Hint: The binding can be removed (if unused) or named `_` (if used implicitly). Alternatively, prefix the name with `_` to silence this warning:
  [apply] _w

Note: This linter can be disabled with `set_option linter.unusedVariables false`
C:\Users\Dan\Desktop\Projects\realizable-cmmsa-hardness\docs\native-receipts\ActualSelectedComplementAnalyticMoment\runtime-prebuild\local-native-123542\src\PvNP\RealizableHardness\ActualBinaryMatrixHC46A18SourceGlobal.lean:883:31: warning: Variable name `w` is not explicitly referenced.

Hint: The binding can be removed (if unused) or named `_` (if used implicitly). Alternatively, prefix the name with `_` to silence this warning:
  [apply] _w

Note: This linter can be disabled with `set_option linter.unusedVariables false`
C:\Users\Dan\Desktop\Projects\realizable-cmmsa-hardness\docs\native-receipts\ActualSelectedComplementAnalyticMoment\runtime-prebuild\local-native-123542\src\PvNP\RealizableHardness\ActualBinaryMatrixHC46A18SourceGlobal.lean:885:28: warning: Variable name `w` is not explicitly referenced.

Hint: The binding can be removed (if unused) or named `_` (if used implicitly). Alternatively, prefix the name with `_` to silence this warning:
  [apply] _w

Note: This linter can be disabled with `set_option linter.unusedVariables false`
C:\Users\Dan\Desktop\Projects\realizable-cmmsa-hardness\docs\native-receipts\ActualSelectedComplementAnalyticMoment\runtime-prebuild\local-native-123542\src\PvNP\RealizableHardness\ActualBinaryMatrixHC46A18SourceGlobal.lean:886:11: warning: Variable name `w` is not explicitly referenced.

Hint: The binding can be removed (if unused) or named `_` (if used implicitly). Alternatively, prefix the name with `_` to silence this warning:
  [apply] _w

Note: This linter can be disabled with `set_option linter.unusedVariables false`
C:\Users\Dan\Desktop\Projects\realizable-cmmsa-hardness\docs\native-receipts\ActualSelectedComplementAnalyticMoment\runtime-prebuild\local-native-123542\src\PvNP\RealizableHardness\ActualBinaryMatrixHC46A18SourceGlobal.lean:962:27: warning: Variable name `ha` is not explicitly referenced.

Hint: The binding can be removed (if unused) or named `_` (if used implicitly). Alternatively, prefix the name with `_` to silence this warning:
  [apply] _ha

Note: This linter can be disabled with `set_option linter.unusedVariables false`
C:\Users\Dan\Desktop\Projects\realizable-cmmsa-hardness\docs\native-receipts\ActualSelectedComplementAnalyticMoment\runtime-prebuild\local-native-123542\src\PvNP\RealizableHardness\ActualBinaryMatrixHC46A18SourceGlobal.lean:973:22: warning: Variable name `w` is not explicitly referenced.

Hint: The binding can be removed (if unused) or named `_` (if used implicitly). Alternatively, prefix the name with `_` to silence this warning:
  [apply] _w

Note: This linter can be disabled with `set_option linter.unusedVariables false`
C:\Users\Dan\Desktop\Projects\realizable-cmmsa-hardness\docs\native-receipts\ActualSelectedComplementAnalyticMoment\runtime-prebuild\local-native-123542\src\PvNP\RealizableHardness\ActualBinaryMatrixHC46A18SourceGlobal.lean:975:24: warning: Variable name `w` is not explicitly referenced.

Hint: The binding can be removed (if unused) or named `_` (if used implicitly). Alternatively, prefix the name with `_` to silence this warning:
  [apply] _w

Note: This linter can be disabled with `set_option linter.unusedVariables false`
C:\Users\Dan\Desktop\Projects\realizable-cmmsa-hardness\docs\native-receipts\ActualSelectedComplementAnalyticMoment\runtime-prebuild\local-native-123542\src\PvNP\RealizableHardness\ActualBinaryMatrixHC46A18SourceGlobal.lean:1185:4: warning: This simp argument is unused:
  Matrix.toLin'_toMatrix'

Hint: Omit it from the simp argument list.
  [apply] simp [actualFibreQuotientHomEquiv, actualFibreLinearEquiv, quotientHomEquiv, ConstrainedMap,
    LinearMap.toMatrix'_toLin']

Note: This linter can be disabled with `set_option linter.unusedSimpArgs false`
C:\Users\Dan\Desktop\Projects\realizable-cmmsa-hardness\docs\native-receipts\ActualSelectedComplementAnalyticMoment\runtime-prebuild\local-native-123542\src\PvNP\RealizableHardness\ActualBinaryMatrixHC46A18SourceGlobal.lean:1207:25: warning: Variable name `hv` is not explicitly referenced.

Hint: The binding can be removed (if unused) or named `_` (if used implicitly). Alternatively, prefix the name with `_` to silence this warning:
  [apply] _hv

Note: This linter can be disabled with `set_option linter.unusedVariables false`
C:\Users\Dan\Desktop\Projects\realizable-cmmsa-hardness\docs\native-receipts\ActualSelectedComplementAnalyticMoment\runtime-prebuild\local-native-123542\src\PvNP\RealizableHardness\ActualBinaryMatrixHC46A18SourceGlobal.lean:1220:27: warning: Variable name `ha` is not explicitly referenced.

Hint: The binding can be removed (if unused) or named `_` (if used implicitly). Alternatively, prefix the name with `_` to silence this warning:
  [apply] _ha

Note: This linter can be disabled with `set_option linter.unusedVariables false`
C:\Users\Dan\Desktop\Projects\realizable-cmmsa-hardness\docs\native-receipts\ActualSelectedComplementAnalyticMoment\runtime-prebuild\local-native-123542\src\PvNP\RealizableHardness\ActualBinaryMatrixHC46A18SourceGlobal.lean:1279:27: warning: Variable name `ha` is not explicitly referenced.

Hint: The binding can be removed (if unused) or named `_` (if used implicitly). Alternatively, prefix the name with `_` to silence this warning:
  [apply] _ha

Note: This linter can be disabled with `set_option linter.unusedVariables false`
C:\Users\Dan\Desktop\Projects\realizable-cmmsa-hardness\docs\native-receipts\ActualSelectedComplementAnalyticMoment\runtime-prebuild\local-native-123542\src\PvNP\RealizableHardness\ActualBinaryMatrixHC46A18SourceGlobal.lean:1393:23: warning: This simp argument is unused:
  map_smul

Hint: Omit it from the simp argument list.
  [apply] simp [map_add, ha1, hbq]

Note: This linter can be disabled with `set_option linter.unusedSimpArgs false`
C:\Users\Dan\Desktop\Projects\realizable-cmmsa-hardness\docs\native-receipts\ActualSelectedComplementAnalyticMoment\runtime-prebuild\local-native-123542\src\PvNP\RealizableHardness\ActualBinaryMatrixHC46A18SourceGlobal.lean:1406:7: warning: Variable name `w` is not explicitly referenced.

Hint: The binding can be removed (if unused) or named `_` (if used implicitly). Alternatively, prefix the name with `_` to silence this warning:
  [apply] _w

Note: This linter can be disabled with `set_option linter.unusedVariables false`
C:\Users\Dan\Desktop\Projects\realizable-cmmsa-hardness\docs\native-receipts\ActualSelectedComplementAnalyticMoment\runtime-prebuild\local-native-123542\src\PvNP\RealizableHardness\ActualBinaryMatrixHC46A18SourceGlobal.lean:1407:9: warning: Variable name `u` is not explicitly referenced.

Hint: The binding can be removed (if unused) or named `_` (if used implicitly). Alternatively, prefix the name with `_` to silence this warning:
  [apply] _u

Note: This linter can be disabled with `set_option linter.unusedVariables false`
C:\Users\Dan\Desktop\Projects\realizable-cmmsa-hardness\docs\native-receipts\ActualSelectedComplementAnalyticMoment\runtime-prebuild\local-native-123542\src\PvNP\RealizableHardness\ActualBinaryMatrixHC46A18SourceGlobal.lean:1437:8: warning: Variable name `sCoord` is not explicitly referenced.

Hint: The binding can be removed (if unused) or named `_` (if used implicitly). Alternatively, prefix the name with `_` to silence this warning:
  [apply] _sCoord

Note: This linter can be disabled with `set_option linter.unusedVariables false`
C:\Users\Dan\Desktop\Projects\realizable-cmmsa-hardness\docs\native-receipts\ActualSelectedComplementAnalyticMoment\runtime-prebuild\local-native-123542\src\PvNP\RealizableHardness\ActualBinaryMatrixHC46A18SourceGlobal.lean:1445:27: warning: Variable name `ha` is not explicitly referenced.

Hint: The binding can be removed (if unused) or named `_` (if used implicitly). Alternatively, prefix the name with `_` to silence this warning:
  [apply] _ha

Note: This linter can be disabled with `set_option linter.unusedVariables false`
C:\Users\Dan\Desktop\Projects\realizable-cmmsa-hardness\docs\native-receipts\ActualSelectedComplementAnalyticMoment\runtime-prebuild\local-native-123542\src\PvNP\RealizableHardness\ActualBinaryMatrixHC46A18SourceGlobal.lean:1450:13: warning: Variable name `w` is not explicitly referenced.

Hint: The binding can be removed (if unused) or named `_` (if used implicitly). Alternatively, prefix the name with `_` to silence this warning:
  [apply] _w

Note: This linter can be disabled with `set_option linter.unusedVariables false`
C:\Users\Dan\Desktop\Projects\realizable-cmmsa-hardness\docs\native-receipts\ActualSelectedComplementAnalyticMoment\runtime-prebuild\local-native-123542\src\PvNP\RealizableHardness\ActualBinaryMatrixHC46A18SourceGlobal.lean:1455:23: warning: Variable name `w` is not explicitly referenced.

Hint: The binding can be removed (if unused) or named `_` (if used implicitly). Alternatively, prefix the name with `_` to silence this warning:
  [apply] _w

Note: This linter can be disabled with `set_option linter.unusedVariables false`
C:\Users\Dan\Desktop\Projects\realizable-cmmsa-hardness\docs\native-receipts\ActualSelectedComplementAnalyticMoment\runtime-prebuild\local-native-123542\src\PvNP\RealizableHardness\ActualBinaryMatrixHC46A18SourceGlobal.lean:1599:6: error: Type mismatch: After simplification, term
  Equiv.sum_comp e0Sigma fun p => Complex.normSq (f (sample (↑p.fst, p.snd)))
 has type
  @Eq ℝ
    (∑ i,
      Complex.normSq
        (f
          (Q.base +
            LinearMap.toMatrix'
              (quotientSampleOutput Q.codomainVariation qdom phi₀
                  (({ toFun := fun w => ⟨↑w, ⋯⟩, invFun := fun b => ⟨↑b, ⋯⟩, left_inv := ⋯, right_inv := ⋯ }.sigmaCongr
                          fun x => Equiv.refl C)
                        i).snd.1
                  (({ toFun := fun w => ⟨↑w, ⋯⟩, invFun := fun b => ⟨↑b, ⋯⟩, left_inv := ⋯, right_inv := ⋯ }.sigmaCongr
                          fun x => Equiv.refl C)
                        i).snd.2
                  ↑(({ toFun := fun w => ⟨↑w, ⋯⟩, invFun := fun b => ⟨↑b, ⋯⟩, left_inv := ⋯, right_inv := ⋯ }.sigmaCongr
                          fun x => Equiv.refl C)
                        i).fst ∘ₗ
                A'.mkQ))))
    (∑ x,
      Complex.normSq
        (f
          (Q.base +
            LinearMap.toMatrix' (quotientSampleOutput Q.codomainVariation qdom phi₀ x.snd.1 x.snd.2 ↑x.fst ∘ₗ A'.mkQ))))
but is expected to have type
  @Eq ℝ
    (∑ p,
      Complex.normSq
        (f
          (Q.base +
            LinearMap.toMatrix' (quotientSampleOutput Q.codomainVariation qdom phi₀ p.snd.1 p.snd.2 ↑p.fst ∘ₗ A'.mkQ))))
    (∑ x,
      Complex.normSq
        (f
          (Q.base +
            LinearMap.toMatrix' (quotientSampleOutput Q.codomainVariation qdom phi₀ x.snd.1 x.snd.2 ↑x.fst ∘ₗ A'.mkQ))))
C:\Users\Dan\Desktop\Projects\realizable-cmmsa-hardness\docs\native-receipts\ActualSelectedComplementAnalyticMoment\runtime-prebuild\local-native-123542\src\PvNP\RealizableHardness\ActualBinaryMatrixHC46A18SourceGlobal.lean:1616:6: error: Type mismatch: After simplification, term
  congrArg (fun M => Complex.normSq (f M)) hm
 has type
  Complex.normSq
      (f
        ↑((actualFibreQuotientHomEquiv
                { domainFixed := functionalKernelInAmbient Q.domainFixed phi, codomainVariation := Q.codomainVariation,
                  base := Q.base }).symm
            (stableSourceSampleMap Q.codomainVariation (Submodule.factor ⋯) phi₀ p.snd.1 p.snd.2 p.fst))) =
    Complex.normSq
      (f
        (Q.base +
          LinearMap.toMatrix'
            (quotientSampleOutput Q.codomainVariation (Submodule.factor ⋯) phi₀ p.snd.1 p.snd.2 ↑p.fst ∘ₗ
              (functionalKernelInAmbient Q.domainFixed phi).mkQ)))
but is expected to have type
  Complex.normSq
      (f
        (Q.base +
          LinearMap.toMatrix'
            (quotientSampleOutput Q.codomainVariation (Submodule.factor ⋯) phi₀ p.snd.1 p.snd.2 ↑p.fst ∘ₗ
              (functionalKernelInAmbient Q.domainFixed phi).mkQ))) =
    Complex.normSq
      (f
        ↑((actualFibreQuotientHomEquiv QStable).symm
            (stableSourceSampleMap Q.codomainVariation (Submodule.factor ⋯) phi₀ p.snd.1 p.snd.2 p.fst)))
C:\Users\Dan\Desktop\Projects\realizable-cmmsa-hardness\docs\native-receipts\ActualSelectedComplementAnalyticMoment\runtime-prebuild\local-native-123542\src\PvNP\RealizableHardness\ActualBinaryMatrixHC46A18SourceGlobal.lean:1649:10: error: Invalid rewrite argument: Expected an equality or iff proof or definition name, but `B'` is a value of type
  Submodule (ZMod 2) (Fin n → ZMod 2)
C:\Users\Dan\Desktop\Projects\realizable-cmmsa-hardness\docs\native-receipts\ActualSelectedComplementAnalyticMoment\runtime-prebuild\local-native-123542\src\PvNP\RealizableHardness\ActualBinaryMatrixHC46A18SourceGlobal.lean:1666:12: error: Application type mismatch: The argument
  e0.left_inv ⟨↑w, Eq.trans w.property (Eq.symm hw₀q)⟩
has type
  e0.invFun (e0.toFun ⟨↑w, ⋯⟩) = ⟨↑w, ⋯⟩
but is expected to have type
  (fun u => ⟨↑(e0.symm u), ⋯⟩) ((fun w => e0 ⟨↑w, ⋯⟩) w) = w
in the application
  congrArg Subtype.val (e0.left_inv ⟨↑w, Eq.trans w.property (Eq.symm hw₀q)⟩)
C:\Users\Dan\Desktop\Projects\realizable-cmmsa-hardness\docs\native-receipts\ActualSelectedComplementAnalyticMoment\runtime-prebuild\local-native-123542\src\PvNP\RealizableHardness\ActualBinaryMatrixHC46A18SourceGlobal.lean:1683:8: error: Tactic `rewrite` failed: Did not find an occurrence of the pattern
  ∑ p, Complex.normSq (f (sample (↑p.fst, p.snd)))
in the target expression
  (∑ p,
        Complex.normSq
          (f
            (LinearMap.toMatrix'
              (Matrix.toLin' Q.base +
                quotientSampleOutput Q.codomainVariation (Submodule.factor ⋯) (Classical.choose ⋯) p.snd.1 p.snd.2
                    ↑p.fst ∘ₗ
                  (functionalKernelInAmbient Q.domainFixed phi).mkQ)))) /
      ↑(Fintype.card
          ((_ : { w // Submodule.Quotient.mk w = q }) ×
            ((Fin d → ZMod 2) ⧸ Q.domainFixed →ₗ[ZMod 2] ↥Q.codomainVariation) ×
              ((Fin d → ZMod 2) ⧸ Q.domainFixed →ₗ[ZMod 2] ZMod 2))) ≤
    2 * η

case neg
n d s : ℕ
η : ℝ
f : BinaryMatrix n d → ℂ
hf : UpToActualNormSqGlobal s η f
Q : ActualAffineRestriction n d
hQ : Q.order ≤ s + 1
phi : ↥Q.domainFixed →ₗ[ZMod 2] ZMod 2
v : ↥Q.domainFixed
hv : phi v = 1
hsource : ∃ s phi₀,
  have q := Submodule.factor ⋯;
  q ∘ₗ s = LinearMap.id ∧
    q ((functionalKernelInAmbient Q.domainFixed phi).mkQ ↑v) = 0 ∧
      phi₀ ∘ₗ s = 0 ∧
        phi₀ ((functionalKernelInAmbient Q.domainFixed phi).mkQ ↑v) = 1 ∧
          ∀ (x : (Fin d → ZMod 2) ⧸ functionalKernelInAmbient Q.domainFixed phi),
            x = s (q x) + phi₀ x • (functionalKernelInAmbient Q.domainFixed phi).mkQ ↑v :=
  quotientSectionCoordinates_of_restricted_functional Q.domainFixed phi v hv
sCoord : (Fin d → ZMod 2) ⧸ Q.domainFixed →ₗ[ZMod 2] (Fin d → ZMod 2) ⧸ functionalKernelInAmbient Q.domainFixed phi :=
  Classical.choose hsource
hphiSource : ∃ phi₀,
  have q := Submodule.factor ⋯;
  q ∘ₗ Classical.choose hsource = LinearMap.id ∧
    q ((functionalKernelInAmbient Q.domainFixed phi).mkQ ↑v) = 0 ∧
      phi₀ ∘ₗ Classical.choose hsource = 0 ∧
        phi₀ ((functionalKernelInAmbient Q.domainFixed phi).mkQ ↑v) = 1 ∧
          ∀ (x : (Fin d → ZMod 2) ⧸ functionalKernelInAmbient Q.domainFixed phi),
            x = (Classical.choose hsource) (q x) + phi₀ x • (functionalKernelInAmbient Q.domainFixed phi).mkQ ↑v :=
  Classical.choose_spec hsource
phi₀ : (Fin d → ZMod 2) ⧸ functionalKernelInAmbient Q.domainFixed phi →ₗ[ZMod 2] ZMod 2 := Classical.choose hphiSource
A' : Submodule (ZMod 2) (Fin d → ZMod 2) := functionalKernelInAmbient Q.domainFixed phi
X : Type := (Fin d → ZMod 2) ⧸ Q.domainFixed
X' : Type := (Fin d → ZMod 2) ⧸ A'
qdom : X' →ₗ[ZMod 2] X := Submodule.factor ⋯
QStable : ActualAffineRestriction n d := { domainFixed := A', codomainVariation := Q.codomainVariation, base := Q.base }
C : Type := (X →ₗ[ZMod 2] ↥Q.codomainVariation) × (X →ₗ[ZMod 2] ZMod 2)
sample : (Fin n → ZMod 2) × C → BinaryMatrix n d :=
  fun z =>
    LinearMap.toMatrix'
      (Matrix.toLin' Q.base + quotientSampleOutput Q.codomainVariation qdom phi₀ z.2.1 z.2.2 z.1 ∘ₗ A'.mkQ)
hqs : Submodule.factor ⋯ ∘ₗ Classical.choose ⋯ = LinearMap.id
hqv : (Submodule.factor ⋯) ((functionalKernelInAmbient Q.domainFixed phi).mkQ ↑v) = 0
hphiS : Classical.choose ⋯ ∘ₗ Classical.choose ⋯ = 0
hphiV : (Classical.choose ⋯) ((functionalKernelInAmbient Q.domainFixed phi).mkQ ↑v) = 1
hdecomp :
  ∀ (x : (Fin d → ZMod 2) ⧸ functionalKernelInAmbient Q.domainFixed phi),
    x =
      (Classical.choose ⋯) ((Submodule.factor ⋯) x) +
        (Classical.choose ⋯) x • (functionalKernelInAmbient Q.domainFixed phi).mkQ ↑v
hmatrix :
  ∀ (B' : Submodule (ZMod 2) (Fin n → ZMod 2)) (hB : Q.codomainVariation ≤ B')
    (hdim : Module.finrank (ZMod 2) ↥B' = Module.finrank (ZMod 2) ↥Q.codomainVariation + 1)
    (w : { w // ↑w ∉ Q.codomainVariation }) (R : (Fin d → ZMod 2) ⧸ Q.domainFixed →ₗ[ZMod 2] ↥Q.codomainVariation)
    (lambda : (Fin d → ZMod 2) ⧸ Q.domainFixed →ₗ[ZMod 2] ZMod 2),
    B'.subtype ∘ₗ
        ↑((actual_expanded_source_coordinates_equiv Q.domainFixed phi v hv Q.codomainVariation B' hB hdim)
            ⟨w, (R, lambda)⟩) =
      quotientSampleOutput Q.codomainVariation (Submodule.factor ⋯) (Classical.choose ⋯) R lambda ↑↑w
hstable :
  let A' := functionalKernelInAmbient Q.domainFixed phi;
  let Q' := { domainFixed := A', codomainVariation := Q.codomainVariation, base := Q.base };
  let X := (Fin d → ZMod 2) ⧸ Q.domainFixed;
  let X' := (Fin d → ZMod 2) ⧸ A';
  have q := Submodule.factor ⋯;
  (∑ p,
        Complex.normSq
          (f
            ↑((actualFibreQuotientHomEquiv Q').symm
                (stableSourceSampleMap Q.codomainVariation q phi₀ p.snd.1 p.snd.2 p.fst)))) /
      ↑(Fintype.card ((_ : ↥Q.codomainVariation) × (X →ₗ[ZMod 2] ↥Q.codomainVariation) × (X →ₗ[ZMod 2] ZMod 2))) ≤
    η
q : (Fin n → ZMod 2) ⧸ Q.codomainVariation
hzero : ¬q = 0
w₀ : Fin n → ZMod 2 := Classical.choose ⋯
hw₀q : Q.codomainVariation.mkQ w₀ = q
hw₀ : w₀ ∉ Q.codomainVariation
B' : Submodule (ZMod 2) (Fin n → ZMod 2) := spanExtensionSubmodule Q.codomainVariation w₀
hB : Q.codomainVariation ≤ B'
hdim : Module.finrank (ZMod 2) ↥B' = Module.finrank (ZMod 2) ↥Q.codomainVariation + 1
hexpanded :
  (∑ p,
        Complex.normSq
          (f
            (LinearMap.toMatrix'
              (Matrix.toLin' Q.base +
                quotientSampleOutput Q.codomainVariation (Submodule.factor ⋯) (Classical.choose ⋯) p.snd.1 p.snd.2
                    ↑↑p.fst ∘ₗ
                  (functionalKernelInAmbient Q.domainFixed phi).mkQ)))) /
      ↑(Fintype.card
          ((_ : { w // ↑w ∉ Q.codomainVariation }) ×
            ((Fin d → ZMod 2) ⧸ Q.domainFixed →ₗ[ZMod 2] ↥Q.codomainVariation) ×
              ((Fin d → ZMod 2) ⧸ Q.domainFixed →ₗ[ZMod 2] ZMod 2))) ≤
    2 * η
Outside : Type := { u // ↑u ∉ Q.codomainVariation }
Fq : Type := { w // Q.codomainVariation.mkQ w = q }
ec : Fq ≃ Outside :=
  let e0 := quotientCosetFibreEquiv_extension Q.codomainVariation w₀ hw₀;
  { toFun := fun w => e0 ⟨↑w, ⋯⟩, invFun := fun u => ⟨↑(e0.symm u), ⋯⟩, left_inv := ⋯, right_inv := ⋯ }
eSigma : (_ : Fq) × C ≃ (_ : Outside) × C := ec.sigmaCongr fun x => Equiv.refl C
hsum : ∑ p, Complex.normSq (f (sample (↑p.fst, p.snd))) = ∑ p, Complex.normSq (f (sample (↑↑p.fst, p.snd)))
hcard : Fintype.card ((_ : Fq) × C) = Fintype.card ((_ : Outside) × C)
⊢ (∑ p,
        Complex.normSq
          (f
            (LinearMap.toMatrix'
              (Matrix.toLin' Q.base +
                quotientSampleOutput Q.codomainVariation (Submodule.factor ⋯) (Classical.choose ⋯) p.snd.1 p.snd.2
                    ↑p.fst ∘ₗ
                  (functionalKernelInAmbient Q.domainFixed phi).mkQ)))) /
      ↑(Fintype.card
          ((_ : { w // Submodule.Quotient.mk w = q }) ×
            ((Fin d → ZMod 2) ⧸ Q.domainFixed →ₗ[ZMod 2] ↥Q.codomainVariation) ×
              ((Fin d → ZMod 2) ⧸ Q.domainFixed →ₗ[ZMod 2] ZMod 2))) ≤
    2 * η

Note: The target expression is not type-correct under the `implicit` transparency level, which may have triggered the failure. This is usually caused by unfolding of semireducible definitions in prior tactic steps. Use `set_option linter.tacticCheckInstances true` to investigate the source of the issue.
Full error:
  Application type mismatch: The argument
    Sigma.instFintype
  has type
    Fintype
      ((_ : { w // Q.codomainVariation.mkQ w = q }) ×
        ((Fin d → ZMod 2) ⧸ Q.domainFixed →ₗ[ZMod 2] ↥Q.codomainVariation) ×
          ((Fin d → ZMod 2) ⧸ Q.domainFixed →ₗ[ZMod 2] ZMod 2))
  but is expected to have type
    Fintype
      ((_ : { w // Submodule.Quotient.mk w = q }) ×
        ((Fin d → ZMod 2) ⧸ Q.domainFixed →ₗ[ZMod 2] ↥Q.codomainVariation) ×
          ((Fin d → ZMod 2) ⧸ Q.domainFixed →ₗ[ZMod 2] ZMod 2))
  in the application
    @Finset.univ
      ((_ : { w // Submodule.Quotient.mk w = q }) ×
        ((Fin d → ZMod 2) ⧸ Q.domainFixed →ₗ[ZMod 2] ↥Q.codomainVariation) ×
          ((Fin d → ZMod 2) ⧸ Q.domainFixed →ₗ[ZMod 2] ZMod 2))
      Sigma.instFintype
C:\Users\Dan\Desktop\Projects\realizable-cmmsa-hardness\docs\native-receipts\ActualSelectedComplementAnalyticMoment\runtime-prebuild\local-native-123542\src\PvNP\RealizableHardness\ActualBinaryMatrixHC46A18SourceGlobal.lean:1697:8: warning: Variable name `sCoord` is not explicitly referenced.

Hint: The binding can be removed (if unused) or named `_` (if used implicitly). Alternatively, prefix the name with `_` to silence this warning:
  [apply] _sCoord

Note: This linter can be disabled with `set_option linter.unusedVariables false`
C:\Users\Dan\Desktop\Projects\realizable-cmmsa-hardness\docs\native-receipts\ActualSelectedComplementAnalyticMoment\runtime-prebuild\local-native-123542\src\PvNP\RealizableHardness\ActualBinaryMatrixHC46A18SourceGlobal.lean:1705:27: warning: Variable name `ha` is not explicitly referenced.

Hint: The binding can be removed (if unused) or named `_` (if used implicitly). Alternatively, prefix the name with `_` to silence this warning:
  [apply] _ha

Note: This linter can be disabled with `set_option linter.unusedVariables false`
C:\Users\Dan\Desktop\Projects\realizable-cmmsa-hardness\docs\native-receipts\ActualSelectedComplementAnalyticMoment\runtime-prebuild\local-native-123542\src\PvNP\RealizableHardness\ActualBinaryMatrixHC46A18SourceGlobal.lean:1783:30: warning: This simp argument is unused:
  phiExt

Hint: Omit it from the simp argument list.
  [apply] simp [quotientSampleOutput, LinearMap.comp_apply, hfactor]

Note: This linter can be disabled with `set_option linter.unusedSimpArgs false`
C:\Users\Dan\Desktop\Projects\realizable-cmmsa-hardness\docs\native-receipts\ActualSelectedComplementAnalyticMoment\runtime-prebuild\local-native-123542\src\PvNP\RealizableHardness\ActualBinaryMatrixHC46A18SourceGlobal.lean:1783:60: warning: This simp argument is unused:
  hfactor

Hint: Omit it from the simp argument list.
  [apply] simp [quotientSampleOutput, phiExt, LinearMap.comp_apply]

Note: This linter can be disabled with `set_option linter.unusedSimpArgs false`
C:\Users\Dan\Desktop\Projects\realizable-cmmsa-hardness\docs\native-receipts\ActualSelectedComplementAnalyticMoment\runtime-prebuild\local-native-123542\src\PvNP\RealizableHardness\ActualBinaryMatrixHC46A18SourceGlobal.lean:1846:27: warning: Variable name `ha` is not explicitly referenced.

Hint: The binding can be removed (if unused) or named `_` (if used implicitly). Alternatively, prefix the name with `_` to silence this warning:
  [apply] _ha

Note: This linter can be disabled with `set_option linter.unusedVariables false`
C:\Users\Dan\Desktop\Projects\realizable-cmmsa-hardness\docs\native-receipts\ActualSelectedComplementAnalyticMoment\runtime-prebuild\local-native-123542\src\PvNP\RealizableHardness\ActualBinaryMatrixHC46A18SourceGlobal.lean:2036:4: warning: try 'simp' instead of 'simpa'

Note: This linter can be disabled with `set_option linter.unnecessarySimpa false`
C:\Users\Dan\Desktop\Projects\realizable-cmmsa-hardness\docs\native-receipts\ActualSelectedComplementAnalyticMoment\runtime-prebuild\local-native-123542\src\PvNP\RealizableHardness\ActualBinaryMatrixHC46A18SourceGlobal.lean:2057:6: warning: try 'simp' instead of 'simpa'

Note: This linter can be disabled with `set_option linter.unnecessarySimpa false`
C:\Users\Dan\Desktop\Projects\realizable-cmmsa-hardness\docs\native-receipts\ActualSelectedComplementAnalyticMoment\runtime-prebuild\local-native-123542\src\PvNP\RealizableHardness\ActualBinaryMatrixHC46A18SourceGlobal.lean:2027:15: warning: This simp argument is unused:
  LinearMap.sub_apply

Hint: Omit it from the simp argument list.
  [apply] simp [F, LinearMap.add_apply, LinearMap.comp_apply, hmk]

Note: This linter can be disabled with `set_option linter.unusedSimpArgs false`
C:\Users\Dan\Desktop\Projects\realizable-cmmsa-hardness\docs\native-receipts\ActualSelectedComplementAnalyticMoment\runtime-prebuild\local-native-123542\src\PvNP\RealizableHardness\ActualBinaryMatrixHC46A18SourceGlobal.lean:2027:36: warning: This simp argument is unused:
  LinearMap.add_apply

Hint: Omit it from the simp argument list.
  [apply] simp [F, LinearMap.sub_apply, LinearMap.comp_apply, hmk]

Note: This linter can be disabled with `set_option linter.unusedSimpArgs false`
C:\Users\Dan\Desktop\Projects\realizable-cmmsa-hardness\docs\native-receipts\ActualSelectedComplementAnalyticMoment\runtime-prebuild\local-native-123542\src\PvNP\RealizableHardness\ActualBinaryMatrixHC46A18SourceGlobal.lean:2089:8: warning: Variable name `phi` is not explicitly referenced.

Hint: The binding can be removed (if unused) or named `_` (if used implicitly). Alternatively, prefix the name with `_` to silence this warning:
  [apply] _phi

Note: This linter can be disabled with `set_option linter.unusedVariables false`
