⚠ [2203/2220] Replayed PvNP.RealizableHardness.BinaryMatrixFourier
warning: lean/PvNP/RealizableHardness/BinaryMatrixFourier.lean:126:8: `if_pos` has been deprecated: Use `ite_eq_left` instead
warning: lean/PvNP/RealizableHardness/BinaryMatrixFourier.lean:132:8: `if_neg` has been deprecated: Use `ite_eq_right` instead
⚠ [2205/2220] Replayed PvNP.RealizableHardness.BinaryMatrixHybridSelector
warning: lean/PvNP/RealizableHardness/BinaryMatrixHybridSelector.lean:71:8: `if_pos` has been deprecated: Use `ite_eq_left` instead
warning: lean/PvNP/RealizableHardness/BinaryMatrixHybridSelector.lean:90:8: `if_neg` has been deprecated: Use `ite_eq_right` instead
⚠ [2207/2220] Replayed PvNP.RealizableHardness.BinaryMatrixLineTranslation
warning: lean/PvNP/RealizableHardness/BinaryMatrixLineTranslation.lean:243:4: try 'simp' instead of 'simpa'

Note: This linter can be disabled with `set_option linter.unnecessarySimpa false`
warning: lean/PvNP/RealizableHardness/BinaryMatrixLineTranslation.lean:315:8: `if_neg` has been deprecated: Use `ite_eq_right` instead
warning: lean/PvNP/RealizableHardness/BinaryMatrixLineTranslation.lean:407:15: `if_neg` has been deprecated: Use `ite_eq_right` instead
warning: lean/PvNP/RealizableHardness/BinaryMatrixLineTranslation.lean:433:41: This simp argument is unused:
  s

Hint: Omit it from the simp argument list.
  [apply] simp [hs, hr]

Note: This linter can be disabled with `set_option linter.unusedSimpArgs false`
warning: lean/PvNP/RealizableHardness/BinaryMatrixLineTranslation.lean:555:15: `if_neg` has been deprecated: Use `ite_eq_right` instead
warning: lean/PvNP/RealizableHardness/BinaryMatrixLineTranslation.lean:592:57: This simp argument is unused:
  mul_assoc

Hint: Omit it from the simp argument list.
  [apply] simp [hr, hs]

Note: This linter can be disabled with `set_option linter.unusedSimpArgs false`
⚠ [2208/2220] Replayed PvNP.RealizableHardness.BinaryMatrixLineA14
warning: lean/PvNP/RealizableHardness/BinaryMatrixLineA14.lean:88:8: `if_pos` has been deprecated: Use `ite_eq_left` instead
warning: lean/PvNP/RealizableHardness/BinaryMatrixLineA14.lean:97:8: `if_neg` has been deprecated: Use `ite_eq_right` instead
⚠ [2219/2220] Replayed PvNP.RealizableHardness.BinaryMatrixComplexA15
warning: lean/PvNP/RealizableHardness/BinaryMatrixComplexA15.lean:35:4: Unused tactic linter: `change fibreEnergy R.fibre f ≤ ε` does nothing

Note: This linter can be disabled with `set_option linter.unusedTactic false`
warning: lean/PvNP/RealizableHardness/BinaryMatrixComplexA15.lean:46:2: Unused tactic linter: `change fibreEnergy Q.fibre f ≤ ε` does nothing

Note: This linter can be disabled with `set_option linter.unusedTactic false`
warning: lean/PvNP/RealizableHardness/BinaryMatrixComplexA15.lean:184:24: This simp argument is unused:
  zero_add

Hint: Omit it from the simp argument list.
  [apply] simp only [Complex.normSq_apply, Complex.sub_re, Complex.sub_im, Complex.mul_re, Complex.mul_im,
    Complex.ofReal_re, Complex.ofReal_im, zero_mul, sub_zero, mul_zero]

Note: This linter can be disabled with `set_option linter.unusedSimpArgs false`
warning: lean/PvNP/RealizableHardness/BinaryMatrixComplexA15.lean:184:34: This simp argument is unused:
  mul_zero

Hint: Omit it from the simp argument list.
  [apply] simp only [Complex.normSq_apply, Complex.sub_re, Complex.sub_im, Complex.mul_re, Complex.mul_im,
    Complex.ofReal_re, Complex.ofReal_im, zero_mul, sub_zero, zero_add]

Note: This linter can be disabled with `set_option linter.unusedSimpArgs false`
✖ [2220/2220] Building PvNP.RealizableHardness.ActualRawRestrictionComposition (2.3s)
trace: .> LEAN_PATH=/home/dfredriksen_quantyra_org/cmmsa_analytic_20260930T040837Z/.lake/packages/Cli/.lake/build/lib/lean:/home/dfredriksen_quantyra_org/cmmsa_analytic_20260930T040837Z/.lake/packages/batteries/.lake/build/lib/lean:/home/dfredriksen_quantyra_org/cmmsa_analytic_20260930T040837Z/.lake/packages/Qq/.lake/build/lib/lean:/home/dfredriksen_quantyra_org/cmmsa_analytic_20260930T040837Z/.lake/packages/aesop/.lake/build/lib/lean:/home/dfredriksen_quantyra_org/cmmsa_analytic_20260930T040837Z/.lake/packages/proofwidgets/.lake/build/lib/lean:/home/dfredriksen_quantyra_org/cmmsa_analytic_20260930T040837Z/.lake/packages/importGraph/.lake/build/lib/lean:/home/dfredriksen_quantyra_org/cmmsa_analytic_20260930T040837Z/.lake/packages/LeanSearchClient/.lake/build/lib/lean:/home/dfredriksen_quantyra_org/cmmsa_analytic_20260930T040837Z/.lake/packages/plausible/.lake/build/lib/lean:/home/dfredriksen_quantyra_org/cmmsa_analytic_20260930T040837Z/.lake/packages/complexitylib/.lake/build/lib/lean:/home/dfredriksen_quantyra_org/cmmsa_analytic_20260930T040837Z/.lake/packages/mathlib/.lake/build/lib/lean:/home/dfredriksen_quantyra_org/cmmsa_analytic_20260930T040837Z/.lake/packages/cslib/.lake/build/lib/lean:/home/dfredriksen_quantyra_org/cmmsa_analytic_20260930T040837Z/.lake/build/lib/lean /home/dfredriksen_quantyra_org/.elan/toolchains/leanprover--lean4---v4.34.0-rc2/bin/lean /home/dfredriksen_quantyra_org/cmmsa_analytic_20260930T040837Z/lean/PvNP/RealizableHardness/ActualRawRestrictionComposition.lean -o /home/dfredriksen_quantyra_org/cmmsa_analytic_20260930T040837Z/.lake/build/lib/lean/PvNP/RealizableHardness/ActualRawRestrictionComposition.olean -i /home/dfredriksen_quantyra_org/cmmsa_analytic_20260930T040837Z/.lake/build/lib/lean/PvNP/RealizableHardness/ActualRawRestrictionComposition.ilean -c /home/dfredriksen_quantyra_org/cmmsa_analytic_20260930T040837Z/.lake/build/ir/PvNP/RealizableHardness/ActualRawRestrictionComposition.c --setup /home/dfredriksen_quantyra_org/cmmsa_analytic_20260930T040837Z/.lake/build/ir/PvNP/RealizableHardness/ActualRawRestrictionComposition.setup.json --json
error: lean/PvNP/RealizableHardness/ActualRawRestrictionComposition.lean:60:6: Type mismatch: After simplification, term
  this
 has type
  (M * appendRightDirections R S) i (Fin.castAdd S.columns j) = R.rightValues i j
but is expected to have type
  (M * R.rightDirections) i j = R.rightValues i j
error: lean/PvNP/RealizableHardness/ActualRawRestrictionComposition.lean:64:6: Type mismatch: After simplification, term
  this
 has type
  (M * appendRightDirections R S) i (Fin.natAdd R.columns j) = S.rightValues i j
but is expected to have type
  (M * S.rightDirections) i j = S.rightValues i j
error: lean/PvNP/RealizableHardness/ActualRawRestrictionComposition.lean:75:6: Type mismatch: After simplification, term
  hpart
 has type
  (M * R.rightDirections) i k = R.rightValues i k
but is expected to have type
  (M * appendRightDirections R S) i j = Sum.elim (R.rightValues i) (S.rightValues i) (finSumFinEquiv.symm j)
error: lean/PvNP/RealizableHardness/ActualRawRestrictionComposition.lean:82:6: Type mismatch: After simplification, term
  hpart
 has type
  (M * S.rightDirections) i k = S.rightValues i k
but is expected to have type
  (M * appendRightDirections R S) i j = Sum.elim (R.rightValues i) (S.rightValues i) (finSumFinEquiv.symm j)
error: lean/PvNP/RealizableHardness/ActualRawRestrictionComposition.lean:94:6: Type mismatch: After simplification, term
  this
 has type
  (appendLeftDirections R S * M) (Fin.castAdd S.rows i) j = R.leftValues i j
but is expected to have type
  (R.leftDirections * M) i j = R.leftValues i j
error: lean/PvNP/RealizableHardness/ActualRawRestrictionComposition.lean:98:6: Type mismatch: After simplification, term
  this
 has type
  (appendLeftDirections R S * M) (Fin.natAdd R.rows i) j = S.leftValues i j
but is expected to have type
  (S.leftDirections * M) i j = S.leftValues i j
error: lean/PvNP/RealizableHardness/ActualRawRestrictionComposition.lean:109:6: Type mismatch: After simplification, term
  hpart
 has type
  (R.leftDirections * M) k j = R.leftValues k j
but is expected to have type
  (appendLeftDirections R S * M) i j =
    Sum.elim (fun k => R.leftValues k j) (fun k => S.leftValues k j) (finSumFinEquiv.symm i)
error: lean/PvNP/RealizableHardness/ActualRawRestrictionComposition.lean:116:6: Type mismatch: After simplification, term
  hpart
 has type
  (S.leftDirections * M) k j = S.leftValues k j
but is expected to have type
  (appendLeftDirections R S * M) i j =
    Sum.elim (fun k => R.leftValues k j) (fun k => S.leftValues k j) (finSumFinEquiv.symm i)
error: lean/PvNP/RealizableHardness/ActualRawRestrictionComposition.lean:125:6: Tactic `rewrite` failed: Did not find an occurrence of the pattern
  ?M * appendRightDirections ?R ?S = appendRightValues ?R ?S
in the target expression
  M ∈
      {M |
        M * appendRightDirections R S = appendRightValues R S ∧ appendLeftDirections R S * M = appendLeftValues R S} ↔
    (M * R.rightDirections = R.rightValues ∧ R.leftDirections * M = R.leftValues) ∧
      M * S.rightDirections = S.rightValues ∧ S.leftDirections * M = S.leftValues

n d : ℕ
R S : AffineRestriction n d
M : BinaryMatrix n d
⊢ M ∈
      {M |
        M * appendRightDirections R S = appendRightValues R S ∧ appendLeftDirections R S * M = appendLeftValues R S} ↔
    (M * R.rightDirections = R.rightValues ∧ R.leftDirections * M = R.leftValues) ∧
      M * S.rightDirections = S.rightValues ∧ S.leftDirections * M = S.leftValues

Note: The target expression is not type-correct under the `implicit` transparency level, which may have triggered the failure. This is usually caused by unfolding of semireducible definitions in prior tactic steps. Use `set_option linter.tacticCheckInstances true` to investigate the source of the issue.
Full error:
  Application type mismatch: The argument
    Matrix.instHMulOfFintypeOfMulOfAddCommMonoid
  has type
    HMul (Matrix (Fin n) (Fin d) (ZMod 2)) (Matrix (Fin d) (Fin (composeRawRestriction R S).columns) (ZMod 2))
      (Matrix (Fin n) (Fin (composeRawRestriction R S).columns) (ZMod 2))
  but is expected to have type
    HMul (BinaryMatrix n d) (Matrix (Fin d) (Fin (R.columns + S.columns)) (ZMod 2))
      (Matrix (Fin n) (Fin (R.columns + S.columns)) (ZMod 2))
  in the application
    @HMul.hMul (BinaryMatrix n d) (Matrix (Fin d) (Fin (R.columns + S.columns)) (ZMod 2))
      (Matrix (Fin n) (Fin (R.columns + S.columns)) (ZMod 2)) Matrix.instHMulOfFintypeOfMulOfAddCommMonoid
error: lean/PvNP/RealizableHardness/ActualRawRestrictionComposition.lean:147:0: Unexpected name `PvNP.RealizableHardness.ActualRawRestrictionComposition` after `end`: The current section is unnamed

Hint: Delete the name `PvNP.RealizableHardness.ActualRawRestrictionComposition` to end the current unnamed scope; outer named scopes can then be closed using additional `end` command(s):
  end ̵P̵v̵N̵P̵.̵R̵e̵a̵l̵i̵z̵a̵b̵l̵e̵H̵a̵r̵d̵n̵e̵s̵s̵.̵A̵c̵t̵u̵a̵l̵R̵a̵w̵R̵e̵s̵t̵r̵i̵c̵t̵i̵o̵n̵C̵o̵m̵p̵o̵s̵i̵t̵i̵o̵n̵
Some required targets logged failures:
- PvNP.RealizableHardness.ActualRawRestrictionComposition
