C:\Users\Dan\Desktop\Projects\realizable-cmmsa-hardness\docs\native-receipts\ActualSelectedComplementAnalyticMoment\runtime-prebuild\local-native-own363\src\PvNP\RealizableHardness\ActualBinaryMatrixHC46DR6Incidence.lean:108:6: warning: Variable name `A` is not explicitly referenced.

Hint: The binding can be removed (if unused) or named `_` (if used implicitly). Alternatively, prefix the name with `_` to silence this warning:
  [apply] _A

Note: This linter can be disabled with `set_option linter.unusedVariables false`
C:\Users\Dan\Desktop\Projects\realizable-cmmsa-hardness\docs\native-receipts\ActualSelectedComplementAnalyticMoment\runtime-prebuild\local-native-own363\src\PvNP\RealizableHardness\ActualBinaryMatrixHC46DR6Incidence.lean:197:6: error: Type mismatch: After simplification, term
  hpos
 has type
  0 < Module.finrank F ↥(dr6CoordinateDualAnnihilator K)
but is expected to have type
  0 < Module.finrank F ↥(dr6CoordinateDualAnnihilator ⊤)
C:\Users\Dan\Desktop\Projects\realizable-cmmsa-hardness\docs\native-receipts\ActualSelectedComplementAnalyticMoment\runtime-prebuild\local-native-own363\src\PvNP\RealizableHardness\ActualBinaryMatrixHC46DR6Incidence.lean:207:50: error: unsolved goals
case mp
n d : ℕ
X Y Z : BinaryMatrix n d
I : Submodule F (V d) := ⋯
⊢ 0 < Module.finrank F ↥I → I ≠ ⊥

case mpr
n d : ℕ
X Y Z : BinaryMatrix n d
I : Submodule F (V d) := ⋯
⊢ I ≠ ⊥ → 0 < Module.finrank F ↥I
C:\Users\Dan\Desktop\Projects\realizable-cmmsa-hardness\docs\native-receipts\ActualSelectedComplementAnalyticMoment\runtime-prebuild\local-native-own363\src\PvNP\RealizableHardness\ActualBinaryMatrixHC46DR6Incidence.lean:204:53: error: unsolved goals
n d : ℕ
X Y Z : BinaryMatrix n d
I : Submodule F (V d) := dr6F2CommonImage X Y Z
hpos : 0 < Module.finrank F ↥I ↔ I ≠ ⊥
⊢ dr6ActualIntersectionMobiusSum (dr6F2CommonImage X Y Z) = if dr6F2CommonImage X Y Z ≠ ⊥ then 1 else 0
C:\Users\Dan\Desktop\Projects\realizable-cmmsa-hardness\docs\native-receipts\ActualSelectedComplementAnalyticMoment\runtime-prebuild\local-native-own363\src\PvNP\RealizableHardness\ActualBinaryMatrixHC46DR6Incidence.lean:209:4: error: unexpected token '?'; expected 'binder_predicate'
C:\Users\Dan\Desktop\Projects\realizable-cmmsa-hardness\docs\native-receipts\ActualSelectedComplementAnalyticMoment\runtime-prebuild\local-native-own363\src\PvNP\RealizableHardness\ActualBinaryMatrixHC46DR6Incidence.lean:238:49: error: unsolved goals
case mp
n d : ℕ
X Y Z : BinaryMatrix n d
I : Submodule F (V n) := ⋯
K : Submodule F (V n) := ⋯
hsum : dr6ActualIntersectionMobiusSum I = if 0 < Module.finrank F ↥I then 1 else 0
hpos : K ≠ ⊤ ↔ 0 < Module.finrank F ↥(dr6CoordinateDualAnnihilator K)
⊢ 0 < Module.finrank F ↥I → I ≠ ⊥

case mpr
n d : ℕ
X Y Z : BinaryMatrix n d
I : Submodule F (V n) := ⋯
K : Submodule F (V n) := ⋯
hsum : dr6ActualIntersectionMobiusSum I = if 0 < Module.finrank F ↥I then 1 else 0
hpos : K ≠ ⊤ ↔ 0 < Module.finrank F ↥(dr6CoordinateDualAnnihilator K)
⊢ I ≠ ⊥ → 0 < Module.finrank F ↥I
C:\Users\Dan\Desktop\Projects\realizable-cmmsa-hardness\docs\native-receipts\ActualSelectedComplementAnalyticMoment\runtime-prebuild\local-native-own363\src\PvNP\RealizableHardness\ActualBinaryMatrixHC46DR6Incidence.lean:232:51: error: unsolved goals
n d : ℕ
X Y Z : BinaryMatrix n d
I : Submodule F (V n) := dr6CoordinateDualAnnihilator (dr6F2KernelSum X Y Z)
K : Submodule F (V n) := dr6F2KernelSum X Y Z
hsum : dr6ActualIntersectionMobiusSum I = if 0 < Module.finrank F ↥I then 1 else 0
hpos : K ≠ ⊤ ↔ 0 < Module.finrank F ↥(dr6CoordinateDualAnnihilator K)
hIpos : 0 < Module.finrank F ↥I ↔ I ≠ ⊥
⊢ dr6ActualIntersectionMobiusSum (dr6CoordinateDualAnnihilator (dr6F2KernelSum X Y Z)) =
    if dr6F2KernelSum X Y Z ≠ ⊤ then 1 else 0
C:\Users\Dan\Desktop\Projects\realizable-cmmsa-hardness\docs\native-receipts\ActualSelectedComplementAnalyticMoment\runtime-prebuild\local-native-own363\src\PvNP\RealizableHardness\ActualBinaryMatrixHC46DR6Incidence.lean:240:4: error: unexpected token '?'; expected 'binder_predicate'
Try this:
  [apply] ring_nf
  
  The `ring` tactic failed to close the goal. Use `ring_nf` to obtain a normal form.
    
  Note that `ring` works primarily in *commutative* rings. If you have a noncommutative ring, abelian group or module, consider using `noncomm_ring`, `abel` or `module` instead.
C:\Users\Dan\Desktop\Projects\realizable-cmmsa-hardness\docs\native-receipts\ActualSelectedComplementAnalyticMoment\runtime-prebuild\local-native-own363\src\PvNP\RealizableHardness\ActualBinaryMatrixHC46DR6Incidence.lean:362:72: error: unsolved goals
m l : ℕ
ci cj : ℕ → ℚ
hci0 : ci 0 = 1
hcj0 : cj 0 = 1
I : Finset ℕ := Finset.range (m + 1)
J : Finset ℕ := Finset.range (l + 1)
hzeroI : ∀ (a : ℚ), (∑ i ∈ I, if i = 0 then a else 0) = a
hzeroJ : ∀ (a : ℚ), (∑ j ∈ J, if j = 0 then a else 0) = a
hsplit :
  ∀ (i j : ℕ),
    dr6F2SignedIncidenceWeight i j * ci i * cj j =
      ((if j = 0 then dr6MobiusAlphaRat i * ci i else 0) + if i = 0 then dr6MobiusAlphaRat j * cj j else 0) -
        (if i = 0 then 0 else dr6MobiusAlphaRat i * ci i) * if j = 0 then 0 else dr6MobiusAlphaRat j * cj j
⊢ ((∑ x ∈ Finset.range (1 + m), if x = 0 then 0 else -(dr6QBinomialWeight x * ci x)) +
      ∑ x ∈ Finset.range (1 + l), if x = 0 then 0 else -(dr6QBinomialWeight x * cj x)) =
    (∑ x ∈ Finset.range (1 + m), if x = 0 then 0 else if x = 0 then 0 else -(dr6QBinomialWeight x * ci x)) +
      ∑ x ∈ Finset.range (1 + l), if x = 0 then 0 else if x = 0 then 0 else -(dr6QBinomialWeight x * cj x)
C:\Users\Dan\Desktop\Projects\realizable-cmmsa-hardness\docs\native-receipts\ActualSelectedComplementAnalyticMoment\runtime-prebuild\local-native-own363\src\PvNP\RealizableHardness\ActualBinaryMatrixHC46DR6Incidence.lean:414:8: error(lean.unknownIdentifier): Unknown identifier `dr6KernelSuperspacesFintype`
C:\Users\Dan\Desktop\Projects\realizable-cmmsa-hardness\docs\native-receipts\ActualSelectedComplementAnalyticMoment\runtime-prebuild\local-native-own363\src\PvNP\RealizableHardness\ActualBinaryMatrixHC46DR6Incidence.lean:466:31: warning: Variable name `hKB` is not explicitly referenced.

Hint: The binding can be removed (if unused) or named `_` (if used implicitly). Alternatively, prefix the name with `_` to silence this warning:
  [apply] _hKB

Note: This linter can be disabled with `set_option linter.unusedVariables false`
C:\Users\Dan\Desktop\Projects\realizable-cmmsa-hardness\docs\native-receipts\ActualSelectedComplementAnalyticMoment\runtime-prebuild\local-native-own363\src\PvNP\RealizableHardness\ActualBinaryMatrixHC46DR6Incidence.lean:490:4: warning: Try this: intro hKB x hx
C:\Users\Dan\Desktop\Projects\realizable-cmmsa-hardness\docs\native-receipts\ActualSelectedComplementAnalyticMoment\runtime-prebuild\local-native-own363\src\PvNP\RealizableHardness\ActualBinaryMatrixHC46DR6Incidence.lean:515:10: error: Tactic `rewrite` failed: motive is not type correct:
  fun _a => Module.finrank F ↥(dr6CoordinateDualAnnihilator ↑B) + Module.finrank F ↥↑B = n
Error: Application type mismatch: The argument
  B
has type
  dr6KernelSuperspaces K
but is expected to have type
  { B // K ≤ B ∧ _a - Module.finrank F ↥B = j }
in the application
  ↑B

Explanation: The rewrite tactic rewrites an expression 'e' using an equality 'a = b' by the following process. First, it looks for all 'a' in 'e'. Second, it tries to abstract these occurrences of 'a' to create a function 'm := fun _a => ...', called the *motive*, with the property that 'm a' is definitionally equal to 'e'. Third, we observe that 'congrArg' implies that 'm a = m b', which can be used with lemmas such as 'Eq.mpr' to change the goal. However, if 'e' depends on specific properties of 'a', then the motive 'm' might not typecheck.

Possible solutions: use rewrite's 'occs' configuration option to limit which occurrences are rewritten, or use 'simp' or 'conv' mode, which have strategies for certain kinds of dependencies (these tactics can handle proofs and 'Decidable' instances whose types depend on the rewritten term, and 'simp' can apply user-defined '@[congr]' theorems as well).

n j : ℕ
K : Submodule F (V n)
e : Module.Dual F (V n) ≃ₗ[F] V n := dr6DualCoordinateEquiv n
B : dr6KernelSuperspaces K
C : Submodule F (V n) := Submodule.map (↑e) (↑B).dualAnnihilator
hc : Module.finrank F ↥(dr6CoordinateDualAnnihilator ↑B) + Module.finrank F ↥↑B = n
hcod : Module.finrank F (V n) - Module.finrank F ↥↑B = j
hV : Module.finrank F (V n) = n
⊢ Module.finrank F ↥C = j
C:\Users\Dan\Desktop\Projects\realizable-cmmsa-hardness\docs\native-receipts\ActualSelectedComplementAnalyticMoment\runtime-prebuild\local-native-own363\src\PvNP\RealizableHardness\ActualBinaryMatrixHC46DR6Incidence.lean:555:18: error: Application type mismatch: The argument
  hcod
has type
  n - Module.finrank F ↥B = j
but is expected to have type
  Module.finrank F (V n) - Module.finrank F ↥B = j
in the application
  ⟨hK, hcod⟩
C:\Users\Dan\Desktop\Projects\realizable-cmmsa-hardness\docs\native-receipts\ActualSelectedComplementAnalyticMoment\runtime-prebuild\local-native-own363\src\PvNP\RealizableHardness\ActualBinaryMatrixHC46DR6Incidence.lean:576:18: error: Application type mismatch: The argument
  eAnn.symm
has type
  dr6KernelAnnihilatorSubspaces K ≃ dr6KernelSuperspaces K
but is expected to have type
  W6Grass (↥(dr6CoordinateDualAnnihilator K)) j ≃ ?m.25
in the application
  eBelow.trans eAnn.symm
C:\Users\Dan\Desktop\Projects\realizable-cmmsa-hardness\docs\native-receipts\ActualSelectedComplementAnalyticMoment\runtime-prebuild\local-native-own363\src\PvNP\RealizableHardness\ActualBinaryMatrixHC46DR6Incidence.lean:595:4: warning: Try this: intro hKB x hx
C:\Users\Dan\Desktop\Projects\realizable-cmmsa-hardness\docs\native-receipts\ActualSelectedComplementAnalyticMoment\runtime-prebuild\local-native-own363\src\PvNP\RealizableHardness\ActualBinaryMatrixHC46DR6Incidence.lean:646:26: error: unsolved goals
n d : ℕ
A : Submodule F (V d)
B : Submodule F (V n)
X Y Z : BinaryMatrix n d
hX : X = Y + Z
i : Fin n
j : Fin d
⊢ Y i j + Z i j + Y i j = Z i j
C:\Users\Dan\Desktop\Projects\realizable-cmmsa-hardness\docs\native-receipts\ActualSelectedComplementAnalyticMoment\runtime-prebuild\local-native-own363\src\PvNP\RealizableHardness\ActualBinaryMatrixHC46DR6Incidence.lean:649:28: warning: This simp argument is unused:
  CharTwo.add_self_eq_zero

Hint: Omit it from the simp argument list.
  [apply] simp [Matrix.add_apply]

Note: This linter can be disabled with `set_option linter.unusedSimpArgs false`
C:\Users\Dan\Desktop\Projects\realizable-cmmsa-hardness\docs\native-receipts\ActualSelectedComplementAnalyticMoment\runtime-prebuild\local-native-own363\src\PvNP\RealizableHardness\ActualBinaryMatrixHC46DR6Incidence.lean:703:31: error: Application type mismatch: The argument
  e.left_inv ⟨↑↑A, A.property⟩
has type
  e.invFun (e.toFun ⟨↑↑A, ⋯⟩) = ⟨↑↑A, ⋯⟩
but is expected to have type
  ↑↑((fun U => ⟨⟨↑(e.symm U), ⋯⟩, ⋯⟩) ((fun A => e ⟨↑↑A, ⋯⟩) A)) = ↑↑A
in the application
  congrArg Subtype.val (e.left_inv ⟨↑↑A, A.property⟩)
C:\Users\Dan\Desktop\Projects\realizable-cmmsa-hardness\docs\native-receipts\ActualSelectedComplementAnalyticMoment\runtime-prebuild\local-native-own363\src\PvNP\RealizableHardness\ActualBinaryMatrixHC46DR6Incidence.lean:781:12: warning: This simp argument is unused:
  w6FrameProduct

Hint: Omit it from the simp argument list.
  [apply] simp [← pow_mul]

Note: This linter can be disabled with `set_option linter.unusedSimpArgs false`
C:\Users\Dan\Desktop\Projects\realizable-cmmsa-hardness\docs\native-receipts\ActualSelectedComplementAnalyticMoment\runtime-prebuild\local-native-own363\src\PvNP\RealizableHardness\ActualBinaryMatrixHC46DR6Incidence.lean:797:30: error: Application type mismatch: The argument
  ?m.82
has type
  0 < 2
but is expected to have type
  1 < 2
in the application
  Nat.pow_lt_pow_right ?m.82
C:\Users\Dan\Desktop\Projects\realizable-cmmsa-hardness\docs\native-receipts\ActualSelectedComplementAnalyticMoment\runtime-prebuild\local-native-own363\src\PvNP\RealizableHardness\ActualBinaryMatrixHC46DR6Incidence.lean:835:2: error: omega could not prove the goal:
a possible counterexample may satisfy the constraints
  f ≥ 0
  e ≥ 0
  c ≥ 0
  b ≥ 0
  b - f ≥ 1
  b + c ≥ 0
  b + c - e ≥ 0
  a ≥ 0
  a - b - c + e ≥ 0
where
 a := ↑(Module.finrank (ZMod 2) (Fin n → ZMod 2))
 b := ↑(Matrix.rank X)
 c := ↑(Module.finrank F ↥(Matrix.transpose X).mulVecLin.ker)
 e := ↑(Module.finrank (ZMod 2) ↥(dr6CoordinateDualAnnihilator (Matrix.transpose X).mulVecLin.ker))
 f := ↑(Module.finrank F ↥(dr6CoordinateDualAnnihilator (Matrix.transpose X).mulVecLin.ker))
C:\Users\Dan\Desktop\Projects\realizable-cmmsa-hardness\docs\native-receipts\ActualSelectedComplementAnalyticMoment\runtime-prebuild\local-native-own363\src\PvNP\RealizableHardness\ActualBinaryMatrixHC46DR6Incidence.lean:881:63: error: Type mismatch
  Fintype.card_prod
has type
  ∀ (α : Type ?u.140) (β : Type ?u.139) [inst : Fintype α] [inst_1 : Fintype β],
    Fintype.card (α × β) = Fintype.card α * Fintype.card β
but is expected to have type
  ?m.276 = Fintype.card (dr6F2OuterImageCarrier X) * Fintype.card (dr6F2OuterKernelCarrier X)
C:\Users\Dan\Desktop\Projects\realizable-cmmsa-hardness\docs\native-receipts\ActualSelectedComplementAnalyticMoment\runtime-prebuild\local-native-own363\src\PvNP\RealizableHardness\ActualBinaryMatrixHC46DR6Incidence.lean:987:12: warning: This simp argument is unused:
  Fintype.sum_prod_type

Hint: Omit it from the simp argument list.
  [apply] simp [Fintype.card_prod, mul_assoc]

Note: This linter can be disabled with `set_option linter.unusedSimpArgs false`
C:\Users\Dan\Desktop\Projects\realizable-cmmsa-hardness\docs\native-receipts\ActualSelectedComplementAnalyticMoment\runtime-prebuild\local-native-own363\src\PvNP\RealizableHardness\ActualBinaryMatrixHC46DR6Incidence.lean:1025:12: error: Tactic `rewrite` failed: motive is not type correct:
  fun _a =>
    (if _a then dr6F2SignedIncidenceWeight i j else 0) = if P p.1 ∧ Q p.2 then dr6F2SignedIncidenceWeight i j else 0
Error: Application type mismatch: The argument
  instDecidableAnd
has type
  Decidable (DR6ComplexOrdinarySelected (↑↑p.1) (↑p.2) Y ∧ DR6ComplexOrdinarySelected (↑↑p.1) (↑p.2) Z)
but is expected to have type
  Decidable _a
in the application
  @ite ℚ _a instDecidableAnd

Explanation: The rewrite tactic rewrites an expression 'e' using an equality 'a = b' by the following process. First, it looks for all 'a' in 'e'. Second, it tries to abstract these occurrences of 'a' to create a function 'm := fun _a => ...', called the *motive*, with the property that 'm a' is definitionally equal to 'e'. Third, we observe that 'congrArg' implies that 'm a = m b', which can be used with lemmas such as 'Eq.mpr' to change the goal. However, if 'e' depends on specific properties of 'a', then the motive 'm' might not typecheck.

Possible solutions: use rewrite's 'occs' configuration option to limit which occurrences are rewritten, or use 'simp' or 'conv' mode, which have strategies for certain kinds of dependencies (these tactics can handle proofs and 'Decidable' instances whose types depend on the rewritten term, and 'simp' can apply user-defined '@[congr]' theorems as well).

n d i j : ℕ
X Y Z : BinaryMatrix n d
P : dr6F2OuterImageCarrier X → Prop := fun A => ↑↑A ≤ dr6F2CommonImage X Y Z
Q : dr6F2OuterKernelCarrier X → Prop := fun B => dr6F2KernelSum X Y Z ≤ ↑B
hsel :
  ∀ (p : dr6F2OuterImageCarrier X × dr6F2OuterKernelCarrier X),
    DR6ComplexOrdinarySelected (↑↑p.1) (↑p.2) Y ∧ DR6ComplexOrdinarySelected (↑↑p.1) (↑p.2) Z ↔ P p.1 ∧ Q p.2
p : dr6F2OuterImageCarrier X × dr6F2OuterKernelCarrier X
hp : p ∈ Finset.univ
⊢ (if DR6ComplexOrdinarySelected (↑↑p.1) (↑p.2) Y ∧ DR6ComplexOrdinarySelected (↑↑p.1) (↑p.2) Z then
      dr6F2SignedIncidenceWeight i j
    else 0) =
    if P p.1 ∧ Q p.2 then dr6F2SignedIncidenceWeight i j else 0

Note: The target expression is not type-correct under the `implicit` transparency level, which may have triggered the failure. This is usually caused by unfolding of semireducible definitions in prior tactic steps. Use `set_option linter.tacticCheckInstances true` to investigate the source of the issue.
Full error:
  Application type mismatch: The argument
    A
  has type
    W6Grass (V d) i
  but is expected to have type
    { U // Module.finrank PvNP.RealizableHardness.ActualBinaryMatrixHC46A7PredecessorCount.F✝ ↥U = i }
  in the application
    ↑A
C:\Users\Dan\Desktop\Projects\realizable-cmmsa-hardness\docs\native-receipts\ActualSelectedComplementAnalyticMoment\runtime-prebuild\local-native-own363\src\PvNP\RealizableHardness\ActualBinaryMatrixHC46DR6Incidence.lean:1027:6: error: Tactic `rewrite` failed: Did not find an occurrence of the pattern
  Fintype.card (dr6F2ImageIncidenceCarrier ?X ?Y ?Z)
in the target expression
  ↑(Fintype.card { a // P a }) * ↑(Fintype.card { b // Q b }) * dr6F2SignedIncidenceWeight i j =
    ↑(Fintype.card (W6Grass (↥(dr6F2CommonImage X Y Z)) i)) *
        ↑(Fintype.card (W6Grass (↥(dr6CoordinateDualAnnihilator (dr6F2KernelSum X Y Z))) j)) *
      dr6F2SignedIncidenceWeight i j

n d i j : ℕ
X Y Z : BinaryMatrix n d
P : dr6F2OuterImageCarrier X → Prop := fun A => ↑↑A ≤ dr6F2CommonImage X Y Z
Q : dr6F2OuterKernelCarrier X → Prop := fun B => dr6F2KernelSum X Y Z ≤ ↑B
hsel :
  ∀ (p : dr6F2OuterImageCarrier X × dr6F2OuterKernelCarrier X),
    DR6ComplexOrdinarySelected (↑↑p.1) (↑p.2) Y ∧ DR6ComplexOrdinarySelected (↑↑p.1) (↑p.2) Z ↔ P p.1 ∧ Q p.2
⊢ ↑(Fintype.card { a // P a }) * ↑(Fintype.card { b // Q b }) * dr6F2SignedIncidenceWeight i j =
    ↑(Fintype.card (W6Grass (↥(dr6F2CommonImage X Y Z)) i)) *
        ↑(Fintype.card (W6Grass (↥(dr6CoordinateDualAnnihilator (dr6F2KernelSum X Y Z))) j)) *
      dr6F2SignedIncidenceWeight i j
C:\Users\Dan\Desktop\Projects\realizable-cmmsa-hardness\docs\native-receipts\ActualSelectedComplementAnalyticMoment\runtime-prebuild\local-native-own363\src\PvNP\RealizableHardness\ActualBinaryMatrixHC46DR6Incidence.lean:1071:4: error: unsolved goals
case neg
n d : ℕ
A : Submodule F (V d)
B : Submodule F (V n)
f : BinaryMatrix n d → ℂ
Y Y' : BinaryMatrix n d
hs : ¬DR6ComplexOrdinarySelected A B Y'
⊢ complexFourierCoeff (fun M => 0) Y = 0
C:\Users\Dan\Desktop\Projects\realizable-cmmsa-hardness\docs\native-receipts\ActualSelectedComplementAnalyticMoment\runtime-prebuild\local-native-own363\src\PvNP\RealizableHardness\ActualBinaryMatrixHC46DR6Incidence.lean:1075:2: error: unsolved goals
case h₀
n d : ℕ
A : Submodule F (V d)
B : Submodule F (V n)
f : BinaryMatrix n d → ℂ
Y : BinaryMatrix n d
hterm :
  ∀ (Y' : BinaryMatrix n d),
    complexFourierCoeff
        (fun M => if DR6ComplexOrdinarySelected A B Y' then complexFourierCoeff f Y' * ↑(character Y' M) else 0) Y =
      if DR6ComplexOrdinarySelected A B Y' then if Y = Y' then complexFourierCoeff f Y' else 0 else 0
Y' : BinaryMatrix n d
hY' : Y' ∈ Finset.univ
hne : Y' ≠ Y
⊢ DR6ComplexOrdinarySelected A B Y' → Y = Y' → complexFourierCoeff f Y' = 0
C:\Users\Dan\Desktop\Projects\realizable-cmmsa-hardness\docs\native-receipts\ActualSelectedComplementAnalyticMoment\runtime-prebuild\local-native-own363\src\PvNP\RealizableHardness\ActualBinaryMatrixHC46DR6Incidence.lean:1076:10: warning: This simp argument is unused:
  hne

Hint: Omit it from the simp argument list.
  [apply] simp [ne_comm]

Note: This linter can be disabled with `set_option linter.unusedSimpArgs false`
C:\Users\Dan\Desktop\Projects\realizable-cmmsa-hardness\docs\native-receipts\ActualSelectedComplementAnalyticMoment\runtime-prebuild\local-native-own363\src\PvNP\RealizableHardness\ActualBinaryMatrixHC46DR6Incidence.lean:1076:15: warning: This simp argument is unused:
  ne_comm

Hint: Omit it from the simp argument list.
  [apply] simp [hne]

Note: This linter can be disabled with `set_option linter.unusedSimpArgs false`
C:\Users\Dan\Desktop\Projects\realizable-cmmsa-hardness\docs\native-receipts\ActualSelectedComplementAnalyticMoment\runtime-prebuild\local-native-own363\src\PvNP\RealizableHardness\ActualBinaryMatrixHC46DR6Incidence.lean:1127:4: error(lean.synthInstanceFailed): failed to synthesize instance of type class
  Fintype (dr6F2A5OuterCarrier X)

Hint: Type class instance resolution failures can be inspected with the `set_option trace.Meta.synthInstance true` command.
C:\Users\Dan\Desktop\Projects\realizable-cmmsa-hardness\docs\native-receipts\ActualSelectedComplementAnalyticMoment\runtime-prebuild\local-native-own363\src\PvNP\RealizableHardness\ActualBinaryMatrixHC46DR6Incidence.lean:1187:8: error: typeclass instance problem is stuck
  AddCommMonoid ?m.408

Note: Lean will not try to resolve this typeclass instance problem because the type argument to `AddCommMonoid` is a metavariable. This argument must be fully determined before Lean will try to resolve the typeclass.

Hint: Adding type annotations and supplying implicit arguments to functions can give Lean more information for typeclass resolution. For example, if you have a variable `x` that you intend to be a `Nat`, but Lean reports it as having an unresolved type like `?m`, replacing `x` with `(x : Nat)` can get typeclass resolution un-stuck.
C:\Users\Dan\Desktop\Projects\realizable-cmmsa-hardness\docs\native-receipts\ActualSelectedComplementAnalyticMoment\runtime-prebuild\local-native-own363\src\PvNP\RealizableHardness\ActualBinaryMatrixHC46DR6Incidence.lean:1249:4: error(lean.synthInstanceFailed): failed to synthesize instance of type class
  Fintype (dr6F2A5OuterCarrier X)

Hint: Type class instance resolution failures can be inspected with the `set_option trace.Meta.synthInstance true` command.
C:\Users\Dan\Desktop\Projects\realizable-cmmsa-hardness\docs\native-receipts\ActualSelectedComplementAnalyticMoment\runtime-prebuild\local-native-own363\src\PvNP\RealizableHardness\ActualBinaryMatrixHC46DR6Incidence.lean:1267:8: warning: declaration uses `sorry`
C:\Users\Dan\Desktop\Projects\realizable-cmmsa-hardness\docs\native-receipts\ActualSelectedComplementAnalyticMoment\runtime-prebuild\local-native-own363\src\PvNP\RealizableHardness\ActualBinaryMatrixHC46DR6Incidence.lean:1280:2: warning: this tactic is never executed

Note: This linter can be disabled with `set_option linter.unreachableTactic false`
C:\Users\Dan\Desktop\Projects\realizable-cmmsa-hardness\docs\native-receipts\ActualSelectedComplementAnalyticMoment\runtime-prebuild\local-native-own363\src\PvNP\RealizableHardness\ActualBinaryMatrixHC46DR6Incidence.lean:1279:2: warning: Unused tactic linter: `rw [Fintype.sum_sigma, Fintype.sum_sigma]` does nothing

Note: This linter can be disabled with `set_option linter.unusedTactic false`
C:\Users\Dan\Desktop\Projects\realizable-cmmsa-hardness\docs\native-receipts\ActualSelectedComplementAnalyticMoment\runtime-prebuild\local-native-own363\src\PvNP\RealizableHardness\ActualBinaryMatrixHC46DR6Incidence.lean:1280:2: warning: Unused tactic linter: `calc
  _ =
      Finset.univ.sum
        (fun i : Fin (Module.finrank F (LinearMap.range X.transpose.mulVecLin) + 1) =>
          Finset.univ.sum
            (fun j : Fin (Module.finrank F (dr6CoordinateDualAnnihilator (LinearMap.ker X.transpose.mulVecLin)) + 1) =>
              (dr6F2SignedIncidenceWeight i.val j.val : Complex) * dr6F2A5GradeSquareCoefficient f X i.val j.val)) :=
    by
    apply Finset.sum_congr rfl
    intro i hi
    apply Finset.sum_congr rfl
    intro j hj
    simp [dr6F2A5GradeSquareCoefficient, dr6F2A5OuterWeight, Finset.mul_sum]
  _ = _ :=
    by
    rw [Fin.sum_univ_eq_sum_range
        (fun i : Nat =>
          Finset.univ.sum
            (fun j : Fin (Module.finrank F (dr6CoordinateDualAnnihilator (LinearMap.ker X.transpose.mulVecLin)) + 1) =>
              (dr6F2SignedIncidenceWeight i j.val : Complex) * dr6F2A5GradeSquareCoefficient f X i j.val))]
    apply Finset.sum_congr rfl
    intro i hi
    rw [Fin.sum_univ_eq_sum_range
        (fun j : Nat =>
          (dr6F2SignedIncidenceWeight i j : Complex) * dr6F2A5GradeSquareCoefficient f X i j)]` does nothing

Note: This linter can be disabled with `set_option linter.unusedTactic false`
C:\Users\Dan\Desktop\Projects\realizable-cmmsa-hardness\docs\native-receipts\ActualSelectedComplementAnalyticMoment\runtime-prebuild\local-native-own363\src\PvNP\RealizableHardness\ActualBinaryMatrixHC46DR6Incidence.lean:1322:17: error: Invalid projection: Projections cannot be used on functions, and
  (↑p.2).smul_mem'
has function type
  ∀ (c : F) {x : V n}, x ∈ (↑p.2).carrier → c • x ∈ (↑p.2).carrier
C:\Users\Dan\Desktop\Projects\realizable-cmmsa-hardness\docs\native-receipts\ActualSelectedComplementAnalyticMoment\runtime-prebuild\local-native-own363\src\PvNP\RealizableHardness\ActualBinaryMatrixHC46DR6Incidence.lean:1326:16: error(lean.unknownIdentifier): Unknown identifier `dr6_complexFilter_eq_zero_of_grade_gt_support`
C:\Users\Dan\Desktop\Projects\realizable-cmmsa-hardness\docs\native-receipts\ActualSelectedComplementAnalyticMoment\runtime-prebuild\local-native-own363\src\PvNP\RealizableHardness\ActualBinaryMatrixHC46DR6Incidence.lean:1315:49: error: unsolved goals
n d D : ℕ
f : BinaryMatrix n d → ℂ
X : BinaryMatrix n d
hsupport : ComplexFourierSupportedThrough D f
i j : ℕ
hi : D < i ∨ D < j
p : dr6F2OuterImageCarrier X × dr6F2OuterKernelCarrier X
hp : p ∈ Finset.univ
hAi : Module.finrank F ↥↑↑p.1 = i
hBj : Module.finrank F (V n ⧸ ↑p.2) = j
⊢ complexFourierCoeff (fun M => DR6ComplexOrdinaryFilter (↑↑p.1) (↑p.2) f M ^ 2) X = 0
C:\Users\Dan\Desktop\Projects\realizable-cmmsa-hardness\docs\native-receipts\ActualSelectedComplementAnalyticMoment\runtime-prebuild\local-native-own363\src\PvNP\RealizableHardness\ActualBinaryMatrixHC46DR6Incidence.lean:1337:10: error(lean.synthInstanceFailed): failed to synthesize instance of type class
  Fintype (dr6F2A5OuterCarrier X)

Hint: Type class instance resolution failures can be inspected with the `set_option trace.Meta.synthInstance true` command.
C:\Users\Dan\Desktop\Projects\realizable-cmmsa-hardness\docs\native-receipts\ActualSelectedComplementAnalyticMoment\runtime-prebuild\local-native-own363\src\PvNP\RealizableHardness\ActualBinaryMatrixHC46DR6Incidence.lean:1348:7: error(lean.synthInstanceFailed): failed to synthesize instance of type class
  Fintype (dr6F2A5OuterCarrier X)

Hint: Type class instance resolution failures can be inspected with the `set_option trace.Meta.synthInstance true` command.
C:\Users\Dan\Desktop\Projects\realizable-cmmsa-hardness\docs\native-receipts\ActualSelectedComplementAnalyticMoment\runtime-prebuild\local-native-own363\src\PvNP\RealizableHardness\ActualBinaryMatrixHC46DR6Incidence.lean:1354:8: error(lean.synthInstanceFailed): failed to synthesize instance of type class
  Fintype (dr6F2A5OuterCarrier X)

Hint: Type class instance resolution failures can be inspected with the `set_option trace.Meta.synthInstance true` command.
C:\Users\Dan\Desktop\Projects\realizable-cmmsa-hardness\docs\native-receipts\ActualSelectedComplementAnalyticMoment\runtime-prebuild\local-native-own363\src\PvNP\RealizableHardness\ActualBinaryMatrixHC46DR6Incidence.lean:1366:10: error(lean.synthInstanceFailed): failed to synthesize instance of type class
  Fintype (dr6F2A5OuterCarrier X)

Hint: Type class instance resolution failures can be inspected with the `set_option trace.Meta.synthInstance true` command.
C:\Users\Dan\Desktop\Projects\realizable-cmmsa-hardness\docs\native-receipts\ActualSelectedComplementAnalyticMoment\runtime-prebuild\local-native-own363\src\PvNP\RealizableHardness\ActualBinaryMatrixHC46DR6Incidence.lean:1388:12: error(lean.synthInstanceFailed): failed to synthesize instance of type class
  Fintype (dr6F2A5OuterCarrier X)

Hint: Type class instance resolution failures can be inspected with the `set_option trace.Meta.synthInstance true` command.
C:\Users\Dan\Desktop\Projects\realizable-cmmsa-hardness\docs\native-receipts\ActualSelectedComplementAnalyticMoment\runtime-prebuild\local-native-own363\src\PvNP\RealizableHardness\ActualBinaryMatrixHC46DR6Incidence.lean:1428:9: error(lean.synthInstanceFailed): failed to synthesize instance of type class
  Fintype (dr6F2A5OuterCarrier X)

Hint: Type class instance resolution failures can be inspected with the `set_option trace.Meta.synthInstance true` command.
C:\Users\Dan\Desktop\Projects\realizable-cmmsa-hardness\docs\native-receipts\ActualSelectedComplementAnalyticMoment\runtime-prebuild\local-native-own363\src\PvNP\RealizableHardness\ActualBinaryMatrixHC46DR6Incidence.lean:1442:9: error(lean.synthInstanceFailed): failed to synthesize instance of type class
  Fintype (dr6F2A5OuterCarrier X)

Hint: Type class instance resolution failures can be inspected with the `set_option trace.Meta.synthInstance true` command.
C:\Users\Dan\Desktop\Projects\realizable-cmmsa-hardness\docs\native-receipts\ActualSelectedComplementAnalyticMoment\runtime-prebuild\local-native-own363\src\PvNP\RealizableHardness\ActualBinaryMatrixHC46DR6Incidence.lean:1447:9: error(lean.synthInstanceFailed): failed to synthesize instance of type class
  Fintype (dr6F2A5OuterCarrier X)

Hint: Type class instance resolution failures can be inspected with the `set_option trace.Meta.synthInstance true` command.
C:\Users\Dan\Desktop\Projects\realizable-cmmsa-hardness\docs\native-receipts\ActualSelectedComplementAnalyticMoment\runtime-prebuild\local-native-own363\src\PvNP\RealizableHardness\ActualBinaryMatrixHC46DR6Incidence.lean:1450:11: error(lean.synthInstanceFailed): failed to synthesize instance of type class
  Fintype (dr6F2A5OuterCarrier X)

Hint: Type class instance resolution failures can be inspected with the `set_option trace.Meta.synthInstance true` command.
C:\Users\Dan\Desktop\Projects\realizable-cmmsa-hardness\docs\native-receipts\ActualSelectedComplementAnalyticMoment\runtime-prebuild\local-native-own363\src\PvNP\RealizableHardness\ActualBinaryMatrixHC46DR6Incidence.lean:1453:16: error(lean.synthInstanceFailed): failed to synthesize instance of type class
  Fintype (dr6F2A5OuterCarrier X)

Hint: Type class instance resolution failures can be inspected with the `set_option trace.Meta.synthInstance true` command.
C:\Users\Dan\Desktop\Projects\realizable-cmmsa-hardness\docs\native-receipts\ActualSelectedComplementAnalyticMoment\runtime-prebuild\local-native-own363\src\PvNP\RealizableHardness\ActualBinaryMatrixHC46DR6Incidence.lean:1587:8: error: Type mismatch
  Nat.mul_comm ?m.505 ?m.506
has type
  ?m.505 * ?m.506 = ?m.506 * ?m.505
but is expected to have type
  (-1) ^ (k + 1) = (-1) ^ 2
C:\Users\Dan\Desktop\Projects\realizable-cmmsa-hardness\docs\native-receipts\ActualSelectedComplementAnalyticMoment\runtime-prebuild\local-native-own363\src\PvNP\RealizableHardness\ActualBinaryMatrixHC46DR6Incidence.lean:1593:4: error: Type mismatch
  Nat.mul_comm ?m.593 ?m.594
has type
  ?m.593 * ?m.594 = ?m.594 * ?m.593
but is expected to have type
  2 ^ (k * (k - 1) / 2) = 2 ^ 2
C:\Users\Dan\Desktop\Projects\realizable-cmmsa-hardness\docs\native-receipts\ActualSelectedComplementAnalyticMoment\runtime-prebuild\local-native-own363\src\PvNP\RealizableHardness\ActualBinaryMatrixHC46DR6Incidence.lean:1598:29: error: unsolved goals
case ha
D k : ℕ
hk : 1 ≤ k
hkD : k ≤ D
hkpos : 0 < k
hcast : ↑(dr6MobiusAlphaRat k) = (-1) ^ (k + 1) * 2 ^ (k * (k - 1) / 2)
hcast' : ↑↑(dr6MobiusAlpha k) = (-1) ^ (k + 1) * 2 ^ (k * (k - 1) / 2)
htri : 2 * (k * (k - 1) / 2) ≤ k * (k - 1)
hkm1 : k - 1 ≤ D
hprod : k * (k - 1) ≤ D * k
hexp : 2 * (k * (k - 1) / 2) ≤ D * k
hsign : ((-1) ^ (k + 1)) ^ 2 = 1
hpow : (2 ^ (k * (k - 1) / 2)) ^ 2 = 2 ^ (2 * (k * (k - 1) / 2))
⊢ 1 ≤ 2
C:\Users\Dan\Desktop\Projects\realizable-cmmsa-hardness\docs\native-receipts\ActualSelectedComplementAnalyticMoment\runtime-prebuild\local-native-own363\src\PvNP\RealizableHardness\ActualBinaryMatrixHC46DR6Incidence.lean:1722:45: warning: `if_neg` has been deprecated: Use `ite_eq_right` instead
C:\Users\Dan\Desktop\Projects\realizable-cmmsa-hardness\docs\native-receipts\ActualSelectedComplementAnalyticMoment\runtime-prebuild\local-native-own363\src\PvNP\RealizableHardness\ActualBinaryMatrixHC46DR6Incidence.lean:1722:57: warning: `if_neg` has been deprecated: Use `ite_eq_right` instead
C:\Users\Dan\Desktop\Projects\realizable-cmmsa-hardness\docs\native-receipts\ActualSelectedComplementAnalyticMoment\runtime-prebuild\local-native-own363\src\PvNP\RealizableHardness\ActualBinaryMatrixHC46DR6Incidence.lean:1737:30: warning: Used `tac1 <;> tac2` where `(tac1; tac2)` would suffice

Note: This linter can be disabled with `set_option linter.unnecessarySeqFocus false`
C:\Users\Dan\Desktop\Projects\realizable-cmmsa-hardness\docs\native-receipts\ActualSelectedComplementAnalyticMoment\runtime-prebuild\local-native-own363\src\PvNP\RealizableHardness\ActualBinaryMatrixHC46DR6Incidence.lean:1795:68: error: unexpected token ':='; expected ')', ',' or ':'
C:\Users\Dan\Desktop\Projects\realizable-cmmsa-hardness\docs\native-receipts\ActualSelectedComplementAnalyticMoment\runtime-prebuild\local-native-own363\src\PvNP\RealizableHardness\ActualBinaryMatrixHC46DR6Incidence.lean:1763:19: error: Function expected at
  dr6_f2_outerCarrier_pair_card_le X
but this term has type
  Fintype.card (dr6F2OuterImageCarrier X × dr6F2OuterKernelCarrier X) ≤ 2 ^ (Matrix.rank X * (?m.113 + ?m.114))

Note: Expected a function because this term is being applied to the argument
  i
C:\Users\Dan\Desktop\Projects\realizable-cmmsa-hardness\docs\native-receipts\ActualSelectedComplementAnalyticMoment\runtime-prebuild\local-native-own363\src\PvNP\RealizableHardness\ActualBinaryMatrixHC46DR6Incidence.lean:1760:70: error: unsolved goals
n d D i j : ℕ
f : BinaryMatrix n d → ℂ
X : BinaryMatrix n d
hX : Matrix.rank X ≤ 2 * D
hi : i ≤ D
hj : j ≤ D
hweight : Complex.normSq ↑(dr6F2SignedIncidenceWeight i j) ≤ 2 ^ (D * (i + j))
hgrade :
  Complex.normSq (dr6F2A5GradeSquareCoefficient f X i j) ≤
    ↑(Fintype.card (dr6F2OuterImageCarrier X × dr6F2OuterKernelCarrier X)) *
      ∑ p, Complex.normSq (complexFourierCoeff (fun M => DR6ComplexOrdinaryFilter (↑↑p.1) (↑p.2) f M ^ 2) X)
⊢ Complex.normSq (↑(dr6F2SignedIncidenceWeight i j) * dr6F2A5GradeSquareCoefficient f X i j) ≤
    2 ^ (3 * D * (i + j)) *
      ∑ p, Complex.normSq (complexFourierCoeff (fun M => DR6ComplexOrdinaryFilter (↑↑p.1) (↑p.2) f M ^ 2) X)
C:\Users\Dan\Desktop\Projects\realizable-cmmsa-hardness\docs\native-receipts\ActualSelectedComplementAnalyticMoment\runtime-prebuild\local-native-own363\src\PvNP\RealizableHardness\ActualBinaryMatrixHC46DR6Incidence.lean:1841:8: error: mod_cast has type
  ∀ (i : ℕ), 4 ^ i ≤ (4 * D) ^ i
but is expected to have type
  2 ^ 4 ≤ 2 ^ (4 * D)
C:\Users\Dan\Desktop\Projects\realizable-cmmsa-hardness\docs\native-receipts\ActualSelectedComplementAnalyticMoment\runtime-prebuild\local-native-own363\src\PvNP\RealizableHardness\ActualBinaryMatrixHC46DR6Incidence.lean:1870:35: error: Type mismatch
  Finset.univ.erase zero
has type
  Finset (Fin (D + 1) × Fin (D + 1))
but is expected to have type
  ℝ
Try this:
  [apply] ring_nf
  
  The `ring` tactic failed to close the goal. Use `ring_nf` to obtain a normal form.
    
  Note that `ring` works primarily in *commutative* rings. If you have a noncommutative ring, abelian group or module, consider using `noncomm_ring`, `abel` or `module` instead.
C:\Users\Dan\Desktop\Projects\realizable-cmmsa-hardness\docs\native-receipts\ActualSelectedComplementAnalyticMoment\runtime-prebuild\local-native-own363\src\PvNP\RealizableHardness\ActualBinaryMatrixHC46DR6Incidence.lean:1889:50: error: unsolved goals
case e_a
D : ℕ
hD : 1 ≤ D
q : ℝ := 1 / 2 ^ (4 * D)
hden : 16 ≤ 2 ^ (4 * D)
hq0 : 0 ≤ q
hq : q ≤ 1 / 16
hgeom : ∑ i, q ^ ↑i ≤ 16 / 15
hgeom0 : 0 ≤ ∑ i, q ^ ↑i
zero : Fin (D + 1) × Fin (D + 1) := (0, 0)
w : Fin (D + 1) × Fin (D + 1) → ℝ := fun p => q ^ ↑p.1 * q ^ ↑p.2
hfactor : Finset.univ.sum w = (∑ i, q ^ ↑i) ^ 2
herase : (Finset.univ.erase zero).sum w + w zero = Finset.univ.sum w
hsub : sorry
hqpow : ∀ (k : ℕ), q ^ k = 1 / 2 ^ (4 * D * k)
p : dr6F2NonzeroGradeGrid D
hqpow1 : q ^ ↑(↑p).1 = 1 / 2 ^ (4 * D * ↑(↑p).1)
hqpow2 : q ^ ↑(↑p).2 = 1 / 2 ^ (4 * D * ↑(↑p).2)
⊢ 2 ^ (D * ↑(↑p).1 * 2) * 2 ^ (D * ↑(↑p).2 * 2) = 2

case e_a
D : ℕ
hD : 1 ≤ D
q : ℝ := 1 / 2 ^ (4 * D)
hden : 16 ≤ 2 ^ (4 * D)
hq0 : 0 ≤ q
hq : q ≤ 1 / 16
hgeom : ∑ i, q ^ ↑i ≤ 16 / 15
hgeom0 : 0 ≤ ∑ i, q ^ ↑i
zero : Fin (D + 1) × Fin (D + 1) := (0, 0)
w : Fin (D + 1) × Fin (D + 1) → ℝ := fun p => q ^ ↑p.1 * q ^ ↑p.2
hfactor : Finset.univ.sum w = (∑ i, q ^ ↑i) ^ 2
herase : (Finset.univ.erase zero).sum w + w zero = Finset.univ.sum w
hsub : sorry
hqpow : ∀ (k : ℕ), q ^ k = 1 / 2 ^ (4 * D * k)
p : dr6F2NonzeroGradeGrid D
hqpow1 : q ^ ↑(↑p).1 = 1 / 2 ^ (4 * D * ↑(↑p).1)
hqpow2 : q ^ ↑(↑p).2 = 1 / 2 ^ (4 * D * ↑(↑p).2)
⊢ 2 = 4 * D * (↑(↑p).1 + ↑(↑p).2)
C:\Users\Dan\Desktop\Projects\realizable-cmmsa-hardness\docs\native-receipts\ActualSelectedComplementAnalyticMoment\runtime-prebuild\local-native-own363\src\PvNP\RealizableHardness\ActualBinaryMatrixHC46DR6Incidence.lean:1911:8: error: Type mismatch
  Finset.univ.erase zero
has type
  Finset (Fin (D + 1) × Fin (D + 1))
but is expected to have type
  ℝ
C:\Users\Dan\Desktop\Projects\realizable-cmmsa-hardness\docs\native-receipts\ActualSelectedComplementAnalyticMoment\runtime-prebuild\local-native-own363\src\PvNP\RealizableHardness\ActualBinaryMatrixHC46DR6Incidence.lean:1918:6: error: invalid 'calc' step, relation expected
  ?m.1309
Try this:
  [apply] ring_nf
  
  The `ring` tactic failed to close the goal. Use `ring_nf` to obtain a normal form.
    
  Note that `ring` works primarily in *commutative* rings. If you have a noncommutative ring, abelian group or module, consider using `noncomm_ring`, `abel` or `module` instead.
C:\Users\Dan\Desktop\Projects\realizable-cmmsa-hardness\docs\native-receipts\ActualSelectedComplementAnalyticMoment\runtime-prebuild\local-native-own363\src\PvNP\RealizableHardness\ActualBinaryMatrixHC46DR6Incidence.lean:1943:74: error: unsolved goals
case e_a.e_a
D : ℕ
hD : 1 ≤ D
z : dr6F2NonzeroGradeGrid D → ℂ
c : dr6F2NonzeroGradeGrid D → ℝ := fun p => 2 ^ (2 * D * (↑(↑p).1 + ↑(↑p).2))
hc : ∀ (p : dr6F2NonzeroGradeGrid D), 0 < c p
hcs : Complex.normSq (Finset.univ.sum z) ≤ (∑ i, (1 / c i) ^ 2) * ∑ i, c i ^ 2 * Complex.normSq (z i)
hfirst : ∑ p, (1 / 2 ^ (2 * D * (↑(↑p).1 + ↑(↑p).2))) ^ 2 ≤ 31 / 225
p : dr6F2NonzeroGradeGrid D
hp : p ∈ Finset.univ
⊢ 2 ^ (D * ↑(↑p).1 * 2) * 2 ^ (D * ↑(↑p).2 * 2) = 2

case e_a.e_a
D : ℕ
hD : 1 ≤ D
z : dr6F2NonzeroGradeGrid D → ℂ
c : dr6F2NonzeroGradeGrid D → ℝ := fun p => 2 ^ (2 * D * (↑(↑p).1 + ↑(↑p).2))
hc : ∀ (p : dr6F2NonzeroGradeGrid D), 0 < c p
hcs : Complex.normSq (Finset.univ.sum z) ≤ (∑ i, (1 / c i) ^ 2) * ∑ i, c i ^ 2 * Complex.normSq (z i)
hfirst : ∑ p, (1 / 2 ^ (2 * D * (↑(↑p).1 + ↑(↑p).2))) ^ 2 ≤ 31 / 225
p : dr6F2NonzeroGradeGrid D
hp : p ∈ Finset.univ
⊢ 2 = 4 * D * (↑(↑p).1 + ↑(↑p).2)
C:\Users\Dan\Desktop\Projects\realizable-cmmsa-hardness\docs\native-receipts\ActualSelectedComplementAnalyticMoment\runtime-prebuild\local-native-own363\src\PvNP\RealizableHardness\ActualBinaryMatrixHC46DR6Incidence.lean:1990:33: error: unsolved goals
n d D : ℕ
f : BinaryMatrix n d → ℂ
X : BinaryMatrix n d
hsupport : ComplexFourierSupportedThrough D f
hX : 2 * D < Matrix.rank X
Y : BinaryMatrix n d
hY : Y ∈ Finset.univ
hprod : ¬complexFourierCoeff f Y * complexFourierCoeff f (X + Y) = 0
hfy : ¬complexFourierCoeff f Y = 0
hfxdy : ¬complexFourierCoeff f (X + Y) = 0
hy : Matrix.rank Y ≤ D
hz : Matrix.rank (X + Y) ≤ D
hsum : Matrix.rank (Y + (X + Y)) ≤ Matrix.rank Y + Matrix.rank (X + Y)
a : Fin n
b : Fin d
⊢ Y a b + (X a b + Y a b) = X a b
C:\Users\Dan\Desktop\Projects\realizable-cmmsa-hardness\docs\native-receipts\ActualSelectedComplementAnalyticMoment\runtime-prebuild\local-native-own363\src\PvNP\RealizableHardness\ActualBinaryMatrixHC46DR6Incidence.lean:1992:30: warning: This simp argument is unused:
  add_assoc

Hint: Omit it from the simp argument list.
  [apply] simp [Matrix.add_apply]

Note: This linter can be disabled with `set_option linter.unusedSimpArgs false`
C:\Users\Dan\Desktop\Projects\realizable-cmmsa-hardness\docs\native-receipts\ActualSelectedComplementAnalyticMoment\runtime-prebuild\local-native-own363\src\PvNP\RealizableHardness\ActualBinaryMatrixHC46DR6Incidence.lean:2022:8: error: a private declaration `PvNP.RealizableHardness.ActualBinaryMatrixHC46DR6Incidence.dr6_f2_actual_grade_grid_first_factor_le` has already been declared
C:\Users\Dan\Desktop\Projects\realizable-cmmsa-hardness\docs\native-receipts\ActualSelectedComplementAnalyticMoment\runtime-prebuild\local-native-own363\src\PvNP\RealizableHardness\ActualBinaryMatrixHC46DR6Incidence.lean:2056:48: error: unexpected token '+'; expected command
Try this:
  [apply] ring_nf
  
  The `ring` tactic failed to close the goal. Use `ring_nf` to obtain a normal form.
    
  Note that `ring` works primarily in *commutative* rings. If you have a noncommutative ring, abelian group or module, consider using `noncomm_ring`, `abel` or `module` instead.
C:\Users\Dan\Desktop\Projects\realizable-cmmsa-hardness\docs\native-receipts\ActualSelectedComplementAnalyticMoment\runtime-prebuild\local-native-own363\src\PvNP\RealizableHardness\ActualBinaryMatrixHC46DR6Incidence.lean:2129:74: error: unsolved goals
case e_a.e_a
D r s : ℕ
hD : 1 ≤ D
z : dr6F2ActualGradeGrid r s → ℂ
c : dr6F2ActualGradeGrid r s → ℝ := fun p => 2 ^ (2 * D * (↑(↑p).1 + ↑(↑p).2))
hc : ∀ (p : dr6F2ActualGradeGrid r s), 0 < c p
hcs : Complex.normSq (Finset.univ.sum z) ≤ (∑ i, (1 / c i) ^ 2) * ∑ i, c i ^ 2 * Complex.normSq (z i)
hfirst : ∑ p, (1 / 2 ^ (2 * D * (↑(↑p).1 + ↑(↑p).2))) ^ 2 ≤ 31 / 225
p : dr6F2ActualGradeGrid r s
hp : p ∈ Finset.univ
⊢ 2 ^ (D * ↑(↑p).1 * 2) * 2 ^ (D * ↑(↑p).2 * 2) = 2

case e_a.e_a
D r s : ℕ
hD : 1 ≤ D
z : dr6F2ActualGradeGrid r s → ℂ
c : dr6F2ActualGradeGrid r s → ℝ := fun p => 2 ^ (2 * D * (↑(↑p).1 + ↑(↑p).2))
hc : ∀ (p : dr6F2ActualGradeGrid r s), 0 < c p
hcs : Complex.normSq (Finset.univ.sum z) ≤ (∑ i, (1 / c i) ^ 2) * ∑ i, c i ^ 2 * Complex.normSq (z i)
hfirst : ∑ p, (1 / 2 ^ (2 * D * (↑(↑p).1 + ↑(↑p).2))) ^ 2 ≤ 31 / 225
p : dr6F2ActualGradeGrid r s
hp : p ∈ Finset.univ
⊢ 2 = 4 * D * (↑(↑p).1 + ↑(↑p).2)
C:\Users\Dan\Desktop\Projects\realizable-cmmsa-hardness\docs\native-receipts\ActualSelectedComplementAnalyticMoment\runtime-prebuild\local-native-own363\src\PvNP\RealizableHardness\ActualBinaryMatrixHC46DR6Incidence.lean:2142:33: error: Application type mismatch: The argument
  hfirst
has type
  ∑ p ∈ @Finset.univ (dr6F2NonzeroGradeGrid D) (dr6F2NonzeroGradeGridFintype D),
      (1 / 2 ^ (2 * D * (↑(↑p).1 + ↑(↑p).2))) ^ 2 ≤
    31 / 225
but is expected to have type
  ∑ p ∈ @Finset.univ (dr6F2ActualGradeGrid r s) (dr6F2ActualGradeGridFintype r s), (1 / c p) ^ 2 ≤ 31 / 225
in the application
  mul_le_mul_of_nonneg_right hfirst
C:\Users\Dan\Desktop\Projects\realizable-cmmsa-hardness\docs\native-receipts\ActualSelectedComplementAnalyticMoment\runtime-prebuild\local-native-own363\src\PvNP\RealizableHardness\ActualBinaryMatrixHC46DR6Incidence.lean:2169:6: error: Type mismatch
  Finset.univ.erase zero
has type
  Finset (Fin (r + 1) × Fin (s + 1))
but is expected to have type
  ℂ
C:\Users\Dan\Desktop\Projects\realizable-cmmsa-hardness\docs\native-receipts\ActualSelectedComplementAnalyticMoment\runtime-prebuild\local-native-own363\src\PvNP\RealizableHardness\ActualBinaryMatrixHC46DR6Incidence.lean:2182:8: error: Tactic `rewrite` failed: Did not find an occurrence of the pattern
  ∑ i, ?f ↑i
in the target expression
  ∑ x, ∑ y, w (x, y) =
    ∑ i ∈ Finset.range (r + 1),
      ∑ j ∈ Finset.range (s + 1), ↑(dr6F2SignedIncidenceWeight i j) * dr6F2A5GradeSquareCoefficient f X i j

n d : ℕ
f : BinaryMatrix n d → ℂ
X : BinaryMatrix n d
r : ℕ := Module.finrank F ↥(Matrix.transpose X).mulVecLin.range
s : ℕ := Module.finrank F ↥(dr6CoordinateDualAnnihilator (Matrix.transpose X).mulVecLin.ker)
zero : Fin (r + 1) × Fin (s + 1) := (0, 0)
w : Fin (r + 1) × Fin (s + 1) → ℂ :=
  fun p => ↑(dr6F2SignedIncidenceWeight ↑p.1 ↑p.2) * dr6F2A5GradeSquareCoefficient f X ↑p.1 ↑p.2
hz : w zero = 0
hsub : sorry
⊢ ∑ x, ∑ y, w (x, y) =
    ∑ i ∈ Finset.range (r + 1),
      ∑ j ∈ Finset.range (s + 1), ↑(dr6F2SignedIncidenceWeight i j) * dr6F2A5GradeSquareCoefficient f X i j
C:\Users\Dan\Desktop\Projects\realizable-cmmsa-hardness\docs\native-receipts\ActualSelectedComplementAnalyticMoment\runtime-prebuild\local-native-own363\src\PvNP\RealizableHardness\ActualBinaryMatrixHC46DR6Incidence.lean:2186:37: error: Type mismatch
  Finset.univ.erase zero
has type
  Finset (Fin (r + 1) × Fin (s + 1))
but is expected to have type
  ℂ
C:\Users\Dan\Desktop\Projects\realizable-cmmsa-hardness\docs\native-receipts\ActualSelectedComplementAnalyticMoment\runtime-prebuild\local-native-own363\src\PvNP\RealizableHardness\ActualBinaryMatrixHC46DR6Incidence.lean:2157:68: error: unsolved goals
n d : ℕ
f : BinaryMatrix n d → ℂ
X : BinaryMatrix n d
r : ℕ := Module.finrank F ↥(Matrix.transpose X).mulVecLin.range
s : ℕ := Module.finrank F ↥(dr6CoordinateDualAnnihilator (Matrix.transpose X).mulVecLin.ker)
zero : Fin (r + 1) × Fin (s + 1) := (0, 0)
w : Fin (r + 1) × Fin (s + 1) → ℂ :=
  fun p => ↑(dr6F2SignedIncidenceWeight ↑p.1 ↑p.2) * dr6F2A5GradeSquareCoefficient f X ↑p.1 ↑p.2
hz : w zero = 0
hsub : sorry
hfull :
  Finset.univ.sum w =
    ∑ i ∈ Finset.range (r + 1),
      ∑ j ∈ Finset.range (s + 1), ↑(dr6F2SignedIncidenceWeight i j) * dr6F2A5GradeSquareCoefficient f X i j
hremove : sorry
⊢ ∑ i ∈ Finset.range (Module.finrank F ↥(Matrix.transpose X).mulVecLin.range + 1),
      ∑ j ∈ Finset.range (Module.finrank F ↥(dr6CoordinateDualAnnihilator (Matrix.transpose X).mulVecLin.ker) + 1),
        ↑(dr6F2SignedIncidenceWeight i j) * dr6F2A5GradeSquareCoefficient f X i j =
    ∑ p, w ↑p
C:\Users\Dan\Desktop\Projects\realizable-cmmsa-hardness\docs\native-receipts\ActualSelectedComplementAnalyticMoment\runtime-prebuild\local-native-own363\src\PvNP\RealizableHardness\ActualBinaryMatrixHC46DR6Incidence.lean:2209:50: error: Application type mismatch: The argument
  (↑q.2).toAddSubmonoid
has type
  AddSubmonoid (V n)
but is expected to have type
  Submodule F (V n)
in the application
  DR6ComplexOrdinaryFilter (↑↑q.1) (↑q.2).toAddSubmonoid
C:\Users\Dan\Desktop\Projects\realizable-cmmsa-hardness\docs\native-receipts\ActualSelectedComplementAnalyticMoment\runtime-prebuild\local-native-own363\src\PvNP\RealizableHardness\ActualBinaryMatrixHC46DR6Incidence.lean:2294:54: error: Application type mismatch: The argument
  (↑q.2).toAddSubmonoid
has type
  AddSubmonoid (V n)
but is expected to have type
  Submodule F (V n)
in the application
  DR6ComplexOrdinaryFilter (↑↑q.1) (↑q.2).toAddSubmonoid
C:\Users\Dan\Desktop\Projects\realizable-cmmsa-hardness\docs\native-receipts\ActualSelectedComplementAnalyticMoment\runtime-prebuild\local-native-own363\src\PvNP\RealizableHardness\ActualBinaryMatrixHC46DR6Incidence.lean:2298:9: error: don't know how to synthesize implicit argument `D`
  @dr6F2A5XGradeEnergy n d (?m.8 f X) f X
context:
n d D : ℕ
f : BinaryMatrix n d → ℂ
X : BinaryMatrix n d
⊢ ℕ

Note: All parameter types and holes (e.g., `_`) in the header of a theorem are resolved before the proof is processed; information from the proof cannot be used to infer what these values should be
C:\Users\Dan\Desktop\Projects\realizable-cmmsa-hardness\docs\native-receipts\ActualSelectedComplementAnalyticMoment\runtime-prebuild\local-native-own363\src\PvNP\RealizableHardness\ActualBinaryMatrixHC46DR6Incidence.lean:2314:26: error: Function expected at
  dr6F2AmbientKernelGradeCarrier
but this term has type
  Type

Note: Expected a function because this term is being applied to the argument
  j
C:\Users\Dan\Desktop\Projects\realizable-cmmsa-hardness\docs\native-receipts\ActualSelectedComplementAnalyticMoment\runtime-prebuild\local-native-own363\src\PvNP\RealizableHardness\ActualBinaryMatrixHC46DR6Incidence.lean:2317:32: error: Function expected at
  dr6F2AmbientGradePair
but this term has type
  Type ?u.7

Note: Expected a function because this term is being applied to the argument
  i
C:\Users\Dan\Desktop\Projects\realizable-cmmsa-hardness\docs\native-receipts\ActualSelectedComplementAnalyticMoment\runtime-prebuild\local-native-own363\src\PvNP\RealizableHardness\ActualBinaryMatrixHC46DR6Incidence.lean:2327:9: error: Function expected at
  dr6F2AmbientGradePair
but this term has type
  Type ?u.13

Note: Expected a function because this term is being applied to the argument
  i
C:\Users\Dan\Desktop\Projects\realizable-cmmsa-hardness\docs\native-receipts\ActualSelectedComplementAnalyticMoment\runtime-prebuild\local-native-own363\src\PvNP\RealizableHardness\ActualBinaryMatrixHC46DR6Incidence.lean:2338:4: error: No goals to be solved
C:\Users\Dan\Desktop\Projects\realizable-cmmsa-hardness\docs\native-receipts\ActualSelectedComplementAnalyticMoment\runtime-prebuild\local-native-own363\src\PvNP\RealizableHardness\ActualBinaryMatrixHC46DR6Incidence.lean:2358:30: error: Function expected at
  dr6F2AmbientGradePair
but this term has type
  Type ?u.37

Note: Expected a function because this term is being applied to the argument
  i
C:\Users\Dan\Desktop\Projects\realizable-cmmsa-hardness\docs\native-receipts\ActualSelectedComplementAnalyticMoment\runtime-prebuild\local-native-own363\src\PvNP\RealizableHardness\ActualBinaryMatrixHC46DR6Incidence.lean:2357:52: error: Application type mismatch: The argument
  (↑q.2).toAddSubmonoid
has type
  AddSubmonoid (V n)
but is expected to have type
  Submodule F (V n)
in the application
  DR6ComplexOrdinaryFilter (↑↑q.1) (↑q.2).toAddSubmonoid
C:\Users\Dan\Desktop\Projects\realizable-cmmsa-hardness\docs\native-receipts\ActualSelectedComplementAnalyticMoment\runtime-prebuild\local-native-own363\src\PvNP\RealizableHardness\ActualBinaryMatrixHC46DR6Incidence.lean:2397:31: error: Function expected at
  dr6F2AmbientGradePair
but this term has type
  Type ?u.18

Note: Expected a function because this term is being applied to the argument
  i
C:\Users\Dan\Desktop\Projects\realizable-cmmsa-hardness\docs\native-receipts\ActualSelectedComplementAnalyticMoment\runtime-prebuild\local-native-own363\src\PvNP\RealizableHardness\ActualBinaryMatrixHC46DR6Incidence.lean:2400:32: error: Function expected at
  dr6F2AmbientGradePair
but this term has type
  Type ?u.31

Note: Expected a function because this term is being applied to the argument
  i
C:\Users\Dan\Desktop\Projects\realizable-cmmsa-hardness\docs\native-receipts\ActualSelectedComplementAnalyticMoment\runtime-prebuild\local-native-own363\src\PvNP\RealizableHardness\ActualBinaryMatrixHC46DR6Incidence.lean:2411:27: error: Function expected at
  dr6F2AmbientGradePair
but this term has type
  Type ?u.14

Note: Expected a function because this term is being applied to the argument
  i
C:\Users\Dan\Desktop\Projects\realizable-cmmsa-hardness\docs\native-receipts\ActualSelectedComplementAnalyticMoment\runtime-prebuild\local-native-own363\src\PvNP\RealizableHardness\ActualBinaryMatrixHC46DR6Incidence.lean:2420:4: error: don't know how to synthesize implicit argument `j`
  @dr6F2AmbientGradeSquareEnergy n d (?m.14 f X hsupport hlarge) (?m.15 f X hsupport hlarge) f X
context:
n d D i j : ℕ
f : BinaryMatrix n d → ℂ
X : BinaryMatrix n d
hsupport : ComplexFourierSupportedThrough D f
hlarge : D < i ∨ D < j
⊢ ℕ

Note: All parameter types and holes (e.g., `_`) in the header of a theorem are resolved before the proof is processed; information from the proof cannot be used to infer what these values should be
C:\Users\Dan\Desktop\Projects\realizable-cmmsa-hardness\docs\native-receipts\ActualSelectedComplementAnalyticMoment\runtime-prebuild\local-native-own363\src\PvNP\RealizableHardness\ActualBinaryMatrixHC46DR6Incidence.lean:2420:4: error: don't know how to synthesize implicit argument `i`
  @dr6F2AmbientGradeSquareEnergy n d (?m.14 f X hsupport hlarge) (?m.15 f X hsupport hlarge) f X
context:
n d D i j : ℕ
f : BinaryMatrix n d → ℂ
X : BinaryMatrix n d
hsupport : ComplexFourierSupportedThrough D f
hlarge : D < i ∨ D < j
⊢ ℕ

Note: All parameter types and holes (e.g., `_`) in the header of a theorem are resolved before the proof is processed; information from the proof cannot be used to infer what these values should be
C:\Users\Dan\Desktop\Projects\realizable-cmmsa-hardness\docs\native-receipts\ActualSelectedComplementAnalyticMoment\runtime-prebuild\local-native-own363\src\PvNP\RealizableHardness\ActualBinaryMatrixHC46DR6Incidence.lean:2439:9: error: don't know how to synthesize implicit argument `j`
  @dr6F2AmbientGradeSquareEnergy n d (?m.9 f X) (?m.10 f X) f X
context:
n d i j : ℕ
f : BinaryMatrix n d → ℂ
X : BinaryMatrix n d
⊢ ℕ

Note: All parameter types and holes (e.g., `_`) in the header of a theorem are resolved before the proof is processed; information from the proof cannot be used to infer what these values should be
C:\Users\Dan\Desktop\Projects\realizable-cmmsa-hardness\docs\native-receipts\ActualSelectedComplementAnalyticMoment\runtime-prebuild\local-native-own363\src\PvNP\RealizableHardness\ActualBinaryMatrixHC46DR6Incidence.lean:2439:9: error: don't know how to synthesize implicit argument `i`
  @dr6F2AmbientGradeSquareEnergy n d (?m.9 f X) (?m.10 f X) f X
context:
n d i j : ℕ
f : BinaryMatrix n d → ℂ
X : BinaryMatrix n d
⊢ ℕ

Note: All parameter types and holes (e.g., `_`) in the header of a theorem are resolved before the proof is processed; information from the proof cannot be used to infer what these values should be
C:\Users\Dan\Desktop\Projects\realizable-cmmsa-hardness\docs\native-receipts\ActualSelectedComplementAnalyticMoment\runtime-prebuild\local-native-own363\src\PvNP\RealizableHardness\ActualBinaryMatrixHC46DR6Incidence.lean:2457:4: error: Function expected at
  dr6F2AmbientGradeSquareEnergy f X
but this term has type
  ℝ

Note: Expected a function because this term is being applied to the argument
  p.1.1.val
C:\Users\Dan\Desktop\Projects\realizable-cmmsa-hardness\docs\native-receipts\ActualSelectedComplementAnalyticMoment\runtime-prebuild\local-native-own363\src\PvNP\RealizableHardness\ActualBinaryMatrixHC46DR6Incidence.lean:2465:6: error(lean.synthInstanceFailed): failed to synthesize instance of type class
  Fintype (dr6F2A5GlobalGradeGrid n d)

Hint: Type class instance resolution failures can be inspected with the `set_option trace.Meta.synthInstance true` command.
C:\Users\Dan\Desktop\Projects\realizable-cmmsa-hardness\docs\native-receipts\ActualSelectedComplementAnalyticMoment\runtime-prebuild\local-native-own363\src\PvNP\RealizableHardness\ActualBinaryMatrixHC46DR6Incidence.lean:2467:5: error(lean.synthInstanceFailed): failed to synthesize instance of type class
  Fintype (dr6F2A5GlobalGradeGrid n d)

Hint: Type class instance resolution failures can be inspected with the `set_option trace.Meta.synthInstance true` command.
C:\Users\Dan\Desktop\Projects\realizable-cmmsa-hardness\docs\native-receipts\ActualSelectedComplementAnalyticMoment\runtime-prebuild\local-native-own363\src\PvNP\RealizableHardness\ActualBinaryMatrixHC46DR6Incidence.lean:2469:33: error: Function expected at
  dr6F2AmbientGradePair
but this term has type
  Type ?u.50

Note: Expected a function because this term is being applied to the argument
  p.1.1.val
C:\Users\Dan\Desktop\Projects\realizable-cmmsa-hardness\docs\native-receipts\ActualSelectedComplementAnalyticMoment\runtime-prebuild\local-native-own363\src\PvNP\RealizableHardness\ActualBinaryMatrixHC46DR6Incidence.lean:2475:8: error(lean.synthInstanceFailed): failed to synthesize instance of type class
  Fintype (dr6F2A5GlobalGradeGrid n d)

Hint: Type class instance resolution failures can be inspected with the `set_option trace.Meta.synthInstance true` command.
C:\Users\Dan\Desktop\Projects\realizable-cmmsa-hardness\docs\native-receipts\ActualSelectedComplementAnalyticMoment\runtime-prebuild\local-native-own363\src\PvNP\RealizableHardness\ActualBinaryMatrixHC46DR6Incidence.lean:2497:52: error: Application type mismatch: The argument
  (↑q.2).toAddSubmonoid
has type
  AddSubmonoid (V n)
but is expected to have type
  Submodule F (V n)
in the application
  DR6ComplexOrdinaryFilter (↑↑q.1) (↑q.2).toAddSubmonoid
C:\Users\Dan\Desktop\Projects\realizable-cmmsa-hardness\docs\native-receipts\ActualSelectedComplementAnalyticMoment\runtime-prebuild\local-native-own363\src\PvNP\RealizableHardness\ActualBinaryMatrixHC46DR6Incidence.lean:2520:4: error: Function expected at
  dr6F2AmbientGradePair
but this term has type
  Type ?u.8

Note: Expected a function because this term is being applied to the argument
  p.1.1.val
C:\Users\Dan\Desktop\Projects\realizable-cmmsa-hardness\docs\native-receipts\ActualSelectedComplementAnalyticMoment\runtime-prebuild\local-native-own363\src\PvNP\RealizableHardness\ActualBinaryMatrixHC46DR6Incidence.lean:2527:4: error: Function expected at
  dr6F2AmbientGradeSquareEnergy f X
but this term has type
  ℝ

Note: Expected a function because this term is being applied to the argument
  p.1.1.val
C:\Users\Dan\Desktop\Projects\realizable-cmmsa-hardness\docs\native-receipts\ActualSelectedComplementAnalyticMoment\runtime-prebuild\local-native-own363\src\PvNP\RealizableHardness\ActualBinaryMatrixHC46DR6Incidence.lean:2537:6: error(lean.synthInstanceFailed): failed to synthesize instance of type class
  Fintype (dr6F2A5DGradeGrid D)

Hint: Type class instance resolution failures can be inspected with the `set_option trace.Meta.synthInstance true` command.
C:\Users\Dan\Desktop\Projects\realizable-cmmsa-hardness\docs\native-receipts\ActualSelectedComplementAnalyticMoment\runtime-prebuild\local-native-own363\src\PvNP\RealizableHardness\ActualBinaryMatrixHC46DR6Incidence.lean:2551:54: error: Application type mismatch: The argument
  (↑q.2).toAddSubmonoid
has type
  AddSubmonoid (V n)
but is expected to have type
  Submodule F (V n)
in the application
  DR6ComplexOrdinaryFilter (↑↑q.1) (↑q.2).toAddSubmonoid
C:\Users\Dan\Desktop\Projects\realizable-cmmsa-hardness\docs\native-receipts\ActualSelectedComplementAnalyticMoment\runtime-prebuild\local-native-own363\src\PvNP\RealizableHardness\ActualBinaryMatrixHC46DR6Incidence.lean:2624:6: error(lean.synthInstanceFailed): failed to synthesize instance of type class
  Fintype (dr6F2A5DGradeGrid D)

Hint: Type class instance resolution failures can be inspected with the `set_option trace.Meta.synthInstance true` command.
C:\Users\Dan\Desktop\Projects\realizable-cmmsa-hardness\docs\native-receipts\ActualSelectedComplementAnalyticMoment\runtime-prebuild\local-native-own363\src\PvNP\RealizableHardness\ActualBinaryMatrixHC46DR6Incidence.lean:2626:4: error(lean.synthInstanceFailed): failed to synthesize instance of type class
  Fintype (dr6F2A5DGradeGrid D)

Hint: Type class instance resolution failures can be inspected with the `set_option trace.Meta.synthInstance true` command.
C:\Users\Dan\Desktop\Projects\realizable-cmmsa-hardness\docs\native-receipts\ActualSelectedComplementAnalyticMoment\runtime-prebuild\local-native-own363\src\PvNP\RealizableHardness\ActualBinaryMatrixHC46DR6Incidence.lean:2628:33: error: Function expected at
  dr6F2AmbientGradePair
but this term has type
  Type ?u.50

Note: Expected a function because this term is being applied to the argument
  p.1.1.val
C:\Users\Dan\Desktop\Projects\realizable-cmmsa-hardness\docs\native-receipts\ActualSelectedComplementAnalyticMoment\runtime-prebuild\local-native-own363\src\PvNP\RealizableHardness\ActualBinaryMatrixHC46DR6Incidence.lean:2634:8: error(lean.synthInstanceFailed): failed to synthesize instance of type class
  Fintype (dr6F2A5DGradeGrid D)

Hint: Type class instance resolution failures can be inspected with the `set_option trace.Meta.synthInstance true` command.
C:\Users\Dan\Desktop\Projects\realizable-cmmsa-hardness\docs\native-receipts\ActualSelectedComplementAnalyticMoment\runtime-prebuild\local-native-own363\src\PvNP\RealizableHardness\ActualBinaryMatrixHC46DR6Incidence.lean:2654:8: error: don't know how to synthesize implicit argument `D`
  @dr6F2A5XGradeEnergy n d (?m.38 f hsupport hD X) f X
context:
n d D : ℕ
f : BinaryMatrix n d → ℂ
hsupport : ComplexFourierSupportedThrough D f
hD : 1 ≤ D
X : BinaryMatrix n d
⊢ ℕ

Note: All parameter types and holes (e.g., `_`) in the header of a theorem are resolved before the proof is processed; information from the proof cannot be used to infer what these values should be
C:\Users\Dan\Desktop\Projects\realizable-cmmsa-hardness\docs\native-receipts\ActualSelectedComplementAnalyticMoment\runtime-prebuild\local-native-own363\src\PvNP\RealizableHardness\ActualBinaryMatrixHC46DR6Incidence.lean:2654:36: error: unsolved goals
n d D : ℕ
f : BinaryMatrix n d → ℂ
hsupport : ComplexFourierSupportedThrough D f
hD : 1 ≤ D
⊢ ∑ X, Complex.normSq (dr6F2A5SignedSquareCoefficient f X) ≤ 31 / 225 * ∑ X, dr6F2A5XGradeEnergy f X
C:\Users\Dan\Desktop\Projects\realizable-cmmsa-hardness\docs\native-receipts\ActualSelectedComplementAnalyticMoment\runtime-prebuild\local-native-own363\src\PvNP\RealizableHardness\ActualBinaryMatrixHC46DR6Incidence.lean:2686:22: error(lean.synthInstanceFailed): failed to synthesize instance of type class
  Fintype (dr6F2A5DGradeGrid D)

Hint: Type class instance resolution failures can be inspected with the `set_option trace.Meta.synthInstance true` command.
C:\Users\Dan\Desktop\Projects\realizable-cmmsa-hardness\docs\native-receipts\ActualSelectedComplementAnalyticMoment\runtime-prebuild\local-native-own363\src\PvNP\RealizableHardness\ActualBinaryMatrixHC46DR6Incidence.lean:2688:33: error: Function expected at
  dr6F2AmbientGradePair
but this term has type
  Type ?u.63

Note: Expected a function because this term is being applied to the argument
  p.1.1.val
C:\Users\Dan\Desktop\Projects\realizable-cmmsa-hardness\docs\native-receipts\ActualSelectedComplementAnalyticMoment\runtime-prebuild\local-native-own363\src\PvNP\RealizableHardness\ActualBinaryMatrixHC46DR6Incidence.lean:2696:8: error(lean.synthInstanceFailed): failed to synthesize instance of type class
  Fintype (dr6F2A5DGradeGrid D)

Hint: Type class instance resolution failures can be inspected with the `set_option trace.Meta.synthInstance true` command.
C:\Users\Dan\Desktop\Projects\realizable-cmmsa-hardness\docs\native-receipts\ActualSelectedComplementAnalyticMoment\runtime-prebuild\local-native-own363\src\PvNP\RealizableHardness\ActualBinaryMatrixHC46DR6Incidence.lean:2691:65: error: unsolved goals
n d D : ℕ
f : BinaryMatrix n d → ℂ
hsupport : ComplexFourierSupportedThrough D f
hD : 1 ≤ D
⊢ ∑ X, Complex.normSq (dr6F2A5SignedSquareCoefficient f X) ≤
    31 / 225 *
      ∑ p,
        2 ^ (7 * D * (↑(↑p).1 + ↑(↑p).2)) *
          ∑ q, uniformMean fun M => Complex.normSq (DR6ComplexOrdinaryFilter sorry sorry f M) ^ 2
