C:\Users\Dan\Desktop\Projects\realizable-cmmsa-hardness\docs\native-receipts\ActualSelectedComplementAnalyticMoment\runtime-prebuild\local-native-123542\src\PvNP\RealizableHardness\ActualBinaryMatrixHC46A18FullFunctionalEnergy.lean:35:24: error(lean.unknownIdentifier): Unknown identifier `Projective.exists_dual_eq_one`
C:\Users\Dan\Desktop\Projects\realizable-cmmsa-hardness\docs\native-receipts\ActualSelectedComplementAnalyticMoment\runtime-prebuild\local-native-123542\src\PvNP\RealizableHardness\ActualBinaryMatrixHC46A18FullFunctionalEnergy.lean:35:9: error: Tactic `rcases` failed: `x✝ : ?m.18` is not an inductive datatype
C:\Users\Dan\Desktop\Projects\realizable-cmmsa-hardness\docs\native-receipts\ActualSelectedComplementAnalyticMoment\runtime-prebuild\local-native-123542\src\PvNP\RealizableHardness\ActualBinaryMatrixHC46A18FullFunctionalEnergy.lean:85:2: error: Tactic `apply` failed: could not unify the conclusion of `Finset.sum_congr rfl`
  Finset.sum ?m.80 ?m.77 = Finset.sum ?m.80 ?m.78
with the goal
  (fun x => ∑ i, z (x, i) / (↑(Fintype.card α) * ↑(Fintype.card β))) = fun x =>
    ∑ i, z (x, i) / ↑(Fintype.card β) / ↑(Fintype.card α)

Note: The full type of `Finset.sum_congr rfl` is
  (∀ x ∈ ?m.80, ?m.77 x = ?m.78 x) → Finset.sum ?m.80 ?m.77 = Finset.sum ?m.80 ?m.78

case e_f
α : Type u_1
β : Type u_2
inst✝¹ : Fintype α
inst✝ : Fintype β
z : α × β → ℂ
⊢ (fun x => ∑ i, z (x, i) / (↑(Fintype.card α) * ↑(Fintype.card β))) = fun x =>
    ∑ i, z (x, i) / ↑(Fintype.card β) / ↑(Fintype.card α)
C:\Users\Dan\Desktop\Projects\realizable-cmmsa-hardness\docs\native-receipts\ActualSelectedComplementAnalyticMoment\runtime-prebuild\local-native-123542\src\PvNP\RealizableHardness\ActualBinaryMatrixHC46A18FullFunctionalEnergy.lean:132:6: error: Type mismatch: After simplification, term
  hv
 has type
  True
but is expected to have type
  ↑p.1 = ↑((restrictedFunctionalExtensionEquiv A (↑z.fst) v ⋯) z.snd)
C:\Users\Dan\Desktop\Projects\realizable-cmmsa-hardness\docs\native-receipts\ActualSelectedComplementAnalyticMoment\runtime-prebuild\local-native-123542\src\PvNP\RealizableHardness\ActualBinaryMatrixHC46A18FullFunctionalEnergy.lean:189:49: warning: This simp argument is unused:
  g

Hint: Omit it from the simp argument list.
  [apply] simp [actualA18SourceLineMean, Phi, Lambda, W, g']

Note: This linter can be disabled with `set_option linter.unusedSimpArgs false`
C:\Users\Dan\Desktop\Projects\realizable-cmmsa-hardness\docs\native-receipts\ActualSelectedComplementAnalyticMoment\runtime-prebuild\local-native-123542\src\PvNP\RealizableHardness\ActualBinaryMatrixHC46A18FullFunctionalEnergy.lean:206:2: warning: Try this: 
  letI̵

The goal is a proposition, so `let` is preferred over `letI`.
The difference between `let` and `letI` is that `letI` inlines the value.
But this is not relevant for proofs because of proof irrelevance.

Note: This linter can be disabled with `set_option linter.style.haveILetI false`
C:\Users\Dan\Desktop\Projects\realizable-cmmsa-hardness\docs\native-receipts\ActualSelectedComplementAnalyticMoment\runtime-prebuild\local-native-123542\src\PvNP\RealizableHardness\ActualBinaryMatrixHC46A18FullFunctionalEnergy.lean:235:42: error(lean.unknownIdentifier): Unknown constant `Fintype.sum_comm`
C:\Users\Dan\Desktop\Projects\realizable-cmmsa-hardness\docs\native-receipts\ActualSelectedComplementAnalyticMoment\runtime-prebuild\local-native-123542\src\PvNP\RealizableHardness\ActualBinaryMatrixHC46A18FullFunctionalEnergy.lean:234:33: error: unsolved goals
α : Type u_1
β : Type u_2
inst✝¹ : Fintype α
inst✝ : Fintype β
z : α × β → ℝ
⊢ (∑ i, ∑ a, z (a, i)) / ↑(Fintype.card α) / ↑(Fintype.card β) =
    (∑ i, ∑ b, z (i, b)) / ↑(Fintype.card β) / ↑(Fintype.card α)
C:\Users\Dan\Desktop\Projects\realizable-cmmsa-hardness\docs\native-receipts\ActualSelectedComplementAnalyticMoment\runtime-prebuild\local-native-123542\src\PvNP\RealizableHardness\ActualBinaryMatrixHC46A18FullFunctionalEnergy.lean:257:2: warning: Try this: 
  letI̵

The goal is a proposition, so `let` is preferred over `letI`.
The difference between `let` and `letI` is that `letI` inlines the value.
But this is not relevant for proofs because of proof irrelevance.

Note: This linter can be disabled with `set_option linter.style.haveILetI false`
C:\Users\Dan\Desktop\Projects\realizable-cmmsa-hardness\docs\native-receipts\ActualSelectedComplementAnalyticMoment\runtime-prebuild\local-native-123542\src\PvNP\RealizableHardness\ActualBinaryMatrixHC46A18FullFunctionalEnergy.lean:263:4: error: Type mismatch: After simplification, term
  actual_fixed_functional_line_average_energy_le_two f hf Q hQ (↑phi) v phi.property
 has type
  (∑ x,
        Complex.normSq
            (∑ x_1,
              f
                (Q.base +
                  LinearMap.toMatrix'
                    (quotientSampleOutput Q.codomainVariation (Submodule.factor ⋯) (Classical.choose ⋯) x x_1.2 x_1.1 ∘ₗ
                      (functionalKernelInAmbient Q.domainFixed ↑phi).mkQ))) /
          ((2 * 2) ^ n *
            (↑(Fintype.card ((Fin d → ZMod 2) ⧸ Q.domainFixed →ₗ[ZMod 2] ZMod 2)) *
              ↑(Fintype.card ((Fin d → ZMod 2) ⧸ Q.domainFixed →ₗ[ZMod 2] ZMod 2))))) /
      ↑(Fintype.card ((Fin d → ZMod 2) ⧸ Q.domainFixed →ₗ[ZMod 2] ↥Q.codomainVariation)) ≤
    2 * η
but is expected to have type
  (∑ x,
        Complex.normSq (∑ p, f (actualA18SourceSample Q (↑phi) v ⋯ x p.2 p.1)) /
          ((2 * 2) ^ n *
            (↑(Fintype.card ((Fin d → ZMod 2) ⧸ Q.domainFixed →ₗ[ZMod 2] ZMod 2)) *
              ↑(Fintype.card ((Fin d → ZMod 2) ⧸ Q.domainFixed →ₗ[ZMod 2] ZMod 2))))) /
      ↑(Fintype.card (QuotientHom Q.domainFixed Q.codomainVariation)) ≤
    2 * η
C:\Users\Dan\Desktop\Projects\realizable-cmmsa-hardness\docs\native-receipts\ActualSelectedComplementAnalyticMoment\runtime-prebuild\local-native-123542\src\PvNP\RealizableHardness\ActualBinaryMatrixHC46A18FullFunctionalEnergy.lean:297:2: warning: Try this: 
  letI̵

The goal is a proposition, so `let` is preferred over `letI`.
The difference between `let` and `letI` is that `letI` inlines the value.
But this is not relevant for proofs because of proof irrelevance.

Note: This linter can be disabled with `set_option linter.style.haveILetI false`
