C:\Users\Dan\Desktop\Projects\realizable-cmmsa-hardness\docs\native-receipts\ActualSelectedComplementAnalyticMoment\runtime-prebuild\local-native-own348\src\PvNP\RealizableHardness\ActualBinaryMatrixHC46DR6Convolution.lean:434:8: warning: try 'simp' instead of 'simpa'

Note: This linter can be disabled with `set_option linter.unnecessarySimpa false`
C:\Users\Dan\Desktop\Projects\realizable-cmmsa-hardness\docs\native-receipts\ActualSelectedComplementAnalyticMoment\runtime-prebuild\local-native-own348\src\PvNP\RealizableHardness\ActualBinaryMatrixHC46DR6Convolution.lean:441:8: warning: try 'simp' instead of 'simpa'

Note: This linter can be disabled with `set_option linter.unnecessarySimpa false`
C:\Users\Dan\Desktop\Projects\realizable-cmmsa-hardness\docs\native-receipts\ActualSelectedComplementAnalyticMoment\runtime-prebuild\local-native-own348\src\PvNP\RealizableHardness\ActualBinaryMatrixHC46DR6Convolution.lean:447:8: warning: try 'simp' instead of 'simpa'

Note: This linter can be disabled with `set_option linter.unnecessarySimpa false`
C:\Users\Dan\Desktop\Projects\realizable-cmmsa-hardness\docs\native-receipts\ActualSelectedComplementAnalyticMoment\runtime-prebuild\local-native-own348\src\PvNP\RealizableHardness\ActualBinaryMatrixHC46DR6Convolution.lean:455:8: warning: try 'simp' instead of 'simpa'

Note: This linter can be disabled with `set_option linter.unnecessarySimpa false`
C:\Users\Dan\Desktop\Projects\realizable-cmmsa-hardness\docs\native-receipts\ActualSelectedComplementAnalyticMoment\runtime-prebuild\local-native-own348\src\PvNP\RealizableHardness\ActualBinaryMatrixHC46DR6Convolution.lean:461:8: warning: try 'simp' instead of 'simpa'

Note: This linter can be disabled with `set_option linter.unnecessarySimpa false`
C:\Users\Dan\Desktop\Projects\realizable-cmmsa-hardness\docs\native-receipts\ActualSelectedComplementAnalyticMoment\runtime-prebuild\local-native-own348\src\PvNP\RealizableHardness\ActualBinaryMatrixHC46DR6Convolution.lean:473:8: warning: try 'simp' instead of 'simpa'

Note: This linter can be disabled with `set_option linter.unnecessarySimpa false`
C:\Users\Dan\Desktop\Projects\realizable-cmmsa-hardness\docs\native-receipts\ActualSelectedComplementAnalyticMoment\runtime-prebuild\local-native-own348\src\PvNP\RealizableHardness\ActualBinaryMatrixHC46DR6Convolution.lean:483:8: warning: try 'simp' instead of 'simpa'

Note: This linter can be disabled with `set_option linter.unnecessarySimpa false`
C:\Users\Dan\Desktop\Projects\realizable-cmmsa-hardness\docs\native-receipts\ActualSelectedComplementAnalyticMoment\runtime-prebuild\local-native-own348\src\PvNP\RealizableHardness\ActualBinaryMatrixHC46DR6Convolution.lean:492:8: warning: try 'simp' instead of 'simpa'

Note: This linter can be disabled with `set_option linter.unnecessarySimpa false`
C:\Users\Dan\Desktop\Projects\realizable-cmmsa-hardness\docs\native-receipts\ActualSelectedComplementAnalyticMoment\runtime-prebuild\local-native-own348\src\PvNP\RealizableHardness\ActualBinaryMatrixHC46DR6Convolution.lean:499:8: warning: try 'simp' instead of 'simpa'

Note: This linter can be disabled with `set_option linter.unnecessarySimpa false`
C:\Users\Dan\Desktop\Projects\realizable-cmmsa-hardness\docs\native-receipts\ActualSelectedComplementAnalyticMoment\runtime-prebuild\local-native-own348\src\PvNP\RealizableHardness\ActualBinaryMatrixHC46DR6Convolution.lean:886:12: warning: This simp argument is unused:
  Fintype.card_fun

Hint: Omit it from the simp argument list.
  [apply] simp [Fintype.card_fin, ZMod.card, hdim]

Note: This linter can be disabled with `set_option linter.unusedSimpArgs false`
C:\Users\Dan\Desktop\Projects\realizable-cmmsa-hardness\docs\native-receipts\ActualSelectedComplementAnalyticMoment\runtime-prebuild\local-native-own348\src\PvNP\RealizableHardness\ActualBinaryMatrixHC46DR6Convolution.lean:922:8: warning: This simp argument is unused:
  BinaryMatrixFourier.uniformMean_const

Hint: Omit it from the simp argument list.
  [apply] simp [BinaryMatrixFourier.fourierCoeff, BinaryMatrixFourier.uniformMean]

Note: This linter can be disabled with `set_option linter.unusedSimpArgs false`
