⚠ [2203/2310] Replayed PvNP.RealizableHardness.BinaryMatrixFourier
warning: lean/PvNP/RealizableHardness/BinaryMatrixFourier.lean:126:8: `if_pos` has been deprecated: Use `ite_eq_left` instead
warning: lean/PvNP/RealizableHardness/BinaryMatrixFourier.lean:132:8: `if_neg` has been deprecated: Use `ite_eq_right` instead
⚠ [2205/2310] Replayed PvNP.RealizableHardness.BinaryMatrixHybridSelector
warning: lean/PvNP/RealizableHardness/BinaryMatrixHybridSelector.lean:71:8: `if_pos` has been deprecated: Use `ite_eq_left` instead
warning: lean/PvNP/RealizableHardness/BinaryMatrixHybridSelector.lean:90:8: `if_neg` has been deprecated: Use `ite_eq_right` instead
⚠ [2207/2310] Replayed PvNP.RealizableHardness.BinaryMatrixLineTranslation
warning: lean/PvNP/RealizableHardness/BinaryMatrixLineTranslation.lean:243:4: try 'simp' instead of 'simpa'

Note: This linter can be disabled with `set_option linter.unnecessarySimpa false`
warning: lean/PvNP/RealizableHardness/BinaryMatrixLineTranslation.lean:315:8: `if_neg` has been deprecated: Use `ite_eq_right` instead
warning: lean/PvNP/RealizableHardness/BinaryMatrixLineTranslation.lean:407:15: `if_neg` has been deprecated: Use `ite_eq_right` instead
warning: lean/PvNP/RealizableHardness/BinaryMatrixLineTranslation.lean:433:41: This simp argument is unused:
  s

Hint: Omit it from the simp argument list.
  [apply] simp [hs, hr]

Note: This linter can be disabled with `set_option linter.unusedSimpArgs false`
warning: lean/PvNP/RealizableHardness/BinaryMatrixLineTranslation.lean:555:15: `if_neg` has been deprecated: Use `ite_eq_right` instead
warning: lean/PvNP/RealizableHardness/BinaryMatrixLineTranslation.lean:592:57: This simp argument is unused:
  mul_assoc

Hint: Omit it from the simp argument list.
  [apply] simp [hr, hs]

Note: This linter can be disabled with `set_option linter.unusedSimpArgs false`
⚠ [2208/2310] Replayed PvNP.RealizableHardness.BinaryMatrixLineA14
warning: lean/PvNP/RealizableHardness/BinaryMatrixLineA14.lean:88:8: `if_pos` has been deprecated: Use `ite_eq_left` instead
warning: lean/PvNP/RealizableHardness/BinaryMatrixLineA14.lean:97:8: `if_neg` has been deprecated: Use `ite_eq_right` instead
⚠ [2219/2310] Replayed PvNP.RealizableHardness.BinaryMatrixComplexA15
warning: lean/PvNP/RealizableHardness/BinaryMatrixComplexA15.lean:35:4: Unused tactic linter: `change fibreEnergy R.fibre f ≤ ε` does nothing

Note: This linter can be disabled with `set_option linter.unusedTactic false`
warning: lean/PvNP/RealizableHardness/BinaryMatrixComplexA15.lean:46:2: Unused tactic linter: `change fibreEnergy Q.fibre f ≤ ε` does nothing

Note: This linter can be disabled with `set_option linter.unusedTactic false`
warning: lean/PvNP/RealizableHardness/BinaryMatrixComplexA15.lean:184:24: This simp argument is unused:
  zero_add

Hint: Omit it from the simp argument list.
  [apply] simp only [Complex.normSq_apply, Complex.sub_re, Complex.sub_im, Complex.mul_re, Complex.mul_im,
    Complex.ofReal_re, Complex.ofReal_im, zero_mul, sub_zero, mul_zero]

Note: This linter can be disabled with `set_option linter.unusedSimpArgs false`
warning: lean/PvNP/RealizableHardness/BinaryMatrixComplexA15.lean:184:34: This simp argument is unused:
  mul_zero

Hint: Omit it from the simp argument list.
  [apply] simp only [Complex.normSq_apply, Complex.sub_re, Complex.sub_im, Complex.mul_re, Complex.mul_im,
    Complex.ofReal_re, Complex.ofReal_im, zero_mul, sub_zero, zero_add]

Note: This linter can be disabled with `set_option linter.unusedSimpArgs false`
⚠ [2286/2310] Replayed PvNP.RealizableHardness.BinaryMatrixA1TypedFourier
warning: lean/PvNP/RealizableHardness/BinaryMatrixA1TypedFourier.lean:198:8: `if_pos` has been deprecated: Use `ite_eq_left` instead
warning: lean/PvNP/RealizableHardness/BinaryMatrixA1TypedFourier.lean:204:8: `if_neg` has been deprecated: Use `ite_eq_right` instead
warning: lean/PvNP/RealizableHardness/BinaryMatrixA1TypedFourier.lean:236:8: `if_pos` has been deprecated: Use `ite_eq_left` instead
warning: lean/PvNP/RealizableHardness/BinaryMatrixA1TypedFourier.lean:242:8: `if_neg` has been deprecated: Use `ite_eq_right` instead
⚠ [2288/2310] Replayed PvNP.RealizableHardness.BinaryMatrixA1CoefficientTransfer
warning: lean/PvNP/RealizableHardness/BinaryMatrixA1CoefficientTransfer.lean:111:15: `if_pos` has been deprecated: Use `ite_eq_left` instead
⚠ [2289/2310] Replayed PvNP.RealizableHardness.BinaryMatrixA1Composition
warning: lean/PvNP/RealizableHardness/BinaryMatrixA1Composition.lean:40:15: `if_pos` has been deprecated: Use `ite_eq_left` instead
warning: lean/PvNP/RealizableHardness/BinaryMatrixA1Composition.lean:102:5: Variable name `hA` is not explicitly referenced.

Hint: The binding can be removed (if unused) or named `_` (if used implicitly). Alternatively, prefix the name with `_` to silence this warning:
  [apply] _hA

Note: This linter can be disabled with `set_option linter.unusedVariables false`
warning: lean/PvNP/RealizableHardness/BinaryMatrixA1Composition.lean:102:20: Variable name `hB` is not explicitly referenced.

Hint: The binding can be removed (if unused) or named `_` (if used implicitly). Alternatively, prefix the name with `_` to silence this warning:
  [apply] _hB

Note: This linter can be disabled with `set_option linter.unusedVariables false`
warning: lean/PvNP/RealizableHardness/BinaryMatrixA1Composition.lean:172:43: `if_pos` has been deprecated: Use `ite_eq_left` instead
⚠ [2301/2310] Replayed PvNP.RealizableHardness.BinaryMatrixTypedA15HyperplaneGlobal
warning: lean/PvNP/RealizableHardness/BinaryMatrixTypedA15HyperplaneGlobal.lean:48:25: Variable name `hH` is not explicitly referenced.

Hint: The binding can be removed (if unused) or named `_` (if used implicitly). Alternatively, prefix the name with `_` to silence this warning:
  [apply] _hH

Note: This linter can be disabled with `set_option linter.unusedVariables false`
⚠ [2303/2310] Replayed PvNP.RealizableHardness.BinaryMatrixTypedA15HyperplaneReducedGlobal
warning: lean/PvNP/RealizableHardness/BinaryMatrixTypedA15HyperplaneReducedGlobal.lean:54:25: Variable name `hH` is not explicitly referenced.

Hint: The binding can be removed (if unused) or named `_` (if used implicitly). Alternatively, prefix the name with `_` to silence this warning:
  [apply] _hH

Note: This linter can be disabled with `set_option linter.unusedVariables false`
warning: lean/PvNP/RealizableHardness/BinaryMatrixTypedA15HyperplaneReducedGlobal.lean:64:25: Variable name `hH` is not explicitly referenced.

Hint: The binding can be removed (if unused) or named `_` (if used implicitly). Alternatively, prefix the name with `_` to silence this warning:
  [apply] _hH

Note: This linter can be disabled with `set_option linter.unusedVariables false`
warning: lean/PvNP/RealizableHardness/BinaryMatrixTypedA15HyperplaneReducedGlobal.lean:84:25: Variable name `hH` is not explicitly referenced.

Hint: The binding can be removed (if unused) or named `_` (if used implicitly). Alternatively, prefix the name with `_` to silence this warning:
  [apply] _hH

Note: This linter can be disabled with `set_option linter.unusedVariables false`
warning: lean/PvNP/RealizableHardness/BinaryMatrixTypedA15HyperplaneReducedGlobal.lean:98:25: Variable name `hH` is not explicitly referenced.

Hint: The binding can be removed (if unused) or named `_` (if used implicitly). Alternatively, prefix the name with `_` to silence this warning:
  [apply] _hH

Note: This linter can be disabled with `set_option linter.unusedVariables false`
warning: lean/PvNP/RealizableHardness/BinaryMatrixTypedA15HyperplaneReducedGlobal.lean:236:25: Variable name `hH` is not explicitly referenced.

Hint: The binding can be removed (if unused) or named `_` (if used implicitly). Alternatively, prefix the name with `_` to silence this warning:
  [apply] _hH

Note: This linter can be disabled with `set_option linter.unusedVariables false`
⚠ [2305/2310] Replayed PvNP.RealizableHardness.BinaryMatrixTypedA14HyperplaneReduced
warning: lean/PvNP/RealizableHardness/BinaryMatrixTypedA14HyperplaneReduced.lean:35:55: Variable name `hH` is not explicitly referenced.

Hint: The binding can be removed (if unused) or named `_` (if used implicitly). Alternatively, prefix the name with `_` to silence this warning:
  [apply] _hH

Note: This linter can be disabled with `set_option linter.unusedVariables false`
warning: lean/PvNP/RealizableHardness/BinaryMatrixTypedA14HyperplaneReduced.lean:119:55: Variable name `hH` is not explicitly referenced.

Hint: The binding can be removed (if unused) or named `_` (if used implicitly). Alternatively, prefix the name with `_` to silence this warning:
  [apply] _hH

Note: This linter can be disabled with `set_option linter.unusedVariables false`
⚠ [2307/2310] Replayed PvNP.RealizableHardness.BinaryMatrixA15BaseCase
warning: lean/PvNP/RealizableHardness/BinaryMatrixA15BaseCase.lean:31:4: Try this: 
  haveI̵

The goal is a proposition, so `have` is preferred over `haveI`.
The difference between `have` and `haveI` is that `haveI` inlines the value.
But this is not relevant for proofs because of proof irrelevance.

Note: This linter can be disabled with `set_option linter.style.haveILetI false`
ℹ [2310/2310] Built PvNP.RealizableHardness.ActualBinaryMatrixHC46MixedPeelingChecks (2.1s)
info: lean/PvNP/RealizableHardness/ActualBinaryMatrixHC46MixedPeelingChecks.lean:5:0: PvNP.RealizableHardness.ActualBinaryMatrixHC46MixedPeeling.mixedCoordinatePeelLoss (r k l : ℕ) : ℝ
info: lean/PvNP/RealizableHardness/ActualBinaryMatrixHC46MixedPeelingChecks.lean:6:0: PvNP.RealizableHardness.ActualBinaryMatrixHC46MixedPeeling.mixedCoordinatePeel {n d : ℕ} (r k l : ℕ)
  (f : PvNP.RealizableHardness.BinaryMatrixFourier.BinaryMatrix (n + l) (d + k) → ℂ)
  (tLine : Fin k → Fin (n + l) → ZMod 2) (tHyp : Fin l → Fin d → ZMod 2) :
  PvNP.RealizableHardness.BinaryMatrixFourier.BinaryMatrix n d → ℂ
info: lean/PvNP/RealizableHardness/ActualBinaryMatrixHC46MixedPeelingChecks.lean:7:0: PvNP.RealizableHardness.ActualBinaryMatrixHC46MixedPeeling.mixedCoordinatePeel_global {n d r k l : ℕ} {eps : ℝ}
  (f : PvNP.RealizableHardness.BinaryMatrixFourier.BinaryMatrix (n + l) (d + k) → ℂ)
  (tLine : Fin k → Fin (n + l) → ZMod 2) (tHyp : Fin l → Fin d → ZMod 2) (heps : 0 ≤ eps)
  (hf : PvNP.RealizableHardness.BinaryMatrixComplexA15.UpToActualNormSqGlobal (r + (k + l)) eps f) :
  PvNP.RealizableHardness.BinaryMatrixComplexA15.UpToActualNormSqGlobal r (mixedCoordinatePeelLoss r k l * eps)
    (mixedCoordinatePeel r k l f tLine tHyp)
info: lean/PvNP/RealizableHardness/ActualBinaryMatrixHC46MixedPeelingChecks.lean:8:0: 'PvNP.RealizableHardness.ActualBinaryMatrixHC46MixedPeeling.mixedCoordinatePeel_global' depends on axioms: [propext,
 Classical.choice,
 Quot.sound]
info: lean/PvNP/RealizableHardness/ActualBinaryMatrixHC46MixedPeelingChecks.lean:10:0: PvNP.RealizableHardness.ActualBinaryMatrixHC46MixedPeeling.linePeelLoss_eq_pow (r k : ℕ) :
  PvNP.RealizableHardness.ActualBinaryMatrixHC46FinitePeeling.linePeelLoss r k = 2 ^ (4 * r * k + 2 * k ^ 2 + 4 * k)
info: lean/PvNP/RealizableHardness/ActualBinaryMatrixHC46MixedPeelingChecks.lean:11:0: PvNP.RealizableHardness.ActualBinaryMatrixHC46MixedPeeling.hyperplanePeelLoss_eq_pow (r k : ℕ) :
  PvNP.RealizableHardness.ActualBinaryMatrixHC46FinitePeeling.hyperplanePeelLoss r k =
    2 ^ (4 * r * k + 2 * k ^ 2 + 4 * k)
info: lean/PvNP/RealizableHardness/ActualBinaryMatrixHC46MixedPeelingChecks.lean:12:0: PvNP.RealizableHardness.ActualBinaryMatrixHC46MixedPeeling.mixedCoordinatePeelLoss_eq_pow (r k l : ℕ) :
  mixedCoordinatePeelLoss r k l = 2 ^ (4 * r * (k + l) + 2 * (k + l) ^ 2 + 4 * (k + l))
info: lean/PvNP/RealizableHardness/ActualBinaryMatrixHC46MixedPeelingChecks.lean:13:0: 'PvNP.RealizableHardness.ActualBinaryMatrixHC46MixedPeeling.mixedCoordinatePeelLoss_eq_pow' depends on axioms: [propext,
 Classical.choice,
 Quot.sound]
info: lean/PvNP/RealizableHardness/ActualBinaryMatrixHC46MixedPeelingChecks.lean:15:0: PvNP.RealizableHardness.ActualBinaryMatrixHC46MixedPeeling.coordinateLineDerivativeChain {n d : ℕ} (r k : ℕ)
  (f : PvNP.RealizableHardness.BinaryMatrixFourier.BinaryMatrix n (d + k) → ℂ) (t : Fin k → Fin n → ZMod 2) :
  PvNP.RealizableHardness.BinaryMatrixFourier.BinaryMatrix n d → ℂ
info: lean/PvNP/RealizableHardness/ActualBinaryMatrixHC46MixedPeelingChecks.lean:16:0: PvNP.RealizableHardness.ActualBinaryMatrixHC46MixedPeeling.coordinateHyperplaneDerivativeChain {n d : ℕ} (r k : ℕ)
  (f : PvNP.RealizableHardness.BinaryMatrixFourier.BinaryMatrix (n + k) d → ℂ) (t : Fin k → Fin d → ZMod 2) :
  PvNP.RealizableHardness.BinaryMatrixFourier.BinaryMatrix n d → ℂ
info: lean/PvNP/RealizableHardness/ActualBinaryMatrixHC46MixedPeelingChecks.lean:17:0: PvNP.RealizableHardness.ActualBinaryMatrixHC46MixedPeeling.coordinateLinePeel_rankProjection_eq_derivativeChain
  {n d r k : ℕ} (f : PvNP.RealizableHardness.BinaryMatrixFourier.BinaryMatrix n (d + k) → ℂ)
  (t : Fin k → Fin n → ZMod 2) :
  PvNP.RealizableHardness.BinaryMatrixComplexA14.complexRankProjection r
      (PvNP.RealizableHardness.ActualBinaryMatrixHC46FinitePeeling.coordinateLinePeel r k f t) =
    coordinateLineDerivativeChain r k (PvNP.RealizableHardness.BinaryMatrixComplexA14.complexRankProjection (r + k) f) t
info: lean/PvNP/RealizableHardness/ActualBinaryMatrixHC46MixedPeelingChecks.lean:18:0: PvNP.RealizableHardness.ActualBinaryMatrixHC46MixedPeeling.coordinateHyperplanePeel_rankProjection_eq_derivativeChain
  {n d r k : ℕ} (f : PvNP.RealizableHardness.BinaryMatrixFourier.BinaryMatrix (n + k) d → ℂ)
  (t : Fin k → Fin d → ZMod 2) :
  PvNP.RealizableHardness.BinaryMatrixComplexA14.complexRankProjection r
      (PvNP.RealizableHardness.ActualBinaryMatrixHC46FinitePeeling.coordinateHyperplanePeel r k f t) =
    coordinateHyperplaneDerivativeChain r k
      (PvNP.RealizableHardness.BinaryMatrixComplexA14.complexRankProjection (r + k) f) t
info: lean/PvNP/RealizableHardness/ActualBinaryMatrixHC46MixedPeelingChecks.lean:19:0: PvNP.RealizableHardness.ActualBinaryMatrixHC46MixedPeeling.coordinateLineDerivativeChain_energy_bound {n d r k : ℕ}
  {eps : ℝ} (f : PvNP.RealizableHardness.BinaryMatrixFourier.BinaryMatrix n (d + k) → ℂ) (t : Fin k → Fin n → ZMod 2)
  (heps : 0 ≤ eps) (hf : PvNP.RealizableHardness.BinaryMatrixComplexA15.UpToActualNormSqGlobal (r + k) eps f) :
  PvNP.RealizableHardness.BinaryMatrixComplexA15.fibreEnergy Finset.univ
      (coordinateLineDerivativeChain r k
        (PvNP.RealizableHardness.BinaryMatrixComplexA14.complexRankProjection (r + k) f) t) ≤
    PvNP.RealizableHardness.ActualBinaryMatrixHC46FinitePeeling.linePeelLoss r k * eps
info: lean/PvNP/RealizableHardness/ActualBinaryMatrixHC46MixedPeelingChecks.lean:20:0: PvNP.RealizableHardness.ActualBinaryMatrixHC46MixedPeeling.coordinateHyperplaneDerivativeChain_energy_bound
  {n d r k : ℕ} {eps : ℝ} (f : PvNP.RealizableHardness.BinaryMatrixFourier.BinaryMatrix (n + k) d → ℂ)
  (t : Fin k → Fin d → ZMod 2) (heps : 0 ≤ eps)
  (hf : PvNP.RealizableHardness.BinaryMatrixComplexA15.UpToActualNormSqGlobal (r + k) eps f) :
  PvNP.RealizableHardness.BinaryMatrixComplexA15.fibreEnergy Finset.univ
      (coordinateHyperplaneDerivativeChain r k
        (PvNP.RealizableHardness.BinaryMatrixComplexA14.complexRankProjection (r + k) f) t) ≤
    PvNP.RealizableHardness.ActualBinaryMatrixHC46FinitePeeling.hyperplanePeelLoss r k * eps
info: lean/PvNP/RealizableHardness/ActualBinaryMatrixHC46MixedPeelingChecks.lean:21:0: 'PvNP.RealizableHardness.ActualBinaryMatrixHC46MixedPeeling.coordinateLineDerivativeChain_energy_bound' depends on axioms: [propext,
 Classical.choice,
 Quot.sound]
info: lean/PvNP/RealizableHardness/ActualBinaryMatrixHC46MixedPeelingChecks.lean:22:0: 'PvNP.RealizableHardness.ActualBinaryMatrixHC46MixedPeeling.coordinateHyperplaneDerivativeChain_energy_bound' depends on axioms: [propext,
 Classical.choice,
 Quot.sound]
info: lean/PvNP/RealizableHardness/ActualBinaryMatrixHC46MixedPeelingChecks.lean:23:0: PvNP.RealizableHardness.ActualBinaryMatrixHC46MixedPeeling.mixedCoordinateDerivativeChain {n d : ℕ} (r k l : ℕ)
  (f : PvNP.RealizableHardness.BinaryMatrixFourier.BinaryMatrix (n + l) (d + k) → ℂ)
  (tLine : Fin k → Fin (n + l) → ZMod 2) (tHyp : Fin l → Fin d → ZMod 2) :
  PvNP.RealizableHardness.BinaryMatrixFourier.BinaryMatrix n d → ℂ
info: lean/PvNP/RealizableHardness/ActualBinaryMatrixHC46MixedPeelingChecks.lean:24:0: PvNP.RealizableHardness.ActualBinaryMatrixHC46MixedPeeling.mixedCoordinatePeel_rankProjection_eq_derivativeChain
  {n d r k l : ℕ} (f : PvNP.RealizableHardness.BinaryMatrixFourier.BinaryMatrix (n + l) (d + k) → ℂ)
  (tLine : Fin k → Fin (n + l) → ZMod 2) (tHyp : Fin l → Fin d → ZMod 2) :
  PvNP.RealizableHardness.BinaryMatrixComplexA14.complexRankProjection r (mixedCoordinatePeel r k l f tLine tHyp) =
    mixedCoordinateDerivativeChain r k l
      (PvNP.RealizableHardness.BinaryMatrixComplexA14.complexRankProjection (r + (k + l)) f) tLine tHyp
info: lean/PvNP/RealizableHardness/ActualBinaryMatrixHC46MixedPeelingChecks.lean:25:0: PvNP.RealizableHardness.ActualBinaryMatrixHC46MixedPeeling.mixedCoordinateDerivativeChain_energy_bound {n d r k l : ℕ}
  {eps : ℝ} (f : PvNP.RealizableHardness.BinaryMatrixFourier.BinaryMatrix (n + l) (d + k) → ℂ)
  (tLine : Fin k → Fin (n + l) → ZMod 2) (tHyp : Fin l → Fin d → ZMod 2) (heps : 0 ≤ eps)
  (hf : PvNP.RealizableHardness.BinaryMatrixComplexA15.UpToActualNormSqGlobal (r + (k + l)) eps f) :
  PvNP.RealizableHardness.BinaryMatrixComplexA15.fibreEnergy Finset.univ
      (mixedCoordinateDerivativeChain r k l
        (PvNP.RealizableHardness.BinaryMatrixComplexA14.complexRankProjection (r + (k + l)) f) tLine tHyp) ≤
    mixedCoordinatePeelLoss r k l * eps
info: lean/PvNP/RealizableHardness/ActualBinaryMatrixHC46MixedPeelingChecks.lean:26:0: 'PvNP.RealizableHardness.ActualBinaryMatrixHC46MixedPeeling.mixedCoordinatePeel_rankProjection_eq_derivativeChain' depends on axioms: [propext,
 Classical.choice,
 Quot.sound]
info: lean/PvNP/RealizableHardness/ActualBinaryMatrixHC46MixedPeelingChecks.lean:27:0: 'PvNP.RealizableHardness.ActualBinaryMatrixHC46MixedPeeling.mixedCoordinateDerivativeChain_energy_bound' depends on axioms: [propext,
 Classical.choice,
 Quot.sound]
info: lean/PvNP/RealizableHardness/ActualBinaryMatrixHC46MixedPeelingChecks.lean:29:0: PvNP.RealizableHardness.ActualBinaryMatrixHC46MixedPeeling.coordinateLineDerivativeChain {n d : ℕ} (r k : ℕ)
  (f : PvNP.RealizableHardness.BinaryMatrixFourier.BinaryMatrix n (d + k) → ℂ) (t : Fin k → Fin n → ZMod 2) :
  PvNP.RealizableHardness.BinaryMatrixFourier.BinaryMatrix n d → ℂ
info: lean/PvNP/RealizableHardness/ActualBinaryMatrixHC46MixedPeelingChecks.lean:30:0: PvNP.RealizableHardness.ActualBinaryMatrixHC46MixedPeeling.coordinateHyperplaneDerivativeChain {n d : ℕ} (r k : ℕ)
  (f : PvNP.RealizableHardness.BinaryMatrixFourier.BinaryMatrix (n + k) d → ℂ) (t : Fin k → Fin d → ZMod 2) :
  PvNP.RealizableHardness.BinaryMatrixFourier.BinaryMatrix n d → ℂ
info: lean/PvNP/RealizableHardness/ActualBinaryMatrixHC46MixedPeelingChecks.lean:31:0: PvNP.RealizableHardness.ActualBinaryMatrixHC46MixedPeeling.coordinateLinePeel_rankProjection_eq_derivativeChain
  {n d r k : ℕ} (f : PvNP.RealizableHardness.BinaryMatrixFourier.BinaryMatrix n (d + k) → ℂ)
  (t : Fin k → Fin n → ZMod 2) :
  PvNP.RealizableHardness.BinaryMatrixComplexA14.complexRankProjection r
      (PvNP.RealizableHardness.ActualBinaryMatrixHC46FinitePeeling.coordinateLinePeel r k f t) =
    coordinateLineDerivativeChain r k (PvNP.RealizableHardness.BinaryMatrixComplexA14.complexRankProjection (r + k) f) t
info: lean/PvNP/RealizableHardness/ActualBinaryMatrixHC46MixedPeelingChecks.lean:32:0: PvNP.RealizableHardness.ActualBinaryMatrixHC46MixedPeeling.coordinateHyperplanePeel_rankProjection_eq_derivativeChain
  {n d r k : ℕ} (f : PvNP.RealizableHardness.BinaryMatrixFourier.BinaryMatrix (n + k) d → ℂ)
  (t : Fin k → Fin d → ZMod 2) :
  PvNP.RealizableHardness.BinaryMatrixComplexA14.complexRankProjection r
      (PvNP.RealizableHardness.ActualBinaryMatrixHC46FinitePeeling.coordinateHyperplanePeel r k f t) =
    coordinateHyperplaneDerivativeChain r k
      (PvNP.RealizableHardness.BinaryMatrixComplexA14.complexRankProjection (r + k) f) t
info: lean/PvNP/RealizableHardness/ActualBinaryMatrixHC46MixedPeelingChecks.lean:33:0: PvNP.RealizableHardness.ActualBinaryMatrixHC46MixedPeeling.coordinateLineDerivativeChain_energy_bound {n d r k : ℕ}
  {eps : ℝ} (f : PvNP.RealizableHardness.BinaryMatrixFourier.BinaryMatrix n (d + k) → ℂ) (t : Fin k → Fin n → ZMod 2)
  (heps : 0 ≤ eps) (hf : PvNP.RealizableHardness.BinaryMatrixComplexA15.UpToActualNormSqGlobal (r + k) eps f) :
  PvNP.RealizableHardness.BinaryMatrixComplexA15.fibreEnergy Finset.univ
      (coordinateLineDerivativeChain r k
        (PvNP.RealizableHardness.BinaryMatrixComplexA14.complexRankProjection (r + k) f) t) ≤
    PvNP.RealizableHardness.ActualBinaryMatrixHC46FinitePeeling.linePeelLoss r k * eps
info: lean/PvNP/RealizableHardness/ActualBinaryMatrixHC46MixedPeelingChecks.lean:34:0: PvNP.RealizableHardness.ActualBinaryMatrixHC46MixedPeeling.coordinateHyperplaneDerivativeChain_energy_bound
  {n d r k : ℕ} {eps : ℝ} (f : PvNP.RealizableHardness.BinaryMatrixFourier.BinaryMatrix (n + k) d → ℂ)
  (t : Fin k → Fin d → ZMod 2) (heps : 0 ≤ eps)
  (hf : PvNP.RealizableHardness.BinaryMatrixComplexA15.UpToActualNormSqGlobal (r + k) eps f) :
  PvNP.RealizableHardness.BinaryMatrixComplexA15.fibreEnergy Finset.univ
      (coordinateHyperplaneDerivativeChain r k
        (PvNP.RealizableHardness.BinaryMatrixComplexA14.complexRankProjection (r + k) f) t) ≤
    PvNP.RealizableHardness.ActualBinaryMatrixHC46FinitePeeling.hyperplanePeelLoss r k * eps
info: lean/PvNP/RealizableHardness/ActualBinaryMatrixHC46MixedPeelingChecks.lean:35:0: 'PvNP.RealizableHardness.ActualBinaryMatrixHC46MixedPeeling.coordinateLineDerivativeChain_energy_bound' depends on axioms: [propext,
 Classical.choice,
 Quot.sound]
info: lean/PvNP/RealizableHardness/ActualBinaryMatrixHC46MixedPeelingChecks.lean:36:0: 'PvNP.RealizableHardness.ActualBinaryMatrixHC46MixedPeeling.coordinateHyperplaneDerivativeChain_energy_bound' depends on axioms: [propext,
 Classical.choice,
 Quot.sound]
Build completed successfully (2310 jobs).
