⚠ [2203/2305] Replayed PvNP.RealizableHardness.BinaryMatrixFourier
warning: lean/PvNP/RealizableHardness/BinaryMatrixFourier.lean:126:8: `if_pos` has been deprecated: Use `ite_eq_left` instead
warning: lean/PvNP/RealizableHardness/BinaryMatrixFourier.lean:132:8: `if_neg` has been deprecated: Use `ite_eq_right` instead
⚠ [2205/2305] Replayed PvNP.RealizableHardness.BinaryMatrixHybridSelector
warning: lean/PvNP/RealizableHardness/BinaryMatrixHybridSelector.lean:71:8: `if_pos` has been deprecated: Use `ite_eq_left` instead
warning: lean/PvNP/RealizableHardness/BinaryMatrixHybridSelector.lean:90:8: `if_neg` has been deprecated: Use `ite_eq_right` instead
⚠ [2207/2305] Replayed PvNP.RealizableHardness.BinaryMatrixLineTranslation
warning: lean/PvNP/RealizableHardness/BinaryMatrixLineTranslation.lean:243:4: try 'simp' instead of 'simpa'

Note: This linter can be disabled with `set_option linter.unnecessarySimpa false`
warning: lean/PvNP/RealizableHardness/BinaryMatrixLineTranslation.lean:315:8: `if_neg` has been deprecated: Use `ite_eq_right` instead
warning: lean/PvNP/RealizableHardness/BinaryMatrixLineTranslation.lean:407:15: `if_neg` has been deprecated: Use `ite_eq_right` instead
warning: lean/PvNP/RealizableHardness/BinaryMatrixLineTranslation.lean:433:41: This simp argument is unused:
  s

Hint: Omit it from the simp argument list.
  [apply] simp [hs, hr]

Note: This linter can be disabled with `set_option linter.unusedSimpArgs false`
warning: lean/PvNP/RealizableHardness/BinaryMatrixLineTranslation.lean:555:15: `if_neg` has been deprecated: Use `ite_eq_right` instead
warning: lean/PvNP/RealizableHardness/BinaryMatrixLineTranslation.lean:592:57: This simp argument is unused:
  mul_assoc

Hint: Omit it from the simp argument list.
  [apply] simp [hr, hs]

Note: This linter can be disabled with `set_option linter.unusedSimpArgs false`
⚠ [2208/2305] Replayed PvNP.RealizableHardness.BinaryMatrixLineA14
warning: lean/PvNP/RealizableHardness/BinaryMatrixLineA14.lean:88:8: `if_pos` has been deprecated: Use `ite_eq_left` instead
warning: lean/PvNP/RealizableHardness/BinaryMatrixLineA14.lean:97:8: `if_neg` has been deprecated: Use `ite_eq_right` instead
⚠ [2219/2305] Replayed PvNP.RealizableHardness.BinaryMatrixComplexA15
warning: lean/PvNP/RealizableHardness/BinaryMatrixComplexA15.lean:35:4: Unused tactic linter: `change fibreEnergy R.fibre f ≤ ε` does nothing

Note: This linter can be disabled with `set_option linter.unusedTactic false`
warning: lean/PvNP/RealizableHardness/BinaryMatrixComplexA15.lean:46:2: Unused tactic linter: `change fibreEnergy Q.fibre f ≤ ε` does nothing

Note: This linter can be disabled with `set_option linter.unusedTactic false`
warning: lean/PvNP/RealizableHardness/BinaryMatrixComplexA15.lean:184:24: This simp argument is unused:
  zero_add

Hint: Omit it from the simp argument list.
  [apply] simp only [Complex.normSq_apply, Complex.sub_re, Complex.sub_im, Complex.mul_re, Complex.mul_im,
    Complex.ofReal_re, Complex.ofReal_im, zero_mul, sub_zero, mul_zero]

Note: This linter can be disabled with `set_option linter.unusedSimpArgs false`
warning: lean/PvNP/RealizableHardness/BinaryMatrixComplexA15.lean:184:34: This simp argument is unused:
  mul_zero

Hint: Omit it from the simp argument list.
  [apply] simp only [Complex.normSq_apply, Complex.sub_re, Complex.sub_im, Complex.mul_re, Complex.mul_im,
    Complex.ofReal_re, Complex.ofReal_im, zero_mul, sub_zero, zero_add]

Note: This linter can be disabled with `set_option linter.unusedSimpArgs false`
⚠ [2286/2305] Replayed PvNP.RealizableHardness.BinaryMatrixA1TypedFourier
warning: lean/PvNP/RealizableHardness/BinaryMatrixA1TypedFourier.lean:198:8: `if_pos` has been deprecated: Use `ite_eq_left` instead
warning: lean/PvNP/RealizableHardness/BinaryMatrixA1TypedFourier.lean:204:8: `if_neg` has been deprecated: Use `ite_eq_right` instead
warning: lean/PvNP/RealizableHardness/BinaryMatrixA1TypedFourier.lean:236:8: `if_pos` has been deprecated: Use `ite_eq_left` instead
warning: lean/PvNP/RealizableHardness/BinaryMatrixA1TypedFourier.lean:242:8: `if_neg` has been deprecated: Use `ite_eq_right` instead
⚠ [2288/2305] Replayed PvNP.RealizableHardness.BinaryMatrixA1CoefficientTransfer
warning: lean/PvNP/RealizableHardness/BinaryMatrixA1CoefficientTransfer.lean:111:15: `if_pos` has been deprecated: Use `ite_eq_left` instead
⚠ [2289/2305] Replayed PvNP.RealizableHardness.BinaryMatrixA1Composition
warning: lean/PvNP/RealizableHardness/BinaryMatrixA1Composition.lean:40:15: `if_pos` has been deprecated: Use `ite_eq_left` instead
warning: lean/PvNP/RealizableHardness/BinaryMatrixA1Composition.lean:102:5: Variable name `hA` is not explicitly referenced.

Hint: The binding can be removed (if unused) or named `_` (if used implicitly). Alternatively, prefix the name with `_` to silence this warning:
  [apply] _hA

Note: This linter can be disabled with `set_option linter.unusedVariables false`
warning: lean/PvNP/RealizableHardness/BinaryMatrixA1Composition.lean:102:20: Variable name `hB` is not explicitly referenced.

Hint: The binding can be removed (if unused) or named `_` (if used implicitly). Alternatively, prefix the name with `_` to silence this warning:
  [apply] _hB

Note: This linter can be disabled with `set_option linter.unusedVariables false`
warning: lean/PvNP/RealizableHardness/BinaryMatrixA1Composition.lean:172:43: `if_pos` has been deprecated: Use `ite_eq_left` instead
⚠ [2301/2305] Replayed PvNP.RealizableHardness.BinaryMatrixTypedA15HyperplaneGlobal
warning: lean/PvNP/RealizableHardness/BinaryMatrixTypedA15HyperplaneGlobal.lean:48:25: Variable name `hH` is not explicitly referenced.

Hint: The binding can be removed (if unused) or named `_` (if used implicitly). Alternatively, prefix the name with `_` to silence this warning:
  [apply] _hH

Note: This linter can be disabled with `set_option linter.unusedVariables false`
⚠ [2303/2305] Replayed PvNP.RealizableHardness.BinaryMatrixTypedA15HyperplaneReducedGlobal
warning: lean/PvNP/RealizableHardness/BinaryMatrixTypedA15HyperplaneReducedGlobal.lean:54:25: Variable name `hH` is not explicitly referenced.

Hint: The binding can be removed (if unused) or named `_` (if used implicitly). Alternatively, prefix the name with `_` to silence this warning:
  [apply] _hH

Note: This linter can be disabled with `set_option linter.unusedVariables false`
warning: lean/PvNP/RealizableHardness/BinaryMatrixTypedA15HyperplaneReducedGlobal.lean:64:25: Variable name `hH` is not explicitly referenced.

Hint: The binding can be removed (if unused) or named `_` (if used implicitly). Alternatively, prefix the name with `_` to silence this warning:
  [apply] _hH

Note: This linter can be disabled with `set_option linter.unusedVariables false`
warning: lean/PvNP/RealizableHardness/BinaryMatrixTypedA15HyperplaneReducedGlobal.lean:84:25: Variable name `hH` is not explicitly referenced.

Hint: The binding can be removed (if unused) or named `_` (if used implicitly). Alternatively, prefix the name with `_` to silence this warning:
  [apply] _hH

Note: This linter can be disabled with `set_option linter.unusedVariables false`
warning: lean/PvNP/RealizableHardness/BinaryMatrixTypedA15HyperplaneReducedGlobal.lean:98:25: Variable name `hH` is not explicitly referenced.

Hint: The binding can be removed (if unused) or named `_` (if used implicitly). Alternatively, prefix the name with `_` to silence this warning:
  [apply] _hH

Note: This linter can be disabled with `set_option linter.unusedVariables false`
warning: lean/PvNP/RealizableHardness/BinaryMatrixTypedA15HyperplaneReducedGlobal.lean:236:25: Variable name `hH` is not explicitly referenced.

Hint: The binding can be removed (if unused) or named `_` (if used implicitly). Alternatively, prefix the name with `_` to silence this warning:
  [apply] _hH

Note: This linter can be disabled with `set_option linter.unusedVariables false`
ℹ [2305/2305] Built PvNP.RealizableHardness.ActualBinaryMatrixHC46PA4TransportChecks (1.0s)
info: lean/PvNP/RealizableHardness/ActualBinaryMatrixHC46PA4TransportChecks.lean:5:0: PvNP.RealizableHardness.ActualBinaryMatrixHC46PA4Transport.typedLineCoordinateOutput {n d k : ℕ}
  (A :
    Submodule PvNP.RealizableHardness.ActualBinaryMatrixHC46PA4Transport.F✝
      (PvNP.RealizableHardness.ActualBinaryMatrixHC46PA4Transport.V✝ d))
  (B :
    Submodule PvNP.RealizableHardness.ActualBinaryMatrixHC46PA4Transport.F✝
      (Fin n → PvNP.RealizableHardness.ActualBinaryMatrixHC46PA4Transport.F✝))
  (L :
    Submodule PvNP.RealizableHardness.ActualBinaryMatrixHC46PA4Transport.F✝
      (PvNP.RealizableHardness.ActualBinaryMatrixHC46PA4Transport.V✝ d ⧸ A))
  (hL : Module.finrank PvNP.RealizableHardness.ActualBinaryMatrixHC46PA4Transport.F✝ ↥L = 1)
  (T :
    PvNP.RealizableHardness.ActualBinaryMatrixHC46PA4Transport.V✝ d ⧸
        A →ₗ[PvNP.RealizableHardness.ActualBinaryMatrixHC46PA4Transport.F✝]
      ↥B)
  (f :
    (PvNP.RealizableHardness.ActualBinaryMatrixHC46PA4Transport.V✝ d ⧸
          A →ₗ[PvNP.RealizableHardness.ActualBinaryMatrixHC46PA4Transport.F✝]
        ↥B) →
      ℂ) :
  PvNP.RealizableHardness.BinaryMatrixFourier.BinaryMatrix
      (Module.finrank PvNP.RealizableHardness.ActualBinaryMatrixHC46PA4Transport.F✝ ↥B)
      (Module.finrank PvNP.RealizableHardness.ActualBinaryMatrixHC46PA4Transport.F✝
        ((PvNP.RealizableHardness.ActualBinaryMatrixHC46PA4Transport.V✝ d ⧸ A) ⧸ L)) →
    ℂ
info: lean/PvNP/RealizableHardness/ActualBinaryMatrixHC46PA4TransportChecks.lean:6:0: PvNP.RealizableHardness.ActualBinaryMatrixHC46PA4Transport.typedLineCoordinateShift {n d : ℕ}
  (A :
    Submodule PvNP.RealizableHardness.ActualBinaryMatrixHC46PA4Transport.F✝
      (PvNP.RealizableHardness.ActualBinaryMatrixHC46PA4Transport.V✝ d))
  (B :
    Submodule PvNP.RealizableHardness.ActualBinaryMatrixHC46PA4Transport.F✝
      (Fin n → PvNP.RealizableHardness.ActualBinaryMatrixHC46PA4Transport.F✝))
  (L :
    Submodule PvNP.RealizableHardness.ActualBinaryMatrixHC46PA4Transport.F✝
      (PvNP.RealizableHardness.ActualBinaryMatrixHC46PA4Transport.V✝ d ⧸ A))
  (hL : Module.finrank PvNP.RealizableHardness.ActualBinaryMatrixHC46PA4Transport.F✝ ↥L = 1)
  (T :
    PvNP.RealizableHardness.ActualBinaryMatrixHC46PA4Transport.V✝ d ⧸
        A →ₗ[PvNP.RealizableHardness.ActualBinaryMatrixHC46PA4Transport.F✝]
      ↥B) :
  PvNP.RealizableHardness.BinaryMatrixFourier.BinaryMatrix
    (Module.finrank PvNP.RealizableHardness.ActualBinaryMatrixHC46PA4Transport.F✝ ↥B)
    (Module.finrank PvNP.RealizableHardness.ActualBinaryMatrixHC46PA4Transport.F✝
      ((PvNP.RealizableHardness.ActualBinaryMatrixHC46PA4Transport.V✝ d ⧸ A) ⧸ L))
info: lean/PvNP/RealizableHardness/ActualBinaryMatrixHC46PA4TransportChecks.lean:7:0: PvNP.RealizableHardness.ActualBinaryMatrixHC46PA4Transport.typedLineReducedWitness_eq_coordinate_shift {n d k : ℕ}
  (A :
    Submodule PvNP.RealizableHardness.ActualBinaryMatrixHC46PA4Transport.F✝
      (PvNP.RealizableHardness.ActualBinaryMatrixHC46PA4Transport.V✝ d))
  (B :
    Submodule PvNP.RealizableHardness.ActualBinaryMatrixHC46PA4Transport.F✝
      (Fin n → PvNP.RealizableHardness.ActualBinaryMatrixHC46PA4Transport.F✝))
  (L :
    Submodule PvNP.RealizableHardness.ActualBinaryMatrixHC46PA4Transport.F✝
      (PvNP.RealizableHardness.ActualBinaryMatrixHC46PA4Transport.V✝ d ⧸ A))
  (hL : Module.finrank PvNP.RealizableHardness.ActualBinaryMatrixHC46PA4Transport.F✝ ↥L = 1)
  (T :
    PvNP.RealizableHardness.ActualBinaryMatrixHC46PA4Transport.V✝ d ⧸
        A →ₗ[PvNP.RealizableHardness.ActualBinaryMatrixHC46PA4Transport.F✝]
      ↥B)
  (f :
    (PvNP.RealizableHardness.ActualBinaryMatrixHC46PA4Transport.V✝ d ⧸
          A →ₗ[PvNP.RealizableHardness.ActualBinaryMatrixHC46PA4Transport.F✝]
        ↥B) →
      ℂ)
  (X :
    PvNP.RealizableHardness.BinaryMatrixFourier.BinaryMatrix
      (Module.finrank PvNP.RealizableHardness.ActualBinaryMatrixHC46PA4Transport.F✝ ↥B)
      (Module.finrank PvNP.RealizableHardness.ActualBinaryMatrixHC46PA4Transport.F✝
        ((PvNP.RealizableHardness.ActualBinaryMatrixHC46PA4Transport.V✝ d ⧸ A) ⧸ L))) :
  PvNP.RealizableHardness.BinaryMatrixTypedA15ReducedGlobal.typedLineReducedWitness B L hL T f
      ((PvNP.RealizableHardness.BinaryMatrixTypedA15Reduced.reducedMatrixEquiv B L).symm X) =
    typedLineCoordinateOutput A B L hL T f (X + typedLineCoordinateShift A B L hL T)
info: lean/PvNP/RealizableHardness/ActualBinaryMatrixHC46PA4TransportChecks.lean:8:0: PvNP.RealizableHardness.ActualBinaryMatrixHC46PA4Transport.typedLineReducedWitness_global_of_coordinate {n d k : ℕ}
  {eps : ℝ}
  (A :
    Submodule PvNP.RealizableHardness.ActualBinaryMatrixHC46PA4Transport.F✝
      (PvNP.RealizableHardness.ActualBinaryMatrixHC46PA4Transport.V✝ d))
  (B :
    Submodule PvNP.RealizableHardness.ActualBinaryMatrixHC46PA4Transport.F✝
      (Fin n → PvNP.RealizableHardness.ActualBinaryMatrixHC46PA4Transport.F✝))
  (L :
    Submodule PvNP.RealizableHardness.ActualBinaryMatrixHC46PA4Transport.F✝
      (PvNP.RealizableHardness.ActualBinaryMatrixHC46PA4Transport.V✝ d ⧸ A))
  (hL : Module.finrank PvNP.RealizableHardness.ActualBinaryMatrixHC46PA4Transport.F✝ ↥L = 1)
  (T :
    PvNP.RealizableHardness.ActualBinaryMatrixHC46PA4Transport.V✝ d ⧸
        A →ₗ[PvNP.RealizableHardness.ActualBinaryMatrixHC46PA4Transport.F✝]
      ↥B)
  (f :
    (PvNP.RealizableHardness.ActualBinaryMatrixHC46PA4Transport.V✝ d ⧸
          A →ₗ[PvNP.RealizableHardness.ActualBinaryMatrixHC46PA4Transport.F✝]
        ↥B) →
      ℂ)
  (heps : 0 ≤ eps)
  (hcoord :
    PvNP.RealizableHardness.BinaryMatrixComplexA15.UpToActualNormSqGlobal k eps
      (typedLineCoordinateOutput A B L hL T f)) :
  PvNP.RealizableHardness.BinaryMatrixTypedA15ReducedGlobal.UpToReducedNormSqGlobal A B L k eps
    (PvNP.RealizableHardness.BinaryMatrixTypedA15ReducedGlobal.typedLineReducedWitness B L hL T f)
info: lean/PvNP/RealizableHardness/ActualBinaryMatrixHC46PA4TransportChecks.lean:9:0: PvNP.RealizableHardness.ActualBinaryMatrixHC46PA4Transport.typedHyperplaneCoordinateOutput {n d k : ℕ}
  (A :
    Submodule PvNP.RealizableHardness.ActualBinaryMatrixHC46PA4Transport.F✝
      (PvNP.RealizableHardness.ActualBinaryMatrixHC46PA4Transport.V✝ d))
  (B :
    Submodule PvNP.RealizableHardness.ActualBinaryMatrixHC46PA4Transport.F✝
      (Fin n → PvNP.RealizableHardness.ActualBinaryMatrixHC46PA4Transport.F✝))
  (H : Submodule PvNP.RealizableHardness.ActualBinaryMatrixHC46PA4Transport.F✝ ↥B)
  (hH : Module.finrank PvNP.RealizableHardness.ActualBinaryMatrixHC46PA4Transport.F✝ (↥B ⧸ H) = 1)
  (T :
    PvNP.RealizableHardness.ActualBinaryMatrixHC46PA4Transport.V✝ d ⧸
        A →ₗ[PvNP.RealizableHardness.ActualBinaryMatrixHC46PA4Transport.F✝]
      ↥B)
  (f :
    (PvNP.RealizableHardness.ActualBinaryMatrixHC46PA4Transport.V✝ d ⧸
          A →ₗ[PvNP.RealizableHardness.ActualBinaryMatrixHC46PA4Transport.F✝]
        ↥B) →
      ℂ) :
  PvNP.RealizableHardness.BinaryMatrixFourier.BinaryMatrix
      (Module.finrank PvNP.RealizableHardness.ActualBinaryMatrixHC46PA4Transport.F✝ ↥H)
      (Module.finrank PvNP.RealizableHardness.ActualBinaryMatrixHC46PA4Transport.F✝
        (PvNP.RealizableHardness.ActualBinaryMatrixHC46PA4Transport.V✝ d ⧸ A)) →
    ℂ
info: lean/PvNP/RealizableHardness/ActualBinaryMatrixHC46PA4TransportChecks.lean:10:0: PvNP.RealizableHardness.ActualBinaryMatrixHC46PA4Transport.typedHyperplaneCoordinateShift {n d : ℕ}
  (A :
    Submodule PvNP.RealizableHardness.ActualBinaryMatrixHC46PA4Transport.F✝
      (PvNP.RealizableHardness.ActualBinaryMatrixHC46PA4Transport.V✝ d))
  (B :
    Submodule PvNP.RealizableHardness.ActualBinaryMatrixHC46PA4Transport.F✝
      (Fin n → PvNP.RealizableHardness.ActualBinaryMatrixHC46PA4Transport.F✝))
  (H : Submodule PvNP.RealizableHardness.ActualBinaryMatrixHC46PA4Transport.F✝ ↥B)
  (hH : Module.finrank PvNP.RealizableHardness.ActualBinaryMatrixHC46PA4Transport.F✝ (↥B ⧸ H) = 1)
  (T :
    PvNP.RealizableHardness.ActualBinaryMatrixHC46PA4Transport.V✝ d ⧸
        A →ₗ[PvNP.RealizableHardness.ActualBinaryMatrixHC46PA4Transport.F✝]
      ↥B) :
  PvNP.RealizableHardness.BinaryMatrixFourier.BinaryMatrix
    (Module.finrank PvNP.RealizableHardness.ActualBinaryMatrixHC46PA4Transport.F✝ ↥H)
    (Module.finrank PvNP.RealizableHardness.ActualBinaryMatrixHC46PA4Transport.F✝
      (PvNP.RealizableHardness.ActualBinaryMatrixHC46PA4Transport.V✝ d ⧸ A))
info: lean/PvNP/RealizableHardness/ActualBinaryMatrixHC46PA4TransportChecks.lean:11:0: PvNP.RealizableHardness.ActualBinaryMatrixHC46PA4Transport.typedHyperplaneReducedWitness_eq_coordinate_shift {n d k : ℕ}
  (A :
    Submodule PvNP.RealizableHardness.ActualBinaryMatrixHC46PA4Transport.F✝
      (PvNP.RealizableHardness.ActualBinaryMatrixHC46PA4Transport.V✝ d))
  (B :
    Submodule PvNP.RealizableHardness.ActualBinaryMatrixHC46PA4Transport.F✝
      (Fin n → PvNP.RealizableHardness.ActualBinaryMatrixHC46PA4Transport.F✝))
  (H : Submodule PvNP.RealizableHardness.ActualBinaryMatrixHC46PA4Transport.F✝ ↥B)
  (hH : Module.finrank PvNP.RealizableHardness.ActualBinaryMatrixHC46PA4Transport.F✝ (↥B ⧸ H) = 1)
  (T :
    PvNP.RealizableHardness.ActualBinaryMatrixHC46PA4Transport.V✝ d ⧸
        A →ₗ[PvNP.RealizableHardness.ActualBinaryMatrixHC46PA4Transport.F✝]
      ↥B)
  (f :
    (PvNP.RealizableHardness.ActualBinaryMatrixHC46PA4Transport.V✝ d ⧸
          A →ₗ[PvNP.RealizableHardness.ActualBinaryMatrixHC46PA4Transport.F✝]
        ↥B) →
      ℂ)
  (X :
    PvNP.RealizableHardness.BinaryMatrixFourier.BinaryMatrix
      (Module.finrank PvNP.RealizableHardness.ActualBinaryMatrixHC46PA4Transport.F✝ ↥H)
      (Module.finrank PvNP.RealizableHardness.ActualBinaryMatrixHC46PA4Transport.F✝
        (PvNP.RealizableHardness.ActualBinaryMatrixHC46PA4Transport.V✝ d ⧸ A))) :
  PvNP.RealizableHardness.BinaryMatrixTypedA15HyperplaneReducedGlobal.typedHyperplaneReducedWitness B H hH T f
      ((PvNP.RealizableHardness.BinaryMatrixTypedA15HyperplaneReduced.hyperplaneReducedMatrixEquiv H).symm X) =
    typedHyperplaneCoordinateOutput A B H hH T f (X + typedHyperplaneCoordinateShift A B H hH T)
info: lean/PvNP/RealizableHardness/ActualBinaryMatrixHC46PA4TransportChecks.lean:12:0: PvNP.RealizableHardness.ActualBinaryMatrixHC46PA4Transport.typedHyperplaneReducedWitness_global_of_coordinate
  {n d k : ℕ} {eps : ℝ}
  (A :
    Submodule PvNP.RealizableHardness.ActualBinaryMatrixHC46PA4Transport.F✝
      (PvNP.RealizableHardness.ActualBinaryMatrixHC46PA4Transport.V✝ d))
  (B :
    Submodule PvNP.RealizableHardness.ActualBinaryMatrixHC46PA4Transport.F✝
      (Fin n → PvNP.RealizableHardness.ActualBinaryMatrixHC46PA4Transport.F✝))
  (H : Submodule PvNP.RealizableHardness.ActualBinaryMatrixHC46PA4Transport.F✝ ↥B)
  (hH : Module.finrank PvNP.RealizableHardness.ActualBinaryMatrixHC46PA4Transport.F✝ (↥B ⧸ H) = 1)
  (T :
    PvNP.RealizableHardness.ActualBinaryMatrixHC46PA4Transport.V✝ d ⧸
        A →ₗ[PvNP.RealizableHardness.ActualBinaryMatrixHC46PA4Transport.F✝]
      ↥B)
  (f :
    (PvNP.RealizableHardness.ActualBinaryMatrixHC46PA4Transport.V✝ d ⧸
          A →ₗ[PvNP.RealizableHardness.ActualBinaryMatrixHC46PA4Transport.F✝]
        ↥B) →
      ℂ)
  (heps : 0 ≤ eps)
  (hcoord :
    PvNP.RealizableHardness.BinaryMatrixComplexA15.UpToActualNormSqGlobal k eps
      (typedHyperplaneCoordinateOutput A B H hH T f)) :
  PvNP.RealizableHardness.BinaryMatrixTypedA15HyperplaneReducedGlobal.UpToHyperplaneReducedNormSqGlobal A B H k eps
    (PvNP.RealizableHardness.BinaryMatrixTypedA15HyperplaneReducedGlobal.typedHyperplaneReducedWitness B H hH T f)
info: lean/PvNP/RealizableHardness/ActualBinaryMatrixHC46PA4TransportChecks.lean:13:0: 'PvNP.RealizableHardness.ActualBinaryMatrixHC46PA4Transport.typedLineReducedWitness_eq_coordinate_shift' depends on axioms: [propext,
 Classical.choice,
 Quot.sound]
info: lean/PvNP/RealizableHardness/ActualBinaryMatrixHC46PA4TransportChecks.lean:14:0: 'PvNP.RealizableHardness.ActualBinaryMatrixHC46PA4Transport.typedLineReducedWitness_global_of_coordinate' depends on axioms: [propext,
 Classical.choice,
 Quot.sound]
info: lean/PvNP/RealizableHardness/ActualBinaryMatrixHC46PA4TransportChecks.lean:15:0: 'PvNP.RealizableHardness.ActualBinaryMatrixHC46PA4Transport.typedHyperplaneReducedWitness_eq_coordinate_shift' depends on axioms: [propext,
 Classical.choice,
 Quot.sound]
info: lean/PvNP/RealizableHardness/ActualBinaryMatrixHC46PA4TransportChecks.lean:16:0: 'PvNP.RealizableHardness.ActualBinaryMatrixHC46PA4Transport.typedHyperplaneReducedWitness_global_of_coordinate' depends on axioms: [propext,
 Classical.choice,
 Quot.sound]
info: lean/PvNP/RealizableHardness/ActualBinaryMatrixHC46PA4TransportChecks.lean:17:0: PvNP.RealizableHardness.BinaryMatrixTypedA15ReducedGlobal.typed_line_oneStep_A15_global {n d k : ℕ} {ε : ℝ}
  (A :
    Submodule PvNP.RealizableHardness.BinaryMatrixTypedA15ReducedGlobal.F✝
      (PvNP.RealizableHardness.BinaryMatrixTypedA15ReducedGlobal.V✝ d))
  (B :
    Submodule PvNP.RealizableHardness.BinaryMatrixTypedA15ReducedGlobal.F✝
      (Fin n → PvNP.RealizableHardness.BinaryMatrixTypedA15ReducedGlobal.F✝))
  (L :
    Submodule PvNP.RealizableHardness.BinaryMatrixTypedA15ReducedGlobal.F✝
      (PvNP.RealizableHardness.BinaryMatrixTypedA15ReducedGlobal.V✝ d ⧸ A))
  (hL : Module.finrank PvNP.RealizableHardness.BinaryMatrixTypedA15ReducedGlobal.F✝ ↥L = 1)
  (T :
    PvNP.RealizableHardness.BinaryMatrixTypedA15ReducedGlobal.V✝ d ⧸
        A →ₗ[PvNP.RealizableHardness.BinaryMatrixTypedA15ReducedGlobal.F✝]
      ↥B)
  (f :
    (PvNP.RealizableHardness.BinaryMatrixTypedA15ReducedGlobal.V✝ d ⧸
          A →ₗ[PvNP.RealizableHardness.BinaryMatrixTypedA15ReducedGlobal.F✝]
        ↥B) →
      ℂ)
  (hε : 0 ≤ ε) (hf : PvNP.RealizableHardness.BinaryMatrixTypedA15Transport.UpToTypedNormSqGlobal A B (k + 1) ε f) :
  PvNP.RealizableHardness.BinaryMatrixTypedA15ReducedGlobal.UpToReducedNormSqGlobal A B L k (4 * 2 ^ (4 * (k + 1)) * ε)
    (PvNP.RealizableHardness.BinaryMatrixTypedA15ReducedGlobal.typedLineReducedWitness B L hL T f)
info: lean/PvNP/RealizableHardness/ActualBinaryMatrixHC46PA4TransportChecks.lean:18:0: PvNP.RealizableHardness.BinaryMatrixTypedA15HyperplaneReducedGlobal.typed_hyperplane_oneStep_A15_global {n d k : ℕ}
  {ε : ℝ}
  (A :
    Submodule PvNP.RealizableHardness.BinaryMatrixTypedA15HyperplaneReducedGlobal.F✝
      (PvNP.RealizableHardness.BinaryMatrixTypedA15HyperplaneReducedGlobal.V✝ d))
  (B :
    Submodule PvNP.RealizableHardness.BinaryMatrixTypedA15HyperplaneReducedGlobal.F✝
      (Fin n → PvNP.RealizableHardness.BinaryMatrixTypedA15HyperplaneReducedGlobal.F✝))
  (H : Submodule PvNP.RealizableHardness.BinaryMatrixTypedA15HyperplaneReducedGlobal.F✝ ↥B)
  (hH : Module.finrank PvNP.RealizableHardness.BinaryMatrixTypedA15HyperplaneReducedGlobal.F✝ (↥B ⧸ H) = 1)
  (T :
    PvNP.RealizableHardness.BinaryMatrixTypedA15HyperplaneReducedGlobal.V✝ d ⧸
        A →ₗ[PvNP.RealizableHardness.BinaryMatrixTypedA15HyperplaneReducedGlobal.F✝]
      ↥B)
  (f :
    (PvNP.RealizableHardness.BinaryMatrixTypedA15HyperplaneReducedGlobal.V✝ d ⧸
          A →ₗ[PvNP.RealizableHardness.BinaryMatrixTypedA15HyperplaneReducedGlobal.F✝]
        ↥B) →
      ℂ)
  (hε : 0 ≤ ε) (hf : PvNP.RealizableHardness.BinaryMatrixTypedA15Transport.UpToTypedNormSqGlobal A B (k + 1) ε f) :
  PvNP.RealizableHardness.BinaryMatrixTypedA15HyperplaneReducedGlobal.UpToHyperplaneReducedNormSqGlobal A B H k
    (4 * 2 ^ (4 * (k + 1)) * ε)
    (PvNP.RealizableHardness.BinaryMatrixTypedA15HyperplaneReducedGlobal.typedHyperplaneReducedWitness B H hH T f)
info: lean/PvNP/RealizableHardness/ActualBinaryMatrixHC46PA4TransportChecks.lean:19:0: 'PvNP.RealizableHardness.BinaryMatrixTypedA15ReducedGlobal.typed_line_oneStep_A15_global' depends on axioms: [propext,
 Classical.choice,
 Quot.sound]
info: lean/PvNP/RealizableHardness/ActualBinaryMatrixHC46PA4TransportChecks.lean:20:0: 'PvNP.RealizableHardness.BinaryMatrixTypedA15HyperplaneReducedGlobal.typed_hyperplane_oneStep_A15_global' depends on axioms: [propext,
 Classical.choice,
 Quot.sound]
Build completed successfully (2305 jobs).
