C:\Users\Dan\Desktop\Projects\realizable-cmmsa-hardness\docs\native-receipts\ActualSelectedComplementAnalyticMoment\runtime-prebuild\local-native-123542\src\PvNP\RealizableHardness\ActualBinaryMatrixHC46A17TransposeHybridFilter.lean:192:15: warning: `if_pos` has been deprecated: Use `ite_eq_left` instead
C:\Users\Dan\Desktop\Projects\realizable-cmmsa-hardness\docs\native-receipts\ActualSelectedComplementAnalyticMoment\runtime-prebuild\local-native-123542\src\PvNP\RealizableHardness\ActualBinaryMatrixHC46A17TransposeHybridFilter.lean:194:6: error: Tactic `rewrite` failed: Did not find an occurrence of the pattern
  character (Matrix.transpose Y) (Matrix.transpose M).transpose
in the target expression
  complexFourierCoeff (complexTranspose f) (Matrix.transpose Y) * ↑(character Y (Matrix.transpose M)) =
    if Selected (coordinateDualAnnihilator B) ⊤ (Matrix.toLin' (Matrix.transpose (e Y))) then
      complexFourierCoeff (fun X => f (Matrix.transpose X)) (e Y) * ↑(character (e Y) M)
    else 0

case pos
n d : ℕ
B : Submodule F (V n)
f : BinaryMatrix n d → ℂ
M : BinaryMatrix d n
e : BinaryMatrix n d ≃ BinaryMatrix d n :=
  { toFun := Matrix.transpose, invFun := Matrix.transpose, left_inv := ⋯, right_inv := ⋯ }
Y : BinaryMatrix n d
a✝ : Y ∈ Finset.univ
hY : Selected (coordinateDualAnnihilator B) ⊤ (Matrix.toLin' Y)
⊢ complexFourierCoeff (complexTranspose f) (Matrix.transpose Y) * ↑(character Y (Matrix.transpose M)) =
    if Selected (coordinateDualAnnihilator B) ⊤ (Matrix.toLin' (Matrix.transpose (e Y))) then
      complexFourierCoeff (fun X => f (Matrix.transpose X)) (e Y) * ↑(character (e Y) M)
    else 0
C:\Users\Dan\Desktop\Projects\realizable-cmmsa-hardness\docs\native-receipts\ActualSelectedComplementAnalyticMoment\runtime-prebuild\local-native-123542\src\PvNP\RealizableHardness\ActualBinaryMatrixHC46A17TransposeHybridFilter.lean:195:15: warning: `if_neg` has been deprecated: Use `ite_eq_right` instead
C:\Users\Dan\Desktop\Projects\realizable-cmmsa-hardness\docs\native-receipts\ActualSelectedComplementAnalyticMoment\runtime-prebuild\local-native-123542\src\PvNP\RealizableHardness\ActualBinaryMatrixHC46A17TransposeHybridFilter.lean:195:2: error: unsolved goals
case neg
n d : ℕ
B : Submodule F (V n)
f : BinaryMatrix n d → ℂ
M : BinaryMatrix d n
e : BinaryMatrix n d ≃ BinaryMatrix d n :=
  { toFun := Matrix.transpose, invFun := Matrix.transpose, left_inv := ⋯, right_inv := ⋯ }
Y : BinaryMatrix n d
a✝ : Y ∈ Finset.univ
hY : ¬Selected (coordinateDualAnnihilator B) ⊤ (Matrix.toLin' Y)
⊢ 0 =
    if Selected (coordinateDualAnnihilator B) ⊤ (Matrix.toLin' (Matrix.transpose (e Y))) then
      complexFourierCoeff (fun X => f (Matrix.transpose X)) (e Y) * ↑(character (e Y) M)
    else 0
