⚠ [2203/2304] Replayed PvNP.RealizableHardness.BinaryMatrixFourier
warning: lean/PvNP/RealizableHardness/BinaryMatrixFourier.lean:126:8: `if_pos` has been deprecated: Use `ite_eq_left` instead
warning: lean/PvNP/RealizableHardness/BinaryMatrixFourier.lean:132:8: `if_neg` has been deprecated: Use `ite_eq_right` instead
⚠ [2205/2304] Replayed PvNP.RealizableHardness.BinaryMatrixHybridSelector
warning: lean/PvNP/RealizableHardness/BinaryMatrixHybridSelector.lean:71:8: `if_pos` has been deprecated: Use `ite_eq_left` instead
warning: lean/PvNP/RealizableHardness/BinaryMatrixHybridSelector.lean:90:8: `if_neg` has been deprecated: Use `ite_eq_right` instead
⚠ [2207/2304] Replayed PvNP.RealizableHardness.BinaryMatrixLineTranslation
warning: lean/PvNP/RealizableHardness/BinaryMatrixLineTranslation.lean:243:4: try 'simp' instead of 'simpa'

Note: This linter can be disabled with `set_option linter.unnecessarySimpa false`
warning: lean/PvNP/RealizableHardness/BinaryMatrixLineTranslation.lean:315:8: `if_neg` has been deprecated: Use `ite_eq_right` instead
warning: lean/PvNP/RealizableHardness/BinaryMatrixLineTranslation.lean:407:15: `if_neg` has been deprecated: Use `ite_eq_right` instead
warning: lean/PvNP/RealizableHardness/BinaryMatrixLineTranslation.lean:433:41: This simp argument is unused:
  s

Hint: Omit it from the simp argument list.
  [apply] simp [hs, hr]

Note: This linter can be disabled with `set_option linter.unusedSimpArgs false`
warning: lean/PvNP/RealizableHardness/BinaryMatrixLineTranslation.lean:555:15: `if_neg` has been deprecated: Use `ite_eq_right` instead
warning: lean/PvNP/RealizableHardness/BinaryMatrixLineTranslation.lean:592:57: This simp argument is unused:
  mul_assoc

Hint: Omit it from the simp argument list.
  [apply] simp [hr, hs]

Note: This linter can be disabled with `set_option linter.unusedSimpArgs false`
⚠ [2208/2304] Replayed PvNP.RealizableHardness.BinaryMatrixLineA14
warning: lean/PvNP/RealizableHardness/BinaryMatrixLineA14.lean:88:8: `if_pos` has been deprecated: Use `ite_eq_left` instead
warning: lean/PvNP/RealizableHardness/BinaryMatrixLineA14.lean:97:8: `if_neg` has been deprecated: Use `ite_eq_right` instead
⚠ [2219/2304] Replayed PvNP.RealizableHardness.BinaryMatrixComplexA15
warning: lean/PvNP/RealizableHardness/BinaryMatrixComplexA15.lean:35:4: Unused tactic linter: `change fibreEnergy R.fibre f ≤ ε` does nothing

Note: This linter can be disabled with `set_option linter.unusedTactic false`
warning: lean/PvNP/RealizableHardness/BinaryMatrixComplexA15.lean:46:2: Unused tactic linter: `change fibreEnergy Q.fibre f ≤ ε` does nothing

Note: This linter can be disabled with `set_option linter.unusedTactic false`
warning: lean/PvNP/RealizableHardness/BinaryMatrixComplexA15.lean:184:24: This simp argument is unused:
  zero_add

Hint: Omit it from the simp argument list.
  [apply] simp only [Complex.normSq_apply, Complex.sub_re, Complex.sub_im, Complex.mul_re, Complex.mul_im,
    Complex.ofReal_re, Complex.ofReal_im, zero_mul, sub_zero, mul_zero]

Note: This linter can be disabled with `set_option linter.unusedSimpArgs false`
warning: lean/PvNP/RealizableHardness/BinaryMatrixComplexA15.lean:184:34: This simp argument is unused:
  mul_zero

Hint: Omit it from the simp argument list.
  [apply] simp only [Complex.normSq_apply, Complex.sub_re, Complex.sub_im, Complex.mul_re, Complex.mul_im,
    Complex.ofReal_re, Complex.ofReal_im, zero_mul, sub_zero, zero_add]

Note: This linter can be disabled with `set_option linter.unusedSimpArgs false`
⚠ [2286/2304] Replayed PvNP.RealizableHardness.BinaryMatrixA1TypedFourier
warning: lean/PvNP/RealizableHardness/BinaryMatrixA1TypedFourier.lean:198:8: `if_pos` has been deprecated: Use `ite_eq_left` instead
warning: lean/PvNP/RealizableHardness/BinaryMatrixA1TypedFourier.lean:204:8: `if_neg` has been deprecated: Use `ite_eq_right` instead
warning: lean/PvNP/RealizableHardness/BinaryMatrixA1TypedFourier.lean:236:8: `if_pos` has been deprecated: Use `ite_eq_left` instead
warning: lean/PvNP/RealizableHardness/BinaryMatrixA1TypedFourier.lean:242:8: `if_neg` has been deprecated: Use `ite_eq_right` instead
⚠ [2288/2304] Replayed PvNP.RealizableHardness.BinaryMatrixA1CoefficientTransfer
warning: lean/PvNP/RealizableHardness/BinaryMatrixA1CoefficientTransfer.lean:111:15: `if_pos` has been deprecated: Use `ite_eq_left` instead
⚠ [2289/2304] Replayed PvNP.RealizableHardness.BinaryMatrixA1Composition
warning: lean/PvNP/RealizableHardness/BinaryMatrixA1Composition.lean:40:15: `if_pos` has been deprecated: Use `ite_eq_left` instead
warning: lean/PvNP/RealizableHardness/BinaryMatrixA1Composition.lean:102:5: Variable name `hA` is not explicitly referenced.

Hint: The binding can be removed (if unused) or named `_` (if used implicitly). Alternatively, prefix the name with `_` to silence this warning:
  [apply] _hA

Note: This linter can be disabled with `set_option linter.unusedVariables false`
warning: lean/PvNP/RealizableHardness/BinaryMatrixA1Composition.lean:102:20: Variable name `hB` is not explicitly referenced.

Hint: The binding can be removed (if unused) or named `_` (if used implicitly). Alternatively, prefix the name with `_` to silence this warning:
  [apply] _hB

Note: This linter can be disabled with `set_option linter.unusedVariables false`
warning: lean/PvNP/RealizableHardness/BinaryMatrixA1Composition.lean:172:43: `if_pos` has been deprecated: Use `ite_eq_left` instead
⚠ [2301/2304] Replayed PvNP.RealizableHardness.BinaryMatrixTypedA15HyperplaneGlobal
warning: lean/PvNP/RealizableHardness/BinaryMatrixTypedA15HyperplaneGlobal.lean:48:25: Variable name `hH` is not explicitly referenced.

Hint: The binding can be removed (if unused) or named `_` (if used implicitly). Alternatively, prefix the name with `_` to silence this warning:
  [apply] _hH

Note: This linter can be disabled with `set_option linter.unusedVariables false`
⚠ [2303/2304] Replayed PvNP.RealizableHardness.BinaryMatrixTypedA15HyperplaneReducedGlobal
warning: lean/PvNP/RealizableHardness/BinaryMatrixTypedA15HyperplaneReducedGlobal.lean:54:25: Variable name `hH` is not explicitly referenced.

Hint: The binding can be removed (if unused) or named `_` (if used implicitly). Alternatively, prefix the name with `_` to silence this warning:
  [apply] _hH

Note: This linter can be disabled with `set_option linter.unusedVariables false`
warning: lean/PvNP/RealizableHardness/BinaryMatrixTypedA15HyperplaneReducedGlobal.lean:64:25: Variable name `hH` is not explicitly referenced.

Hint: The binding can be removed (if unused) or named `_` (if used implicitly). Alternatively, prefix the name with `_` to silence this warning:
  [apply] _hH

Note: This linter can be disabled with `set_option linter.unusedVariables false`
warning: lean/PvNP/RealizableHardness/BinaryMatrixTypedA15HyperplaneReducedGlobal.lean:84:25: Variable name `hH` is not explicitly referenced.

Hint: The binding can be removed (if unused) or named `_` (if used implicitly). Alternatively, prefix the name with `_` to silence this warning:
  [apply] _hH

Note: This linter can be disabled with `set_option linter.unusedVariables false`
warning: lean/PvNP/RealizableHardness/BinaryMatrixTypedA15HyperplaneReducedGlobal.lean:98:25: Variable name `hH` is not explicitly referenced.

Hint: The binding can be removed (if unused) or named `_` (if used implicitly). Alternatively, prefix the name with `_` to silence this warning:
  [apply] _hH

Note: This linter can be disabled with `set_option linter.unusedVariables false`
warning: lean/PvNP/RealizableHardness/BinaryMatrixTypedA15HyperplaneReducedGlobal.lean:236:25: Variable name `hH` is not explicitly referenced.

Hint: The binding can be removed (if unused) or named `_` (if used implicitly). Alternatively, prefix the name with `_` to silence this warning:
  [apply] _hH

Note: This linter can be disabled with `set_option linter.unusedVariables false`
✖ [2304/2304] Building PvNP.RealizableHardness.ActualBinaryMatrixHC46PA4Transport (13s)
trace: .> LEAN_PATH=/home/dfredriksen_quantyra_org/cmmsa_analytic_20260930T040837Z/.lake/packages/Cli/.lake/build/lib/lean:/home/dfredriksen_quantyra_org/cmmsa_analytic_20260930T040837Z/.lake/packages/batteries/.lake/build/lib/lean:/home/dfredriksen_quantyra_org/cmmsa_analytic_20260930T040837Z/.lake/packages/Qq/.lake/build/lib/lean:/home/dfredriksen_quantyra_org/cmmsa_analytic_20260930T040837Z/.lake/packages/aesop/.lake/build/lib/lean:/home/dfredriksen_quantyra_org/cmmsa_analytic_20260930T040837Z/.lake/packages/proofwidgets/.lake/build/lib/lean:/home/dfredriksen_quantyra_org/cmmsa_analytic_20260930T040837Z/.lake/packages/importGraph/.lake/build/lib/lean:/home/dfredriksen_quantyra_org/cmmsa_analytic_20260930T040837Z/.lake/packages/LeanSearchClient/.lake/build/lib/lean:/home/dfredriksen_quantyra_org/cmmsa_analytic_20260930T040837Z/.lake/packages/plausible/.lake/build/lib/lean:/home/dfredriksen_quantyra_org/cmmsa_analytic_20260930T040837Z/.lake/packages/complexitylib/.lake/build/lib/lean:/home/dfredriksen_quantyra_org/cmmsa_analytic_20260930T040837Z/.lake/packages/mathlib/.lake/build/lib/lean:/home/dfredriksen_quantyra_org/cmmsa_analytic_20260930T040837Z/.lake/packages/cslib/.lake/build/lib/lean:/home/dfredriksen_quantyra_org/cmmsa_analytic_20260930T040837Z/.lake/build/lib/lean /home/dfredriksen_quantyra_org/.elan/toolchains/leanprover--lean4---v4.34.0-rc2/bin/lean /home/dfredriksen_quantyra_org/cmmsa_analytic_20260930T040837Z/lean/PvNP/RealizableHardness/ActualBinaryMatrixHC46PA4Transport.lean -o /home/dfredriksen_quantyra_org/cmmsa_analytic_20260930T040837Z/.lake/build/lib/lean/PvNP/RealizableHardness/ActualBinaryMatrixHC46PA4Transport.olean -i /home/dfredriksen_quantyra_org/cmmsa_analytic_20260930T040837Z/.lake/build/lib/lean/PvNP/RealizableHardness/ActualBinaryMatrixHC46PA4Transport.ilean -c /home/dfredriksen_quantyra_org/cmmsa_analytic_20260930T040837Z/.lake/build/ir/PvNP/RealizableHardness/ActualBinaryMatrixHC46PA4Transport.c --setup /home/dfredriksen_quantyra_org/cmmsa_analytic_20260930T040837Z/.lake/build/ir/PvNP/RealizableHardness/ActualBinaryMatrixHC46PA4Transport.setup.json --json
error: lean/PvNP/RealizableHardness/ActualBinaryMatrixHC46PA4Transport.lean:29:11: Unknown identifier `typedLineP`
error: lean/PvNP/RealizableHardness/ActualBinaryMatrixHC46PA4Transport.lean:41:18: Unknown identifier `lineMatrixEquiv`
error: lean/PvNP/RealizableHardness/ActualBinaryMatrixHC46PA4Transport.lean:54:8: Unknown identifier `reducedMatrixEquiv`

Note: It is not possible to treat `reducedMatrixEquiv` as an implicitly bound variable here because the `autoImplicit` option is set to `false`.
error: lean/PvNP/RealizableHardness/ActualBinaryMatrixHC46PA4Transport.lean:57:11: Unknown identifier `lineMatrixEquiv`
error: lean/PvNP/RealizableHardness/ActualBinaryMatrixHC46PA4Transport.lean:56:55: unsolved goals
n d k : ℕ
A : Submodule F (V d)
B : Submodule F (Fin n → F)
L : Submodule F (V d ⧸ A)
hL : Module.finrank F ↥L = 1
T : V d ⧸ A →ₗ[F] ↥B
f : (V d ⧸ A →ₗ[F] ↥B) → ℂ
X : BinaryMatrix (Module.finrank F ↥B) (Module.finrank F ((V d ⧸ A) ⧸ L))
⊢ typedLineReducedWitness B L hL T f sorry =
    typedLineCoordinateOutput A B L hL T f (X + typedLineCoordinateShift A B L hL T)
error: lean/PvNP/RealizableHardness/ActualBinaryMatrixHC46PA4Transport.lean:86:7: don't know how to synthesize implicit argument `k`
  @typedLineCoordinateOutput n d (?m.54 A B L hL T f heps) A B L ⋯ T f
context:
n d k : ℕ
eps : ℝ
A : Submodule F (V d)
B : Submodule F (Fin n → F)
L : Submodule F (V d ⧸ A)
hL : Module.finrank F ↥L = 1
T : V d ⧸ A →ₗ[F] ↥B
f : (V d ⧸ A →ₗ[F] ↥B) → ℂ
heps : 0 ≤ eps
⊢ ℕ

Note: All parameter types and holes (e.g., `_`) in the header of a theorem are resolved before the proof is processed; information from the proof cannot be used to infer what these values should be
error: lean/PvNP/RealizableHardness/ActualBinaryMatrixHC46PA4Transport.lean:88:55: unsolved goals
n d k : ℕ
eps : ℝ
A : Submodule F (V d)
B : Submodule F (Fin n → F)
L : Submodule F (V d ⧸ A)
hL : Module.finrank F ↥L = 1
T : V d ⧸ A →ₗ[F] ↥B
f : (V d ⧸ A →ₗ[F] ↥B) → ℂ
heps : 0 ≤ eps
hcoord : UpToActualNormSqGlobal k eps (typedLineCoordinateOutput A B L hL T f)
c : BinaryMatrix (Module.finrank F ↥B) (Module.finrank F ((V d ⧸ A) ⧸ L)) := typedLineCoordinateShift A B L hL T
⊢ UpToReducedNormSqGlobal A B L k eps (typedLineReducedWitness B L hL T f)
error: lean/PvNP/RealizableHardness/ActualBinaryMatrixHC46PA4Transport.lean:113:6: Unknown identifier `hyperplaneMatrixEquiv`
error: lean/PvNP/RealizableHardness/ActualBinaryMatrixHC46PA4Transport.lean:124:2: Unknown identifier `dropLastRow`
error: lean/PvNP/RealizableHardness/ActualBinaryMatrixHC46PA4Transport.lean:134:8: Unknown identifier `hyperplaneReducedMatrixEquiv`

Note: It is not possible to treat `hyperplaneReducedMatrixEquiv` as an implicitly bound variable here because the `autoImplicit` option is set to `false`.
error: lean/PvNP/RealizableHardness/ActualBinaryMatrixHC46PA4Transport.lean:136:61: (deterministic) timeout at `whnf`, maximum number of heartbeats (200000) has been reached

Note: Use `set_option maxHeartbeats <num>` to set the limit.

Hint: Additional diagnostic information may be available using the `set_option diagnostics true` command.
warning: lean/PvNP/RealizableHardness/ActualBinaryMatrixHC46PA4Transport.lean:137:9: declaration uses `sorry`
warning: lean/PvNP/RealizableHardness/ActualBinaryMatrixHC46PA4Transport.lean:137:42: declaration uses `sorry`
error: lean/PvNP/RealizableHardness/ActualBinaryMatrixHC46PA4Transport.lean:148:7: don't know how to synthesize implicit argument `k`
  @typedHyperplaneCoordinateOutput n d (?m.54 A B H hH T f heps) A B H ⋯ T f
context:
n d k : ℕ
eps : ℝ
A : Submodule F (V d)
B : Submodule F (Fin n → F)
H : Submodule F ↥B
hH : Module.finrank F (↥B ⧸ H) = 1
T : V d ⧸ A →ₗ[F] ↥B
f : (V d ⧸ A →ₗ[F] ↥B) → ℂ
heps : 0 ≤ eps
⊢ ℕ

Note: All parameter types and holes (e.g., `_`) in the header of a theorem are resolved before the proof is processed; information from the proof cannot be used to infer what these values should be
error: lean/PvNP/RealizableHardness/ActualBinaryMatrixHC46PA4Transport.lean:150:61: unsolved goals
n d k : ℕ
eps : ℝ
A : Submodule F (V d)
B : Submodule F (Fin n → F)
H : Submodule F ↥B
hH : Module.finrank F (↥B ⧸ H) = 1
T : V d ⧸ A →ₗ[F] ↥B
f : (V d ⧸ A →ₗ[F] ↥B) → ℂ
heps : 0 ≤ eps
hcoord : UpToActualNormSqGlobal k eps (typedHyperplaneCoordinateOutput A B H hH T f)
c : BinaryMatrix (Module.finrank F ↥H) (Module.finrank F (V d ⧸ A)) := typedHyperplaneCoordinateShift A B H hH T
⊢ UpToHyperplaneReducedNormSqGlobal A B H k eps (typedHyperplaneReducedWitness B H hH T f)
Some required targets logged failures:
- PvNP.RealizableHardness.ActualBinaryMatrixHC46PA4Transport
