C:\Users\Dan\Desktop\Projects\realizable-cmmsa-hardness\docs\native-receipts\ActualSelectedComplementAnalyticMoment\runtime-prebuild\local-native-123542\src\PvNP\RealizableHardness\ActualBinaryMatrixHC46A18SourceGlobal.lean:223:7: warning: Variable name `w` is not explicitly referenced.

Hint: The binding can be removed (if unused) or named `_` (if used implicitly). Alternatively, prefix the name with `_` to silence this warning:
  [apply] _w

Note: This linter can be disabled with `set_option linter.unusedVariables false`
C:\Users\Dan\Desktop\Projects\realizable-cmmsa-hardness\docs\native-receipts\ActualSelectedComplementAnalyticMoment\runtime-prebuild\local-native-123542\src\PvNP\RealizableHardness\ActualBinaryMatrixHC46A18SourceGlobal.lean:257:10: warning: This simp argument is unused:
  add_assoc

Hint: Omit it from the simp argument list.
  [apply] simp [sub_eq_add_neg, add_left_comm, add_comm]

Note: This linter can be disabled with `set_option linter.unusedSimpArgs false`
C:\Users\Dan\Desktop\Projects\realizable-cmmsa-hardness\docs\native-receipts\ActualSelectedComplementAnalyticMoment\runtime-prebuild\local-native-123542\src\PvNP\RealizableHardness\ActualBinaryMatrixHC46A18SourceGlobal.lean:310:13: warning: Variable name `w` is not explicitly referenced.

Hint: The binding can be removed (if unused) or named `_` (if used implicitly). Alternatively, prefix the name with `_` to silence this warning:
  [apply] _w

Note: This linter can be disabled with `set_option linter.unusedVariables false`
C:\Users\Dan\Desktop\Projects\realizable-cmmsa-hardness\docs\native-receipts\ActualSelectedComplementAnalyticMoment\runtime-prebuild\local-native-123542\src\PvNP\RealizableHardness\ActualBinaryMatrixHC46A18SourceGlobal.lean:312:25: warning: Variable name `w` is not explicitly referenced.

Hint: The binding can be removed (if unused) or named `_` (if used implicitly). Alternatively, prefix the name with `_` to silence this warning:
  [apply] _w

Note: This linter can be disabled with `set_option linter.unusedVariables false`
C:\Users\Dan\Desktop\Projects\realizable-cmmsa-hardness\docs\native-receipts\ActualSelectedComplementAnalyticMoment\runtime-prebuild\local-native-123542\src\PvNP\RealizableHardness\ActualBinaryMatrixHC46A18SourceGlobal.lean:366:27: warning: Variable name `ha` is not explicitly referenced.

Hint: The binding can be removed (if unused) or named `_` (if used implicitly). Alternatively, prefix the name with `_` to silence this warning:
  [apply] _ha

Note: This linter can be disabled with `set_option linter.unusedVariables false`
C:\Users\Dan\Desktop\Projects\realizable-cmmsa-hardness\docs\native-receipts\ActualSelectedComplementAnalyticMoment\runtime-prebuild\local-native-123542\src\PvNP\RealizableHardness\ActualBinaryMatrixHC46A18SourceGlobal.lean:376:17: warning: Variable name `w` is not explicitly referenced.

Hint: The binding can be removed (if unused) or named `_` (if used implicitly). Alternatively, prefix the name with `_` to silence this warning:
  [apply] _w

Note: This linter can be disabled with `set_option linter.unusedVariables false`
C:\Users\Dan\Desktop\Projects\realizable-cmmsa-hardness\docs\native-receipts\ActualSelectedComplementAnalyticMoment\runtime-prebuild\local-native-123542\src\PvNP\RealizableHardness\ActualBinaryMatrixHC46A18SourceGlobal.lean:382:27: warning: Variable name `w` is not explicitly referenced.

Hint: The binding can be removed (if unused) or named `_` (if used implicitly). Alternatively, prefix the name with `_` to silence this warning:
  [apply] _w

Note: This linter can be disabled with `set_option linter.unusedVariables false`
C:\Users\Dan\Desktop\Projects\realizable-cmmsa-hardness\docs\native-receipts\ActualSelectedComplementAnalyticMoment\runtime-prebuild\local-native-123542\src\PvNP\RealizableHardness\ActualBinaryMatrixHC46A18SourceGlobal.lean:449:27: warning: Variable name `ha` is not explicitly referenced.

Hint: The binding can be removed (if unused) or named `_` (if used implicitly). Alternatively, prefix the name with `_` to silence this warning:
  [apply] _ha

Note: This linter can be disabled with `set_option linter.unusedVariables false`
C:\Users\Dan\Desktop\Projects\realizable-cmmsa-hardness\docs\native-receipts\ActualSelectedComplementAnalyticMoment\runtime-prebuild\local-native-123542\src\PvNP\RealizableHardness\ActualBinaryMatrixHC46A18SourceGlobal.lean:455:27: warning: Variable name `ha` is not explicitly referenced.

Hint: The binding can be removed (if unused) or named `_` (if used implicitly). Alternatively, prefix the name with `_` to silence this warning:
  [apply] _ha

Note: This linter can be disabled with `set_option linter.unusedVariables false`
C:\Users\Dan\Desktop\Projects\realizable-cmmsa-hardness\docs\native-receipts\ActualSelectedComplementAnalyticMoment\runtime-prebuild\local-native-123542\src\PvNP\RealizableHardness\ActualBinaryMatrixHC46A18SourceGlobal.lean:465:29: warning: Variable name `ha` is not explicitly referenced.

Hint: The binding can be removed (if unused) or named `_` (if used implicitly). Alternatively, prefix the name with `_` to silence this warning:
  [apply] _ha

Note: This linter can be disabled with `set_option linter.unusedVariables false`
C:\Users\Dan\Desktop\Projects\realizable-cmmsa-hardness\docs\native-receipts\ActualSelectedComplementAnalyticMoment\runtime-prebuild\local-native-123542\src\PvNP\RealizableHardness\ActualBinaryMatrixHC46A18SourceGlobal.lean:478:27: warning: Variable name `ha` is not explicitly referenced.

Hint: The binding can be removed (if unused) or named `_` (if used implicitly). Alternatively, prefix the name with `_` to silence this warning:
  [apply] _ha

Note: This linter can be disabled with `set_option linter.unusedVariables false`
C:\Users\Dan\Desktop\Projects\realizable-cmmsa-hardness\docs\native-receipts\ActualSelectedComplementAnalyticMoment\runtime-prebuild\local-native-123542\src\PvNP\RealizableHardness\ActualBinaryMatrixHC46A18SourceGlobal.lean:480:13: warning: Variable name `w` is not explicitly referenced.

Hint: The binding can be removed (if unused) or named `_` (if used implicitly). Alternatively, prefix the name with `_` to silence this warning:
  [apply] _w

Note: This linter can be disabled with `set_option linter.unusedVariables false`
C:\Users\Dan\Desktop\Projects\realizable-cmmsa-hardness\docs\native-receipts\ActualSelectedComplementAnalyticMoment\runtime-prebuild\local-native-123542\src\PvNP\RealizableHardness\ActualBinaryMatrixHC46A18SourceGlobal.lean:484:23: warning: Variable name `w` is not explicitly referenced.

Hint: The binding can be removed (if unused) or named `_` (if used implicitly). Alternatively, prefix the name with `_` to silence this warning:
  [apply] _w

Note: This linter can be disabled with `set_option linter.unusedVariables false`
C:\Users\Dan\Desktop\Projects\realizable-cmmsa-hardness\docs\native-receipts\ActualSelectedComplementAnalyticMoment\runtime-prebuild\local-native-123542\src\PvNP\RealizableHardness\ActualBinaryMatrixHC46A18SourceGlobal.lean:541:7: warning: Variable name `w` is not explicitly referenced.

Hint: The binding can be removed (if unused) or named `_` (if used implicitly). Alternatively, prefix the name with `_` to silence this warning:
  [apply] _w

Note: This linter can be disabled with `set_option linter.unusedVariables false`
C:\Users\Dan\Desktop\Projects\realizable-cmmsa-hardness\docs\native-receipts\ActualSelectedComplementAnalyticMoment\runtime-prebuild\local-native-123542\src\PvNP\RealizableHardness\ActualBinaryMatrixHC46A18SourceGlobal.lean:578:27: warning: Variable name `ha` is not explicitly referenced.

Hint: The binding can be removed (if unused) or named `_` (if used implicitly). Alternatively, prefix the name with `_` to silence this warning:
  [apply] _ha

Note: This linter can be disabled with `set_option linter.unusedVariables false`
C:\Users\Dan\Desktop\Projects\realizable-cmmsa-hardness\docs\native-receipts\ActualSelectedComplementAnalyticMoment\runtime-prebuild\local-native-123542\src\PvNP\RealizableHardness\ActualBinaryMatrixHC46A18SourceGlobal.lean:659:27: warning: Variable name `ha` is not explicitly referenced.

Hint: The binding can be removed (if unused) or named `_` (if used implicitly). Alternatively, prefix the name with `_` to silence this warning:
  [apply] _ha

Note: This linter can be disabled with `set_option linter.unusedVariables false`
C:\Users\Dan\Desktop\Projects\realizable-cmmsa-hardness\docs\native-receipts\ActualSelectedComplementAnalyticMoment\runtime-prebuild\local-native-123542\src\PvNP\RealizableHardness\ActualBinaryMatrixHC46A18SourceGlobal.lean:745:13: warning: Variable name `w` is not explicitly referenced.

Hint: The binding can be removed (if unused) or named `_` (if used implicitly). Alternatively, prefix the name with `_` to silence this warning:
  [apply] _w

Note: This linter can be disabled with `set_option linter.unusedVariables false`
C:\Users\Dan\Desktop\Projects\realizable-cmmsa-hardness\docs\native-receipts\ActualSelectedComplementAnalyticMoment\runtime-prebuild\local-native-123542\src\PvNP\RealizableHardness\ActualBinaryMatrixHC46A18SourceGlobal.lean:749:23: warning: Variable name `w` is not explicitly referenced.

Hint: The binding can be removed (if unused) or named `_` (if used implicitly). Alternatively, prefix the name with `_` to silence this warning:
  [apply] _w

Note: This linter can be disabled with `set_option linter.unusedVariables false`
C:\Users\Dan\Desktop\Projects\realizable-cmmsa-hardness\docs\native-receipts\ActualSelectedComplementAnalyticMoment\runtime-prebuild\local-native-123542\src\PvNP\RealizableHardness\ActualBinaryMatrixHC46A18SourceGlobal.lean:846:8: error: Type mismatch
  outsideMap_subtype_mean_eq_filter p fun N => Complex.normSq (f ↑(e.symm N))
has type
  (∑
        x ∈
          @Finset.univ { x // p x }
            (@Subtype.fintype (X' →ₗ[ZMod 2] ↥B') p (fun a => Classical.propDecidable (p a)) linearMapFintype),
        Complex.normSq (f ↑(e.symm ↑x))) /
      ↑(Fintype.card { x // p x }) =
    (∑ x with p x, Complex.normSq (f ↑(e.symm x))) / ↑(Finset.filter p Finset.univ).card
but is expected to have type
  (∑
        N ∈
          @Finset.univ { N // p N }
            (@Subtype.fintype (X' →ₗ[ZMod 2] ↥B') p (fun a => instDecidableNot) linearMapFintype),
        Complex.normSq (f ↑(e.symm ↑N))) /
      ↑(Fintype.card { N // p N }) =
    (∑ N with p N, Complex.normSq (f ↑(e.symm N))) / ↑(Finset.filter p Finset.univ).card
C:\Users\Dan\Desktop\Projects\realizable-cmmsa-hardness\docs\native-receipts\ActualSelectedComplementAnalyticMoment\runtime-prebuild\local-native-123542\src\PvNP\RealizableHardness\ActualBinaryMatrixHC46A18SourceGlobal.lean:876:18: warning: Variable name `w` is not explicitly referenced.

Hint: The binding can be removed (if unused) or named `_` (if used implicitly). Alternatively, prefix the name with `_` to silence this warning:
  [apply] _w

Note: This linter can be disabled with `set_option linter.unusedVariables false`
C:\Users\Dan\Desktop\Projects\realizable-cmmsa-hardness\docs\native-receipts\ActualSelectedComplementAnalyticMoment\runtime-prebuild\local-native-123542\src\PvNP\RealizableHardness\ActualBinaryMatrixHC46A18SourceGlobal.lean:877:20: warning: Variable name `w` is not explicitly referenced.

Hint: The binding can be removed (if unused) or named `_` (if used implicitly). Alternatively, prefix the name with `_` to silence this warning:
  [apply] _w

Note: This linter can be disabled with `set_option linter.unusedVariables false`
C:\Users\Dan\Desktop\Projects\realizable-cmmsa-hardness\docs\native-receipts\ActualSelectedComplementAnalyticMoment\runtime-prebuild\local-native-123542\src\PvNP\RealizableHardness\ActualBinaryMatrixHC46A18SourceGlobal.lean:879:24: warning: Variable name `w` is not explicitly referenced.

Hint: The binding can be removed (if unused) or named `_` (if used implicitly). Alternatively, prefix the name with `_` to silence this warning:
  [apply] _w

Note: This linter can be disabled with `set_option linter.unusedVariables false`
C:\Users\Dan\Desktop\Projects\realizable-cmmsa-hardness\docs\native-receipts\ActualSelectedComplementAnalyticMoment\runtime-prebuild\local-native-123542\src\PvNP\RealizableHardness\ActualBinaryMatrixHC46A18SourceGlobal.lean:880:25: warning: Variable name `w` is not explicitly referenced.

Hint: The binding can be removed (if unused) or named `_` (if used implicitly). Alternatively, prefix the name with `_` to silence this warning:
  [apply] _w

Note: This linter can be disabled with `set_option linter.unusedVariables false`
C:\Users\Dan\Desktop\Projects\realizable-cmmsa-hardness\docs\native-receipts\ActualSelectedComplementAnalyticMoment\runtime-prebuild\local-native-123542\src\PvNP\RealizableHardness\ActualBinaryMatrixHC46A18SourceGlobal.lean:881:26: warning: Variable name `w` is not explicitly referenced.

Hint: The binding can be removed (if unused) or named `_` (if used implicitly). Alternatively, prefix the name with `_` to silence this warning:
  [apply] _w

Note: This linter can be disabled with `set_option linter.unusedVariables false`
C:\Users\Dan\Desktop\Projects\realizable-cmmsa-hardness\docs\native-receipts\ActualSelectedComplementAnalyticMoment\runtime-prebuild\local-native-123542\src\PvNP\RealizableHardness\ActualBinaryMatrixHC46A18SourceGlobal.lean:882:25: warning: Variable name `w` is not explicitly referenced.

Hint: The binding can be removed (if unused) or named `_` (if used implicitly). Alternatively, prefix the name with `_` to silence this warning:
  [apply] _w

Note: This linter can be disabled with `set_option linter.unusedVariables false`
C:\Users\Dan\Desktop\Projects\realizable-cmmsa-hardness\docs\native-receipts\ActualSelectedComplementAnalyticMoment\runtime-prebuild\local-native-123542\src\PvNP\RealizableHardness\ActualBinaryMatrixHC46A18SourceGlobal.lean:883:18: warning: Variable name `w` is not explicitly referenced.

Hint: The binding can be removed (if unused) or named `_` (if used implicitly). Alternatively, prefix the name with `_` to silence this warning:
  [apply] _w

Note: This linter can be disabled with `set_option linter.unusedVariables false`
C:\Users\Dan\Desktop\Projects\realizable-cmmsa-hardness\docs\native-receipts\ActualSelectedComplementAnalyticMoment\runtime-prebuild\local-native-123542\src\PvNP\RealizableHardness\ActualBinaryMatrixHC46A18SourceGlobal.lean:883:31: warning: Variable name `w` is not explicitly referenced.

Hint: The binding can be removed (if unused) or named `_` (if used implicitly). Alternatively, prefix the name with `_` to silence this warning:
  [apply] _w

Note: This linter can be disabled with `set_option linter.unusedVariables false`
C:\Users\Dan\Desktop\Projects\realizable-cmmsa-hardness\docs\native-receipts\ActualSelectedComplementAnalyticMoment\runtime-prebuild\local-native-123542\src\PvNP\RealizableHardness\ActualBinaryMatrixHC46A18SourceGlobal.lean:885:28: warning: Variable name `w` is not explicitly referenced.

Hint: The binding can be removed (if unused) or named `_` (if used implicitly). Alternatively, prefix the name with `_` to silence this warning:
  [apply] _w

Note: This linter can be disabled with `set_option linter.unusedVariables false`
C:\Users\Dan\Desktop\Projects\realizable-cmmsa-hardness\docs\native-receipts\ActualSelectedComplementAnalyticMoment\runtime-prebuild\local-native-123542\src\PvNP\RealizableHardness\ActualBinaryMatrixHC46A18SourceGlobal.lean:886:11: warning: Variable name `w` is not explicitly referenced.

Hint: The binding can be removed (if unused) or named `_` (if used implicitly). Alternatively, prefix the name with `_` to silence this warning:
  [apply] _w

Note: This linter can be disabled with `set_option linter.unusedVariables false`
C:\Users\Dan\Desktop\Projects\realizable-cmmsa-hardness\docs\native-receipts\ActualSelectedComplementAnalyticMoment\runtime-prebuild\local-native-123542\src\PvNP\RealizableHardness\ActualBinaryMatrixHC46A18SourceGlobal.lean:1030:17: error: typeclass instance problem is stuck
  Fintype ?m.724

Note: Lean will not try to resolve this typeclass instance problem because the type argument to `Fintype` is a metavariable. This argument must be fully determined before Lean will try to resolve the typeclass.

Hint: Adding type annotations and supplying implicit arguments to functions can give Lean more information for typeclass resolution. For example, if you have a variable `x` that you intend to be a `Nat`, but Lean reports it as having an unresolved type like `?m`, replacing `x` with `(x : Nat)` can get typeclass resolution un-stuck.
C:\Users\Dan\Desktop\Projects\realizable-cmmsa-hardness\docs\native-receipts\ActualSelectedComplementAnalyticMoment\runtime-prebuild\local-native-123542\src\PvNP\RealizableHardness\ActualBinaryMatrixHC46A18SourceGlobal.lean:1185:4: warning: This simp argument is unused:
  Matrix.toLin'_toMatrix'

Hint: Omit it from the simp argument list.
  [apply] simp [actualFibreQuotientHomEquiv, actualFibreLinearEquiv, quotientHomEquiv, ConstrainedMap,
    LinearMap.toMatrix'_toLin']

Note: This linter can be disabled with `set_option linter.unusedSimpArgs false`
C:\Users\Dan\Desktop\Projects\realizable-cmmsa-hardness\docs\native-receipts\ActualSelectedComplementAnalyticMoment\runtime-prebuild\local-native-123542\src\PvNP\RealizableHardness\ActualBinaryMatrixHC46A18SourceGlobal.lean:1207:25: warning: Variable name `hv` is not explicitly referenced.

Hint: The binding can be removed (if unused) or named `_` (if used implicitly). Alternatively, prefix the name with `_` to silence this warning:
  [apply] _hv

Note: This linter can be disabled with `set_option linter.unusedVariables false`
C:\Users\Dan\Desktop\Projects\realizable-cmmsa-hardness\docs\native-receipts\ActualSelectedComplementAnalyticMoment\runtime-prebuild\local-native-123542\src\PvNP\RealizableHardness\ActualBinaryMatrixHC46A18SourceGlobal.lean:1220:27: warning: Variable name `ha` is not explicitly referenced.

Hint: The binding can be removed (if unused) or named `_` (if used implicitly). Alternatively, prefix the name with `_` to silence this warning:
  [apply] _ha

Note: This linter can be disabled with `set_option linter.unusedVariables false`
C:\Users\Dan\Desktop\Projects\realizable-cmmsa-hardness\docs\native-receipts\ActualSelectedComplementAnalyticMoment\runtime-prebuild\local-native-123542\src\PvNP\RealizableHardness\ActualBinaryMatrixHC46A18SourceGlobal.lean:1279:27: warning: Variable name `ha` is not explicitly referenced.

Hint: The binding can be removed (if unused) or named `_` (if used implicitly). Alternatively, prefix the name with `_` to silence this warning:
  [apply] _ha

Note: This linter can be disabled with `set_option linter.unusedVariables false`
C:\Users\Dan\Desktop\Projects\realizable-cmmsa-hardness\docs\native-receipts\ActualSelectedComplementAnalyticMoment\runtime-prebuild\local-native-123542\src\PvNP\RealizableHardness\ActualBinaryMatrixHC46A18SourceGlobal.lean:1393:23: warning: This simp argument is unused:
  map_smul

Hint: Omit it from the simp argument list.
  [apply] simp [map_add, ha1, hbq]

Note: This linter can be disabled with `set_option linter.unusedSimpArgs false`
C:\Users\Dan\Desktop\Projects\realizable-cmmsa-hardness\docs\native-receipts\ActualSelectedComplementAnalyticMoment\runtime-prebuild\local-native-123542\src\PvNP\RealizableHardness\ActualBinaryMatrixHC46A18SourceGlobal.lean:1406:7: warning: Variable name `w` is not explicitly referenced.

Hint: The binding can be removed (if unused) or named `_` (if used implicitly). Alternatively, prefix the name with `_` to silence this warning:
  [apply] _w

Note: This linter can be disabled with `set_option linter.unusedVariables false`
C:\Users\Dan\Desktop\Projects\realizable-cmmsa-hardness\docs\native-receipts\ActualSelectedComplementAnalyticMoment\runtime-prebuild\local-native-123542\src\PvNP\RealizableHardness\ActualBinaryMatrixHC46A18SourceGlobal.lean:1407:9: warning: Variable name `u` is not explicitly referenced.

Hint: The binding can be removed (if unused) or named `_` (if used implicitly). Alternatively, prefix the name with `_` to silence this warning:
  [apply] _u

Note: This linter can be disabled with `set_option linter.unusedVariables false`
C:\Users\Dan\Desktop\Projects\realizable-cmmsa-hardness\docs\native-receipts\ActualSelectedComplementAnalyticMoment\runtime-prebuild\local-native-123542\src\PvNP\RealizableHardness\ActualBinaryMatrixHC46A18SourceGlobal.lean:1490:56: error: unsolved goals
n d s : ℕ
η : ℝ
f : BinaryMatrix n d → ℂ
hf : UpToActualNormSqGlobal s η f
Q : ActualAffineRestriction n d
hQ : Q.order ≤ s + 1
phi : ↥Q.domainFixed →ₗ[ZMod 2] ZMod 2
v : ↥Q.domainFixed
hv : phi v = 1
B' : Submodule (ZMod 2) (Fin n → ZMod 2)
hB : Q.codomainVariation ≤ B'
hdim : Module.finrank (ZMod 2) ↥B' = Module.finrank (ZMod 2) ↥Q.codomainVariation + 1
hsource : ∃ s phi₀,
  have q := Submodule.factor ⋯;
  q ∘ₗ s = LinearMap.id ∧
    q ((functionalKernelInAmbient Q.domainFixed phi).mkQ ↑v) = 0 ∧
      phi₀ ∘ₗ s = 0 ∧
        phi₀ ((functionalKernelInAmbient Q.domainFixed phi).mkQ ↑v) = 1 ∧
          ∀ (x : (Fin d → ZMod 2) ⧸ functionalKernelInAmbient Q.domainFixed phi),
            x = s (q x) + phi₀ x • (functionalKernelInAmbient Q.domainFixed phi).mkQ ↑v :=
  quotientSectionCoordinates_of_restricted_functional Q.domainFixed phi v hv
sCoord : (Fin d → ZMod 2) ⧸ Q.domainFixed →ₗ[ZMod 2] (Fin d → ZMod 2) ⧸ functionalKernelInAmbient Q.domainFixed phi :=
  Classical.choose hsource
hphiSource : ∃ phi₀,
  have q := Submodule.factor ⋯;
  q ∘ₗ Classical.choose hsource = LinearMap.id ∧
    q ((functionalKernelInAmbient Q.domainFixed phi).mkQ ↑v) = 0 ∧
      phi₀ ∘ₗ Classical.choose hsource = 0 ∧
        phi₀ ((functionalKernelInAmbient Q.domainFixed phi).mkQ ↑v) = 1 ∧
          ∀ (x : (Fin d → ZMod 2) ⧸ functionalKernelInAmbient Q.domainFixed phi),
            x = (Classical.choose hsource) (q x) + phi₀ x • (functionalKernelInAmbient Q.domainFixed phi).mkQ ↑v :=
  Classical.choose_spec hsource
phi₀ : (Fin d → ZMod 2) ⧸ functionalKernelInAmbient Q.domainFixed phi →ₗ[ZMod 2] ZMod 2 := Classical.choose hphiSource
A' : Submodule (ZMod 2) (Fin d → ZMod 2) := functionalKernelInAmbient Q.domainFixed phi
X : Type := (Fin d → ZMod 2) ⧸ Q.domainFixed
X' : Type := (Fin d → ZMod 2) ⧸ A'
q : X' →ₗ[ZMod 2] X := Submodule.factor ⋯
C : Type := (X →ₗ[ZMod 2] ↥Q.codomainVariation) × (X →ₗ[ZMod 2] ZMod 2)
Outside : Type := { w // ↑w ∉ Q.codomainVariation }
Q' : ActualAffineRestriction n d := { domainFixed := A', codomainVariation := B', base := Q.base }
hqs' : Submodule.factor ⋯ ∘ₗ Classical.choose ⋯ = LinearMap.id
hqv' : (Submodule.factor ⋯) ((functionalKernelInAmbient Q.domainFixed phi).mkQ ↑v) = 0
hphiS' : Classical.choose ⋯ ∘ₗ Classical.choose ⋯ = 0
hphiV' : (Classical.choose ⋯) ((functionalKernelInAmbient Q.domainFixed phi).mkQ ↑v) = 1
hdecomp' :
  ∀ (x : (Fin d → ZMod 2) ⧸ functionalKernelInAmbient Q.domainFixed phi),
    x =
      (Classical.choose ⋯) ((Submodule.factor ⋯) x) +
        (Classical.choose ⋯) x • (functionalKernelInAmbient Q.domainFixed phi).mkQ ↑v
hmatrix :
  ∀ (B' : Submodule (ZMod 2) (Fin n → ZMod 2)) (hB : Q.codomainVariation ≤ B')
    (hdim : Module.finrank (ZMod 2) ↥B' = Module.finrank (ZMod 2) ↥Q.codomainVariation + 1)
    (w : { w // ↑w ∉ Q.codomainVariation }) (R : (Fin d → ZMod 2) ⧸ Q.domainFixed →ₗ[ZMod 2] ↥Q.codomainVariation)
    (lambda : (Fin d → ZMod 2) ⧸ Q.domainFixed →ₗ[ZMod 2] ZMod 2),
    B'.subtype ∘ₗ
        ↑((actual_expanded_source_coordinates_equiv Q.domainFixed phi v hv Q.codomainVariation B' hB hdim)
            ⟨w, (R, lambda)⟩) =
      quotientSampleOutput Q.codomainVariation (Submodule.factor ⋯) (Classical.choose ⋯) R lambda ↑↑w
hbound :
  let A' := functionalKernelInAmbient Q.domainFixed phi;
  let X := (Fin d → ZMod 2) ⧸ Q.domainFixed;
  (∑ p,
        Complex.normSq
          (f
            ↑((actualFibreQuotientHomEquiv { domainFixed := A', codomainVariation := B', base := Q.base }).symm
                ↑((actual_expanded_source_coordinates_equiv Q.domainFixed phi v hv Q.codomainVariation B' hB hdim)
                    p)))) /
      ↑(Fintype.card
          ((_ : { w // ↑w ∉ Q.codomainVariation }) × (X →ₗ[ZMod 2] ↥Q.codomainVariation) × (X →ₗ[ZMod 2] ZMod 2))) ≤
    2 * η
p : (_ : Outside) × C
hp : p ∈ Finset.univ
hpoint :
  B'.subtype ∘ₗ
      ↑((actual_expanded_source_coordinates_equiv Q.domainFixed phi v hv Q.codomainVariation B' hB hdim)
          ⟨p.fst, (p.snd.1, p.snd.2)⟩) =
    quotientSampleOutput Q.codomainVariation (Submodule.factor ⋯) (Classical.choose ⋯) p.snd.1 p.snd.2 ↑↑p.fst
hmat :
  ↑((actualFibreQuotientHomEquiv Q').symm
        ↑((actual_expanded_source_coordinates_equiv Q.domainFixed phi v hv Q.codomainVariation B' hB hdim) p)) =
    LinearMap.toMatrix'
      (Matrix.toLin' Q'.base +
        Q'.codomainVariation.subtype ∘ₗ
          ↑((actual_expanded_source_coordinates_equiv Q.domainFixed phi v hv Q.codomainVariation B' hB hdim) p) ∘ₗ
            Q'.domainFixed.mkQ)
hcomp :
  (B'.subtype ∘ₗ
        ↑((actual_expanded_source_coordinates_equiv Q.domainFixed phi v hv Q.codomainVariation B' hB hdim)
            ⟨p.fst, (p.snd.1, p.snd.2)⟩)) ∘ₗ
      A'.mkQ =
    quotientSampleOutput Q.codomainVariation (Submodule.factor ⋯) (Classical.choose ⋯) p.snd.1 p.snd.2 ↑↑p.fst ∘ₗ A'.mkQ
⊢ LinearMap.toMatrix'
      (Matrix.toLin' Q.base + quotientSampleOutput Q.codomainVariation q phi₀ p.snd.1 p.snd.2 ↑↑p.fst ∘ₗ A'.mkQ) =
    LinearMap.toMatrix'
      (Matrix.toLin' Q'.base +
        Q'.codomainVariation.subtype ∘ₗ
          ↑((actual_expanded_source_coordinates_equiv Q.domainFixed phi v hv Q.codomainVariation B' hB hdim) p) ∘ₗ
            Q'.domainFixed.mkQ)
C:\Users\Dan\Desktop\Projects\realizable-cmmsa-hardness\docs\native-receipts\ActualSelectedComplementAnalyticMoment\runtime-prebuild\local-native-123542\src\PvNP\RealizableHardness\ActualBinaryMatrixHC46A18SourceGlobal.lean:1455:55: error: unsolved goals
n d s : ℕ
η : ℝ
f : BinaryMatrix n d → ℂ
hf : UpToActualNormSqGlobal s η f
Q : ActualAffineRestriction n d
hQ : Q.order ≤ s + 1
phi : ↥Q.domainFixed →ₗ[ZMod 2] ZMod 2
v : ↥Q.domainFixed
hv : phi v = 1
B' : Submodule (ZMod 2) (Fin n → ZMod 2)
hB : Q.codomainVariation ≤ B'
hdim : Module.finrank (ZMod 2) ↥B' = Module.finrank (ZMod 2) ↥Q.codomainVariation + 1
hsource : ∃ s phi₀,
  have q := Submodule.factor ⋯;
  q ∘ₗ s = LinearMap.id ∧
    q ((functionalKernelInAmbient Q.domainFixed phi).mkQ ↑v) = 0 ∧
      phi₀ ∘ₗ s = 0 ∧
        phi₀ ((functionalKernelInAmbient Q.domainFixed phi).mkQ ↑v) = 1 ∧
          ∀ (x : (Fin d → ZMod 2) ⧸ functionalKernelInAmbient Q.domainFixed phi),
            x = s (q x) + phi₀ x • (functionalKernelInAmbient Q.domainFixed phi).mkQ ↑v :=
  quotientSectionCoordinates_of_restricted_functional Q.domainFixed phi v hv
sCoord : (Fin d → ZMod 2) ⧸ Q.domainFixed →ₗ[ZMod 2] (Fin d → ZMod 2) ⧸ functionalKernelInAmbient Q.domainFixed phi :=
  Classical.choose hsource
hphiSource : ∃ phi₀,
  have q := Submodule.factor ⋯;
  q ∘ₗ Classical.choose hsource = LinearMap.id ∧
    q ((functionalKernelInAmbient Q.domainFixed phi).mkQ ↑v) = 0 ∧
      phi₀ ∘ₗ Classical.choose hsource = 0 ∧
        phi₀ ((functionalKernelInAmbient Q.domainFixed phi).mkQ ↑v) = 1 ∧
          ∀ (x : (Fin d → ZMod 2) ⧸ functionalKernelInAmbient Q.domainFixed phi),
            x = (Classical.choose hsource) (q x) + phi₀ x • (functionalKernelInAmbient Q.domainFixed phi).mkQ ↑v :=
  Classical.choose_spec hsource
phi₀ : (Fin d → ZMod 2) ⧸ functionalKernelInAmbient Q.domainFixed phi →ₗ[ZMod 2] ZMod 2 := Classical.choose hphiSource
A' : Submodule (ZMod 2) (Fin d → ZMod 2) := functionalKernelInAmbient Q.domainFixed phi
X : Type := (Fin d → ZMod 2) ⧸ Q.domainFixed
X' : Type := (Fin d → ZMod 2) ⧸ A'
q : X' →ₗ[ZMod 2] X := Submodule.factor ⋯
C : Type := (X →ₗ[ZMod 2] ↥Q.codomainVariation) × (X →ₗ[ZMod 2] ZMod 2)
Outside : Type := { w // ↑w ∉ Q.codomainVariation }
Q' : ActualAffineRestriction n d := { domainFixed := A', codomainVariation := B', base := Q.base }
hqs' : Submodule.factor ⋯ ∘ₗ Classical.choose ⋯ = LinearMap.id
hqv' : (Submodule.factor ⋯) ((functionalKernelInAmbient Q.domainFixed phi).mkQ ↑v) = 0
hphiS' : Classical.choose ⋯ ∘ₗ Classical.choose ⋯ = 0
hphiV' : (Classical.choose ⋯) ((functionalKernelInAmbient Q.domainFixed phi).mkQ ↑v) = 1
hdecomp' :
  ∀ (x : (Fin d → ZMod 2) ⧸ functionalKernelInAmbient Q.domainFixed phi),
    x =
      (Classical.choose ⋯) ((Submodule.factor ⋯) x) +
        (Classical.choose ⋯) x • (functionalKernelInAmbient Q.domainFixed phi).mkQ ↑v
hmatrix :
  ∀ (B' : Submodule (ZMod 2) (Fin n → ZMod 2)) (hB : Q.codomainVariation ≤ B')
    (hdim : Module.finrank (ZMod 2) ↥B' = Module.finrank (ZMod 2) ↥Q.codomainVariation + 1)
    (w : { w // ↑w ∉ Q.codomainVariation }) (R : (Fin d → ZMod 2) ⧸ Q.domainFixed →ₗ[ZMod 2] ↥Q.codomainVariation)
    (lambda : (Fin d → ZMod 2) ⧸ Q.domainFixed →ₗ[ZMod 2] ZMod 2),
    B'.subtype ∘ₗ
        ↑((actual_expanded_source_coordinates_equiv Q.domainFixed phi v hv Q.codomainVariation B' hB hdim)
            ⟨w, (R, lambda)⟩) =
      quotientSampleOutput Q.codomainVariation (Submodule.factor ⋯) (Classical.choose ⋯) R lambda ↑↑w
hbound :
  let A' := functionalKernelInAmbient Q.domainFixed phi;
  let X := (Fin d → ZMod 2) ⧸ Q.domainFixed;
  (∑ p,
        Complex.normSq
          (f
            ↑((actualFibreQuotientHomEquiv { domainFixed := A', codomainVariation := B', base := Q.base }).symm
                ↑((actual_expanded_source_coordinates_equiv Q.domainFixed phi v hv Q.codomainVariation B' hB hdim)
                    p)))) /
      ↑(Fintype.card
          ((_ : { w // ↑w ∉ Q.codomainVariation }) × (X →ₗ[ZMod 2] ↥Q.codomainVariation) × (X →ₗ[ZMod 2] ZMod 2))) ≤
    2 * η
hsum :
  ∑ p,
      Complex.normSq
        (f
          (LinearMap.toMatrix'
            (Matrix.toLin' Q.base +
              quotientSampleOutput Q.codomainVariation q phi₀ p.snd.1 p.snd.2 ↑↑p.fst ∘ₗ A'.mkQ))) =
    ∑ p,
      Complex.normSq
        (f
          ↑((actualFibreQuotientHomEquiv Q').symm
              ↑((actual_expanded_source_coordinates_equiv Q.domainFixed phi v hv Q.codomainVariation B' hB hdim) p)))
⊢ let hsource := ⋯;
  let sCoord := Classical.choose hsource;
  let hphiSource := ⋯;
  let phi₀ := Classical.choose hphiSource;
  let A' := functionalKernelInAmbient Q.domainFixed phi;
  let X := (Fin d → ZMod 2) ⧸ Q.domainFixed;
  let q := Submodule.factor ⋯;
  let C := (X →ₗ[ZMod 2] ↥Q.codomainVariation) × (X →ₗ[ZMod 2] ZMod 2);
  let Outside := { w // ↑w ∉ Q.codomainVariation };
  (∑ p,
        Complex.normSq
          (f
            (LinearMap.toMatrix'
              (Matrix.toLin' Q.base +
                quotientSampleOutput Q.codomainVariation q phi₀ p.snd.1 p.snd.2 ↑↑p.fst ∘ₗ A'.mkQ)))) /
      ↑(Fintype.card ((_ : Outside) × C)) ≤
    2 * η
C:\Users\Dan\Desktop\Projects\realizable-cmmsa-hardness\docs\native-receipts\ActualSelectedComplementAnalyticMoment\runtime-prebuild\local-native-123542\src\PvNP\RealizableHardness\ActualBinaryMatrixHC46A18SourceGlobal.lean:1500:6: error: unexpected identifier; expected command
C:\Users\Dan\Desktop\Projects\realizable-cmmsa-hardness\docs\native-receipts\ActualSelectedComplementAnalyticMoment\runtime-prebuild\local-native-123542\src\PvNP\RealizableHardness\ActualBinaryMatrixHC46A18SourceGlobal.lean:1578:8: error: Type mismatch: Hypothesis `q` has type
  ∃ s phi₀,
    have q := Submodule.factor ⋯;
    q ∘ₗ s = LinearMap.id ∧
      q ((functionalKernelInAmbient Q.domainFixed phi).mkQ ↑v) = 0 ∧
        phi₀ ∘ₗ s = 0 ∧
          phi₀ ((functionalKernelInAmbient Q.domainFixed phi).mkQ ↑v) = 1 ∧
            ∀ (x : (Fin d → ZMod 2) ⧸ functionalKernelInAmbient Q.domainFixed phi),
              x = s (q x) + phi₀ x • (functionalKernelInAmbient Q.domainFixed phi).mkQ ↑v
of sort `Prop` but is expected to have type
  (Fin n → ZMod 2) ⧸ Q.codomainVariation
of sort `Type` due to the provided type annotation
C:\Users\Dan\Desktop\Projects\realizable-cmmsa-hardness\docs\native-receipts\ActualSelectedComplementAnalyticMoment\runtime-prebuild\local-native-123542\src\PvNP\RealizableHardness\ActualBinaryMatrixHC46A18SourceGlobal.lean:1671:9: error: unexpected token 'Σ'; expected command
C:\Users\Dan\Desktop\Projects\realizable-cmmsa-hardness\docs\native-receipts\ActualSelectedComplementAnalyticMoment\runtime-prebuild\local-native-123542\src\PvNP\RealizableHardness\ActualBinaryMatrixHC46A18SourceGlobal.lean:1697:8: warning: Variable name `sCoord` is not explicitly referenced.

Hint: The binding can be removed (if unused) or named `_` (if used implicitly). Alternatively, prefix the name with `_` to silence this warning:
  [apply] _sCoord

Note: This linter can be disabled with `set_option linter.unusedVariables false`
C:\Users\Dan\Desktop\Projects\realizable-cmmsa-hardness\docs\native-receipts\ActualSelectedComplementAnalyticMoment\runtime-prebuild\local-native-123542\src\PvNP\RealizableHardness\ActualBinaryMatrixHC46A18SourceGlobal.lean:1705:27: warning: Variable name `ha` is not explicitly referenced.

Hint: The binding can be removed (if unused) or named `_` (if used implicitly). Alternatively, prefix the name with `_` to silence this warning:
  [apply] _ha

Note: This linter can be disabled with `set_option linter.unusedVariables false`
C:\Users\Dan\Desktop\Projects\realizable-cmmsa-hardness\docs\native-receipts\ActualSelectedComplementAnalyticMoment\runtime-prebuild\local-native-123542\src\PvNP\RealizableHardness\ActualBinaryMatrixHC46A18SourceGlobal.lean:1783:30: warning: This simp argument is unused:
  phiExt

Hint: Omit it from the simp argument list.
  [apply] simp [quotientSampleOutput, LinearMap.comp_apply, hfactor]

Note: This linter can be disabled with `set_option linter.unusedSimpArgs false`
C:\Users\Dan\Desktop\Projects\realizable-cmmsa-hardness\docs\native-receipts\ActualSelectedComplementAnalyticMoment\runtime-prebuild\local-native-123542\src\PvNP\RealizableHardness\ActualBinaryMatrixHC46A18SourceGlobal.lean:1783:60: warning: This simp argument is unused:
  hfactor

Hint: Omit it from the simp argument list.
  [apply] simp [quotientSampleOutput, phiExt, LinearMap.comp_apply]

Note: This linter can be disabled with `set_option linter.unusedSimpArgs false`
C:\Users\Dan\Desktop\Projects\realizable-cmmsa-hardness\docs\native-receipts\ActualSelectedComplementAnalyticMoment\runtime-prebuild\local-native-123542\src\PvNP\RealizableHardness\ActualBinaryMatrixHC46A18SourceGlobal.lean:1829:6: error: No goals to be solved
C:\Users\Dan\Desktop\Projects\realizable-cmmsa-hardness\docs\native-receipts\ActualSelectedComplementAnalyticMoment\runtime-prebuild\local-native-123542\src\PvNP\RealizableHardness\ActualBinaryMatrixHC46A18SourceGlobal.lean:1847:27: warning: Variable name `ha` is not explicitly referenced.

Hint: The binding can be removed (if unused) or named `_` (if used implicitly). Alternatively, prefix the name with `_` to silence this warning:
  [apply] _ha

Note: This linter can be disabled with `set_option linter.unusedVariables false`
C:\Users\Dan\Desktop\Projects\realizable-cmmsa-hardness\docs\native-receipts\ActualSelectedComplementAnalyticMoment\runtime-prebuild\local-native-123542\src\PvNP\RealizableHardness\ActualBinaryMatrixHC46A18SourceGlobal.lean:2037:4: warning: try 'simp' instead of 'simpa'

Note: This linter can be disabled with `set_option linter.unnecessarySimpa false`
C:\Users\Dan\Desktop\Projects\realizable-cmmsa-hardness\docs\native-receipts\ActualSelectedComplementAnalyticMoment\runtime-prebuild\local-native-123542\src\PvNP\RealizableHardness\ActualBinaryMatrixHC46A18SourceGlobal.lean:2058:6: warning: try 'simp' instead of 'simpa'

Note: This linter can be disabled with `set_option linter.unnecessarySimpa false`
C:\Users\Dan\Desktop\Projects\realizable-cmmsa-hardness\docs\native-receipts\ActualSelectedComplementAnalyticMoment\runtime-prebuild\local-native-123542\src\PvNP\RealizableHardness\ActualBinaryMatrixHC46A18SourceGlobal.lean:2028:15: warning: This simp argument is unused:
  LinearMap.sub_apply

Hint: Omit it from the simp argument list.
  [apply] simp [F, LinearMap.add_apply, LinearMap.comp_apply, hmk]

Note: This linter can be disabled with `set_option linter.unusedSimpArgs false`
C:\Users\Dan\Desktop\Projects\realizable-cmmsa-hardness\docs\native-receipts\ActualSelectedComplementAnalyticMoment\runtime-prebuild\local-native-123542\src\PvNP\RealizableHardness\ActualBinaryMatrixHC46A18SourceGlobal.lean:2028:36: warning: This simp argument is unused:
  LinearMap.add_apply

Hint: Omit it from the simp argument list.
  [apply] simp [F, LinearMap.sub_apply, LinearMap.comp_apply, hmk]

Note: This linter can be disabled with `set_option linter.unusedSimpArgs false`
C:\Users\Dan\Desktop\Projects\realizable-cmmsa-hardness\docs\native-receipts\ActualSelectedComplementAnalyticMoment\runtime-prebuild\local-native-123542\src\PvNP\RealizableHardness\ActualBinaryMatrixHC46A18SourceGlobal.lean:2090:8: warning: Variable name `phi` is not explicitly referenced.

Hint: The binding can be removed (if unused) or named `_` (if used implicitly). Alternatively, prefix the name with `_` to silence this warning:
  [apply] _phi

Note: This linter can be disabled with `set_option linter.unusedVariables false`
