13:#print axioms mass_and_not_lower
14:#print axioms score_threshold
15:#print axioms agreement_bounds
16:#print axioms ready_posterior_success
17:#print axioms favorable_marginal_lower
18:#print axioms jointSuccess_disintegration
19:#print axioms ready_joint_success
20:#print axioms eventual_joint_success
AXIOM_OUTPUT_BEGIN
1-ℹ [996/1066] Replayed PvNP.RealizableHardness.ExceptionRepair
2:info: lean/PvNP/RealizableHardness/ExceptionRepair.lean:200:0: 'PvNP.RealizableHardness.exception_completeness' depends on axioms: [propext, Classical.choice, Quot.sound]
3:info: lean/PvNP/RealizableHardness/ExceptionRepair.lean:201:0: 'PvNP.RealizableHardness.exception_soundness' depends on axioms: [propext, Classical.choice, Quot.sound]
4-ℹ [998/1066] Replayed PvNP.RealizableHardness.Formula
5:info: lean/PvNP/RealizableHardness/Formula.lean:93:0: 'PvNP.RealizableHardness.Formula.repair_complete' depends on axioms: [propext, Classical.choice, Quot.sound]
6:info: lean/PvNP/RealizableHardness/Formula.lean:94:0: 'PvNP.RealizableHardness.Formula.leaves_repair' depends on axioms: [propext]
7:info: lean/PvNP/RealizableHardness/Formula.lean:95:0: 'PvNP.RealizableHardness.Formula.repair_sound' depends on axioms: [propext, Classical.choice, Quot.sound]
8-⚠ [1014/1066] Replayed PvNP.RealizableHardness.WeightRounding
9-warning: lean/PvNP/RealizableHardness/WeightRounding.lean:47:56: `if_false` has been deprecated: Use `ite_false` instead
10-warning: lean/PvNP/RealizableHardness/WeightRounding.lean:47:56: `if_false` has been deprecated: Use `ite_false` instead
11-warning: lean/PvNP/RealizableHardness/WeightRounding.lean:47:32: This simp argument is unused:
--
824-                        PvNP.RealizableHardness.ZoomOutJoint.jointSuccess F W f C
825:info: lean/PvNP/RealizableHardness/ZoomOutJointChecks.lean:13:0: 'PvNP.RealizableHardness.ZoomOutJoint.mass_and_not_lower' depends on axioms: [propext, Classical.choice, Quot.sound]
826:info: lean/PvNP/RealizableHardness/ZoomOutJointChecks.lean:14:0: 'PvNP.RealizableHardness.ZoomOutJoint.score_threshold' depends on axioms: [propext, Classical.choice, Quot.sound]
827:info: lean/PvNP/RealizableHardness/ZoomOutJointChecks.lean:15:0: 'PvNP.RealizableHardness.ZoomOutJoint.agreement_bounds' depends on axioms: [propext, Classical.choice, Quot.sound]
828:info: lean/PvNP/RealizableHardness/ZoomOutJointChecks.lean:16:0: 'PvNP.RealizableHardness.ZoomOutJoint.ready_posterior_success' depends on axioms: [propext,
829- Classical.choice,
830- Quot.sound]
831:info: lean/PvNP/RealizableHardness/ZoomOutJointChecks.lean:17:0: 'PvNP.RealizableHardness.ZoomOutJoint.favorable_marginal_lower' depends on axioms: [propext,
832- Classical.choice,
833- Quot.sound]
834:info: lean/PvNP/RealizableHardness/ZoomOutJointChecks.lean:18:0: 'PvNP.RealizableHardness.ZoomOutJoint.jointSuccess_disintegration' depends on axioms: [propext,
835- Classical.choice,
836- Quot.sound]
837:info: lean/PvNP/RealizableHardness/ZoomOutJointChecks.lean:19:0: 'PvNP.RealizableHardness.ZoomOutJoint.ready_joint_success' depends on axioms: [propext, Classical.choice, Quot.sound]
838:info: lean/PvNP/RealizableHardness/ZoomOutJointChecks.lean:20:0: 'PvNP.RealizableHardness.ZoomOutJoint.eventual_joint_success' depends on axioms: [propext, Classical.choice, Quot.sound]
839-Build completed successfully (2463 jobs).
AXIOM_OUTPUT_END
