RUN=gcp_actual_star_accepted_rank_good_fiber_b50as_20260926T030638Z
UTC=2026-09-26T03:08:18Z
EXPECTED_COMMIT=167eb7904cddf00c000e63bc4bf2bc643ee4df40
EXPECTED_BASE_HEAD=de048da45956ef207c0c1dcd38c42b00a5437710
BASE_HEAD=de048da45956ef207c0c1dcd38c42b00a5437710
TOOLCHAIN_FILE=leanprover/lean4:v4.34.0-rc2
Lean (version 4.34.0-rc2, x86_64-unknown-linux-gnu, commit 6a10ac8c22beadecabdbb0919c2b50214762f91d, Release)
Lake version 5.0.0-src+6a10ac8 (Lean version 4.34.0-rc2)
NETWORK_NAMESPACE_BEGIN
NETNS_OK=1
NETWORK_NAMESPACE_END
BASE_HASHES_BEGIN
825d2e1a20005a259fdf5b181528b391dd6ba18a52c86127caf4c3be990e04f0  /home/dfredriksen_quantyra_org/mz24-fixed-rho-de048da/lake-manifest.json
03c6564b4a501867a608a3439198e41b88eedf17e3c79c6bfd01790f6ae34cbe  /home/dfredriksen_quantyra_org/mz24-fixed-rho-de048da/lakefile.toml
8190e75a201741065fe508b28955dd64dd72d090babe5f70ce6848879d68ae88  /home/dfredriksen_quantyra_org/mz24-fixed-rho-de048da/lean-toolchain
BASE_HASHES_END
PACKAGE_REVISIONS_BEGIN
Cli ab3a82db9fea14cf0fd7f5a2de650f4b534640af
LeanSearchClient ba67e212be1197b84c1f1f6299488a10a3002713
Qq 507746ab8f4b643ccdacb2ec4cdb5853fa9f8ab3
aesop 18889deb9e83ea7420ef51c160d6f88552e744e3
batteries 7e23602c91bc04586b2b06de2708a041853e4681
complexitylib 6c248df7859f2f245e731c1e07057bf69d165fe2
cslib d9be64196bf145edd019f1ccfeaee0c11166ba6b
importGraph d8823026ac7ef130c253089d95685f9877b95323
mathlib e06eff5f95374108acfaf19f1ff7473aa7771df2
plausible d9598f07b1bc701f1e3aae163d2681c1fd978793
proofwidgets a8acbfd87375ff4abe14ce09db5b7664d383bc7f
PACKAGE_REVISIONS_END
