237-Note: This linter can be disabled with `set_option linter.unusedSimpArgs false`
238-info: lean/PvNP/RealizableHardness/BernoulliMGF.lean:101:4: Try this:
239-  [apply] ring_nf
240-  
241:  The `ring` tactic failed to close the goal. Use `ring_nf` to obtain a normal form.
242-    
243-  Note that `ring` works primarily in *commutative* rings. If you have a noncommutative ring, abelian group or module, consider using `noncomm_ring`, `abel` or `module` instead.
244-⚠ [2308/2353] Replayed PvNP.RealizableHardness.FiniteConcentration
245-warning: lean/PvNP/RealizableHardness/FiniteConcentration.lean:180:8: `if_pos` has been deprecated: Use `ite_eq_left` instead
246-warning: lean/PvNP/RealizableHardness/FiniteConcentration.lean:184:8: `if_neg` has been deprecated: Use `ite_eq_right` instead
247-warning: lean/PvNP/RealizableHardness/FiniteConcentration.lean:220:22: This simp argument is unused:
248-  Fintype.card_fun
249-
250-Hint: Omit it from the simp argument list.
251-  [apply] simp
252-
253-Note: This linter can be disabled with `set_option linter.unusedSimpArgs false`
--
1875-The difference between `let` and `letI` is that `letI` inlines the value.
1876-But this is not relevant for proofs because of proof irrelevance.
1877-
1878-Note: This linter can be disabled with `set_option linter.style.haveILetI false`
1879:error: lean/PvNP/RealizableHardness/ActualOneExperimentRetainedAgreement.lean:139:68: unsolved goals
1880-J a d : ℕ
1881-s : TripleRestrictionRank.Draw J
1882-Q : Advice J a
1883-T : (L : Advice J d) → Module.Dual (ZMod 2) ↥↑L
1884-P : DecodedPair Q d
1885-hQE : ↑Q ≤ TripleRestrictionRank.retained s
1886-had : a ≤ d
1887-hd : d ≤ Module.finrank (ZMod 2) ↥(TripleRestrictionRank.retained s)
1888-C : Type := retainedZoomCarrier s Q P.W
1889-P' : DecodedPair Q d := retainedPair s Q P hQE
1890-e : retainedZoomCarrier s Q P.W ≃ Zoom Q (retainedPair s Q P hQE) := retainedCarrierZoomEquiv s Q P hQE
1891-this✝ : Fintype (Zoom Q P') := zoomFintype Q P'
--
1923-
1924-Note: This linter can be disabled with `set_option linter.unusedSimpArgs false`
1925-Some required targets logged failures:
1926-- PvNP.RealizableHardness.ActualOneExperimentRetainedAgreement
1927:error: build failed
1928-Finished with result: exit-code
1929-Main processes terminated with: code=exited/status=1
1930-Service runtime: 1min 3.808s
1931-CPU time consumed: 18.790s
1932-Memory peak: 256.0K
1933-Memory swap peak: 0B
