C:\Users\Dan\Desktop\Projects\realizable-cmmsa-hardness\lean\PvNP\RealizableHardness\ActualSelectedComplementAppendMoment.lean:149:12: error: don't know how to synthesize implicit argument `s`
  @actualAppendRankImageMoment (2 * blocks samplerA (hBlock L m)) (?m.326 I copies U A C T f sourceHMin hsel hA)
    (?m.327 I copies U A C T f sourceHMin hsel hA)
    (fun R => centerMatchBit (selectedCoordinateCenterTable I copies U A C) (coordinateFunctional I copies U A f) R)
    (fun W => leafMatchBit (selectedCoordinateLeafTable I copies U A T) (coordinateFunctional I copies U A f) W) k
context:
N m L samplerA : ℕ
I : Instance N m
copies : ℕ
U : TaggedGoodU I copies (blocks samplerA (hBlock L m))
A : SideComplement I copies U
C : TaggedCenterTable I copies
T : TaggedLeafTable I copies
f : Module.Dual (ZMod 2) ↥↑A
sourceHMin : ℕ → ℕ
hsel : selector (fun n => max (sourceHMin n) (n + 2)) L = ↑m
hA : 1 ≤ samplerA
h : ℕ := ⋯
J : ℕ := ⋯
c : ℕ := ⋯
s : ℕ := ⋯
k : ℕ := m
n : ℕ := ⋯
⊢ ℕ

Note: All parameter types and holes (e.g., `_`) in the header of a theorem are resolved before the proof is processed; information from the proof cannot be used to infer what these values should be
C:\Users\Dan\Desktop\Projects\realizable-cmmsa-hardness\lean\PvNP\RealizableHardness\ActualSelectedComplementAppendMoment.lean:149:12: error: don't know how to synthesize implicit argument `c`
  @actualAppendRankImageMoment (2 * blocks samplerA (hBlock L m)) (?m.326 I copies U A C T f sourceHMin hsel hA)
    (?m.327 I copies U A C T f sourceHMin hsel hA)
    (fun R => centerMatchBit (selectedCoordinateCenterTable I copies U A C) (coordinateFunctional I copies U A f) R)
    (fun W => leafMatchBit (selectedCoordinateLeafTable I copies U A T) (coordinateFunctional I copies U A f) W) k
context:
N m L samplerA : ℕ
I : Instance N m
copies : ℕ
U : TaggedGoodU I copies (blocks samplerA (hBlock L m))
A : SideComplement I copies U
C : TaggedCenterTable I copies
T : TaggedLeafTable I copies
f : Module.Dual (ZMod 2) ↥↑A
sourceHMin : ℕ → ℕ
hsel : selector (fun n => max (sourceHMin n) (n + 2)) L = ↑m
hA : 1 ≤ samplerA
h : ℕ := ⋯
J : ℕ := ⋯
c : ℕ := ⋯
s : ℕ := ⋯
k : ℕ := m
n : ℕ := ⋯
⊢ ℕ

Note: All parameter types and holes (e.g., `_`) in the header of a theorem are resolved before the proof is processed; information from the proof cannot be used to infer what these values should be
C:\Users\Dan\Desktop\Projects\realizable-cmmsa-hardness\lean\PvNP\RealizableHardness\ActualSelectedComplementAppendMoment.lean:152:20: error: don't know how to synthesize implicit argument `d`
  @leafMatchBit (CoordAmbient (blocks samplerA (hBlock L m))) Pi.addCommGroup
    (Pi.Function.module (Fin (2 * blocks samplerA (hBlock L m))) (ZMod 2) (ZMod 2))
    (?m.326 I copies U A C T f sourceHMin hsel hA + ?m.327 I copies U A C T f sourceHMin hsel hA)
    (selectedCoordinateLeafTable I copies U A T) (coordinateFunctional I copies U A f) W
context:
N m L samplerA : ℕ
I : Instance N m
copies : ℕ
U : TaggedGoodU I copies (blocks samplerA (hBlock L m))
A : SideComplement I copies U
C : TaggedCenterTable I copies
T : TaggedLeafTable I copies
f : Module.Dual (ZMod 2) ↥↑A
sourceHMin : ℕ → ℕ
hsel : selector (fun n => max (sourceHMin n) (n + 2)) L = ↑m
hA : 1 ≤ samplerA
h : ℕ := ⋯
J : ℕ := ⋯
c : ℕ := ⋯
s : ℕ := ⋯
k : ℕ := m
n : ℕ := ⋯
W :
  GrassmannCounting.Grass (ActualFixedFunctionalAppendOperator.CoordinateAmbient (2 * blocks samplerA (hBlock L m)))
    (?m.326 I copies U A C T f sourceHMin hsel hA + ?m.327 I copies U A C T f sourceHMin hsel hA)
⊢ ℕ

Note: All parameter types and holes (e.g., `_`) in the header of a theorem are resolved before the proof is processed; information from the proof cannot be used to infer what these values should be
C:\Users\Dan\Desktop\Projects\realizable-cmmsa-hardness\lean\PvNP\RealizableHardness\ActualSelectedComplementAppendMoment.lean:152:34: error: don't know how to synthesize implicit argument `d`
  @selectedCoordinateLeafTable N m I copies (blocks samplerA (hBlock L m)) U
    (?m.326 I copies U A C T f sourceHMin hsel hA + ?m.327 I copies U A C T f sourceHMin hsel hA) A T
context:
N m L samplerA : ℕ
I : Instance N m
copies : ℕ
U : TaggedGoodU I copies (blocks samplerA (hBlock L m))
A : SideComplement I copies U
C : TaggedCenterTable I copies
T : TaggedLeafTable I copies
f : Module.Dual (ZMod 2) ↥↑A
sourceHMin : ℕ → ℕ
hsel : selector (fun n => max (sourceHMin n) (n + 2)) L = ↑m
hA : 1 ≤ samplerA
h : ℕ := ⋯
J : ℕ := ⋯
c : ℕ := ⋯
s : ℕ := ⋯
k : ℕ := m
n : ℕ := ⋯
W :
  GrassmannCounting.Grass (ActualFixedFunctionalAppendOperator.CoordinateAmbient (2 * blocks samplerA (hBlock L m)))
    (?m.326 I copies U A C T f sourceHMin hsel hA + ?m.327 I copies U A C T f sourceHMin hsel hA)
⊢ ℕ

Note: All parameter types and holes (e.g., `_`) in the header of a theorem are resolved before the proof is processed; information from the proof cannot be used to infer what these values should be
C:\Users\Dan\Desktop\Projects\realizable-cmmsa-hardness\lean\PvNP\RealizableHardness\ActualSelectedComplementAppendMoment.lean:152:15: error(lean.inferBinderTypeFailed): Failed to infer type of binder `W`

Note: All parameter types and holes (e.g., `_`) in the header of a theorem are resolved before the proof is processed; information from the proof cannot be used to infer what these values should be
C:\Users\Dan\Desktop\Projects\realizable-cmmsa-hardness\lean\PvNP\RealizableHardness\ActualSelectedComplementAppendMoment.lean:150:20: error: don't know how to synthesize implicit argument `t`
  @centerMatchBit (CoordAmbient (blocks samplerA (hBlock L m))) Pi.addCommGroup
    (Pi.Function.module (Fin (2 * blocks samplerA (hBlock L m))) (ZMod 2) (ZMod 2))
    (?m.326 I copies U A C T f sourceHMin hsel hA) (selectedCoordinateCenterTable I copies U A C)
    (coordinateFunctional I copies U A f) R
context:
N m L samplerA : ℕ
I : Instance N m
copies : ℕ
U : TaggedGoodU I copies (blocks samplerA (hBlock L m))
A : SideComplement I copies U
C : TaggedCenterTable I copies
T : TaggedLeafTable I copies
f : Module.Dual (ZMod 2) ↥↑A
sourceHMin : ℕ → ℕ
hsel : selector (fun n => max (sourceHMin n) (n + 2)) L = ↑m
hA : 1 ≤ samplerA
h : ℕ := ⋯
J : ℕ := ⋯
c : ℕ := ⋯
s : ℕ := ⋯
k : ℕ := m
n : ℕ := ⋯
R :
  GrassmannCounting.Grass (ActualFixedFunctionalAppendOperator.CoordinateAmbient (2 * blocks samplerA (hBlock L m)))
    (?m.326 I copies U A C T f sourceHMin hsel hA)
⊢ ℕ

Note: All parameter types and holes (e.g., `_`) in the header of a theorem are resolved before the proof is processed; information from the proof cannot be used to infer what these values should be
C:\Users\Dan\Desktop\Projects\realizable-cmmsa-hardness\lean\PvNP\RealizableHardness\ActualSelectedComplementAppendMoment.lean:150:36: error: don't know how to synthesize implicit argument `t`
  @selectedCoordinateCenterTable N m I copies (blocks samplerA (hBlock L m)) U
    (?m.326 I copies U A C T f sourceHMin hsel hA) A C
context:
N m L samplerA : ℕ
I : Instance N m
copies : ℕ
U : TaggedGoodU I copies (blocks samplerA (hBlock L m))
A : SideComplement I copies U
C : TaggedCenterTable I copies
T : TaggedLeafTable I copies
f : Module.Dual (ZMod 2) ↥↑A
sourceHMin : ℕ → ℕ
hsel : selector (fun n => max (sourceHMin n) (n + 2)) L = ↑m
hA : 1 ≤ samplerA
h : ℕ := ⋯
J : ℕ := ⋯
c : ℕ := ⋯
s : ℕ := ⋯
k : ℕ := m
n : ℕ := ⋯
R :
  GrassmannCounting.Grass (ActualFixedFunctionalAppendOperator.CoordinateAmbient (2 * blocks samplerA (hBlock L m)))
    (?m.326 I copies U A C T f sourceHMin hsel hA)
⊢ ℕ

Note: All parameter types and holes (e.g., `_`) in the header of a theorem are resolved before the proof is processed; information from the proof cannot be used to infer what these values should be
C:\Users\Dan\Desktop\Projects\realizable-cmmsa-hardness\lean\PvNP\RealizableHardness\ActualSelectedComplementAppendMoment.lean:150:15: error(lean.inferBinderTypeFailed): Failed to infer type of binder `R`

Note: All parameter types and holes (e.g., `_`) in the header of a theorem are resolved before the proof is processed; information from the proof cannot be used to infer what these values should be
C:\Users\Dan\Desktop\Projects\realizable-cmmsa-hardness\lean\PvNP\RealizableHardness\ActualSelectedComplementAppendMoment.lean:153:58: error: unsolved goals
N m L samplerA : ℕ
I : Instance N m
copies : ℕ
U : TaggedGoodU I copies (blocks samplerA (hBlock L m))
A : SideComplement I copies U
C : TaggedCenterTable I copies
T : TaggedLeafTable I copies
f : Module.Dual (ZMod 2) ↥↑A
sourceHMin : ℕ → ℕ
hsel : selector (fun n => max (sourceHMin n) (n + 2)) L = ↑m
hA : 1 ≤ samplerA
h : ℕ := hBlock L m
J : ℕ := blocks samplerA h
c : ℕ := leafT m h
s : ℕ := leafK m h
k : ℕ := m
n : ℕ := 2 * J
hs :
  Admissible (fun n => max (sourceHMin n) (n + 2)) L m ∧
    ∀ (n : ℕ), Admissible (fun n => max (sourceHMin n) (n + 2)) L n → n ≤ m
hm : 256 ≤ m
left✝⁵ : m ≤ (log2nat L).sqrt
left✝⁴ : bOf m ≤ (log2nat L).sqrt
left✝³ : q m * (m + 1) < L
left✝² : q m * (m + 1) * RBlock L m + 1 ≤ L
left✝¹ : bOf m ∣ hBlock L m
left✝ : m ∣ hBlock L m
hcut : (fun n => max (sourceHMin n) (n + 2)) m ≤ hBlock L m
right✝ : 8 ≤ sigmaBase L m
hh : m + 2 ≤ h
hbudgetData : leafT m h + leafK m h = 2 * h ∧ leafT m h + m * leafK m h + 2 * h ≤ 2 * blocks samplerA h
hp : h ^ 2 < J
hpos : 0 < h
hle : h ≤ h ^ 2
hdim : c + s ≤ Module.finrank (ZMod 2) ↥↑A
hsum : c + s = 2 * h
hD : 0 < c + s
hbudget : c + m * s + 2 * h ≤ 2 * J
hsmall : ↑(leafT m h + m * leafK m h) * 2 ^ (leafT m h + leafK m h - 1) / 2 ^ (2 * J) ≤ 1 / 2
hfinrank : Module.finrank (ZMod 2) (ActualFixedFunctionalAppendOperator.CoordinateAmbient n) = 2 * J
hsmall' :
  ↑(c + k * s) * 2 ^ (c + s - 1) /
      2 ^ Module.finrank (ZMod 2) (ActualFixedFunctionalAppendOperator.CoordinateAmbient n) ≤
    1 / 2
hbound :
  ↑(matchingStarMass ⋯ ⋯ (selectedCoordinateCenterTable I copies U A C) (selectedCoordinateLeafTable I copies U A T)
        (coordinateFunctional I copies U A f)) ≤
    2 *
      actualAppendRankImageMoment
        (fun R => centerMatchBit (selectedCoordinateCenterTable I copies U A C) (coordinateFunctional I copies U A f) R)
        (fun W => leafMatchBit (selectedCoordinateLeafTable I copies U A T) (coordinateFunctional I copies U A f) W) k
⊢ ↑(matchingStarMass ⋯ ⋯ (transportedCenterTable I copies U A C) (transportedLeafTable I copies U A T) f) ≤
    2 *
      actualAppendRankImageMoment
        (fun R => centerMatchBit (selectedCoordinateCenterTable I copies U A C) (coordinateFunctional I copies U A f) R)
        (fun W => leafMatchBit (selectedCoordinateLeafTable I copies U A T) (coordinateFunctional I copies U A f) W) k
C:\Users\Dan\Desktop\Projects\realizable-cmmsa-hardness\lean\PvNP\RealizableHardness\ActualSelectedComplementAppendMoment.lean:280:17: error: don't know how to synthesize implicit argument `m`
  @matchingCenterMass_actual_coordinate N m I copies (blocks samplerA (hBlock L m)) U c (c + s) ?m.626 A
    (Nat.le_add_right c s) hdim C f
context:
N m L samplerA : ℕ
I : Instance N m
copies : ℕ
U : TaggedGoodU I copies (blocks samplerA (hBlock L m))
A : SideComplement I copies U
C : TaggedCenterTable I copies
f : Module.Dual (ZMod 2) ↥↑A
sourceHMin : ℕ → ℕ
hsel : selector (fun n => max (sourceHMin n) (n + 2)) L = ↑m
hA : 1 ≤ samplerA
h : ℕ := ⋯
J : ℕ := ⋯
c : ℕ := ⋯
s : ℕ := ⋯
k : ℕ := m
hs :
  Admissible (fun n => max (sourceHMin n) (n + 2)) L m ∧
    ∀ (n : ℕ), Admissible (fun n => max (sourceHMin n) (n + 2)) L n → n ≤ m
hm : 256 ≤ m
left✝⁵ : m ≤ (log2nat L).sqrt
left✝⁴ : bOf m ≤ (log2nat L).sqrt
left✝³ : q m * (m + 1) < L
left✝² : q m * (m + 1) * RBlock L m + 1 ≤ L
left✝¹ : bOf m ∣ hBlock L m
left✝ : m ∣ hBlock L m
hcut : (fun n => max (sourceHMin n) (n + 2)) m ≤ hBlock L m
right✝ : 8 ≤ sigmaBase L m
hh : m + 2 ≤ h
hp : h ^ 2 < J
hpos : 0 < h
hle : h ≤ h ^ 2
hdim : c + s ≤ Module.finrank (ZMod 2) ↥↑A
⊢ ℕ
C:\Users\Dan\Desktop\Projects\realizable-cmmsa-hardness\lean\PvNP\RealizableHardness\ActualSelectedComplementAppendMoment.lean:280:7: error: failed to infer `have` declaration type
C:\Users\Dan\Desktop\Projects\realizable-cmmsa-hardness\lean\PvNP\RealizableHardness\ActualSelectedComplementAppendMoment.lean:260:51: error: unsolved goals
N m L samplerA : ℕ
I : Instance N m
copies : ℕ
U : TaggedGoodU I copies (blocks samplerA (hBlock L m))
A : SideComplement I copies U
C : TaggedCenterTable I copies
f : Module.Dual (ZMod 2) ↥↑A
sourceHMin : ℕ → ℕ
hsel : selector (fun n => max (sourceHMin n) (n + 2)) L = ↑m
hA : 1 ≤ samplerA
h : ℕ := hBlock L m
J : ℕ := blocks samplerA h
c : ℕ := leafT m h
s : ℕ := leafK m h
k : ℕ := m
hs :
  Admissible (fun n => max (sourceHMin n) (n + 2)) L m ∧
    ∀ (n : ℕ), Admissible (fun n => max (sourceHMin n) (n + 2)) L n → n ≤ m
hm : 256 ≤ m
left✝⁵ : m ≤ (log2nat L).sqrt
left✝⁴ : bOf m ≤ (log2nat L).sqrt
left✝³ : q m * (m + 1) < L
left✝² : q m * (m + 1) * RBlock L m + 1 ≤ L
left✝¹ : bOf m ∣ hBlock L m
left✝ : m ∣ hBlock L m
hcut : (fun n => max (sourceHMin n) (n + 2)) m ≤ hBlock L m
right✝ : 8 ≤ sigmaBase L m
hh : m + 2 ≤ h
hp : h ^ 2 < J
hpos : 0 < h
hle : h ≤ h ^ 2
hdim : c + s ≤ Module.finrank (ZMod 2) ↥↑A
⊢ matchingCenterMass ⋯ ⋯ (transportedCenterTable I copies U A C) f =
    matchingCenterMass ⋯ ⋯ (selectedCoordinateCenterTable I copies U A C) (coordinateFunctional I copies U A f)
