C:\Users\Dan\Desktop\Projects\realizable-cmmsa-hardness\lean\PvNP\RealizableHardness\ActualSelectedComplementAppendMoment.lean:145:8: error: omega could not prove the goal:
a possible counterexample may satisfy the constraints
  w ≥ 0
  v ≥ 0
  u ≥ 0
  t ≥ 0
  r ≥ 0
  r - t ≥ 1
  p ≥ 8
  o ≥ 0
  l ≥ 1
  l - o ≥ 0
  l - t ≤ 0
  l - w ≥ 1
  2*l - u ≥ 0
  4*l - 2*r - u + v ≤ 0
  j ≥ 0
  i ≥ 0
  g ≥ 0
  g - i ≥ 1
  g - j ≥ 1
  e ≥ 0
  d ≥ 0
  d - e ≥ 0
  b ≥ 256
  b - d ≤ 0
  b - l ≤ -2
  a ≥ 1
where
 a := ↑samplerA
 b := ↑m
 d := ↑(log2nat L).sqrt
 e := ↑(bOf m)
 g := ↑L
 i := ↑(q m) * ↑(m + 1)
 j := ↑(q m * (m + 1)) * ↑(RBlock L m)
 l := ↑(hBlock L m)
 o := ↑((fun n => max (sourceHMin n) (n + 2)) m)
 p := ↑(sigmaBase L m)
 r := ↑(blocks samplerA h)
 t := ↑(h ^ 2)
 u := ↑(leafK m h)
 v := ↑m * ↑(leafK m h)
 w := ↑(blocks samplerA (hBlock L m))
C:\Users\Dan\Desktop\Projects\realizable-cmmsa-hardness\lean\PvNP\RealizableHardness\ActualSelectedComplementAppendMoment.lean:160:4: error: Type mismatch
  LE.le.trans_lt (Nat.mul_le_mul_right (hBlock L m ^ 2) hA) (numerator_lt_blocks samplerA (hBlock L m))
has type
  1 * hBlock L m ^ 2 < blocks samplerA (hBlock L m)
but is expected to have type
  hBlock L m ^ 2 < blocks samplerA (hBlock L m)
C:\Users\Dan\Desktop\Projects\realizable-cmmsa-hardness\lean\PvNP\RealizableHardness\ActualSelectedComplementAppendMoment.lean:169:4: error: omega could not prove the goal:
a possible counterexample may satisfy the constraints
  w ≥ 0
  v ≥ 0
  u ≥ 0
  t ≥ 0
  t - v ≥ 1
  r ≥ 0
  p ≥ 8
  o ≥ 0
  l ≥ 1
  l - o ≥ 0
  l - v ≤ 0
  l - w ≥ 1
  2*l - r ≥ 0
  4*l - r - 2*t + u ≤ 0
  j ≥ 0
  i ≥ 0
  g ≥ 0
  g - i ≥ 1
  g - j ≥ 1
  e ≥ 0
  d ≥ 0
  d - e ≥ 0
  b ≥ 256
  b - d ≤ 0
  b - l ≤ -2
  a ≥ 1
where
 a := ↑samplerA
 b := ↑m
 d := ↑(log2nat L).sqrt
 e := ↑(bOf m)
 g := ↑L
 i := ↑(q m) * ↑(m + 1)
 j := ↑(q m * (m + 1)) * ↑(RBlock L m)
 l := ↑(hBlock L m)
 o := ↑((fun n => max (sourceHMin n) (n + 2)) m)
 p := ↑(sigmaBase L m)
 r := ↑(leafK m h)
 t := ↑(blocks samplerA h)
 u := ↑m * ↑(leafK m h)
 v := ↑(h ^ 2)
 w := ↑(blocks samplerA (hBlock L m))
C:\Users\Dan\Desktop\Projects\realizable-cmmsa-hardness\lean\PvNP\RealizableHardness\ActualSelectedComplementAppendMoment.lean:175:43: error: Ambiguous term
  CoordinateAmbient
Possible interpretations:
  ActualFixedFunctionalAppendOperator.CoordinateAmbient n : Type
  
  ActualFixedFunctionalBinaryMatrixMoment.CoordinateAmbient n : Type
C:\Users\Dan\Desktop\Projects\realizable-cmmsa-hardness\lean\PvNP\RealizableHardness\ActualSelectedComplementAppendMoment.lean:176:10: error: Ambiguous term
  CoordinateAmbient
Possible interpretations:
  ActualFixedFunctionalAppendOperator.CoordinateAmbient : ℕ → Type
  
  ActualFixedFunctionalBinaryMatrixMoment.CoordinateAmbient : ℕ → Type
C:\Users\Dan\Desktop\Projects\realizable-cmmsa-hardness\lean\PvNP\RealizableHardness\ActualSelectedComplementAppendMoment.lean:175:75: error: unsolved goals
N m L samplerA : ℕ
I : Instance N m
copies : ℕ
U : TaggedGoodU I copies (blocks samplerA (hBlock L m))
A : SideComplement I copies U
C : TaggedCenterTable I copies
T : TaggedLeafTable I copies
f : Module.Dual (ZMod 2) ↥↑A
sourceHMin : ℕ → ℕ
hsel : selector (fun n => max (sourceHMin n) (n + 2)) L = ↑m
hA : 1 ≤ samplerA
h : ℕ := hBlock L m
J : ℕ := blocks samplerA h
c : ℕ := leafT m h
s : ℕ := leafK m h
k : ℕ := m
n : ℕ := 2 * J
hs :
  Admissible (fun n => max (sourceHMin n) (n + 2)) L m ∧
    ∀ (n : ℕ), Admissible (fun n => max (sourceHMin n) (n + 2)) L n → n ≤ m
hm : 256 ≤ m
left✝⁵ : m ≤ (log2nat L).sqrt
left✝⁴ : bOf m ≤ (log2nat L).sqrt
left✝³ : q m * (m + 1) < L
left✝² : q m * (m + 1) * RBlock L m + 1 ≤ L
left✝¹ : bOf m ∣ hBlock L m
left✝ : m ∣ hBlock L m
hcut : (fun n => max (sourceHMin n) (n + 2)) m ≤ hBlock L m
right✝ : 8 ≤ sigmaBase L m
hh : m + 2 ≤ h
hbudgetData : leafT m h + leafK m h = 2 * h ∧ leafT m h + m * leafK m h + 2 * h ≤ 2 * blocks samplerA h
hp : h ^ 2 < J
hpos : 0 < h
hle : h ≤ h ^ 2
hdim : c + s ≤ Module.finrank (ZMod 2) ↥↑A
hsum : c + s = 2 * h
hD : 0 < c + s
hbudget : c + m * s + 2 * h ≤ 2 * J
hsmall : ↑(leafT m h + m * leafK m h) * 2 ^ (leafT m h + leafK m h - 1) / 2 ^ (2 * J) ≤ 1 / 2
⊢ sorry () = 2 * J
C:\Users\Dan\Desktop\Projects\realizable-cmmsa-hardness\lean\PvNP\RealizableHardness\ActualSelectedComplementAppendMoment.lean:178:44: error: Ambiguous term
  CoordinateAmbient
Possible interpretations:
  ActualFixedFunctionalAppendOperator.CoordinateAmbient n : Type
  
  ActualFixedFunctionalBinaryMatrixMoment.CoordinateAmbient n : Type
C:\Users\Dan\Desktop\Projects\realizable-cmmsa-hardness\lean\PvNP\RealizableHardness\ActualSelectedComplementAppendMoment.lean:184:12: error: Ambiguous term
  CoordinateAmbient
Possible interpretations:
  ActualFixedFunctionalAppendOperator.CoordinateAmbient : ℕ → Type
  
  ActualFixedFunctionalBinaryMatrixMoment.CoordinateAmbient : ℕ → Type
C:\Users\Dan\Desktop\Projects\realizable-cmmsa-hardness\lean\PvNP\RealizableHardness\ActualSelectedComplementAppendMoment.lean:152:58: error: unsolved goals
N m L samplerA : ℕ
I : Instance N m
copies : ℕ
U : TaggedGoodU I copies (blocks samplerA (hBlock L m))
A : SideComplement I copies U
C : TaggedCenterTable I copies
T : TaggedLeafTable I copies
f : Module.Dual (ZMod 2) ↥↑A
sourceHMin : ℕ → ℕ
hsel : selector (fun n => max (sourceHMin n) (n + 2)) L = ↑m
hA : 1 ≤ samplerA
h : ℕ := hBlock L m
J : ℕ := blocks samplerA h
c : ℕ := leafT m h
s : ℕ := leafK m h
k : ℕ := m
n : ℕ := 2 * J
hs :
  Admissible (fun n => max (sourceHMin n) (n + 2)) L m ∧
    ∀ (n : ℕ), Admissible (fun n => max (sourceHMin n) (n + 2)) L n → n ≤ m
hm : 256 ≤ m
left✝⁵ : m ≤ (log2nat L).sqrt
left✝⁴ : bOf m ≤ (log2nat L).sqrt
left✝³ : q m * (m + 1) < L
left✝² : q m * (m + 1) * RBlock L m + 1 ≤ L
left✝¹ : bOf m ∣ hBlock L m
left✝ : m ∣ hBlock L m
hcut : (fun n => max (sourceHMin n) (n + 2)) m ≤ hBlock L m
right✝ : 8 ≤ sigmaBase L m
hh : m + 2 ≤ h
hbudgetData : leafT m h + leafK m h = 2 * h ∧ leafT m h + m * leafK m h + 2 * h ≤ 2 * blocks samplerA h
hp : h ^ 2 < J
hpos : 0 < h
hle : h ≤ h ^ 2
hdim : c + s ≤ Module.finrank (ZMod 2) ↥↑A
hsum : c + s = 2 * h
hD : 0 < c + s
hbudget : c + m * s + 2 * h ≤ 2 * J
hsmall : ↑(leafT m h + m * leafK m h) * 2 ^ (leafT m h + leafK m h - 1) / 2 ^ (2 * J) ≤ 1 / 2
hfinrank : sorry = 2 * J
hsmall' : ↑(c + k * s) * 2 ^ (c + s - 1) / 2 ^ sorry ≤ 1 / 2
hbound :
  ↑(matchingStarMass ⋯ ⋯ (selectedCoordinateCenterTable I copies U A C) (selectedCoordinateLeafTable I copies U A T)
        (coordinateFunctional I copies U A f)) ≤
    2 *
      actualAppendRankImageMoment
        (fun R => centerMatchBit (selectedCoordinateCenterTable I copies U A C) (coordinateFunctional I copies U A f) R)
        (fun W => leafMatchBit (selectedCoordinateLeafTable I copies U A T) (coordinateFunctional I copies U A f) W) k
⊢ ↑(matchingStarMass ⋯ ⋯ (transportedCenterTable I copies U A C) (transportedLeafTable I copies U A T) f) ≤
    2 *
      actualAppendRankImageMoment
        (fun R => centerMatchBit (selectedCoordinateCenterTable I copies U A C) (coordinateFunctional I copies U A f) R)
        (fun W => leafMatchBit (selectedCoordinateLeafTable I copies U A T) (coordinateFunctional I copies U A f) W) k
C:\Users\Dan\Desktop\Projects\realizable-cmmsa-hardness\lean\PvNP\RealizableHardness\ActualSelectedComplementAppendMoment.lean:176:29: warning: This simp argument is unused:
  n

Hint: Omit it from the simp argument list.
  [apply] simp [CoordinateAmbient]

Note: This linter can be disabled with `set_option linter.unusedSimpArgs false`
C:\Users\Dan\Desktop\Projects\realizable-cmmsa-hardness\lean\PvNP\RealizableHardness\ActualSelectedComplementAppendMoment.lean:226:10: error: Type mismatch
  LE.le.trans_lt (Nat.mul_le_mul_right (hBlock L m ^ 2) hA) (numerator_lt_blocks samplerA (hBlock L m))
has type
  1 * hBlock L m ^ 2 < blocks samplerA (hBlock L m)
but is expected to have type
  hBlock L m ^ 2 < blocks samplerA (hBlock L m)
C:\Users\Dan\Desktop\Projects\realizable-cmmsa-hardness\lean\PvNP\RealizableHardness\ActualSelectedComplementAppendMoment.lean:236:8: error: omega could not prove the goal:
a possible counterexample may satisfy the constraints
  v ≥ 0
  u ≥ 0
  t ≥ 0
  r ≥ 0
  p ≥ 0
  p - r ≥ 1
  o ≥ 8
  n ≥ 0
  l ≥ 1
  l - n ≥ 0
  l - r ≤ 0
  l - v ≥ 1
  2*l - t ≥ 0
  4*l - 2*p - t + u ≤ 0
  j ≥ 0
  i ≥ 0
  g ≥ 0
  g - i ≥ 1
  g - j ≥ 1
  e ≥ 0
  d ≥ 0
  d - e ≥ 0
  b ≥ 256
  b - d ≤ 0
  b - l ≤ -2
  a ≥ 1
where
 a := ↑samplerA
 b := ↑m
 d := ↑(log2nat L).sqrt
 e := ↑(bOf m)
 g := ↑L
 i := ↑(q m) * ↑(m + 1)
 j := ↑(q m * (m + 1)) * ↑(RBlock L m)
 l := ↑(hBlock L m)
 n := ↑((fun n => max (sourceHMin n) (n + 2)) m)
 o := ↑(sigmaBase L m)
 p := ↑(blocks samplerA h)
 r := ↑(h ^ 2)
 t := ↑(leafK m h)
 u := ↑m * ↑(leafK m h)
 v := ↑(blocks samplerA (hBlock L m))
C:\Users\Dan\Desktop\Projects\realizable-cmmsa-hardness\lean\PvNP\RealizableHardness\ActualSelectedComplementAppendMoment.lean:255:4: error: Type mismatch
  LE.le.trans_lt (Nat.mul_le_mul_right (hBlock L m ^ 2) hA) (numerator_lt_blocks samplerA (hBlock L m))
has type
  1 * hBlock L m ^ 2 < blocks samplerA (hBlock L m)
but is expected to have type
  hBlock L m ^ 2 < blocks samplerA (hBlock L m)
C:\Users\Dan\Desktop\Projects\realizable-cmmsa-hardness\lean\PvNP\RealizableHardness\ActualSelectedComplementAppendMoment.lean:265:4: error: omega could not prove the goal:
a possible counterexample may satisfy the constraints
  v ≥ 0
  u ≥ 0
  t ≥ 0
  r ≥ 0
  p ≥ 0
  p - r ≥ 1
  o ≥ 8
  n ≥ 0
  l ≥ 1
  l - n ≥ 0
  l - r ≤ 0
  l - v ≥ 1
  2*l - t ≥ 0
  4*l - 2*p - t + u ≤ 0
  j ≥ 0
  i ≥ 0
  g ≥ 0
  g - i ≥ 1
  g - j ≥ 1
  e ≥ 0
  d ≥ 0
  d - e ≥ 0
  b ≥ 256
  b - d ≤ 0
  b - l ≤ -2
  a ≥ 1
where
 a := ↑samplerA
 b := ↑m
 d := ↑(log2nat L).sqrt
 e := ↑(bOf m)
 g := ↑L
 i := ↑(q m) * ↑(m + 1)
 j := ↑(q m * (m + 1)) * ↑(RBlock L m)
 l := ↑(hBlock L m)
 n := ↑((fun n => max (sourceHMin n) (n + 2)) m)
 o := ↑(sigmaBase L m)
 p := ↑(blocks samplerA h)
 r := ↑(h ^ 2)
 t := ↑(leafK m h)
 u := ↑m * ↑(leafK m h)
 v := ↑(blocks samplerA (hBlock L m))
C:\Users\Dan\Desktop\Projects\realizable-cmmsa-hardness\lean\PvNP\RealizableHardness\ActualSelectedComplementAppendMoment.lean:248:51: error: unsolved goals
N m L samplerA : ℕ
I : Instance N m
copies : ℕ
U : TaggedGoodU I copies (blocks samplerA (hBlock L m))
A : SideComplement I copies U
C : TaggedCenterTable I copies
f : Module.Dual (ZMod 2) ↥↑A
sourceHMin : ℕ → ℕ
hsel : selector (fun n => max (sourceHMin n) (n + 2)) L = ↑m
hA : 1 ≤ samplerA
h : ℕ := hBlock L m
J : ℕ := blocks samplerA h
c : ℕ := leafT m h
s : ℕ := leafK m h
k : ℕ := m
hs :
  Admissible (fun n => max (sourceHMin n) (n + 2)) L m ∧
    ∀ (n : ℕ), Admissible (fun n => max (sourceHMin n) (n + 2)) L n → n ≤ m
hm : 256 ≤ m
left✝⁵ : m ≤ (log2nat L).sqrt
left✝⁴ : bOf m ≤ (log2nat L).sqrt
left✝³ : q m * (m + 1) < L
left✝² : q m * (m + 1) * RBlock L m + 1 ≤ L
left✝¹ : bOf m ∣ hBlock L m
left✝ : m ∣ hBlock L m
hcut : (fun n => max (sourceHMin n) (n + 2)) m ≤ hBlock L m
right✝ : 8 ≤ sigmaBase L m
hh : m + 2 ≤ h
hp : h ^ 2 < J
hpos : 0 < h
hle : h ≤ h ^ 2
hdim : c + s ≤ Module.finrank (ZMod 2) ↥↑A
⊢ matchingCenterMass ⋯ ⋯ (transportedCenterTable I copies U A C) f =
    matchingCenterMass ⋯ ⋯ (selectedCoordinateCenterTable I copies U A C) (coordinateFunctional I copies U A f)
