C:\Users\Dan\Desktop\Projects\realizable-cmmsa-hardness\docs\native-receipts\ActualSelectedComplementAnalyticMoment\runtime-prebuild\local-native-123542\src\PvNP\RealizableHardness\ActualBinaryMatrixHC46A18FullFunctionalEnergy.lean:79:40: error: Application type mismatch: The argument
  lambda
has type
  (Fin d → ZMod 2) ⧸ Q.domainFixed →ₗ[ZMod 2] ZMod 2
but is expected to have type
  (Fin d → ZMod 2) ⧸ Q.domainFixed →ₗ[ZMod 2] ↥Q.codomainVariation
in the application
  quotientSampleOutput Q.codomainVariation (Submodule.factor ?m.101) (Classical.choose ⋯) lambda
C:\Users\Dan\Desktop\Projects\realizable-cmmsa-hardness\docs\native-receipts\ActualSelectedComplementAnalyticMoment\runtime-prebuild\local-native-123542\src\PvNP\RealizableHardness\ActualBinaryMatrixHC46A18FullFunctionalEnergy.lean:105:18: error: Tactic `rewrite` failed: Did not find an occurrence of the pattern
  ∑ i ∈ ?s, ?f i / ?a
in the target expression
  (∑ x, ∑ y, z (x, y)) / (↑(Fintype.card α) * ↑(Fintype.card β))

α : Type u_1
β : Type u_2
inst✝¹ : Fintype α
inst✝ : Fintype β
z : α × β → ℂ
| (∑ x, ∑ y, z (x, y)) / (↑(Fintype.card α) * ↑(Fintype.card β))
C:\Users\Dan\Desktop\Projects\realizable-cmmsa-hardness\docs\native-receipts\ActualSelectedComplementAnalyticMoment\runtime-prebuild\local-native-123542\src\PvNP\RealizableHardness\ActualBinaryMatrixHC46A18FullFunctionalEnergy.lean:121:45: warning: Variable name `hv` is not explicitly referenced.

Hint: The binding can be removed (if unused) or named `_` (if used implicitly). Alternatively, prefix the name with `_` to silence this warning:
  [apply] _hv

Note: This linter can be disabled with `set_option linter.unusedVariables false`
C:\Users\Dan\Desktop\Projects\realizable-cmmsa-hardness\docs\native-receipts\ActualSelectedComplementAnalyticMoment\runtime-prebuild\local-native-123542\src\PvNP\RealizableHardness\ActualBinaryMatrixHC46A18FullFunctionalEnergy.lean:212:49: warning: This simp argument is unused:
  g

Hint: Omit it from the simp argument list.
  [apply] simp [actualA18SourceLineMean, Phi, Lambda, W, g']

Note: This linter can be disabled with `set_option linter.unusedSimpArgs false`
C:\Users\Dan\Desktop\Projects\realizable-cmmsa-hardness\docs\native-receipts\ActualSelectedComplementAnalyticMoment\runtime-prebuild\local-native-123542\src\PvNP\RealizableHardness\ActualBinaryMatrixHC46A18FullFunctionalEnergy.lean:229:2: warning: Try this: 
  letI̵

The goal is a proposition, so `let` is preferred over `letI`.
The difference between `let` and `letI` is that `letI` inlines the value.
But this is not relevant for proofs because of proof irrelevance.

Note: This linter can be disabled with `set_option linter.style.haveILetI false`
C:\Users\Dan\Desktop\Projects\realizable-cmmsa-hardness\docs\native-receipts\ActualSelectedComplementAnalyticMoment\runtime-prebuild\local-native-123542\src\PvNP\RealizableHardness\ActualBinaryMatrixHC46A18FullFunctionalEnergy.lean:280:2: warning: Try this: 
  letI̵

The goal is a proposition, so `let` is preferred over `letI`.
The difference between `let` and `letI` is that `letI` inlines the value.
But this is not relevant for proofs because of proof irrelevance.

Note: This linter can be disabled with `set_option linter.style.haveILetI false`
C:\Users\Dan\Desktop\Projects\realizable-cmmsa-hardness\docs\native-receipts\ActualSelectedComplementAnalyticMoment\runtime-prebuild\local-native-123542\src\PvNP\RealizableHardness\ActualBinaryMatrixHC46A18FullFunctionalEnergy.lean:287:6: error(lean.unknownIdentifier): Unknown identifier `actualA18SourceSample_eq_base_add`
C:\Users\Dan\Desktop\Projects\realizable-cmmsa-hardness\docs\native-receipts\ActualSelectedComplementAnalyticMoment\runtime-prebuild\local-native-123542\src\PvNP\RealizableHardness\ActualBinaryMatrixHC46A18FullFunctionalEnergy.lean:321:2: warning: Try this: 
  letI̵

The goal is a proposition, so `let` is preferred over `letI`.
The difference between `let` and `letI` is that `letI` inlines the value.
But this is not relevant for proofs because of proof irrelevance.

Note: This linter can be disabled with `set_option linter.style.haveILetI false`
