⚠ [2203/2286] Replayed PvNP.RealizableHardness.BinaryMatrixFourier
warning: lean/PvNP/RealizableHardness/BinaryMatrixFourier.lean:126:8: `if_pos` has been deprecated: Use `ite_eq_left` instead
warning: lean/PvNP/RealizableHardness/BinaryMatrixFourier.lean:132:8: `if_neg` has been deprecated: Use `ite_eq_right` instead
⚠ [2205/2286] Replayed PvNP.RealizableHardness.BinaryMatrixHybridSelector
warning: lean/PvNP/RealizableHardness/BinaryMatrixHybridSelector.lean:71:8: `if_pos` has been deprecated: Use `ite_eq_left` instead
warning: lean/PvNP/RealizableHardness/BinaryMatrixHybridSelector.lean:90:8: `if_neg` has been deprecated: Use `ite_eq_right` instead
⚠ [2207/2286] Replayed PvNP.RealizableHardness.BinaryMatrixLineTranslation
warning: lean/PvNP/RealizableHardness/BinaryMatrixLineTranslation.lean:243:4: try 'simp' instead of 'simpa'

Note: This linter can be disabled with `set_option linter.unnecessarySimpa false`
warning: lean/PvNP/RealizableHardness/BinaryMatrixLineTranslation.lean:315:8: `if_neg` has been deprecated: Use `ite_eq_right` instead
warning: lean/PvNP/RealizableHardness/BinaryMatrixLineTranslation.lean:407:15: `if_neg` has been deprecated: Use `ite_eq_right` instead
warning: lean/PvNP/RealizableHardness/BinaryMatrixLineTranslation.lean:433:41: This simp argument is unused:
  s

Hint: Omit it from the simp argument list.
  [apply] simp [hs, hr]

Note: This linter can be disabled with `set_option linter.unusedSimpArgs false`
warning: lean/PvNP/RealizableHardness/BinaryMatrixLineTranslation.lean:555:15: `if_neg` has been deprecated: Use `ite_eq_right` instead
warning: lean/PvNP/RealizableHardness/BinaryMatrixLineTranslation.lean:592:57: This simp argument is unused:
  mul_assoc

Hint: Omit it from the simp argument list.
  [apply] simp [hr, hs]

Note: This linter can be disabled with `set_option linter.unusedSimpArgs false`
⚠ [2208/2286] Replayed PvNP.RealizableHardness.BinaryMatrixLineA14
warning: lean/PvNP/RealizableHardness/BinaryMatrixLineA14.lean:88:8: `if_pos` has been deprecated: Use `ite_eq_left` instead
warning: lean/PvNP/RealizableHardness/BinaryMatrixLineA14.lean:97:8: `if_neg` has been deprecated: Use `ite_eq_right` instead
⚠ [2283/2286] Replayed PvNP.RealizableHardness.BinaryMatrixA1TypedFourier
warning: lean/PvNP/RealizableHardness/BinaryMatrixA1TypedFourier.lean:198:8: `if_pos` has been deprecated: Use `ite_eq_left` instead
warning: lean/PvNP/RealizableHardness/BinaryMatrixA1TypedFourier.lean:204:8: `if_neg` has been deprecated: Use `ite_eq_right` instead
warning: lean/PvNP/RealizableHardness/BinaryMatrixA1TypedFourier.lean:236:8: `if_pos` has been deprecated: Use `ite_eq_left` instead
warning: lean/PvNP/RealizableHardness/BinaryMatrixA1TypedFourier.lean:242:8: `if_neg` has been deprecated: Use `ite_eq_right` instead
⚠ [2285/2286] Replayed PvNP.RealizableHardness.ActualTypedNestedAffineBase
warning: lean/PvNP/RealizableHardness/ActualTypedNestedAffineBase.lean:27:5: Variable name `hA` is not explicitly referenced.

Hint: The binding can be removed (if unused) or named `_` (if used implicitly). Alternatively, prefix the name with `_` to silence this warning:
  [apply] _hA

Note: This linter can be disabled with `set_option linter.unusedVariables false`
warning: lean/PvNP/RealizableHardness/ActualTypedNestedAffineBase.lean:27:20: Variable name `hB` is not explicitly referenced.

Hint: The binding can be removed (if unused) or named `_` (if used implicitly). Alternatively, prefix the name with `_` to silence this warning:
  [apply] _hB

Note: This linter can be disabled with `set_option linter.unusedVariables false`
warning: lean/PvNP/RealizableHardness/ActualTypedNestedAffineBase.lean:42:5: Variable name `hA` is not explicitly referenced.

Hint: The binding can be removed (if unused) or named `_` (if used implicitly). Alternatively, prefix the name with `_` to silence this warning:
  [apply] _hA

Note: This linter can be disabled with `set_option linter.unusedVariables false`
warning: lean/PvNP/RealizableHardness/ActualTypedNestedAffineBase.lean:42:20: Variable name `hB` is not explicitly referenced.

Hint: The binding can be removed (if unused) or named `_` (if used implicitly). Alternatively, prefix the name with `_` to silence this warning:
  [apply] _hB

Note: This linter can be disabled with `set_option linter.unusedVariables false`
ℹ [2286/2286] Built PvNP.RealizableHardness.ActualTypedNestedAffineBaseChecks (1.8s)
info: lean/PvNP/RealizableHardness/ActualTypedNestedAffineBaseChecks.lean:5:0: PvNP.RealizableHardness.ActualTypedNestedAffineBase.firstCarrierAmbientPullback {n d : ℕ}
  (A :
    Submodule PvNP.RealizableHardness.ActualTypedNestedAffineBase.F✝
      (PvNP.RealizableHardness.ActualTypedNestedAffineBase.V✝ d))
  (B :
    Submodule PvNP.RealizableHardness.ActualTypedNestedAffineBase.F✝
      (PvNP.RealizableHardness.ActualTypedNestedAffineBase.W✝ n))
  (f :
    (PvNP.RealizableHardness.ActualTypedNestedAffineBase.V✝ d →ₗ[PvNP.RealizableHardness.ActualTypedNestedAffineBase.F✝]
        PvNP.RealizableHardness.ActualTypedNestedAffineBase.W✝ n) →
      ℂ)
  (T :
    PvNP.RealizableHardness.ActualTypedNestedAffineBase.V✝ d →ₗ[PvNP.RealizableHardness.ActualTypedNestedAffineBase.F✝]
      PvNP.RealizableHardness.ActualTypedNestedAffineBase.W✝ n)
  (M :
    PvNP.RealizableHardness.ActualTypedNestedAffineBase.V✝ d ⧸
        A →ₗ[PvNP.RealizableHardness.ActualTypedNestedAffineBase.F✝]
      ↥B) :
  ℂ
info: lean/PvNP/RealizableHardness/ActualTypedNestedAffineBaseChecks.lean:6:0: PvNP.RealizableHardness.ActualTypedNestedAffineBase.nestedAmbientPullback {n d : ℕ}
  (A₂ A₁ :
    Submodule PvNP.RealizableHardness.ActualTypedNestedAffineBase.F✝
      (PvNP.RealizableHardness.ActualTypedNestedAffineBase.V✝ d))
  (B₁ B₂ :
    Submodule PvNP.RealizableHardness.ActualTypedNestedAffineBase.F✝
      (PvNP.RealizableHardness.ActualTypedNestedAffineBase.W✝ n))
  (hA : A₂ ≤ A₁) (hB : B₁ ≤ B₂)
  (f :
    (PvNP.RealizableHardness.ActualTypedNestedAffineBase.V✝ d →ₗ[PvNP.RealizableHardness.ActualTypedNestedAffineBase.F✝]
        PvNP.RealizableHardness.ActualTypedNestedAffineBase.W✝ n) →
      ℂ)
  (T :
    PvNP.RealizableHardness.ActualTypedNestedAffineBase.V✝ d →ₗ[PvNP.RealizableHardness.ActualTypedNestedAffineBase.F✝]
      PvNP.RealizableHardness.ActualTypedNestedAffineBase.W✝ n)
  (S :
    PvNP.RealizableHardness.ActualTypedNestedAffineBase.V✝ d ⧸
        A₂ →ₗ[PvNP.RealizableHardness.ActualTypedNestedAffineBase.F✝]
      ↥B₂)
  (N :
    (PvNP.RealizableHardness.ActualTypedNestedAffineBase.V✝ d ⧸ A₂) ⧸
        Submodule.map A₂.mkQ A₁ →ₗ[PvNP.RealizableHardness.ActualTypedNestedAffineBase.F✝]
      ↥(Submodule.comap B₂.subtype B₁)) :
  ℂ
info: lean/PvNP/RealizableHardness/ActualTypedNestedAffineBaseChecks.lean:7:0: PvNP.RealizableHardness.ActualTypedNestedAffineBase.flattenedAmbientPullback {n d : ℕ}
  (A₂ A₁ :
    Submodule PvNP.RealizableHardness.ActualTypedNestedAffineBase.F✝
      (PvNP.RealizableHardness.ActualTypedNestedAffineBase.V✝ d))
  (B₁ B₂ :
    Submodule PvNP.RealizableHardness.ActualTypedNestedAffineBase.F✝
      (PvNP.RealizableHardness.ActualTypedNestedAffineBase.W✝ n))
  (hA : A₂ ≤ A₁) (hB : B₁ ≤ B₂)
  (f :
    (PvNP.RealizableHardness.ActualTypedNestedAffineBase.V✝ d →ₗ[PvNP.RealizableHardness.ActualTypedNestedAffineBase.F✝]
        PvNP.RealizableHardness.ActualTypedNestedAffineBase.W✝ n) →
      ℂ)
  (T :
    PvNP.RealizableHardness.ActualTypedNestedAffineBase.V✝ d →ₗ[PvNP.RealizableHardness.ActualTypedNestedAffineBase.F✝]
      PvNP.RealizableHardness.ActualTypedNestedAffineBase.W✝ n)
  (S :
    PvNP.RealizableHardness.ActualTypedNestedAffineBase.V✝ d ⧸
        A₂ →ₗ[PvNP.RealizableHardness.ActualTypedNestedAffineBase.F✝]
      ↥B₂)
  (M :
    PvNP.RealizableHardness.ActualTypedNestedAffineBase.V✝ d ⧸
        A₁ →ₗ[PvNP.RealizableHardness.ActualTypedNestedAffineBase.F✝]
      ↥B₁) :
  ℂ
info: lean/PvNP/RealizableHardness/ActualTypedNestedAffineBaseChecks.lean:8:0: PvNP.RealizableHardness.ActualTypedNestedAffineBase.nestedAmbientPullback_eq_flattened {n d : ℕ}
  (A₂ A₁ :
    Submodule PvNP.RealizableHardness.ActualTypedNestedAffineBase.F✝
      (PvNP.RealizableHardness.ActualTypedNestedAffineBase.V✝ d))
  (B₁ B₂ :
    Submodule PvNP.RealizableHardness.ActualTypedNestedAffineBase.F✝
      (PvNP.RealizableHardness.ActualTypedNestedAffineBase.W✝ n))
  (hA : A₂ ≤ A₁) (hB : B₁ ≤ B₂)
  (f :
    (PvNP.RealizableHardness.ActualTypedNestedAffineBase.V✝ d →ₗ[PvNP.RealizableHardness.ActualTypedNestedAffineBase.F✝]
        PvNP.RealizableHardness.ActualTypedNestedAffineBase.W✝ n) →
      ℂ)
  (T :
    PvNP.RealizableHardness.ActualTypedNestedAffineBase.V✝ d →ₗ[PvNP.RealizableHardness.ActualTypedNestedAffineBase.F✝]
      PvNP.RealizableHardness.ActualTypedNestedAffineBase.W✝ n)
  (S :
    PvNP.RealizableHardness.ActualTypedNestedAffineBase.V✝ d ⧸
        A₂ →ₗ[PvNP.RealizableHardness.ActualTypedNestedAffineBase.F✝]
      ↥B₂) :
  (fun N => nestedAmbientPullback A₂ A₁ B₁ B₂ hA hB f T S N) = fun N =>
    flattenedAmbientPullback A₂ A₁ B₁ B₂ hA hB f T S
      ((PvNP.RealizableHardness.BinaryMatrixA1NestedCarrier.nestedCarrierEquiv A₂ A₁ B₁ B₂ hA hB) N)
info: lean/PvNP/RealizableHardness/ActualTypedNestedAffineBaseChecks.lean:9:0: PvNP.RealizableHardness.ActualTypedNestedAffineBase.firstCarrierPullback_eq_flattened {n d : ℕ}
  (A₂ A₁ :
    Submodule PvNP.RealizableHardness.ActualTypedNestedAffineBase.F✝
      (PvNP.RealizableHardness.ActualTypedNestedAffineBase.V✝ d))
  (B₁ B₂ :
    Submodule PvNP.RealizableHardness.ActualTypedNestedAffineBase.F✝
      (PvNP.RealizableHardness.ActualTypedNestedAffineBase.W✝ n))
  (hA : A₂ ≤ A₁) (hB : B₁ ≤ B₂)
  (f :
    (PvNP.RealizableHardness.ActualTypedNestedAffineBase.V✝ d →ₗ[PvNP.RealizableHardness.ActualTypedNestedAffineBase.F✝]
        PvNP.RealizableHardness.ActualTypedNestedAffineBase.W✝ n) →
      ℂ)
  (T :
    PvNP.RealizableHardness.ActualTypedNestedAffineBase.V✝ d →ₗ[PvNP.RealizableHardness.ActualTypedNestedAffineBase.F✝]
      PvNP.RealizableHardness.ActualTypedNestedAffineBase.W✝ n)
  (S :
    PvNP.RealizableHardness.ActualTypedNestedAffineBase.V✝ d ⧸
        A₂ →ₗ[PvNP.RealizableHardness.ActualTypedNestedAffineBase.F✝]
      ↥B₂) :
  (fun N =>
      firstCarrierAmbientPullback A₂ B₂ f T
        (S + (Submodule.comap B₂.subtype B₁).subtype ∘ₗ N ∘ₗ (Submodule.map A₂.mkQ A₁).mkQ)) =
    fun N =>
    flattenedAmbientPullback A₂ A₁ B₁ B₂ hA hB f T S
      ((PvNP.RealizableHardness.BinaryMatrixA1NestedCarrier.nestedCarrierEquiv A₂ A₁ B₁ B₂ hA hB) N)
info: lean/PvNP/RealizableHardness/ActualTypedNestedAffineBaseChecks.lean:11:0: 'PvNP.RealizableHardness.ActualTypedNestedAffineBase.nestedAmbientPullback_eq_flattened' depends on axioms: [propext,
 Classical.choice,
 Quot.sound]
info: lean/PvNP/RealizableHardness/ActualTypedNestedAffineBaseChecks.lean:12:0: 'PvNP.RealizableHardness.ActualTypedNestedAffineBase.firstCarrierPullback_eq_flattened' depends on axioms: [propext,
 Classical.choice,
 Quot.sound]
Build completed successfully (2286 jobs).
