⚠ [2202/2299] Replayed PvNP.RealizableHardness.BinaryMatrixFourier
warning: lean/PvNP/RealizableHardness/BinaryMatrixFourier.lean:126:8: `if_pos` has been deprecated: Use `ite_eq_left` instead
warning: lean/PvNP/RealizableHardness/BinaryMatrixFourier.lean:132:8: `if_neg` has been deprecated: Use `ite_eq_right` instead
⚠ [2204/2299] Replayed PvNP.RealizableHardness.BinaryMatrixHybridSelector
warning: lean/PvNP/RealizableHardness/BinaryMatrixHybridSelector.lean:71:8: `if_pos` has been deprecated: Use `ite_eq_left` instead
warning: lean/PvNP/RealizableHardness/BinaryMatrixHybridSelector.lean:90:8: `if_neg` has been deprecated: Use `ite_eq_right` instead
⚠ [2206/2299] Replayed PvNP.RealizableHardness.BinaryMatrixLineTranslation
warning: lean/PvNP/RealizableHardness/BinaryMatrixLineTranslation.lean:243:4: try 'simp' instead of 'simpa'

Note: This linter can be disabled with `set_option linter.unnecessarySimpa false`
warning: lean/PvNP/RealizableHardness/BinaryMatrixLineTranslation.lean:315:8: `if_neg` has been deprecated: Use `ite_eq_right` instead
warning: lean/PvNP/RealizableHardness/BinaryMatrixLineTranslation.lean:407:15: `if_neg` has been deprecated: Use `ite_eq_right` instead
warning: lean/PvNP/RealizableHardness/BinaryMatrixLineTranslation.lean:433:41: This simp argument is unused:
  s

Hint: Omit it from the simp argument list.
  [apply] simp [hs, hr]

Note: This linter can be disabled with `set_option linter.unusedSimpArgs false`
warning: lean/PvNP/RealizableHardness/BinaryMatrixLineTranslation.lean:555:15: `if_neg` has been deprecated: Use `ite_eq_right` instead
warning: lean/PvNP/RealizableHardness/BinaryMatrixLineTranslation.lean:592:57: This simp argument is unused:
  mul_assoc

Hint: Omit it from the simp argument list.
  [apply] simp [hr, hs]

Note: This linter can be disabled with `set_option linter.unusedSimpArgs false`
⚠ [2207/2299] Replayed PvNP.RealizableHardness.BinaryMatrixLineA14
warning: lean/PvNP/RealizableHardness/BinaryMatrixLineA14.lean:88:8: `if_pos` has been deprecated: Use `ite_eq_left` instead
warning: lean/PvNP/RealizableHardness/BinaryMatrixLineA14.lean:97:8: `if_neg` has been deprecated: Use `ite_eq_right` instead
⚠ [2218/2299] Replayed PvNP.RealizableHardness.BinaryMatrixComplexA15
warning: lean/PvNP/RealizableHardness/BinaryMatrixComplexA15.lean:35:4: Unused tactic linter: `change fibreEnergy R.fibre f ≤ ε` does nothing

Note: This linter can be disabled with `set_option linter.unusedTactic false`
warning: lean/PvNP/RealizableHardness/BinaryMatrixComplexA15.lean:46:2: Unused tactic linter: `change fibreEnergy Q.fibre f ≤ ε` does nothing

Note: This linter can be disabled with `set_option linter.unusedTactic false`
warning: lean/PvNP/RealizableHardness/BinaryMatrixComplexA15.lean:184:24: This simp argument is unused:
  zero_add

Hint: Omit it from the simp argument list.
  [apply] simp only [Complex.normSq_apply, Complex.sub_re, Complex.sub_im, Complex.mul_re, Complex.mul_im,
    Complex.ofReal_re, Complex.ofReal_im, zero_mul, sub_zero, mul_zero]

Note: This linter can be disabled with `set_option linter.unusedSimpArgs false`
warning: lean/PvNP/RealizableHardness/BinaryMatrixComplexA15.lean:184:34: This simp argument is unused:
  mul_zero

Hint: Omit it from the simp argument list.
  [apply] simp only [Complex.normSq_apply, Complex.sub_re, Complex.sub_im, Complex.mul_re, Complex.mul_im,
    Complex.ofReal_re, Complex.ofReal_im, zero_mul, sub_zero, zero_add]

Note: This linter can be disabled with `set_option linter.unusedSimpArgs false`
⚠ [2285/2577] Replayed PvNP.RealizableHardness.BinaryMatrixA1TypedFourier
warning: lean/PvNP/RealizableHardness/BinaryMatrixA1TypedFourier.lean:198:8: `if_pos` has been deprecated: Use `ite_eq_left` instead
warning: lean/PvNP/RealizableHardness/BinaryMatrixA1TypedFourier.lean:204:8: `if_neg` has been deprecated: Use `ite_eq_right` instead
warning: lean/PvNP/RealizableHardness/BinaryMatrixA1TypedFourier.lean:236:8: `if_pos` has been deprecated: Use `ite_eq_left` instead
warning: lean/PvNP/RealizableHardness/BinaryMatrixA1TypedFourier.lean:242:8: `if_neg` has been deprecated: Use `ite_eq_right` instead
⚠ [2287/2577] Replayed PvNP.RealizableHardness.BinaryMatrixA1CoefficientTransfer
warning: lean/PvNP/RealizableHardness/BinaryMatrixA1CoefficientTransfer.lean:111:15: `if_pos` has been deprecated: Use `ite_eq_left` instead
⚠ [2288/2577] Replayed PvNP.RealizableHardness.BinaryMatrixA1Composition
warning: lean/PvNP/RealizableHardness/BinaryMatrixA1Composition.lean:40:15: `if_pos` has been deprecated: Use `ite_eq_left` instead
warning: lean/PvNP/RealizableHardness/BinaryMatrixA1Composition.lean:102:5: Variable name `hA` is not explicitly referenced.

Hint: The binding can be removed (if unused) or named `_` (if used implicitly). Alternatively, prefix the name with `_` to silence this warning:
  [apply] _hA

Note: This linter can be disabled with `set_option linter.unusedVariables false`
warning: lean/PvNP/RealizableHardness/BinaryMatrixA1Composition.lean:102:20: Variable name `hB` is not explicitly referenced.

Hint: The binding can be removed (if unused) or named `_` (if used implicitly). Alternatively, prefix the name with `_` to silence this warning:
  [apply] _hB

Note: This linter can be disabled with `set_option linter.unusedVariables false`
warning: lean/PvNP/RealizableHardness/BinaryMatrixA1Composition.lean:172:43: `if_pos` has been deprecated: Use `ite_eq_left` instead
⚠ [2300/2577] Replayed PvNP.RealizableHardness.BinaryMatrixTypedA15HyperplaneGlobal
warning: lean/PvNP/RealizableHardness/BinaryMatrixTypedA15HyperplaneGlobal.lean:48:25: Variable name `hH` is not explicitly referenced.

Hint: The binding can be removed (if unused) or named `_` (if used implicitly). Alternatively, prefix the name with `_` to silence this warning:
  [apply] _hH

Note: This linter can be disabled with `set_option linter.unusedVariables false`
⚠ [2302/2577] Replayed PvNP.RealizableHardness.BinaryMatrixTypedA15HyperplaneReducedGlobal
warning: lean/PvNP/RealizableHardness/BinaryMatrixTypedA15HyperplaneReducedGlobal.lean:54:25: Variable name `hH` is not explicitly referenced.

Hint: The binding can be removed (if unused) or named `_` (if used implicitly). Alternatively, prefix the name with `_` to silence this warning:
  [apply] _hH

Note: This linter can be disabled with `set_option linter.unusedVariables false`
warning: lean/PvNP/RealizableHardness/BinaryMatrixTypedA15HyperplaneReducedGlobal.lean:64:25: Variable name `hH` is not explicitly referenced.

Hint: The binding can be removed (if unused) or named `_` (if used implicitly). Alternatively, prefix the name with `_` to silence this warning:
  [apply] _hH

Note: This linter can be disabled with `set_option linter.unusedVariables false`
warning: lean/PvNP/RealizableHardness/BinaryMatrixTypedA15HyperplaneReducedGlobal.lean:84:25: Variable name `hH` is not explicitly referenced.

Hint: The binding can be removed (if unused) or named `_` (if used implicitly). Alternatively, prefix the name with `_` to silence this warning:
  [apply] _hH

Note: This linter can be disabled with `set_option linter.unusedVariables false`
warning: lean/PvNP/RealizableHardness/BinaryMatrixTypedA15HyperplaneReducedGlobal.lean:98:25: Variable name `hH` is not explicitly referenced.

Hint: The binding can be removed (if unused) or named `_` (if used implicitly). Alternatively, prefix the name with `_` to silence this warning:
  [apply] _hH

Note: This linter can be disabled with `set_option linter.unusedVariables false`
warning: lean/PvNP/RealizableHardness/BinaryMatrixTypedA15HyperplaneReducedGlobal.lean:236:25: Variable name `hH` is not explicitly referenced.

Hint: The binding can be removed (if unused) or named `_` (if used implicitly). Alternatively, prefix the name with `_` to silence this warning:
  [apply] _hH

Note: This linter can be disabled with `set_option linter.unusedVariables false`
⚠ [2304/2577] Replayed PvNP.RealizableHardness.BinaryMatrixTypedA14HyperplaneReduced
warning: lean/PvNP/RealizableHardness/BinaryMatrixTypedA14HyperplaneReduced.lean:35:55: Variable name `hH` is not explicitly referenced.

Hint: The binding can be removed (if unused) or named `_` (if used implicitly). Alternatively, prefix the name with `_` to silence this warning:
  [apply] _hH

Note: This linter can be disabled with `set_option linter.unusedVariables false`
warning: lean/PvNP/RealizableHardness/BinaryMatrixTypedA14HyperplaneReduced.lean:119:55: Variable name `hH` is not explicitly referenced.

Hint: The binding can be removed (if unused) or named `_` (if used implicitly). Alternatively, prefix the name with `_` to silence this warning:
  [apply] _hH

Note: This linter can be disabled with `set_option linter.unusedVariables false`
⚠ [3088/3096] Replayed PvNP.RealizableHardness.BinaryMatrixA15BaseCase
warning: lean/PvNP/RealizableHardness/BinaryMatrixA15BaseCase.lean:31:4: Try this: 
  haveI̵

The goal is a proposition, so `have` is preferred over `haveI`.
The difference between `have` and `haveI` is that `haveI` inlines the value.
But this is not relevant for proofs because of proof irrelevance.

Note: This linter can be disabled with `set_option linter.style.haveILetI false`
⚠ [3091/3096] Replayed PvNP.RealizableHardness.ActualBinaryMatrixHC46CommonDerivative
warning: lean/PvNP/RealizableHardness/ActualBinaryMatrixHC46CommonDerivative.lean:80:13: `if_pos` has been deprecated: Use `ite_eq_left` instead
⚠ [3092/3096] Replayed PvNP.RealizableHardness.ActualBinaryMatrixHC46FourierA16
warning: lean/PvNP/RealizableHardness/ActualBinaryMatrixHC46FourierA16.lean:70:51: This simp argument is unused:
  hj

Hint: Omit it from the simp argument list.
  [apply] simp [u, v, fourierCoeff_rankProjection, hi, hij]

Note: This linter can be disabled with `set_option linter.unusedSimpArgs false`
warning: lean/PvNP/RealizableHardness/ActualBinaryMatrixHC46FourierA16.lean:72:49: This simp argument is unused:
  hi

Hint: Omit it from the simp argument list.
  [apply] simp [u, v, fourierCoeff_rankProjection, hj, hij.symm]

Note: This linter can be disabled with `set_option linter.unusedSimpArgs false`
warning: lean/PvNP/RealizableHardness/ActualBinaryMatrixHC46FourierA16.lean:73:57: This simp argument is unused:
  hij

Hint: Omit it from the simp argument list.
  [apply] simp [u, v, fourierCoeff_rankProjection, hi, hj, hij.symm]

Note: This linter can be disabled with `set_option linter.unusedSimpArgs false`
warning: lean/PvNP/RealizableHardness/ActualBinaryMatrixHC46FourierA16.lean:73:62: This simp argument is unused:
  hij.symm

Hint: Omit it from the simp argument list.
  [apply] simp [u, v, fourierCoeff_rankProjection, hi, hj, hij]

Note: This linter can be disabled with `set_option linter.unusedSimpArgs false`
✖ [3096/3096] Building PvNP.RealizableHardness.ActualBinaryMatrixHC46TypedA14Energy (14s)
trace: .> LEAN_PATH=/home/dfredriksen_quantyra_org/cmmsa_analytic_20260930T040837Z/.lake/packages/Cli/.lake/build/lib/lean:/home/dfredriksen_quantyra_org/cmmsa_analytic_20260930T040837Z/.lake/packages/batteries/.lake/build/lib/lean:/home/dfredriksen_quantyra_org/cmmsa_analytic_20260930T040837Z/.lake/packages/Qq/.lake/build/lib/lean:/home/dfredriksen_quantyra_org/cmmsa_analytic_20260930T040837Z/.lake/packages/aesop/.lake/build/lib/lean:/home/dfredriksen_quantyra_org/cmmsa_analytic_20260930T040837Z/.lake/packages/proofwidgets/.lake/build/lib/lean:/home/dfredriksen_quantyra_org/cmmsa_analytic_20260930T040837Z/.lake/packages/importGraph/.lake/build/lib/lean:/home/dfredriksen_quantyra_org/cmmsa_analytic_20260930T040837Z/.lake/packages/LeanSearchClient/.lake/build/lib/lean:/home/dfredriksen_quantyra_org/cmmsa_analytic_20260930T040837Z/.lake/packages/plausible/.lake/build/lib/lean:/home/dfredriksen_quantyra_org/cmmsa_analytic_20260930T040837Z/.lake/packages/complexitylib/.lake/build/lib/lean:/home/dfredriksen_quantyra_org/cmmsa_analytic_20260930T040837Z/.lake/packages/mathlib/.lake/build/lib/lean:/home/dfredriksen_quantyra_org/cmmsa_analytic_20260930T040837Z/.lake/packages/cslib/.lake/build/lib/lean:/home/dfredriksen_quantyra_org/cmmsa_analytic_20260930T040837Z/.lake/build/lib/lean /home/dfredriksen_quantyra_org/.elan/toolchains/leanprover--lean4---v4.34.0-rc2/bin/lean /home/dfredriksen_quantyra_org/cmmsa_analytic_20260930T040837Z/lean/PvNP/RealizableHardness/ActualBinaryMatrixHC46TypedA14Energy.lean -o /home/dfredriksen_quantyra_org/cmmsa_analytic_20260930T040837Z/.lake/build/lib/lean/PvNP/RealizableHardness/ActualBinaryMatrixHC46TypedA14Energy.olean -i /home/dfredriksen_quantyra_org/cmmsa_analytic_20260930T040837Z/.lake/build/lib/lean/PvNP/RealizableHardness/ActualBinaryMatrixHC46TypedA14Energy.ilean -c /home/dfredriksen_quantyra_org/cmmsa_analytic_20260930T040837Z/.lake/build/ir/PvNP/RealizableHardness/ActualBinaryMatrixHC46TypedA14Energy.c --setup /home/dfredriksen_quantyra_org/cmmsa_analytic_20260930T040837Z/.lake/build/ir/PvNP/RealizableHardness/ActualBinaryMatrixHC46TypedA14Energy.setup.json --json
error: lean/PvNP/RealizableHardness/ActualBinaryMatrixHC46TypedA14Energy.lean:54:9: Unknown identifier `typedLineReducedWitness`

Note: It is not possible to treat `typedLineReducedWitness` as an implicitly bound variable here because the `autoImplicit` option is set to `false`.
error: lean/PvNP/RealizableHardness/ActualBinaryMatrixHC46TypedA14Energy.lean:58:13: Invalid field notation: Type of
  N
is not known; cannot resolve field `comp`

Hint: Consider replacing the field projection with a call to one of the following:
  • `AbsoluteValue.comp`
  • `AddActionHom.comp`
  • `AddGroupSeminorm.comp`
  • `AddHom.comp`
  • `AddMonoidHom.comp`
  • `AffineMap.comp`
  • `AlgHom.comp`
  • `AlgebraicIndependent.comp`
  • `AntilipschitzWith.comp`
  • `Antitone.comp`
  • `AntitoneOn.comp`
  • `ApplicativeTransformation.comp`
  • `BiheytingHom.comp`
  • `BotHom.comp`
  • `BoundedContinuousFunction.comp`
  • `BoundedLatticeHom.comp`
  • `BoundedOrderHom.comp`
  • `CoheytingHom.comp`
  • `CompTriple.comp`
  • `CompleteLatticeHom.comp`
  • `ConcaveOn.comp`
  • `Continuous.comp`
  • `ContinuousAddMonoidHom.comp`
  • `ContinuousAlgHom.comp`
  • `ContinuousAt.comp`
  • `ContinuousLinearMap.comp`
  • `ContinuousMap.comp`
  • `ContinuousMonoidHom.comp`
  • `ContinuousOn.comp`
  • `ContinuousWithinAt.comp`
  • `ConvexOn.comp`
  • `DenseRange.comp`
  • `Dilation.comp`
  • `DistribMulActionHom.comp`
  • `Equicontinuous.comp`
  • `EquicontinuousAt.comp`
  • `EquicontinuousOn.comp`
  • `EquicontinuousWithinAt.comp`
  • `FrameHom.comp`
  • `Function.comp`
  • `GeneralizingMap.comp`
  • `GroupSeminorm.comp`
  • `HasOpenCGraph.comp`
  • `HasOpenLowerSections.comp`
  • `HasOpenLowerSectionsOn.comp`
  • `HeytingHom.comp`
  • `InfHom.comp`
  • `InfTopHom.comp`
  • `IsBaseChange.comp`
  • `IsClosedMap.comp`
  • `IsDvdSequence.comp`
  • `IsHomeomorph.comp`
  • `IsOpenMap.comp`
  • `IsOpenQuotientMap.comp`
  • `IsProperMap.comp`
  • `IsSpectralMap.comp`
  • `IsUniformEmbedding.comp`
  • `IsUniformInducing.comp`
  • `Isometry.comp`
  • `LatticeHom.comp`
  • `LeftOrdContinuous.comp`
  • `LinearIndependent.comp`
  • `LinearIsometry.comp`
  • `LinearMap.comp`
  • `LinearPMap.comp`
  • `LipschitzOnWith.comp`
  • `LipschitzWith.comp`
  • `LocallyBoundedMap.comp`
  • `LocallyLipschitz.comp`
  • `LowerHemicontinuous.comp`
  • `LowerHemicontinuousAt.comp`
  • `LowerHemicontinuousOn.comp`
  • `LowerHemicontinuousWithinAt.comp`
  • `LowerSemicontinuous.comp`
  • `LowerSemicontinuousAt.comp`
  • `LowerSemicontinuousOn.comp`
  • `LowerSemicontinuousWithinAt.comp`
  • `Matrix.comp`
  • `MonoidHom.comp`
  • `MonoidWithZeroHom.comp`
  • `Monotone.comp`
  • `MonotoneOn.comp`
  • `MulActionHom.comp`
  • `MulDistribMulActionHom.comp`
  • `MulHom.comp`
  • `MulSemiringActionHom.comp`
  • `NonUnitalAlgHom.comp`
  • `NonUnitalRingHom.comp`
  • `NonUnitalStarAlgHom.comp`
  • `NonUnitalStarRingHom.comp`
  • `NormedAddGroupHom.comp`
  • `OneHom.comp`
  • `OrderAddMonoidHom.comp`
  • `OrderEmbedding.comp`
  • `OrderHom.comp`
  • `OrderMonoidHom.comp`
  • `OrderMonoidWithZeroHom.comp`
  • `OrderRingHom.comp`
  • `Polynomial.comp`
  • `PolynomialModule.comp`
  • `Prefunctor.comp`
  • `RelHom.comp`
  • `RightOrdContinuous.comp`
  • `RingHom.comp`
  • `RingHomSurjective.comp`
  • `SMul.comp`
  • `ScottContinuous.comp`
  • `ScottContinuousOn.comp`
  • `Semicontinuous.comp`
  • `SemicontinuousAt.comp`
  • `SemicontinuousOn.comp`
  • `SemicontinuousWithinAt.comp`
  • `Seminorm.comp`
  • `SeminormFamily.comp`
  • `SetRel.comp`
  • `SpecializingMap.comp`
  • `SpectralMap.comp`
  • `StarAlgHom.comp`
  • `StarMonoidHom.comp`
  • `StrictAnti.comp`
  • `StrictAntiOn.comp`
  • `StrictConcaveOn.comp`
  • `StrictConvexOn.comp`
  • `StrictMono.comp`
  • `StrictMonoOn.comp`
  • `SupBotHom.comp`
  • `SupHom.comp`
  • `TendstoLocallyUniformly.comp`
  • `TendstoLocallyUniformlyOn.comp`
  • `TendstoUniformly.comp`
  • `TendstoUniformlyOn.comp`
  • `TendstoUniformlyOnFilter.comp`
  • `TopHom.comp`
  • `UniformCauchySeqOn.comp`
  • `UniformCauchySeqOnFilter.comp`
  • `UniformContinuous.comp`
  • `UniformContinuousOn.comp`
  • `UniformContinuous₂.comp`
  • `UniformEquicontinuous.comp`
  • `UniformEquicontinuousOn.comp`
  • `UniformSpace.comp`
  • `UpperHemicontinuous.comp`
  • `UpperHemicontinuousAt.comp`
  • `UpperHemicontinuousOn.comp`
  • `UpperHemicontinuousWithinAt.comp`
  • `UpperSemicontinuous.comp`
  • `UpperSemicontinuousAt.comp`
  • `UpperSemicontinuousOn.comp`
  • `UpperSemicontinuousWithinAt.comp`
  • `VAdd.comp`
  • `ZeroHom.comp`
  • `iSupIndep.comp`
  • `sInfHom.comp`
  • `sSupHom.comp`
  • `Aesop.GoalDiff.comp`
  • `AlgHom.Finite.comp`
  • `AlgHom.FinitePresentation.comp`
  • `AlgHom.FiniteType.comp`
  • `Algebra.EssFiniteType.comp`
  • `CategoryTheory.Adjunction.comp`
  • `CategoryTheory.CategoryStruct.comp`
  • `CategoryTheory.Functor.comp`
  • `CategoryTheory.FunctorToTypes.comp`
  • `CategoryTheory.Grothendieck.comp`
  • `CategoryTheory.LaxFunctor.comp`
  • `CategoryTheory.MorphismProperty.comp`
  • `CategoryTheory.OplaxFunctor.comp`
  • `CategoryTheory.PrelaxFunctor.comp`
  • `CategoryTheory.PrelaxFunctorStruct.comp`
  • `CategoryTheory.Pseudofunctor.comp`
  • `CategoryTheory.SplitEpi.comp`
  • `CategoryTheory.SplitMono.comp`
  • `Filter.EventuallyConst.comp`
  • `Filter.IsBoundedUnder.comp`
  • `Filter.Tendsto.comp`
  • `Filter.TendstoCofinite.comp`
  • `FreeAddGroup.map.comp`
  • `FreeGroup.map.comp`
  • `Function.Bijective.comp`
  • `Function.HasFiniteMulSupport.comp`
  • `Function.HasFiniteSupport.comp`
  • `Function.Injective.comp`
  • `Function.IsFixedPt.comp`
  • `Function.IsPartialInv.comp`
  • `Function.IsPeriodicPt.comp`
  • `Function.LeftInverse.comp`
  • `Function.Periodic.comp`
  • `Function.RightInverse.comp`
  • `Function.Semiconj₂.comp`
  • `Function.Surjective.comp`
  • `LinearMap.BilinForm.comp`
  • `LinearMap.IsAdjointPair.comp`
  • `Matrix.BlockTriangular.comp`
  • `MonoidHom.CompTriple.comp`
  • `MulChar.IsQuadratic.comp`
  • `NormedAddGroupHom.NormNoninc.comp`
  • `OmegaCompletePartialOrder.ContinuousHom.comp`
  • `OmegaCompletePartialOrder.ωScottContinuous.comp`
  • `Order.IsNormal.comp`
  • `Ordinal.IsFundamentalSeq.comp`
  • `Plausible.TotalFunction.comp`
  • `Polynomial.Monic.comp`
  • `Quiver.Path.comp`
  • `RingHom.Finite.comp`
  • `RingHom.FinitePresentation.comp`
  • `RingHom.FiniteType.comp`
  • `RingHom.SurjectiveOnStalks.comp`
  • `Set.BijOn.comp`
  • `Set.InjOn.comp`
  • `Set.InvOn.comp`
  • `Set.LeftInvOn.comp`
  • `Set.MapsTo.comp`
  • `Set.RightInvOn.comp`
  • `Set.SurjOn.comp`
  • `SetRel.IsRefl.comp`
  • `Topology.IsClosedEmbedding.comp`
  • `Topology.IsCoinducing.comp`
  • `Topology.IsEmbedding.comp`
  • `Topology.IsInducing.comp`
  • `Topology.IsOpenEmbedding.comp`
  • `Topology.IsQuotientMap.comp`
  • `TypeCat.Fun.comp`
  • `UniformSpace.Core.comp`
  • `CategoryTheory.FreeBicategory.Hom.comp`
  • `CategoryTheory.FreeMonoidalCategory.Hom.comp`
  • `CategoryTheory.FreeMonoidalCategory.HomEquiv.comp`
  • `CategoryTheory.Functor.Faithful.comp`
  • `CategoryTheory.Functor.Full.comp`
  • `CategoryTheory.Functor.FullyFaithful.comp`
  • `CategoryTheory.Functor.LaxMonoidal.comp`
  • `CategoryTheory.Functor.OplaxMonoidal.comp`
  • `CategoryTheory.Limits.HasImageMap.comp`
  • `CategoryTheory.Limits.WalkingParallelPairHom.comp`
  • `Module.End.invtSubmodule.comp`
  • `CategoryTheory.Comonad.Coalgebra.Hom.comp`
  • `CategoryTheory.FreeMonoidalCategory.HomEquiv.below.comp`
  • `CategoryTheory.Monad.Algebra.Hom.comp`
  • `Mathlib.Meta.FunProp.DecompositionResult.comp`
  • `Mathlib.Meta.FunProp.LambdaTheoremArgs.comp`
  • `Mathlib.Meta.FunProp.LambdaTheoremType.comp`
  • `Mathlib.Meta.FunProp.TheoremForm.comp`
  • `Mathlib.Tactic.BicategoryLike.Mor₁.comp`
  • `Mathlib.Tactic.BicategoryLike.Mor₂.comp`
  • `Mathlib.Tactic.BicategoryLike.Mor₂Iso.comp`
  • `Mathlib.Tactic.Coherence.LiftHom.comp`
  • `Tactic.ComputeAsymptotics.Seq.FriendlyOperation.comp`
  • `Tactic.ComputeAsymptotics.Seq.FriendlyOperationClass.comp`
  • `Tactic.ComputeAsymptotics.MultiseriesExpansion.Multiseries.FriendlyOperation.comp`
  • `Tactic.ComputeAsymptotics.MultiseriesExpansion.Multiseries.FriendlyOperationClass.comp`
error: lean/PvNP/RealizableHardness/ActualBinaryMatrixHC46TypedA14Energy.lean:72:9: Unknown identifier `typedLineReducedWitness`

Note: It is not possible to treat `typedLineReducedWitness` as an implicitly bound variable here because the `autoImplicit` option is set to `false`.
error: lean/PvNP/RealizableHardness/ActualBinaryMatrixHC46TypedA14Energy.lean:77:13: Invalid field notation: Type of
  N
is not known; cannot resolve field `comp`

Hint: Consider replacing the field projection with a call to one of the following:
  • `AbsoluteValue.comp`
  • `AddActionHom.comp`
  • `AddGroupSeminorm.comp`
  • `AddHom.comp`
  • `AddMonoidHom.comp`
  • `AffineMap.comp`
  • `AlgHom.comp`
  • `AlgebraicIndependent.comp`
  • `AntilipschitzWith.comp`
  • `Antitone.comp`
  • `AntitoneOn.comp`
  • `ApplicativeTransformation.comp`
  • `BiheytingHom.comp`
  • `BotHom.comp`
  • `BoundedContinuousFunction.comp`
  • `BoundedLatticeHom.comp`
  • `BoundedOrderHom.comp`
  • `CoheytingHom.comp`
  • `CompTriple.comp`
  • `CompleteLatticeHom.comp`
  • `ConcaveOn.comp`
  • `Continuous.comp`
  • `ContinuousAddMonoidHom.comp`
  • `ContinuousAlgHom.comp`
  • `ContinuousAt.comp`
  • `ContinuousLinearMap.comp`
  • `ContinuousMap.comp`
  • `ContinuousMonoidHom.comp`
  • `ContinuousOn.comp`
  • `ContinuousWithinAt.comp`
  • `ConvexOn.comp`
  • `DenseRange.comp`
  • `Dilation.comp`
  • `DistribMulActionHom.comp`
  • `Equicontinuous.comp`
  • `EquicontinuousAt.comp`
  • `EquicontinuousOn.comp`
  • `EquicontinuousWithinAt.comp`
  • `FrameHom.comp`
  • `Function.comp`
  • `GeneralizingMap.comp`
  • `GroupSeminorm.comp`
  • `HasOpenCGraph.comp`
  • `HasOpenLowerSections.comp`
  • `HasOpenLowerSectionsOn.comp`
  • `HeytingHom.comp`
  • `InfHom.comp`
  • `InfTopHom.comp`
  • `IsBaseChange.comp`
  • `IsClosedMap.comp`
  • `IsDvdSequence.comp`
  • `IsHomeomorph.comp`
  • `IsOpenMap.comp`
  • `IsOpenQuotientMap.comp`
  • `IsProperMap.comp`
  • `IsSpectralMap.comp`
  • `IsUniformEmbedding.comp`
  • `IsUniformInducing.comp`
  • `Isometry.comp`
  • `LatticeHom.comp`
  • `LeftOrdContinuous.comp`
  • `LinearIndependent.comp`
  • `LinearIsometry.comp`
  • `LinearMap.comp`
  • `LinearPMap.comp`
  • `LipschitzOnWith.comp`
  • `LipschitzWith.comp`
  • `LocallyBoundedMap.comp`
  • `LocallyLipschitz.comp`
  • `LowerHemicontinuous.comp`
  • `LowerHemicontinuousAt.comp`
  • `LowerHemicontinuousOn.comp`
  • `LowerHemicontinuousWithinAt.comp`
  • `LowerSemicontinuous.comp`
  • `LowerSemicontinuousAt.comp`
  • `LowerSemicontinuousOn.comp`
  • `LowerSemicontinuousWithinAt.comp`
  • `Matrix.comp`
  • `MonoidHom.comp`
  • `MonoidWithZeroHom.comp`
  • `Monotone.comp`
  • `MonotoneOn.comp`
  • `MulActionHom.comp`
  • `MulDistribMulActionHom.comp`
  • `MulHom.comp`
  • `MulSemiringActionHom.comp`
  • `NonUnitalAlgHom.comp`
  • `NonUnitalRingHom.comp`
  • `NonUnitalStarAlgHom.comp`
  • `NonUnitalStarRingHom.comp`
  • `NormedAddGroupHom.comp`
  • `OneHom.comp`
  • `OrderAddMonoidHom.comp`
  • `OrderEmbedding.comp`
  • `OrderHom.comp`
  • `OrderMonoidHom.comp`
  • `OrderMonoidWithZeroHom.comp`
  • `OrderRingHom.comp`
  • `Polynomial.comp`
  • `PolynomialModule.comp`
  • `Prefunctor.comp`
  • `RelHom.comp`
  • `RightOrdContinuous.comp`
  • `RingHom.comp`
  • `RingHomSurjective.comp`
  • `SMul.comp`
  • `ScottContinuous.comp`
  • `ScottContinuousOn.comp`
  • `Semicontinuous.comp`
  • `SemicontinuousAt.comp`
  • `SemicontinuousOn.comp`
  • `SemicontinuousWithinAt.comp`
  • `Seminorm.comp`
  • `SeminormFamily.comp`
  • `SetRel.comp`
  • `SpecializingMap.comp`
  • `SpectralMap.comp`
  • `StarAlgHom.comp`
  • `StarMonoidHom.comp`
  • `StrictAnti.comp`
  • `StrictAntiOn.comp`
  • `StrictConcaveOn.comp`
  • `StrictConvexOn.comp`
  • `StrictMono.comp`
  • `StrictMonoOn.comp`
  • `SupBotHom.comp`
  • `SupHom.comp`
  • `TendstoLocallyUniformly.comp`
  • `TendstoLocallyUniformlyOn.comp`
  • `TendstoUniformly.comp`
  • `TendstoUniformlyOn.comp`
  • `TendstoUniformlyOnFilter.comp`
  • `TopHom.comp`
  • `UniformCauchySeqOn.comp`
  • `UniformCauchySeqOnFilter.comp`
  • `UniformContinuous.comp`
  • `UniformContinuousOn.comp`
  • `UniformContinuous₂.comp`
  • `UniformEquicontinuous.comp`
  • `UniformEquicontinuousOn.comp`
  • `UniformSpace.comp`
  • `UpperHemicontinuous.comp`
  • `UpperHemicontinuousAt.comp`
  • `UpperHemicontinuousOn.comp`
  • `UpperHemicontinuousWithinAt.comp`
  • `UpperSemicontinuous.comp`
  • `UpperSemicontinuousAt.comp`
  • `UpperSemicontinuousOn.comp`
  • `UpperSemicontinuousWithinAt.comp`
  • `VAdd.comp`
  • `ZeroHom.comp`
  • `iSupIndep.comp`
  • `sInfHom.comp`
  • `sSupHom.comp`
  • `Aesop.GoalDiff.comp`
  • `AlgHom.Finite.comp`
  • `AlgHom.FinitePresentation.comp`
  • `AlgHom.FiniteType.comp`
  • `Algebra.EssFiniteType.comp`
  • `CategoryTheory.Adjunction.comp`
  • `CategoryTheory.CategoryStruct.comp`
  • `CategoryTheory.Functor.comp`
  • `CategoryTheory.FunctorToTypes.comp`
  • `CategoryTheory.Grothendieck.comp`
  • `CategoryTheory.LaxFunctor.comp`
  • `CategoryTheory.MorphismProperty.comp`
  • `CategoryTheory.OplaxFunctor.comp`
  • `CategoryTheory.PrelaxFunctor.comp`
  • `CategoryTheory.PrelaxFunctorStruct.comp`
  • `CategoryTheory.Pseudofunctor.comp`
  • `CategoryTheory.SplitEpi.comp`
  • `CategoryTheory.SplitMono.comp`
  • `Filter.EventuallyConst.comp`
  • `Filter.IsBoundedUnder.comp`
  • `Filter.Tendsto.comp`
  • `Filter.TendstoCofinite.comp`
  • `FreeAddGroup.map.comp`
  • `FreeGroup.map.comp`
  • `Function.Bijective.comp`
  • `Function.HasFiniteMulSupport.comp`
  • `Function.HasFiniteSupport.comp`
  • `Function.Injective.comp`
  • `Function.IsFixedPt.comp`
  • `Function.IsPartialInv.comp`
  • `Function.IsPeriodicPt.comp`
  • `Function.LeftInverse.comp`
  • `Function.Periodic.comp`
  • `Function.RightInverse.comp`
  • `Function.Semiconj₂.comp`
  • `Function.Surjective.comp`
  • `LinearMap.BilinForm.comp`
  • `LinearMap.IsAdjointPair.comp`
  • `Matrix.BlockTriangular.comp`
  • `MonoidHom.CompTriple.comp`
  • `MulChar.IsQuadratic.comp`
  • `NormedAddGroupHom.NormNoninc.comp`
  • `OmegaCompletePartialOrder.ContinuousHom.comp`
  • `OmegaCompletePartialOrder.ωScottContinuous.comp`
  • `Order.IsNormal.comp`
  • `Ordinal.IsFundamentalSeq.comp`
  • `Plausible.TotalFunction.comp`
  • `Polynomial.Monic.comp`
  • `Quiver.Path.comp`
  • `RingHom.Finite.comp`
  • `RingHom.FinitePresentation.comp`
  • `RingHom.FiniteType.comp`
  • `RingHom.SurjectiveOnStalks.comp`
  • `Set.BijOn.comp`
  • `Set.InjOn.comp`
  • `Set.InvOn.comp`
  • `Set.LeftInvOn.comp`
  • `Set.MapsTo.comp`
  • `Set.RightInvOn.comp`
  • `Set.SurjOn.comp`
  • `SetRel.IsRefl.comp`
  • `Topology.IsClosedEmbedding.comp`
  • `Topology.IsCoinducing.comp`
  • `Topology.IsEmbedding.comp`
  • `Topology.IsInducing.comp`
  • `Topology.IsOpenEmbedding.comp`
  • `Topology.IsQuotientMap.comp`
  • `TypeCat.Fun.comp`
  • `UniformSpace.Core.comp`
  • `CategoryTheory.FreeBicategory.Hom.comp`
  • `CategoryTheory.FreeMonoidalCategory.Hom.comp`
  • `CategoryTheory.FreeMonoidalCategory.HomEquiv.comp`
  • `CategoryTheory.Functor.Faithful.comp`
  • `CategoryTheory.Functor.Full.comp`
  • `CategoryTheory.Functor.FullyFaithful.comp`
  • `CategoryTheory.Functor.LaxMonoidal.comp`
  • `CategoryTheory.Functor.OplaxMonoidal.comp`
  • `CategoryTheory.Limits.HasImageMap.comp`
  • `CategoryTheory.Limits.WalkingParallelPairHom.comp`
  • `Module.End.invtSubmodule.comp`
  • `CategoryTheory.Comonad.Coalgebra.Hom.comp`
  • `CategoryTheory.FreeMonoidalCategory.HomEquiv.below.comp`
  • `CategoryTheory.Monad.Algebra.Hom.comp`
  • `Mathlib.Meta.FunProp.DecompositionResult.comp`
  • `Mathlib.Meta.FunProp.LambdaTheoremArgs.comp`
  • `Mathlib.Meta.FunProp.LambdaTheoremType.comp`
  • `Mathlib.Meta.FunProp.TheoremForm.comp`
  • `Mathlib.Tactic.BicategoryLike.Mor₁.comp`
  • `Mathlib.Tactic.BicategoryLike.Mor₂.comp`
  • `Mathlib.Tactic.BicategoryLike.Mor₂Iso.comp`
  • `Mathlib.Tactic.Coherence.LiftHom.comp`
  • `Tactic.ComputeAsymptotics.Seq.FriendlyOperation.comp`
  • `Tactic.ComputeAsymptotics.Seq.FriendlyOperationClass.comp`
  • `Tactic.ComputeAsymptotics.MultiseriesExpansion.Multiseries.FriendlyOperation.comp`
  • `Tactic.ComputeAsymptotics.MultiseriesExpansion.Multiseries.FriendlyOperationClass.comp`
error: lean/PvNP/RealizableHardness/ActualBinaryMatrixHC46TypedA14Energy.lean:90:9: Unknown identifier `typedHyperplaneReducedWitness`

Note: It is not possible to treat `typedHyperplaneReducedWitness` as an implicitly bound variable here because the `autoImplicit` option is set to `false`.
Some required targets logged failures:
- PvNP.RealizableHardness.ActualBinaryMatrixHC46TypedA14Energy
