⚠ [2202/2308] Replayed PvNP.RealizableHardness.BinaryMatrixFourier
warning: lean/PvNP/RealizableHardness/BinaryMatrixFourier.lean:126:8: `if_pos` has been deprecated: Use `ite_eq_left` instead
warning: lean/PvNP/RealizableHardness/BinaryMatrixFourier.lean:132:8: `if_neg` has been deprecated: Use `ite_eq_right` instead
⚠ [2204/2308] Replayed PvNP.RealizableHardness.BinaryMatrixHybridSelector
warning: lean/PvNP/RealizableHardness/BinaryMatrixHybridSelector.lean:71:8: `if_pos` has been deprecated: Use `ite_eq_left` instead
warning: lean/PvNP/RealizableHardness/BinaryMatrixHybridSelector.lean:90:8: `if_neg` has been deprecated: Use `ite_eq_right` instead
⚠ [2206/2308] Replayed PvNP.RealizableHardness.BinaryMatrixLineTranslation
warning: lean/PvNP/RealizableHardness/BinaryMatrixLineTranslation.lean:243:4: try 'simp' instead of 'simpa'

Note: This linter can be disabled with `set_option linter.unnecessarySimpa false`
warning: lean/PvNP/RealizableHardness/BinaryMatrixLineTranslation.lean:315:8: `if_neg` has been deprecated: Use `ite_eq_right` instead
warning: lean/PvNP/RealizableHardness/BinaryMatrixLineTranslation.lean:407:15: `if_neg` has been deprecated: Use `ite_eq_right` instead
warning: lean/PvNP/RealizableHardness/BinaryMatrixLineTranslation.lean:433:41: This simp argument is unused:
  s

Hint: Omit it from the simp argument list.
  [apply] simp [hs, hr]

Note: This linter can be disabled with `set_option linter.unusedSimpArgs false`
warning: lean/PvNP/RealizableHardness/BinaryMatrixLineTranslation.lean:555:15: `if_neg` has been deprecated: Use `ite_eq_right` instead
warning: lean/PvNP/RealizableHardness/BinaryMatrixLineTranslation.lean:592:57: This simp argument is unused:
  mul_assoc

Hint: Omit it from the simp argument list.
  [apply] simp [hr, hs]

Note: This linter can be disabled with `set_option linter.unusedSimpArgs false`
⚠ [2207/2308] Replayed PvNP.RealizableHardness.BinaryMatrixLineA14
warning: lean/PvNP/RealizableHardness/BinaryMatrixLineA14.lean:88:8: `if_pos` has been deprecated: Use `ite_eq_left` instead
warning: lean/PvNP/RealizableHardness/BinaryMatrixLineA14.lean:97:8: `if_neg` has been deprecated: Use `ite_eq_right` instead
⚠ [2218/2308] Replayed PvNP.RealizableHardness.BinaryMatrixComplexA15
warning: lean/PvNP/RealizableHardness/BinaryMatrixComplexA15.lean:35:4: Unused tactic linter: `change fibreEnergy R.fibre f ≤ ε` does nothing

Note: This linter can be disabled with `set_option linter.unusedTactic false`
warning: lean/PvNP/RealizableHardness/BinaryMatrixComplexA15.lean:46:2: Unused tactic linter: `change fibreEnergy Q.fibre f ≤ ε` does nothing

Note: This linter can be disabled with `set_option linter.unusedTactic false`
warning: lean/PvNP/RealizableHardness/BinaryMatrixComplexA15.lean:184:24: This simp argument is unused:
  zero_add

Hint: Omit it from the simp argument list.
  [apply] simp only [Complex.normSq_apply, Complex.sub_re, Complex.sub_im, Complex.mul_re, Complex.mul_im,
    Complex.ofReal_re, Complex.ofReal_im, zero_mul, sub_zero, mul_zero]

Note: This linter can be disabled with `set_option linter.unusedSimpArgs false`
warning: lean/PvNP/RealizableHardness/BinaryMatrixComplexA15.lean:184:34: This simp argument is unused:
  mul_zero

Hint: Omit it from the simp argument list.
  [apply] simp only [Complex.normSq_apply, Complex.sub_re, Complex.sub_im, Complex.mul_re, Complex.mul_im,
    Complex.ofReal_re, Complex.ofReal_im, zero_mul, sub_zero, zero_add]

Note: This linter can be disabled with `set_option linter.unusedSimpArgs false`
⚠ [2285/2308] Replayed PvNP.RealizableHardness.BinaryMatrixA1TypedFourier
warning: lean/PvNP/RealizableHardness/BinaryMatrixA1TypedFourier.lean:198:8: `if_pos` has been deprecated: Use `ite_eq_left` instead
warning: lean/PvNP/RealizableHardness/BinaryMatrixA1TypedFourier.lean:204:8: `if_neg` has been deprecated: Use `ite_eq_right` instead
warning: lean/PvNP/RealizableHardness/BinaryMatrixA1TypedFourier.lean:236:8: `if_pos` has been deprecated: Use `ite_eq_left` instead
warning: lean/PvNP/RealizableHardness/BinaryMatrixA1TypedFourier.lean:242:8: `if_neg` has been deprecated: Use `ite_eq_right` instead
⚠ [2287/2308] Replayed PvNP.RealizableHardness.BinaryMatrixA1CoefficientTransfer
warning: lean/PvNP/RealizableHardness/BinaryMatrixA1CoefficientTransfer.lean:111:15: `if_pos` has been deprecated: Use `ite_eq_left` instead
⚠ [2288/2308] Replayed PvNP.RealizableHardness.BinaryMatrixA1Composition
warning: lean/PvNP/RealizableHardness/BinaryMatrixA1Composition.lean:40:15: `if_pos` has been deprecated: Use `ite_eq_left` instead
warning: lean/PvNP/RealizableHardness/BinaryMatrixA1Composition.lean:102:5: Variable name `hA` is not explicitly referenced.

Hint: The binding can be removed (if unused) or named `_` (if used implicitly). Alternatively, prefix the name with `_` to silence this warning:
  [apply] _hA

Note: This linter can be disabled with `set_option linter.unusedVariables false`
warning: lean/PvNP/RealizableHardness/BinaryMatrixA1Composition.lean:102:20: Variable name `hB` is not explicitly referenced.

Hint: The binding can be removed (if unused) or named `_` (if used implicitly). Alternatively, prefix the name with `_` to silence this warning:
  [apply] _hB

Note: This linter can be disabled with `set_option linter.unusedVariables false`
warning: lean/PvNP/RealizableHardness/BinaryMatrixA1Composition.lean:172:43: `if_pos` has been deprecated: Use `ite_eq_left` instead
⚠ [3082/3096] Replayed PvNP.RealizableHardness.BinaryMatrixTypedA15HyperplaneGlobal
warning: lean/PvNP/RealizableHardness/BinaryMatrixTypedA15HyperplaneGlobal.lean:48:25: Variable name `hH` is not explicitly referenced.

Hint: The binding can be removed (if unused) or named `_` (if used implicitly). Alternatively, prefix the name with `_` to silence this warning:
  [apply] _hH

Note: This linter can be disabled with `set_option linter.unusedVariables false`
⚠ [3084/3096] Replayed PvNP.RealizableHardness.BinaryMatrixTypedA15HyperplaneReducedGlobal
warning: lean/PvNP/RealizableHardness/BinaryMatrixTypedA15HyperplaneReducedGlobal.lean:54:25: Variable name `hH` is not explicitly referenced.

Hint: The binding can be removed (if unused) or named `_` (if used implicitly). Alternatively, prefix the name with `_` to silence this warning:
  [apply] _hH

Note: This linter can be disabled with `set_option linter.unusedVariables false`
warning: lean/PvNP/RealizableHardness/BinaryMatrixTypedA15HyperplaneReducedGlobal.lean:64:25: Variable name `hH` is not explicitly referenced.

Hint: The binding can be removed (if unused) or named `_` (if used implicitly). Alternatively, prefix the name with `_` to silence this warning:
  [apply] _hH

Note: This linter can be disabled with `set_option linter.unusedVariables false`
warning: lean/PvNP/RealizableHardness/BinaryMatrixTypedA15HyperplaneReducedGlobal.lean:84:25: Variable name `hH` is not explicitly referenced.

Hint: The binding can be removed (if unused) or named `_` (if used implicitly). Alternatively, prefix the name with `_` to silence this warning:
  [apply] _hH

Note: This linter can be disabled with `set_option linter.unusedVariables false`
warning: lean/PvNP/RealizableHardness/BinaryMatrixTypedA15HyperplaneReducedGlobal.lean:98:25: Variable name `hH` is not explicitly referenced.

Hint: The binding can be removed (if unused) or named `_` (if used implicitly). Alternatively, prefix the name with `_` to silence this warning:
  [apply] _hH

Note: This linter can be disabled with `set_option linter.unusedVariables false`
warning: lean/PvNP/RealizableHardness/BinaryMatrixTypedA15HyperplaneReducedGlobal.lean:236:25: Variable name `hH` is not explicitly referenced.

Hint: The binding can be removed (if unused) or named `_` (if used implicitly). Alternatively, prefix the name with `_` to silence this warning:
  [apply] _hH

Note: This linter can be disabled with `set_option linter.unusedVariables false`
⚠ [3086/3096] Replayed PvNP.RealizableHardness.BinaryMatrixTypedA14HyperplaneReduced
warning: lean/PvNP/RealizableHardness/BinaryMatrixTypedA14HyperplaneReduced.lean:35:55: Variable name `hH` is not explicitly referenced.

Hint: The binding can be removed (if unused) or named `_` (if used implicitly). Alternatively, prefix the name with `_` to silence this warning:
  [apply] _hH

Note: This linter can be disabled with `set_option linter.unusedVariables false`
warning: lean/PvNP/RealizableHardness/BinaryMatrixTypedA14HyperplaneReduced.lean:119:55: Variable name `hH` is not explicitly referenced.

Hint: The binding can be removed (if unused) or named `_` (if used implicitly). Alternatively, prefix the name with `_` to silence this warning:
  [apply] _hH

Note: This linter can be disabled with `set_option linter.unusedVariables false`
⚠ [3088/3096] Replayed PvNP.RealizableHardness.BinaryMatrixA15BaseCase
warning: lean/PvNP/RealizableHardness/BinaryMatrixA15BaseCase.lean:31:4: Try this: 
  haveI̵

The goal is a proposition, so `have` is preferred over `haveI`.
The difference between `have` and `haveI` is that `haveI` inlines the value.
But this is not relevant for proofs because of proof irrelevance.

Note: This linter can be disabled with `set_option linter.style.haveILetI false`
⚠ [3091/3096] Replayed PvNP.RealizableHardness.ActualBinaryMatrixHC46CommonDerivative
warning: lean/PvNP/RealizableHardness/ActualBinaryMatrixHC46CommonDerivative.lean:80:13: `if_pos` has been deprecated: Use `ite_eq_left` instead
⚠ [3092/3096] Replayed PvNP.RealizableHardness.ActualBinaryMatrixHC46FourierA16
warning: lean/PvNP/RealizableHardness/ActualBinaryMatrixHC46FourierA16.lean:70:51: This simp argument is unused:
  hj

Hint: Omit it from the simp argument list.
  [apply] simp [u, v, fourierCoeff_rankProjection, hi, hij]

Note: This linter can be disabled with `set_option linter.unusedSimpArgs false`
warning: lean/PvNP/RealizableHardness/ActualBinaryMatrixHC46FourierA16.lean:72:49: This simp argument is unused:
  hi

Hint: Omit it from the simp argument list.
  [apply] simp [u, v, fourierCoeff_rankProjection, hj, hij.symm]

Note: This linter can be disabled with `set_option linter.unusedSimpArgs false`
warning: lean/PvNP/RealizableHardness/ActualBinaryMatrixHC46FourierA16.lean:73:57: This simp argument is unused:
  hij

Hint: Omit it from the simp argument list.
  [apply] simp [u, v, fourierCoeff_rankProjection, hi, hj, hij.symm]

Note: This linter can be disabled with `set_option linter.unusedSimpArgs false`
warning: lean/PvNP/RealizableHardness/ActualBinaryMatrixHC46FourierA16.lean:73:62: This simp argument is unused:
  hij.symm

Hint: Omit it from the simp argument list.
  [apply] simp [u, v, fourierCoeff_rankProjection, hi, hj, hij]

Note: This linter can be disabled with `set_option linter.unusedSimpArgs false`
ℹ [3096/3096] Built PvNP.RealizableHardness.ActualBinaryMatrixHC46TypedFourierTransportChecks (2.3s)
info: lean/PvNP/RealizableHardness/ActualBinaryMatrixHC46TypedFourierTransportChecks.lean:7:0: PvNP.RealizableHardness.ActualBinaryMatrixHC46TypedFourierTransport.carrierFrequencyEquiv {n d : ℕ}
  (A :
    Submodule PvNP.RealizableHardness.ActualBinaryMatrixHC46TypedFourierTransport.F✝
      (PvNP.RealizableHardness.ActualBinaryMatrixHC46TypedFourierTransport.V✝ d))
  (B :
    Submodule PvNP.RealizableHardness.ActualBinaryMatrixHC46TypedFourierTransport.F✝
      (PvNP.RealizableHardness.ActualBinaryMatrixHC46TypedFourierTransport.W✝ n)) :
  (↥B →ₗ[PvNP.RealizableHardness.ActualBinaryMatrixHC46TypedFourierTransport.F✝]
      PvNP.RealizableHardness.ActualBinaryMatrixHC46TypedFourierTransport.V✝ d ⧸
        A) ≃ₗ[PvNP.RealizableHardness.ActualBinaryMatrixHC46TypedFourierTransport.F✝]
    BinaryMatrixFourier.BinaryMatrix
      (Module.finrank PvNP.RealizableHardness.ActualBinaryMatrixHC46TypedFourierTransport.F✝ ↥B)
      (Module.finrank PvNP.RealizableHardness.ActualBinaryMatrixHC46TypedFourierTransport.F✝
        (PvNP.RealizableHardness.ActualBinaryMatrixHC46TypedFourierTransport.V✝ d ⧸ A))
info: lean/PvNP/RealizableHardness/ActualBinaryMatrixHC46TypedFourierTransportChecks.lean:8:0: PvNP.RealizableHardness.ActualBinaryMatrixHC46TypedFourierTransport.carrierFrequency_toLin {n d : ℕ}
  (A :
    Submodule PvNP.RealizableHardness.ActualBinaryMatrixHC46TypedFourierTransport.F✝
      (PvNP.RealizableHardness.ActualBinaryMatrixHC46TypedFourierTransport.V✝ d))
  (B :
    Submodule PvNP.RealizableHardness.ActualBinaryMatrixHC46TypedFourierTransport.F✝
      (PvNP.RealizableHardness.ActualBinaryMatrixHC46TypedFourierTransport.W✝ n))
  (Y :
    ↥B →ₗ[PvNP.RealizableHardness.ActualBinaryMatrixHC46TypedFourierTransport.F✝]
      PvNP.RealizableHardness.ActualBinaryMatrixHC46TypedFourierTransport.V✝ d ⧸ A) :
  Matrix.toLin' (Matrix.transpose ((carrierFrequencyEquiv A B) Y)) =
    ↑(BinaryMatrixTypedA15Transport.domainBasis A).equivFun ∘ₗ
      Y ∘ₗ ↑(BinaryMatrixTypedA15Transport.codomainBasis B).equivFun.symm
info: lean/PvNP/RealizableHardness/ActualBinaryMatrixHC46TypedFourierTransportChecks.lean:9:0: PvNP.RealizableHardness.ActualBinaryMatrixHC46TypedFourierTransport.carrierMatrix_toLin {n d : ℕ}
  (A :
    Submodule PvNP.RealizableHardness.ActualBinaryMatrixHC46TypedFourierTransport.F✝
      (PvNP.RealizableHardness.ActualBinaryMatrixHC46TypedFourierTransport.V✝ d))
  (B :
    Submodule PvNP.RealizableHardness.ActualBinaryMatrixHC46TypedFourierTransport.F✝
      (PvNP.RealizableHardness.ActualBinaryMatrixHC46TypedFourierTransport.W✝ n))
  (M :
    PvNP.RealizableHardness.ActualBinaryMatrixHC46TypedFourierTransport.V✝ d ⧸
        A →ₗ[PvNP.RealizableHardness.ActualBinaryMatrixHC46TypedFourierTransport.F✝]
      ↥B) :
  Matrix.toLin' ((BinaryMatrixTypedA15Transport.carrierMatrixEquiv A B) M) =
    ↑(BinaryMatrixTypedA15Transport.codomainBasis B).equivFun ∘ₗ
      M ∘ₗ ↑(BinaryMatrixTypedA15Transport.domainBasis A).equivFun.symm
info: lean/PvNP/RealizableHardness/ActualBinaryMatrixHC46TypedFourierTransportChecks.lean:10:0: PvNP.RealizableHardness.ActualBinaryMatrixHC46TypedFourierTransport.carrierMean_coordinate {n d : ℕ}
  (A :
    Submodule PvNP.RealizableHardness.ActualBinaryMatrixHC46TypedFourierTransport.F✝
      (PvNP.RealizableHardness.ActualBinaryMatrixHC46TypedFourierTransport.V✝ d))
  (B :
    Submodule PvNP.RealizableHardness.ActualBinaryMatrixHC46TypedFourierTransport.F✝
      (PvNP.RealizableHardness.ActualBinaryMatrixHC46TypedFourierTransport.W✝ n))
  (g :
    (PvNP.RealizableHardness.ActualBinaryMatrixHC46TypedFourierTransport.V✝ d ⧸
          A →ₗ[PvNP.RealizableHardness.ActualBinaryMatrixHC46TypedFourierTransport.F✝]
        ↥B) →
      ℝ) :
  BinaryMatrixA1TypedFourier.carrierMean A B g =
    BinaryMatrixFourier.uniformMean fun X => g ((BinaryMatrixTypedA15Transport.carrierMatrixEquiv A B).symm X)
info: lean/PvNP/RealizableHardness/ActualBinaryMatrixHC46TypedFourierTransportChecks.lean:11:0: PvNP.RealizableHardness.ActualBinaryMatrixHC46TypedFourierTransport.carrierComplexEnergy_coordinate {n d : ℕ}
  (A :
    Submodule PvNP.RealizableHardness.ActualBinaryMatrixHC46TypedFourierTransport.F✝
      (PvNP.RealizableHardness.ActualBinaryMatrixHC46TypedFourierTransport.V✝ d))
  (B :
    Submodule PvNP.RealizableHardness.ActualBinaryMatrixHC46TypedFourierTransport.F✝
      (PvNP.RealizableHardness.ActualBinaryMatrixHC46TypedFourierTransport.W✝ n))
  (g :
    (PvNP.RealizableHardness.ActualBinaryMatrixHC46TypedFourierTransport.V✝ d ⧸
          A →ₗ[PvNP.RealizableHardness.ActualBinaryMatrixHC46TypedFourierTransport.F✝]
        ↥B) →
      ℂ) :
  (BinaryMatrixA1TypedFourier.carrierMean A B fun M => Complex.normSq (g M)) =
    BinaryMatrixFourier.uniformMean fun X =>
      Complex.normSq (g ((BinaryMatrixTypedA15Transport.carrierMatrixEquiv A B).symm X))
info: lean/PvNP/RealizableHardness/ActualBinaryMatrixHC46TypedFourierTransportChecks.lean:12:0: PvNP.RealizableHardness.ActualBinaryMatrixHC46TypedFourierTransport.carrierFrequency_tracePair {n d : ℕ}
  (A :
    Submodule PvNP.RealizableHardness.ActualBinaryMatrixHC46TypedFourierTransport.F✝
      (PvNP.RealizableHardness.ActualBinaryMatrixHC46TypedFourierTransport.V✝ d))
  (B :
    Submodule PvNP.RealizableHardness.ActualBinaryMatrixHC46TypedFourierTransport.F✝
      (PvNP.RealizableHardness.ActualBinaryMatrixHC46TypedFourierTransport.W✝ n))
  (Y :
    ↥B →ₗ[PvNP.RealizableHardness.ActualBinaryMatrixHC46TypedFourierTransport.F✝]
      PvNP.RealizableHardness.ActualBinaryMatrixHC46TypedFourierTransport.V✝ d ⧸ A)
  (M :
    PvNP.RealizableHardness.ActualBinaryMatrixHC46TypedFourierTransport.V✝ d ⧸
        A →ₗ[PvNP.RealizableHardness.ActualBinaryMatrixHC46TypedFourierTransport.F✝]
      ↥B) :
  BinaryMatrixA1Phase.tracePair Y M =
    BinaryMatrixFourier.pairing ((carrierFrequencyEquiv A B) Y)
      ((BinaryMatrixTypedA15Transport.carrierMatrixEquiv A B) M)
info: lean/PvNP/RealizableHardness/ActualBinaryMatrixHC46TypedFourierTransportChecks.lean:13:0: PvNP.RealizableHardness.ActualBinaryMatrixHC46TypedFourierTransport.carrierFrequency_rank {n d : ℕ}
  (A :
    Submodule PvNP.RealizableHardness.ActualBinaryMatrixHC46TypedFourierTransport.F✝
      (PvNP.RealizableHardness.ActualBinaryMatrixHC46TypedFourierTransport.V✝ d))
  (B :
    Submodule PvNP.RealizableHardness.ActualBinaryMatrixHC46TypedFourierTransport.F✝
      (PvNP.RealizableHardness.ActualBinaryMatrixHC46TypedFourierTransport.W✝ n))
  (Y :
    ↥B →ₗ[PvNP.RealizableHardness.ActualBinaryMatrixHC46TypedFourierTransport.F✝]
      PvNP.RealizableHardness.ActualBinaryMatrixHC46TypedFourierTransport.V✝ d ⧸ A) :
  Matrix.rank ((carrierFrequencyEquiv A B) Y) =
    Module.finrank PvNP.RealizableHardness.ActualBinaryMatrixHC46TypedFourierTransport.F✝ ↥Y.range
info: lean/PvNP/RealizableHardness/ActualBinaryMatrixHC46TypedFourierTransportChecks.lean:14:0: PvNP.RealizableHardness.ActualBinaryMatrixHC46TypedFourierTransport.carrierFrequency_character {n d : ℕ}
  (A :
    Submodule PvNP.RealizableHardness.ActualBinaryMatrixHC46TypedFourierTransport.F✝
      (PvNP.RealizableHardness.ActualBinaryMatrixHC46TypedFourierTransport.V✝ d))
  (B :
    Submodule PvNP.RealizableHardness.ActualBinaryMatrixHC46TypedFourierTransport.F✝
      (PvNP.RealizableHardness.ActualBinaryMatrixHC46TypedFourierTransport.W✝ n))
  (Y :
    ↥B →ₗ[PvNP.RealizableHardness.ActualBinaryMatrixHC46TypedFourierTransport.F✝]
      PvNP.RealizableHardness.ActualBinaryMatrixHC46TypedFourierTransport.V✝ d ⧸ A)
  (M :
    PvNP.RealizableHardness.ActualBinaryMatrixHC46TypedFourierTransport.V✝ d ⧸
        A →ₗ[PvNP.RealizableHardness.ActualBinaryMatrixHC46TypedFourierTransport.F✝]
      ↥B) :
  BinaryMatrixA1Phase.traceCharacter Y M =
    BinaryMatrixFourier.character ((carrierFrequencyEquiv A B) Y)
      ((BinaryMatrixTypedA15Transport.carrierMatrixEquiv A B) M)
info: lean/PvNP/RealizableHardness/ActualBinaryMatrixHC46TypedFourierTransportChecks.lean:15:0: PvNP.RealizableHardness.ActualBinaryMatrixHC46TypedFourierTransport.carrierFourierCoeff_coordinate {n d : ℕ}
  (A :
    Submodule PvNP.RealizableHardness.ActualBinaryMatrixHC46TypedFourierTransport.F✝
      (PvNP.RealizableHardness.ActualBinaryMatrixHC46TypedFourierTransport.V✝ d))
  (B :
    Submodule PvNP.RealizableHardness.ActualBinaryMatrixHC46TypedFourierTransport.F✝
      (PvNP.RealizableHardness.ActualBinaryMatrixHC46TypedFourierTransport.W✝ n))
  (f :
    (PvNP.RealizableHardness.ActualBinaryMatrixHC46TypedFourierTransport.V✝ d ⧸
          A →ₗ[PvNP.RealizableHardness.ActualBinaryMatrixHC46TypedFourierTransport.F✝]
        ↥B) →
      ℂ)
  (Y :
    ↥B →ₗ[PvNP.RealizableHardness.ActualBinaryMatrixHC46TypedFourierTransport.F✝]
      PvNP.RealizableHardness.ActualBinaryMatrixHC46TypedFourierTransport.V✝ d ⧸ A) :
  BinaryMatrixA1Complex.complexCarrierFourierCoeff A B f Y =
    BinaryMatrixA1Complex.complexFourierCoeff
      (fun X => f ((BinaryMatrixTypedA15Transport.carrierMatrixEquiv A B).symm X)) ((carrierFrequencyEquiv A B) Y)
info: lean/PvNP/RealizableHardness/ActualBinaryMatrixHC46TypedFourierTransportChecks.lean:16:0: PvNP.RealizableHardness.ActualBinaryMatrixHC46TypedFourierTransport.carrierTypedComplexRankProjection {n d : ℕ}
  (A :
    Submodule PvNP.RealizableHardness.ActualBinaryMatrixHC46TypedFourierTransport.F✝
      (PvNP.RealizableHardness.ActualBinaryMatrixHC46TypedFourierTransport.V✝ d))
  (B :
    Submodule PvNP.RealizableHardness.ActualBinaryMatrixHC46TypedFourierTransport.F✝
      (PvNP.RealizableHardness.ActualBinaryMatrixHC46TypedFourierTransport.W✝ n))
  (j : ℕ)
  (f :
    (PvNP.RealizableHardness.ActualBinaryMatrixHC46TypedFourierTransport.V✝ d ⧸
          A →ₗ[PvNP.RealizableHardness.ActualBinaryMatrixHC46TypedFourierTransport.F✝]
        ↥B) →
      ℂ)
  (M :
    PvNP.RealizableHardness.ActualBinaryMatrixHC46TypedFourierTransport.V✝ d ⧸
        A →ₗ[PvNP.RealizableHardness.ActualBinaryMatrixHC46TypedFourierTransport.F✝]
      ↥B) :
  ℂ
info: lean/PvNP/RealizableHardness/ActualBinaryMatrixHC46TypedFourierTransportChecks.lean:17:0: PvNP.RealizableHardness.ActualBinaryMatrixHC46TypedFourierTransport.carrierTypedRankProjection_eq_A14Line {n d j : ℕ}
  (A :
    Submodule PvNP.RealizableHardness.ActualBinaryMatrixHC46TypedFourierTransport.F✝
      (PvNP.RealizableHardness.ActualBinaryMatrixHC46TypedFourierTransport.V✝ d))
  (B :
    Submodule PvNP.RealizableHardness.ActualBinaryMatrixHC46TypedFourierTransport.F✝
      (PvNP.RealizableHardness.ActualBinaryMatrixHC46TypedFourierTransport.W✝ n))
  (f :
    (PvNP.RealizableHardness.ActualBinaryMatrixHC46TypedFourierTransport.V✝ d ⧸
          A →ₗ[PvNP.RealizableHardness.ActualBinaryMatrixHC46TypedFourierTransport.F✝]
        ↥B) →
      ℂ)
  (M :
    PvNP.RealizableHardness.ActualBinaryMatrixHC46TypedFourierTransport.V✝ d ⧸
        A →ₗ[PvNP.RealizableHardness.ActualBinaryMatrixHC46TypedFourierTransport.F✝]
      ↥B) :
  carrierTypedComplexRankProjection A B j f M = BinaryMatrixTypedA14Line.typedComplexRankProjection A B j f M
info: lean/PvNP/RealizableHardness/ActualBinaryMatrixHC46TypedFourierTransportChecks.lean:18:0: PvNP.RealizableHardness.ActualBinaryMatrixHC46TypedFourierTransport.carrierTypedRankProjection_coordinate {n d j : ℕ}
  (A :
    Submodule PvNP.RealizableHardness.ActualBinaryMatrixHC46TypedFourierTransport.F✝
      (PvNP.RealizableHardness.ActualBinaryMatrixHC46TypedFourierTransport.V✝ d))
  (B :
    Submodule PvNP.RealizableHardness.ActualBinaryMatrixHC46TypedFourierTransport.F✝
      (PvNP.RealizableHardness.ActualBinaryMatrixHC46TypedFourierTransport.W✝ n))
  (f :
    (PvNP.RealizableHardness.ActualBinaryMatrixHC46TypedFourierTransport.V✝ d ⧸
          A →ₗ[PvNP.RealizableHardness.ActualBinaryMatrixHC46TypedFourierTransport.F✝]
        ↥B) →
      ℂ)
  (M :
    PvNP.RealizableHardness.ActualBinaryMatrixHC46TypedFourierTransport.V✝ d ⧸
        A →ₗ[PvNP.RealizableHardness.ActualBinaryMatrixHC46TypedFourierTransport.F✝]
      ↥B) :
  carrierTypedComplexRankProjection A B j f M =
    BinaryMatrixComplexA14.complexRankProjection j
      (fun X => f ((BinaryMatrixTypedA15Transport.carrierMatrixEquiv A B).symm X))
      ((BinaryMatrixTypedA15Transport.carrierMatrixEquiv A B) M)
info: lean/PvNP/RealizableHardness/ActualBinaryMatrixHC46TypedFourierTransportChecks.lean:19:0: PvNP.RealizableHardness.ActualBinaryMatrixHC46TypedFourierTransport.CarrierComplexFourierSupportedThrough {n d : ℕ}
  (A :
    Submodule PvNP.RealizableHardness.ActualBinaryMatrixHC46TypedFourierTransport.F✝
      (PvNP.RealizableHardness.ActualBinaryMatrixHC46TypedFourierTransport.V✝ d))
  (B :
    Submodule PvNP.RealizableHardness.ActualBinaryMatrixHC46TypedFourierTransport.F✝
      (PvNP.RealizableHardness.ActualBinaryMatrixHC46TypedFourierTransport.W✝ n))
  (D : ℕ)
  (f :
    (PvNP.RealizableHardness.ActualBinaryMatrixHC46TypedFourierTransport.V✝ d ⧸
          A →ₗ[PvNP.RealizableHardness.ActualBinaryMatrixHC46TypedFourierTransport.F✝]
        ↥B) →
      ℂ) :
  Prop
info: lean/PvNP/RealizableHardness/ActualBinaryMatrixHC46TypedFourierTransportChecks.lean:20:0: PvNP.RealizableHardness.ActualBinaryMatrixHC46TypedFourierTransport.carrierFourier_support_iff_coordinate {n d : ℕ}
  (A :
    Submodule PvNP.RealizableHardness.ActualBinaryMatrixHC46TypedFourierTransport.F✝
      (PvNP.RealizableHardness.ActualBinaryMatrixHC46TypedFourierTransport.V✝ d))
  (B :
    Submodule PvNP.RealizableHardness.ActualBinaryMatrixHC46TypedFourierTransport.F✝
      (PvNP.RealizableHardness.ActualBinaryMatrixHC46TypedFourierTransport.W✝ n))
  (D : ℕ)
  (f :
    (PvNP.RealizableHardness.ActualBinaryMatrixHC46TypedFourierTransport.V✝ d ⧸
          A →ₗ[PvNP.RealizableHardness.ActualBinaryMatrixHC46TypedFourierTransport.F✝]
        ↥B) →
      ℂ) :
  CarrierComplexFourierSupportedThrough A B D f ↔
    ActualFiniteDegreeFourierReconstruction.ComplexFourierSupportedThrough D fun X =>
      f ((BinaryMatrixTypedA15Transport.carrierMatrixEquiv A B).symm X)
info: lean/PvNP/RealizableHardness/ActualBinaryMatrixHC46TypedFourierTransportChecks.lean:22:0: 'PvNP.RealizableHardness.ActualBinaryMatrixHC46TypedFourierTransport.carrierFrequency_toLin' depends on axioms: [propext,
 Classical.choice,
 Quot.sound]
info: lean/PvNP/RealizableHardness/ActualBinaryMatrixHC46TypedFourierTransportChecks.lean:23:0: 'PvNP.RealizableHardness.ActualBinaryMatrixHC46TypedFourierTransport.carrierMatrix_toLin' depends on axioms: [propext,
 Classical.choice,
 Quot.sound]
info: lean/PvNP/RealizableHardness/ActualBinaryMatrixHC46TypedFourierTransportChecks.lean:24:0: 'PvNP.RealizableHardness.ActualBinaryMatrixHC46TypedFourierTransport.carrierMean_coordinate' depends on axioms: [propext,
 Classical.choice,
 Quot.sound]
info: lean/PvNP/RealizableHardness/ActualBinaryMatrixHC46TypedFourierTransportChecks.lean:25:0: 'PvNP.RealizableHardness.ActualBinaryMatrixHC46TypedFourierTransport.carrierComplexEnergy_coordinate' depends on axioms: [propext,
 Classical.choice,
 Quot.sound]
info: lean/PvNP/RealizableHardness/ActualBinaryMatrixHC46TypedFourierTransportChecks.lean:26:0: 'PvNP.RealizableHardness.ActualBinaryMatrixHC46TypedFourierTransport.carrierFrequency_tracePair' depends on axioms: [propext,
 Classical.choice,
 Quot.sound]
info: lean/PvNP/RealizableHardness/ActualBinaryMatrixHC46TypedFourierTransportChecks.lean:27:0: 'PvNP.RealizableHardness.ActualBinaryMatrixHC46TypedFourierTransport.carrierFrequency_rank' depends on axioms: [propext,
 Classical.choice,
 Quot.sound]
info: lean/PvNP/RealizableHardness/ActualBinaryMatrixHC46TypedFourierTransportChecks.lean:28:0: 'PvNP.RealizableHardness.ActualBinaryMatrixHC46TypedFourierTransport.carrierFrequency_character' depends on axioms: [propext,
 Classical.choice,
 Quot.sound]
info: lean/PvNP/RealizableHardness/ActualBinaryMatrixHC46TypedFourierTransportChecks.lean:29:0: 'PvNP.RealizableHardness.ActualBinaryMatrixHC46TypedFourierTransport.carrierFourierCoeff_coordinate' depends on axioms: [propext,
 Classical.choice,
 Quot.sound]
info: lean/PvNP/RealizableHardness/ActualBinaryMatrixHC46TypedFourierTransportChecks.lean:30:0: 'PvNP.RealizableHardness.ActualBinaryMatrixHC46TypedFourierTransport.carrierTypedRankProjection_coordinate' depends on axioms: [propext,
 Classical.choice,
 Quot.sound]
info: lean/PvNP/RealizableHardness/ActualBinaryMatrixHC46TypedFourierTransportChecks.lean:31:0: 'PvNP.RealizableHardness.ActualBinaryMatrixHC46TypedFourierTransport.carrierTypedRankProjection_eq_A14Line' depends on axioms: [propext,
 Classical.choice,
 Quot.sound]
info: lean/PvNP/RealizableHardness/ActualBinaryMatrixHC46TypedFourierTransportChecks.lean:32:0: 'PvNP.RealizableHardness.ActualBinaryMatrixHC46TypedFourierTransport.carrierFourier_support_iff_coordinate' depends on axioms: [propext,
 Classical.choice,
 Quot.sound]
Build completed successfully (3096 jobs).
