⚠ [2203/2221] Replayed PvNP.RealizableHardness.BinaryMatrixFourier
warning: lean/PvNP/RealizableHardness/BinaryMatrixFourier.lean:126:8: `if_pos` has been deprecated: Use `ite_eq_left` instead
warning: lean/PvNP/RealizableHardness/BinaryMatrixFourier.lean:132:8: `if_neg` has been deprecated: Use `ite_eq_right` instead
⚠ [2205/2221] Replayed PvNP.RealizableHardness.BinaryMatrixHybridSelector
warning: lean/PvNP/RealizableHardness/BinaryMatrixHybridSelector.lean:71:8: `if_pos` has been deprecated: Use `ite_eq_left` instead
warning: lean/PvNP/RealizableHardness/BinaryMatrixHybridSelector.lean:90:8: `if_neg` has been deprecated: Use `ite_eq_right` instead
⚠ [2207/2221] Replayed PvNP.RealizableHardness.BinaryMatrixLineTranslation
warning: lean/PvNP/RealizableHardness/BinaryMatrixLineTranslation.lean:243:4: try 'simp' instead of 'simpa'

Note: This linter can be disabled with `set_option linter.unnecessarySimpa false`
warning: lean/PvNP/RealizableHardness/BinaryMatrixLineTranslation.lean:315:8: `if_neg` has been deprecated: Use `ite_eq_right` instead
warning: lean/PvNP/RealizableHardness/BinaryMatrixLineTranslation.lean:407:15: `if_neg` has been deprecated: Use `ite_eq_right` instead
warning: lean/PvNP/RealizableHardness/BinaryMatrixLineTranslation.lean:433:41: This simp argument is unused:
  s

Hint: Omit it from the simp argument list.
  [apply] simp [hs, hr]

Note: This linter can be disabled with `set_option linter.unusedSimpArgs false`
warning: lean/PvNP/RealizableHardness/BinaryMatrixLineTranslation.lean:555:15: `if_neg` has been deprecated: Use `ite_eq_right` instead
warning: lean/PvNP/RealizableHardness/BinaryMatrixLineTranslation.lean:592:57: This simp argument is unused:
  mul_assoc

Hint: Omit it from the simp argument list.
  [apply] simp [hr, hs]

Note: This linter can be disabled with `set_option linter.unusedSimpArgs false`
⚠ [2208/2221] Replayed PvNP.RealizableHardness.BinaryMatrixLineA14
warning: lean/PvNP/RealizableHardness/BinaryMatrixLineA14.lean:88:8: `if_pos` has been deprecated: Use `ite_eq_left` instead
warning: lean/PvNP/RealizableHardness/BinaryMatrixLineA14.lean:97:8: `if_neg` has been deprecated: Use `ite_eq_right` instead
⚠ [2219/2221] Replayed PvNP.RealizableHardness.BinaryMatrixComplexA15
warning: lean/PvNP/RealizableHardness/BinaryMatrixComplexA15.lean:35:4: Unused tactic linter: `change fibreEnergy R.fibre f ≤ ε` does nothing

Note: This linter can be disabled with `set_option linter.unusedTactic false`
warning: lean/PvNP/RealizableHardness/BinaryMatrixComplexA15.lean:46:2: Unused tactic linter: `change fibreEnergy Q.fibre f ≤ ε` does nothing

Note: This linter can be disabled with `set_option linter.unusedTactic false`
warning: lean/PvNP/RealizableHardness/BinaryMatrixComplexA15.lean:184:24: This simp argument is unused:
  zero_add

Hint: Omit it from the simp argument list.
  [apply] simp only [Complex.normSq_apply, Complex.sub_re, Complex.sub_im, Complex.mul_re, Complex.mul_im,
    Complex.ofReal_re, Complex.ofReal_im, zero_mul, sub_zero, mul_zero]

Note: This linter can be disabled with `set_option linter.unusedSimpArgs false`
warning: lean/PvNP/RealizableHardness/BinaryMatrixComplexA15.lean:184:34: This simp argument is unused:
  mul_zero

Hint: Omit it from the simp argument list.
  [apply] simp only [Complex.normSq_apply, Complex.sub_re, Complex.sub_im, Complex.mul_re, Complex.mul_im,
    Complex.ofReal_re, Complex.ofReal_im, zero_mul, sub_zero, zero_add]

Note: This linter can be disabled with `set_option linter.unusedSimpArgs false`
✖ [2221/2221] Building PvNP.RealizableHardness.ActualAffineRestrictionComposition (2.0s)
trace: .> LEAN_PATH=/home/dfredriksen_quantyra_org/cmmsa_analytic_20260930T040837Z/.lake/packages/Cli/.lake/build/lib/lean:/home/dfredriksen_quantyra_org/cmmsa_analytic_20260930T040837Z/.lake/packages/batteries/.lake/build/lib/lean:/home/dfredriksen_quantyra_org/cmmsa_analytic_20260930T040837Z/.lake/packages/Qq/.lake/build/lib/lean:/home/dfredriksen_quantyra_org/cmmsa_analytic_20260930T040837Z/.lake/packages/aesop/.lake/build/lib/lean:/home/dfredriksen_quantyra_org/cmmsa_analytic_20260930T040837Z/.lake/packages/proofwidgets/.lake/build/lib/lean:/home/dfredriksen_quantyra_org/cmmsa_analytic_20260930T040837Z/.lake/packages/importGraph/.lake/build/lib/lean:/home/dfredriksen_quantyra_org/cmmsa_analytic_20260930T040837Z/.lake/packages/LeanSearchClient/.lake/build/lib/lean:/home/dfredriksen_quantyra_org/cmmsa_analytic_20260930T040837Z/.lake/packages/plausible/.lake/build/lib/lean:/home/dfredriksen_quantyra_org/cmmsa_analytic_20260930T040837Z/.lake/packages/complexitylib/.lake/build/lib/lean:/home/dfredriksen_quantyra_org/cmmsa_analytic_20260930T040837Z/.lake/packages/mathlib/.lake/build/lib/lean:/home/dfredriksen_quantyra_org/cmmsa_analytic_20260930T040837Z/.lake/packages/cslib/.lake/build/lib/lean:/home/dfredriksen_quantyra_org/cmmsa_analytic_20260930T040837Z/.lake/build/lib/lean /home/dfredriksen_quantyra_org/.elan/toolchains/leanprover--lean4---v4.34.0-rc2/bin/lean /home/dfredriksen_quantyra_org/cmmsa_analytic_20260930T040837Z/lean/PvNP/RealizableHardness/ActualAffineRestrictionComposition.lean -o /home/dfredriksen_quantyra_org/cmmsa_analytic_20260930T040837Z/.lake/build/lib/lean/PvNP/RealizableHardness/ActualAffineRestrictionComposition.olean -i /home/dfredriksen_quantyra_org/cmmsa_analytic_20260930T040837Z/.lake/build/lib/lean/PvNP/RealizableHardness/ActualAffineRestrictionComposition.ilean -c /home/dfredriksen_quantyra_org/cmmsa_analytic_20260930T040837Z/.lake/build/ir/PvNP/RealizableHardness/ActualAffineRestrictionComposition.c --setup /home/dfredriksen_quantyra_org/cmmsa_analytic_20260930T040837Z/.lake/build/ir/PvNP/RealizableHardness/ActualAffineRestrictionComposition.setup.json --json
warning: lean/PvNP/RealizableHardness/ActualAffineRestrictionComposition.lean:19:41: Variable name `hbase` is not explicitly referenced.

Hint: The binding can be removed (if unused) or named `_` (if used implicitly). Alternatively, prefix the name with `_` to silence this warning:
  [apply] _hbase

Note: This linter can be disabled with `set_option linter.unusedVariables false`
error: lean/PvNP/RealizableHardness/ActualAffineRestrictionComposition.lean:33:17: Function expected at
  le_sup_left
but this term has type
  ?m.63 ≤ ?m.63 ⊔ ?m.64

Note: Expected a function because this term is being applied to the argument
  hx
error: lean/PvNP/RealizableHardness/ActualAffineRestrictionComposition.lean:35:17: Function expected at
  le_sup_right
but this term has type
  ?m.73 ≤ ?m.72 ⊔ ?m.73

Note: Expected a function because this term is being applied to the argument
  hx
error: lean/PvNP/RealizableHardness/ActualAffineRestrictionComposition.lean:49:11: Tactic `rcases` failed: `a✝ : Quot.lift (fun l => M ∈ l) ⋯
  {M |
      (∀ a ∈ Q.domainFixed ⊔ P.domainFixed, Matrix.mulVec (M - Q.base) a = 0) ∧
        ∀ (v : Fin d → ZMod 2),
          Matrix.mulVec (M - Q.base) v ∈ Q.codomainVariation ⊓ P.codomainVariation}.val` is not an inductive datatype
error: lean/PvNP/RealizableHardness/ActualAffineRestrictionComposition.lean:62:4: Tactic `constructor` failed: target is not an inductive datatype

case mpr
n d : ℕ
Q P : ActualAffineRestriction n d
hbase : Q.base = P.base
M : BinaryMatrix n d
hQdom : ∀ a ∈ Q.domainFixed, Matrix.mulVec (M - Q.base) a = 0
hQcod : ∀ (v : Fin d → ZMod 2), Matrix.mulVec (M - Q.base) v ∈ Q.codomainVariation
hPdom : ∀ a ∈ P.domainFixed, Matrix.mulVec (M - P.base) a = 0
hPcod : ∀ (v : Fin d → ZMod 2), Matrix.mulVec (M - P.base) v ∈ P.codomainVariation
⊢ M ∈
    {M |
      (∀ a ∈ Q.domainFixed ⊔ P.domainFixed, Matrix.mulVec (M - Q.base) a = 0) ∧
        ∀ (v : Fin d → ZMod 2), Matrix.mulVec (M - Q.base) v ∈ Q.codomainVariation ⊓ P.codomainVariation}
error: lean/PvNP/RealizableHardness/ActualAffineRestrictionComposition.lean:81:39: failed to synthesize instance of type class
  Max Type

Hint: Type class instance resolution failures can be inspected with the `set_option trace.Meta.synthInstance true` command.
error: lean/PvNP/RealizableHardness/ActualAffineRestrictionComposition.lean:85:39: failed to synthesize instance of type class
  Max Type

Hint: Type class instance resolution failures can be inspected with the `set_option trace.Meta.synthInstance true` command.
error: lean/PvNP/RealizableHardness/ActualAffineRestrictionComposition.lean:134:6: Tactic `rewrite` failed: Did not find an occurrence of the pattern
  (composeActualRestriction ?Q ?P ?hbase).fibre
in the target expression
  R.fibre ∩ S.fibre = (composeActualRestriction (actualOfRaw R T) (actualOfRaw S T) ⋯).fibre

n d : ℕ
R S : AffineRestriction n d
T : BinaryMatrix n d
hT : T ∈ R.fibre ∩ S.fibre
hTs : T ∈ R.fibre ∧ T ∈ S.fibre
hRT : T ∈ R.fibre
hST : T ∈ S.fibre
hcomp : T ∈ (composeRawRestriction R S).fibre
⊢ R.fibre ∩ S.fibre = (composeActualRestriction (actualOfRaw R T) (actualOfRaw S T) ⋯).fibre

Note: The target expression is not type-correct under the `implicit` transparency level, which may have triggered the failure. This is usually caused by unfolding of semireducible definitions in prior tactic steps. Use `set_option linter.tacticCheckInstances true` to investigate the source of the issue.
Full error:
  Application type mismatch: The argument
    rfl
  has type
    @Eq (BinaryMatrix n d) (actualOfRaw R T).base (actualOfRaw R T).base
  but is expected to have type
    @Eq (BinaryMatrix n d) (actualOfRaw R T).base (actualOfRaw S T).base
  in the application
    composeActualRestriction (actualOfRaw R T) (actualOfRaw S T) ⋯
warning: lean/PvNP/RealizableHardness/ActualAffineRestrictionComposition.lean:141:5: Variable name `hT` is not explicitly referenced.

Hint: The binding can be removed (if unused) or named `_` (if used implicitly). Alternatively, prefix the name with `_` to silence this warning:
  [apply] _hT

Note: This linter can be disabled with `set_option linter.unusedVariables false`
error: lean/PvNP/RealizableHardness/ActualAffineRestrictionComposition.lean:159:0: Unexpected name `PvNP.RealizableHardness.ActualAffineRestrictionComposition` after `end`: The current section is unnamed

Hint: Delete the name `PvNP.RealizableHardness.ActualAffineRestrictionComposition` to end the current unnamed scope; outer named scopes can then be closed using additional `end` command(s):
  end ̵P̵v̵N̵P̵.̵R̵e̵a̵l̵i̵z̵a̵b̵l̵e̵H̵a̵r̵d̵n̵e̵s̵s̵.̵A̵c̵t̵u̵a̵l̵A̵f̵f̵i̵n̵e̵R̵e̵s̵t̵r̵i̵c̵t̵i̵o̵n̵C̵o̵m̵p̵o̵s̵i̵t̵i̵o̵n̵
Some required targets logged failures:
- PvNP.RealizableHardness.ActualAffineRestrictionComposition
