1729-Note: This linter can be disabled with `set_option linter.unusedSimpArgs false`
1730-info: lean/PvNP/RealizableHardness/BernoulliMGF.lean:101:4: Try this:
1731-  [apply] ring_nf
1732-  
1733:  The `ring` tactic failed to close the goal. Use `ring_nf` to obtain a normal form.
1734-    
1735-  Note that `ring` works primarily in *commutative* rings. If you have a noncommutative ring, abelian group or module, consider using `noncomm_ring`, `abel` or `module` instead.
1736-⚠ [3251/3264] Replayed PvNP.RealizableHardness.FiniteConcentration
1737-warning: lean/PvNP/RealizableHardness/FiniteConcentration.lean:180:8: `if_pos` has been deprecated: Use `ite_eq_left` instead
1738-warning: lean/PvNP/RealizableHardness/FiniteConcentration.lean:184:8: `if_neg` has been deprecated: Use `ite_eq_right` instead
1739-warning: lean/PvNP/RealizableHardness/FiniteConcentration.lean:220:22: This simp argument is unused:
1740-  Fintype.card_fun
1741-
1742-Hint: Omit it from the simp argument list.
1743-  [apply] simp
1744-
1745-Note: This linter can be disabled with `set_option linter.unusedSimpArgs false`
--
475-Note: This linter can be disabled with `set_option linter.unusedSimpArgs false`
476-info: lean/PvNP/RealizableHardness/BernoulliMGF.lean:101:4: Try this:
477-  [apply] ring_nf
478-  
479:  The `ring` tactic failed to close the goal. Use `ring_nf` to obtain a normal form.
480-    
481-  Note that `ring` works primarily in *commutative* rings. If you have a noncommutative ring, abelian group or module, consider using `noncomm_ring`, `abel` or `module` instead.
482-⚠ [3222/3263] Replayed PvNP.RealizableHardness.FiniteConcentration
483-warning: lean/PvNP/RealizableHardness/FiniteConcentration.lean:180:8: `if_pos` has been deprecated: Use `ite_eq_left` instead
484-warning: lean/PvNP/RealizableHardness/FiniteConcentration.lean:184:8: `if_neg` has been deprecated: Use `ite_eq_right` instead
485-warning: lean/PvNP/RealizableHardness/FiniteConcentration.lean:220:22: This simp argument is unused:
486-  Fintype.card_fun
487-
488-Hint: Omit it from the simp argument list.
489-  [apply] simp
490-
491-Note: This linter can be disabled with `set_option linter.unusedSimpArgs false`
--
1-UTC=2026-09-24T00:54:10Z
2:RESULT=FAIL
3-REASON=signature_name_mismatch
4-COMMIT=none
5-740dd940474d2aa9fdb266dd2d6975f50e0cfb8cfdf648d558a0278116f069cb  /tmp/s3132-fixed-rho-retained-sol56-r2-20260924T004856Z/incoming/ActualMZ24FixedRhoRetainedSpecialization.lean
6-d42e8f2e12b89188b34a7acf33236a7e690546723907e2cd9edaa3e48e858090  /tmp/s3132-fixed-rho-retained-sol56-r2-20260924T004856Z/incoming/ActualMZ24FixedRhoRetainedSpecializationChecks.lean
--
1729-Note: This linter can be disabled with `set_option linter.unusedSimpArgs false`
1730-info: lean/PvNP/RealizableHardness/BernoulliMGF.lean:101:4: Try this:
1731-  [apply] ring_nf
1732-  
1733:  The `ring` tactic failed to close the goal. Use `ring_nf` to obtain a normal form.
1734-    
1735-  Note that `ring` works primarily in *commutative* rings. If you have a noncommutative ring, abelian group or module, consider using `noncomm_ring`, `abel` or `module` instead.
1736-⚠ [3251/3264] Replayed PvNP.RealizableHardness.FiniteConcentration
1737-warning: lean/PvNP/RealizableHardness/FiniteConcentration.lean:180:8: `if_pos` has been deprecated: Use `ite_eq_left` instead
1738-warning: lean/PvNP/RealizableHardness/FiniteConcentration.lean:184:8: `if_neg` has been deprecated: Use `ite_eq_right` instead
1739-warning: lean/PvNP/RealizableHardness/FiniteConcentration.lean:220:22: This simp argument is unused:
1740-  Fintype.card_fun
1741-
1742-Hint: Omit it from the simp argument list.
1743-  [apply] simp
1744-
1745-Note: This linter can be disabled with `set_option linter.unusedSimpArgs false`
--
1729-Note: This linter can be disabled with `set_option linter.unusedSimpArgs false`
1730-info: lean/PvNP/RealizableHardness/BernoulliMGF.lean:101:4: Try this:
1731-  [apply] ring_nf
1732-  
1733:  The `ring` tactic failed to close the goal. Use `ring_nf` to obtain a normal form.
1734-    
1735-  Note that `ring` works primarily in *commutative* rings. If you have a noncommutative ring, abelian group or module, consider using `noncomm_ring`, `abel` or `module` instead.
1736-⚠ [3251/3264] Replayed PvNP.RealizableHardness.FiniteConcentration
1737-warning: lean/PvNP/RealizableHardness/FiniteConcentration.lean:180:8: `if_pos` has been deprecated: Use `ite_eq_left` instead
1738-warning: lean/PvNP/RealizableHardness/FiniteConcentration.lean:184:8: `if_neg` has been deprecated: Use `ite_eq_right` instead
1739-warning: lean/PvNP/RealizableHardness/FiniteConcentration.lean:220:22: This simp argument is unused:
1740-  Fintype.card_fun
1741-
1742-Hint: Omit it from the simp argument list.
1743-  [apply] simp
1744-
1745-Note: This linter can be disabled with `set_option linter.unusedSimpArgs false`
