HEAD
4e625ade8e3492d349dfac3f6a580b09bce7c4ad
STATUS
STATUS_CLEAN
LEAN
Lean (version 4.34.0-rc2, x86_64-unknown-linux-gnu, commit 6a10ac8c22beadecabdbb0919c2b50214762f91d, Release)
SOURCE_HASHES
a8192fa2c15d9300d65965f96a2501dcefd1f4823748bfe9d6dc35ce86dfcad7  lean/PvNP/RealizableHardness/ActualMZ24D3c5Precomposition.lean
2c935fd823c7c71c2d09d6a6b30b4b27a67ce91724b16fa63fdba18eb3fc69a0  lean/PvNP/RealizableHardness/ActualMZ24D3c5PrecompositionChecks.lean
BUNDLE_HASH
3c926d15e3d827413e231860d5f6ea76e15ac69e48ce23d7986c7c5f9e388570  /home/dfredriksen_quantyra_org/d3c5-precomp-4e625ad-full.bundle
FIXTURE_AND_W_IDENTITY_LINES
lean/PvNP/RealizableHardness/ActualMZ24D3c5Precomposition.lean:223:theorem complementCandidatePair_W_eq (j : O.FinalIndex) :
lean/PvNP/RealizableHardness/ActualMZ24D3c5PrecompositionChecks.lean:17:#check complementCandidatePair_W_eq
lean/PvNP/RealizableHardness/ActualMZ24D3c5PrecompositionChecks.lean:31:example : 50*2*302*1^5 + L6 2 302 2 1 1 ≤ Ecap 1 2 2 302 := by
lean/PvNP/RealizableHardness/ActualMZ24D3c5PrecompositionChecks.lean:50:#print axioms complementCandidatePair_W_eq
SOURCE_FORBIDDEN_SCAN
SOURCE_FORBIDDEN_PASS
ROUTE_FORBIDDEN_SCAN
ROUTE_FORBIDDEN_PASS
LOG_ERROR_SCAN
LOG_ERROR_PASS
OLEAN_COMBINED
8605c07a347e9faa8af33331e9b7e1d93551e04d91b9198f4d9325b0d561f6d1  .lake/build/lib/lean/PvNP/RealizableHardness/ActualMZ24D3c5Precomposition.olean
ae6f35bd1267ffebfd8a799216c892468d0bf577ba49fb8bdcebc8fd7e62bba0  .lake/build/lib/lean/PvNP/RealizableHardness/ActualMZ24D3c5PrecompositionChecks.olean
OLEAN_REPLAY
8605c07a347e9faa8af33331e9b7e1d93551e04d91b9198f4d9325b0d561f6d1  .lake/build/lib/lean/PvNP/RealizableHardness/ActualMZ24D3c5Precomposition.olean
ae6f35bd1267ffebfd8a799216c892468d0bf577ba49fb8bdcebc8fd7e62bba0  .lake/build/lib/lean/PvNP/RealizableHardness/ActualMZ24D3c5PrecompositionChecks.olean
OLEAN_STABILITY
OLEAN_STABILITY_PASS
AXIOM_LINES
'PvNP.RealizableHardness.ActualMZ24D3c5Precomposition.height_pos' depends on axioms: [propext,
 Classical.choice,
 Quot.sound]
'PvNP.RealizableHardness.ActualMZ24D3c5Precomposition.cap_sensitive_J_count' depends on axioms: [propext,
 Classical.choice,
 Quot.sound]
'PvNP.RealizableHardness.ActualMZ24D3c5Precomposition.guarded_loss_ledger' depends on axioms: [propext,
 Classical.choice,
 Quot.sound]
'PvNP.RealizableHardness.ActualMZ24D3c5Precomposition.Ecap_addback' depends on axioms: [propext]
'PvNP.RealizableHardness.ActualMZ24D3c5Precomposition.L6_addback' depends on axioms: [propext]
'PvNP.RealizableHardness.ActualMZ24D3c5Precomposition.complementCandidateEvent_mass_ge' depends on axioms: [propext,
 Classical.choice,
 Quot.sound]
'PvNP.RealizableHardness.ActualMZ24D3c5Precomposition.complementCandidatePair_W_eq' depends on axioms: [propext,
 Classical.choice,
 Quot.sound]
'PvNP.RealizableHardness.ActualMZ24D3c5Precomposition.complementCandidateEvent_subset_agreement' depends on axioms: [propext,
 Classical.choice,
 Quot.sound]
LOG_HASHES
afb131ebbe383345936f0919ea1177b250be5c11eea8df8104397e90f3d26e17  /home/dfredriksen_quantyra_org/d3c5-precomp-0a75ccc-logs/reviewfix/direct-main.log
d8c12deaad94c6529eb41dd4452267de7ddbd148f810109cf07d66148f74f2bb  /home/dfredriksen_quantyra_org/d3c5-precomp-0a75ccc-logs/reviewfix/build-main-target.log
4f0fa701e1913a89103c0d48dd901cf877da0eec713f684050c4e7df216d8ed7  /home/dfredriksen_quantyra_org/d3c5-precomp-0a75ccc-logs/reviewfix/direct-checks.log
99808c2ef996f40f77ed8957dda375f42de400bd2e92c1bac9d80eea02deca97  /home/dfredriksen_quantyra_org/d3c5-precomp-0a75ccc-logs/reviewfix/combined.log
cf68fd889c5ae832594de88a254004ded09077fc9e6fc73bf7f2e4f3ad3b68c1  /home/dfredriksen_quantyra_org/d3c5-precomp-0a75ccc-logs/reviewfix/replay.log
