MODULE=ActualStarBadMassWitnessChecks
CHECK_DIRECTIVES_BEGIN
5:#check PvNP.RealizableHardness.ActualStarBadMassWitness.quotientVectorLine
6:#check PvNP.RealizableHardness.ActualStarBadMassWitness.exactSupport_relation_mem_supportedLineEvent
7:#check PvNP.RealizableHardness.ActualStarBadMassWitness.not_jointlyDirect_has_supportedLineEvent
8:#check PvNP.RealizableHardness.ActualStarBadMassWitness.fixedCenter_relationLineEvent_mass
9:#check PvNP.RealizableHardness.ActualStarKernelSupport.kernelWitness_has_exact_support_relation
10:#check PvNP.RealizableHardness.ActualStarRelationCount.nonzeroRelation_card_le_power
11:#check PvNP.RealizableHardness.ActualStarExtensionProduct.fixedCenter_supportedLine_eventMass
12:#print axioms PvNP.RealizableHardness.ActualStarBadMassWitness.exactSupport_relation_mem_supportedLineEvent
13:#print axioms PvNP.RealizableHardness.ActualStarBadMassWitness.not_jointlyDirect_has_supportedLineEvent
14:#print axioms PvNP.RealizableHardness.ActualStarBadMassWitness.fixedCenter_relationLineEvent_mass
CHECK_DIRECTIVES_END
SIGNATURE_OUTPUT_BEGIN
1:PvNP.RealizableHardness.ActualStarBadMassWitness.quotientVectorLine.{u_2} {A : Type u_2} [AddCommGroup A]
3:PvNP.RealizableHardness.ActualStarBadMassWitness.exactSupport_relation_mem_supportedLineEvent.{u_1} {V : Type u_1}
13:PvNP.RealizableHardness.ActualStarBadMassWitness.not_jointlyDirect_has_supportedLineEvent.{u_1} {V : Type u_1}
29:PvNP.RealizableHardness.ActualStarBadMassWitness.fixedCenter_relationLineEvent_mass.{u_1} {V : Type u_1}
38:PvNP.RealizableHardness.ActualStarKernelSupport.kernelWitness_has_exact_support_relation.{u_1} {V : Type u_1}
45:PvNP.RealizableHardness.ActualStarRelationCount.nonzeroRelation_card_le_power.{u_2} {A : Type u_2} [AddCommGroup A]
47:PvNP.RealizableHardness.ActualStarExtensionProduct.fixedCenter_supportedLine_eventMass.{u_1} {V : Type u_1}
SIGNATURE_OUTPUT_END
AXIOM_NORMALIZED_BEGIN
AXIOM_REPORT_1=[propext,  Classical.choice,  Quot.sound]
AXIOM_REPORT_2=[propext,  Classical.choice,  Quot.sound]
AXIOM_REPORT_3=[propext,  Classical.choice,  Quot.sound]
AXIOM_NORMALIZED_END
