C:\Users\Dan\Desktop\Projects\realizable-cmmsa-hardness\docs\native-receipts\ActualSelectedComplementAnalyticMoment\runtime-prebuild\local-native-123542\src\PvNP\RealizableHardness\ActualTypedCarrierAmbientBudget.lean:43:67: warning: this tactic is never executed

Note: This linter can be disabled with `set_option linter.unreachableTactic false`
C:\Users\Dan\Desktop\Projects\realizable-cmmsa-hardness\docs\native-receipts\ActualSelectedComplementAnalyticMoment\runtime-prebuild\local-native-123542\src\PvNP\RealizableHardness\ActualTypedCarrierAmbientBudget.lean:43:67: warning: Unused tactic linter: `abel` does nothing

Note: This linter can be disabled with `set_option linter.unusedTactic false`
C:\Users\Dan\Desktop\Projects\realizable-cmmsa-hardness\docs\native-receipts\ActualSelectedComplementAnalyticMoment\runtime-prebuild\local-native-123542\src\PvNP\RealizableHardness\ActualTypedCarrierAmbientBudget.lean:71:8: error: Type mismatch: After simplification, term
  h0
 has type
  B.subtype ((M - Q.base) (A.mkQ v)) = 0
but is expected to have type
  B.subtype ((M - Q.base) u) = 0
C:\Users\Dan\Desktop\Projects\realizable-cmmsa-hardness\docs\native-receipts\ActualSelectedComplementAnalyticMoment\runtime-prebuild\local-native-123542\src\PvNP\RealizableHardness\ActualTypedCarrierAmbientBudget.lean:138:8: warning: try 'simp' instead of 'simpa'

Note: This linter can be disabled with `set_option linter.unnecessarySimpa false`
C:\Users\Dan\Desktop\Projects\realizable-cmmsa-hardness\docs\native-receipts\ActualSelectedComplementAnalyticMoment\runtime-prebuild\local-native-123542\src\PvNP\RealizableHardness\ActualTypedCarrierAmbientBudget.lean:157:4: error: Tactic `rfl` failed: The left-hand side
  ↑((toFun (invFun N)) (Submodule.Quotient.mk u))
is not definitionally equal to the right-hand side
  ↑(N (Submodule.Quotient.mk u))

case refine_2
n d : ℕ
A : Submodule F (V d)
B : Submodule F (W n)
Q : CarrierRestriction A B
toFun : ↥Q.fibre → (V d ⧸ A) ⧸ Q.domainFixed →ₗ[F] ↥Q.codomainVariation := ⋯
invFun : ((V d ⧸ A) ⧸ Q.domainFixed →ₗ[F] ↥Q.codomainVariation) → ↥Q.fibre := ⋯
N : (V d ⧸ A) ⧸ Q.domainFixed →ₗ[F] ↥Q.codomainVariation
x : (V d ⧸ A) ⧸ Q.domainFixed
u : V d ⧸ A
⊢ ↑((toFun (invFun N)) (Submodule.Quotient.mk u)) = ↑(N (Submodule.Quotient.mk u))
C:\Users\Dan\Desktop\Projects\realizable-cmmsa-hardness\docs\native-receipts\ActualSelectedComplementAnalyticMoment\runtime-prebuild\local-native-123542\src\PvNP\RealizableHardness\ActualTypedCarrierAmbientBudget.lean:149:25: warning: This simp argument is unused:
  LinearMap.comp_apply

Hint: Omit it from the simp argument list.
  [apply] simp [toFun, invFun, Submodule.liftQ_mkQ, add_sub_cancel_left]

Note: This linter can be disabled with `set_option linter.unusedSimpArgs false`
C:\Users\Dan\Desktop\Projects\realizable-cmmsa-hardness\docs\native-receipts\ActualSelectedComplementAnalyticMoment\runtime-prebuild\local-native-123542\src\PvNP\RealizableHardness\ActualTypedCarrierAmbientBudget.lean:150:27: warning: This simp argument is unused:
  add_sub_cancel_left

Hint: Omit it from the simp argument list.
  [apply] simp [toFun, invFun, LinearMap.comp_apply, Submodule.liftQ_mkQ]

Note: This linter can be disabled with `set_option linter.unusedSimpArgs false`
C:\Users\Dan\Desktop\Projects\realizable-cmmsa-hardness\docs\native-receipts\ActualSelectedComplementAnalyticMoment\runtime-prebuild\local-native-123542\src\PvNP\RealizableHardness\ActualTypedCarrierAmbientBudget.lean:211:4: warning: try 'simp' instead of 'simpa'

Note: This linter can be disabled with `set_option linter.unnecessarySimpa false`
