C:\Users\Dan\Desktop\Projects\realizable-cmmsa-hardness\docs\native-receipts\ActualSelectedComplementAnalyticMoment\runtime-prebuild\local-native-123542\src\PvNP\RealizableHardness\ActualTypedABCanonicalDCollapse.lean:336:14: error: Type mismatch
  hs
has type
  typedComplexHyperplaneFilter B H hH (fun M => complexAmbientAffineRestrict A B T (complexAmbientHybridFilter A B f) M)
      (0 + H.subtype ∘ₗ e.symm M) =
    complexAmbientAffineRestrict A (hyperplaneCanonicalCodomain B H) (T + B.subtype ∘ₗ 0 ∘ₗ A.mkQ)
      (complexAmbientHybridFilter A (hyperplaneCanonicalCodomain B H) f) ((hyperplaneCanonicalEquiv B H) (e.symm M))
but is expected to have type
  typedComplexHyperplaneFilter B H hH (fun M => complexAmbientAffineRestrict A B T (complexAmbientHybridFilter A B f) M)
      (H.subtype ∘ₗ e.symm M) =
    complexAmbientAffineRestrict A (Submodule.map B.subtype H) T
      (complexAmbientHybridFilter A (Submodule.map B.subtype H) f) (e (e.symm M))
C:\Users\Dan\Desktop\Projects\realizable-cmmsa-hardness\docs\native-receipts\ActualSelectedComplementAnalyticMoment\runtime-prebuild\local-native-123542\src\PvNP\RealizableHardness\ActualTypedABCanonicalDCollapse.lean:347:8: warning: This simp argument is unused:
  LinearMap.comp_zero

Hint: Omit it from the simp argument list.
  [apply] simp only [buildHyperplaneSuffix, applyCanonicalFilters, zero_add, rankedTerminalData,
    BinaryMatrixA15NestedHyperplane.hyperplaneCanonicalCodomain]

Note: This linter can be disabled with `set_option linter.unusedSimpArgs false`
C:\Users\Dan\Desktop\Projects\realizable-cmmsa-hardness\docs\native-receipts\ActualSelectedComplementAnalyticMoment\runtime-prebuild\local-native-123542\src\PvNP\RealizableHardness\ActualTypedABCanonicalDCollapse.lean:404:14: error: Type mismatch
  hs
has type
  typedComplexLineFilter B (Submodule.map A.mkQ A') hL
      (fun M => complexAmbientAffineRestrict A B T (complexAmbientHybridFilter A B f) M)
      (0 + e.symm M ∘ₗ (Submodule.map A.mkQ A').mkQ) =
    complexAmbientAffineRestrict A' B (T + B.subtype ∘ₗ 0 ∘ₗ A.mkQ) (complexAmbientHybridFilter A' B f)
      ((lineCanonicalEquiv A A' B hA) (e.symm M))
but is expected to have type
  typedComplexLineFilter B (Submodule.map A.mkQ A') hL
      (fun M => complexAmbientAffineRestrict A B T (complexAmbientHybridFilter A B f) M)
      (e.symm M ∘ₗ (Submodule.map A.mkQ A').mkQ) =
    complexAmbientAffineRestrict A' B T (complexAmbientHybridFilter A' B f) (e (e.symm M))
C:\Users\Dan\Desktop\Projects\realizable-cmmsa-hardness\docs\native-receipts\ActualSelectedComplementAnalyticMoment\runtime-prebuild\local-native-123542\src\PvNP\RealizableHardness\ActualTypedABCanonicalDCollapse.lean:409:8: warning: This simp argument is unused:
  LinearMap.comp_zero

Hint: Omit it from the simp argument list.
  [apply] simp only [buildLineSuffix, applyCanonicalFilters, zero_add, rankedTerminalData]

Note: This linter can be disabled with `set_option linter.unusedSimpArgs false`
C:\Users\Dan\Desktop\Projects\realizable-cmmsa-hardness\docs\native-receipts\ActualSelectedComplementAnalyticMoment\runtime-prebuild\local-native-123542\src\PvNP\RealizableHardness\ActualTypedABCanonicalDCollapse.lean:540:10: error: Type mismatch: After simplification, term
  hs
 has type
  @Eq ℂ
    (typedComplexHyperplaneFilter B H hH
      (fun M => complexAmbientAffineRestrict A B 0 (complexAmbientHybridFilter A B ambientf) M)
      (S + H.subtype ∘ₗ e.symm M))
    (complexAmbientAffineRestrict A (hyperplaneCanonicalCodomain B H) (B.subtype ∘ₗ S ∘ₗ A.mkQ)
      (complexAmbientHybridFilter A (hyperplaneCanonicalCodomain B H) ambientf)
      ((hyperplaneCanonicalEquiv B H) (e.symm M)))
but is expected to have type
  @Eq ℂ
    (typedComplexHyperplaneFilter B H hH
      (fun M => complexAmbientAffineRestrict A B 0 (complexAmbientHybridFilter A B ambientf) M)
      (S + H.subtype ∘ₗ e.symm M))
    (complexAmbientAffineRestrict A (Submodule.map B.subtype H) (B.subtype ∘ₗ S ∘ₗ A.mkQ)
      (complexAmbientHybridFilter A (Submodule.map B.subtype H) ambientf) (e (e.symm M)))
C:\Users\Dan\Desktop\Projects\realizable-cmmsa-hardness\docs\native-receipts\ActualSelectedComplementAnalyticMoment\runtime-prebuild\local-native-123542\src\PvNP\RealizableHardness\ActualTypedABCanonicalDCollapse.lean:555:50: warning: This simp argument is unused:
  zero_add

Hint: Omit it from the simp argument list.
  [apply] simp only [buildCanonicalSourceTower, buildHyperplanePrefix, buildHyperplaneSuffix, applyCanonicalFilters,
    LinearMap.comp_zero, rankedTerminalData, BinaryMatrixA15NestedHyperplane.hyperplaneCanonicalCodomain]

Note: This linter can be disabled with `set_option linter.unusedSimpArgs false`
C:\Users\Dan\Desktop\Projects\realizable-cmmsa-hardness\docs\native-receipts\ActualSelectedComplementAnalyticMoment\runtime-prebuild\local-native-123542\src\PvNP\RealizableHardness\ActualTypedABCanonicalDCollapse.lean:556:4: warning: This simp argument is unused:
  LinearMap.comp_zero

Hint: Omit it from the simp argument list.
  [apply] simp only [buildCanonicalSourceTower, buildHyperplanePrefix, buildHyperplaneSuffix, applyCanonicalFilters,
    zero_add, rankedTerminalData, BinaryMatrixA15NestedHyperplane.hyperplaneCanonicalCodomain]

Note: This linter can be disabled with `set_option linter.unusedSimpArgs false`
