total 548
-rw-rw-r-- 1 dfredriksen_quantyra_org dfredriksen_quantyra_org      2 Oct  1 05:04 aggregate.native-exit
-rw-rw-r-- 1 dfredriksen_quantyra_org dfredriksen_quantyra_org     41 Oct  1 05:02 cslib-revision.txt
-rw-rw-r-- 1 dfredriksen_quantyra_org dfredriksen_quantyra_org      2 Oct  1 05:04 native-exit
-rw-rw-r-- 1 dfredriksen_quantyra_org dfredriksen_quantyra_org  11242 Oct  1 05:02 source-before.sha256
-rw-rw-r-- 1 dfredriksen_quantyra_org dfredriksen_quantyra_org      2 Oct  1 05:04 stage-0.native-exit
-rw-rw-r-- 1 dfredriksen_quantyra_org dfredriksen_quantyra_org    151 Oct  1 05:04 stage-0.stderr
-rw-rw-r-- 1 dfredriksen_quantyra_org dfredriksen_quantyra_org  14773 Oct  1 05:04 stage-0.stdout
-rw-rw-r-- 1 dfredriksen_quantyra_org dfredriksen_quantyra_org      4 Oct  1 05:04 stage-1.native-exit
-rw-rw-r-- 1 dfredriksen_quantyra_org dfredriksen_quantyra_org     43 Oct  1 05:04 stage-1.skip
-rw-rw-r-- 1 dfredriksen_quantyra_org dfredriksen_quantyra_org      2 Oct  1 05:04 stage-2.native-exit
-rw-rw-r-- 1 dfredriksen_quantyra_org dfredriksen_quantyra_org    151 Oct  1 05:04 stage-2.stderr
-rw-rw-r-- 1 dfredriksen_quantyra_org dfredriksen_quantyra_org 231286 Oct  1 05:04 stage-2.stdout
-rw-rw-r-- 1 dfredriksen_quantyra_org dfredriksen_quantyra_org      4 Oct  1 05:04 stage-3.native-exit
-rw-rw-r-- 1 dfredriksen_quantyra_org dfredriksen_quantyra_org     43 Oct  1 05:04 stage-3.skip
-rw-rw-r-- 1 dfredriksen_quantyra_org dfredriksen_quantyra_org      2 Oct  1 05:04 stage-4.native-exit
-rw-rw-r-- 1 dfredriksen_quantyra_org dfredriksen_quantyra_org    151 Oct  1 05:04 stage-4.stderr
-rw-rw-r-- 1 dfredriksen_quantyra_org dfredriksen_quantyra_org 231286 Oct  1 05:04 stage-4.stdout
-rw-rw-r-- 1 dfredriksen_quantyra_org dfredriksen_quantyra_org      4 Oct  1 05:04 stage-5.native-exit
-rw-rw-r-- 1 dfredriksen_quantyra_org dfredriksen_quantyra_org     43 Oct  1 05:04 stage-5.skip
-rw-rw-r-- 1 dfredriksen_quantyra_org dfredriksen_quantyra_org    110 Oct  1 05:02 toolchain.txt
