total 620
-rw-rw-r-- 1 dfredriksen_quantyra_org dfredriksen_quantyra_org      2 Oct  1 05:25 aggregate.native-exit
-rw-rw-r-- 1 dfredriksen_quantyra_org dfredriksen_quantyra_org     41 Oct  1 05:22 cslib-revision.txt
-rw-rw-r-- 1 dfredriksen_quantyra_org dfredriksen_quantyra_org      2 Oct  1 05:25 native-exit
-rw-rw-r-- 1 dfredriksen_quantyra_org dfredriksen_quantyra_org  11518 Oct  1 05:22 source-before.sha256
-rw-rw-r-- 1 dfredriksen_quantyra_org dfredriksen_quantyra_org      2 Oct  1 05:24 stage-0.native-exit
-rw-rw-r-- 1 dfredriksen_quantyra_org dfredriksen_quantyra_org    151 Oct  1 05:24 stage-0.stderr
-rw-rw-r-- 1 dfredriksen_quantyra_org dfredriksen_quantyra_org  22291 Oct  1 05:24 stage-0.stdout
-rw-rw-r-- 1 dfredriksen_quantyra_org dfredriksen_quantyra_org      4 Oct  1 05:24 stage-1.native-exit
-rw-rw-r-- 1 dfredriksen_quantyra_org dfredriksen_quantyra_org     43 Oct  1 05:24 stage-1.skip
-rw-rw-r-- 1 dfredriksen_quantyra_org dfredriksen_quantyra_org      2 Oct  1 05:25 stage-2.native-exit
-rw-rw-r-- 1 dfredriksen_quantyra_org dfredriksen_quantyra_org    151 Oct  1 05:25 stage-2.stderr
-rw-rw-r-- 1 dfredriksen_quantyra_org dfredriksen_quantyra_org  14113 Oct  1 05:25 stage-2.stdout
-rw-rw-r-- 1 dfredriksen_quantyra_org dfredriksen_quantyra_org      4 Oct  1 05:25 stage-3.native-exit
-rw-rw-r-- 1 dfredriksen_quantyra_org dfredriksen_quantyra_org     43 Oct  1 05:25 stage-3.skip
-rw-rw-r-- 1 dfredriksen_quantyra_org dfredriksen_quantyra_org      2 Oct  1 05:25 stage-4.native-exit
-rw-rw-r-- 1 dfredriksen_quantyra_org dfredriksen_quantyra_org    151 Oct  1 05:25 stage-4.stderr
-rw-rw-r-- 1 dfredriksen_quantyra_org dfredriksen_quantyra_org 233572 Oct  1 05:25 stage-4.stdout
-rw-rw-r-- 1 dfredriksen_quantyra_org dfredriksen_quantyra_org      4 Oct  1 05:25 stage-5.native-exit
-rw-rw-r-- 1 dfredriksen_quantyra_org dfredriksen_quantyra_org     43 Oct  1 05:25 stage-5.skip
-rw-rw-r-- 1 dfredriksen_quantyra_org dfredriksen_quantyra_org      2 Oct  1 05:25 stage-6.native-exit
-rw-rw-r-- 1 dfredriksen_quantyra_org dfredriksen_quantyra_org    151 Oct  1 05:25 stage-6.stderr
-rw-rw-r-- 1 dfredriksen_quantyra_org dfredriksen_quantyra_org 233572 Oct  1 05:25 stage-6.stdout
-rw-rw-r-- 1 dfredriksen_quantyra_org dfredriksen_quantyra_org      4 Oct  1 05:25 stage-7.native-exit
-rw-rw-r-- 1 dfredriksen_quantyra_org dfredriksen_quantyra_org     43 Oct  1 05:25 stage-7.skip
-rw-rw-r-- 1 dfredriksen_quantyra_org dfredriksen_quantyra_org      2 Oct  1 05:25 stage-8.native-exit
-rw-rw-r-- 1 dfredriksen_quantyra_org dfredriksen_quantyra_org    151 Oct  1 05:25 stage-8.stderr
-rw-rw-r-- 1 dfredriksen_quantyra_org dfredriksen_quantyra_org   7562 Oct  1 05:25 stage-8.stdout
-rw-rw-r-- 1 dfredriksen_quantyra_org dfredriksen_quantyra_org      4 Oct  1 05:25 stage-9.native-exit
-rw-rw-r-- 1 dfredriksen_quantyra_org dfredriksen_quantyra_org     43 Oct  1 05:25 stage-9.skip
-rw-rw-r-- 1 dfredriksen_quantyra_org dfredriksen_quantyra_org    110 Oct  1 05:22 toolchain.txt
