/home/dfredriksen_quantyra_org/cmmsa-evidence/cmmsa_analytic_20261001T053559Z-evidence/stage-0.native-exit
0
/home/dfredriksen_quantyra_org/cmmsa-evidence/cmmsa_analytic_20261001T053559Z-evidence/stage-1.native-exit
0
/home/dfredriksen_quantyra_org/cmmsa-evidence/cmmsa_analytic_20261001T053559Z-evidence/stage-10.native-exit
1
/home/dfredriksen_quantyra_org/cmmsa-evidence/cmmsa_analytic_20261001T053559Z-evidence/stage-11.native-exit
125
/home/dfredriksen_quantyra_org/cmmsa-evidence/cmmsa_analytic_20261001T053559Z-evidence/stage-12.native-exit
1
/home/dfredriksen_quantyra_org/cmmsa-evidence/cmmsa_analytic_20261001T053559Z-evidence/stage-13.native-exit
125
/home/dfredriksen_quantyra_org/cmmsa-evidence/cmmsa_analytic_20261001T053559Z-evidence/stage-14.native-exit
1
/home/dfredriksen_quantyra_org/cmmsa-evidence/cmmsa_analytic_20261001T053559Z-evidence/stage-15.native-exit
125
/home/dfredriksen_quantyra_org/cmmsa-evidence/cmmsa_analytic_20261001T053559Z-evidence/stage-2.native-exit
1
/home/dfredriksen_quantyra_org/cmmsa-evidence/cmmsa_analytic_20261001T053559Z-evidence/stage-3.native-exit
125
/home/dfredriksen_quantyra_org/cmmsa-evidence/cmmsa_analytic_20261001T053559Z-evidence/stage-4.native-exit
1
/home/dfredriksen_quantyra_org/cmmsa-evidence/cmmsa_analytic_20261001T053559Z-evidence/stage-5.native-exit
125
/home/dfredriksen_quantyra_org/cmmsa-evidence/cmmsa_analytic_20261001T053559Z-evidence/stage-6.native-exit
0
/home/dfredriksen_quantyra_org/cmmsa-evidence/cmmsa_analytic_20261001T053559Z-evidence/stage-7.native-exit
0
/home/dfredriksen_quantyra_org/cmmsa-evidence/cmmsa_analytic_20261001T053559Z-evidence/stage-8.native-exit
0
/home/dfredriksen_quantyra_org/cmmsa-evidence/cmmsa_analytic_20261001T053559Z-evidence/stage-9.native-exit
0
