lean/PvNP/RealizableHardness/ActualSourceStarLaw.lean:58:36: warning: Variable name `hdV` is not explicitly referenced.

Hint: The binding can be removed (if unused) or named `_` (if used implicitly). Alternatively, prefix the name with `_` to silence this warning:
  [apply] _hdV

Note: This linter can be disabled with `set_option linter.unusedVariables false`
lean/PvNP/RealizableHardness/ActualSourceStarLaw.lean:65:26: warning: This simp argument is unused:
  mul_assoc

Hint: Omit it from the simp argument list.
  [apply] simp [Finset.sum_const, mul_left_comm, mul_comm]

Note: This linter can be disabled with `set_option linter.unusedSimpArgs false`
lean/PvNP/RealizableHardness/ActualSourceStarLaw.lean:65:37: warning: This simp argument is unused:
  mul_left_comm

Hint: Omit it from the simp argument list.
  [apply] simp [Finset.sum_const, mul_assoc, mul_comm]

Note: This linter can be disabled with `set_option linter.unusedSimpArgs false`
lean/PvNP/RealizableHardness/ActualSourceStarLaw.lean:65:52: warning: This simp argument is unused:
  mul_comm

Hint: Omit it from the simp argument list.
  [apply] simp [Finset.sum_const, mul_assoc, mul_left_comm]

Note: This linter can be disabled with `set_option linter.unusedSimpArgs false`
lean/PvNP/RealizableHardness/ActualSourceStarLaw.lean:87:7: error(lean.synthInstanceFailed): failed to synthesize instance of type class
  Nonempty (Grass V t)

Hint: Type class instance resolution failures can be inspected with the `set_option trace.Meta.synthInstance true` command.
lean/PvNP/RealizableHardness/ActualSourceStarLaw.lean:88:22: error(lean.synthInstanceFailed): failed to synthesize instance of type class
  Nonempty (Extension U d)

Hint: Type class instance resolution failures can be inspected with the `set_option trace.Meta.synthInstance true` command.
lean/PvNP/RealizableHardness/ActualSourceStarLaw.lean:90:2: warning: Try this: 
  haveI̵

The goal is a proposition, so `have` is preferred over `haveI`.
The difference between `have` and `haveI` is that `haveI` inlines the value.
But this is not relevant for proofs because of proof irrelevance.

Note: This linter can be disabled with `set_option linter.style.haveILetI false`
lean/PvNP/RealizableHardness/ActualSourceStarLaw.lean:98:2: warning: Try this: 
  haveI̵

The goal is a proposition, so `have` is preferred over `haveI`.
The difference between `have` and `haveI` is that `haveI` inlines the value.
But this is not relevant for proofs because of proof irrelevance.

Note: This linter can be disabled with `set_option linter.style.haveILetI false`
lean/PvNP/RealizableHardness/ActualSourceStarLaw.lean:169:9: error(lean.synthInstanceFailed): failed to synthesize instance of type class
  Nonempty (Grass V t)

Hint: Type class instance resolution failures can be inspected with the `set_option trace.Meta.synthInstance true` command.
lean/PvNP/RealizableHardness/ActualSourceStarLaw.lean:170:24: error(lean.synthInstanceFailed): failed to synthesize instance of type class
  Nonempty (Extension z.fst d)

Hint: Type class instance resolution failures can be inspected with the `set_option trace.Meta.synthInstance true` command.
lean/PvNP/RealizableHardness/ActualSourceStarLaw.lean:184:9: error(lean.synthInstanceFailed): failed to synthesize instance of type class
  Nonempty (Grass V t)

Hint: Type class instance resolution failures can be inspected with the `set_option trace.Meta.synthInstance true` command.
lean/PvNP/RealizableHardness/ActualSourceStarLaw.lean:185:24: error(lean.synthInstanceFailed): failed to synthesize instance of type class
  Nonempty (Extension z.fst d)

Hint: Type class instance resolution failures can be inspected with the `set_option trace.Meta.synthInstance true` command.
