⚠ [3048/3095] Replayed PvNP.RealizableHardness.BinaryMatrixFourier
warning: lean/PvNP/RealizableHardness/BinaryMatrixFourier.lean:126:8: `if_pos` has been deprecated: Use `ite_eq_left` instead
warning: lean/PvNP/RealizableHardness/BinaryMatrixFourier.lean:132:8: `if_neg` has been deprecated: Use `ite_eq_right` instead
⚠ [3050/3095] Replayed PvNP.RealizableHardness.BinaryMatrixHybridSelector
warning: lean/PvNP/RealizableHardness/BinaryMatrixHybridSelector.lean:71:8: `if_pos` has been deprecated: Use `ite_eq_left` instead
warning: lean/PvNP/RealizableHardness/BinaryMatrixHybridSelector.lean:90:8: `if_neg` has been deprecated: Use `ite_eq_right` instead
⚠ [3051/3095] Replayed PvNP.RealizableHardness.BinaryMatrixLineTranslation
warning: lean/PvNP/RealizableHardness/BinaryMatrixLineTranslation.lean:243:4: try 'simp' instead of 'simpa'

Note: This linter can be disabled with `set_option linter.unnecessarySimpa false`
warning: lean/PvNP/RealizableHardness/BinaryMatrixLineTranslation.lean:315:8: `if_neg` has been deprecated: Use `ite_eq_right` instead
warning: lean/PvNP/RealizableHardness/BinaryMatrixLineTranslation.lean:407:15: `if_neg` has been deprecated: Use `ite_eq_right` instead
warning: lean/PvNP/RealizableHardness/BinaryMatrixLineTranslation.lean:433:41: This simp argument is unused:
  s

Hint: Omit it from the simp argument list.
  [apply] simp [hs, hr]

Note: This linter can be disabled with `set_option linter.unusedSimpArgs false`
warning: lean/PvNP/RealizableHardness/BinaryMatrixLineTranslation.lean:555:15: `if_neg` has been deprecated: Use `ite_eq_right` instead
warning: lean/PvNP/RealizableHardness/BinaryMatrixLineTranslation.lean:592:57: This simp argument is unused:
  mul_assoc

Hint: Omit it from the simp argument list.
  [apply] simp [hr, hs]

Note: This linter can be disabled with `set_option linter.unusedSimpArgs false`
⚠ [3052/3095] Replayed PvNP.RealizableHardness.BinaryMatrixLineA14
warning: lean/PvNP/RealizableHardness/BinaryMatrixLineA14.lean:88:8: `if_pos` has been deprecated: Use `ite_eq_left` instead
warning: lean/PvNP/RealizableHardness/BinaryMatrixLineA14.lean:97:8: `if_neg` has been deprecated: Use `ite_eq_right` instead
⚠ [3060/3095] Replayed PvNP.RealizableHardness.BinaryMatrixComplexA15
warning: lean/PvNP/RealizableHardness/BinaryMatrixComplexA15.lean:35:4: Unused tactic linter: `change fibreEnergy R.fibre f ≤ ε` does nothing

Note: This linter can be disabled with `set_option linter.unusedTactic false`
warning: lean/PvNP/RealizableHardness/BinaryMatrixComplexA15.lean:46:2: Unused tactic linter: `change fibreEnergy Q.fibre f ≤ ε` does nothing

Note: This linter can be disabled with `set_option linter.unusedTactic false`
warning: lean/PvNP/RealizableHardness/BinaryMatrixComplexA15.lean:184:24: This simp argument is unused:
  zero_add

Hint: Omit it from the simp argument list.
  [apply] simp only [Complex.normSq_apply, Complex.sub_re, Complex.sub_im, Complex.mul_re, Complex.mul_im,
    Complex.ofReal_re, Complex.ofReal_im, zero_mul, sub_zero, mul_zero]

Note: This linter can be disabled with `set_option linter.unusedSimpArgs false`
warning: lean/PvNP/RealizableHardness/BinaryMatrixComplexA15.lean:184:34: This simp argument is unused:
  mul_zero

Hint: Omit it from the simp argument list.
  [apply] simp only [Complex.normSq_apply, Complex.sub_re, Complex.sub_im, Complex.mul_re, Complex.mul_im,
    Complex.ofReal_re, Complex.ofReal_im, zero_mul, sub_zero, zero_add]

Note: This linter can be disabled with `set_option linter.unusedSimpArgs false`
⚠ [3067/3095] Replayed PvNP.RealizableHardness.BinaryMatrixA1TypedFourier
warning: lean/PvNP/RealizableHardness/BinaryMatrixA1TypedFourier.lean:198:8: `if_pos` has been deprecated: Use `ite_eq_left` instead
warning: lean/PvNP/RealizableHardness/BinaryMatrixA1TypedFourier.lean:204:8: `if_neg` has been deprecated: Use `ite_eq_right` instead
warning: lean/PvNP/RealizableHardness/BinaryMatrixA1TypedFourier.lean:236:8: `if_pos` has been deprecated: Use `ite_eq_left` instead
warning: lean/PvNP/RealizableHardness/BinaryMatrixA1TypedFourier.lean:242:8: `if_neg` has been deprecated: Use `ite_eq_right` instead
⚠ [3069/3095] Replayed PvNP.RealizableHardness.BinaryMatrixA1CoefficientTransfer
warning: lean/PvNP/RealizableHardness/BinaryMatrixA1CoefficientTransfer.lean:111:15: `if_pos` has been deprecated: Use `ite_eq_left` instead
⚠ [3070/3095] Replayed PvNP.RealizableHardness.BinaryMatrixA1Composition
warning: lean/PvNP/RealizableHardness/BinaryMatrixA1Composition.lean:40:15: `if_pos` has been deprecated: Use `ite_eq_left` instead
warning: lean/PvNP/RealizableHardness/BinaryMatrixA1Composition.lean:102:5: Variable name `hA` is not explicitly referenced.

Hint: The binding can be removed (if unused) or named `_` (if used implicitly). Alternatively, prefix the name with `_` to silence this warning:
  [apply] _hA

Note: This linter can be disabled with `set_option linter.unusedVariables false`
warning: lean/PvNP/RealizableHardness/BinaryMatrixA1Composition.lean:102:20: Variable name `hB` is not explicitly referenced.

Hint: The binding can be removed (if unused) or named `_` (if used implicitly). Alternatively, prefix the name with `_` to silence this warning:
  [apply] _hB

Note: This linter can be disabled with `set_option linter.unusedVariables false`
warning: lean/PvNP/RealizableHardness/BinaryMatrixA1Composition.lean:172:43: `if_pos` has been deprecated: Use `ite_eq_left` instead
⚠ [3082/3095] Replayed PvNP.RealizableHardness.BinaryMatrixTypedA15HyperplaneGlobal
warning: lean/PvNP/RealizableHardness/BinaryMatrixTypedA15HyperplaneGlobal.lean:48:25: Variable name `hH` is not explicitly referenced.

Hint: The binding can be removed (if unused) or named `_` (if used implicitly). Alternatively, prefix the name with `_` to silence this warning:
  [apply] _hH

Note: This linter can be disabled with `set_option linter.unusedVariables false`
⚠ [3084/3095] Replayed PvNP.RealizableHardness.BinaryMatrixTypedA15HyperplaneReducedGlobal
warning: lean/PvNP/RealizableHardness/BinaryMatrixTypedA15HyperplaneReducedGlobal.lean:54:25: Variable name `hH` is not explicitly referenced.

Hint: The binding can be removed (if unused) or named `_` (if used implicitly). Alternatively, prefix the name with `_` to silence this warning:
  [apply] _hH

Note: This linter can be disabled with `set_option linter.unusedVariables false`
warning: lean/PvNP/RealizableHardness/BinaryMatrixTypedA15HyperplaneReducedGlobal.lean:64:25: Variable name `hH` is not explicitly referenced.

Hint: The binding can be removed (if unused) or named `_` (if used implicitly). Alternatively, prefix the name with `_` to silence this warning:
  [apply] _hH

Note: This linter can be disabled with `set_option linter.unusedVariables false`
warning: lean/PvNP/RealizableHardness/BinaryMatrixTypedA15HyperplaneReducedGlobal.lean:84:25: Variable name `hH` is not explicitly referenced.

Hint: The binding can be removed (if unused) or named `_` (if used implicitly). Alternatively, prefix the name with `_` to silence this warning:
  [apply] _hH

Note: This linter can be disabled with `set_option linter.unusedVariables false`
warning: lean/PvNP/RealizableHardness/BinaryMatrixTypedA15HyperplaneReducedGlobal.lean:98:25: Variable name `hH` is not explicitly referenced.

Hint: The binding can be removed (if unused) or named `_` (if used implicitly). Alternatively, prefix the name with `_` to silence this warning:
  [apply] _hH

Note: This linter can be disabled with `set_option linter.unusedVariables false`
warning: lean/PvNP/RealizableHardness/BinaryMatrixTypedA15HyperplaneReducedGlobal.lean:236:25: Variable name `hH` is not explicitly referenced.

Hint: The binding can be removed (if unused) or named `_` (if used implicitly). Alternatively, prefix the name with `_` to silence this warning:
  [apply] _hH

Note: This linter can be disabled with `set_option linter.unusedVariables false`
⚠ [3086/3095] Replayed PvNP.RealizableHardness.BinaryMatrixTypedA14HyperplaneReduced
warning: lean/PvNP/RealizableHardness/BinaryMatrixTypedA14HyperplaneReduced.lean:35:55: Variable name `hH` is not explicitly referenced.

Hint: The binding can be removed (if unused) or named `_` (if used implicitly). Alternatively, prefix the name with `_` to silence this warning:
  [apply] _hH

Note: This linter can be disabled with `set_option linter.unusedVariables false`
warning: lean/PvNP/RealizableHardness/BinaryMatrixTypedA14HyperplaneReduced.lean:119:55: Variable name `hH` is not explicitly referenced.

Hint: The binding can be removed (if unused) or named `_` (if used implicitly). Alternatively, prefix the name with `_` to silence this warning:
  [apply] _hH

Note: This linter can be disabled with `set_option linter.unusedVariables false`
⚠ [3088/3095] Replayed PvNP.RealizableHardness.BinaryMatrixA15BaseCase
warning: lean/PvNP/RealizableHardness/BinaryMatrixA15BaseCase.lean:31:4: Try this: 
  haveI̵

The goal is a proposition, so `have` is preferred over `haveI`.
The difference between `have` and `haveI` is that `haveI` inlines the value.
But this is not relevant for proofs because of proof irrelevance.

Note: This linter can be disabled with `set_option linter.style.haveILetI false`
⚠ [3091/3095] Replayed PvNP.RealizableHardness.ActualBinaryMatrixHC46CommonDerivative
warning: lean/PvNP/RealizableHardness/ActualBinaryMatrixHC46CommonDerivative.lean:80:13: `if_pos` has been deprecated: Use `ite_eq_left` instead
⚠ [3092/3095] Replayed PvNP.RealizableHardness.ActualBinaryMatrixHC46FourierA16
warning: lean/PvNP/RealizableHardness/ActualBinaryMatrixHC46FourierA16.lean:70:51: This simp argument is unused:
  hj

Hint: Omit it from the simp argument list.
  [apply] simp [u, v, fourierCoeff_rankProjection, hi, hij]

Note: This linter can be disabled with `set_option linter.unusedSimpArgs false`
warning: lean/PvNP/RealizableHardness/ActualBinaryMatrixHC46FourierA16.lean:72:49: This simp argument is unused:
  hi

Hint: Omit it from the simp argument list.
  [apply] simp [u, v, fourierCoeff_rankProjection, hj, hij.symm]

Note: This linter can be disabled with `set_option linter.unusedSimpArgs false`
warning: lean/PvNP/RealizableHardness/ActualBinaryMatrixHC46FourierA16.lean:73:57: This simp argument is unused:
  hij

Hint: Omit it from the simp argument list.
  [apply] simp [u, v, fourierCoeff_rankProjection, hi, hj, hij.symm]

Note: This linter can be disabled with `set_option linter.unusedSimpArgs false`
warning: lean/PvNP/RealizableHardness/ActualBinaryMatrixHC46FourierA16.lean:73:62: This simp argument is unused:
  hij.symm

Hint: Omit it from the simp argument list.
  [apply] simp [u, v, fourierCoeff_rankProjection, hi, hj, hij]

Note: This linter can be disabled with `set_option linter.unusedSimpArgs false`
ℹ [3095/3095] Built PvNP.RealizableHardness.ActualFiniteDegreeFourierReconstructionChecks (2.4s)
info: lean/PvNP/RealizableHardness/ActualFiniteDegreeFourierReconstructionChecks.lean:5:0: PvNP.RealizableHardness.ActualFiniteDegreeFourierReconstruction.complexRankProjection_zero_of_width_lt {n d i : ℕ}
  (hd : d < i) (f : PvNP.RealizableHardness.BinaryMatrixFourier.BinaryMatrix n d → ℂ) :
  PvNP.RealizableHardness.BinaryMatrixComplexA14.complexRankProjection i f = 0
info: lean/PvNP/RealizableHardness/ActualFiniteDegreeFourierReconstructionChecks.lean:6:0: 'PvNP.RealizableHardness.ActualFiniteDegreeFourierReconstruction.complexRankProjection_zero_of_width_lt' depends on axioms: [propext,
 Classical.choice,
 Quot.sound]
info: lean/PvNP/RealizableHardness/ActualFiniteDegreeFourierReconstructionChecks.lean:7:0: PvNP.RealizableHardness.ActualFiniteDegreeFourierReconstruction.ComplexFourierSupportedThrough {n d : ℕ} (D : ℕ)
  (f : PvNP.RealizableHardness.BinaryMatrixFourier.BinaryMatrix n d → ℂ) : Prop
info: lean/PvNP/RealizableHardness/ActualFiniteDegreeFourierReconstructionChecks.lean:8:0: PvNP.RealizableHardness.ActualFiniteDegreeFourierReconstruction.complexRankProjection_fourier_support {n d i : ℕ}
  (f : PvNP.RealizableHardness.BinaryMatrixFourier.BinaryMatrix n d → ℂ)
  (Y : PvNP.RealizableHardness.BinaryMatrixFourier.BinaryMatrix n d) (hY : Matrix.rank Y ≠ i) :
  PvNP.RealizableHardness.BinaryMatrixA1Complex.complexFourierCoeff
      (PvNP.RealizableHardness.BinaryMatrixComplexA14.complexRankProjection i f) Y =
    0
info: lean/PvNP/RealizableHardness/ActualFiniteDegreeFourierReconstructionChecks.lean:9:0: 'PvNP.RealizableHardness.ActualFiniteDegreeFourierReconstruction.complexRankProjection_fourier_support' depends on axioms: [propext,
 Classical.choice,
 Quot.sound]
info: lean/PvNP/RealizableHardness/ActualFiniteDegreeFourierReconstructionChecks.lean:10:0: PvNP.RealizableHardness.ActualFiniteDegreeFourierReconstruction.complexRankProjection_supportedThrough {n d i D : ℕ}
  (hi : i ≤ D) (f : PvNP.RealizableHardness.BinaryMatrixFourier.BinaryMatrix n d → ℂ) :
  ComplexFourierSupportedThrough D (PvNP.RealizableHardness.BinaryMatrixComplexA14.complexRankProjection i f)
info: lean/PvNP/RealizableHardness/ActualFiniteDegreeFourierReconstructionChecks.lean:11:0: 'PvNP.RealizableHardness.ActualFiniteDegreeFourierReconstruction.complexRankProjection_supportedThrough' depends on axioms: [propext,
 Classical.choice,
 Quot.sound]
info: lean/PvNP/RealizableHardness/ActualFiniteDegreeFourierReconstructionChecks.lean:12:0: PvNP.RealizableHardness.ActualFiniteDegreeFourierReconstruction.complexRankProjection_zero_of_level_gt {n d i D : ℕ}
  (f : PvNP.RealizableHardness.BinaryMatrixFourier.BinaryMatrix n d → ℂ) (hsupport : ComplexFourierSupportedThrough D f)
  (hdegree : D < i) : PvNP.RealizableHardness.BinaryMatrixComplexA14.complexRankProjection i f = 0
info: lean/PvNP/RealizableHardness/ActualFiniteDegreeFourierReconstructionChecks.lean:13:0: 'PvNP.RealizableHardness.ActualFiniteDegreeFourierReconstruction.complexRankProjection_zero_of_level_gt' depends on axioms: [propext,
 Classical.choice,
 Quot.sound]
info: lean/PvNP/RealizableHardness/ActualFiniteDegreeFourierReconstructionChecks.lean:14:0: PvNP.RealizableHardness.ActualFiniteDegreeFourierReconstruction.complexRankProjection_zero_of_not_mem_rank_image
  {n d i : ℕ} (hi : i ∉ Finset.image (fun Y => Matrix.rank Y) Finset.univ)
  (f : PvNP.RealizableHardness.BinaryMatrixFourier.BinaryMatrix n d → ℂ) :
  PvNP.RealizableHardness.BinaryMatrixComplexA14.complexRankProjection i f = 0
info: lean/PvNP/RealizableHardness/ActualFiniteDegreeFourierReconstructionChecks.lean:15:0: 'PvNP.RealizableHardness.ActualFiniteDegreeFourierReconstruction.complexRankProjection_zero_of_not_mem_rank_image' depends on axioms: [propext,
 Classical.choice,
 Quot.sound]
info: lean/PvNP/RealizableHardness/ActualFiniteDegreeFourierReconstructionChecks.lean:16:0: PvNP.RealizableHardness.ActualFiniteDegreeFourierReconstruction.complexRankProjection_reconstruct_range {n d D : ℕ}
  (hwidth : d ≤ D) (f : PvNP.RealizableHardness.BinaryMatrixFourier.BinaryMatrix n d → ℂ)
  (M : PvNP.RealizableHardness.BinaryMatrixFourier.BinaryMatrix n d) :
  ∑ i ∈ Finset.range (D + 1), PvNP.RealizableHardness.BinaryMatrixComplexA14.complexRankProjection i f M = f M
info: lean/PvNP/RealizableHardness/ActualFiniteDegreeFourierReconstructionChecks.lean:17:0: 'PvNP.RealizableHardness.ActualFiniteDegreeFourierReconstruction.complexRankProjection_reconstruct_range' depends on axioms: [propext,
 Classical.choice,
 Quot.sound]
info: lean/PvNP/RealizableHardness/ActualFiniteDegreeFourierReconstructionChecks.lean:18:0: PvNP.RealizableHardness.ActualFiniteDegreeFourierReconstruction.complexRankProjection_reconstruct_range_of_support
  {n d D : ℕ} (f : PvNP.RealizableHardness.BinaryMatrixFourier.BinaryMatrix n d → ℂ)
  (hsupport : ComplexFourierSupportedThrough D f) (M : PvNP.RealizableHardness.BinaryMatrixFourier.BinaryMatrix n d) :
  ∑ i ∈ Finset.range (D + 1), PvNP.RealizableHardness.BinaryMatrixComplexA14.complexRankProjection i f M = f M
info: lean/PvNP/RealizableHardness/ActualFiniteDegreeFourierReconstructionChecks.lean:19:0: 'PvNP.RealizableHardness.ActualFiniteDegreeFourierReconstruction.complexRankProjection_reconstruct_range_of_support' depends on axioms: [propext,
 Classical.choice,
 Quot.sound]
Build completed successfully (3095 jobs).
