UTC=2026-09-24T01:07:02Z
RESULT=PASS
EXPECTED_COMMIT=77ee818b46f69418b9f88e57a8cdcaba60c50243
WORKTREE_HEAD=77ee818b46f69418b9f88e57a8cdcaba60c50243
EXPECTED_MAIN_SHA256=740dd940474d2aa9fdb266dd2d6975f50e0cfb8cfdf648d558a0278116f069cb
EXPECTED_CHECKS_SHA256=d42e8f2e12b89188b34a7acf33236a7e690546723907e2cd9edaa3e48e858090
DIRECT_MAIN_RC=0
DIRECT_CHECKS_RC=0
FORCED_COMBINED_RC=0
INDEPENDENT_REPLAY_RC=0
OLEAN_STABILITY_RC=0
SOURCE_CHECK_COUNT=1
SOURCE_AXIOM_COUNT=1
740dd940474d2aa9fdb266dd2d6975f50e0cfb8cfdf648d558a0278116f069cb  lean/PvNP/RealizableHardness/ActualMZ24FixedRhoRetainedSpecialization.lean
d42e8f2e12b89188b34a7acf33236a7e690546723907e2cd9edaa3e48e858090  lean/PvNP/RealizableHardness/ActualMZ24FixedRhoRetainedSpecializationChecks.lean
OLEAN_HASHES_BEGIN
1013010bf41d251fac6864e0ba221a78946969c890d0cc2828aa216f549779cb  /home/dfredriksen_quantyra_org/mz24-fixed-rho-de048da/.lake/build/lib/lean/PvNP/RealizableHardness/ActualMZ24FixedRhoRetainedSpecialization.olean
bbcd291cfdf28ffc67ad14d798fb5a94f9da94fbdf013bdf21d74f0560a2208d  /home/dfredriksen_quantyra_org/mz24-fixed-rho-de048da/.lake/build/lib/lean/PvNP/RealizableHardness/ActualMZ24FixedRhoRetainedSpecializationChecks.olean
OLEAN_HASHES_END
COMMIT=none
