✔ guard covers bucket and every object for all principals; OAC allow is unchanged (8.8864ms)
✔ legacy repair writes once, reads back, and corrected replay writes nothing (4.6591ms)
✔ new or concurrently changed statements cannot be overwritten (3.2507ms)
✔ BIND import retains inherited owners, MX, split TXT, subdomain NS and multiline SOA (45.2629ms)
✔ GoDaddy JSON groups MX and preserves mail verification TXT (1.2172ms)
✔ reject unsupported directives, unknown types, out-of-zone data, empty exports and CNAME conflicts (1.4556ms)
✔ RRset comparator normalizes TXT chunking, field order, FQDN case and IPv6 (1.6551ms)
✔ DNS wire rejects mismatched transaction IDs and malformed compression pointers (1.8371ms)
✔ child NS delegations are verified by referral without pretending to serve child records (1.0466ms)
✔ GoDaddy write shim and premature finalize/associate stop before mutations (2648.5223ms)
✔ routing preserves assets, appends directory index, redirects extensionless paths with queries (6.9519ms)
✔ metadata verifier detects changes while normalizing key order and dates (3.4318ms)
✔ private origin config starts without source aliases or source certificate (1.3804ms)
✔ write gate rejects wrong account before other API access (8.6289ms)
✔ write gate rejects implicit denies and produces no mutation calls (3.288ms)
✔ write gate includes bucket security, object and edge mutation permissions (2.458ms)
ℹ tests 16
ℹ suites 0
ℹ pass 16
ℹ fail 0
ℹ cancelled 0
ℹ skipped 0
ℹ todo 0
ℹ duration_ms 3834.2465
