C:\Users\Dan\Desktop\Projects\realizable-cmmsa-hardness\docs\native-receipts\ActualSelectedComplementAnalyticMoment\runtime-prebuild\local-native-123542\src\PvNP\RealizableHardness\ActualTypedABCanonicalSignalCollapse.lean:69:17: error(lean.unknownIdentifier): Unknown identifier `complexAmbientAffineRestrict`
C:\Users\Dan\Desktop\Projects\realizable-cmmsa-hardness\docs\native-receipts\ActualSelectedComplementAnalyticMoment\runtime-prebuild\local-native-123542\src\PvNP\RealizableHardness\ActualTypedABCanonicalSignalCollapse.lean:71:12: error(lean.unknownIdentifier): Unknown identifier `complexAmbientAffineRestrict`
C:\Users\Dan\Desktop\Projects\realizable-cmmsa-hardness\docs\native-receipts\ActualSelectedComplementAnalyticMoment\runtime-prebuild\local-native-123542\src\PvNP\RealizableHardness\ActualTypedABCanonicalSignalCollapse.lean:78:21: warning: `if_neg` has been deprecated: Use `ite_eq_right` instead
C:\Users\Dan\Desktop\Projects\realizable-cmmsa-hardness\docs\native-receipts\ActualSelectedComplementAnalyticMoment\runtime-prebuild\local-native-123542\src\PvNP\RealizableHardness\ActualTypedABCanonicalSignalCollapse.lean:115:17: warning: `if_neg` has been deprecated: Use `ite_eq_right` instead
C:\Users\Dan\Desktop\Projects\realizable-cmmsa-hardness\docs\native-receipts\ActualSelectedComplementAnalyticMoment\runtime-prebuild\local-native-123542\src\PvNP\RealizableHardness\ActualTypedABCanonicalSignalCollapse.lean:138:8: error: Type mismatch: After simplification, term
  typed_line_A1_operator_step ⊥ A' ⊤ hA hL 0 carrierBase g (e.symm M)
 has type
  @Eq ℂ
    (typedComplexLineFilter ⊤ (Submodule.map ⊥.mkQ A') hL
      (fun M =>
        BinaryMatrixA1Complex.complexAmbientAffineRestrict ⊥ ⊤ 0
          (BinaryMatrixA1Complex.complexAmbientHybridFilter ⊥ ⊤ g) M)
      (carrierBase + (lineCanonicalEquiv ⊥ A' ⊤ hA).symm M ∘ₗ (Submodule.map ⊥.mkQ A').mkQ))
    (BinaryMatrixA1Complex.complexAmbientAffineRestrict A' ⊤ T (BinaryMatrixA1Complex.complexAmbientHybridFilter A' ⊤ g)
      M)
but is expected to have type
  @Eq ℂ
    (typedComplexLineFilter ⊤ (Submodule.map ⊥.mkQ A') hL (filteredCarrierFunction ⊥ ⊤ 0 g)
      (carrierBase + (lineCanonicalEquiv ⊥ A' ⊤ hA).symm M ∘ₗ (Submodule.map ⊥.mkQ A').mkQ))
    (BinaryMatrixA1Complex.complexAmbientAffineRestrict A' ⊤ T (BinaryMatrixA1Complex.complexAmbientHybridFilter A' ⊤ g)
      M)
