EXPECTED_BUNDLE_SHA256=9e7bea4f351dfdd6224c2c79c97623abfbc529cd0b0c818f2b17b0e246d17559
ACTUAL_BUNDLE_SHA256=9e7bea4f351dfdd6224c2c79c97623abfbc529cd0b0c818f2b17b0e246d17559
/tmp/gcp-actual-one-experiment-retained-agreement-a5-20260924T062349Z/incoming/accepted-head.bundle is okay
The bundle contains these 13 refs:
8a912d7d9b8a5c81a2ce51633295168a86a03fb7 refs/heads/main
6de31106449dac67008478ef548986dd76af397f refs/heads/sol/cmmsa-tagged-gcp-20260922
8a912d7d9b8a5c81a2ce51633295168a86a03fb7 refs/remotes/origin/main
9d839590a18da588915a21c88e2ef9caf2517f26 refs/tags/v0.1.0
c529ac8ee5a28f17775a47d94620678a9cd88532 refs/tags/v1.0.0
8a912d7d9b8a5c81a2ce51633295168a86a03fb7 HEAD
173913b4ef4c90e3d7aab35f04d311a7d75b3639 worktrees/cmmsa-phasea-build-20260922-220527/HEAD
6de31106449dac67008478ef548986dd76af397f worktrees/cmmsa-tagged-sol-ff4587-20260922T2024/HEAD
699d6a466b0ea1381741ead57501fe2f4bd79cae worktrees/realizable-cmmsa-hardness-phasea-terminal-sol56-20260923-01/HEAD
ac977f05caa9c565f5840e4158703ccd2a82b568 worktrees/realizable-cmmsa-hardness-phasea-typed-sol56-20260923-01/HEAD
a2ce81a27a1c1b61ac048961e04bc1bbe6df918e worktrees/worktree/HEAD
e376917d706c56c39fc92b4ffe89e32352806e11 worktrees/worktree1/HEAD
4e625ade8e3492d349dfac3f6a580b09bce7c4ad worktrees/worktree2/HEAD
The bundle records a complete history.
The bundle uses this hash algorithm: sha1
From /tmp/gcp-actual-one-experiment-retained-agreement-a5-20260924T062349Z/incoming/accepted-head.bundle
 * branch            HEAD       -> FETCH_HEAD
FETCH_HEAD=8a912d7d9b8a5c81a2ce51633295168a86a03fb7
commit
