C:\Users\Dan\Desktop\Projects\realizable-cmmsa-hardness\docs\native-receipts\ActualSelectedComplementAnalyticMoment\runtime-prebuild\local-native-own349\src\PvNP\RealizableHardness\ActualBinaryMatrixHC46DR6Mobius.lean:58:18: warning: `if_pos` has been deprecated: Use `ite_eq_left` instead
C:\Users\Dan\Desktop\Projects\realizable-cmmsa-hardness\docs\native-receipts\ActualSelectedComplementAnalyticMoment\runtime-prebuild\local-native-own349\src\PvNP\RealizableHardness\ActualBinaryMatrixHC46DR6Mobius.lean:96:2: warning: Unused tactic linter: `change
  Finset.univ.prod (fun i : Fin k => 2 ^ n - 2 ^ i.val) =
    2 ^ (k * (k - 1) / 2) * Finset.prod (Finset.range k) (fun i => 2 ^ (n - i) - 1)` does nothing

Note: This linter can be disabled with `set_option linter.unusedTactic false`
C:\Users\Dan\Desktop\Projects\realizable-cmmsa-hardness\docs\native-receipts\ActualSelectedComplementAnalyticMoment\runtime-prebuild\local-native-own349\src\PvNP\RealizableHardness\ActualBinaryMatrixHC46DR6Mobius.lean:288:6: error: Invalid rewrite argument: Expected an equality or iff proof or definition name, but `?hpow` is a value of type
  ?m.908
C:\Users\Dan\Desktop\Projects\realizable-cmmsa-hardness\docs\native-receipts\ActualSelectedComplementAnalyticMoment\runtime-prebuild\local-native-own349\src\PvNP\RealizableHardness\ActualBinaryMatrixHC46DR6Mobius.lean:314:10: warning: This simp argument is unused:
  Nat.sub_self

Hint: Omit it from the simp argument list.
  [apply] simp

Note: This linter can be disabled with `set_option linter.unusedSimpArgs false`
C:\Users\Dan\Desktop\Projects\realizable-cmmsa-hardness\docs\native-receipts\ActualSelectedComplementAnalyticMoment\runtime-prebuild\local-native-own349\src\PvNP\RealizableHardness\ActualBinaryMatrixHC46DR6Mobius.lean:344:20: error: Tactic `rewrite` failed: Did not find an occurrence of the pattern
  -?a * ?b
in the target expression
  (-1) ^ k * -1 * 2 ^ (n + k * (k - 1) / 2) = -(2 ^ n * ((-1) ^ k * 2 ^ (k * (k - 1) / 2)))

n k : ℕ
hkn : k ≤ n
hsum : (k + 1) * (k + 1 - 1) / 2 = k * (k - 1) / 2 + k
htri : (k + 1) * k / 2 = k * (k - 1) / 2 + k
htri' : (k + 1) * (k + 1 - 1) / 2 = k * (k - 1) / 2 + k
hpow2 : 2 ^ k * 2 ^ (n - k) = 2 ^ (k + (n - k))
hpow3 : k * (k - 1) / 2 + (k + (n - k)) = n + k * (k - 1) / 2
⊢ (-1) ^ k * -1 * 2 ^ (n + k * (k - 1) / 2) = -(2 ^ n * ((-1) ^ k * 2 ^ (k * (k - 1) / 2)))
C:\Users\Dan\Desktop\Projects\realizable-cmmsa-hardness\docs\native-receipts\ActualSelectedComplementAnalyticMoment\runtime-prebuild\local-native-own349\src\PvNP\RealizableHardness\ActualBinaryMatrixHC46DR6Mobius.lean:318:46: error: unsolved goals
case calc.step
n k : ℕ
hkn : k ≤ n
hsum : (k + 1) * (k + 1 - 1) / 2 = k * (k - 1) / 2 + k
htri : (k + 1) * k / 2 = k * (k - 1) / 2 + k
htri' : (k + 1) * (k + 1 - 1) / 2 = k * (k - 1) / 2 + k
hpow2 : 2 ^ k * 2 ^ (n - k) = 2 ^ (k + (n - k))
hpow3 : k * (k - 1) / 2 + (k + (n - k)) = n + k * (k - 1) / 2
⊢ -(2 ^ n * ((-1) ^ k * 2 ^ (k * (k - 1) / 2))) = -2 ^ n * ((-1) ^ k * 2 ^ (k * (k - 1) / 2))
