⚠ [2203/2319] Replayed PvNP.RealizableHardness.BinaryMatrixFourier
warning: lean/PvNP/RealizableHardness/BinaryMatrixFourier.lean:126:8: `if_pos` has been deprecated: Use `ite_eq_left` instead
warning: lean/PvNP/RealizableHardness/BinaryMatrixFourier.lean:132:8: `if_neg` has been deprecated: Use `ite_eq_right` instead
⚠ [2205/2319] Replayed PvNP.RealizableHardness.BinaryMatrixHybridSelector
warning: lean/PvNP/RealizableHardness/BinaryMatrixHybridSelector.lean:71:8: `if_pos` has been deprecated: Use `ite_eq_left` instead
warning: lean/PvNP/RealizableHardness/BinaryMatrixHybridSelector.lean:90:8: `if_neg` has been deprecated: Use `ite_eq_right` instead
⚠ [2207/2319] Replayed PvNP.RealizableHardness.BinaryMatrixLineTranslation
warning: lean/PvNP/RealizableHardness/BinaryMatrixLineTranslation.lean:243:4: try 'simp' instead of 'simpa'

Note: This linter can be disabled with `set_option linter.unnecessarySimpa false`
warning: lean/PvNP/RealizableHardness/BinaryMatrixLineTranslation.lean:315:8: `if_neg` has been deprecated: Use `ite_eq_right` instead
warning: lean/PvNP/RealizableHardness/BinaryMatrixLineTranslation.lean:407:15: `if_neg` has been deprecated: Use `ite_eq_right` instead
warning: lean/PvNP/RealizableHardness/BinaryMatrixLineTranslation.lean:433:41: This simp argument is unused:
  s

Hint: Omit it from the simp argument list.
  [apply] simp [hs, hr]

Note: This linter can be disabled with `set_option linter.unusedSimpArgs false`
warning: lean/PvNP/RealizableHardness/BinaryMatrixLineTranslation.lean:555:15: `if_neg` has been deprecated: Use `ite_eq_right` instead
warning: lean/PvNP/RealizableHardness/BinaryMatrixLineTranslation.lean:592:57: This simp argument is unused:
  mul_assoc

Hint: Omit it from the simp argument list.
  [apply] simp [hr, hs]

Note: This linter can be disabled with `set_option linter.unusedSimpArgs false`
⚠ [2208/2319] Replayed PvNP.RealizableHardness.BinaryMatrixLineA14
warning: lean/PvNP/RealizableHardness/BinaryMatrixLineA14.lean:88:8: `if_pos` has been deprecated: Use `ite_eq_left` instead
warning: lean/PvNP/RealizableHardness/BinaryMatrixLineA14.lean:97:8: `if_neg` has been deprecated: Use `ite_eq_right` instead
⚠ [2283/2319] Replayed PvNP.RealizableHardness.BinaryMatrixA1TypedFourier
warning: lean/PvNP/RealizableHardness/BinaryMatrixA1TypedFourier.lean:198:8: `if_pos` has been deprecated: Use `ite_eq_left` instead
warning: lean/PvNP/RealizableHardness/BinaryMatrixA1TypedFourier.lean:204:8: `if_neg` has been deprecated: Use `ite_eq_right` instead
warning: lean/PvNP/RealizableHardness/BinaryMatrixA1TypedFourier.lean:236:8: `if_pos` has been deprecated: Use `ite_eq_left` instead
warning: lean/PvNP/RealizableHardness/BinaryMatrixA1TypedFourier.lean:242:8: `if_neg` has been deprecated: Use `ite_eq_right` instead
⚠ [2285/2319] Replayed PvNP.RealizableHardness.BinaryMatrixA1CoefficientTransfer
warning: lean/PvNP/RealizableHardness/BinaryMatrixA1CoefficientTransfer.lean:111:15: `if_pos` has been deprecated: Use `ite_eq_left` instead
⚠ [2286/2319] Replayed PvNP.RealizableHardness.BinaryMatrixA1Composition
warning: lean/PvNP/RealizableHardness/BinaryMatrixA1Composition.lean:40:15: `if_pos` has been deprecated: Use `ite_eq_left` instead
warning: lean/PvNP/RealizableHardness/BinaryMatrixA1Composition.lean:102:5: Variable name `hA` is not explicitly referenced.

Hint: The binding can be removed (if unused) or named `_` (if used implicitly). Alternatively, prefix the name with `_` to silence this warning:
  [apply] _hA

Note: This linter can be disabled with `set_option linter.unusedVariables false`
warning: lean/PvNP/RealizableHardness/BinaryMatrixA1Composition.lean:102:20: Variable name `hB` is not explicitly referenced.

Hint: The binding can be removed (if unused) or named `_` (if used implicitly). Alternatively, prefix the name with `_` to silence this warning:
  [apply] _hB

Note: This linter can be disabled with `set_option linter.unusedVariables false`
warning: lean/PvNP/RealizableHardness/BinaryMatrixA1Composition.lean:172:43: `if_pos` has been deprecated: Use `ite_eq_left` instead
⚠ [2289/2319] Replayed PvNP.RealizableHardness.BinaryMatrixComplexA15
warning: lean/PvNP/RealizableHardness/BinaryMatrixComplexA15.lean:35:4: Unused tactic linter: `change fibreEnergy R.fibre f ≤ ε` does nothing

Note: This linter can be disabled with `set_option linter.unusedTactic false`
warning: lean/PvNP/RealizableHardness/BinaryMatrixComplexA15.lean:46:2: Unused tactic linter: `change fibreEnergy Q.fibre f ≤ ε` does nothing

Note: This linter can be disabled with `set_option linter.unusedTactic false`
warning: lean/PvNP/RealizableHardness/BinaryMatrixComplexA15.lean:184:24: This simp argument is unused:
  zero_add

Hint: Omit it from the simp argument list.
  [apply] simp only [Complex.normSq_apply, Complex.sub_re, Complex.sub_im, Complex.mul_re, Complex.mul_im,
    Complex.ofReal_re, Complex.ofReal_im, zero_mul, sub_zero, mul_zero]

Note: This linter can be disabled with `set_option linter.unusedSimpArgs false`
warning: lean/PvNP/RealizableHardness/BinaryMatrixComplexA15.lean:184:34: This simp argument is unused:
  mul_zero

Hint: Omit it from the simp argument list.
  [apply] simp only [Complex.normSq_apply, Complex.sub_re, Complex.sub_im, Complex.mul_re, Complex.mul_im,
    Complex.ofReal_re, Complex.ofReal_im, zero_mul, sub_zero, zero_add]

Note: This linter can be disabled with `set_option linter.unusedSimpArgs false`
⚠ [2301/2319] Replayed PvNP.RealizableHardness.BinaryMatrixTypedA15HyperplaneGlobal
warning: lean/PvNP/RealizableHardness/BinaryMatrixTypedA15HyperplaneGlobal.lean:48:25: Variable name `hH` is not explicitly referenced.

Hint: The binding can be removed (if unused) or named `_` (if used implicitly). Alternatively, prefix the name with `_` to silence this warning:
  [apply] _hH

Note: This linter can be disabled with `set_option linter.unusedVariables false`
⚠ [2303/2319] Replayed PvNP.RealizableHardness.BinaryMatrixTypedA15HyperplaneReducedGlobal
warning: lean/PvNP/RealizableHardness/BinaryMatrixTypedA15HyperplaneReducedGlobal.lean:54:25: Variable name `hH` is not explicitly referenced.

Hint: The binding can be removed (if unused) or named `_` (if used implicitly). Alternatively, prefix the name with `_` to silence this warning:
  [apply] _hH

Note: This linter can be disabled with `set_option linter.unusedVariables false`
warning: lean/PvNP/RealizableHardness/BinaryMatrixTypedA15HyperplaneReducedGlobal.lean:64:25: Variable name `hH` is not explicitly referenced.

Hint: The binding can be removed (if unused) or named `_` (if used implicitly). Alternatively, prefix the name with `_` to silence this warning:
  [apply] _hH

Note: This linter can be disabled with `set_option linter.unusedVariables false`
warning: lean/PvNP/RealizableHardness/BinaryMatrixTypedA15HyperplaneReducedGlobal.lean:84:25: Variable name `hH` is not explicitly referenced.

Hint: The binding can be removed (if unused) or named `_` (if used implicitly). Alternatively, prefix the name with `_` to silence this warning:
  [apply] _hH

Note: This linter can be disabled with `set_option linter.unusedVariables false`
warning: lean/PvNP/RealizableHardness/BinaryMatrixTypedA15HyperplaneReducedGlobal.lean:98:25: Variable name `hH` is not explicitly referenced.

Hint: The binding can be removed (if unused) or named `_` (if used implicitly). Alternatively, prefix the name with `_` to silence this warning:
  [apply] _hH

Note: This linter can be disabled with `set_option linter.unusedVariables false`
warning: lean/PvNP/RealizableHardness/BinaryMatrixTypedA15HyperplaneReducedGlobal.lean:236:25: Variable name `hH` is not explicitly referenced.

Hint: The binding can be removed (if unused) or named `_` (if used implicitly). Alternatively, prefix the name with `_` to silence this warning:
  [apply] _hH

Note: This linter can be disabled with `set_option linter.unusedVariables false`
⚠ [2305/2319] Replayed PvNP.RealizableHardness.BinaryMatrixTypedA14HyperplaneReduced
warning: lean/PvNP/RealizableHardness/BinaryMatrixTypedA14HyperplaneReduced.lean:35:55: Variable name `hH` is not explicitly referenced.

Hint: The binding can be removed (if unused) or named `_` (if used implicitly). Alternatively, prefix the name with `_` to silence this warning:
  [apply] _hH

Note: This linter can be disabled with `set_option linter.unusedVariables false`
warning: lean/PvNP/RealizableHardness/BinaryMatrixTypedA14HyperplaneReduced.lean:119:55: Variable name `hH` is not explicitly referenced.

Hint: The binding can be removed (if unused) or named `_` (if used implicitly). Alternatively, prefix the name with `_` to silence this warning:
  [apply] _hH

Note: This linter can be disabled with `set_option linter.unusedVariables false`
⚠ [2307/2319] Replayed PvNP.RealizableHardness.BinaryMatrixA15BaseCase
warning: lean/PvNP/RealizableHardness/BinaryMatrixA15BaseCase.lean:31:4: Try this: 
  haveI̵

The goal is a proposition, so `have` is preferred over `haveI`.
The difference between `have` and `haveI` is that `haveI` inlines the value.
But this is not relevant for proofs because of proof irrelevance.

Note: This linter can be disabled with `set_option linter.style.haveILetI false`
⚠ [2312/2319] Replayed PvNP.RealizableHardness.BinaryMatrixTypedHyperplaneIntrinsicP
warning: lean/PvNP/RealizableHardness/BinaryMatrixTypedHyperplaneIntrinsicP.lean:138:35: This simp argument is unused:
  Module.Basis.dualBasis_equivFun

Hint: Omit it from the simp argument list.
  [apply] simp [hyperplaneMatrixEquiv, hyperplaneShiftVectorIndex, lineShift, lineFunctional]

Note: This linter can be disabled with `set_option linter.unusedSimpArgs false`
⚠ [2314/2319] Replayed PvNP.RealizableHardness.BinaryMatrixA15SelectedBridge
warning: lean/PvNP/RealizableHardness/BinaryMatrixA15SelectedBridge.lean:44:10: try 'simp' instead of 'simpa'

Note: This linter can be disabled with `set_option linter.unnecessarySimpa false`
warning: lean/PvNP/RealizableHardness/BinaryMatrixA15SelectedBridge.lean:50:10: try 'simp' instead of 'simpa'

Note: This linter can be disabled with `set_option linter.unnecessarySimpa false`
⚠ [2316/2319] Replayed PvNP.RealizableHardness.ActualTypedIntrinsicWitnessNaturality
warning: lean/PvNP/RealizableHardness/ActualTypedIntrinsicWitnessNaturality.lean:224:31: This simp argument is unused:
  LinearEquiv.arrowCongr_apply

Hint: Omit it from the simp argument list.
  [apply] simp [eN, mapReindexEquiv, LinearMap.comp_apply]

Note: This linter can be disabled with `set_option linter.unusedSimpArgs false`
warning: lean/PvNP/RealizableHardness/ActualTypedIntrinsicWitnessNaturality.lean:225:6: This simp argument is unused:
  LinearMap.comp_apply

Hint: Omit it from the simp argument list.
  [apply] simp [eN, mapReindexEquiv, LinearEquiv.arrowCongr_apply]

Note: This linter can be disabled with `set_option linter.unusedSimpArgs false`
warning: lean/PvNP/RealizableHardness/ActualTypedIntrinsicWitnessNaturality.lean:327:4: Try `simp at hz` instead of `simpa using hz`

Note: This linter can be disabled with `set_option linter.unnecessarySimpa false`
warning: lean/PvNP/RealizableHardness/ActualTypedIntrinsicWitnessNaturality.lean:357:4: Try `simp at h'` instead of `simpa using h'`

Note: This linter can be disabled with `set_option linter.unnecessarySimpa false`
warning: lean/PvNP/RealizableHardness/ActualTypedIntrinsicWitnessNaturality.lean:373:2: try 'simp' instead of 'simpa'

Note: This linter can be disabled with `set_option linter.unnecessarySimpa false`
⚠ [2317/2319] Replayed PvNP.RealizableHardness.ActualTypedIntrinsicHyperplaneNaturality
warning: lean/PvNP/RealizableHardness/ActualTypedIntrinsicHyperplaneNaturality.lean:48:5: Variable name `hφ` is not explicitly referenced.

Hint: The binding can be removed (if unused) or named `_` (if used implicitly). Alternatively, prefix the name with `_` to silence this warning:
  [apply] _hφ

Note: This linter can be disabled with `set_option linter.unusedVariables false`
warning: lean/PvNP/RealizableHardness/ActualTypedIntrinsicHyperplaneNaturality.lean:207:6: This simp argument is unused:
  LinearEquiv.arrowCongr_apply

Hint: Omit it from the simp argument list.
  [apply] simp [eIndex, ePhi, eW, mapReindexEquiv, LinearMap.comp_apply, LinearMap.smulRight_apply]

Note: This linter can be disabled with `set_option linter.unusedSimpArgs false`
warning: lean/PvNP/RealizableHardness/ActualTypedIntrinsicHyperplaneNaturality.lean:358:31: This simp argument is unused:
  LinearEquiv.arrowCongr_apply

Hint: Omit it from the simp argument list.
  [apply] simp [eN, mapReindexEquiv, LinearMap.comp_apply]

Note: This linter can be disabled with `set_option linter.unusedSimpArgs false`
warning: lean/PvNP/RealizableHardness/ActualTypedIntrinsicHyperplaneNaturality.lean:359:6: This simp argument is unused:
  LinearMap.comp_apply

Hint: Omit it from the simp argument list.
  [apply] simp [eN, mapReindexEquiv, LinearEquiv.arrowCongr_apply]

Note: This linter can be disabled with `set_option linter.unusedSimpArgs false`
warning: lean/PvNP/RealizableHardness/ActualTypedIntrinsicHyperplaneNaturality.lean:395:31: This simp argument is unused:
  LinearEquiv.arrowCongr_apply

Hint: Omit it from the simp argument list.
  [apply] simp [eN, mapReindexEquiv, LinearMap.comp_apply]

Note: This linter can be disabled with `set_option linter.unusedSimpArgs false`
warning: lean/PvNP/RealizableHardness/ActualTypedIntrinsicHyperplaneNaturality.lean:396:6: This simp argument is unused:
  LinearMap.comp_apply

Hint: Omit it from the simp argument list.
  [apply] simp [eN, mapReindexEquiv, LinearEquiv.arrowCongr_apply]

Note: This linter can be disabled with `set_option linter.unusedSimpArgs false`
⚠ [2318/2319] Replayed PvNP.RealizableHardness.ActualTypedMixedTower
warning: lean/PvNP/RealizableHardness/ActualTypedMixedTower.lean:46:4: The namespace `ActualTypedMixedTower` is duplicated in the declaration `PvNP.RealizableHardness.ActualTypedMixedTower.ActualTypedMixedTower.line`.

Note: This linter can be disabled with `set_option linter.dupNamespace false`
warning: lean/PvNP/RealizableHardness/ActualTypedMixedTower.lean:57:4: The namespace `ActualTypedMixedTower` is duplicated in the declaration `PvNP.RealizableHardness.ActualTypedMixedTower.ActualTypedMixedTower.hyperplane`.

Note: This linter can be disabled with `set_option linter.dupNamespace false`
warning: lean/PvNP/RealizableHardness/ActualTypedMixedTower.lean:37:10: The namespace `ActualTypedMixedTower` is duplicated in the declaration `PvNP.RealizableHardness.ActualTypedMixedTower.ActualTypedMixedTower`.

Note: This linter can be disabled with `set_option linter.dupNamespace false`
warning: lean/PvNP/RealizableHardness/ActualTypedMixedTower.lean:42:4: The namespace `ActualTypedMixedTower` is duplicated in the declaration `PvNP.RealizableHardness.ActualTypedMixedTower.ActualTypedMixedTower.done`.

Note: This linter can be disabled with `set_option linter.dupNamespace false`
✖ [2319/2319] Building PvNP.RealizableHardness.ActualTypedABMixedTower (4.0s)
trace: .> LEAN_PATH=/home/dfredriksen_quantyra_org/cmmsa_analytic_20260930T040837Z/.lake/packages/Cli/.lake/build/lib/lean:/home/dfredriksen_quantyra_org/cmmsa_analytic_20260930T040837Z/.lake/packages/batteries/.lake/build/lib/lean:/home/dfredriksen_quantyra_org/cmmsa_analytic_20260930T040837Z/.lake/packages/Qq/.lake/build/lib/lean:/home/dfredriksen_quantyra_org/cmmsa_analytic_20260930T040837Z/.lake/packages/aesop/.lake/build/lib/lean:/home/dfredriksen_quantyra_org/cmmsa_analytic_20260930T040837Z/.lake/packages/proofwidgets/.lake/build/lib/lean:/home/dfredriksen_quantyra_org/cmmsa_analytic_20260930T040837Z/.lake/packages/importGraph/.lake/build/lib/lean:/home/dfredriksen_quantyra_org/cmmsa_analytic_20260930T040837Z/.lake/packages/LeanSearchClient/.lake/build/lib/lean:/home/dfredriksen_quantyra_org/cmmsa_analytic_20260930T040837Z/.lake/packages/plausible/.lake/build/lib/lean:/home/dfredriksen_quantyra_org/cmmsa_analytic_20260930T040837Z/.lake/packages/complexitylib/.lake/build/lib/lean:/home/dfredriksen_quantyra_org/cmmsa_analytic_20260930T040837Z/.lake/packages/mathlib/.lake/build/lib/lean:/home/dfredriksen_quantyra_org/cmmsa_analytic_20260930T040837Z/.lake/packages/cslib/.lake/build/lib/lean:/home/dfredriksen_quantyra_org/cmmsa_analytic_20260930T040837Z/.lake/build/lib/lean /home/dfredriksen_quantyra_org/.elan/toolchains/leanprover--lean4---v4.34.0-rc2/bin/lean /home/dfredriksen_quantyra_org/cmmsa_analytic_20260930T040837Z/lean/PvNP/RealizableHardness/ActualTypedABMixedTower.lean -o /home/dfredriksen_quantyra_org/cmmsa_analytic_20260930T040837Z/.lake/build/lib/lean/PvNP/RealizableHardness/ActualTypedABMixedTower.olean -i /home/dfredriksen_quantyra_org/cmmsa_analytic_20260930T040837Z/.lake/build/lib/lean/PvNP/RealizableHardness/ActualTypedABMixedTower.ilean -c /home/dfredriksen_quantyra_org/cmmsa_analytic_20260930T040837Z/.lake/build/ir/PvNP/RealizableHardness/ActualTypedABMixedTower.c --setup /home/dfredriksen_quantyra_org/cmmsa_analytic_20260930T040837Z/.lake/build/ir/PvNP/RealizableHardness/ActualTypedABMixedTower.setup.json --json
error: lean/PvNP/RealizableHardness/ActualTypedABMixedTower.lean:46:14: failed to synthesize instance of type class
  AddCommMonoid D

Hint: Type class instance resolution failures can be inspected with the `set_option trace.Meta.synthInstance true` command.
error: lean/PvNP/RealizableHardness/ActualTypedABMixedTower.lean:46:41: failed to synthesize instance of type class
  AddCommMonoid D

Hint: Type class instance resolution failures can be inspected with the `set_option trace.Meta.synthInstance true` command.
error: lean/PvNP/RealizableHardness/ActualTypedABMixedTower.lean:68:18: Application type mismatch: The argument
  nestedDomainEquiv A A' hA
has type
  ((PvNP.RealizableHardness.BinaryMatrixA1NestedCarrier.V✝ d ⧸ A) ⧸
      Submodule.map A.mkQ A') ≃ₗ[PvNP.RealizableHardness.BinaryMatrixA1NestedCarrier.F✝]
    PvNP.RealizableHardness.BinaryMatrixA1NestedCarrier.V✝ d ⧸ A'
but is expected to have type
  (PvNP.RealizableHardness.BinaryMatrixTypedA15ReducedGlobal.V✝ d ⧸ A) ⧸ Submodule.map A.mkQ A' →ₛₗ[?m.139 M] V d ⧸ A'
in the application
  M ∘ₛₗ nestedDomainEquiv A A' hA
warning: lean/PvNP/RealizableHardness/ActualTypedABMixedTower.lean:59:4: The namespace `ActualTypedABMixedTower` is duplicated in the declaration `PvNP.RealizableHardness.ActualTypedABMixedTower.ActualTypedABMixedTower.line`.

Note: This linter can be disabled with `set_option linter.dupNamespace false`
warning: lean/PvNP/RealizableHardness/ActualTypedABMixedTower.lean:56:4: The namespace `ActualTypedABMixedTower` is duplicated in the declaration `PvNP.RealizableHardness.ActualTypedABMixedTower.ActualTypedABMixedTower.done`.

Note: This linter can be disabled with `set_option linter.dupNamespace false`
warning: lean/PvNP/RealizableHardness/ActualTypedABMixedTower.lean:70:4: The namespace `ActualTypedABMixedTower` is duplicated in the declaration `PvNP.RealizableHardness.ActualTypedABMixedTower.ActualTypedABMixedTower.hyperplane`.

Note: This linter can be disabled with `set_option linter.dupNamespace false`
warning: lean/PvNP/RealizableHardness/ActualTypedABMixedTower.lean:53:10: The namespace `ActualTypedABMixedTower` is duplicated in the declaration `PvNP.RealizableHardness.ActualTypedABMixedTower.ActualTypedABMixedTower`.

Note: This linter can be disabled with `set_option linter.dupNamespace false`
warning: lean/PvNP/RealizableHardness/ActualTypedABMixedTower.lean:84:32: Variable name `n` is not explicitly referenced.

Hint: The binding can be removed (if unused) or named `_` (if used implicitly). Alternatively, prefix the name with `_` to silence this warning:
  [apply] _n

Note: This linter can be disabled with `set_option linter.unusedVariables false`
error: lean/PvNP/RealizableHardness/ActualTypedABMixedTower.lean:115:13: Unknown identifier `ActualTypedABMixedTower`

Note: It is not possible to treat `ActualTypedABMixedTower` as an implicitly bound variable here because the `autoImplicit` option is set to `false`.
warning: lean/PvNP/RealizableHardness/ActualTypedABMixedTower.lean:139:5: Variable name `hA` is not explicitly referenced.

Hint: The binding can be removed (if unused) or named `_` (if used implicitly). Alternatively, prefix the name with `_` to silence this warning:
  [apply] _hA

Note: This linter can be disabled with `set_option linter.unusedVariables false`
error: lean/PvNP/RealizableHardness/ActualTypedABMixedTower.lean:176:26: Application type mismatch: The argument
  nestedDomainEquiv A A' hA
has type
  ((PvNP.RealizableHardness.BinaryMatrixA1NestedCarrier.V✝ d ⧸ A) ⧸
      Submodule.map A.mkQ A') ≃ₗ[PvNP.RealizableHardness.BinaryMatrixA1NestedCarrier.F✝]
    PvNP.RealizableHardness.BinaryMatrixA1NestedCarrier.V✝ d ⧸ A'
but is expected to have type
  (V d ⧸ A) ⧸ Submodule.map A.mkQ A' →ₛₗ[?m.85 M] PvNP.RealizableHardness.BinaryMatrixTypedA15Transport.V✝ d ⧸ A'
in the application
  M ∘ₛₗ nestedDomainEquiv A A' hA
error: lean/PvNP/RealizableHardness/ActualTypedABMixedTower.lean:252:12: typeclass instance problem is stuck
  RingHomCompTriple ?m.153 (RingHom.id F) ?m.152

Note: Lean will not try to resolve this typeclass instance problem because the seventh type argument to `RingHomCompTriple` is a metavariable. This argument must be fully determined before Lean will try to resolve the typeclass.

Hint: Adding type annotations and supplying implicit arguments to functions can give Lean more information for typeclass resolution. For example, if you have a variable `x` that you intend to be a `Nat`, but Lean reports it as having an unresolved type like `?m`, replacing `x` with `(x : Nat)` can get typeclass resolution un-stuck.
error: lean/PvNP/RealizableHardness/ActualTypedABMixedTower.lean:315:38: unexpected token '/--'; expected 'lemma'
warning: lean/PvNP/RealizableHardness/ActualTypedABMixedTower.lean:318:0: declaration uses `sorry`
warning: lean/PvNP/RealizableHardness/ActualTypedABMixedTower.lean:318:0: declaration uses `sorry`
warning: lean/PvNP/RealizableHardness/ActualTypedABMixedTower.lean:318:0: declaration uses `sorry`
warning: lean/PvNP/RealizableHardness/ActualTypedABMixedTower.lean:318:0: declaration uses `sorry`
warning: lean/PvNP/RealizableHardness/ActualTypedABMixedTower.lean:318:0: declaration uses `sorry`
warning: lean/PvNP/RealizableHardness/ActualTypedABMixedTower.lean:318:0: declaration uses `sorry`
warning: lean/PvNP/RealizableHardness/ActualTypedABMixedTower.lean:318:0: declaration uses `sorry`
warning: lean/PvNP/RealizableHardness/ActualTypedABMixedTower.lean:318:0: declaration uses `sorry`
warning: lean/PvNP/RealizableHardness/ActualTypedABMixedTower.lean:318:0: declaration uses `sorry`
warning: lean/PvNP/RealizableHardness/ActualTypedABMixedTower.lean:318:0: declaration uses `sorry`
warning: lean/PvNP/RealizableHardness/ActualTypedABMixedTower.lean:325:4: declaration uses `sorry`
warning: lean/PvNP/RealizableHardness/ActualTypedABMixedTower.lean:326:29: Variable name `f` is not explicitly referenced.

Hint: The binding can be removed (if unused) or named `_` (if used implicitly). Alternatively, prefix the name with `_` to silence this warning:
  [apply] _f

Note: This linter can be disabled with `set_option linter.unusedVariables false`
warning: lean/PvNP/RealizableHardness/ActualTypedABMixedTower.lean:327:5: Variable name `k` is not explicitly referenced.

Hint: The binding can be removed (if unused) or named `_` (if used implicitly). Alternatively, prefix the name with `_` to silence this warning:
  [apply] _k

Note: This linter can be disabled with `set_option linter.unusedVariables false`
warning: lean/PvNP/RealizableHardness/ActualTypedABMixedTower.lean:327:15: Variable name `tower` is not explicitly referenced.

Hint: The binding can be removed (if unused) or named `_` (if used implicitly). Alternatively, prefix the name with `_` to silence this warning:
  [apply] _tower

Note: This linter can be disabled with `set_option linter.unusedVariables false`
warning: lean/PvNP/RealizableHardness/ActualTypedABMixedTower.lean:331:6: this tactic is never executed

Note: This linter can be disabled with `set_option linter.unreachableTactic false`
warning: lean/PvNP/RealizableHardness/ActualTypedABMixedTower.lean:333:6: this tactic is never executed

Note: This linter can be disabled with `set_option linter.unreachableTactic false`
warning: lean/PvNP/RealizableHardness/ActualTypedABMixedTower.lean:335:6: this tactic is never executed

Note: This linter can be disabled with `set_option linter.unreachableTactic false`
warning: lean/PvNP/RealizableHardness/ActualTypedABMixedTower.lean:331:6: Unused tactic linter: `exact ⟨A, B, f, ActualTypedABMixedTower.done f⟩` does nothing

Note: This linter can be disabled with `set_option linter.unusedTactic false`
warning: lean/PvNP/RealizableHardness/ActualTypedABMixedTower.lean:333:6: Unused tactic linter: `exact ih` does nothing

Note: This linter can be disabled with `set_option linter.unusedTactic false`
warning: lean/PvNP/RealizableHardness/ActualTypedABMixedTower.lean:335:6: Unused tactic linter: `exact ih` does nothing

Note: This linter can be disabled with `set_option linter.unusedTactic false`
error: lean/PvNP/RealizableHardness/ActualTypedABMixedTower.lean:365:10: failed to synthesize instance of type class
  MulLeftMono ℝ

Hint: Type class instance resolution failures can be inspected with the `set_option trace.Meta.synthInstance true` command.
error: lean/PvNP/RealizableHardness/ActualTypedABMixedTower.lean:374:6: don't know how to synthesize implicit argument `d`
  @UpToTypedNormSqGlobal (?m.102 tower hk eps) (?m.103 tower hk eps) (adaptedTerminalData tower).Aend
    (adaptedTerminalData tower).Bend 0 (2 ^ (11 * D ^ 2) * eps) (adaptedTerminalData tower).fend
context:
n d : ℕ
A : Submodule F (V d)
B : Submodule F (W n)
f : (V d ⧸ A →ₗ[F] ↥B) → ℂ
k D : ℕ
tower : sorry
hk : k ≤ D
eps : ℝ
⊢ ℕ

Note: All parameter types and holes (e.g., `_`) in the header of a theorem are resolved before the proof is processed; information from the proof cannot be used to infer what these values should be
error: lean/PvNP/RealizableHardness/ActualTypedABMixedTower.lean:374:6: don't know how to synthesize implicit argument `n`
  @UpToTypedNormSqGlobal (?m.102 tower hk eps) (?m.103 tower hk eps) (adaptedTerminalData tower).Aend
    (adaptedTerminalData tower).Bend 0 (2 ^ (11 * D ^ 2) * eps) (adaptedTerminalData tower).fend
context:
n d : ℕ
A : Submodule F (V d)
B : Submodule F (W n)
f : (V d ⧸ A →ₗ[F] ↥B) → ℂ
k D : ℕ
tower : sorry
hk : k ≤ D
eps : ℝ
⊢ ℕ

Note: All parameter types and holes (e.g., `_`) in the header of a theorem are resolved before the proof is processed; information from the proof cannot be used to infer what these values should be
error: lean/PvNP/RealizableHardness/ActualTypedABMixedTower.lean:376:42: don't know how to synthesize implicit argument `d`
  @ActualTypedABTerminalData.fend (?m.102 tower hk eps) (?m.103 tower hk eps) (adaptedTerminalData tower)
context:
n d : ℕ
A : Submodule F (V d)
B : Submodule F (W n)
f : (V d ⧸ A →ₗ[F] ↥B) → ℂ
k D : ℕ
tower : sorry
hk : k ≤ D
eps : ℝ
⊢ ℕ

Note: All parameter types and holes (e.g., `_`) in the header of a theorem are resolved before the proof is processed; information from the proof cannot be used to infer what these values should be
error: lean/PvNP/RealizableHardness/ActualTypedABMixedTower.lean:376:42: don't know how to synthesize implicit argument `n`
  @ActualTypedABTerminalData.fend (?m.102 tower hk eps) (?m.103 tower hk eps) (adaptedTerminalData tower)
context:
n d : ℕ
A : Submodule F (V d)
B : Submodule F (W n)
f : (V d ⧸ A →ₗ[F] ↥B) → ℂ
k D : ℕ
tower : sorry
hk : k ≤ D
eps : ℝ
⊢ ℕ

Note: All parameter types and holes (e.g., `_`) in the header of a theorem are resolved before the proof is processed; information from the proof cannot be used to infer what these values should be
error: lean/PvNP/RealizableHardness/ActualTypedABMixedTower.lean:376:43: don't know how to synthesize implicit argument `k`
  @adaptedTerminalData (?m.102 tower hk eps) (?m.103 tower hk eps) (?m.104 tower hk eps) (?m.105 tower hk eps)
    (?m.106 tower hk eps) (?m.107 tower hk eps) tower
context:
n d : ℕ
A : Submodule F (V d)
B : Submodule F (W n)
f : (V d ⧸ A →ₗ[F] ↥B) → ℂ
k D : ℕ
tower : sorry
hk : k ≤ D
eps : ℝ
⊢ ℕ

Note: All parameter types and holes (e.g., `_`) in the header of a theorem are resolved before the proof is processed; information from the proof cannot be used to infer what these values should be
error: lean/PvNP/RealizableHardness/ActualTypedABMixedTower.lean:376:43: don't know how to synthesize implicit argument `f`
  @adaptedTerminalData (?m.102 tower hk eps) (?m.103 tower hk eps) (?m.104 tower hk eps) (?m.105 tower hk eps)
    (?m.106 tower hk eps) (?m.107 tower hk eps) tower
context:
n d : ℕ
A : Submodule F (V d)
B : Submodule F (W n)
f : (V d ⧸ A →ₗ[F] ↥B) → ℂ
k D : ℕ
tower : sorry
hk : k ≤ D
eps : ℝ
⊢ (V (?m.103 tower hk eps) ⧸ ?m.104 tower hk eps →ₗ[F] ↥(?m.105 tower hk eps)) → ℂ

Note: All parameter types and holes (e.g., `_`) in the header of a theorem are resolved before the proof is processed; information from the proof cannot be used to infer what these values should be
error: lean/PvNP/RealizableHardness/ActualTypedABMixedTower.lean:376:43: don't know how to synthesize implicit argument `B`
  @adaptedTerminalData (?m.102 tower hk eps) (?m.103 tower hk eps) (?m.104 tower hk eps) (?m.105 tower hk eps)
    (?m.106 tower hk eps) (?m.107 tower hk eps) tower
context:
n d : ℕ
A : Submodule F (V d)
B : Submodule F (W n)
f : (V d ⧸ A →ₗ[F] ↥B) → ℂ
k D : ℕ
tower : sorry
hk : k ≤ D
eps : ℝ
⊢ Submodule F (W (?m.102 tower hk eps))

Note: All parameter types and holes (e.g., `_`) in the header of a theorem are resolved before the proof is processed; information from the proof cannot be used to infer what these values should be
error: lean/PvNP/RealizableHardness/ActualTypedABMixedTower.lean:376:43: don't know how to synthesize implicit argument `A`
  @adaptedTerminalData (?m.102 tower hk eps) (?m.103 tower hk eps) (?m.104 tower hk eps) (?m.105 tower hk eps)
    (?m.106 tower hk eps) (?m.107 tower hk eps) tower
context:
n d : ℕ
A : Submodule F (V d)
B : Submodule F (W n)
f : (V d ⧸ A →ₗ[F] ↥B) → ℂ
k D : ℕ
tower : sorry
hk : k ≤ D
eps : ℝ
⊢ Submodule F (V (?m.103 tower hk eps))

Note: All parameter types and holes (e.g., `_`) in the header of a theorem are resolved before the proof is processed; information from the proof cannot be used to infer what these values should be
error: lean/PvNP/RealizableHardness/ActualTypedABMixedTower.lean:376:43: don't know how to synthesize implicit argument `d`
  @adaptedTerminalData (?m.102 tower hk eps) (?m.103 tower hk eps) (?m.104 tower hk eps) (?m.105 tower hk eps)
    (?m.106 tower hk eps) (?m.107 tower hk eps) tower
context:
n d : ℕ
A : Submodule F (V d)
B : Submodule F (W n)
f : (V d ⧸ A →ₗ[F] ↥B) → ℂ
k D : ℕ
tower : sorry
hk : k ≤ D
eps : ℝ
⊢ ℕ

Note: All parameter types and holes (e.g., `_`) in the header of a theorem are resolved before the proof is processed; information from the proof cannot be used to infer what these values should be
error: lean/PvNP/RealizableHardness/ActualTypedABMixedTower.lean:376:43: don't know how to synthesize implicit argument `n`
  @adaptedTerminalData (?m.102 tower hk eps) (?m.103 tower hk eps) (?m.104 tower hk eps) (?m.105 tower hk eps)
    (?m.106 tower hk eps) (?m.107 tower hk eps) tower
context:
n d : ℕ
A : Submodule F (V d)
B : Submodule F (W n)
f : (V d ⧸ A →ₗ[F] ↥B) → ℂ
k D : ℕ
tower : sorry
hk : k ≤ D
eps : ℝ
⊢ ℕ

Note: All parameter types and holes (e.g., `_`) in the header of a theorem are resolved before the proof is processed; information from the proof cannot be used to infer what these values should be
error: lean/PvNP/RealizableHardness/ActualTypedABMixedTower.lean:375:8: don't know how to synthesize implicit argument `d`
  @ActualTypedABTerminalData.Bend (?m.102 tower hk eps) (?m.103 tower hk eps) (adaptedTerminalData tower)
context:
n d : ℕ
A : Submodule F (V d)
B : Submodule F (W n)
f : (V d ⧸ A →ₗ[F] ↥B) → ℂ
k D : ℕ
tower : sorry
hk : k ≤ D
eps : ℝ
⊢ ℕ

Note: All parameter types and holes (e.g., `_`) in the header of a theorem are resolved before the proof is processed; information from the proof cannot be used to infer what these values should be
error: lean/PvNP/RealizableHardness/ActualTypedABMixedTower.lean:375:8: don't know how to synthesize implicit argument `n`
  @ActualTypedABTerminalData.Bend (?m.102 tower hk eps) (?m.103 tower hk eps) (adaptedTerminalData tower)
context:
n d : ℕ
A : Submodule F (V d)
B : Submodule F (W n)
f : (V d ⧸ A →ₗ[F] ↥B) → ℂ
k D : ℕ
tower : sorry
hk : k ≤ D
eps : ℝ
⊢ ℕ

Note: All parameter types and holes (e.g., `_`) in the header of a theorem are resolved before the proof is processed; information from the proof cannot be used to infer what these values should be
error: lean/PvNP/RealizableHardness/ActualTypedABMixedTower.lean:375:9: don't know how to synthesize implicit argument `k`
  @adaptedTerminalData (?m.102 tower hk eps) (?m.103 tower hk eps) (?m.104 tower hk eps) (?m.105 tower hk eps)
    (?m.106 tower hk eps) (?m.107 tower hk eps) tower
context:
n d : ℕ
A : Submodule F (V d)
B : Submodule F (W n)
f : (V d ⧸ A →ₗ[F] ↥B) → ℂ
k D : ℕ
tower : sorry
hk : k ≤ D
eps : ℝ
⊢ ℕ

Note: All parameter types and holes (e.g., `_`) in the header of a theorem are resolved before the proof is processed; information from the proof cannot be used to infer what these values should be
error: lean/PvNP/RealizableHardness/ActualTypedABMixedTower.lean:375:9: don't know how to synthesize implicit argument `f`
  @adaptedTerminalData (?m.102 tower hk eps) (?m.103 tower hk eps) (?m.104 tower hk eps) (?m.105 tower hk eps)
    (?m.106 tower hk eps) (?m.107 tower hk eps) tower
context:
n d : ℕ
A : Submodule F (V d)
B : Submodule F (W n)
f : (V d ⧸ A →ₗ[F] ↥B) → ℂ
k D : ℕ
tower : sorry
hk : k ≤ D
eps : ℝ
⊢ (V (?m.103 tower hk eps) ⧸ ?m.104 tower hk eps →ₗ[F] ↥(?m.105 tower hk eps)) → ℂ

Note: All parameter types and holes (e.g., `_`) in the header of a theorem are resolved before the proof is processed; information from the proof cannot be used to infer what these values should be
error: lean/PvNP/RealizableHardness/ActualTypedABMixedTower.lean:375:9: don't know how to synthesize implicit argument `B`
  @adaptedTerminalData (?m.102 tower hk eps) (?m.103 tower hk eps) (?m.104 tower hk eps) (?m.105 tower hk eps)
    (?m.106 tower hk eps) (?m.107 tower hk eps) tower
context:
n d : ℕ
A : Submodule F (V d)
B : Submodule F (W n)
f : (V d ⧸ A →ₗ[F] ↥B) → ℂ
k D : ℕ
tower : sorry
hk : k ≤ D
eps : ℝ
⊢ Submodule F (W (?m.102 tower hk eps))

Note: All parameter types and holes (e.g., `_`) in the header of a theorem are resolved before the proof is processed; information from the proof cannot be used to infer what these values should be
error: lean/PvNP/RealizableHardness/ActualTypedABMixedTower.lean:375:9: don't know how to synthesize implicit argument `A`
  @adaptedTerminalData (?m.102 tower hk eps) (?m.103 tower hk eps) (?m.104 tower hk eps) (?m.105 tower hk eps)
    (?m.106 tower hk eps) (?m.107 tower hk eps) tower
context:
n d : ℕ
A : Submodule F (V d)
B : Submodule F (W n)
f : (V d ⧸ A →ₗ[F] ↥B) → ℂ
k D : ℕ
tower : sorry
hk : k ≤ D
eps : ℝ
⊢ Submodule F (V (?m.103 tower hk eps))

Note: All parameter types and holes (e.g., `_`) in the header of a theorem are resolved before the proof is processed; information from the proof cannot be used to infer what these values should be
error: lean/PvNP/RealizableHardness/ActualTypedABMixedTower.lean:375:9: don't know how to synthesize implicit argument `d`
  @adaptedTerminalData (?m.102 tower hk eps) (?m.103 tower hk eps) (?m.104 tower hk eps) (?m.105 tower hk eps)
    (?m.106 tower hk eps) (?m.107 tower hk eps) tower
context:
n d : ℕ
A : Submodule F (V d)
B : Submodule F (W n)
f : (V d ⧸ A →ₗ[F] ↥B) → ℂ
k D : ℕ
tower : sorry
hk : k ≤ D
eps : ℝ
⊢ ℕ

Note: All parameter types and holes (e.g., `_`) in the header of a theorem are resolved before the proof is processed; information from the proof cannot be used to infer what these values should be
error: lean/PvNP/RealizableHardness/ActualTypedABMixedTower.lean:375:9: don't know how to synthesize implicit argument `n`
  @adaptedTerminalData (?m.102 tower hk eps) (?m.103 tower hk eps) (?m.104 tower hk eps) (?m.105 tower hk eps)
    (?m.106 tower hk eps) (?m.107 tower hk eps) tower
context:
n d : ℕ
A : Submodule F (V d)
B : Submodule F (W n)
f : (V d ⧸ A →ₗ[F] ↥B) → ℂ
k D : ℕ
tower : sorry
hk : k ≤ D
eps : ℝ
⊢ ℕ

Note: All parameter types and holes (e.g., `_`) in the header of a theorem are resolved before the proof is processed; information from the proof cannot be used to infer what these values should be
error: lean/PvNP/RealizableHardness/ActualTypedABMixedTower.lean:374:28: don't know how to synthesize implicit argument `d`
  @ActualTypedABTerminalData.Aend (?m.102 tower hk eps) (?m.103 tower hk eps) (adaptedTerminalData tower)
context:
n d : ℕ
A : Submodule F (V d)
B : Submodule F (W n)
f : (V d ⧸ A →ₗ[F] ↥B) → ℂ
k D : ℕ
tower : sorry
hk : k ≤ D
eps : ℝ
⊢ ℕ

Note: All parameter types and holes (e.g., `_`) in the header of a theorem are resolved before the proof is processed; information from the proof cannot be used to infer what these values should be
error: lean/PvNP/RealizableHardness/ActualTypedABMixedTower.lean:374:28: don't know how to synthesize implicit argument `n`
  @ActualTypedABTerminalData.Aend (?m.102 tower hk eps) (?m.103 tower hk eps) (adaptedTerminalData tower)
context:
n d : ℕ
A : Submodule F (V d)
B : Submodule F (W n)
f : (V d ⧸ A →ₗ[F] ↥B) → ℂ
k D : ℕ
tower : sorry
hk : k ≤ D
eps : ℝ
⊢ ℕ

Note: All parameter types and holes (e.g., `_`) in the header of a theorem are resolved before the proof is processed; information from the proof cannot be used to infer what these values should be
error: lean/PvNP/RealizableHardness/ActualTypedABMixedTower.lean:374:29: don't know how to synthesize implicit argument `k`
  @adaptedTerminalData (?m.102 tower hk eps) (?m.103 tower hk eps) (?m.104 tower hk eps) (?m.105 tower hk eps)
    (?m.106 tower hk eps) (?m.107 tower hk eps) tower
context:
n d : ℕ
A : Submodule F (V d)
B : Submodule F (W n)
f : (V d ⧸ A →ₗ[F] ↥B) → ℂ
k D : ℕ
tower : sorry
hk : k ≤ D
eps : ℝ
⊢ ℕ

Note: All parameter types and holes (e.g., `_`) in the header of a theorem are resolved before the proof is processed; information from the proof cannot be used to infer what these values should be
error: lean/PvNP/RealizableHardness/ActualTypedABMixedTower.lean:374:29: don't know how to synthesize implicit argument `f`
  @adaptedTerminalData (?m.102 tower hk eps) (?m.103 tower hk eps) (?m.104 tower hk eps) (?m.105 tower hk eps)
    (?m.106 tower hk eps) (?m.107 tower hk eps) tower
context:
n d : ℕ
A : Submodule F (V d)
B : Submodule F (W n)
f : (V d ⧸ A →ₗ[F] ↥B) → ℂ
k D : ℕ
tower : sorry
hk : k ≤ D
eps : ℝ
⊢ (V (?m.103 tower hk eps) ⧸ ?m.104 tower hk eps →ₗ[F] ↥(?m.105 tower hk eps)) → ℂ

Note: All parameter types and holes (e.g., `_`) in the header of a theorem are resolved before the proof is processed; information from the proof cannot be used to infer what these values should be
error: lean/PvNP/RealizableHardness/ActualTypedABMixedTower.lean:374:29: don't know how to synthesize implicit argument `B`
  @adaptedTerminalData (?m.102 tower hk eps) (?m.103 tower hk eps) (?m.104 tower hk eps) (?m.105 tower hk eps)
    (?m.106 tower hk eps) (?m.107 tower hk eps) tower
context:
n d : ℕ
A : Submodule F (V d)
B : Submodule F (W n)
f : (V d ⧸ A →ₗ[F] ↥B) → ℂ
k D : ℕ
tower : sorry
hk : k ≤ D
eps : ℝ
⊢ Submodule F (W (?m.102 tower hk eps))

Note: All parameter types and holes (e.g., `_`) in the header of a theorem are resolved before the proof is processed; information from the proof cannot be used to infer what these values should be
error: lean/PvNP/RealizableHardness/ActualTypedABMixedTower.lean:374:29: don't know how to synthesize implicit argument `A`
  @adaptedTerminalData (?m.102 tower hk eps) (?m.103 tower hk eps) (?m.104 tower hk eps) (?m.105 tower hk eps)
    (?m.106 tower hk eps) (?m.107 tower hk eps) tower
context:
n d : ℕ
A : Submodule F (V d)
B : Submodule F (W n)
f : (V d ⧸ A →ₗ[F] ↥B) → ℂ
k D : ℕ
tower : sorry
hk : k ≤ D
eps : ℝ
⊢ Submodule F (V (?m.103 tower hk eps))

Note: All parameter types and holes (e.g., `_`) in the header of a theorem are resolved before the proof is processed; information from the proof cannot be used to infer what these values should be
error: lean/PvNP/RealizableHardness/ActualTypedABMixedTower.lean:374:29: don't know how to synthesize implicit argument `d`
  @adaptedTerminalData (?m.102 tower hk eps) (?m.103 tower hk eps) (?m.104 tower hk eps) (?m.105 tower hk eps)
    (?m.106 tower hk eps) (?m.107 tower hk eps) tower
context:
n d : ℕ
A : Submodule F (V d)
B : Submodule F (W n)
f : (V d ⧸ A →ₗ[F] ↥B) → ℂ
k D : ℕ
tower : sorry
hk : k ≤ D
eps : ℝ
⊢ ℕ

Note: All parameter types and holes (e.g., `_`) in the header of a theorem are resolved before the proof is processed; information from the proof cannot be used to infer what these values should be
error: lean/PvNP/RealizableHardness/ActualTypedABMixedTower.lean:374:29: don't know how to synthesize implicit argument `n`
  @adaptedTerminalData (?m.102 tower hk eps) (?m.103 tower hk eps) (?m.104 tower hk eps) (?m.105 tower hk eps)
    (?m.106 tower hk eps) (?m.107 tower hk eps) tower
context:
n d : ℕ
A : Submodule F (V d)
B : Submodule F (W n)
f : (V d ⧸ A →ₗ[F] ↥B) → ℂ
k D : ℕ
tower : sorry
hk : k ≤ D
eps : ℝ
⊢ ℕ

Note: All parameter types and holes (e.g., `_`) in the header of a theorem are resolved before the proof is processed; information from the proof cannot be used to infer what these values should be
error: lean/PvNP/RealizableHardness/ActualTypedABMixedTower.lean:381:17: Unknown identifier `adapted_tower_terminal_global`
error: lean/PvNP/RealizableHardness/ActualTypedABMixedTower.lean:376:78: unsolved goals
n d : ℕ
A : Submodule F (V d)
B : Submodule F (W n)
f : (V d ⧸ A →ₗ[F] ↥B) → ℂ
k D : ℕ
tower : sorry
hk : k ≤ D
eps : ℝ
heps : 0 ≤ eps
hf : UpToTypedNormSqGlobal A B D eps f
hkGlobal : UpToTypedNormSqGlobal A B k eps f
⊢ UpToTypedNormSqGlobal (adaptedTerminalData tower).Aend (adaptedTerminalData tower).Bend 0 (2 ^ (11 * D ^ 2) * eps)
    (adaptedTerminalData tower).fend
error: lean/PvNP/RealizableHardness/ActualTypedABMixedTower.lean:395:6: don't know how to synthesize implicit argument `d`
  @UpToTypedNormSqGlobal (?m.63 tower eps) (?m.64 tower eps) (adaptedTerminalData tower).Aend
    (adaptedTerminalData tower).Bend 0 (adaptedA15TotalLoss k * eps) (adaptedTerminalData tower).fend
context:
n d : ℕ
A : Submodule F (V d)
B : Submodule F (W n)
f : (V d ⧸ A →ₗ[F] ↥B) → ℂ
k : ℕ
tower : sorry
eps : ℝ
⊢ ℕ

Note: All parameter types and holes (e.g., `_`) in the header of a theorem are resolved before the proof is processed; information from the proof cannot be used to infer what these values should be
error: lean/PvNP/RealizableHardness/ActualTypedABMixedTower.lean:395:6: don't know how to synthesize implicit argument `n`
  @UpToTypedNormSqGlobal (?m.63 tower eps) (?m.64 tower eps) (adaptedTerminalData tower).Aend
    (adaptedTerminalData tower).Bend 0 (adaptedA15TotalLoss k * eps) (adaptedTerminalData tower).fend
context:
n d : ℕ
A : Submodule F (V d)
B : Submodule F (W n)
f : (V d ⧸ A →ₗ[F] ↥B) → ℂ
k : ℕ
tower : sorry
eps : ℝ
⊢ ℕ

Note: All parameter types and holes (e.g., `_`) in the header of a theorem are resolved before the proof is processed; information from the proof cannot be used to infer what these values should be
error: lean/PvNP/RealizableHardness/ActualTypedABMixedTower.lean:397:38: don't know how to synthesize implicit argument `d`
  @ActualTypedABTerminalData.fend (?m.63 tower eps) (?m.64 tower eps) (adaptedTerminalData tower)
context:
n d : ℕ
A : Submodule F (V d)
B : Submodule F (W n)
f : (V d ⧸ A →ₗ[F] ↥B) → ℂ
k : ℕ
tower : sorry
eps : ℝ
⊢ ℕ

Note: All parameter types and holes (e.g., `_`) in the header of a theorem are resolved before the proof is processed; information from the proof cannot be used to infer what these values should be
error: lean/PvNP/RealizableHardness/ActualTypedABMixedTower.lean:397:38: don't know how to synthesize implicit argument `n`
  @ActualTypedABTerminalData.fend (?m.63 tower eps) (?m.64 tower eps) (adaptedTerminalData tower)
context:
n d : ℕ
A : Submodule F (V d)
B : Submodule F (W n)
f : (V d ⧸ A →ₗ[F] ↥B) → ℂ
k : ℕ
tower : sorry
eps : ℝ
⊢ ℕ

Note: All parameter types and holes (e.g., `_`) in the header of a theorem are resolved before the proof is processed; information from the proof cannot be used to infer what these values should be
error: lean/PvNP/RealizableHardness/ActualTypedABMixedTower.lean:397:39: don't know how to synthesize implicit argument `k`
  @adaptedTerminalData (?m.63 tower eps) (?m.64 tower eps) (?m.65 tower eps) (?m.66 tower eps) (?m.67 tower eps)
    (?m.68 tower eps) tower
context:
n d : ℕ
A : Submodule F (V d)
B : Submodule F (W n)
f : (V d ⧸ A →ₗ[F] ↥B) → ℂ
k : ℕ
tower : sorry
eps : ℝ
⊢ ℕ

Note: All parameter types and holes (e.g., `_`) in the header of a theorem are resolved before the proof is processed; information from the proof cannot be used to infer what these values should be
error: lean/PvNP/RealizableHardness/ActualTypedABMixedTower.lean:397:39: don't know how to synthesize implicit argument `f`
  @adaptedTerminalData (?m.63 tower eps) (?m.64 tower eps) (?m.65 tower eps) (?m.66 tower eps) (?m.67 tower eps)
    (?m.68 tower eps) tower
context:
n d : ℕ
A : Submodule F (V d)
B : Submodule F (W n)
f : (V d ⧸ A →ₗ[F] ↥B) → ℂ
k : ℕ
tower : sorry
eps : ℝ
⊢ (V (?m.64 tower eps) ⧸ ?m.65 tower eps →ₗ[F] ↥(?m.66 tower eps)) → ℂ

Note: All parameter types and holes (e.g., `_`) in the header of a theorem are resolved before the proof is processed; information from the proof cannot be used to infer what these values should be
error: lean/PvNP/RealizableHardness/ActualTypedABMixedTower.lean:397:39: don't know how to synthesize implicit argument `B`
  @adaptedTerminalData (?m.63 tower eps) (?m.64 tower eps) (?m.65 tower eps) (?m.66 tower eps) (?m.67 tower eps)
    (?m.68 tower eps) tower
context:
n d : ℕ
A : Submodule F (V d)
B : Submodule F (W n)
f : (V d ⧸ A →ₗ[F] ↥B) → ℂ
k : ℕ
tower : sorry
eps : ℝ
⊢ Submodule F (W (?m.63 tower eps))

Note: All parameter types and holes (e.g., `_`) in the header of a theorem are resolved before the proof is processed; information from the proof cannot be used to infer what these values should be
error: lean/PvNP/RealizableHardness/ActualTypedABMixedTower.lean:397:39: don't know how to synthesize implicit argument `A`
  @adaptedTerminalData (?m.63 tower eps) (?m.64 tower eps) (?m.65 tower eps) (?m.66 tower eps) (?m.67 tower eps)
    (?m.68 tower eps) tower
context:
n d : ℕ
A : Submodule F (V d)
B : Submodule F (W n)
f : (V d ⧸ A →ₗ[F] ↥B) → ℂ
k : ℕ
tower : sorry
eps : ℝ
⊢ Submodule F (V (?m.64 tower eps))

Note: All parameter types and holes (e.g., `_`) in the header of a theorem are resolved before the proof is processed; information from the proof cannot be used to infer what these values should be
error: lean/PvNP/RealizableHardness/ActualTypedABMixedTower.lean:397:39: don't know how to synthesize implicit argument `d`
  @adaptedTerminalData (?m.63 tower eps) (?m.64 tower eps) (?m.65 tower eps) (?m.66 tower eps) (?m.67 tower eps)
    (?m.68 tower eps) tower
context:
n d : ℕ
A : Submodule F (V d)
B : Submodule F (W n)
f : (V d ⧸ A →ₗ[F] ↥B) → ℂ
k : ℕ
tower : sorry
eps : ℝ
⊢ ℕ

Note: All parameter types and holes (e.g., `_`) in the header of a theorem are resolved before the proof is processed; information from the proof cannot be used to infer what these values should be
error: lean/PvNP/RealizableHardness/ActualTypedABMixedTower.lean:397:39: don't know how to synthesize implicit argument `n`
  @adaptedTerminalData (?m.63 tower eps) (?m.64 tower eps) (?m.65 tower eps) (?m.66 tower eps) (?m.67 tower eps)
    (?m.68 tower eps) tower
context:
n d : ℕ
A : Submodule F (V d)
B : Submodule F (W n)
f : (V d ⧸ A →ₗ[F] ↥B) → ℂ
k : ℕ
tower : sorry
eps : ℝ
⊢ ℕ

Note: All parameter types and holes (e.g., `_`) in the header of a theorem are resolved before the proof is processed; information from the proof cannot be used to infer what these values should be
error: lean/PvNP/RealizableHardness/ActualTypedABMixedTower.lean:396:8: don't know how to synthesize implicit argument `d`
  @ActualTypedABTerminalData.Bend (?m.63 tower eps) (?m.64 tower eps) (adaptedTerminalData tower)
context:
n d : ℕ
A : Submodule F (V d)
B : Submodule F (W n)
f : (V d ⧸ A →ₗ[F] ↥B) → ℂ
k : ℕ
tower : sorry
eps : ℝ
⊢ ℕ

Note: All parameter types and holes (e.g., `_`) in the header of a theorem are resolved before the proof is processed; information from the proof cannot be used to infer what these values should be
error: lean/PvNP/RealizableHardness/ActualTypedABMixedTower.lean:396:8: don't know how to synthesize implicit argument `n`
  @ActualTypedABTerminalData.Bend (?m.63 tower eps) (?m.64 tower eps) (adaptedTerminalData tower)
context:
n d : ℕ
A : Submodule F (V d)
B : Submodule F (W n)
f : (V d ⧸ A →ₗ[F] ↥B) → ℂ
k : ℕ
tower : sorry
eps : ℝ
⊢ ℕ

Note: All parameter types and holes (e.g., `_`) in the header of a theorem are resolved before the proof is processed; information from the proof cannot be used to infer what these values should be
error: lean/PvNP/RealizableHardness/ActualTypedABMixedTower.lean:396:9: don't know how to synthesize implicit argument `k`
  @adaptedTerminalData (?m.63 tower eps) (?m.64 tower eps) (?m.65 tower eps) (?m.66 tower eps) (?m.67 tower eps)
    (?m.68 tower eps) tower
context:
n d : ℕ
A : Submodule F (V d)
B : Submodule F (W n)
f : (V d ⧸ A →ₗ[F] ↥B) → ℂ
k : ℕ
tower : sorry
eps : ℝ
⊢ ℕ

Note: All parameter types and holes (e.g., `_`) in the header of a theorem are resolved before the proof is processed; information from the proof cannot be used to infer what these values should be
error: lean/PvNP/RealizableHardness/ActualTypedABMixedTower.lean:396:9: don't know how to synthesize implicit argument `f`
  @adaptedTerminalData (?m.63 tower eps) (?m.64 tower eps) (?m.65 tower eps) (?m.66 tower eps) (?m.67 tower eps)
    (?m.68 tower eps) tower
context:
n d : ℕ
A : Submodule F (V d)
B : Submodule F (W n)
f : (V d ⧸ A →ₗ[F] ↥B) → ℂ
k : ℕ
tower : sorry
eps : ℝ
⊢ (V (?m.64 tower eps) ⧸ ?m.65 tower eps →ₗ[F] ↥(?m.66 tower eps)) → ℂ

Note: All parameter types and holes (e.g., `_`) in the header of a theorem are resolved before the proof is processed; information from the proof cannot be used to infer what these values should be
error: lean/PvNP/RealizableHardness/ActualTypedABMixedTower.lean:396:9: don't know how to synthesize implicit argument `B`
  @adaptedTerminalData (?m.63 tower eps) (?m.64 tower eps) (?m.65 tower eps) (?m.66 tower eps) (?m.67 tower eps)
    (?m.68 tower eps) tower
context:
n d : ℕ
A : Submodule F (V d)
B : Submodule F (W n)
f : (V d ⧸ A →ₗ[F] ↥B) → ℂ
k : ℕ
tower : sorry
eps : ℝ
⊢ Submodule F (W (?m.63 tower eps))

Note: All parameter types and holes (e.g., `_`) in the header of a theorem are resolved before the proof is processed; information from the proof cannot be used to infer what these values should be
error: lean/PvNP/RealizableHardness/ActualTypedABMixedTower.lean:396:9: don't know how to synthesize implicit argument `A`
  @adaptedTerminalData (?m.63 tower eps) (?m.64 tower eps) (?m.65 tower eps) (?m.66 tower eps) (?m.67 tower eps)
    (?m.68 tower eps) tower
context:
n d : ℕ
A : Submodule F (V d)
B : Submodule F (W n)
f : (V d ⧸ A →ₗ[F] ↥B) → ℂ
k : ℕ
tower : sorry
eps : ℝ
⊢ Submodule F (V (?m.64 tower eps))

Note: All parameter types and holes (e.g., `_`) in the header of a theorem are resolved before the proof is processed; information from the proof cannot be used to infer what these values should be
error: lean/PvNP/RealizableHardness/ActualTypedABMixedTower.lean:396:9: don't know how to synthesize implicit argument `d`
  @adaptedTerminalData (?m.63 tower eps) (?m.64 tower eps) (?m.65 tower eps) (?m.66 tower eps) (?m.67 tower eps)
    (?m.68 tower eps) tower
context:
n d : ℕ
A : Submodule F (V d)
B : Submodule F (W n)
f : (V d ⧸ A →ₗ[F] ↥B) → ℂ
k : ℕ
tower : sorry
eps : ℝ
⊢ ℕ

Note: All parameter types and holes (e.g., `_`) in the header of a theorem are resolved before the proof is processed; information from the proof cannot be used to infer what these values should be
error: lean/PvNP/RealizableHardness/ActualTypedABMixedTower.lean:396:9: don't know how to synthesize implicit argument `n`
  @adaptedTerminalData (?m.63 tower eps) (?m.64 tower eps) (?m.65 tower eps) (?m.66 tower eps) (?m.67 tower eps)
    (?m.68 tower eps) tower
context:
n d : ℕ
A : Submodule F (V d)
B : Submodule F (W n)
f : (V d ⧸ A →ₗ[F] ↥B) → ℂ
k : ℕ
tower : sorry
eps : ℝ
⊢ ℕ

Note: All parameter types and holes (e.g., `_`) in the header of a theorem are resolved before the proof is processed; information from the proof cannot be used to infer what these values should be
error: lean/PvNP/RealizableHardness/ActualTypedABMixedTower.lean:395:28: don't know how to synthesize implicit argument `d`
  @ActualTypedABTerminalData.Aend (?m.63 tower eps) (?m.64 tower eps) (adaptedTerminalData tower)
context:
n d : ℕ
A : Submodule F (V d)
B : Submodule F (W n)
f : (V d ⧸ A →ₗ[F] ↥B) → ℂ
k : ℕ
tower : sorry
eps : ℝ
⊢ ℕ

Note: All parameter types and holes (e.g., `_`) in the header of a theorem are resolved before the proof is processed; information from the proof cannot be used to infer what these values should be
error: lean/PvNP/RealizableHardness/ActualTypedABMixedTower.lean:395:28: don't know how to synthesize implicit argument `n`
  @ActualTypedABTerminalData.Aend (?m.63 tower eps) (?m.64 tower eps) (adaptedTerminalData tower)
context:
n d : ℕ
A : Submodule F (V d)
B : Submodule F (W n)
f : (V d ⧸ A →ₗ[F] ↥B) → ℂ
k : ℕ
tower : sorry
eps : ℝ
⊢ ℕ

Note: All parameter types and holes (e.g., `_`) in the header of a theorem are resolved before the proof is processed; information from the proof cannot be used to infer what these values should be
error: lean/PvNP/RealizableHardness/ActualTypedABMixedTower.lean:395:29: don't know how to synthesize implicit argument `k`
  @adaptedTerminalData (?m.63 tower eps) (?m.64 tower eps) (?m.65 tower eps) (?m.66 tower eps) (?m.67 tower eps)
    (?m.68 tower eps) tower
context:
n d : ℕ
A : Submodule F (V d)
B : Submodule F (W n)
f : (V d ⧸ A →ₗ[F] ↥B) → ℂ
k : ℕ
tower : sorry
eps : ℝ
⊢ ℕ

Note: All parameter types and holes (e.g., `_`) in the header of a theorem are resolved before the proof is processed; information from the proof cannot be used to infer what these values should be
error: lean/PvNP/RealizableHardness/ActualTypedABMixedTower.lean:395:29: don't know how to synthesize implicit argument `f`
  @adaptedTerminalData (?m.63 tower eps) (?m.64 tower eps) (?m.65 tower eps) (?m.66 tower eps) (?m.67 tower eps)
    (?m.68 tower eps) tower
context:
n d : ℕ
A : Submodule F (V d)
B : Submodule F (W n)
f : (V d ⧸ A →ₗ[F] ↥B) → ℂ
k : ℕ
tower : sorry
eps : ℝ
⊢ (V (?m.64 tower eps) ⧸ ?m.65 tower eps →ₗ[F] ↥(?m.66 tower eps)) → ℂ

Note: All parameter types and holes (e.g., `_`) in the header of a theorem are resolved before the proof is processed; information from the proof cannot be used to infer what these values should be
error: lean/PvNP/RealizableHardness/ActualTypedABMixedTower.lean:395:29: don't know how to synthesize implicit argument `B`
  @adaptedTerminalData (?m.63 tower eps) (?m.64 tower eps) (?m.65 tower eps) (?m.66 tower eps) (?m.67 tower eps)
    (?m.68 tower eps) tower
context:
n d : ℕ
A : Submodule F (V d)
B : Submodule F (W n)
f : (V d ⧸ A →ₗ[F] ↥B) → ℂ
k : ℕ
tower : sorry
eps : ℝ
⊢ Submodule F (W (?m.63 tower eps))

Note: All parameter types and holes (e.g., `_`) in the header of a theorem are resolved before the proof is processed; information from the proof cannot be used to infer what these values should be
error: lean/PvNP/RealizableHardness/ActualTypedABMixedTower.lean:395:29: don't know how to synthesize implicit argument `A`
  @adaptedTerminalData (?m.63 tower eps) (?m.64 tower eps) (?m.65 tower eps) (?m.66 tower eps) (?m.67 tower eps)
    (?m.68 tower eps) tower
context:
n d : ℕ
A : Submodule F (V d)
B : Submodule F (W n)
f : (V d ⧸ A →ₗ[F] ↥B) → ℂ
k : ℕ
tower : sorry
eps : ℝ
⊢ Submodule F (V (?m.64 tower eps))

Note: All parameter types and holes (e.g., `_`) in the header of a theorem are resolved before the proof is processed; information from the proof cannot be used to infer what these values should be
error: lean/PvNP/RealizableHardness/ActualTypedABMixedTower.lean:395:29: don't know how to synthesize implicit argument `d`
  @adaptedTerminalData (?m.63 tower eps) (?m.64 tower eps) (?m.65 tower eps) (?m.66 tower eps) (?m.67 tower eps)
    (?m.68 tower eps) tower
context:
n d : ℕ
A : Submodule F (V d)
B : Submodule F (W n)
f : (V d ⧸ A →ₗ[F] ↥B) → ℂ
k : ℕ
tower : sorry
eps : ℝ
⊢ ℕ

Note: All parameter types and holes (e.g., `_`) in the header of a theorem are resolved before the proof is processed; information from the proof cannot be used to infer what these values should be
error: lean/PvNP/RealizableHardness/ActualTypedABMixedTower.lean:395:29: don't know how to synthesize implicit argument `n`
  @adaptedTerminalData (?m.63 tower eps) (?m.64 tower eps) (?m.65 tower eps) (?m.66 tower eps) (?m.67 tower eps)
    (?m.68 tower eps) tower
context:
n d : ℕ
A : Submodule F (V d)
B : Submodule F (W n)
f : (V d ⧸ A →ₗ[F] ↥B) → ℂ
k : ℕ
tower : sorry
eps : ℝ
⊢ ℕ

Note: All parameter types and holes (e.g., `_`) in the header of a theorem are resolved before the proof is processed; information from the proof cannot be used to infer what these values should be
error: lean/PvNP/RealizableHardness/ActualTypedABMixedTower.lean:452:31: unsolved goals
n d : ℕ
A : Submodule F (V d)
B : Submodule F (W n)
f : (V d ⧸ A →ₗ[F] ↥B) → ℂ
eps : ℝ
hf : UpToTypedNormSqGlobal A B 0 eps f
Q : CarrierRestriction A B := { domainFixed := ⊥, codomainVariation := ⊤, base := 0 }
⊢ Module.finrank PvNP.RealizableHardness.BinaryMatrixTypedA15Transport.F✝ (↥B ⧸ ⊤) = 0
error: lean/PvNP/RealizableHardness/ActualTypedABMixedTower.lean:467:12: don't know how to synthesize implicit argument `d`
  @ActualTypedABTerminalData.Bend (?m.170 tower hk eps) (?m.171 tower hk eps) (adaptedTerminalData tower)
context:
n d : ℕ
A : Submodule F (V d)
B : Submodule F (W n)
f : (V d ⧸ A →ₗ[F] ↥B) → ℂ
k D : ℕ
tower : sorry
hk : k ≤ D
eps : ℝ
⊢ ℕ

Note: All parameter types and holes (e.g., `_`) in the header of a theorem are resolved before the proof is processed; information from the proof cannot be used to infer what these values should be
error: lean/PvNP/RealizableHardness/ActualTypedABMixedTower.lean:467:12: don't know how to synthesize implicit argument `n`
  @ActualTypedABTerminalData.Bend (?m.170 tower hk eps) (?m.171 tower hk eps) (adaptedTerminalData tower)
context:
n d : ℕ
A : Submodule F (V d)
B : Submodule F (W n)
f : (V d ⧸ A →ₗ[F] ↥B) → ℂ
k D : ℕ
tower : sorry
hk : k ≤ D
eps : ℝ
⊢ ℕ

Note: All parameter types and holes (e.g., `_`) in the header of a theorem are resolved before the proof is processed; information from the proof cannot be used to infer what these values should be
error: lean/PvNP/RealizableHardness/ActualTypedABMixedTower.lean:467:13: don't know how to synthesize implicit argument `k`
  @adaptedTerminalData (?m.170 tower hk eps) (?m.171 tower hk eps) (?m.172 tower hk eps) (?m.173 tower hk eps)
    (?m.174 tower hk eps) (?m.175 tower hk eps) tower
context:
n d : ℕ
A : Submodule F (V d)
B : Submodule F (W n)
f : (V d ⧸ A →ₗ[F] ↥B) → ℂ
k D : ℕ
tower : sorry
hk : k ≤ D
eps : ℝ
⊢ ℕ

Note: All parameter types and holes (e.g., `_`) in the header of a theorem are resolved before the proof is processed; information from the proof cannot be used to infer what these values should be
error: lean/PvNP/RealizableHardness/ActualTypedABMixedTower.lean:467:13: don't know how to synthesize implicit argument `f`
  @adaptedTerminalData (?m.170 tower hk eps) (?m.171 tower hk eps) (?m.172 tower hk eps) (?m.173 tower hk eps)
    (?m.174 tower hk eps) (?m.175 tower hk eps) tower
context:
n d : ℕ
A : Submodule F (V d)
B : Submodule F (W n)
f : (V d ⧸ A →ₗ[F] ↥B) → ℂ
k D : ℕ
tower : sorry
hk : k ≤ D
eps : ℝ
⊢ (V (?m.171 tower hk eps) ⧸ ?m.172 tower hk eps →ₗ[F] ↥(?m.173 tower hk eps)) → ℂ

Note: All parameter types and holes (e.g., `_`) in the header of a theorem are resolved before the proof is processed; information from the proof cannot be used to infer what these values should be
error: lean/PvNP/RealizableHardness/ActualTypedABMixedTower.lean:467:13: don't know how to synthesize implicit argument `B`
  @adaptedTerminalData (?m.170 tower hk eps) (?m.171 tower hk eps) (?m.172 tower hk eps) (?m.173 tower hk eps)
    (?m.174 tower hk eps) (?m.175 tower hk eps) tower
context:
n d : ℕ
A : Submodule F (V d)
B : Submodule F (W n)
f : (V d ⧸ A →ₗ[F] ↥B) → ℂ
k D : ℕ
tower : sorry
hk : k ≤ D
eps : ℝ
⊢ Submodule F (W (?m.170 tower hk eps))

Note: All parameter types and holes (e.g., `_`) in the header of a theorem are resolved before the proof is processed; information from the proof cannot be used to infer what these values should be
error: lean/PvNP/RealizableHardness/ActualTypedABMixedTower.lean:467:13: don't know how to synthesize implicit argument `A`
  @adaptedTerminalData (?m.170 tower hk eps) (?m.171 tower hk eps) (?m.172 tower hk eps) (?m.173 tower hk eps)
    (?m.174 tower hk eps) (?m.175 tower hk eps) tower
context:
n d : ℕ
A : Submodule F (V d)
B : Submodule F (W n)
f : (V d ⧸ A →ₗ[F] ↥B) → ℂ
k D : ℕ
tower : sorry
hk : k ≤ D
eps : ℝ
⊢ Submodule F (V (?m.171 tower hk eps))

Note: All parameter types and holes (e.g., `_`) in the header of a theorem are resolved before the proof is processed; information from the proof cannot be used to infer what these values should be
error: lean/PvNP/RealizableHardness/ActualTypedABMixedTower.lean:467:13: don't know how to synthesize implicit argument `d`
  @adaptedTerminalData (?m.170 tower hk eps) (?m.171 tower hk eps) (?m.172 tower hk eps) (?m.173 tower hk eps)
    (?m.174 tower hk eps) (?m.175 tower hk eps) tower
context:
n d : ℕ
A : Submodule F (V d)
B : Submodule F (W n)
f : (V d ⧸ A →ₗ[F] ↥B) → ℂ
k D : ℕ
tower : sorry
hk : k ≤ D
eps : ℝ
⊢ ℕ

Note: All parameter types and holes (e.g., `_`) in the header of a theorem are resolved before the proof is processed; information from the proof cannot be used to infer what these values should be
error: lean/PvNP/RealizableHardness/ActualTypedABMixedTower.lean:467:13: don't know how to synthesize implicit argument `n`
  @adaptedTerminalData (?m.170 tower hk eps) (?m.171 tower hk eps) (?m.172 tower hk eps) (?m.173 tower hk eps)
    (?m.174 tower hk eps) (?m.175 tower hk eps) tower
context:
n d : ℕ
A : Submodule F (V d)
B : Submodule F (W n)
f : (V d ⧸ A →ₗ[F] ↥B) → ℂ
k D : ℕ
tower : sorry
hk : k ≤ D
eps : ℝ
⊢ ℕ

Note: All parameter types and holes (e.g., `_`) in the header of a theorem are resolved before the proof is processed; information from the proof cannot be used to infer what these values should be
error: lean/PvNP/RealizableHardness/ActualTypedABMixedTower.lean:466:31: don't know how to synthesize implicit argument `n`
  @ActualTypedABTerminalData.Aend (?m.165 tower hk eps) d (adaptedTerminalData tower)
context:
n d : ℕ
A : Submodule F (V d)
B : Submodule F (W n)
f : (V d ⧸ A →ₗ[F] ↥B) → ℂ
k D : ℕ
tower : sorry
hk : k ≤ D
eps : ℝ
⊢ ℕ

Note: All parameter types and holes (e.g., `_`) in the header of a theorem are resolved before the proof is processed; information from the proof cannot be used to infer what these values should be
error: lean/PvNP/RealizableHardness/ActualTypedABMixedTower.lean:466:32: don't know how to synthesize implicit argument `k`
  @adaptedTerminalData (?m.165 tower hk eps) d (?m.166 tower hk eps) (?m.167 tower hk eps) (?m.168 tower hk eps)
    (?m.169 tower hk eps) tower
context:
n d : ℕ
A : Submodule F (V d)
B : Submodule F (W n)
f : (V d ⧸ A →ₗ[F] ↥B) → ℂ
k D : ℕ
tower : sorry
hk : k ≤ D
eps : ℝ
⊢ ℕ

Note: All parameter types and holes (e.g., `_`) in the header of a theorem are resolved before the proof is processed; information from the proof cannot be used to infer what these values should be
error: lean/PvNP/RealizableHardness/ActualTypedABMixedTower.lean:466:32: don't know how to synthesize implicit argument `f`
  @adaptedTerminalData (?m.165 tower hk eps) d (?m.166 tower hk eps) (?m.167 tower hk eps) (?m.168 tower hk eps)
    (?m.169 tower hk eps) tower
context:
n d : ℕ
A : Submodule F (V d)
B : Submodule F (W n)
f : (V d ⧸ A →ₗ[F] ↥B) → ℂ
k D : ℕ
tower : sorry
hk : k ≤ D
eps : ℝ
⊢ (V d ⧸ ?m.166 tower hk eps →ₗ[F] ↥(?m.167 tower hk eps)) → ℂ

Note: All parameter types and holes (e.g., `_`) in the header of a theorem are resolved before the proof is processed; information from the proof cannot be used to infer what these values should be
error: lean/PvNP/RealizableHardness/ActualTypedABMixedTower.lean:466:32: don't know how to synthesize implicit argument `B`
  @adaptedTerminalData (?m.165 tower hk eps) d (?m.166 tower hk eps) (?m.167 tower hk eps) (?m.168 tower hk eps)
    (?m.169 tower hk eps) tower
context:
n d : ℕ
A : Submodule F (V d)
B : Submodule F (W n)
f : (V d ⧸ A →ₗ[F] ↥B) → ℂ
k D : ℕ
tower : sorry
hk : k ≤ D
eps : ℝ
⊢ Submodule F (W (?m.165 tower hk eps))

Note: All parameter types and holes (e.g., `_`) in the header of a theorem are resolved before the proof is processed; information from the proof cannot be used to infer what these values should be
error: lean/PvNP/RealizableHardness/ActualTypedABMixedTower.lean:466:32: don't know how to synthesize implicit argument `A`
  @adaptedTerminalData (?m.165 tower hk eps) d (?m.166 tower hk eps) (?m.167 tower hk eps) (?m.168 tower hk eps)
    (?m.169 tower hk eps) tower
context:
n d : ℕ
A : Submodule F (V d)
B : Submodule F (W n)
f : (V d ⧸ A →ₗ[F] ↥B) → ℂ
k D : ℕ
tower : sorry
hk : k ≤ D
eps : ℝ
⊢ Submodule F (V d)

Note: All parameter types and holes (e.g., `_`) in the header of a theorem are resolved before the proof is processed; information from the proof cannot be used to infer what these values should be
error: lean/PvNP/RealizableHardness/ActualTypedABMixedTower.lean:466:32: don't know how to synthesize implicit argument `n`
  @adaptedTerminalData (?m.165 tower hk eps) d (?m.166 tower hk eps) (?m.167 tower hk eps) (?m.168 tower hk eps)
    (?m.169 tower hk eps) tower
context:
n d : ℕ
A : Submodule F (V d)
B : Submodule F (W n)
f : (V d ⧸ A →ₗ[F] ↥B) → ℂ
k D : ℕ
tower : sorry
hk : k ≤ D
eps : ℝ
⊢ ℕ

Note: All parameter types and holes (e.g., `_`) in the header of a theorem are resolved before the proof is processed; information from the proof cannot be used to infer what these values should be
error: lean/PvNP/RealizableHardness/ActualTypedABMixedTower.lean:463:7: don't know how to synthesize implicit argument `ι`
  @Finset.sum (V d ⧸ (adaptedTerminalData tower).Aend →ₗ[F] ↥(adaptedTerminalData tower).Bend) ℝ Real.instAddCommMonoid
    Finset.univ fun M => Complex.normSq ((adaptedTerminalData tower).fend M)
context:
n d : ℕ
A : Submodule F (V d)
B : Submodule F (W n)
f : (V d ⧸ A →ₗ[F] ↥B) → ℂ
k D : ℕ
tower : sorry
hk : k ≤ D
eps : ℝ
⊢ Type

Note: All parameter types and holes (e.g., `_`) in the header of a theorem are resolved before the proof is processed; information from the proof cannot be used to infer what these values should be
error: lean/PvNP/RealizableHardness/ActualTypedABMixedTower.lean:465:26: don't know how to synthesize implicit argument `n`
  @ActualTypedABTerminalData.fend (?m.160 tower hk eps) d (adaptedTerminalData tower) M
context:
n d : ℕ
A : Submodule F (V d)
B : Submodule F (W n)
f : (V d ⧸ A →ₗ[F] ↥B) → ℂ
k D : ℕ
tower : sorry
hk : k ≤ D
eps : ℝ
M : V d ⧸ (adaptedTerminalData tower).Aend →ₗ[F] ↥(adaptedTerminalData tower).Bend
⊢ ℕ

Note: All parameter types and holes (e.g., `_`) in the header of a theorem are resolved before the proof is processed; information from the proof cannot be used to infer what these values should be
error: lean/PvNP/RealizableHardness/ActualTypedABMixedTower.lean:465:27: don't know how to synthesize implicit argument `k`
  @adaptedTerminalData (?m.160 tower hk eps) d (?m.161 tower hk eps) (?m.162 tower hk eps) (?m.163 tower hk eps)
    (?m.164 tower hk eps) tower
context:
n d : ℕ
A : Submodule F (V d)
B : Submodule F (W n)
f : (V d ⧸ A →ₗ[F] ↥B) → ℂ
k D : ℕ
tower : sorry
hk : k ≤ D
eps : ℝ
M : V d ⧸ (adaptedTerminalData tower).Aend →ₗ[F] ↥(adaptedTerminalData tower).Bend
⊢ ℕ

Note: All parameter types and holes (e.g., `_`) in the header of a theorem are resolved before the proof is processed; information from the proof cannot be used to infer what these values should be
error: lean/PvNP/RealizableHardness/ActualTypedABMixedTower.lean:465:27: don't know how to synthesize implicit argument `f`
  @adaptedTerminalData (?m.160 tower hk eps) d (?m.161 tower hk eps) (?m.162 tower hk eps) (?m.163 tower hk eps)
    (?m.164 tower hk eps) tower
context:
n d : ℕ
A : Submodule F (V d)
B : Submodule F (W n)
f : (V d ⧸ A →ₗ[F] ↥B) → ℂ
k D : ℕ
tower : sorry
hk : k ≤ D
eps : ℝ
M : V d ⧸ (adaptedTerminalData tower).Aend →ₗ[F] ↥(adaptedTerminalData tower).Bend
⊢ (V d ⧸ ?m.161 tower hk eps →ₗ[F] ↥(?m.162 tower hk eps)) → ℂ

Note: All parameter types and holes (e.g., `_`) in the header of a theorem are resolved before the proof is processed; information from the proof cannot be used to infer what these values should be
error: lean/PvNP/RealizableHardness/ActualTypedABMixedTower.lean:465:27: don't know how to synthesize implicit argument `B`
  @adaptedTerminalData (?m.160 tower hk eps) d (?m.161 tower hk eps) (?m.162 tower hk eps) (?m.163 tower hk eps)
    (?m.164 tower hk eps) tower
context:
n d : ℕ
A : Submodule F (V d)
B : Submodule F (W n)
f : (V d ⧸ A →ₗ[F] ↥B) → ℂ
k D : ℕ
tower : sorry
hk : k ≤ D
eps : ℝ
M : V d ⧸ (adaptedTerminalData tower).Aend →ₗ[F] ↥(adaptedTerminalData tower).Bend
⊢ Submodule F (W (?m.160 tower hk eps))

Note: All parameter types and holes (e.g., `_`) in the header of a theorem are resolved before the proof is processed; information from the proof cannot be used to infer what these values should be
error: lean/PvNP/RealizableHardness/ActualTypedABMixedTower.lean:465:27: don't know how to synthesize implicit argument `A`
  @adaptedTerminalData (?m.160 tower hk eps) d (?m.161 tower hk eps) (?m.162 tower hk eps) (?m.163 tower hk eps)
    (?m.164 tower hk eps) tower
context:
n d : ℕ
A : Submodule F (V d)
B : Submodule F (W n)
f : (V d ⧸ A →ₗ[F] ↥B) → ℂ
k D : ℕ
tower : sorry
hk : k ≤ D
eps : ℝ
M : V d ⧸ (adaptedTerminalData tower).Aend →ₗ[F] ↥(adaptedTerminalData tower).Bend
⊢ Submodule F (V d)

Note: All parameter types and holes (e.g., `_`) in the header of a theorem are resolved before the proof is processed; information from the proof cannot be used to infer what these values should be
error: lean/PvNP/RealizableHardness/ActualTypedABMixedTower.lean:465:27: don't know how to synthesize implicit argument `n`
  @adaptedTerminalData (?m.160 tower hk eps) d (?m.161 tower hk eps) (?m.162 tower hk eps) (?m.163 tower hk eps)
    (?m.164 tower hk eps) tower
context:
n d : ℕ
A : Submodule F (V d)
B : Submodule F (W n)
f : (V d ⧸ A →ₗ[F] ↥B) → ℂ
k D : ℕ
tower : sorry
hk : k ≤ D
eps : ℝ
M : V d ⧸ (adaptedTerminalData tower).Aend →ₗ[F] ↥(adaptedTerminalData tower).Bend
⊢ ℕ

Note: All parameter types and holes (e.g., `_`) in the header of a theorem are resolved before the proof is processed; information from the proof cannot be used to infer what these values should be
error: lean/PvNP/RealizableHardness/ActualTypedABMixedTower.lean:463:9: Failed to infer type of binder `M`

Note: All parameter types and holes (e.g., `_`) in the header of a theorem are resolved before the proof is processed; information from the proof cannot be used to infer what these values should be
error: lean/PvNP/RealizableHardness/ActualTypedABMixedTower.lean:463:9: don't know how to synthesize implicit argument `α`
  @Finset.univ (V d ⧸ (adaptedTerminalData tower).Aend →ₗ[F] ↥(adaptedTerminalData tower).Bend)
    (PvNP.RealizableHardness.BinaryMatrixTypedA14Hyperplane.carrierFintype✝ (adaptedTerminalData tower).Aend
      (adaptedTerminalData tower).Bend)
context:
n d : ℕ
A : Submodule F (V d)
B : Submodule F (W n)
f : (V d ⧸ A →ₗ[F] ↥B) → ℂ
k D : ℕ
tower : sorry
hk : k ≤ D
eps : ℝ
⊢ Type

Note: All parameter types and holes (e.g., `_`) in the header of a theorem are resolved before the proof is processed; information from the proof cannot be used to infer what these values should be
error: lean/PvNP/RealizableHardness/ActualTypedABMixedTower.lean:464:10: don't know how to synthesize implicit argument `n`
  @ActualTypedABTerminalData.Bend (?m.160 tower hk eps) d (adaptedTerminalData tower)
context:
n d : ℕ
A : Submodule F (V d)
B : Submodule F (W n)
f : (V d ⧸ A →ₗ[F] ↥B) → ℂ
k D : ℕ
tower : sorry
hk : k ≤ D
eps : ℝ
⊢ ℕ

Note: All parameter types and holes (e.g., `_`) in the header of a theorem are resolved before the proof is processed; information from the proof cannot be used to infer what these values should be
error: lean/PvNP/RealizableHardness/ActualTypedABMixedTower.lean:464:11: don't know how to synthesize implicit argument `k`
  @adaptedTerminalData (?m.160 tower hk eps) d (?m.161 tower hk eps) (?m.162 tower hk eps) (?m.163 tower hk eps)
    (?m.164 tower hk eps) tower
context:
n d : ℕ
A : Submodule F (V d)
B : Submodule F (W n)
f : (V d ⧸ A →ₗ[F] ↥B) → ℂ
k D : ℕ
tower : sorry
hk : k ≤ D
eps : ℝ
⊢ ℕ

Note: All parameter types and holes (e.g., `_`) in the header of a theorem are resolved before the proof is processed; information from the proof cannot be used to infer what these values should be
error: lean/PvNP/RealizableHardness/ActualTypedABMixedTower.lean:464:11: don't know how to synthesize implicit argument `f`
  @adaptedTerminalData (?m.160 tower hk eps) d (?m.161 tower hk eps) (?m.162 tower hk eps) (?m.163 tower hk eps)
    (?m.164 tower hk eps) tower
context:
n d : ℕ
A : Submodule F (V d)
B : Submodule F (W n)
f : (V d ⧸ A →ₗ[F] ↥B) → ℂ
k D : ℕ
tower : sorry
hk : k ≤ D
eps : ℝ
⊢ (V d ⧸ ?m.161 tower hk eps →ₗ[F] ↥(?m.162 tower hk eps)) → ℂ

Note: All parameter types and holes (e.g., `_`) in the header of a theorem are resolved before the proof is processed; information from the proof cannot be used to infer what these values should be
error: lean/PvNP/RealizableHardness/ActualTypedABMixedTower.lean:464:11: don't know how to synthesize implicit argument `B`
  @adaptedTerminalData (?m.160 tower hk eps) d (?m.161 tower hk eps) (?m.162 tower hk eps) (?m.163 tower hk eps)
    (?m.164 tower hk eps) tower
context:
n d : ℕ
A : Submodule F (V d)
B : Submodule F (W n)
f : (V d ⧸ A →ₗ[F] ↥B) → ℂ
k D : ℕ
tower : sorry
hk : k ≤ D
eps : ℝ
⊢ Submodule F (W (?m.160 tower hk eps))

Note: All parameter types and holes (e.g., `_`) in the header of a theorem are resolved before the proof is processed; information from the proof cannot be used to infer what these values should be
error: lean/PvNP/RealizableHardness/ActualTypedABMixedTower.lean:464:11: don't know how to synthesize implicit argument `A`
  @adaptedTerminalData (?m.160 tower hk eps) d (?m.161 tower hk eps) (?m.162 tower hk eps) (?m.163 tower hk eps)
    (?m.164 tower hk eps) tower
context:
n d : ℕ
A : Submodule F (V d)
B : Submodule F (W n)
f : (V d ⧸ A →ₗ[F] ↥B) → ℂ
k D : ℕ
tower : sorry
hk : k ≤ D
eps : ℝ
⊢ Submodule F (V d)

Note: All parameter types and holes (e.g., `_`) in the header of a theorem are resolved before the proof is processed; information from the proof cannot be used to infer what these values should be
error: lean/PvNP/RealizableHardness/ActualTypedABMixedTower.lean:464:11: don't know how to synthesize implicit argument `n`
  @adaptedTerminalData (?m.160 tower hk eps) d (?m.161 tower hk eps) (?m.162 tower hk eps) (?m.163 tower hk eps)
    (?m.164 tower hk eps) tower
context:
n d : ℕ
A : Submodule F (V d)
B : Submodule F (W n)
f : (V d ⧸ A →ₗ[F] ↥B) → ℂ
k D : ℕ
tower : sorry
hk : k ≤ D
eps : ℝ
⊢ ℕ

Note: All parameter types and holes (e.g., `_`) in the header of a theorem are resolved before the proof is processed; information from the proof cannot be used to infer what these values should be
error: lean/PvNP/RealizableHardness/ActualTypedABMixedTower.lean:463:21: don't know how to synthesize implicit argument `n`
  @ActualTypedABTerminalData.Aend (?m.160 tower hk eps) d (adaptedTerminalData tower)
context:
n d : ℕ
A : Submodule F (V d)
B : Submodule F (W n)
f : (V d ⧸ A →ₗ[F] ↥B) → ℂ
k D : ℕ
tower : sorry
hk : k ≤ D
eps : ℝ
⊢ ℕ

Note: All parameter types and holes (e.g., `_`) in the header of a theorem are resolved before the proof is processed; information from the proof cannot be used to infer what these values should be
error: lean/PvNP/RealizableHardness/ActualTypedABMixedTower.lean:463:22: don't know how to synthesize implicit argument `k`
  @adaptedTerminalData (?m.160 tower hk eps) d (?m.161 tower hk eps) (?m.162 tower hk eps) (?m.163 tower hk eps)
    (?m.164 tower hk eps) tower
context:
n d : ℕ
A : Submodule F (V d)
B : Submodule F (W n)
f : (V d ⧸ A →ₗ[F] ↥B) → ℂ
k D : ℕ
tower : sorry
hk : k ≤ D
eps : ℝ
⊢ ℕ

Note: All parameter types and holes (e.g., `_`) in the header of a theorem are resolved before the proof is processed; information from the proof cannot be used to infer what these values should be
error: lean/PvNP/RealizableHardness/ActualTypedABMixedTower.lean:463:22: don't know how to synthesize implicit argument `f`
  @adaptedTerminalData (?m.160 tower hk eps) d (?m.161 tower hk eps) (?m.162 tower hk eps) (?m.163 tower hk eps)
    (?m.164 tower hk eps) tower
context:
n d : ℕ
A : Submodule F (V d)
B : Submodule F (W n)
f : (V d ⧸ A →ₗ[F] ↥B) → ℂ
k D : ℕ
tower : sorry
hk : k ≤ D
eps : ℝ
⊢ (V d ⧸ ?m.161 tower hk eps →ₗ[F] ↥(?m.162 tower hk eps)) → ℂ

Note: All parameter types and holes (e.g., `_`) in the header of a theorem are resolved before the proof is processed; information from the proof cannot be used to infer what these values should be
error: lean/PvNP/RealizableHardness/ActualTypedABMixedTower.lean:463:22: don't know how to synthesize implicit argument `B`
  @adaptedTerminalData (?m.160 tower hk eps) d (?m.161 tower hk eps) (?m.162 tower hk eps) (?m.163 tower hk eps)
    (?m.164 tower hk eps) tower
context:
n d : ℕ
A : Submodule F (V d)
B : Submodule F (W n)
f : (V d ⧸ A →ₗ[F] ↥B) → ℂ
k D : ℕ
tower : sorry
hk : k ≤ D
eps : ℝ
⊢ Submodule F (W (?m.160 tower hk eps))

Note: All parameter types and holes (e.g., `_`) in the header of a theorem are resolved before the proof is processed; information from the proof cannot be used to infer what these values should be
error: lean/PvNP/RealizableHardness/ActualTypedABMixedTower.lean:463:22: don't know how to synthesize implicit argument `A`
  @adaptedTerminalData (?m.160 tower hk eps) d (?m.161 tower hk eps) (?m.162 tower hk eps) (?m.163 tower hk eps)
    (?m.164 tower hk eps) tower
context:
n d : ℕ
A : Submodule F (V d)
B : Submodule F (W n)
f : (V d ⧸ A →ₗ[F] ↥B) → ℂ
k D : ℕ
tower : sorry
hk : k ≤ D
eps : ℝ
⊢ Submodule F (V d)

Note: All parameter types and holes (e.g., `_`) in the header of a theorem are resolved before the proof is processed; information from the proof cannot be used to infer what these values should be
error: lean/PvNP/RealizableHardness/ActualTypedABMixedTower.lean:463:22: don't know how to synthesize implicit argument `n`
  @adaptedTerminalData (?m.160 tower hk eps) d (?m.161 tower hk eps) (?m.162 tower hk eps) (?m.163 tower hk eps)
    (?m.164 tower hk eps) tower
context:
n d : ℕ
A : Submodule F (V d)
B : Submodule F (W n)
f : (V d ⧸ A →ₗ[F] ↥B) → ℂ
k D : ℕ
tower : sorry
hk : k ≤ D
eps : ℝ
⊢ ℕ

Note: All parameter types and holes (e.g., `_`) in the header of a theorem are resolved before the proof is processed; information from the proof cannot be used to infer what these values should be
error: lean/PvNP/RealizableHardness/ActualTypedABMixedTower.lean:471:5: Unknown identifier `adapted_tower_terminal_global_of_degree_bound`
error: lean/PvNP/RealizableHardness/ActualTypedABMixedTower.lean:480:6: Function expected at
  UpToActualNormSqGlobal
but this term has type
  ?m.1

Note: Expected a function because this term is being applied to the argument
  D

Hint: The identifier `UpToActualNormSqGlobal` is unknown, and Lean's `autoImplicit` option causes an unknown identifier to be treated as an implicitly bound variable with an unknown type. However, the unknown type cannot be a function, and a function is what Lean expects here. This is often the result of a typo or a missing `import` or `open` statement.
error: lean/PvNP/RealizableHardness/ActualTypedABMixedTower.lean:491:8: maximum number of errors (100; from option `maxErrors`) reached, exiting
Some required targets logged failures:
- PvNP.RealizableHardness.ActualTypedABMixedTower
