⚠ [2203/2319] Replayed PvNP.RealizableHardness.BinaryMatrixFourier
warning: lean/PvNP/RealizableHardness/BinaryMatrixFourier.lean:126:8: `if_pos` has been deprecated: Use `ite_eq_left` instead
warning: lean/PvNP/RealizableHardness/BinaryMatrixFourier.lean:132:8: `if_neg` has been deprecated: Use `ite_eq_right` instead
⚠ [2205/2319] Replayed PvNP.RealizableHardness.BinaryMatrixHybridSelector
warning: lean/PvNP/RealizableHardness/BinaryMatrixHybridSelector.lean:71:8: `if_pos` has been deprecated: Use `ite_eq_left` instead
warning: lean/PvNP/RealizableHardness/BinaryMatrixHybridSelector.lean:90:8: `if_neg` has been deprecated: Use `ite_eq_right` instead
⚠ [2207/2319] Replayed PvNP.RealizableHardness.BinaryMatrixLineTranslation
warning: lean/PvNP/RealizableHardness/BinaryMatrixLineTranslation.lean:243:4: try 'simp' instead of 'simpa'

Note: This linter can be disabled with `set_option linter.unnecessarySimpa false`
warning: lean/PvNP/RealizableHardness/BinaryMatrixLineTranslation.lean:315:8: `if_neg` has been deprecated: Use `ite_eq_right` instead
warning: lean/PvNP/RealizableHardness/BinaryMatrixLineTranslation.lean:407:15: `if_neg` has been deprecated: Use `ite_eq_right` instead
warning: lean/PvNP/RealizableHardness/BinaryMatrixLineTranslation.lean:433:41: This simp argument is unused:
  s

Hint: Omit it from the simp argument list.
  [apply] simp [hs, hr]

Note: This linter can be disabled with `set_option linter.unusedSimpArgs false`
warning: lean/PvNP/RealizableHardness/BinaryMatrixLineTranslation.lean:555:15: `if_neg` has been deprecated: Use `ite_eq_right` instead
warning: lean/PvNP/RealizableHardness/BinaryMatrixLineTranslation.lean:592:57: This simp argument is unused:
  mul_assoc

Hint: Omit it from the simp argument list.
  [apply] simp [hr, hs]

Note: This linter can be disabled with `set_option linter.unusedSimpArgs false`
⚠ [2208/2319] Replayed PvNP.RealizableHardness.BinaryMatrixLineA14
warning: lean/PvNP/RealizableHardness/BinaryMatrixLineA14.lean:88:8: `if_pos` has been deprecated: Use `ite_eq_left` instead
warning: lean/PvNP/RealizableHardness/BinaryMatrixLineA14.lean:97:8: `if_neg` has been deprecated: Use `ite_eq_right` instead
⚠ [2283/2319] Replayed PvNP.RealizableHardness.BinaryMatrixA1TypedFourier
warning: lean/PvNP/RealizableHardness/BinaryMatrixA1TypedFourier.lean:198:8: `if_pos` has been deprecated: Use `ite_eq_left` instead
warning: lean/PvNP/RealizableHardness/BinaryMatrixA1TypedFourier.lean:204:8: `if_neg` has been deprecated: Use `ite_eq_right` instead
warning: lean/PvNP/RealizableHardness/BinaryMatrixA1TypedFourier.lean:236:8: `if_pos` has been deprecated: Use `ite_eq_left` instead
warning: lean/PvNP/RealizableHardness/BinaryMatrixA1TypedFourier.lean:242:8: `if_neg` has been deprecated: Use `ite_eq_right` instead
⚠ [2285/2319] Replayed PvNP.RealizableHardness.BinaryMatrixA1CoefficientTransfer
warning: lean/PvNP/RealizableHardness/BinaryMatrixA1CoefficientTransfer.lean:111:15: `if_pos` has been deprecated: Use `ite_eq_left` instead
⚠ [2286/2319] Replayed PvNP.RealizableHardness.BinaryMatrixA1Composition
warning: lean/PvNP/RealizableHardness/BinaryMatrixA1Composition.lean:40:15: `if_pos` has been deprecated: Use `ite_eq_left` instead
warning: lean/PvNP/RealizableHardness/BinaryMatrixA1Composition.lean:102:5: Variable name `hA` is not explicitly referenced.

Hint: The binding can be removed (if unused) or named `_` (if used implicitly). Alternatively, prefix the name with `_` to silence this warning:
  [apply] _hA

Note: This linter can be disabled with `set_option linter.unusedVariables false`
warning: lean/PvNP/RealizableHardness/BinaryMatrixA1Composition.lean:102:20: Variable name `hB` is not explicitly referenced.

Hint: The binding can be removed (if unused) or named `_` (if used implicitly). Alternatively, prefix the name with `_` to silence this warning:
  [apply] _hB

Note: This linter can be disabled with `set_option linter.unusedVariables false`
warning: lean/PvNP/RealizableHardness/BinaryMatrixA1Composition.lean:172:43: `if_pos` has been deprecated: Use `ite_eq_left` instead
⚠ [2289/2319] Replayed PvNP.RealizableHardness.BinaryMatrixComplexA15
warning: lean/PvNP/RealizableHardness/BinaryMatrixComplexA15.lean:35:4: Unused tactic linter: `change fibreEnergy R.fibre f ≤ ε` does nothing

Note: This linter can be disabled with `set_option linter.unusedTactic false`
warning: lean/PvNP/RealizableHardness/BinaryMatrixComplexA15.lean:46:2: Unused tactic linter: `change fibreEnergy Q.fibre f ≤ ε` does nothing

Note: This linter can be disabled with `set_option linter.unusedTactic false`
warning: lean/PvNP/RealizableHardness/BinaryMatrixComplexA15.lean:184:24: This simp argument is unused:
  zero_add

Hint: Omit it from the simp argument list.
  [apply] simp only [Complex.normSq_apply, Complex.sub_re, Complex.sub_im, Complex.mul_re, Complex.mul_im,
    Complex.ofReal_re, Complex.ofReal_im, zero_mul, sub_zero, mul_zero]

Note: This linter can be disabled with `set_option linter.unusedSimpArgs false`
warning: lean/PvNP/RealizableHardness/BinaryMatrixComplexA15.lean:184:34: This simp argument is unused:
  mul_zero

Hint: Omit it from the simp argument list.
  [apply] simp only [Complex.normSq_apply, Complex.sub_re, Complex.sub_im, Complex.mul_re, Complex.mul_im,
    Complex.ofReal_re, Complex.ofReal_im, zero_mul, sub_zero, zero_add]

Note: This linter can be disabled with `set_option linter.unusedSimpArgs false`
⚠ [2301/2319] Replayed PvNP.RealizableHardness.BinaryMatrixTypedA15HyperplaneGlobal
warning: lean/PvNP/RealizableHardness/BinaryMatrixTypedA15HyperplaneGlobal.lean:48:25: Variable name `hH` is not explicitly referenced.

Hint: The binding can be removed (if unused) or named `_` (if used implicitly). Alternatively, prefix the name with `_` to silence this warning:
  [apply] _hH

Note: This linter can be disabled with `set_option linter.unusedVariables false`
⚠ [2303/2319] Replayed PvNP.RealizableHardness.BinaryMatrixTypedA15HyperplaneReducedGlobal
warning: lean/PvNP/RealizableHardness/BinaryMatrixTypedA15HyperplaneReducedGlobal.lean:54:25: Variable name `hH` is not explicitly referenced.

Hint: The binding can be removed (if unused) or named `_` (if used implicitly). Alternatively, prefix the name with `_` to silence this warning:
  [apply] _hH

Note: This linter can be disabled with `set_option linter.unusedVariables false`
warning: lean/PvNP/RealizableHardness/BinaryMatrixTypedA15HyperplaneReducedGlobal.lean:64:25: Variable name `hH` is not explicitly referenced.

Hint: The binding can be removed (if unused) or named `_` (if used implicitly). Alternatively, prefix the name with `_` to silence this warning:
  [apply] _hH

Note: This linter can be disabled with `set_option linter.unusedVariables false`
warning: lean/PvNP/RealizableHardness/BinaryMatrixTypedA15HyperplaneReducedGlobal.lean:84:25: Variable name `hH` is not explicitly referenced.

Hint: The binding can be removed (if unused) or named `_` (if used implicitly). Alternatively, prefix the name with `_` to silence this warning:
  [apply] _hH

Note: This linter can be disabled with `set_option linter.unusedVariables false`
warning: lean/PvNP/RealizableHardness/BinaryMatrixTypedA15HyperplaneReducedGlobal.lean:98:25: Variable name `hH` is not explicitly referenced.

Hint: The binding can be removed (if unused) or named `_` (if used implicitly). Alternatively, prefix the name with `_` to silence this warning:
  [apply] _hH

Note: This linter can be disabled with `set_option linter.unusedVariables false`
warning: lean/PvNP/RealizableHardness/BinaryMatrixTypedA15HyperplaneReducedGlobal.lean:236:25: Variable name `hH` is not explicitly referenced.

Hint: The binding can be removed (if unused) or named `_` (if used implicitly). Alternatively, prefix the name with `_` to silence this warning:
  [apply] _hH

Note: This linter can be disabled with `set_option linter.unusedVariables false`
⚠ [2305/2319] Replayed PvNP.RealizableHardness.BinaryMatrixTypedA14HyperplaneReduced
warning: lean/PvNP/RealizableHardness/BinaryMatrixTypedA14HyperplaneReduced.lean:35:55: Variable name `hH` is not explicitly referenced.

Hint: The binding can be removed (if unused) or named `_` (if used implicitly). Alternatively, prefix the name with `_` to silence this warning:
  [apply] _hH

Note: This linter can be disabled with `set_option linter.unusedVariables false`
warning: lean/PvNP/RealizableHardness/BinaryMatrixTypedA14HyperplaneReduced.lean:119:55: Variable name `hH` is not explicitly referenced.

Hint: The binding can be removed (if unused) or named `_` (if used implicitly). Alternatively, prefix the name with `_` to silence this warning:
  [apply] _hH

Note: This linter can be disabled with `set_option linter.unusedVariables false`
⚠ [2307/2319] Replayed PvNP.RealizableHardness.BinaryMatrixA15BaseCase
warning: lean/PvNP/RealizableHardness/BinaryMatrixA15BaseCase.lean:31:4: Try this: 
  haveI̵

The goal is a proposition, so `have` is preferred over `haveI`.
The difference between `have` and `haveI` is that `haveI` inlines the value.
But this is not relevant for proofs because of proof irrelevance.

Note: This linter can be disabled with `set_option linter.style.haveILetI false`
⚠ [2312/2319] Replayed PvNP.RealizableHardness.BinaryMatrixTypedHyperplaneIntrinsicP
warning: lean/PvNP/RealizableHardness/BinaryMatrixTypedHyperplaneIntrinsicP.lean:138:35: This simp argument is unused:
  Module.Basis.dualBasis_equivFun

Hint: Omit it from the simp argument list.
  [apply] simp [hyperplaneMatrixEquiv, hyperplaneShiftVectorIndex, lineShift, lineFunctional]

Note: This linter can be disabled with `set_option linter.unusedSimpArgs false`
⚠ [2314/2319] Replayed PvNP.RealizableHardness.BinaryMatrixA15SelectedBridge
warning: lean/PvNP/RealizableHardness/BinaryMatrixA15SelectedBridge.lean:44:10: try 'simp' instead of 'simpa'

Note: This linter can be disabled with `set_option linter.unnecessarySimpa false`
warning: lean/PvNP/RealizableHardness/BinaryMatrixA15SelectedBridge.lean:50:10: try 'simp' instead of 'simpa'

Note: This linter can be disabled with `set_option linter.unnecessarySimpa false`
⚠ [2316/2319] Replayed PvNP.RealizableHardness.ActualTypedIntrinsicWitnessNaturality
warning: lean/PvNP/RealizableHardness/ActualTypedIntrinsicWitnessNaturality.lean:224:31: This simp argument is unused:
  LinearEquiv.arrowCongr_apply

Hint: Omit it from the simp argument list.
  [apply] simp [eN, mapReindexEquiv, LinearMap.comp_apply]

Note: This linter can be disabled with `set_option linter.unusedSimpArgs false`
warning: lean/PvNP/RealizableHardness/ActualTypedIntrinsicWitnessNaturality.lean:225:6: This simp argument is unused:
  LinearMap.comp_apply

Hint: Omit it from the simp argument list.
  [apply] simp [eN, mapReindexEquiv, LinearEquiv.arrowCongr_apply]

Note: This linter can be disabled with `set_option linter.unusedSimpArgs false`
warning: lean/PvNP/RealizableHardness/ActualTypedIntrinsicWitnessNaturality.lean:327:4: Try `simp at hz` instead of `simpa using hz`

Note: This linter can be disabled with `set_option linter.unnecessarySimpa false`
warning: lean/PvNP/RealizableHardness/ActualTypedIntrinsicWitnessNaturality.lean:357:4: Try `simp at h'` instead of `simpa using h'`

Note: This linter can be disabled with `set_option linter.unnecessarySimpa false`
warning: lean/PvNP/RealizableHardness/ActualTypedIntrinsicWitnessNaturality.lean:373:2: try 'simp' instead of 'simpa'

Note: This linter can be disabled with `set_option linter.unnecessarySimpa false`
⚠ [2317/2319] Replayed PvNP.RealizableHardness.ActualTypedIntrinsicHyperplaneNaturality
warning: lean/PvNP/RealizableHardness/ActualTypedIntrinsicHyperplaneNaturality.lean:48:5: Variable name `hφ` is not explicitly referenced.

Hint: The binding can be removed (if unused) or named `_` (if used implicitly). Alternatively, prefix the name with `_` to silence this warning:
  [apply] _hφ

Note: This linter can be disabled with `set_option linter.unusedVariables false`
warning: lean/PvNP/RealizableHardness/ActualTypedIntrinsicHyperplaneNaturality.lean:207:6: This simp argument is unused:
  LinearEquiv.arrowCongr_apply

Hint: Omit it from the simp argument list.
  [apply] simp [eIndex, ePhi, eW, mapReindexEquiv, LinearMap.comp_apply, LinearMap.smulRight_apply]

Note: This linter can be disabled with `set_option linter.unusedSimpArgs false`
warning: lean/PvNP/RealizableHardness/ActualTypedIntrinsicHyperplaneNaturality.lean:358:31: This simp argument is unused:
  LinearEquiv.arrowCongr_apply

Hint: Omit it from the simp argument list.
  [apply] simp [eN, mapReindexEquiv, LinearMap.comp_apply]

Note: This linter can be disabled with `set_option linter.unusedSimpArgs false`
warning: lean/PvNP/RealizableHardness/ActualTypedIntrinsicHyperplaneNaturality.lean:359:6: This simp argument is unused:
  LinearMap.comp_apply

Hint: Omit it from the simp argument list.
  [apply] simp [eN, mapReindexEquiv, LinearEquiv.arrowCongr_apply]

Note: This linter can be disabled with `set_option linter.unusedSimpArgs false`
warning: lean/PvNP/RealizableHardness/ActualTypedIntrinsicHyperplaneNaturality.lean:395:31: This simp argument is unused:
  LinearEquiv.arrowCongr_apply

Hint: Omit it from the simp argument list.
  [apply] simp [eN, mapReindexEquiv, LinearMap.comp_apply]

Note: This linter can be disabled with `set_option linter.unusedSimpArgs false`
warning: lean/PvNP/RealizableHardness/ActualTypedIntrinsicHyperplaneNaturality.lean:396:6: This simp argument is unused:
  LinearMap.comp_apply

Hint: Omit it from the simp argument list.
  [apply] simp [eN, mapReindexEquiv, LinearEquiv.arrowCongr_apply]

Note: This linter can be disabled with `set_option linter.unusedSimpArgs false`
⚠ [2318/2319] Replayed PvNP.RealizableHardness.ActualTypedMixedTower
warning: lean/PvNP/RealizableHardness/ActualTypedMixedTower.lean:46:4: The namespace `ActualTypedMixedTower` is duplicated in the declaration `PvNP.RealizableHardness.ActualTypedMixedTower.ActualTypedMixedTower.line`.

Note: This linter can be disabled with `set_option linter.dupNamespace false`
warning: lean/PvNP/RealizableHardness/ActualTypedMixedTower.lean:57:4: The namespace `ActualTypedMixedTower` is duplicated in the declaration `PvNP.RealizableHardness.ActualTypedMixedTower.ActualTypedMixedTower.hyperplane`.

Note: This linter can be disabled with `set_option linter.dupNamespace false`
warning: lean/PvNP/RealizableHardness/ActualTypedMixedTower.lean:37:10: The namespace `ActualTypedMixedTower` is duplicated in the declaration `PvNP.RealizableHardness.ActualTypedMixedTower.ActualTypedMixedTower`.

Note: This linter can be disabled with `set_option linter.dupNamespace false`
warning: lean/PvNP/RealizableHardness/ActualTypedMixedTower.lean:42:4: The namespace `ActualTypedMixedTower` is duplicated in the declaration `PvNP.RealizableHardness.ActualTypedMixedTower.ActualTypedMixedTower.done`.

Note: This linter can be disabled with `set_option linter.dupNamespace false`
ℹ [2319/2319] Built PvNP.RealizableHardness.ActualTypedMixedTowerChecks (1.9s)
info: lean/PvNP/RealizableHardness/ActualTypedMixedTowerChecks.lean:5:0: PvNP.RealizableHardness.ActualTypedMixedTower.ActualTypedMixedTower.{u, v} (D : Type u) (C : Type v) [AddCommGroup D]
  [Module PvNP.RealizableHardness.ActualTypedMixedTower.F✝ D] [Fintype D] [AddCommGroup C]
  [Module PvNP.RealizableHardness.ActualTypedMixedTower.F✝ C] [Fintype C] :
  ((D →ₗ[PvNP.RealizableHardness.ActualTypedMixedTower.F✝] C) → ℂ) → ℕ → Type ((max u v) + 1)
info: lean/PvNP/RealizableHardness/ActualTypedMixedTowerChecks.lean:6:0: PvNP.RealizableHardness.ActualTypedMixedTower.ActualTypedMixedTower.done.{u, v} {D : Type u} {C : Type v}
  [AddCommGroup D] [Module PvNP.RealizableHardness.ActualTypedMixedTower.F✝ D] [Fintype D] [AddCommGroup C]
  [Module PvNP.RealizableHardness.ActualTypedMixedTower.F✝ C] [Fintype C]
  (f : (D →ₗ[PvNP.RealizableHardness.ActualTypedMixedTower.F✝] C) → ℂ) : ActualTypedMixedTower D C f 0
info: lean/PvNP/RealizableHardness/ActualTypedMixedTowerChecks.lean:7:0: PvNP.RealizableHardness.ActualTypedMixedTower.ActualTypedMixedTower.line.{u, v} {D : Type u} {C : Type v}
  [AddCommGroup D] [Module PvNP.RealizableHardness.ActualTypedMixedTower.F✝ D] [Fintype D] [AddCommGroup C]
  [Module PvNP.RealizableHardness.ActualTypedMixedTower.F✝ C] [Fintype C]
  (L : Submodule PvNP.RealizableHardness.ActualTypedMixedTower.F✝ D)
  (hL : Module.finrank PvNP.RealizableHardness.ActualTypedMixedTower.F✝ ↥L = 1) (v : D) (hv : v ∈ L) (hv0 : v ≠ 0)
  (k : ℕ) (T : D →ₗ[PvNP.RealizableHardness.ActualTypedMixedTower.F✝] C)
  (f : (D →ₗ[PvNP.RealizableHardness.ActualTypedMixedTower.F✝] C) → ℂ)
  (tail :
    ActualTypedMixedTower (D ⧸ L) C
      (PvNP.RealizableHardness.ActualTypedIntrinsicWitnessNaturality.intrinsicReducedLineWitness v k L.mkQ T f) k) :
  ActualTypedMixedTower D C f (k + 1)
info: lean/PvNP/RealizableHardness/ActualTypedMixedTowerChecks.lean:8:0: PvNP.RealizableHardness.ActualTypedMixedTower.ActualTypedMixedTower.hyperplane.{u, v} {D : Type u} {C : Type v}
  [AddCommGroup D] [Module PvNP.RealizableHardness.ActualTypedMixedTower.F✝ D] [Fintype D] [AddCommGroup C]
  [Module PvNP.RealizableHardness.ActualTypedMixedTower.F✝ C] [Fintype C]
  (H : Submodule PvNP.RealizableHardness.ActualTypedMixedTower.F✝ C)
  (hH : Module.finrank PvNP.RealizableHardness.ActualTypedMixedTower.F✝ (C ⧸ H) = 1)
  (psi : C →ₗ[PvNP.RealizableHardness.ActualTypedMixedTower.F✝] PvNP.RealizableHardness.ActualTypedMixedTower.F✝)
  (hker : psi.ker = H) (k : ℕ) (T : D →ₗ[PvNP.RealizableHardness.ActualTypedMixedTower.F✝] C)
  (f : (D →ₗ[PvNP.RealizableHardness.ActualTypedMixedTower.F✝] C) → ℂ)
  (tail :
    ActualTypedMixedTower D (↥H)
      (fun N =>
        PvNP.RealizableHardness.ActualTypedIntrinsicHyperplaneNaturality.intrinsicHyperplaneP psi k f
          (T + H.subtype ∘ₗ N))
      k) :
  ActualTypedMixedTower D C f (k + 1)
info: lean/PvNP/RealizableHardness/ActualTypedMixedTowerChecks.lean:9:0: PvNP.RealizableHardness.ActualTypedMixedTower.length_le_total_finrank.{u_1, u_2} {D : Type u_1} {C : Type u_2}
  [AddCommGroup D] [Module PvNP.RealizableHardness.ActualTypedMixedTower.F✝ D] [Fintype D] [AddCommGroup C]
  [Module PvNP.RealizableHardness.ActualTypedMixedTower.F✝ C] [Fintype C]
  {f : (D →ₗ[PvNP.RealizableHardness.ActualTypedMixedTower.F✝] C) → ℂ} {k : ℕ} (tower : ActualTypedMixedTower D C f k) :
  k ≤
    Module.finrank PvNP.RealizableHardness.ActualTypedMixedTower.F✝ D +
      Module.finrank PvNP.RealizableHardness.ActualTypedMixedTower.F✝ C
info: lean/PvNP/RealizableHardness/ActualTypedMixedTowerChecks.lean:10:0: 'PvNP.RealizableHardness.ActualTypedMixedTower.length_le_total_finrank' depends on axioms: [propext,
 Classical.choice,
 Quot.sound]
info: lean/PvNP/RealizableHardness/ActualTypedMixedTowerChecks.lean:11:0: PvNP.RealizableHardness.ActualTypedMixedTower.lineStepSignal.{u_1, u_2, u_3} {D : Type u_1} {Q : Type u_2}
  {C : Type u_3} [AddCommGroup D] [Module PvNP.RealizableHardness.ActualTypedMixedTower.F✝ D] [Fintype D]
  [AddCommGroup Q] [Module PvNP.RealizableHardness.ActualTypedMixedTower.F✝ Q] [AddCommGroup C]
  [Module PvNP.RealizableHardness.ActualTypedMixedTower.F✝ C] [Fintype C]
  [Fintype (D →ₗ[PvNP.RealizableHardness.ActualTypedMixedTower.F✝] PvNP.RealizableHardness.ActualTypedMixedTower.F✝)]
  [DecidableEq
      (D →ₗ[PvNP.RealizableHardness.ActualTypedMixedTower.F✝] PvNP.RealizableHardness.ActualTypedMixedTower.F✝)]
  [Fintype (D →ₗ[PvNP.RealizableHardness.ActualTypedMixedTower.F✝] C)]
  [DecidableEq (D →ₗ[PvNP.RealizableHardness.ActualTypedMixedTower.F✝] C)] (v : D) (j : ℕ)
  (q : D →ₗ[PvNP.RealizableHardness.ActualTypedMixedTower.F✝] Q)
  (T : D →ₗ[PvNP.RealizableHardness.ActualTypedMixedTower.F✝] C)
  (f : (D →ₗ[PvNP.RealizableHardness.ActualTypedMixedTower.F✝] C) → ℂ) :
  (Q →ₗ[PvNP.RealizableHardness.ActualTypedMixedTower.F✝] C) → ℂ
info: lean/PvNP/RealizableHardness/ActualTypedMixedTowerChecks.lean:12:0: PvNP.RealizableHardness.ActualTypedMixedTower.lineStepSignal_eq_intrinsic.{u_1, u_2, u_3} {D : Type u_1} {Q : Type u_2}
  {C : Type u_3} [AddCommGroup D] [Module PvNP.RealizableHardness.ActualTypedMixedTower.F✝ D] [Fintype D]
  [AddCommGroup Q] [Module PvNP.RealizableHardness.ActualTypedMixedTower.F✝ Q] [AddCommGroup C]
  [Module PvNP.RealizableHardness.ActualTypedMixedTower.F✝ C] [Fintype C]
  [Fintype (D →ₗ[PvNP.RealizableHardness.ActualTypedMixedTower.F✝] PvNP.RealizableHardness.ActualTypedMixedTower.F✝)]
  [DecidableEq
      (D →ₗ[PvNP.RealizableHardness.ActualTypedMixedTower.F✝] PvNP.RealizableHardness.ActualTypedMixedTower.F✝)]
  [Fintype (D →ₗ[PvNP.RealizableHardness.ActualTypedMixedTower.F✝] C)]
  [DecidableEq (D →ₗ[PvNP.RealizableHardness.ActualTypedMixedTower.F✝] C)] (v : D) (j : ℕ)
  (q : D →ₗ[PvNP.RealizableHardness.ActualTypedMixedTower.F✝] Q)
  (T : D →ₗ[PvNP.RealizableHardness.ActualTypedMixedTower.F✝] C)
  (f : (D →ₗ[PvNP.RealizableHardness.ActualTypedMixedTower.F✝] C) → ℂ)
  (N : Q →ₗ[PvNP.RealizableHardness.ActualTypedMixedTower.F✝] C) :
  lineStepSignal v j q T f N =
    PvNP.RealizableHardness.ActualTypedIntrinsicWitnessNaturality.intrinsicLineP v j f (T + N ∘ₗ q)
info: lean/PvNP/RealizableHardness/ActualTypedMixedTowerChecks.lean:13:0: 'PvNP.RealizableHardness.ActualTypedMixedTower.lineStepSignal_eq_intrinsic' depends on axioms: [propext,
 Classical.choice,
 Quot.sound]
info: lean/PvNP/RealizableHardness/ActualTypedMixedTowerChecks.lean:14:0: PvNP.RealizableHardness.ActualTypedMixedTower.hyperplaneStepSignal.{u_1, u_2} {D : Type u_1} {C : Type u_2}
  [AddCommGroup D] [Module PvNP.RealizableHardness.ActualTypedMixedTower.F✝ D] [Fintype D] [AddCommGroup C]
  [Module PvNP.RealizableHardness.ActualTypedMixedTower.F✝ C] [Fintype C]
  (H : Submodule PvNP.RealizableHardness.ActualTypedMixedTower.F✝ C)
  [Fintype (D →ₗ[PvNP.RealizableHardness.ActualTypedMixedTower.F✝] PvNP.RealizableHardness.ActualTypedMixedTower.F✝)]
  [DecidableEq
      (D →ₗ[PvNP.RealizableHardness.ActualTypedMixedTower.F✝] PvNP.RealizableHardness.ActualTypedMixedTower.F✝)]
  [Fintype (D →ₗ[PvNP.RealizableHardness.ActualTypedMixedTower.F✝] C)]
  [DecidableEq (D →ₗ[PvNP.RealizableHardness.ActualTypedMixedTower.F✝] C)]
  (psi : C →ₗ[PvNP.RealizableHardness.ActualTypedMixedTower.F✝] PvNP.RealizableHardness.ActualTypedMixedTower.F✝)
  (j : ℕ) (T : D →ₗ[PvNP.RealizableHardness.ActualTypedMixedTower.F✝] C)
  (f : (D →ₗ[PvNP.RealizableHardness.ActualTypedMixedTower.F✝] C) → ℂ) :
  (D →ₗ[PvNP.RealizableHardness.ActualTypedMixedTower.F✝] ↥H) → ℂ
info: lean/PvNP/RealizableHardness/ActualTypedMixedTowerChecks.lean:15:0: PvNP.RealizableHardness.ActualTypedMixedTower.hyperplaneStepSignal_eq_intrinsic.{u_1, u_2} {D : Type u_1} {C : Type u_2}
  [AddCommGroup D] [Module PvNP.RealizableHardness.ActualTypedMixedTower.F✝ D] [Fintype D] [AddCommGroup C]
  [Module PvNP.RealizableHardness.ActualTypedMixedTower.F✝ C] [Fintype C]
  (H : Submodule PvNP.RealizableHardness.ActualTypedMixedTower.F✝ C)
  [Fintype (D →ₗ[PvNP.RealizableHardness.ActualTypedMixedTower.F✝] PvNP.RealizableHardness.ActualTypedMixedTower.F✝)]
  [DecidableEq
      (D →ₗ[PvNP.RealizableHardness.ActualTypedMixedTower.F✝] PvNP.RealizableHardness.ActualTypedMixedTower.F✝)]
  [Fintype (D →ₗ[PvNP.RealizableHardness.ActualTypedMixedTower.F✝] C)]
  [DecidableEq (D →ₗ[PvNP.RealizableHardness.ActualTypedMixedTower.F✝] C)]
  (psi : C →ₗ[PvNP.RealizableHardness.ActualTypedMixedTower.F✝] PvNP.RealizableHardness.ActualTypedMixedTower.F✝)
  (j : ℕ) (T : D →ₗ[PvNP.RealizableHardness.ActualTypedMixedTower.F✝] C)
  (f : (D →ₗ[PvNP.RealizableHardness.ActualTypedMixedTower.F✝] C) → ℂ)
  (N : D →ₗ[PvNP.RealizableHardness.ActualTypedMixedTower.F✝] ↥H) :
  hyperplaneStepSignal H psi j T f N =
    PvNP.RealizableHardness.ActualTypedIntrinsicHyperplaneNaturality.intrinsicHyperplaneP psi j f (T + H.subtype ∘ₗ N)
info: lean/PvNP/RealizableHardness/ActualTypedMixedTowerChecks.lean:16:0: 'PvNP.RealizableHardness.ActualTypedMixedTower.hyperplaneStepSignal_eq_intrinsic' depends on axioms: [propext,
 Classical.choice,
 Quot.sound]
Build completed successfully (2319 jobs).
