⚠ [3048/3050] Replayed PvNP.RealizableHardness.ActualBinaryMatrixHC46A18Conditioning
warning: lean/PvNP/RealizableHardness/ActualBinaryMatrixHC46A18Conditioning.lean:57:4: Unused tactic linter: `change dualRestriction A (φ.1 - φ₀) = 0` does nothing

Note: This linter can be disabled with `set_option linter.unusedTactic false`
warning: lean/PvNP/RealizableHardness/ActualBinaryMatrixHC46A18Conditioning.lean:60:4: Unused tactic linter: `change dualRestriction A (δ.1 + φ₀) = ψ` does nothing

Note: This linter can be disabled with `set_option linter.unusedTactic false`
warning: lean/PvNP/RealizableHardness/ActualBinaryMatrixHC46A18Conditioning.lean:110:4: Unused tactic linter: `change dualRestrictionAt A w (φ.1 - φ₀) = 0` does nothing

Note: This linter can be disabled with `set_option linter.unusedTactic false`
warning: lean/PvNP/RealizableHardness/ActualBinaryMatrixHC46A18Conditioning.lean:113:4: Unused tactic linter: `change dualRestrictionAt A w (δ.1 + φ₀) = z` does nothing

Note: This linter can be disabled with `set_option linter.unusedTactic false`
⚠ [3049/3050] Replayed PvNP.RealizableHardness.ActualBinaryMatrixHC46A18QuotientSamplingLaw
warning: lean/PvNP/RealizableHardness/ActualBinaryMatrixHC46A18QuotientSamplingLaw.lean:42:29: Variable name `ha` is not explicitly referenced.

Hint: The binding can be removed (if unused) or named `_` (if used implicitly). Alternatively, prefix the name with `_` to silence this warning:
  [apply] _ha

Note: This linter can be disabled with `set_option linter.unusedVariables false`
warning: lean/PvNP/RealizableHardness/ActualBinaryMatrixHC46A18QuotientSamplingLaw.lean:82:4: Unused tactic linter: `change Submodule.mkQ (functionalKernelInAmbient A phi) (c • (v : X)) = y` does nothing

Note: This linter can be disabled with `set_option linter.unusedTactic false`
warning: lean/PvNP/RealizableHardness/ActualBinaryMatrixHC46A18QuotientSamplingLaw.lean:95:29: Variable name `ha` is not explicitly referenced.

Hint: The binding can be removed (if unused) or named `_` (if used implicitly). Alternatively, prefix the name with `_` to silence this warning:
  [apply] _ha

Note: This linter can be disabled with `set_option linter.unusedVariables false`
warning: lean/PvNP/RealizableHardness/ActualBinaryMatrixHC46A18QuotientSamplingLaw.lean:295:19: This simp argument is unused:
  vk

Hint: Omit it from the simp argument list.
  [apply] simp [eVmap]

Note: This linter can be disabled with `set_option linter.unusedSimpArgs false`
warning: lean/PvNP/RealizableHardness/ActualBinaryMatrixHC46A18QuotientSamplingLaw.lean:316:12: This simp argument is unused:
  phi₀

Hint: Omit it from the simp argument list.
  [apply] simp [pK, z, eSplit]

Note: This linter can be disabled with `set_option linter.unusedSimpArgs false`
warning: lean/PvNP/RealizableHardness/ActualBinaryMatrixHC46A18QuotientSamplingLaw.lean:336:31: Variable name `ha` is not explicitly referenced.

Hint: The binding can be removed (if unused) or named `_` (if used implicitly). Alternatively, prefix the name with `_` to silence this warning:
  [apply] _ha

Note: This linter can be disabled with `set_option linter.unusedVariables false`
warning: lean/PvNP/RealizableHardness/ActualBinaryMatrixHC46A18QuotientSamplingLaw.lean:503:8: try 'simp' instead of 'simpa'

Note: This linter can be disabled with `set_option linter.unnecessarySimpa false`
warning: lean/PvNP/RealizableHardness/ActualBinaryMatrixHC46A18QuotientSamplingLaw.lean:510:12: This simp argument is unused:
  LinearMap.comp_apply

Hint: Omit it from the simp argument list.
  [apply] simp [LinearEquiv.apply_symm_apply]

Note: This linter can be disabled with `set_option linter.unusedSimpArgs false`
warning: lean/PvNP/RealizableHardness/ActualBinaryMatrixHC46A18QuotientSamplingLaw.lean:510:34: This simp argument is unused:
  LinearEquiv.apply_symm_apply

Hint: Omit it from the simp argument list.
  [apply] simp [LinearMap.comp_apply]

Note: This linter can be disabled with `set_option linter.unusedSimpArgs false`
warning: lean/PvNP/RealizableHardness/ActualBinaryMatrixHC46A18QuotientSamplingLaw.lean:681:13: This simp argument is unused:
  LinearMap.codRestrict_apply

Hint: Omit it from the simp argument list.
  [apply] simp [N]

Note: This linter can be disabled with `set_option linter.unusedSimpArgs false`
✖ [3050/3050] Building PvNP.RealizableHardness.ActualBinaryMatrixHC46A18SourceConditioning (36s)
trace: .> LEAN_PATH=/home/dfredriksen_quantyra_org/cmmsa_analytic_20260930T040837Z/.lake/packages/Cli/.lake/build/lib/lean:/home/dfredriksen_quantyra_org/cmmsa_analytic_20260930T040837Z/.lake/packages/batteries/.lake/build/lib/lean:/home/dfredriksen_quantyra_org/cmmsa_analytic_20260930T040837Z/.lake/packages/Qq/.lake/build/lib/lean:/home/dfredriksen_quantyra_org/cmmsa_analytic_20260930T040837Z/.lake/packages/aesop/.lake/build/lib/lean:/home/dfredriksen_quantyra_org/cmmsa_analytic_20260930T040837Z/.lake/packages/proofwidgets/.lake/build/lib/lean:/home/dfredriksen_quantyra_org/cmmsa_analytic_20260930T040837Z/.lake/packages/importGraph/.lake/build/lib/lean:/home/dfredriksen_quantyra_org/cmmsa_analytic_20260930T040837Z/.lake/packages/LeanSearchClient/.lake/build/lib/lean:/home/dfredriksen_quantyra_org/cmmsa_analytic_20260930T040837Z/.lake/packages/plausible/.lake/build/lib/lean:/home/dfredriksen_quantyra_org/cmmsa_analytic_20260930T040837Z/.lake/packages/complexitylib/.lake/build/lib/lean:/home/dfredriksen_quantyra_org/cmmsa_analytic_20260930T040837Z/.lake/packages/mathlib/.lake/build/lib/lean:/home/dfredriksen_quantyra_org/cmmsa_analytic_20260930T040837Z/.lake/packages/cslib/.lake/build/lib/lean:/home/dfredriksen_quantyra_org/cmmsa_analytic_20260930T040837Z/.lake/build/lib/lean /home/dfredriksen_quantyra_org/.elan/toolchains/leanprover--lean4---v4.34.0-rc2/bin/lean /home/dfredriksen_quantyra_org/cmmsa_analytic_20260930T040837Z/lean/PvNP/RealizableHardness/ActualBinaryMatrixHC46A18SourceConditioning.lean -o /home/dfredriksen_quantyra_org/cmmsa_analytic_20260930T040837Z/.lake/build/lib/lean/PvNP/RealizableHardness/ActualBinaryMatrixHC46A18SourceConditioning.olean -i /home/dfredriksen_quantyra_org/cmmsa_analytic_20260930T040837Z/.lake/build/lib/lean/PvNP/RealizableHardness/ActualBinaryMatrixHC46A18SourceConditioning.ilean -c /home/dfredriksen_quantyra_org/cmmsa_analytic_20260930T040837Z/.lake/build/ir/PvNP/RealizableHardness/ActualBinaryMatrixHC46A18SourceConditioning.c --setup /home/dfredriksen_quantyra_org/cmmsa_analytic_20260930T040837Z/.lake/build/ir/PvNP/RealizableHardness/ActualBinaryMatrixHC46A18SourceConditioning.setup.json --json
error: lean/PvNP/RealizableHardness/ActualBinaryMatrixHC46A18SourceConditioning.lean:54:20: Application type mismatch: The argument
  Eq.symm hF
has type
  ↑w = F v
but is expected to have type
  ((fun F => ⟨⟨↑F v, ⋯⟩, ⟨↑F, ⋯⟩⟩) ((fun p => ⟨↑p.snd, ⋯⟩) ⟨w, ⟨F, hF⟩⟩)).fst = ⟨w, ⟨F, hF⟩⟩.fst
in the application
  Sigma.ext (Eq.symm hF)
warning: lean/PvNP/RealizableHardness/ActualBinaryMatrixHC46A18SourceConditioning.lean:77:37: This simp argument is unused:
  add_left_comm

Hint: Omit it from the simp argument list.
  [apply] simp [sub_eq_add_neg, add_assoc, add_comm]

Note: This linter can be disabled with `set_option linter.unusedSimpArgs false`
warning: lean/PvNP/RealizableHardness/ActualBinaryMatrixHC46A18SourceConditioning.lean:77:52: This simp argument is unused:
  add_comm

Hint: Omit it from the simp argument list.
  [apply] simp [sub_eq_add_neg, add_assoc, add_left_comm]

Note: This linter can be disabled with `set_option linter.unusedSimpArgs false`
warning: lean/PvNP/RealizableHardness/ActualBinaryMatrixHC46A18SourceConditioning.lean:81:26: This simp argument is unused:
  add_assoc

Hint: Omit it from the simp argument list.
  [apply] simp [sub_eq_add_neg, add_left_comm, add_comm]

Note: This linter can be disabled with `set_option linter.unusedSimpArgs false`
error: lean/PvNP/RealizableHardness/ActualBinaryMatrixHC46A18SourceConditioning.lean:100:15: Invalid projection: Type of
  p
is not known; cannot resolve projection `2`
error: lean/PvNP/RealizableHardness/ActualBinaryMatrixHC46A18SourceConditioning.lean:101:16: Invalid `⟨...⟩` notation: The expected type of this term could not be determined
error: lean/PvNP/RealizableHardness/ActualBinaryMatrixHC46A18SourceConditioning.lean:103:20: Tactic `rcases` failed: `p : ?m.99` is not an inductive datatype
error: lean/PvNP/RealizableHardness/ActualBinaryMatrixHC46A18SourceConditioning.lean:94:65: unsolved goals
case allColumns
X : Type u_1
W : Type u_2
inst✝⁵ : AddCommGroup X
inst✝⁴ : Module (ZMod 2) X
inst✝³ : AddCommGroup W
inst✝² : Module (ZMod 2) W
inst✝¹ : Fintype X
inst✝ : Fintype W
B B' : Submodule (ZMod 2) W
hB : B ≤ B'
hdim : Module.finrank (ZMod 2) ↥B' = Module.finrank (ZMod 2) ↥B + 1
v : X
ell : X →ₗ[ZMod 2] ZMod 2
hell : ell v = 1
Fib : ↥B' → Type (max 0 u_1 u_2) := fun y => { F // F v = y }
hfib : ∀ (y : ↥B'), Fintype.card (Fib y) = Fintype.card (Fib 0)
⊢ (y : ↥B') × Fib y ≃ (X →ₗ[ZMod 2] ↥B')

X : Type u_1
W : Type u_2
inst✝⁵ : AddCommGroup X
inst✝⁴ : Module (ZMod 2) X
inst✝³ : AddCommGroup W
inst✝² : Module (ZMod 2) W
inst✝¹ : Fintype X
inst✝ : Fintype W
B B' : Submodule (ZMod 2) W
hB : B ≤ B'
hdim : Module.finrank (ZMod 2) ↥B' = Module.finrank (ZMod 2) ↥B + 1
v : X
ell : X →ₗ[ZMod 2] ZMod 2
hell : ell v = 1
Fib : ↥B' → Type (max 0 u_1 u_2) := fun y => { F // F v = y }
hfib : ∀ (y : ↥B'), Fintype.card (Fib y) = Fintype.card (Fib 0)
allColumns : (y : ↥B') × Fib y ≃ (X →ₗ[ZMod 2] ↥B') := ?allColumns
⊢ Fintype.card (X →ₗ[ZMod 2] ↥B') = 2 * Fintype.card { F // ↑(F v) ∉ B }
error: lean/PvNP/RealizableHardness/ActualBinaryMatrixHC46A18SourceConditioning.lean:83:0: internal exception #3
error: lean/PvNP/RealizableHardness/ActualBinaryMatrixHC46A18SourceConditioning.lean:107:2: unexpected token 'have'; expected command
error: lean/PvNP/RealizableHardness/ActualBinaryMatrixHC46A18SourceConditioning.lean:178:4: Type mismatch
  (Submodule.Quotient.mk_eq_zero (functionalKernelInAmbient A phi)).mp hz
has type
  ↑v ∈ functionalKernelInAmbient A phi
but is expected to have type
  (functionalKernelInAmbient A phi).mkQ ↑v = 0
error: lean/PvNP/RealizableHardness/ActualBinaryMatrixHC46A18SourceConditioning.lean:184:2: Type mismatch: After simplification, term
  outsideColumn_card_half B B' hB hdim qv ell hell
 has type
  Fintype.card (X ⧸ functionalKernelInAmbient A phi →ₗ[ZMod 2] ↥B') =
    2 * Fintype.card { F // ↑(F ((functionalKernelInAmbient A phi).mkQ ↑v)) ∉ B }
but is expected to have type
  Fintype.card (X ⧸ functionalKernelInAmbient A phi →ₗ[ZMod 2] ↥B') ≤
    2 * Fintype.card { N // ↑(N ((functionalKernelInAmbient A phi).mkQ ↑v)) ∉ B }
error: lean/PvNP/RealizableHardness/ActualBinaryMatrixHC46A18SourceConditioning.lean:216:6: Type mismatch: After simplification, term
  hcard
 has type
  Fintype.card (X ⧸ functionalKernelInAmbient A phi →ₗ[ZMod 2] ↥B') ≤
    2 * Fintype.card { N // ↑(N (Submodule.Quotient.mk ↑v)) ∉ B }
but is expected to have type
  Fintype.card (X ⧸ functionalKernelInAmbient A phi →ₗ[ZMod 2] ↥B') =
    2 * Fintype.card { N // ↑(N (Submodule.Quotient.mk ↑v)) ∉ B }
error: lean/PvNP/RealizableHardness/ActualBinaryMatrixHC46A18SourceConditioning.lean:292:10: Tactic `introN` failed: There are no additional binders or `let` bindings in the goal to introduce

case refine_1
X : Type u_1
W : Type u_2
inst✝³ : AddCommGroup X
inst✝² : Module (ZMod 2) X
inst✝¹ : AddCommGroup W
inst✝ : Module (ZMod 2) W
A : Submodule (ZMod 2) X
phi : ↥A →ₗ[ZMod 2] ZMod 2
v : ↥A
hv : phi v = 1
B B' : Submodule (ZMod 2) W
w : ↥B'
hw : ↑w ∉ B
hspan : spanExtensionSubmodule B ↑w = B'
eW : ↥(spanExtensionSubmodule B ↑w) ≃ₗ[ZMod 2] ↥B' := LinearEquiv.ofEq (spanExtensionSubmodule B ↑w) B' hspan
wExt : ↥(spanExtensionSubmodule B ↑w) := ⟨↑w, ⋯⟩
eFixed : { N // N ((functionalKernelInAmbient A phi).mkQ ↑v) = ⟨↑w, ⋯⟩ } ≃
  (X ⧸ A →ₗ[ZMod 2] ↥B) × (X ⧸ A →ₗ[ZMod 2] ZMod 2) :=
  restrictedFunctionalAppendSamplingEquiv A phi v hv B (↑w) hw
qv : X ⧸ functionalKernelInAmbient A phi := (functionalKernelInAmbient A phi).mkQ ↑v
hforced : ∀ (N : { N // N qv = w }), (↑eW.symm ∘ₗ ↑N) qv = wExt
p : (X ⧸ A →ₗ[ZMod 2] ↥B) × (X ⧸ A →ₗ[ZMod 2] ZMod 2)
⊢ (↑eW ∘ₗ ↑(eFixed.symm p)) ((functionalKernelInAmbient A phi).mkQ ↑v) = w
warning: lean/PvNP/RealizableHardness/ActualBinaryMatrixHC46A18SourceConditioning.lean:314:34: This simp argument is unused:
  LinearEquiv.apply_symm_apply

Hint: Omit it from the simp argument list.
  [apply] simp [LinearMap.comp_apply]

Note: This linter can be disabled with `set_option linter.unusedSimpArgs false`
Some required targets logged failures:
- PvNP.RealizableHardness.ActualBinaryMatrixHC46A18SourceConditioning
