C:\Users\Dan\Desktop\Projects\realizable-cmmsa-hardness\docs\native-receipts\ActualSelectedComplementAnalyticMoment\runtime-prebuild\local-native-123542\src\PvNP\RealizableHardness\ActualTypedCarrierAmbientBudget.lean:32:30: error(lean.unknownIdentifier): Unknown identifier `BinaryMatrix`

Note: It is not possible to treat `BinaryMatrix` as an implicitly bound variable here because the `autoImplicit` option is set to `false`.
C:\Users\Dan\Desktop\Projects\realizable-cmmsa-hardness\docs\native-receipts\ActualSelectedComplementAnalyticMoment\runtime-prebuild\local-native-123542\src\PvNP\RealizableHardness\ActualTypedCarrierAmbientBudget.lean:41:46: error: unsolved goals
n d : ℕ
A : Submodule F (V d)
B : Submodule F (W n)
T : V d →ₗ[F] W n
Q : CarrierRestriction A B
M : V d ⧸ A →ₗ[F] ↥B
v : V d
⊢ sorry () = ↑(M (Submodule.Quotient.mk v)) - ↑(Q.base (Submodule.Quotient.mk v))
C:\Users\Dan\Desktop\Projects\realizable-cmmsa-hardness\docs\native-receipts\ActualSelectedComplementAnalyticMoment\runtime-prebuild\local-native-123542\src\PvNP\RealizableHardness\ActualTypedCarrierAmbientBudget.lean:42:8: warning: declaration uses `sorry`
C:\Users\Dan\Desktop\Projects\realizable-cmmsa-hardness\docs\native-receipts\ActualSelectedComplementAnalyticMoment\runtime-prebuild\local-native-123542\src\PvNP\RealizableHardness\ActualTypedCarrierAmbientBudget.lean:42:8: warning: This simp argument is unused:
  liftCarrierMatrix

Hint: Omit it from the simp argument list.
  [apply] simp [liftCarrierRestriction, Matrix.sub_mulVec, LinearMap.toMatrix'_mulVec, map_sub, LinearMap.comp_apply]

Note: This linter can be disabled with `set_option linter.unusedSimpArgs false`
C:\Users\Dan\Desktop\Projects\realizable-cmmsa-hardness\docs\native-receipts\ActualSelectedComplementAnalyticMoment\runtime-prebuild\local-native-123542\src\PvNP\RealizableHardness\ActualTypedCarrierAmbientBudget.lean:42:27: warning: This simp argument is unused:
  liftCarrierRestriction

Hint: Omit it from the simp argument list.
  [apply] simp [liftCarrierMatrix, Matrix.sub_mulVec, LinearMap.toMatrix'_mulVec, map_sub, LinearMap.comp_apply]

Note: This linter can be disabled with `set_option linter.unusedSimpArgs false`
C:\Users\Dan\Desktop\Projects\realizable-cmmsa-hardness\docs\native-receipts\ActualSelectedComplementAnalyticMoment\runtime-prebuild\local-native-123542\src\PvNP\RealizableHardness\ActualTypedCarrierAmbientBudget.lean:42:51: warning: This simp argument is unused:
  Matrix.sub_mulVec

Hint: Omit it from the simp argument list.
  [apply] simp [liftCarrierMatrix, liftCarrierRestriction, LinearMap.toMatrix'_mulVec, map_sub, LinearMap.comp_apply]

Note: This linter can be disabled with `set_option linter.unusedSimpArgs false`
C:\Users\Dan\Desktop\Projects\realizable-cmmsa-hardness\docs\native-receipts\ActualSelectedComplementAnalyticMoment\runtime-prebuild\local-native-123542\src\PvNP\RealizableHardness\ActualTypedCarrierAmbientBudget.lean:43:4: warning: This simp argument is unused:
  LinearMap.toMatrix'_mulVec

Hint: Omit it from the simp argument list.
  [apply] simp [liftCarrierMatrix, liftCarrierRestriction, Matrix.sub_mulVec, map_sub, LinearMap.comp_apply]

Note: This linter can be disabled with `set_option linter.unusedSimpArgs false`
C:\Users\Dan\Desktop\Projects\realizable-cmmsa-hardness\docs\native-receipts\ActualSelectedComplementAnalyticMoment\runtime-prebuild\local-native-123542\src\PvNP\RealizableHardness\ActualTypedCarrierAmbientBudget.lean:43:41: warning: This simp argument is unused:
  LinearMap.comp_apply

Hint: Omit it from the simp argument list.
  [apply] simp [liftCarrierMatrix, liftCarrierRestriction, Matrix.sub_mulVec, LinearMap.toMatrix'_mulVec, map_sub]

Note: This linter can be disabled with `set_option linter.unusedSimpArgs false`
C:\Users\Dan\Desktop\Projects\realizable-cmmsa-hardness\docs\native-receipts\ActualSelectedComplementAnalyticMoment\runtime-prebuild\local-native-123542\src\PvNP\RealizableHardness\ActualTypedCarrierAmbientBudget.lean:55:6: error: Failed to rewrite using equation theorems for `ActualAffineRestriction.fibre`
C:\Users\Dan\Desktop\Projects\realizable-cmmsa-hardness\docs\native-receipts\ActualSelectedComplementAnalyticMoment\runtime-prebuild\local-native-123542\src\PvNP\RealizableHardness\ActualTypedCarrierAmbientBudget.lean:99:22: error: unsolved goals
n d : ℕ
A : Submodule F (V d)
B : Submodule F (W n)
T : V d →ₗ[F] W n
Q : CarrierRestriction A B
P : Submodule F (V d) := Submodule.comap A.mkQ Q.domainFixed
x : V d
hx : x ∈ A
⊢ Submodule.Quotient.mk x ∈ Q.domainFixed
C:\Users\Dan\Desktop\Projects\realizable-cmmsa-hardness\docs\native-receipts\ActualSelectedComplementAnalyticMoment\runtime-prebuild\local-native-123542\src\PvNP\RealizableHardness\ActualTypedCarrierAmbientBudget.lean:107:12: error: Insufficient number of fields for `⟨...⟩` constructor: Constructor `Eq.refl` does not have explicit fields, but 2 were provided
C:\Users\Dan\Desktop\Projects\realizable-cmmsa-hardness\docs\native-receipts\ActualSelectedComplementAnalyticMoment\runtime-prebuild\local-native-123542\src\PvNP\RealizableHardness\ActualTypedCarrierAmbientBudget.lean:119:4: error: omega could not prove the goal:
a possible counterexample may satisfy the constraints
  h ≥ 0
  g ≥ 0
  f ≥ 0
  f - g ≤ 0
  e ≥ 0
  c ≥ 0
  c + e ≥ 0
  b ≥ 0
  b - c - e ≤ 0
  b - e + h ≥ 1
  a ≥ 0
where
 a := ↑(Module.finrank F ((V d ⧸ A) ⧸ Q.domainFixed))
 b := ↑(Module.finrank F ↥A)
 c := ↑(Module.finrank F (V d ⧸ P))
 e := ↑(Module.finrank F ↥P)
 f := ↑(Module.finrank PvNP.RealizableHardness.BinaryMatrixTypedA15Transport.F✝ ↥Q.domainFixed)
 g := ↑(Module.finrank PvNP.RealizableHardness.BinaryMatrixTypedA15Transport.F✝
    (PvNP.RealizableHardness.BinaryMatrixTypedA15Transport.V✝ d ⧸ A))
 h := ↑(Module.finrank F ↥Q.domainFixed)
C:\Users\Dan\Desktop\Projects\realizable-cmmsa-hardness\docs\native-receipts\ActualSelectedComplementAnalyticMoment\runtime-prebuild\local-native-123542\src\PvNP\RealizableHardness\ActualTypedCarrierAmbientBudget.lean:122:4: warning: try 'simp' instead of 'simpa'

Note: This linter can be disabled with `set_option linter.unnecessarySimpa false`
C:\Users\Dan\Desktop\Projects\realizable-cmmsa-hardness\docs\native-receipts\ActualSelectedComplementAnalyticMoment\runtime-prebuild\local-native-123542\src\PvNP\RealizableHardness\ActualTypedCarrierAmbientBudget.lean:131:4: error: omega could not prove the goal:
a possible counterexample may satisfy the constraints
  o ≥ 0
  m ≥ 0
  l ≥ 0
  k ≥ 0
  k - l ≤ 0
  j ≥ 0
  i ≥ 0
  i + j ≥ 0
  h ≥ 0
  h - i - j ≤ 0
  h - i - j - m + o ≤ -1
  g ≥ 0
  f ≥ 0
  e ≥ 0
  c ≥ 0
  c - e ≤ 0
  b ≥ 0
  b - f ≥ 0
  a ≥ 0
  a - b ≥ 0
  a - b + f ≥ 0
where
 a := ↑(Module.finrank F (V d))
 b := ↑(Module.finrank F ↥P)
 c := ↑(Module.finrank PvNP.RealizableHardness.BinaryMatrixTypedA15Transport.F✝ ↥Q.domainFixed)
 e := ↑(Module.finrank PvNP.RealizableHardness.BinaryMatrixTypedA15Transport.F✝
    (PvNP.RealizableHardness.BinaryMatrixTypedA15Transport.V✝ d ⧸ A))
 f := ↑(Module.finrank F ↥Q.domainFixed)
 g := ↑(Module.finrank F ↥Q.codomainVariation)
 h := ↑(Module.finrank F ↥B)
 i := ↑(Module.finrank F (W n ⧸ Submodule.map B.subtype Q.codomainVariation))
 j := ↑(Module.finrank F ↥(Submodule.map B.subtype Q.codomainVariation))
 k := ↑(Module.finrank PvNP.RealizableHardness.BinaryMatrixTypedA15Transport.F✝ ↥Q.codomainVariation)
 l := ↑(Module.finrank PvNP.RealizableHardness.BinaryMatrixTypedA15Transport.F✝ ↥B)
 m := ↑(Module.finrank F (↥B ⧸ Q.codomainVariation))
 o := ↑(Module.finrank F (W n ⧸ C))
C:\Users\Dan\Desktop\Projects\realizable-cmmsa-hardness\docs\native-receipts\ActualSelectedComplementAnalyticMoment\runtime-prebuild\local-native-123542\src\PvNP\RealizableHardness\ActualTypedCarrierAmbientBudget.lean:134:6: error: Tactic `rewrite` failed: Did not find an occurrence of the pattern
  Module.finrank F ↥P
in the target expression
  Module.finrank (ZMod 2) ↥(Submodule.comap A.mkQ Q.domainFixed) +
      Module.finrank (ZMod 2) ((Fin n → ZMod 2) ⧸ Submodule.map B.subtype Q.codomainVariation) =
    Module.finrank F ↥A + Module.finrank F (W n ⧸ B) +
      (Module.finrank PvNP.RealizableHardness.BinaryMatrixTypedA15Transport.F✝ ↥Q.domainFixed +
        Module.finrank PvNP.RealizableHardness.BinaryMatrixTypedA15Transport.F✝ (↥B ⧸ Q.codomainVariation))

n d : ℕ
A : Submodule F (V d)
B : Submodule F (W n)
T : V d →ₗ[F] W n
Q : CarrierRestriction A B
P : Submodule F (V d) := Submodule.comap A.mkQ Q.domainFixed
hAP : A ≤ P
hmap : Submodule.map A.mkQ P = Q.domainFixed
hNested : Module.finrank F (V d ⧸ P) = Module.finrank F ((V d ⧸ A) ⧸ Q.domainFixed)
hAq : Module.finrank F (V d ⧸ A) + Module.finrank F ↥A = Module.finrank F (V d)
hPq : Module.finrank F (V d ⧸ P) + Module.finrank F ↥P = Module.finrank F (V d)
hDq :
  Module.finrank PvNP.RealizableHardness.BinaryMatrixTypedA15Transport.F✝
        ((PvNP.RealizableHardness.BinaryMatrixTypedA15Transport.V✝ d ⧸ A) ⧸ Q.domainFixed) +
      Module.finrank PvNP.RealizableHardness.BinaryMatrixTypedA15Transport.F✝ ↥Q.domainFixed =
    Module.finrank PvNP.RealizableHardness.BinaryMatrixTypedA15Transport.F✝
      (PvNP.RealizableHardness.BinaryMatrixTypedA15Transport.V✝ d ⧸ A)
hPdim : Module.finrank F ↥P = Module.finrank F ↥A + Module.finrank F ↥Q.domainFixed
C : Submodule F (W n) := Submodule.map B.subtype Q.codomainVariation
hCdim : Module.finrank F ↥C = Module.finrank F ↥Q.codomainVariation
hBq : Module.finrank F (W n ⧸ B) + Module.finrank F ↥B = Module.finrank F (W n)
hCq : Module.finrank F (W n ⧸ C) + Module.finrank F ↥C = Module.finrank F (W n)
hVq :
  Module.finrank PvNP.RealizableHardness.BinaryMatrixTypedA15Transport.F✝ (↥B ⧸ Q.codomainVariation) +
      Module.finrank PvNP.RealizableHardness.BinaryMatrixTypedA15Transport.F✝ ↥Q.codomainVariation =
    Module.finrank PvNP.RealizableHardness.BinaryMatrixTypedA15Transport.F✝ ↥B
hCodim : Module.finrank F (W n ⧸ C) = Module.finrank F (W n ⧸ B) + Module.finrank F (↥B ⧸ Q.codomainVariation)
⊢ Module.finrank (ZMod 2) ↥(Submodule.comap A.mkQ Q.domainFixed) +
      Module.finrank (ZMod 2) ((Fin n → ZMod 2) ⧸ Submodule.map B.subtype Q.codomainVariation) =
    Module.finrank F ↥A + Module.finrank F (W n ⧸ B) +
      (Module.finrank PvNP.RealizableHardness.BinaryMatrixTypedA15Transport.F✝ ↥Q.domainFixed +
        Module.finrank PvNP.RealizableHardness.BinaryMatrixTypedA15Transport.F✝ (↥B ⧸ Q.codomainVariation))

Note: The target expression is not type-correct under the `implicit` transparency level, which may have triggered the failure. This is usually caused by unfolding of semireducible definitions in prior tactic steps. Use `set_option linter.tacticCheckInstances true` to investigate the source of the issue.
Full error:
  Application type mismatch: The argument
    (liftCarrierRestriction A B T Q).domainFixed.addCommMonoid
  has type
    AddCommMonoid ↥(liftCarrierRestriction A B T Q).domainFixed
  but is expected to have type
    AddCommMonoid ↥(Submodule.comap A.mkQ Q.domainFixed)
  in the application
    @Module.finrank (ZMod 2) (↥(Submodule.comap A.mkQ Q.domainFixed)) Field.toSemifield.toDivisionSemiring.toSemiring
      (liftCarrierRestriction A B T Q).domainFixed.addCommMonoid
C:\Users\Dan\Desktop\Projects\realizable-cmmsa-hardness\docs\native-receipts\ActualSelectedComplementAnalyticMoment\runtime-prebuild\local-native-123542\src\PvNP\RealizableHardness\ActualTypedCarrierAmbientBudget.lean:133:30: warning: This simp argument is unused:
  P

Hint: Omit it from the simp argument list.
  [apply] simp only [liftCarrierRestriction, ActualAffineRestriction.order, CarrierRestriction.order, C]

Note: This linter can be disabled with `set_option linter.unusedSimpArgs false`
C:\Users\Dan\Desktop\Projects\realizable-cmmsa-hardness\docs\native-receipts\ActualSelectedComplementAnalyticMoment\runtime-prebuild\local-native-123542\src\PvNP\RealizableHardness\ActualTypedCarrierAmbientBudget.lean:133:33: warning: This simp argument is unused:
  C

Hint: Omit it from the simp argument list.
  [apply] simp only [liftCarrierRestriction, ActualAffineRestriction.order, CarrierRestriction.order, P]

Note: This linter can be disabled with `set_option linter.unusedSimpArgs false`
