C:\Users\Dan\Desktop\Projects\realizable-cmmsa-hardness\docs\native-receipts\ActualSelectedComplementAnalyticMoment\runtime-prebuild\local-native-own330\src\PvNP\RealizableHardness\ActualBinaryMatrixHC46A7EnergyConsumer.lean:94:14: warning: This simp argument is unused:
  p

Hint: Omit it from the simp argument list.
  [apply] simp [hp, w6ActualCarrierFrequency, eq_comm]

Note: This linter can be disabled with `set_option linter.unusedSimpArgs false`
C:\Users\Dan\Desktop\Projects\realizable-cmmsa-hardness\docs\native-receipts\ActualSelectedComplementAnalyticMoment\runtime-prebuild\local-native-own330\src\PvNP\RealizableHardness\ActualBinaryMatrixHC46A7EnergyConsumer.lean:95:14: warning: This simp argument is unused:
  p

Hint: Omit it from the simp argument list.
  [apply] simp [hp]

Note: This linter can be disabled with `set_option linter.unusedSimpArgs false`
C:\Users\Dan\Desktop\Projects\realizable-cmmsa-hardness\docs\native-receipts\ActualSelectedComplementAnalyticMoment\runtime-prebuild\local-native-own330\src\PvNP\RealizableHardness\ActualBinaryMatrixHC46A7EnergyConsumer.lean:103:19: warning: This simp argument is unused:
  w6ActualPredecessorFrequencyFiber

Hint: Omit it from the simp argument list.
  [apply] simp [p]

Note: This linter can be disabled with `set_option linter.unusedSimpArgs false`
C:\Users\Dan\Desktop\Projects\realizable-cmmsa-hardness\docs\native-receipts\ActualSelectedComplementAnalyticMoment\runtime-prebuild\local-native-own330\src\PvNP\RealizableHardness\ActualBinaryMatrixHC46A7EnergyConsumer.lean:135:8: warning: Unused tactic linter: `change
  (∑ Y ∈ (Finset.univ : Finset filteredSubtype),
      complexFourierCoeff f Y.1 * (traceCharacter Y.1.transpose.toLin' T : Complex)) =
    _` does nothing

Note: This linter can be disabled with `set_option linter.unusedTactic false`
C:\Users\Dan\Desktop\Projects\realizable-cmmsa-hardness\docs\native-receipts\ActualSelectedComplementAnalyticMoment\runtime-prebuild\local-native-own330\src\PvNP\RealizableHardness\ActualBinaryMatrixHC46A7EnergyConsumer.lean:306:12: warning: This simp argument is unused:
  p

Hint: Omit it from the simp argument list.
  [apply] simp [hp]

Note: This linter can be disabled with `set_option linter.unusedSimpArgs false`
C:\Users\Dan\Desktop\Projects\realizable-cmmsa-hardness\docs\native-receipts\ActualSelectedComplementAnalyticMoment\runtime-prebuild\local-native-own330\src\PvNP\RealizableHardness\ActualBinaryMatrixHC46A7EnergyConsumer.lean:307:12: warning: This simp argument is unused:
  p

Hint: Omit it from the simp argument list.
  [apply] simp [hp, Complex.normSq_nonneg]

Note: This linter can be disabled with `set_option linter.unusedSimpArgs false`
C:\Users\Dan\Desktop\Projects\realizable-cmmsa-hardness\docs\native-receipts\ActualSelectedComplementAnalyticMoment\runtime-prebuild\local-native-own330\src\PvNP\RealizableHardness\ActualBinaryMatrixHC46A7EnergyConsumer.lean:287:4: warning: Unused tactic linter: `change
  (∑ Y ∈ (Finset.univ : Finset Pred), Complex.normSq (complexFourierCoeff f Y.1)) = _` does nothing

Note: This linter can be disabled with `set_option linter.unusedTactic false`
C:\Users\Dan\Desktop\Projects\realizable-cmmsa-hardness\docs\native-receipts\ActualSelectedComplementAnalyticMoment\runtime-prebuild\local-native-own330\src\PvNP\RealizableHardness\ActualBinaryMatrixHC46A7EnergyConsumer.lean:577:8: error: Type mismatch
  Eq.symm X.property.right
has type
  ↑k = Matrix.rank ↑X
but is expected to have type
  ↑((fun X => ⟨⟨Matrix.rank ↑X, ⋯⟩, ⟨↑X, ⋯⟩⟩) ((fun z => ⟨↑z.snd, ⋯⟩) ⟨k, X⟩)).fst = ↑⟨k, X⟩.fst
C:\Users\Dan\Desktop\Projects\realizable-cmmsa-hardness\docs\native-receipts\ActualSelectedComplementAnalyticMoment\runtime-prebuild\local-native-own330\src\PvNP\RealizableHardness\ActualBinaryMatrixHC46A7EnergyConsumer.lean:578:8: error: Tactic `apply` failed: could not unify the conclusion of `@Subtype.ext`
  ?a1 = ?a2
with the goal
  ((fun X => ⟨⟨Matrix.rank ↑X, ⋯⟩, ⟨↑X, ⋯⟩⟩) ((fun z => ⟨↑z.snd, ⋯⟩) ⟨k, X⟩)).snd ≍ ⟨k, X⟩.snd

Note: The full type of `@Subtype.ext` is
  ∀ {α : Sort ?u.79} {p : α → Prop} {a1 a2 : { x // p x }}, ↑a1 = ↑a2 → a1 = a2

case snd
n d D : ℕ
Y : BinaryMatrix n d
hYD : Matrix.rank Y ≤ D
P : Type := ⋯
K : Type := ⋯
S : Type := ⋯
k : K
X : W6RankKPredecessor Y ↑k
⊢ ((fun X => ⟨⟨Matrix.rank ↑X, ⋯⟩, ⟨↑X, ⋯⟩⟩) ((fun z => ⟨↑z.snd, ⋯⟩) ⟨k, X⟩)).snd ≍ ⟨k, X⟩.snd
C:\Users\Dan\Desktop\Projects\realizable-cmmsa-hardness\docs\native-receipts\ActualSelectedComplementAnalyticMoment\runtime-prebuild\local-native-own330\src\PvNP\RealizableHardness\ActualBinaryMatrixHC46A7EnergyConsumer.lean:616:12: error(lean.synthInstanceFailed): failed to synthesize instance of type class
  Fintype R

Hint: Type class instance resolution failures can be inspected with the `set_option trace.Meta.synthInstance true` command.
C:\Users\Dan\Desktop\Projects\realizable-cmmsa-hardness\docs\native-receipts\ActualSelectedComplementAnalyticMoment\runtime-prebuild\local-native-own330\src\PvNP\RealizableHardness\ActualBinaryMatrixHC46A7EnergyConsumer.lean:618:14: error(lean.synthInstanceFailed): failed to synthesize instance of type class
  Fintype R

Hint: Type class instance resolution failures can be inspected with the `set_option trace.Meta.synthInstance true` command.
C:\Users\Dan\Desktop\Projects\realizable-cmmsa-hardness\docs\native-receipts\ActualSelectedComplementAnalyticMoment\runtime-prebuild\local-native-own330\src\PvNP\RealizableHardness\ActualBinaryMatrixHC46A7EnergyConsumer.lean:619:14: error: No goals to be solved
C:\Users\Dan\Desktop\Projects\realizable-cmmsa-hardness\docs\native-receipts\ActualSelectedComplementAnalyticMoment\runtime-prebuild\local-native-own330\src\PvNP\RealizableHardness\ActualBinaryMatrixHC46A7EnergyConsumer.lean:626:13: error: unsolved goals
n d D : ℕ
Y : BinaryMatrix n d
hYD : Matrix.rank Y ≤ D
P : Type := { X // w6Precedes X Y }
K : Type := { k // k ≤ Matrix.rank Y }
S : Type := (k : K) × W6RankKPredecessor Y ↑k
e : P ≃ S :=
  { toFun := fun X => ⟨⟨Matrix.rank ↑X, ⋯⟩, ⟨↑X, ⋯⟩⟩, invFun := fun z => ⟨↑z.snd, ⋯⟩, left_inv := ⋯, right_inv := ⋯ }
hsum :
  ∑ X, w6EnergyRankWeight D (Matrix.rank ↑X) = ∑ k, ↑(Fintype.card (W6RankKPredecessor Y ↑k)) * w6EnergyRankWeight D ↑k
R : Type := ↥(Finset.range (Matrix.rank Y + 1))
eK : K ≃ R := { toFun := fun k => ⟨↑k, ⋯⟩, invFun := fun k => ⟨↑k, ⋯⟩, left_inv := ⋯, right_inv := ⋯ }
k : ℕ
⊢ k ≤ Matrix.rank Y ↔ ?m.534 k
C:\Users\Dan\Desktop\Projects\realizable-cmmsa-hardness\docs\native-receipts\ActualSelectedComplementAnalyticMoment\runtime-prebuild\local-native-own330\src\PvNP\RealizableHardness\ActualBinaryMatrixHC46A7EnergyConsumer.lean:626:31: warning: This simp argument is unused:
  Nat.lt_succ_iff

Hint: Omit it from the simp argument list.
  [apply] simp

Note: This linter can be disabled with `set_option linter.unusedSimpArgs false`
C:\Users\Dan\Desktop\Projects\realizable-cmmsa-hardness\docs\native-receipts\ActualSelectedComplementAnalyticMoment\runtime-prebuild\local-native-own330\src\PvNP\RealizableHardness\ActualBinaryMatrixHC46A7EnergyConsumer.lean:739:4: error: `dsimp` made no progress
C:\Users\Dan\Desktop\Projects\realizable-cmmsa-hardness\docs\native-receipts\ActualSelectedComplementAnalyticMoment\runtime-prebuild\local-native-own330\src\PvNP\RealizableHardness\ActualBinaryMatrixHC46A7EnergyConsumer.lean:849:8: error: Tactic `rewrite` failed: motive is not type correct:
  fun _a => (carrierMean _a.range _a.ker fun M => Complex.normSq (actualW6Derivative 0 T f M)) = Complex.normSq (f 0)
Error: Application type mismatch: The argument
  M
has type
  PvNP.RealizableHardness.BinaryMatrixA1TypedFourier.V✝ d ⧸
      _a.range →ₗ[PvNP.RealizableHardness.BinaryMatrixA1TypedFourier.F✝]
    ↥_a.ker
but is expected to have type
  PvNP.RealizableHardness.ActualBinaryMatrixHC46A7WeightedPredecessor.V✝ d ⧸
      (Matrix.toLin'
          (Matrix.transpose 0)).range →ₗ[PvNP.RealizableHardness.ActualBinaryMatrixHC46A7WeightedPredecessor.F✝]
    ↥(Matrix.toLin' (Matrix.transpose 0)).ker
in the application
  actualW6Derivative 0 T f M

Explanation: The rewrite tactic rewrites an expression 'e' using an equality 'a = b' by the following process. First, it looks for all 'a' in 'e'. Second, it tries to abstract these occurrences of 'a' to create a function 'm := fun _a => ...', called the *motive*, with the property that 'm a' is definitionally equal to 'e'. Third, we observe that 'congrArg' implies that 'm a = m b', which can be used with lemmas such as 'Eq.mpr' to change the goal. However, if 'e' depends on specific properties of 'a', then the motive 'm' might not typecheck.

Possible solutions: use rewrite's 'occs' configuration option to limit which occurrences are rewritten, or use 'simp' or 'conv' mode, which have strategies for certain kinds of dependencies (these tactics can handle proofs and 'Decidable' instances whose types depend on the rewritten term, and 'simp' can apply user-defined '@[congr]' theorems as well).

n d : ℕ
T : V d →ₗ[F] W n
f : BinaryMatrix n d → ℂ
hsupport : ComplexFourierSupportedThrough 0 f
hconstant : ∀ (M : BinaryMatrix n d), f M = f 0
hfilter : w6PredecessorFilter 0 f = fun x => f 0
hzeroMap : Matrix.toLin' (Matrix.transpose 0) = 0
⊢ (carrierMean (Matrix.toLin' (Matrix.transpose 0)).range (Matrix.toLin' (Matrix.transpose 0)).ker fun M =>
      Complex.normSq (actualW6Derivative 0 T f M)) =
    Complex.normSq (f 0)
C:\Users\Dan\Desktop\Projects\realizable-cmmsa-hardness\docs\native-receipts\ActualSelectedComplementAnalyticMoment\runtime-prebuild\local-native-own330\src\PvNP\RealizableHardness\ActualBinaryMatrixHC46A7EnergyConsumer.lean:857:6: error: Tactic `rewrite` failed: motive is not type correct:
  fun _a => (carrierMean _a.range _a.ker fun M => Complex.normSq (actualW6Derivative 0 T f M)) = Complex.normSq (f 0)
Error: Application type mismatch: The argument
  M
has type
  PvNP.RealizableHardness.BinaryMatrixA1TypedFourier.V✝ d ⧸
      _a.range →ₗ[PvNP.RealizableHardness.BinaryMatrixA1TypedFourier.F✝]
    ↥_a.ker
but is expected to have type
  PvNP.RealizableHardness.ActualBinaryMatrixHC46A7WeightedPredecessor.V✝ d ⧸
      (Matrix.toLin'
          (Matrix.transpose 0)).range →ₗ[PvNP.RealizableHardness.ActualBinaryMatrixHC46A7WeightedPredecessor.F✝]
    ↥(Matrix.toLin' (Matrix.transpose 0)).ker
in the application
  actualW6Derivative 0 T f M

Explanation: The rewrite tactic rewrites an expression 'e' using an equality 'a = b' by the following process. First, it looks for all 'a' in 'e'. Second, it tries to abstract these occurrences of 'a' to create a function 'm := fun _a => ...', called the *motive*, with the property that 'm a' is definitionally equal to 'e'. Third, we observe that 'congrArg' implies that 'm a = m b', which can be used with lemmas such as 'Eq.mpr' to change the goal. However, if 'e' depends on specific properties of 'a', then the motive 'm' might not typecheck.

Possible solutions: use rewrite's 'occs' configuration option to limit which occurrences are rewritten, or use 'simp' or 'conv' mode, which have strategies for certain kinds of dependencies (these tactics can handle proofs and 'Decidable' instances whose types depend on the rewritten term, and 'simp' can apply user-defined '@[congr]' theorems as well).

n d : ℕ
T : V d →ₗ[F] W n
f : BinaryMatrix n d → ℂ
hsupport : ComplexFourierSupportedThrough 0 f
hconstant : ∀ (M : BinaryMatrix n d), f M = f 0
hfilter : w6PredecessorFilter 0 f = fun x => f 0
hzeroMap : Matrix.toLin' (Matrix.transpose 0) = 0
hzeroEnergy hzeroEnergy' :
  (carrierMean (Matrix.toLin' (Matrix.transpose 0)).range (Matrix.toLin' (Matrix.transpose 0)).ker fun M =>
      Complex.normSq (actualW6Derivative 0 T f M)) =
    Complex.normSq (f 0)
⊢ ∑ X,
      (carrierMean (Matrix.toLin' (Matrix.transpose X)).range (Matrix.toLin' (Matrix.transpose X)).ker fun M =>
            Complex.normSq (actualW6Derivative X T f M)) ^
          2 /
        2 ^ (6 * 0 * Matrix.rank X) =
    (uniformMean fun M => Complex.normSq (f M)) ^ 2
