WORKTREE_HEAD=167eb7904cddf00c000e63bc4bf2bc643ee4df40
WORKTREE_BRANCH=DETACHED
WORKTREE_STATUS_BEGIN
?? lean/PvNP/RealizableHardness/ActualStarAcceptedRankGoodFiber.lean
?? lean/PvNP/RealizableHardness/ActualStarAcceptedRankGoodFiberChecks.lean
?? lean/PvNP/RealizableHardness/ActualStarAffineFunctionalSelection.lean
?? lean/PvNP/RealizableHardness/ActualStarAffineFunctionalSelectionChecks.lean
?? lean/PvNP/RealizableHardness/ActualStarAffineFunctionalSelectionForce.lean
?? lean/PvNP/RealizableHardness/ActualStarAffineFunctionalSelectionForceChecks.lean
?? lean/PvNP/RealizableHardness/ActualStarAffineFunctionalSelectionForceSelection.lean
?? lean/PvNP/RealizableHardness/ActualStarAffineFunctionalSelectionForceSelectionChecks.lean
?? lean/PvNP/RealizableHardness/ActualStarDomainDrawTwoIndexEventBridge.lean
WORKTREE_STATUS_END
OVERLAY_COUNT=9
OVERLAYS_BEGIN
lean/PvNP/RealizableHardness/ActualStarAffineFunctionalSelection.lean
lean/PvNP/RealizableHardness/ActualStarAffineFunctionalSelectionChecks.lean
lean/PvNP/RealizableHardness/ActualStarAffineFunctionalSelectionForce.lean
lean/PvNP/RealizableHardness/ActualStarAffineFunctionalSelectionForceChecks.lean
lean/PvNP/RealizableHardness/ActualStarAffineFunctionalSelectionForceSelection.lean
lean/PvNP/RealizableHardness/ActualStarAffineFunctionalSelectionForceSelectionChecks.lean
lean/PvNP/RealizableHardness/ActualStarDomainDrawTwoIndexEventBridge.lean
lean/PvNP/RealizableHardness/ActualStarAcceptedRankGoodFiber.lean
lean/PvNP/RealizableHardness/ActualStarAcceptedRankGoodFiberChecks.lean
OVERLAYS_END
SOURCE_HASHES_BEGIN
bd16438ee3121b4081f2a949ca9be42be8558592e936a74f868dce3bec372593  /home/dfredriksen_quantyra_org/gcp_actual_star_accepted_rank_good_fiber_b50av_20260926T033346Z_worktree/lean/PvNP/RealizableHardness/ActualStarAffineFunctionalSelection.lean
4182800f7aa6e0f9378b78df28d5b4c93e75dc9aec6da7b8a07b3b5b9b15f1fa  /home/dfredriksen_quantyra_org/gcp_actual_star_accepted_rank_good_fiber_b50av_20260926T033346Z_worktree/lean/PvNP/RealizableHardness/ActualStarAffineFunctionalSelectionChecks.lean
02bd17de7ea3619ce0940fdbce2ea127afe7dffea063e62cedf7845735255a82  /home/dfredriksen_quantyra_org/gcp_actual_star_accepted_rank_good_fiber_b50av_20260926T033346Z_worktree/lean/PvNP/RealizableHardness/ActualStarAffineFunctionalSelectionForce.lean
a0b909b7fe387989d5bf9d8734ca1f235005775018169d81c0f0a7055ffde5d2  /home/dfredriksen_quantyra_org/gcp_actual_star_accepted_rank_good_fiber_b50av_20260926T033346Z_worktree/lean/PvNP/RealizableHardness/ActualStarAffineFunctionalSelectionForceChecks.lean
a1d2afc1b7683231d443e0725b651f65f8beb12e9e57c36d5da123e06983f092  /home/dfredriksen_quantyra_org/gcp_actual_star_accepted_rank_good_fiber_b50av_20260926T033346Z_worktree/lean/PvNP/RealizableHardness/ActualStarAffineFunctionalSelectionForceSelection.lean
087830f147574b4efce440b40112ce3e04520c2c781ef7ea283c3976a04675c5  /home/dfredriksen_quantyra_org/gcp_actual_star_accepted_rank_good_fiber_b50av_20260926T033346Z_worktree/lean/PvNP/RealizableHardness/ActualStarAffineFunctionalSelectionForceSelectionChecks.lean
33f8c9a18fb0676ad436bfd311b3bcef0cbb98c80a7e288f9a408808bd51b8c0  /home/dfredriksen_quantyra_org/gcp_actual_star_accepted_rank_good_fiber_b50av_20260926T033346Z_worktree/lean/PvNP/RealizableHardness/ActualStarDomainDrawTwoIndexEventBridge.lean
0eb0b22d1112a05ea1d5bbc7e4673ad2dc7e8b95a23c47d5e90b5ccf8f9ec59d  /home/dfredriksen_quantyra_org/gcp_actual_star_accepted_rank_good_fiber_b50av_20260926T033346Z_worktree/lean/PvNP/RealizableHardness/ActualStarAcceptedRankGoodFiber.lean
e8fe4b2f6ad7386c5fe04a57be2151016811afa1157ed93c16b0f5c6d847c991  /home/dfredriksen_quantyra_org/gcp_actual_star_accepted_rank_good_fiber_b50av_20260926T033346Z_worktree/lean/PvNP/RealizableHardness/ActualStarAcceptedRankGoodFiberChecks.lean
8190e75a201741065fe508b28955dd64dd72d090babe5f70ce6848879d68ae88  /home/dfredriksen_quantyra_org/gcp_actual_star_accepted_rank_good_fiber_b50av_20260926T033346Z_worktree/lean-toolchain
03c6564b4a501867a608a3439198e41b88eedf17e3c79c6bfd01790f6ae34cbe  /home/dfredriksen_quantyra_org/gcp_actual_star_accepted_rank_good_fiber_b50av_20260926T033346Z_worktree/lakefile.toml
825d2e1a20005a259fdf5b181528b391dd6ba18a52c86127caf4c3be990e04f0  /home/dfredriksen_quantyra_org/gcp_actual_star_accepted_rank_good_fiber_b50av_20260926T033346Z_worktree/lake-manifest.json
SOURCE_HASHES_END
CACHE_LINKS_BEGIN
lrwxrwxrwx 1 dfredriksen_quantyra_org dfredriksen_quantyra_org 65 Sep 26 03:35 /home/dfredriksen_quantyra_org/gcp_actual_star_accepted_rank_good_fiber_b50av_20260926T033346Z_worktree/.lake/build -> /home/dfredriksen_quantyra_org/mz24-fixed-rho-de048da/.lake/build
lrwxrwxrwx 1 dfredriksen_quantyra_org dfredriksen_quantyra_org 68 Sep 26 03:35 /home/dfredriksen_quantyra_org/gcp_actual_star_accepted_rank_good_fiber_b50av_20260926T033346Z_worktree/.lake/packages -> /home/dfredriksen_quantyra_org/mz24-fixed-rho-de048da/.lake/packages
/home/dfredriksen_quantyra_org/mz24-fixed-rho-de048da/.lake/packages
/home/dfredriksen_quantyra_org/mz24-fixed-rho-de048da/.lake/build
CACHE_LINKS_END
