⚠ [2203/2320] Replayed PvNP.RealizableHardness.BinaryMatrixFourier
warning: lean/PvNP/RealizableHardness/BinaryMatrixFourier.lean:126:8: `if_pos` has been deprecated: Use `ite_eq_left` instead
warning: lean/PvNP/RealizableHardness/BinaryMatrixFourier.lean:132:8: `if_neg` has been deprecated: Use `ite_eq_right` instead
⚠ [2205/2320] Replayed PvNP.RealizableHardness.BinaryMatrixHybridSelector
warning: lean/PvNP/RealizableHardness/BinaryMatrixHybridSelector.lean:71:8: `if_pos` has been deprecated: Use `ite_eq_left` instead
warning: lean/PvNP/RealizableHardness/BinaryMatrixHybridSelector.lean:90:8: `if_neg` has been deprecated: Use `ite_eq_right` instead
⚠ [2207/2320] Replayed PvNP.RealizableHardness.BinaryMatrixLineTranslation
warning: lean/PvNP/RealizableHardness/BinaryMatrixLineTranslation.lean:243:4: try 'simp' instead of 'simpa'

Note: This linter can be disabled with `set_option linter.unnecessarySimpa false`
warning: lean/PvNP/RealizableHardness/BinaryMatrixLineTranslation.lean:315:8: `if_neg` has been deprecated: Use `ite_eq_right` instead
warning: lean/PvNP/RealizableHardness/BinaryMatrixLineTranslation.lean:407:15: `if_neg` has been deprecated: Use `ite_eq_right` instead
warning: lean/PvNP/RealizableHardness/BinaryMatrixLineTranslation.lean:433:41: This simp argument is unused:
  s

Hint: Omit it from the simp argument list.
  [apply] simp [hs, hr]

Note: This linter can be disabled with `set_option linter.unusedSimpArgs false`
warning: lean/PvNP/RealizableHardness/BinaryMatrixLineTranslation.lean:555:15: `if_neg` has been deprecated: Use `ite_eq_right` instead
warning: lean/PvNP/RealizableHardness/BinaryMatrixLineTranslation.lean:592:57: This simp argument is unused:
  mul_assoc

Hint: Omit it from the simp argument list.
  [apply] simp [hr, hs]

Note: This linter can be disabled with `set_option linter.unusedSimpArgs false`
⚠ [2208/2320] Replayed PvNP.RealizableHardness.BinaryMatrixLineA14
warning: lean/PvNP/RealizableHardness/BinaryMatrixLineA14.lean:88:8: `if_pos` has been deprecated: Use `ite_eq_left` instead
warning: lean/PvNP/RealizableHardness/BinaryMatrixLineA14.lean:97:8: `if_neg` has been deprecated: Use `ite_eq_right` instead
⚠ [2283/2320] Replayed PvNP.RealizableHardness.BinaryMatrixA1TypedFourier
warning: lean/PvNP/RealizableHardness/BinaryMatrixA1TypedFourier.lean:198:8: `if_pos` has been deprecated: Use `ite_eq_left` instead
warning: lean/PvNP/RealizableHardness/BinaryMatrixA1TypedFourier.lean:204:8: `if_neg` has been deprecated: Use `ite_eq_right` instead
warning: lean/PvNP/RealizableHardness/BinaryMatrixA1TypedFourier.lean:236:8: `if_pos` has been deprecated: Use `ite_eq_left` instead
warning: lean/PvNP/RealizableHardness/BinaryMatrixA1TypedFourier.lean:242:8: `if_neg` has been deprecated: Use `ite_eq_right` instead
⚠ [2285/2320] Replayed PvNP.RealizableHardness.BinaryMatrixA1CoefficientTransfer
warning: lean/PvNP/RealizableHardness/BinaryMatrixA1CoefficientTransfer.lean:111:15: `if_pos` has been deprecated: Use `ite_eq_left` instead
⚠ [2286/2320] Replayed PvNP.RealizableHardness.BinaryMatrixA1Composition
warning: lean/PvNP/RealizableHardness/BinaryMatrixA1Composition.lean:40:15: `if_pos` has been deprecated: Use `ite_eq_left` instead
warning: lean/PvNP/RealizableHardness/BinaryMatrixA1Composition.lean:102:5: Variable name `hA` is not explicitly referenced.

Hint: The binding can be removed (if unused) or named `_` (if used implicitly). Alternatively, prefix the name with `_` to silence this warning:
  [apply] _hA

Note: This linter can be disabled with `set_option linter.unusedVariables false`
warning: lean/PvNP/RealizableHardness/BinaryMatrixA1Composition.lean:102:20: Variable name `hB` is not explicitly referenced.

Hint: The binding can be removed (if unused) or named `_` (if used implicitly). Alternatively, prefix the name with `_` to silence this warning:
  [apply] _hB

Note: This linter can be disabled with `set_option linter.unusedVariables false`
warning: lean/PvNP/RealizableHardness/BinaryMatrixA1Composition.lean:172:43: `if_pos` has been deprecated: Use `ite_eq_left` instead
⚠ [2289/2320] Replayed PvNP.RealizableHardness.BinaryMatrixComplexA15
warning: lean/PvNP/RealizableHardness/BinaryMatrixComplexA15.lean:35:4: Unused tactic linter: `change fibreEnergy R.fibre f ≤ ε` does nothing

Note: This linter can be disabled with `set_option linter.unusedTactic false`
warning: lean/PvNP/RealizableHardness/BinaryMatrixComplexA15.lean:46:2: Unused tactic linter: `change fibreEnergy Q.fibre f ≤ ε` does nothing

Note: This linter can be disabled with `set_option linter.unusedTactic false`
warning: lean/PvNP/RealizableHardness/BinaryMatrixComplexA15.lean:184:24: This simp argument is unused:
  zero_add

Hint: Omit it from the simp argument list.
  [apply] simp only [Complex.normSq_apply, Complex.sub_re, Complex.sub_im, Complex.mul_re, Complex.mul_im,
    Complex.ofReal_re, Complex.ofReal_im, zero_mul, sub_zero, mul_zero]

Note: This linter can be disabled with `set_option linter.unusedSimpArgs false`
warning: lean/PvNP/RealizableHardness/BinaryMatrixComplexA15.lean:184:34: This simp argument is unused:
  mul_zero

Hint: Omit it from the simp argument list.
  [apply] simp only [Complex.normSq_apply, Complex.sub_re, Complex.sub_im, Complex.mul_re, Complex.mul_im,
    Complex.ofReal_re, Complex.ofReal_im, zero_mul, sub_zero, zero_add]

Note: This linter can be disabled with `set_option linter.unusedSimpArgs false`
⚠ [2301/2320] Replayed PvNP.RealizableHardness.BinaryMatrixTypedA15HyperplaneGlobal
warning: lean/PvNP/RealizableHardness/BinaryMatrixTypedA15HyperplaneGlobal.lean:48:25: Variable name `hH` is not explicitly referenced.

Hint: The binding can be removed (if unused) or named `_` (if used implicitly). Alternatively, prefix the name with `_` to silence this warning:
  [apply] _hH

Note: This linter can be disabled with `set_option linter.unusedVariables false`
⚠ [2303/2320] Replayed PvNP.RealizableHardness.BinaryMatrixTypedA15HyperplaneReducedGlobal
warning: lean/PvNP/RealizableHardness/BinaryMatrixTypedA15HyperplaneReducedGlobal.lean:54:25: Variable name `hH` is not explicitly referenced.

Hint: The binding can be removed (if unused) or named `_` (if used implicitly). Alternatively, prefix the name with `_` to silence this warning:
  [apply] _hH

Note: This linter can be disabled with `set_option linter.unusedVariables false`
warning: lean/PvNP/RealizableHardness/BinaryMatrixTypedA15HyperplaneReducedGlobal.lean:64:25: Variable name `hH` is not explicitly referenced.

Hint: The binding can be removed (if unused) or named `_` (if used implicitly). Alternatively, prefix the name with `_` to silence this warning:
  [apply] _hH

Note: This linter can be disabled with `set_option linter.unusedVariables false`
warning: lean/PvNP/RealizableHardness/BinaryMatrixTypedA15HyperplaneReducedGlobal.lean:84:25: Variable name `hH` is not explicitly referenced.

Hint: The binding can be removed (if unused) or named `_` (if used implicitly). Alternatively, prefix the name with `_` to silence this warning:
  [apply] _hH

Note: This linter can be disabled with `set_option linter.unusedVariables false`
warning: lean/PvNP/RealizableHardness/BinaryMatrixTypedA15HyperplaneReducedGlobal.lean:98:25: Variable name `hH` is not explicitly referenced.

Hint: The binding can be removed (if unused) or named `_` (if used implicitly). Alternatively, prefix the name with `_` to silence this warning:
  [apply] _hH

Note: This linter can be disabled with `set_option linter.unusedVariables false`
warning: lean/PvNP/RealizableHardness/BinaryMatrixTypedA15HyperplaneReducedGlobal.lean:236:25: Variable name `hH` is not explicitly referenced.

Hint: The binding can be removed (if unused) or named `_` (if used implicitly). Alternatively, prefix the name with `_` to silence this warning:
  [apply] _hH

Note: This linter can be disabled with `set_option linter.unusedVariables false`
⚠ [2305/2320] Replayed PvNP.RealizableHardness.BinaryMatrixTypedA14HyperplaneReduced
warning: lean/PvNP/RealizableHardness/BinaryMatrixTypedA14HyperplaneReduced.lean:35:55: Variable name `hH` is not explicitly referenced.

Hint: The binding can be removed (if unused) or named `_` (if used implicitly). Alternatively, prefix the name with `_` to silence this warning:
  [apply] _hH

Note: This linter can be disabled with `set_option linter.unusedVariables false`
warning: lean/PvNP/RealizableHardness/BinaryMatrixTypedA14HyperplaneReduced.lean:119:55: Variable name `hH` is not explicitly referenced.

Hint: The binding can be removed (if unused) or named `_` (if used implicitly). Alternatively, prefix the name with `_` to silence this warning:
  [apply] _hH

Note: This linter can be disabled with `set_option linter.unusedVariables false`
⚠ [2307/2320] Replayed PvNP.RealizableHardness.BinaryMatrixA15BaseCase
warning: lean/PvNP/RealizableHardness/BinaryMatrixA15BaseCase.lean:31:4: Try this: 
  haveI̵

The goal is a proposition, so `have` is preferred over `haveI`.
The difference between `have` and `haveI` is that `haveI` inlines the value.
But this is not relevant for proofs because of proof irrelevance.

Note: This linter can be disabled with `set_option linter.style.haveILetI false`
⚠ [2312/2320] Replayed PvNP.RealizableHardness.BinaryMatrixTypedHyperplaneIntrinsicP
warning: lean/PvNP/RealizableHardness/BinaryMatrixTypedHyperplaneIntrinsicP.lean:138:35: This simp argument is unused:
  Module.Basis.dualBasis_equivFun

Hint: Omit it from the simp argument list.
  [apply] simp [hyperplaneMatrixEquiv, hyperplaneShiftVectorIndex, lineShift, lineFunctional]

Note: This linter can be disabled with `set_option linter.unusedSimpArgs false`
⚠ [2314/2320] Replayed PvNP.RealizableHardness.BinaryMatrixA15SelectedBridge
warning: lean/PvNP/RealizableHardness/BinaryMatrixA15SelectedBridge.lean:44:10: try 'simp' instead of 'simpa'

Note: This linter can be disabled with `set_option linter.unnecessarySimpa false`
warning: lean/PvNP/RealizableHardness/BinaryMatrixA15SelectedBridge.lean:50:10: try 'simp' instead of 'simpa'

Note: This linter can be disabled with `set_option linter.unnecessarySimpa false`
⚠ [2316/2320] Replayed PvNP.RealizableHardness.ActualTypedIntrinsicWitnessNaturality
warning: lean/PvNP/RealizableHardness/ActualTypedIntrinsicWitnessNaturality.lean:224:31: This simp argument is unused:
  LinearEquiv.arrowCongr_apply

Hint: Omit it from the simp argument list.
  [apply] simp [eN, mapReindexEquiv, LinearMap.comp_apply]

Note: This linter can be disabled with `set_option linter.unusedSimpArgs false`
warning: lean/PvNP/RealizableHardness/ActualTypedIntrinsicWitnessNaturality.lean:225:6: This simp argument is unused:
  LinearMap.comp_apply

Hint: Omit it from the simp argument list.
  [apply] simp [eN, mapReindexEquiv, LinearEquiv.arrowCongr_apply]

Note: This linter can be disabled with `set_option linter.unusedSimpArgs false`
warning: lean/PvNP/RealizableHardness/ActualTypedIntrinsicWitnessNaturality.lean:327:4: Try `simp at hz` instead of `simpa using hz`

Note: This linter can be disabled with `set_option linter.unnecessarySimpa false`
warning: lean/PvNP/RealizableHardness/ActualTypedIntrinsicWitnessNaturality.lean:357:4: Try `simp at h'` instead of `simpa using h'`

Note: This linter can be disabled with `set_option linter.unnecessarySimpa false`
warning: lean/PvNP/RealizableHardness/ActualTypedIntrinsicWitnessNaturality.lean:373:2: try 'simp' instead of 'simpa'

Note: This linter can be disabled with `set_option linter.unnecessarySimpa false`
⚠ [2317/2320] Replayed PvNP.RealizableHardness.ActualTypedIntrinsicHyperplaneNaturality
warning: lean/PvNP/RealizableHardness/ActualTypedIntrinsicHyperplaneNaturality.lean:48:5: Variable name `hφ` is not explicitly referenced.

Hint: The binding can be removed (if unused) or named `_` (if used implicitly). Alternatively, prefix the name with `_` to silence this warning:
  [apply] _hφ

Note: This linter can be disabled with `set_option linter.unusedVariables false`
warning: lean/PvNP/RealizableHardness/ActualTypedIntrinsicHyperplaneNaturality.lean:207:6: This simp argument is unused:
  LinearEquiv.arrowCongr_apply

Hint: Omit it from the simp argument list.
  [apply] simp [eIndex, ePhi, eW, mapReindexEquiv, LinearMap.comp_apply, LinearMap.smulRight_apply]

Note: This linter can be disabled with `set_option linter.unusedSimpArgs false`
warning: lean/PvNP/RealizableHardness/ActualTypedIntrinsicHyperplaneNaturality.lean:358:31: This simp argument is unused:
  LinearEquiv.arrowCongr_apply

Hint: Omit it from the simp argument list.
  [apply] simp [eN, mapReindexEquiv, LinearMap.comp_apply]

Note: This linter can be disabled with `set_option linter.unusedSimpArgs false`
warning: lean/PvNP/RealizableHardness/ActualTypedIntrinsicHyperplaneNaturality.lean:359:6: This simp argument is unused:
  LinearMap.comp_apply

Hint: Omit it from the simp argument list.
  [apply] simp [eN, mapReindexEquiv, LinearEquiv.arrowCongr_apply]

Note: This linter can be disabled with `set_option linter.unusedSimpArgs false`
warning: lean/PvNP/RealizableHardness/ActualTypedIntrinsicHyperplaneNaturality.lean:395:31: This simp argument is unused:
  LinearEquiv.arrowCongr_apply

Hint: Omit it from the simp argument list.
  [apply] simp [eN, mapReindexEquiv, LinearMap.comp_apply]

Note: This linter can be disabled with `set_option linter.unusedSimpArgs false`
warning: lean/PvNP/RealizableHardness/ActualTypedIntrinsicHyperplaneNaturality.lean:396:6: This simp argument is unused:
  LinearMap.comp_apply

Hint: Omit it from the simp argument list.
  [apply] simp [eN, mapReindexEquiv, LinearEquiv.arrowCongr_apply]

Note: This linter can be disabled with `set_option linter.unusedSimpArgs false`
⚠ [2318/2320] Replayed PvNP.RealizableHardness.ActualTypedMixedTower
warning: lean/PvNP/RealizableHardness/ActualTypedMixedTower.lean:46:4: The namespace `ActualTypedMixedTower` is duplicated in the declaration `PvNP.RealizableHardness.ActualTypedMixedTower.ActualTypedMixedTower.line`.

Note: This linter can be disabled with `set_option linter.dupNamespace false`
warning: lean/PvNP/RealizableHardness/ActualTypedMixedTower.lean:57:4: The namespace `ActualTypedMixedTower` is duplicated in the declaration `PvNP.RealizableHardness.ActualTypedMixedTower.ActualTypedMixedTower.hyperplane`.

Note: This linter can be disabled with `set_option linter.dupNamespace false`
warning: lean/PvNP/RealizableHardness/ActualTypedMixedTower.lean:37:10: The namespace `ActualTypedMixedTower` is duplicated in the declaration `PvNP.RealizableHardness.ActualTypedMixedTower.ActualTypedMixedTower`.

Note: This linter can be disabled with `set_option linter.dupNamespace false`
warning: lean/PvNP/RealizableHardness/ActualTypedMixedTower.lean:42:4: The namespace `ActualTypedMixedTower` is duplicated in the declaration `PvNP.RealizableHardness.ActualTypedMixedTower.ActualTypedMixedTower.done`.

Note: This linter can be disabled with `set_option linter.dupNamespace false`
⚠ [2319/2320] Replayed PvNP.RealizableHardness.ActualTypedABMixedTower
warning: lean/PvNP/RealizableHardness/ActualTypedABMixedTower.lean:73:4: The namespace `ActualTypedABMixedTower` is duplicated in the declaration `PvNP.RealizableHardness.ActualTypedABMixedTower.ActualTypedABMixedTower.line`.

Note: This linter can be disabled with `set_option linter.dupNamespace false`
warning: lean/PvNP/RealizableHardness/ActualTypedABMixedTower.lean:70:4: The namespace `ActualTypedABMixedTower` is duplicated in the declaration `PvNP.RealizableHardness.ActualTypedABMixedTower.ActualTypedABMixedTower.done`.

Note: This linter can be disabled with `set_option linter.dupNamespace false`
warning: lean/PvNP/RealizableHardness/ActualTypedABMixedTower.lean:84:4: The namespace `ActualTypedABMixedTower` is duplicated in the declaration `PvNP.RealizableHardness.ActualTypedABMixedTower.ActualTypedABMixedTower.hyperplane`.

Note: This linter can be disabled with `set_option linter.dupNamespace false`
warning: lean/PvNP/RealizableHardness/ActualTypedABMixedTower.lean:67:10: The namespace `ActualTypedABMixedTower` is duplicated in the declaration `PvNP.RealizableHardness.ActualTypedABMixedTower.ActualTypedABMixedTower`.

Note: This linter can be disabled with `set_option linter.dupNamespace false`
warning: lean/PvNP/RealizableHardness/ActualTypedABMixedTower.lean:97:32: Variable name `n` is not explicitly referenced.

Hint: The binding can be removed (if unused) or named `_` (if used implicitly). Alternatively, prefix the name with `_` to silence this warning:
  [apply] _n

Note: This linter can be disabled with `set_option linter.unusedVariables false`
warning: lean/PvNP/RealizableHardness/ActualTypedABMixedTower.lean:158:5: Variable name `hA` is not explicitly referenced.

Hint: The binding can be removed (if unused) or named `_` (if used implicitly). Alternatively, prefix the name with `_` to silence this warning:
  [apply] _hA

Note: This linter can be disabled with `set_option linter.unusedVariables false`
warning: lean/PvNP/RealizableHardness/ActualTypedABMixedTower.lean:208:48: This simp argument is unused:
  Q

Hint: Omit it from the simp argument list.
  [apply] simp [e]

Note: This linter can be disabled with `set_option linter.unusedSimpArgs false`
warning: lean/PvNP/RealizableHardness/ActualTypedABMixedTower.lean:201:2: Try this: intro Q' hQ'
warning: lean/PvNP/RealizableHardness/ActualTypedABMixedTower.lean:283:48: This simp argument is unused:
  Q

Hint: Omit it from the simp argument list.
  [apply] simp [e]

Note: This linter can be disabled with `set_option linter.unusedSimpArgs false`
warning: lean/PvNP/RealizableHardness/ActualTypedABMixedTower.lean:276:2: Try this: intro Q' hQ'
warning: lean/PvNP/RealizableHardness/ActualTypedABMixedTower.lean:554:45: Variable name `hA` is not explicitly referenced.

Hint: The binding can be removed (if unused) or named `_` (if used implicitly). Alternatively, prefix the name with `_` to silence this warning:
  [apply] _hA

Note: This linter can be disabled with `set_option linter.unusedVariables false`
ℹ [2320/2320] Built PvNP.RealizableHardness.ActualTypedABMixedTowerChecks (2.5s)
info: lean/PvNP/RealizableHardness/ActualTypedABMixedTowerChecks.lean:5:0: PvNP.RealizableHardness.ActualTypedABMixedTower.ActualTypedABMixedTower {n d : ℕ}
  (A :
    Submodule PvNP.RealizableHardness.ActualTypedABMixedTower.F✝ (PvNP.RealizableHardness.ActualTypedABMixedTower.V✝ d))
  (B :
    Submodule PvNP.RealizableHardness.ActualTypedABMixedTower.F✝
      (PvNP.RealizableHardness.ActualTypedABMixedTower.W✝ n)) :
  ((PvNP.RealizableHardness.ActualTypedABMixedTower.V✝ d ⧸ A →ₗ[PvNP.RealizableHardness.ActualTypedABMixedTower.F✝]
        ↥B) →
      ℂ) →
    ℕ → Type 1
info: lean/PvNP/RealizableHardness/ActualTypedABMixedTowerChecks.lean:6:0: PvNP.RealizableHardness.ActualTypedABMixedTower.ActualTypedABMixedTower.done {n d : ℕ}
  {A :
    Submodule PvNP.RealizableHardness.ActualTypedABMixedTower.F✝ (PvNP.RealizableHardness.ActualTypedABMixedTower.V✝ d)}
  {B :
    Submodule PvNP.RealizableHardness.ActualTypedABMixedTower.F✝ (PvNP.RealizableHardness.ActualTypedABMixedTower.W✝ n)}
  (f :
    (PvNP.RealizableHardness.ActualTypedABMixedTower.V✝ d ⧸ A →ₗ[PvNP.RealizableHardness.ActualTypedABMixedTower.F✝]
        ↥B) →
      ℂ) :
  ActualTypedABMixedTower A B f 0
info: lean/PvNP/RealizableHardness/ActualTypedABMixedTowerChecks.lean:7:0: PvNP.RealizableHardness.ActualTypedABMixedTower.ActualTypedABMixedTower.line {n d : ℕ}
  {A :
    Submodule PvNP.RealizableHardness.ActualTypedABMixedTower.F✝ (PvNP.RealizableHardness.ActualTypedABMixedTower.V✝ d)}
  {B :
    Submodule PvNP.RealizableHardness.ActualTypedABMixedTower.F✝ (PvNP.RealizableHardness.ActualTypedABMixedTower.W✝ n)}
  {A' :
    Submodule PvNP.RealizableHardness.ActualTypedABMixedTower.F✝ (PvNP.RealizableHardness.ActualTypedABMixedTower.V✝ d)}
  (hA : A ≤ A') (hL : Module.finrank PvNP.RealizableHardness.ActualTypedABMixedTower.F✝ ↥(Submodule.map A.mkQ A') = 1)
  (k : ℕ)
  (T :
    PvNP.RealizableHardness.ActualTypedABMixedTower.V✝ d ⧸ A →ₗ[PvNP.RealizableHardness.ActualTypedABMixedTower.F✝] ↥B)
  (f :
    (PvNP.RealizableHardness.ActualTypedABMixedTower.V✝ d ⧸ A →ₗ[PvNP.RealizableHardness.ActualTypedABMixedTower.F✝]
        ↥B) →
      ℂ)
  (tail :
    ActualTypedABMixedTower A' B
      (fun M =>
        PvNP.RealizableHardness.BinaryMatrixTypedA15ReducedGlobal.typedLineReducedWitness B (Submodule.map A.mkQ A') hL
          T f (M ∘ₗ ↑(PvNP.RealizableHardness.BinaryMatrixA1NestedCarrier.nestedDomainEquiv A A' hA)))
      k) :
  ActualTypedABMixedTower A B f (k + 1)
info: lean/PvNP/RealizableHardness/ActualTypedABMixedTowerChecks.lean:8:0: PvNP.RealizableHardness.ActualTypedABMixedTower.ActualTypedABMixedTower.hyperplane {n d : ℕ}
  {A :
    Submodule PvNP.RealizableHardness.ActualTypedABMixedTower.F✝ (PvNP.RealizableHardness.ActualTypedABMixedTower.V✝ d)}
  {B :
    Submodule PvNP.RealizableHardness.ActualTypedABMixedTower.F✝ (PvNP.RealizableHardness.ActualTypedABMixedTower.W✝ n)}
  {H : Submodule PvNP.RealizableHardness.ActualTypedABMixedTower.F✝ ↥B}
  (hH : Module.finrank PvNP.RealizableHardness.ActualTypedABMixedTower.F✝ (↥B ⧸ H) = 1) (k : ℕ)
  (T :
    PvNP.RealizableHardness.ActualTypedABMixedTower.V✝ d ⧸ A →ₗ[PvNP.RealizableHardness.ActualTypedABMixedTower.F✝] ↥B)
  (f :
    (PvNP.RealizableHardness.ActualTypedABMixedTower.V✝ d ⧸ A →ₗ[PvNP.RealizableHardness.ActualTypedABMixedTower.F✝]
        ↥B) →
      ℂ)
  (tail :
    ActualTypedABMixedTower A (Submodule.map B.subtype H)
      (fun N =>
        PvNP.RealizableHardness.BinaryMatrixTypedA15HyperplaneReducedGlobal.typedHyperplaneReducedWitness B H hH T f
          (↑(Submodule.equivMapOfInjective B.subtype ⋯ H).symm ∘ₗ N))
      k) :
  ActualTypedABMixedTower A B f (k + 1)
info: lean/PvNP/RealizableHardness/ActualTypedABMixedTowerChecks.lean:9:0: PvNP.RealizableHardness.ActualTypedABMixedTower.lineSuccessorQuotientEquiv {n d : ℕ}
  (A A' :
    Submodule PvNP.RealizableHardness.ActualTypedABMixedTower.F✝ (PvNP.RealizableHardness.ActualTypedABMixedTower.V✝ d))
  (hA : A ≤ A') :
  ((PvNP.RealizableHardness.ActualTypedABMixedTower.V✝ d ⧸ A) ⧸
      Submodule.map A.mkQ A') ≃ₗ[PvNP.RealizableHardness.ActualTypedABMixedTower.F✝]
    PvNP.RealizableHardness.ActualTypedABMixedTower.V✝ d ⧸ A'
info: lean/PvNP/RealizableHardness/ActualTypedABMixedTowerChecks.lean:10:0: PvNP.RealizableHardness.ActualTypedABMixedTower.lineSuccessor_inclusion {d : ℕ}
  (A A' :
    Submodule PvNP.RealizableHardness.ActualTypedABMixedTower.F✝ (PvNP.RealizableHardness.ActualTypedABMixedTower.V✝ d))
  (hA : A ≤ A') : A ≤ A'
info: lean/PvNP/RealizableHardness/ActualTypedABMixedTowerChecks.lean:11:0: PvNP.RealizableHardness.ActualTypedABMixedTower.hyperplaneSuccessor_le {n : ℕ}
  (B :
    Submodule PvNP.RealizableHardness.ActualTypedABMixedTower.F✝ (PvNP.RealizableHardness.ActualTypedABMixedTower.W✝ n))
  (H : Submodule PvNP.RealizableHardness.ActualTypedABMixedTower.F✝ ↥B) : Submodule.map B.subtype H ≤ B
info: lean/PvNP/RealizableHardness/ActualTypedABMixedTowerChecks.lean:12:0: PvNP.RealizableHardness.ActualTypedABMixedTower.hyperplaneSuccessorEquiv {n : ℕ}
  (B :
    Submodule PvNP.RealizableHardness.ActualTypedABMixedTower.F✝ (PvNP.RealizableHardness.ActualTypedABMixedTower.W✝ n))
  (H : Submodule PvNP.RealizableHardness.ActualTypedABMixedTower.F✝ ↥B) :
  ↥H ≃ₗ[PvNP.RealizableHardness.ActualTypedABMixedTower.F✝] ↥(Submodule.map B.subtype H)
info: lean/PvNP/RealizableHardness/ActualTypedABMixedTowerChecks.lean:13:0: PvNP.RealizableHardness.ActualTypedABMixedTower.adapted_length_le_total_finrank {n d : ℕ}
  (A :
    Submodule PvNP.RealizableHardness.ActualTypedABMixedTower.F✝ (PvNP.RealizableHardness.ActualTypedABMixedTower.V✝ d))
  (B :
    Submodule PvNP.RealizableHardness.ActualTypedABMixedTower.F✝ (PvNP.RealizableHardness.ActualTypedABMixedTower.W✝ n))
  {f :
    (PvNP.RealizableHardness.ActualTypedABMixedTower.V✝ d ⧸ A →ₗ[PvNP.RealizableHardness.ActualTypedABMixedTower.F✝]
        ↥B) →
      ℂ}
  {k : ℕ} (tower : ActualTypedABMixedTower A B f k) :
  k ≤
    Module.finrank PvNP.RealizableHardness.ActualTypedABMixedTower.F✝
        (PvNP.RealizableHardness.ActualTypedABMixedTower.V✝ d ⧸ A) +
      Module.finrank PvNP.RealizableHardness.ActualTypedABMixedTower.F✝ ↥B
info: lean/PvNP/RealizableHardness/ActualTypedABMixedTowerChecks.lean:14:0: PvNP.RealizableHardness.ActualTypedABMixedTower.adapted_line_oneStep_A15_global {n d k : ℕ} {eps : ℝ}
  (A A' :
    Submodule PvNP.RealizableHardness.ActualTypedABMixedTower.F✝ (PvNP.RealizableHardness.ActualTypedABMixedTower.V✝ d))
  (B :
    Submodule PvNP.RealizableHardness.ActualTypedABMixedTower.F✝ (PvNP.RealizableHardness.ActualTypedABMixedTower.W✝ n))
  (hA : A ≤ A') (hL : Module.finrank PvNP.RealizableHardness.ActualTypedABMixedTower.F✝ ↥(Submodule.map A.mkQ A') = 1)
  (T :
    PvNP.RealizableHardness.ActualTypedABMixedTower.V✝ d ⧸ A →ₗ[PvNP.RealizableHardness.ActualTypedABMixedTower.F✝] ↥B)
  (f :
    (PvNP.RealizableHardness.ActualTypedABMixedTower.V✝ d ⧸ A →ₗ[PvNP.RealizableHardness.ActualTypedABMixedTower.F✝]
        ↥B) →
      ℂ)
  (heps : 0 ≤ eps)
  (hf : PvNP.RealizableHardness.BinaryMatrixTypedA15Transport.UpToTypedNormSqGlobal A B (k + 1) eps f) :
  PvNP.RealizableHardness.BinaryMatrixTypedA15ReducedGlobal.UpToReducedNormSqGlobal A B (Submodule.map A.mkQ A') k
    (4 * 2 ^ (4 * (k + 1)) * eps)
    (PvNP.RealizableHardness.BinaryMatrixTypedA15ReducedGlobal.typedLineReducedWitness B (Submodule.map A.mkQ A') hL T
      f)
info: lean/PvNP/RealizableHardness/ActualTypedABMixedTowerChecks.lean:15:0: PvNP.RealizableHardness.ActualTypedABMixedTower.adapted_hyperplane_oneStep_A15_global {n d k : ℕ} {eps : ℝ}
  (A :
    Submodule PvNP.RealizableHardness.ActualTypedABMixedTower.F✝ (PvNP.RealizableHardness.ActualTypedABMixedTower.V✝ d))
  (B :
    Submodule PvNP.RealizableHardness.ActualTypedABMixedTower.F✝ (PvNP.RealizableHardness.ActualTypedABMixedTower.W✝ n))
  (H : Submodule PvNP.RealizableHardness.ActualTypedABMixedTower.F✝ ↥B)
  (hH : Module.finrank PvNP.RealizableHardness.ActualTypedABMixedTower.F✝ (↥B ⧸ H) = 1)
  (T :
    PvNP.RealizableHardness.ActualTypedABMixedTower.V✝ d ⧸ A →ₗ[PvNP.RealizableHardness.ActualTypedABMixedTower.F✝] ↥B)
  (f :
    (PvNP.RealizableHardness.ActualTypedABMixedTower.V✝ d ⧸ A →ₗ[PvNP.RealizableHardness.ActualTypedABMixedTower.F✝]
        ↥B) →
      ℂ)
  (heps : 0 ≤ eps)
  (hf : PvNP.RealizableHardness.BinaryMatrixTypedA15Transport.UpToTypedNormSqGlobal A B (k + 1) eps f) :
  PvNP.RealizableHardness.BinaryMatrixTypedA15HyperplaneReducedGlobal.UpToHyperplaneReducedNormSqGlobal A B H k
    (4 * 2 ^ (4 * (k + 1)) * eps)
    (PvNP.RealizableHardness.BinaryMatrixTypedA15HyperplaneReducedGlobal.typedHyperplaneReducedWitness B H hH T f)
info: lean/PvNP/RealizableHardness/ActualTypedABMixedTowerChecks.lean:16:0: PvNP.RealizableHardness.ActualTypedABMixedTower.reduced_global_to_flat_adapted {n d r : ℕ} {eps : ℝ}
  (A A' :
    Submodule PvNP.RealizableHardness.ActualTypedABMixedTower.F✝ (PvNP.RealizableHardness.ActualTypedABMixedTower.V✝ d))
  (B :
    Submodule PvNP.RealizableHardness.ActualTypedABMixedTower.F✝ (PvNP.RealizableHardness.ActualTypedABMixedTower.W✝ n))
  (hA : A ≤ A')
  (g :
    ((PvNP.RealizableHardness.ActualTypedABMixedTower.V✝ d ⧸ A) ⧸
          Submodule.map A.mkQ A' →ₗ[PvNP.RealizableHardness.ActualTypedABMixedTower.F✝]
        ↥B) →
      ℂ)
  (hg :
    PvNP.RealizableHardness.BinaryMatrixTypedA15ReducedGlobal.UpToReducedNormSqGlobal A B (Submodule.map A.mkQ A') r eps
      g) :
  PvNP.RealizableHardness.BinaryMatrixTypedA15Transport.UpToTypedNormSqGlobal A' B r eps fun M =>
    g (M ∘ₗ ↑(PvNP.RealizableHardness.BinaryMatrixA1NestedCarrier.nestedDomainEquiv A A' hA))
info: lean/PvNP/RealizableHardness/ActualTypedABMixedTowerChecks.lean:17:0: PvNP.RealizableHardness.ActualTypedABMixedTower.hyperplane_reduced_global_to_flat_adapted {n d r : ℕ} {eps : ℝ}
  (A :
    Submodule PvNP.RealizableHardness.ActualTypedABMixedTower.F✝ (PvNP.RealizableHardness.ActualTypedABMixedTower.V✝ d))
  (B :
    Submodule PvNP.RealizableHardness.ActualTypedABMixedTower.F✝ (PvNP.RealizableHardness.ActualTypedABMixedTower.W✝ n))
  (H : Submodule PvNP.RealizableHardness.ActualTypedABMixedTower.F✝ ↥B)
  (g :
    (PvNP.RealizableHardness.ActualTypedABMixedTower.V✝ d ⧸ A →ₗ[PvNP.RealizableHardness.ActualTypedABMixedTower.F✝]
        ↥H) →
      ℂ)
  (hg :
    PvNP.RealizableHardness.BinaryMatrixTypedA15HyperplaneReducedGlobal.UpToHyperplaneReducedNormSqGlobal A B H r eps
      g) :
  PvNP.RealizableHardness.BinaryMatrixTypedA15Transport.UpToTypedNormSqGlobal A (Submodule.map B.subtype H) r eps
    fun M => g (↑(hyperplaneSuccessorEquiv B H).symm ∘ₗ M)
info: lean/PvNP/RealizableHardness/ActualTypedABMixedTowerChecks.lean:18:0: PvNP.RealizableHardness.ActualTypedABMixedTower.adaptedA15TotalLoss (k : ℕ) : ℝ
info: lean/PvNP/RealizableHardness/ActualTypedABMixedTowerChecks.lean:19:0: PvNP.RealizableHardness.ActualTypedABMixedTower.adaptedA15TotalLoss_succ (k : ℕ) :
  adaptedA15TotalLoss (k + 1) = 4 * 2 ^ (4 * (k + 1)) * adaptedA15TotalLoss k
info: lean/PvNP/RealizableHardness/ActualTypedABMixedTowerChecks.lean:20:0: PvNP.RealizableHardness.ActualTypedABMixedTower.adaptedA15TotalLoss_le_degree (k D : ℕ) (hk : k ≤ D) :
  adaptedA15TotalLoss k ≤ 2 ^ (11 * D ^ 2)
info: lean/PvNP/RealizableHardness/ActualTypedABMixedTowerChecks.lean:21:0: PvNP.RealizableHardness.ActualTypedABMixedTower.ActualTypedABTerminalData (n d : ℕ) : Type 1
info: lean/PvNP/RealizableHardness/ActualTypedABMixedTowerChecks.lean:22:0: PvNP.RealizableHardness.ActualTypedABMixedTower.adaptedTerminalData {n d : ℕ}
  {A :
    Submodule PvNP.RealizableHardness.ActualTypedABMixedTower.F✝ (PvNP.RealizableHardness.ActualTypedABMixedTower.V✝ d)}
  {B :
    Submodule PvNP.RealizableHardness.ActualTypedABMixedTower.F✝ (PvNP.RealizableHardness.ActualTypedABMixedTower.W✝ n)}
  {f :
    (PvNP.RealizableHardness.ActualTypedABMixedTower.V✝ d ⧸ A →ₗ[PvNP.RealizableHardness.ActualTypedABMixedTower.F✝]
        ↥B) →
      ℂ}
  {k : ℕ} (tower : ActualTypedABMixedTower A B f k) : ActualTypedABTerminalData n d
info: lean/PvNP/RealizableHardness/ActualTypedABMixedTowerChecks.lean:23:0: PvNP.RealizableHardness.ActualTypedABMixedTower.adapted_tower_terminal_global {n d : ℕ}
  {A :
    Submodule PvNP.RealizableHardness.ActualTypedABMixedTower.F✝ (PvNP.RealizableHardness.ActualTypedABMixedTower.V✝ d)}
  {B :
    Submodule PvNP.RealizableHardness.ActualTypedABMixedTower.F✝ (PvNP.RealizableHardness.ActualTypedABMixedTower.W✝ n)}
  {f :
    (PvNP.RealizableHardness.ActualTypedABMixedTower.V✝ d ⧸ A →ₗ[PvNP.RealizableHardness.ActualTypedABMixedTower.F✝]
        ↥B) →
      ℂ}
  {k : ℕ} (tower : ActualTypedABMixedTower A B f k) (eps : ℝ) :
  0 ≤ eps →
    PvNP.RealizableHardness.BinaryMatrixTypedA15Transport.UpToTypedNormSqGlobal A B k eps f →
      PvNP.RealizableHardness.BinaryMatrixTypedA15Transport.UpToTypedNormSqGlobal (adaptedTerminalData tower).Aend
        (adaptedTerminalData tower).Bend 0 (adaptedA15TotalLoss k * eps) (adaptedTerminalData tower).fend
info: lean/PvNP/RealizableHardness/ActualTypedABMixedTowerChecks.lean:24:0: PvNP.RealizableHardness.ActualTypedABMixedTower.adapted_tower_terminal_global_of_degree_bound {n d : ℕ}
  {A :
    Submodule PvNP.RealizableHardness.ActualTypedABMixedTower.F✝ (PvNP.RealizableHardness.ActualTypedABMixedTower.V✝ d)}
  {B :
    Submodule PvNP.RealizableHardness.ActualTypedABMixedTower.F✝ (PvNP.RealizableHardness.ActualTypedABMixedTower.W✝ n)}
  {f :
    (PvNP.RealizableHardness.ActualTypedABMixedTower.V✝ d ⧸ A →ₗ[PvNP.RealizableHardness.ActualTypedABMixedTower.F✝]
        ↥B) →
      ℂ}
  {k D : ℕ} (tower : ActualTypedABMixedTower A B f k) (hk : k ≤ D) (eps : ℝ) :
  0 ≤ eps →
    PvNP.RealizableHardness.BinaryMatrixTypedA15Transport.UpToTypedNormSqGlobal A B D eps f →
      PvNP.RealizableHardness.BinaryMatrixTypedA15Transport.UpToTypedNormSqGlobal (adaptedTerminalData tower).Aend
        (adaptedTerminalData tower).Bend 0 (2 ^ (11 * D ^ 2) * eps) (adaptedTerminalData tower).fend
info: lean/PvNP/RealizableHardness/ActualTypedABMixedTowerChecks.lean:25:0: PvNP.RealizableHardness.ActualTypedABMixedTower.adapted_terminal_energy_of_global {n d : ℕ}
  {A :
    Submodule PvNP.RealizableHardness.ActualTypedABMixedTower.F✝ (PvNP.RealizableHardness.ActualTypedABMixedTower.V✝ d)}
  {B :
    Submodule PvNP.RealizableHardness.ActualTypedABMixedTower.F✝ (PvNP.RealizableHardness.ActualTypedABMixedTower.W✝ n)}
  {f :
    (PvNP.RealizableHardness.ActualTypedABMixedTower.V✝ d ⧸ A →ₗ[PvNP.RealizableHardness.ActualTypedABMixedTower.F✝]
        ↥B) →
      ℂ}
  {eps : ℝ} (hf : PvNP.RealizableHardness.BinaryMatrixTypedA15Transport.UpToTypedNormSqGlobal A B 0 eps f) :
  (∑ M, Complex.normSq (f M)) /
      ↑(Fintype.card
          (PvNP.RealizableHardness.ActualTypedABMixedTower.V✝ d ⧸
              A →ₗ[PvNP.RealizableHardness.ActualTypedABMixedTower.F✝]
            ↥B)) ≤
    eps
info: lean/PvNP/RealizableHardness/ActualTypedABMixedTowerChecks.lean:26:0: PvNP.RealizableHardness.ActualTypedABMixedTower.adapted_tower_terminal_energy_of_degree_bound {n d : ℕ}
  {A :
    Submodule PvNP.RealizableHardness.ActualTypedABMixedTower.F✝ (PvNP.RealizableHardness.ActualTypedABMixedTower.V✝ d)}
  {B :
    Submodule PvNP.RealizableHardness.ActualTypedABMixedTower.F✝ (PvNP.RealizableHardness.ActualTypedABMixedTower.W✝ n)}
  {f :
    (PvNP.RealizableHardness.ActualTypedABMixedTower.V✝ d ⧸ A →ₗ[PvNP.RealizableHardness.ActualTypedABMixedTower.F✝]
        ↥B) →
      ℂ}
  {k D : ℕ} (tower : ActualTypedABMixedTower A B f k) (hk : k ≤ D) (eps : ℝ) :
  0 ≤ eps →
    PvNP.RealizableHardness.BinaryMatrixTypedA15Transport.UpToTypedNormSqGlobal A B D eps f →
      (∑ M, Complex.normSq ((adaptedTerminalData tower).fend M)) /
          ↑(Fintype.card
              (PvNP.RealizableHardness.ActualTypedABMixedTower.V✝ d ⧸
                  (adaptedTerminalData tower).Aend →ₗ[PvNP.RealizableHardness.ActualTypedABMixedTower.F✝]
                ↥(adaptedTerminalData tower).Bend)) ≤
        2 ^ (11 * D ^ 2) * eps
info: lean/PvNP/RealizableHardness/ActualTypedABMixedTowerChecks.lean:27:0: PvNP.RealizableHardness.ActualTypedABMixedTower.actual_typed_A16_tower_energy_bound {n d : ℕ}
  {A :
    Submodule PvNP.RealizableHardness.ActualTypedABMixedTower.F✝ (PvNP.RealizableHardness.ActualTypedABMixedTower.V✝ d)}
  {B :
    Submodule PvNP.RealizableHardness.ActualTypedABMixedTower.F✝ (PvNP.RealizableHardness.ActualTypedABMixedTower.W✝ n)}
  {f :
    (PvNP.RealizableHardness.ActualTypedABMixedTower.V✝ d ⧸ A →ₗ[PvNP.RealizableHardness.ActualTypedABMixedTower.F✝]
        ↥B) →
      ℂ}
  {k D : ℕ} (tower : ActualTypedABMixedTower A B f k) (hk : k ≤ D) (eps : ℝ) :
  0 ≤ eps →
    (PvNP.RealizableHardness.BinaryMatrixComplexA15.UpToActualNormSqGlobal D eps fun X =>
        f ((PvNP.RealizableHardness.BinaryMatrixTypedA15Transport.carrierMatrixEquiv A B).symm X)) →
      (∑ M, Complex.normSq ((adaptedTerminalData tower).fend M)) /
          ↑(Fintype.card
              (PvNP.RealizableHardness.ActualTypedABMixedTower.V✝ d ⧸
                  (adaptedTerminalData tower).Aend →ₗ[PvNP.RealizableHardness.ActualTypedABMixedTower.F✝]
                ↥(adaptedTerminalData tower).Bend)) ≤
        2 ^ (11 * D ^ 2) * eps
info: lean/PvNP/RealizableHardness/ActualTypedABMixedTowerChecks.lean:28:0: PvNP.RealizableHardness.ActualTypedABMixedTower.actual_coordinate_A16_tower_energy_bound {n d : ℕ}
  {A :
    Submodule PvNP.RealizableHardness.ActualTypedABMixedTower.F✝ (PvNP.RealizableHardness.ActualTypedABMixedTower.V✝ d)}
  {B :
    Submodule PvNP.RealizableHardness.ActualTypedABMixedTower.F✝ (PvNP.RealizableHardness.ActualTypedABMixedTower.W✝ n)}
  {k D : ℕ}
  (fCoord :
    PvNP.RealizableHardness.BinaryMatrixFourier.BinaryMatrix
        (Module.finrank PvNP.RealizableHardness.ActualTypedABMixedTower.F✝ ↥B)
        (Module.finrank PvNP.RealizableHardness.ActualTypedABMixedTower.F✝
          (PvNP.RealizableHardness.ActualTypedABMixedTower.V✝ d ⧸ A)) →
      ℂ)
  (tower :
    ActualTypedABMixedTower A B
      (fun M => fCoord ((PvNP.RealizableHardness.BinaryMatrixTypedA15Transport.carrierMatrixEquiv A B) M)) k)
  (hk : k ≤ D) (eps : ℝ) :
  0 ≤ eps →
    PvNP.RealizableHardness.BinaryMatrixComplexA15.UpToActualNormSqGlobal D eps fCoord →
      (∑ M, Complex.normSq ((adaptedTerminalData tower).fend M)) /
          ↑(Fintype.card
              (PvNP.RealizableHardness.ActualTypedABMixedTower.V✝ d ⧸
                  (adaptedTerminalData tower).Aend →ₗ[PvNP.RealizableHardness.ActualTypedABMixedTower.F✝]
                ↥(adaptedTerminalData tower).Bend)) ≤
        2 ^ (11 * D ^ 2) * eps
info: lean/PvNP/RealizableHardness/ActualTypedABMixedTowerChecks.lean:29:0: PvNP.RealizableHardness.ActualTypedABMixedTower.HasActualA14OperatorSemantics {n d : ℕ}
  {A :
    Submodule PvNP.RealizableHardness.ActualTypedABMixedTower.F✝ (PvNP.RealizableHardness.ActualTypedABMixedTower.V✝ d)}
  {B :
    Submodule PvNP.RealizableHardness.ActualTypedABMixedTower.F✝ (PvNP.RealizableHardness.ActualTypedABMixedTower.W✝ n)}
  {f :
    (PvNP.RealizableHardness.ActualTypedABMixedTower.V✝ d ⧸ A →ₗ[PvNP.RealizableHardness.ActualTypedABMixedTower.F✝]
        ↥B) →
      ℂ}
  {k : ℕ} : ActualTypedABMixedTower A B f k → Prop
info: lean/PvNP/RealizableHardness/ActualTypedABMixedTowerChecks.lean:30:0: PvNP.RealizableHardness.ActualTypedABMixedTower.actual_typed_AB_tower_has_A14_operator_semantics {n d : ℕ}
  {A :
    Submodule PvNP.RealizableHardness.ActualTypedABMixedTower.F✝ (PvNP.RealizableHardness.ActualTypedABMixedTower.V✝ d)}
  {B :
    Submodule PvNP.RealizableHardness.ActualTypedABMixedTower.F✝ (PvNP.RealizableHardness.ActualTypedABMixedTower.W✝ n)}
  {f :
    (PvNP.RealizableHardness.ActualTypedABMixedTower.V✝ d ⧸ A →ₗ[PvNP.RealizableHardness.ActualTypedABMixedTower.F✝]
        ↥B) →
      ℂ}
  {k : ℕ} (tower : ActualTypedABMixedTower A B f k) : HasActualA14OperatorSemantics tower
info: lean/PvNP/RealizableHardness/ActualTypedABMixedTowerChecks.lean:31:0: PvNP.RealizableHardness.ActualTypedABMixedTower.actual_selected_AB_tower_A16 {n d : ℕ}
  {A :
    Submodule PvNP.RealizableHardness.ActualTypedABMixedTower.F✝ (PvNP.RealizableHardness.ActualTypedABMixedTower.V✝ d)}
  {B :
    Submodule PvNP.RealizableHardness.ActualTypedABMixedTower.F✝ (PvNP.RealizableHardness.ActualTypedABMixedTower.W✝ n)}
  {k D : ℕ}
  (fCoord :
    PvNP.RealizableHardness.BinaryMatrixFourier.BinaryMatrix
        (Module.finrank PvNP.RealizableHardness.ActualTypedABMixedTower.F✝ ↥B)
        (Module.finrank PvNP.RealizableHardness.ActualTypedABMixedTower.F✝
          (PvNP.RealizableHardness.ActualTypedABMixedTower.V✝ d ⧸ A)) →
      ℂ)
  (tower :
    ActualTypedABMixedTower A B
      (fun M => fCoord ((PvNP.RealizableHardness.BinaryMatrixTypedA15Transport.carrierMatrixEquiv A B) M)) k)
  (hk : k ≤ D) (eps : ℝ) :
  0 ≤ eps →
    PvNP.RealizableHardness.BinaryMatrixComplexA15.UpToActualNormSqGlobal D eps fCoord →
      HasActualA14OperatorSemantics tower ∧
        (∑ M, Complex.normSq ((adaptedTerminalData tower).fend M)) /
            ↑(Fintype.card
                (PvNP.RealizableHardness.ActualTypedABMixedTower.V✝ d ⧸
                    (adaptedTerminalData tower).Aend →ₗ[PvNP.RealizableHardness.ActualTypedABMixedTower.F✝]
                  ↥(adaptedTerminalData tower).Bend)) ≤
          2 ^ (11 * D ^ 2) * eps
info: lean/PvNP/RealizableHardness/ActualTypedABMixedTowerChecks.lean:32:0: 'PvNP.RealizableHardness.ActualTypedABMixedTower.hyperplaneSuccessor_le' depends on axioms: [propext,
 Classical.choice,
 Quot.sound]
info: lean/PvNP/RealizableHardness/ActualTypedABMixedTowerChecks.lean:33:0: 'PvNP.RealizableHardness.ActualTypedABMixedTower.hyperplaneSuccessorEquiv' depends on axioms: [propext,
 Classical.choice,
 Quot.sound]
info: lean/PvNP/RealizableHardness/ActualTypedABMixedTowerChecks.lean:34:0: 'PvNP.RealizableHardness.ActualTypedABMixedTower.adapted_length_le_total_finrank' depends on axioms: [propext,
 Classical.choice,
 Quot.sound]
info: lean/PvNP/RealizableHardness/ActualTypedABMixedTowerChecks.lean:35:0: 'PvNP.RealizableHardness.ActualTypedABMixedTower.adapted_line_oneStep_A15_global' depends on axioms: [propext,
 Classical.choice,
 Quot.sound]
info: lean/PvNP/RealizableHardness/ActualTypedABMixedTowerChecks.lean:36:0: 'PvNP.RealizableHardness.ActualTypedABMixedTower.adapted_hyperplane_oneStep_A15_global' depends on axioms: [propext,
 Classical.choice,
 Quot.sound]
info: lean/PvNP/RealizableHardness/ActualTypedABMixedTowerChecks.lean:37:0: 'PvNP.RealizableHardness.ActualTypedABMixedTower.reduced_global_to_flat_adapted' depends on axioms: [propext,
 Classical.choice,
 Quot.sound]
info: lean/PvNP/RealizableHardness/ActualTypedABMixedTowerChecks.lean:38:0: 'PvNP.RealizableHardness.ActualTypedABMixedTower.hyperplane_reduced_global_to_flat_adapted' depends on axioms: [propext,
 Classical.choice,
 Quot.sound]
info: lean/PvNP/RealizableHardness/ActualTypedABMixedTowerChecks.lean:39:0: 'PvNP.RealizableHardness.ActualTypedABMixedTower.adapted_tower_terminal_global' depends on axioms: [propext,
 Classical.choice,
 Quot.sound]
info: lean/PvNP/RealizableHardness/ActualTypedABMixedTowerChecks.lean:40:0: 'PvNP.RealizableHardness.ActualTypedABMixedTower.adapted_tower_terminal_global_of_degree_bound' depends on axioms: [propext,
 Classical.choice,
 Quot.sound]
info: lean/PvNP/RealizableHardness/ActualTypedABMixedTowerChecks.lean:41:0: 'PvNP.RealizableHardness.ActualTypedABMixedTower.adapted_tower_terminal_energy_of_degree_bound' depends on axioms: [propext,
 Classical.choice,
 Quot.sound]
info: lean/PvNP/RealizableHardness/ActualTypedABMixedTowerChecks.lean:42:0: 'PvNP.RealizableHardness.ActualTypedABMixedTower.actual_typed_A16_tower_energy_bound' depends on axioms: [propext,
 Classical.choice,
 Quot.sound]
info: lean/PvNP/RealizableHardness/ActualTypedABMixedTowerChecks.lean:43:0: 'PvNP.RealizableHardness.ActualTypedABMixedTower.actual_coordinate_A16_tower_energy_bound' depends on axioms: [propext,
 Classical.choice,
 Quot.sound]
info: lean/PvNP/RealizableHardness/ActualTypedABMixedTowerChecks.lean:44:0: 'PvNP.RealizableHardness.ActualTypedABMixedTower.actual_typed_AB_tower_has_A14_operator_semantics' depends on axioms: [propext,
 Classical.choice,
 Quot.sound]
info: lean/PvNP/RealizableHardness/ActualTypedABMixedTowerChecks.lean:45:0: 'PvNP.RealizableHardness.ActualTypedABMixedTower.actual_selected_AB_tower_A16' depends on axioms: [propext,
 Classical.choice,
 Quot.sound]
Build completed successfully (2320 jobs).
