WORKTREE_HEAD=dbf70d9e922b4f77af98a1bc8090f775c0d31ff6
WORKTREE_BRANCH=DETACHED
WORKTREE_STATUS_BEGIN
?? lean/PvNP/RealizableHardness/ActualSourceStarLaw.lean
?? lean/PvNP/RealizableHardness/ActualSourceStarLawChecks.lean
WORKTREE_STATUS_END
OVERLAY_COUNT=2
OVERLAYS_BEGIN
lean/PvNP/RealizableHardness/ActualSourceStarLaw.lean
lean/PvNP/RealizableHardness/ActualSourceStarLawChecks.lean
OVERLAYS_END
CACHE_LINKS_BEGIN
lrwxrwxrwx 1 dfredriksen_quantyra_org dfredriksen_quantyra_org 65 Sep 24 13:24 /home/dfredriksen_quantyra_org/gcp_actual_source_star_law_s5_20260924T131932Z_worktree/.lake/build -> /home/dfredriksen_quantyra_org/mz24-fixed-rho-de048da/.lake/build
lrwxrwxrwx 1 dfredriksen_quantyra_org dfredriksen_quantyra_org 68 Sep 24 13:24 /home/dfredriksen_quantyra_org/gcp_actual_source_star_law_s5_20260924T131932Z_worktree/.lake/packages -> /home/dfredriksen_quantyra_org/mz24-fixed-rho-de048da/.lake/packages
/home/dfredriksen_quantyra_org/mz24-fixed-rho-de048da/.lake/packages
/home/dfredriksen_quantyra_org/mz24-fixed-rho-de048da/.lake/build
CACHE_LINKS_END
SOURCE_HASHES_BEGIN
68a9b627215394a441c58323a357ead353bcfd78c442ba99abbe08a7156f1a2f  /home/dfredriksen_quantyra_org/gcp_actual_source_star_law_s5_20260924T131932Z_worktree/lean/PvNP/RealizableHardness/ActualSourceStarLaw.lean
51e1d894131e0d16beed18f8386ca65b9b7896bb2647fd84fc981db356b1088e  /home/dfredriksen_quantyra_org/gcp_actual_source_star_law_s5_20260924T131932Z_worktree/lean/PvNP/RealizableHardness/ActualSourceStarLawChecks.lean
8190e75a201741065fe508b28955dd64dd72d090babe5f70ce6848879d68ae88  /home/dfredriksen_quantyra_org/gcp_actual_source_star_law_s5_20260924T131932Z_worktree/lean-toolchain
03c6564b4a501867a608a3439198e41b88eedf17e3c79c6bfd01790f6ae34cbe  /home/dfredriksen_quantyra_org/gcp_actual_source_star_law_s5_20260924T131932Z_worktree/lakefile.toml
825d2e1a20005a259fdf5b181528b391dd6ba18a52c86127caf4c3be990e04f0  /home/dfredriksen_quantyra_org/gcp_actual_source_star_law_s5_20260924T131932Z_worktree/lake-manifest.json
SOURCE_HASHES_END
