C:\Users\Dan\Desktop\Projects\realizable-cmmsa-hardness\docs\native-receipts\ActualSelectedComplementAnalyticMoment\runtime-prebuild\local-native-123542\src\PvNP\RealizableHardness\ActualTypedABCanonicalDCollapse.lean:336:14: error: Type mismatch: After simplification, term
  hs
 has type
  @Eq ℂ
    (typedComplexHyperplaneFilter B H hH
      (fun M => complexAmbientAffineRestrict A B T (complexAmbientHybridFilter A B f) M) (H.subtype ∘ₗ e.symm M))
    (complexAmbientAffineRestrict A (Submodule.map B.subtype H) T
      (complexAmbientHybridFilter A (Submodule.map B.subtype H) f) ((hyperplaneCanonicalEquiv B H) (e.symm M)))
but is expected to have type
  @Eq ℂ
    (typedComplexHyperplaneFilter B H hH
      (fun M => complexAmbientAffineRestrict A B T (complexAmbientHybridFilter A B f) M) (H.subtype ∘ₗ e.symm M))
    (complexAmbientAffineRestrict A (Submodule.map B.subtype H) T
      (complexAmbientHybridFilter A (Submodule.map B.subtype H) f) (e (e.symm M)))
C:\Users\Dan\Desktop\Projects\realizable-cmmsa-hardness\docs\native-receipts\ActualSelectedComplementAnalyticMoment\runtime-prebuild\local-native-123542\src\PvNP\RealizableHardness\ActualTypedABCanonicalDCollapse.lean:349:8: warning: This simp argument is unused:
  LinearMap.comp_zero

Hint: Omit it from the simp argument list.
  [apply] simp only [buildHyperplaneSuffix, applyCanonicalFilters, zero_add, rankedTerminalData,
    BinaryMatrixA15NestedHyperplane.hyperplaneCanonicalCodomain]

Note: This linter can be disabled with `set_option linter.unusedSimpArgs false`
C:\Users\Dan\Desktop\Projects\realizable-cmmsa-hardness\docs\native-receipts\ActualSelectedComplementAnalyticMoment\runtime-prebuild\local-native-123542\src\PvNP\RealizableHardness\ActualTypedABCanonicalDCollapse.lean:412:8: warning: This simp argument is unused:
  LinearMap.comp_zero

Hint: Omit it from the simp argument list.
  [apply] simp only [buildLineSuffix, applyCanonicalFilters, zero_add, rankedTerminalData]

Note: This linter can be disabled with `set_option linter.unusedSimpArgs false`
C:\Users\Dan\Desktop\Projects\realizable-cmmsa-hardness\docs\native-receipts\ActualSelectedComplementAnalyticMoment\runtime-prebuild\local-native-123542\src\PvNP\RealizableHardness\ActualTypedABCanonicalDCollapse.lean:543:10: error: Type mismatch: After simplification, term
  hs
 has type
  @Eq ℂ
    (typedComplexHyperplaneFilter B H hH
      (fun M => complexAmbientAffineRestrict A B 0 (complexAmbientHybridFilter A B ambientf) M)
      (S + H.subtype ∘ₗ e.symm M))
    (complexAmbientAffineRestrict A (Submodule.map B.subtype H) (B.subtype ∘ₗ S ∘ₗ A.mkQ)
      (complexAmbientHybridFilter A (Submodule.map B.subtype H) ambientf) ((hyperplaneCanonicalEquiv B H) (e.symm M)))
but is expected to have type
  @Eq ℂ
    (typedComplexHyperplaneFilter B H hH
      (fun M => complexAmbientAffineRestrict A B 0 (complexAmbientHybridFilter A B ambientf) M)
      (S + H.subtype ∘ₗ e.symm M))
    (complexAmbientAffineRestrict A (Submodule.map B.subtype H) (B.subtype ∘ₗ S ∘ₗ A.mkQ)
      (complexAmbientHybridFilter A (Submodule.map B.subtype H) ambientf) (e (e.symm M)))
C:\Users\Dan\Desktop\Projects\realizable-cmmsa-hardness\docs\native-receipts\ActualSelectedComplementAnalyticMoment\runtime-prebuild\local-native-123542\src\PvNP\RealizableHardness\ActualTypedABCanonicalDCollapse.lean:560:50: warning: This simp argument is unused:
  zero_add

Hint: Omit it from the simp argument list.
  [apply] simp only [buildCanonicalSourceTower, buildHyperplanePrefix, buildHyperplaneSuffix, applyCanonicalFilters,
    LinearMap.comp_zero, rankedTerminalData, BinaryMatrixA15NestedHyperplane.hyperplaneCanonicalCodomain]

Note: This linter can be disabled with `set_option linter.unusedSimpArgs false`
C:\Users\Dan\Desktop\Projects\realizable-cmmsa-hardness\docs\native-receipts\ActualSelectedComplementAnalyticMoment\runtime-prebuild\local-native-123542\src\PvNP\RealizableHardness\ActualTypedABCanonicalDCollapse.lean:561:4: warning: This simp argument is unused:
  LinearMap.comp_zero

Hint: Omit it from the simp argument list.
  [apply] simp only [buildCanonicalSourceTower, buildHyperplanePrefix, buildHyperplaneSuffix, applyCanonicalFilters,
    zero_add, rankedTerminalData, BinaryMatrixA15NestedHyperplane.hyperplaneCanonicalCodomain]

Note: This linter can be disabled with `set_option linter.unusedSimpArgs false`
