C:\Users\Dan\Desktop\Projects\realizable-cmmsa-hardness\docs\native-receipts\ActualSelectedComplementAnalyticMoment\runtime-prebuild\local-native-123542\src\PvNP\RealizableHardness\ActualTypedABCanonicalDCollapse.lean:278:4: error(lean.unknownIdentifier): Unknown identifier `BinaryMatrixA1TypedFourier.traceCharacter`
C:\Users\Dan\Desktop\Projects\realizable-cmmsa-hardness\docs\native-receipts\ActualSelectedComplementAnalyticMoment\runtime-prebuild\local-native-123542\src\PvNP\RealizableHardness\ActualTypedABCanonicalDCollapse.lean:298:6: error: Type mismatch
  filteredCarrierFunction A (rankedTerminalData (buildHyperplaneSuffix flag)).Bend T f
has type
  (V d ⧸ A →ₗ[F] ↥(rankedTerminalData (buildHyperplaneSuffix flag)).Bend) → ℂ
but is expected to have type
  (PvNP.RealizableHardness.ActualTypedABCanonicalProjection.V✝ d ⧸
        (rankedTerminalData
            (buildHyperplaneSuffix flag)).Aend →ₗ[PvNP.RealizableHardness.ActualTypedABCanonicalProjection.F✝]
      ↥(rankedTerminalData (buildHyperplaneSuffix flag)).Bend) →
    ℂ
C:\Users\Dan\Desktop\Projects\realizable-cmmsa-hardness\docs\native-receipts\ActualSelectedComplementAnalyticMoment\runtime-prebuild\local-native-123542\src\PvNP\RealizableHardness\ActualTypedABCanonicalDCollapse.lean:304:6: error: Tactic `rfl` failed: The left-hand side
  true
is not definitionally equal to the right-hand side
  Function.const Lean.Name ()
    `PvNP.RealizableHardness.ActualTypedABCanonicalDCollapse.296.6.300.72.6.72._sorry._@.PvNP.RealizableHardness.ActualTypedABCanonicalDCollapse.3484098653._hygCtx._hyg.91

case done
n d h : ℕ
A : Submodule F (V d)
B✝ : Submodule F (W n)
B :
  Submodule PvNP.RealizableHardness.ActualTypedABCanonicalFlag.F✝
    (PvNP.RealizableHardness.ActualTypedABCanonicalFlag.W✝ n)
r : ℕ
fStored : (V d ⧸ A →ₗ[F] ↥B) → ℂ
T : V d →ₗ[F] W n
f : BinaryMatrix n d → ℂ
⊢ sorry
C:\Users\Dan\Desktop\Projects\realizable-cmmsa-hardness\docs\native-receipts\ActualSelectedComplementAnalyticMoment\runtime-prebuild\local-native-123542\src\PvNP\RealizableHardness\ActualTypedABCanonicalDCollapse.lean:319:8: error: Type mismatch: After simplification, term
  typed_hyperplane_A1_operator_step A B H hH T 0 f ((hyperplaneCanonicalEquiv B H).symm M)
 has type
  typedComplexHyperplaneFilter B H hH (fun M => complexAmbientAffineRestrict A B T (complexAmbientHybridFilter A B f) M)
      (H.subtype ∘ₗ (hyperplaneCanonicalEquiv B H).symm M) =
    complexAmbientAffineRestrict A (Submodule.map B.subtype H) T
      (complexAmbientHybridFilter A (Submodule.map B.subtype H) f)
      ((hyperplaneCanonicalEquiv B H) ((hyperplaneCanonicalEquiv B H).symm M))
but is expected to have type
  typedComplexHyperplaneFilter B H hH (filteredCarrierFunction A B T f)
      (H.subtype ∘ₗ (hyperplaneCanonicalEquiv B H).symm M) =
    complexAmbientAffineRestrict A (Submodule.map B.subtype H) T
      (complexAmbientHybridFilter A (Submodule.map B.subtype H) f) M
C:\Users\Dan\Desktop\Projects\realizable-cmmsa-hardness\docs\native-receipts\ActualSelectedComplementAnalyticMoment\runtime-prebuild\local-native-123542\src\PvNP\RealizableHardness\ActualTypedABCanonicalDCollapse.lean:329:8: error: Type mismatch
  filteredCarrierFunction A (rankedTerminalData tailTower).Bend T f
has type
  (V d ⧸ A →ₗ[F] ↥(rankedTerminalData tailTower).Bend) → ℂ
but is expected to have type
  (PvNP.RealizableHardness.ActualTypedABCanonicalProjection.V✝ d ⧸
        (rankedTerminalData tailTower).Aend →ₗ[PvNP.RealizableHardness.ActualTypedABCanonicalProjection.F✝]
      ↥(rankedTerminalData tailTower).Bend) →
    ℂ
C:\Users\Dan\Desktop\Projects\realizable-cmmsa-hardness\docs\native-receipts\ActualSelectedComplementAnalyticMoment\runtime-prebuild\local-native-123542\src\PvNP\RealizableHardness\ActualTypedABCanonicalDCollapse.lean:369:8: error: Type mismatch: After simplification, term
  typed_line_A1_operator_step A A' B hA hL T 0 f ((lineCanonicalEquiv A A' B hA).symm M)
 has type
  @Eq ℂ
    (typedComplexLineFilter B (Submodule.map A.mkQ A') hL
      (fun M => complexAmbientAffineRestrict A B T (complexAmbientHybridFilter A B f) M)
      ((lineCanonicalEquiv A A' B hA).symm M ∘ₗ (Submodule.map A.mkQ A').mkQ))
    (complexAmbientAffineRestrict A' B T (complexAmbientHybridFilter A' B f) M)
but is expected to have type
  @Eq ℂ
    (typedComplexLineFilter B (Submodule.map A.mkQ A') hL (filteredCarrierFunction A B T f)
      ((lineCanonicalEquiv A A' B hA).symm M ∘ₗ (Submodule.map A.mkQ A').mkQ))
    (complexAmbientAffineRestrict A' B T (complexAmbientHybridFilter A' B f) M)
C:\Users\Dan\Desktop\Projects\realizable-cmmsa-hardness\docs\native-receipts\ActualSelectedComplementAnalyticMoment\runtime-prebuild\local-native-123542\src\PvNP\RealizableHardness\ActualTypedABCanonicalDCollapse.lean:374:6: error: 'change' tactic failed, pattern
  (applyCanonicalFilters tailTower fun M =>
      typedComplexLineFilter B (Submodule.map A.mkQ A') hL (filteredCarrierFunction A B T f)
        ((lineCanonicalEquiv A A' B hA).symm M ∘ₗ (Submodule.map A.mkQ A').mkQ)) =
    filteredCarrierFunction (rankedTerminalData tailTower).Aend (rankedTerminalData tailTower).Bend T f
is not definitionally equal to target
  applyCanonicalFilters (buildLineSuffix (DomainLineFlag.cons hA hL tail) hypers) (filteredCarrierFunction A B T f) =
    filteredCarrierFunction (rankedTerminalData (buildLineSuffix (DomainLineFlag.cons hA hL tail) hypers)).Aend
      (rankedTerminalData (buildLineSuffix (DomainLineFlag.cons hA hL tail) hypers)).Bend T f
C:\Users\Dan\Desktop\Projects\realizable-cmmsa-hardness\docs\native-receipts\ActualSelectedComplementAnalyticMoment\runtime-prebuild\local-native-123542\src\PvNP\RealizableHardness\ActualTypedABCanonicalDCollapse.lean:460:6: error: Type mismatch
  filteredCarrierFunction A (rankedTerminalData tailTower).Bend (B.subtype ∘ₗ S ∘ₗ A.mkQ) ambientf
has type
  (V d ⧸ A →ₗ[F] ↥(rankedTerminalData tailTower).Bend) → ℂ
but is expected to have type
  (PvNP.RealizableHardness.ActualTypedABCanonicalProjection.V✝ d ⧸
        (rankedTerminalData
            (buildCanonicalSourceTower (DomainLineFlag.done A) (CodomainHyperplaneFlag.cons H hH tail)
              S)).Aend →ₗ[PvNP.RealizableHardness.ActualTypedABCanonicalProjection.F✝]
      ↥(rankedTerminalData
            (buildCanonicalSourceTower (DomainLineFlag.done A) (CodomainHyperplaneFlag.cons H hH tail) S)).Bend) →
    ℂ
C:\Users\Dan\Desktop\Projects\realizable-cmmsa-hardness\docs\native-receipts\ActualSelectedComplementAnalyticMoment\runtime-prebuild\local-native-123542\src\PvNP\RealizableHardness\ActualTypedABCanonicalDCollapse.lean:477:4: error: Type mismatch: After simplification, term
  typed_hyperplane_A1_operator_step A B H hH 0 S ambientf ((hyperplaneCanonicalEquiv B H).symm M)
 has type
  typedComplexHyperplaneFilter B H hH
      (fun M => complexAmbientAffineRestrict A B 0 (complexAmbientHybridFilter A B ambientf) M)
      (S +
        H.subtype ∘ₗ
          ((LinearEquiv.refl PvNP.RealizableHardness.BinaryMatrixA15NestedHyperplane.F✝
                    (PvNP.RealizableHardness.BinaryMatrixA15NestedHyperplane.V✝ d ⧸ A)).arrowCongr
                (hyperplaneCanonicalCodomainEquiv B H)).symm
            M) =
    complexAmbientAffineRestrict A (Submodule.map B.subtype H) (B.subtype ∘ₗ S ∘ₗ A.mkQ)
      (complexAmbientHybridFilter A (Submodule.map B.subtype H) ambientf)
      (((LinearEquiv.refl PvNP.RealizableHardness.BinaryMatrixA15NestedHyperplane.F✝
              (PvNP.RealizableHardness.BinaryMatrixA15NestedHyperplane.V✝ d ⧸ A)).arrowCongr
          (hyperplaneCanonicalCodomainEquiv B H))
        (((LinearEquiv.refl PvNP.RealizableHardness.BinaryMatrixA15NestedHyperplane.F✝
                  (PvNP.RealizableHardness.BinaryMatrixA15NestedHyperplane.V✝ d ⧸ A)).arrowCongr
              (hyperplaneCanonicalCodomainEquiv B H)).symm
          M))
but is expected to have type
  typedComplexHyperplaneFilter B H hH
      (fun M => complexAmbientAffineRestrict A B 0 (complexAmbientHybridFilter A B ambientf) M)
      (S +
        H.subtype ∘ₗ
          ((LinearEquiv.refl PvNP.RealizableHardness.BinaryMatrixA15NestedHyperplane.F✝
                    (PvNP.RealizableHardness.BinaryMatrixA15NestedHyperplane.V✝ d ⧸ A)).arrowCongr
                (hyperplaneCanonicalCodomainEquiv B H)).symm
            M) =
    complexAmbientAffineRestrict A (Submodule.map B.subtype H) (B.subtype ∘ₗ S ∘ₗ A.mkQ)
      (complexAmbientHybridFilter A (Submodule.map B.subtype H) ambientf) M
C:\Users\Dan\Desktop\Projects\realizable-cmmsa-hardness\docs\native-receipts\ActualSelectedComplementAnalyticMoment\runtime-prebuild\local-native-123542\src\PvNP\RealizableHardness\ActualTypedABCanonicalDCollapse.lean:488:4: error: Type mismatch
  filteredCarrierFunction A (rankedTerminalData tailTower).Bend (B.subtype ∘ₗ S ∘ₗ A.mkQ) ambientf
has type
  (V d ⧸ A →ₗ[F] ↥(rankedTerminalData tailTower).Bend) → ℂ
but is expected to have type
  (PvNP.RealizableHardness.ActualTypedABCanonicalProjection.V✝ d ⧸
        (rankedTerminalData tailTower).Aend →ₗ[PvNP.RealizableHardness.ActualTypedABCanonicalProjection.F✝]
      ↥(rankedTerminalData tailTower).Bend) →
    ℂ
C:\Users\Dan\Desktop\Projects\realizable-cmmsa-hardness\docs\native-receipts\ActualSelectedComplementAnalyticMoment\runtime-prebuild\local-native-123542\src\PvNP\RealizableHardness\ActualTypedABCanonicalDCollapse.lean:526:15: error: unsolved goals
case done.done
n d r : ℕ
T : V d ⧸ ⊥ →ₗ[F] ↥⊤
ambientf : BinaryMatrix n d → ℂ
⊢ (fun M => complexAmbientAffineRestrict ⊥ ⊤ (⊤.subtype ∘ₗ T ∘ₗ ⊥.mkQ) ambientf M) =
    filteredCarrierFunction ⊥ ⊤ (⊤.subtype ∘ₗ T ∘ₗ ⊥.mkQ) ambientf
