lean/PvNP/RealizableHardness/ActualStarCoordinateExtensionLawBridge.lean:47:6: error: No goals to be solved
lean/PvNP/RealizableHardness/ActualStarCoordinateExtensionLawBridge.lean:87:6: error: Function expected at
  extensionTupleLaw
but this term has type
  ?m.1

Note: Expected a function because this term is being applied to the argument
  (coordinateCenterGrass center)

Hint: The identifier `extensionTupleLaw` is unknown, and Lean's `autoImplicit` option causes an unknown identifier to be treated as an implicitly bound variable with an unknown type. However, the unknown type cannot be a function, and a function is what Lean expects here. This is often the result of a typo or a missing `import` or `open` statement.
lean/PvNP/RealizableHardness/ActualStarCoordinateExtensionLawBridge.lean:89:2: warning: Try this: 
  letI̵

The goal is a proposition, so `let` is preferred over `letI`.
The difference between `let` and `letI` is that `letI` inlines the value.
But this is not relevant for proofs because of proof irrelevance.

Note: This linter can be disabled with `set_option linter.style.haveILetI false`
lean/PvNP/RealizableHardness/ActualStarCoordinateExtensionLawBridge.lean:90:2: warning: Try this: 
  letI̵

The goal is a proposition, so `let` is preferred over `letI`.
The difference between `let` and `letI` is that `letI` inlines the value.
But this is not relevant for proofs because of proof irrelevance.

Note: This linter can be disabled with `set_option linter.style.haveILetI false`
lean/PvNP/RealizableHardness/ActualStarCoordinateExtensionLawBridge.lean:111:9: error: Function expected at
  extensionTupleLaw
but this term has type
  ?m.1

Note: Expected a function because this term is being applied to the argument
  (coordinateCenterGrass center)

Hint: The identifier `extensionTupleLaw` is unknown, and Lean's `autoImplicit` option causes an unknown identifier to be treated as an implicitly bound variable with an unknown type. However, the unknown type cannot be a function, and a function is what Lean expects here. This is often the result of a typo or a missing `import` or `open` statement.
lean/PvNP/RealizableHardness/ActualStarCoordinateExtensionLawBridge.lean:115:2: warning: Try this: 
  letI̵

The goal is a proposition, so `let` is preferred over `letI`.
The difference between `let` and `letI` is that `letI` inlines the value.
But this is not relevant for proofs because of proof irrelevance.

Note: This linter can be disabled with `set_option linter.style.haveILetI false`
lean/PvNP/RealizableHardness/ActualStarCoordinateExtensionLawBridge.lean:116:2: warning: Try this: 
  letI̵

The goal is a proposition, so `let` is preferred over `letI`.
The difference between `let` and `letI` is that `letI` inlines the value.
But this is not relevant for proofs because of proof irrelevance.

Note: This linter can be disabled with `set_option linter.style.haveILetI false`
lean/PvNP/RealizableHardness/ActualStarCoordinateExtensionLawBridge.lean:114:78: error: unsolved goals
N m J t : ℕ
I : ActualOccurrenceAllocation.Instance N m
x✝ : Sort u_1
extensionTupleLaw : x✝
center : QuestionCenter I J t
h r : ℕ
ht : t ≤ 2 * h
hh : h ≤ J
inst✝² : Finite ↥(questionCoordinateSpace center)
inst✝¹ : Fintype (Fin r → DomainDraw center h)
inst✝ : Fintype (Fin r → Extension (coordinateCenterGrass center) (J + 2 * h))
witness : Fin r → DomainDraw center h
E : Finset (Fin r → Extension (coordinateCenterGrass center) (J + 2 * h))
this✝ : Nonempty (Fin r → DomainDraw center h) := ⋯
this : Nonempty (Fin r → Extension (coordinateCenterGrass center) (J + 2 * h)) := ⋯
⊢ Sort ?u.82

N m J t : ℕ
I : ActualOccurrenceAllocation.Instance N m
x✝ : Sort u_1
extensionTupleLaw : x✝
center : QuestionCenter I J t
h r : ℕ
ht : t ≤ 2 * h
hh : h ≤ J
inst✝² : Finite ↥(questionCoordinateSpace center)
inst✝¹ : Fintype (Fin r → DomainDraw center h)
inst✝ : Fintype (Fin r → Extension (coordinateCenterGrass center) (J + 2 * h))
witness : Fin r → DomainDraw center h
E : Finset (Fin r → Extension (coordinateCenterGrass center) (J + 2 * h))
this✝ : Nonempty (Fin r → DomainDraw center h) := ⋯
this : Nonempty (Fin r → Extension (coordinateCenterGrass center) (J + 2 * h)) := ⋯
⊢ ?m.132
