lean/PvNP/RealizableHardness/ActualSourceStarLaw.lean:46:4: error: Type mismatch
  Submodule.finrank_mono le_top
has type
  Module.finrank (ZMod 2) ↥↑U ≤ Module.finrank (ZMod 2) ↥⊤
but is expected to have type
  Module.finrank (ZMod 2) ↥↑U ≤ Module.finrank (ZMod 2) V
lean/PvNP/RealizableHardness/ActualSourceStarLaw.lean:49:8: error(lean.unknownIdentifier): Unknown identifier `gaussian_pos`
lean/PvNP/RealizableHardness/ActualSourceStarLaw.lean:51:36: warning: Variable name `hdV` is not explicitly referenced.

Hint: The binding can be removed (if unused) or named `_` (if used implicitly). Alternatively, prefix the name with `_` to silence this warning:
  [apply] _hdV

Note: This linter can be disabled with `set_option linter.unusedVariables false`
lean/PvNP/RealizableHardness/ActualSourceStarLaw.lean:58:26: warning: This simp argument is unused:
  mul_assoc

Hint: Omit it from the simp argument list.
  [apply] simp [Finset.sum_const, mul_left_comm, mul_comm]

Note: This linter can be disabled with `set_option linter.unusedSimpArgs false`
lean/PvNP/RealizableHardness/ActualSourceStarLaw.lean:58:37: warning: This simp argument is unused:
  mul_left_comm

Hint: Omit it from the simp argument list.
  [apply] simp [Finset.sum_const, mul_assoc, mul_comm]

Note: This linter can be disabled with `set_option linter.unusedSimpArgs false`
lean/PvNP/RealizableHardness/ActualSourceStarLaw.lean:58:52: warning: This simp argument is unused:
  mul_comm

Hint: Omit it from the simp argument list.
  [apply] simp [Finset.sum_const, mul_assoc, mul_left_comm]

Note: This linter can be disabled with `set_option linter.unusedSimpArgs false`
lean/PvNP/RealizableHardness/ActualSourceStarLaw.lean:66:8: error(lean.unknownIdentifier): Unknown identifier `GrassCounting.card_grass`
lean/PvNP/RealizableHardness/ActualSourceStarLaw.lean:80:7: error(lean.synthInstanceFailed): failed to synthesize instance of type class
  Nonempty (Grass V t)

Hint: Type class instance resolution failures can be inspected with the `set_option trace.Meta.synthInstance true` command.
lean/PvNP/RealizableHardness/ActualSourceStarLaw.lean:81:22: error(lean.synthInstanceFailed): failed to synthesize instance of type class
  Nonempty (Extension U d)

Hint: Type class instance resolution failures can be inspected with the `set_option trace.Meta.synthInstance true` command.
lean/PvNP/RealizableHardness/ActualSourceStarLaw.lean:83:2: warning: Try this: 
  haveI̵

The goal is a proposition, so `have` is preferred over `haveI`.
The difference between `have` and `haveI` is that `haveI` inlines the value.
But this is not relevant for proofs because of proof irrelevance.

Note: This linter can be disabled with `set_option linter.style.haveILetI false`
lean/PvNP/RealizableHardness/ActualSourceStarLaw.lean:86:4: error: Type mismatch
  Submodule.finrank_mono le_top
has type
  Module.finrank (ZMod 2) ↥↑U ≤ Module.finrank (ZMod 2) ↥⊤
but is expected to have type
  Module.finrank (ZMod 2) ↥↑U ≤ Module.finrank (ZMod 2) V
lean/PvNP/RealizableHardness/ActualSourceStarLaw.lean:87:2: warning: Try this: 
  haveI̵

The goal is a proposition, so `have` is preferred over `haveI`.
The difference between `have` and `haveI` is that `haveI` inlines the value.
But this is not relevant for proofs because of proof irrelevance.

Note: This linter can be disabled with `set_option linter.style.haveILetI false`
lean/PvNP/RealizableHardness/ActualSourceStarLaw.lean:88:6: warning: declaration uses `sorry`
lean/PvNP/RealizableHardness/ActualSourceStarLaw.lean:140:54: error(lean.unknownIdentifier): Unknown identifier `m`
lean/PvNP/RealizableHardness/ActualSourceStarLaw.lean:145:54: error(lean.unknownIdentifier): Unknown identifier `m`
lean/PvNP/RealizableHardness/ActualSourceStarLaw.lean:154:46: error: Invalid argument name `m` for function `acceptanceMass`

Hint: Perhaps you meant one of the following parameter names:
  • `htd`: m̵h̲t̲d̲
  • `hdV`: m̵h̲d̲V̲
  • `Tcenter`: m̵T̲c̲e̲n̲t̲e̲r̲
  • `Tleaf`: m̵T̲l̲e̲a̲f̲
lean/PvNP/RealizableHardness/ActualSourceStarLaw.lean:156:9: error(lean.synthInstanceFailed): failed to synthesize instance of type class
  Nonempty (Grass V t)

Hint: Type class instance resolution failures can be inspected with the `set_option trace.Meta.synthInstance true` command.
lean/PvNP/RealizableHardness/ActualSourceStarLaw.lean:157:24: error(lean.synthInstanceFailed): failed to synthesize instance of type class
  Nonempty (Extension z.fst d)

Hint: Type class instance resolution failures can be inspected with the `set_option trace.Meta.synthInstance true` command.
lean/PvNP/RealizableHardness/ActualSourceStarLaw.lean:169:44: error: Invalid argument name `m` for function `goodStarMass`

Hint: Perhaps you meant one of the following parameter names:
  • `htd`: m̵h̲t̲d̲
  • `hdV`: m̵h̲d̲V̲
  • `Tcenter`: m̵T̲c̲e̲n̲t̲e̲r̲
  • `Tleaf`: m̵T̲l̲e̲a̲f̲
lean/PvNP/RealizableHardness/ActualSourceStarLaw.lean:171:9: error(lean.synthInstanceFailed): failed to synthesize instance of type class
  Nonempty (Grass V t)

Hint: Type class instance resolution failures can be inspected with the `set_option trace.Meta.synthInstance true` command.
lean/PvNP/RealizableHardness/ActualSourceStarLaw.lean:172:24: error(lean.synthInstanceFailed): failed to synthesize instance of type class
  Nonempty (Extension z.fst d)

Hint: Type class instance resolution failures can be inspected with the `set_option trace.Meta.synthInstance true` command.
