ANCHORED_ERRORS_BEGIN
/home/dfredriksen_quantyra_org/gcp_actual_source_star_law_s1_20260924T123233Z/06_direct_main.log:1:lean/PvNP/RealizableHardness/ActualSourceStarLaw.lean:46:4: error: Type mismatch
/home/dfredriksen_quantyra_org/gcp_actual_source_star_law_s1_20260924T123233Z/06_direct_main.log:52:lean/PvNP/RealizableHardness/ActualSourceStarLaw.lean:86:4: error: Type mismatch
/home/dfredriksen_quantyra_org/gcp_actual_source_star_law_s1_20260924T123233Z/06_direct_main.log:69:lean/PvNP/RealizableHardness/ActualSourceStarLaw.lean:154:46: error: Invalid argument name `m` for function `acceptanceMass`
/home/dfredriksen_quantyra_org/gcp_actual_source_star_law_s1_20260924T123233Z/06_direct_main.log:84:lean/PvNP/RealizableHardness/ActualSourceStarLaw.lean:169:44: error: Invalid argument name `m` for function `goodStarMass`
/home/dfredriksen_quantyra_org/gcp_actual_source_star_law_s1_20260924T123233Z/07_direct_checks.log:1:lean/PvNP/RealizableHardness/ActualSourceStarLawChecks.lean:1:0: error: object file '/home/dfredriksen_quantyra_org/gcp_actual_source_star_law_s1_20260924T123233Z_direct_lean/PvNP/RealizableHardness/ActualSourceStarLaw.olean' of module PvNP.RealizableHardness.ActualSourceStarLaw does not exist
/home/dfredriksen_quantyra_org/gcp_actual_source_star_law_s1_20260924T123233Z/08_combined_forced_build.log:392:error: lean/PvNP/RealizableHardness/ActualSourceStarLaw.lean:46:4: Type mismatch
/home/dfredriksen_quantyra_org/gcp_actual_source_star_law_s1_20260924T123233Z/08_combined_forced_build.log:398:error: lean/PvNP/RealizableHardness/ActualSourceStarLaw.lean:49:8: Unknown identifier `gaussian_pos`
/home/dfredriksen_quantyra_org/gcp_actual_source_star_law_s1_20260924T123233Z/08_combined_forced_build.log:426:error: lean/PvNP/RealizableHardness/ActualSourceStarLaw.lean:66:8: Unknown identifier `GrassCounting.card_grass`
/home/dfredriksen_quantyra_org/gcp_actual_source_star_law_s1_20260924T123233Z/08_combined_forced_build.log:427:error: lean/PvNP/RealizableHardness/ActualSourceStarLaw.lean:80:7: failed to synthesize instance of type class
/home/dfredriksen_quantyra_org/gcp_actual_source_star_law_s1_20260924T123233Z/08_combined_forced_build.log:431:error: lean/PvNP/RealizableHardness/ActualSourceStarLaw.lean:81:22: failed to synthesize instance of type class
/home/dfredriksen_quantyra_org/gcp_actual_source_star_law_s1_20260924T123233Z/08_combined_forced_build.log:443:error: lean/PvNP/RealizableHardness/ActualSourceStarLaw.lean:86:4: Type mismatch
/home/dfredriksen_quantyra_org/gcp_actual_source_star_law_s1_20260924T123233Z/08_combined_forced_build.log:458:error: lean/PvNP/RealizableHardness/ActualSourceStarLaw.lean:140:54: Unknown identifier `m`
/home/dfredriksen_quantyra_org/gcp_actual_source_star_law_s1_20260924T123233Z/08_combined_forced_build.log:459:error: lean/PvNP/RealizableHardness/ActualSourceStarLaw.lean:145:54: Unknown identifier `m`
/home/dfredriksen_quantyra_org/gcp_actual_source_star_law_s1_20260924T123233Z/08_combined_forced_build.log:460:error: lean/PvNP/RealizableHardness/ActualSourceStarLaw.lean:154:46: Invalid argument name `m` for function `acceptanceMass`
/home/dfredriksen_quantyra_org/gcp_actual_source_star_law_s1_20260924T123233Z/08_combined_forced_build.log:467:error: lean/PvNP/RealizableHardness/ActualSourceStarLaw.lean:156:9: failed to synthesize instance of type class
/home/dfredriksen_quantyra_org/gcp_actual_source_star_law_s1_20260924T123233Z/08_combined_forced_build.log:471:error: lean/PvNP/RealizableHardness/ActualSourceStarLaw.lean:157:24: failed to synthesize instance of type class
/home/dfredriksen_quantyra_org/gcp_actual_source_star_law_s1_20260924T123233Z/08_combined_forced_build.log:475:error: lean/PvNP/RealizableHardness/ActualSourceStarLaw.lean:169:44: Invalid argument name `m` for function `goodStarMass`
/home/dfredriksen_quantyra_org/gcp_actual_source_star_law_s1_20260924T123233Z/08_combined_forced_build.log:482:error: lean/PvNP/RealizableHardness/ActualSourceStarLaw.lean:171:9: failed to synthesize instance of type class
/home/dfredriksen_quantyra_org/gcp_actual_source_star_law_s1_20260924T123233Z/08_combined_forced_build.log:486:error: lean/PvNP/RealizableHardness/ActualSourceStarLaw.lean:172:24: failed to synthesize instance of type class
/home/dfredriksen_quantyra_org/gcp_actual_source_star_law_s1_20260924T123233Z/08_combined_forced_build.log:492:error: build failed
ANCHORED_ERRORS_END
