C:\Users\Dan\Desktop\Projects\realizable-cmmsa-hardness\docs\native-receipts\ActualSelectedComplementAnalyticMoment\runtime-prebuild\local-native-123542\src\PvNP\RealizableHardness\ActualBinaryMatrixHC46A17DerivativeGlobalTransfer.lean:64:6: error: Type mismatch: After simplification, term
  hderiv
 has type
  @UpToActualNormSqGlobal (Module.finrank F ↥⊤) (Module.finrank F (V d ⧸ U)) (r - 1) ε
    (fixedDomainDerivativeCoordinate U T f)
but is expected to have type
  @UpToActualNormSqGlobal (Module.finrank PvNP.RealizableHardness.BinaryMatrixTypedA15Transport.F✝ ↥⊤)
    (Module.finrank PvNP.RealizableHardness.BinaryMatrixTypedA15Transport.F✝
      (PvNP.RealizableHardness.BinaryMatrixTypedA15Transport.V✝ d ⧸ U))
    (r - 1) ε fun X => filteredCarrierFunction U ⊤ T f ((carrierMatrixEquiv U ⊤).symm X)
C:\Users\Dan\Desktop\Projects\realizable-cmmsa-hardness\docs\native-receipts\ActualSelectedComplementAnalyticMoment\runtime-prebuild\local-native-123542\src\PvNP\RealizableHardness\ActualBinaryMatrixHC46A17DerivativeGlobalTransfer.lean:131:13: error: unexpected token ':='; expected ')', ',' or ':'
C:\Users\Dan\Desktop\Projects\realizable-cmmsa-hardness\docs\native-receipts\ActualSelectedComplementAnalyticMoment\runtime-prebuild\local-native-123542\src\PvNP\RealizableHardness\ActualBinaryMatrixHC46A17DerivativeGlobalTransfer.lean:96:7: error(lean.unknownIdentifier): Unknown identifier `complexAmbientHybridFilter`

Note: It is not possible to treat `complexAmbientHybridFilter` as an implicitly bound variable here because the `autoImplicit` option is set to `false`.
C:\Users\Dan\Desktop\Projects\realizable-cmmsa-hardness\docs\native-receipts\ActualSelectedComplementAnalyticMoment\runtime-prebuild\local-native-123542\src\PvNP\RealizableHardness\ActualBinaryMatrixHC46A17DerivativeGlobalTransfer.lean:99:20: error(lean.unknownIdentifier): Unknown identifier `complexAmbientHybridFilter`
C:\Users\Dan\Desktop\Projects\realizable-cmmsa-hardness\docs\native-receipts\ActualSelectedComplementAnalyticMoment\runtime-prebuild\local-native-123542\src\PvNP\RealizableHardness\ActualBinaryMatrixHC46A17DerivativeGlobalTransfer.lean:128:20: error: Invalid argument name `p` for function `Finset.univ`
C:\Users\Dan\Desktop\Projects\realizable-cmmsa-hardness\docs\native-receipts\ActualSelectedComplementAnalyticMoment\runtime-prebuild\local-native-123542\src\PvNP\RealizableHardness\ActualBinaryMatrixHC46A17DerivativeGlobalTransfer.lean:116:46: error: unsolved goals
case calc.step
n d r : ℕ
ε : ℝ
U : Submodule F (V d)
T : V d →ₗ[F] W n
f : BinaryMatrix n d → ℂ
hderiv : UpToActualNormSqGlobal (r - 1) ε (fixedDomainDerivativeCoordinate U T f)
Q : CarrierRestriction U ⊤
hQ : Q.order ≤ r - 1
g : BinaryMatrix n d → ℝ := fun X => Complex.normSq sorry
hcarrier : (∑ M ∈ Q.fibre, Complex.normSq (filteredCarrierFunction U ⊤ T f M)) / ↑Q.fibre.card ≤ ε
hf : {M | M ∈ Q.fibre} = Q.fibre
⊢ ∑ M with M ∈ Q.fibre, Complex.normSq (filteredCarrierFunction U ⊤ T f M) =
    ∑ M ∈ Q.fibre, Complex.normSq (filteredCarrierFunction U ⊤ T f M)
C:\Users\Dan\Desktop\Projects\realizable-cmmsa-hardness\docs\native-receipts\ActualSelectedComplementAnalyticMoment\runtime-prebuild\local-native-123542\src\PvNP\RealizableHardness\ActualBinaryMatrixHC46A17DerivativeGlobalTransfer.lean:108:40: error: unsolved goals
n d r : ℕ
ε : ℝ
U : Submodule F (V d)
T : V d →ₗ[F] W n
f : BinaryMatrix n d → ℂ
hderiv : UpToActualNormSqGlobal (r - 1) ε (fixedDomainDerivativeCoordinate U T f)
Q : CarrierRestriction U ⊤
hQ : Q.order ≤ r - 1
g : BinaryMatrix n d → ℝ := fun X => Complex.normSq sorry
hcarrier : (∑ M ∈ Q.fibre, Complex.normSq (filteredCarrierFunction U ⊤ T f M)) / ↑Q.fibre.card ≤ ε
hsum :
  ∑ M, Complex.normSq (filteredCarrierFunction U ⊤ T f ↑M) =
    ∑ M ∈ Q.fibre, Complex.normSq (filteredCarrierFunction U ⊤ T f M)
⊢ (∑ M, Complex.normSq (filteredCarrierFunction U ⊤ T f ↑M)) / ↑(Fintype.card ↥Q.fibre) ≤ ε
C:\Users\Dan\Desktop\Projects\realizable-cmmsa-hardness\docs\native-receipts\ActualSelectedComplementAnalyticMoment\runtime-prebuild\local-native-123542\src\PvNP\RealizableHardness\ActualBinaryMatrixHC46A17DerivativeGlobalTransfer.lean:96:70: error: unsolved goals
n d r : ℕ
ε : ℝ
U : Submodule F (V d)
T : V d →ₗ[F] W n
f : BinaryMatrix n d → ℂ
hderiv : UpToActualNormSqGlobal (r - 1) ε (fixedDomainDerivativeCoordinate U T f)
Q : CarrierRestriction U ⊤
hQ : Q.order ≤ r - 1
g : BinaryMatrix n d → ℝ := fun X => Complex.normSq sorry
hcarrier : (∑ M ∈ Q.fibre, Complex.normSq (filteredCarrierFunction U ⊤ T f M)) / ↑Q.fibre.card ≤ ε
hsub : (∑ M, Complex.normSq (filteredCarrierFunction U ⊤ T f ↑M)) / ↑(Fintype.card ↥Q.fibre) ≤ ε
⊢ fibreEnergy (liftCarrierRestriction U ⊤ T Q).fibre sorry ≤ ε
C:\Users\Dan\Desktop\Projects\realizable-cmmsa-hardness\docs\native-receipts\ActualSelectedComplementAnalyticMoment\runtime-prebuild\local-native-123542\src\PvNP\RealizableHardness\ActualBinaryMatrixHC46A17DerivativeGlobalTransfer.lean:206:50: error: `simp` made no progress
