lean/PvNP/RealizableHardness/ActualStarCoordinateExtensionLawBridge.lean:85:4: error(lean.synthInstanceFailed): failed to synthesize instance of type class
  Fintype (Fin r → Extension (coordinateCenterGrass center) (J + 2 * h))

Hint: Type class instance resolution failures can be inspected with the `set_option trace.Meta.synthInstance true` command.
lean/PvNP/RealizableHardness/ActualStarCoordinateExtensionLawBridge.lean:89:2: warning: Try this: 
  letI̵

The goal is a proposition, so `let` is preferred over `letI`.
The difference between `let` and `letI` is that `letI` inlines the value.
But this is not relevant for proofs because of proof irrelevance.

Note: This linter can be disabled with `set_option linter.style.haveILetI false`
lean/PvNP/RealizableHardness/ActualStarCoordinateExtensionLawBridge.lean:90:2: warning: Try this: 
  letI̵

The goal is a proposition, so `let` is preferred over `letI`.
The difference between `let` and `letI` is that `letI` inlines the value.
But this is not relevant for proofs because of proof irrelevance.

Note: This linter can be disabled with `set_option linter.style.haveILetI false`
lean/PvNP/RealizableHardness/ActualStarCoordinateExtensionLawBridge.lean:93:9: error(lean.synthInstanceFailed): failed to synthesize instance of type class
  Fintype (Fin r → Extension (coordinateCenterGrass center) (J + 2 * h))

Hint: Type class instance resolution failures can be inspected with the `set_option trace.Meta.synthInstance true` command.
lean/PvNP/RealizableHardness/ActualStarCoordinateExtensionLawBridge.lean:95:4: error(lean.synthInstanceFailed): failed to synthesize instance of type class
  Fintype (Fin r → Extension (coordinateCenterGrass center) (J + 2 * h))

Hint: Type class instance resolution failures can be inspected with the `set_option trace.Meta.synthInstance true` command.
lean/PvNP/RealizableHardness/ActualStarCoordinateExtensionLawBridge.lean:109:4: error(lean.synthInstanceFailed): failed to synthesize instance of type class
  Fintype (Fin r → Extension (coordinateCenterGrass center) (J + 2 * h))

Hint: Type class instance resolution failures can be inspected with the `set_option trace.Meta.synthInstance true` command.
lean/PvNP/RealizableHardness/ActualStarCoordinateExtensionLawBridge.lean:113:9: error(lean.synthInstanceFailed): failed to synthesize instance of type class
  Fintype (Fin r → Extension (coordinateCenterGrass center) (J + 2 * h))

Hint: Type class instance resolution failures can be inspected with the `set_option trace.Meta.synthInstance true` command.
lean/PvNP/RealizableHardness/ActualStarCoordinateExtensionLawBridge.lean:114:2: warning: Try this: 
  letI̵

The goal is a proposition, so `let` is preferred over `letI`.
The difference between `let` and `letI` is that `letI` inlines the value.
But this is not relevant for proofs because of proof irrelevance.

Note: This linter can be disabled with `set_option linter.style.haveILetI false`
lean/PvNP/RealizableHardness/ActualStarCoordinateExtensionLawBridge.lean:115:2: warning: Try this: 
  letI̵

The goal is a proposition, so `let` is preferred over `letI`.
The difference between `let` and `letI` is that `letI` inlines the value.
But this is not relevant for proofs because of proof irrelevance.

Note: This linter can be disabled with `set_option linter.style.haveILetI false`
