C:\Users\Dan\Desktop\Projects\realizable-cmmsa-hardness\docs\native-receipts\ActualSelectedComplementAnalyticMoment\runtime-prebuild\local-native-123542\src\PvNP\RealizableHardness\ActualBinaryMatrixHC46A18SourceConditioning.lean:42:35: warning: Variable name `hB` is not explicitly referenced.

Hint: The binding can be removed (if unused) or named `_` (if used implicitly). Alternatively, prefix the name with `_` to silence this warning:
  [apply] _hB

Note: This linter can be disabled with `set_option linter.unusedVariables false`
C:\Users\Dan\Desktop\Projects\realizable-cmmsa-hardness\docs\native-receipts\ActualSelectedComplementAnalyticMoment\runtime-prebuild\local-native-123542\src\PvNP\RealizableHardness\ActualBinaryMatrixHC46A18SourceConditioning.lean:75:37: warning: This simp argument is unused:
  add_left_comm

Hint: Omit it from the simp argument list.
  [apply] simp [sub_eq_add_neg, add_assoc, add_comm]

Note: This linter can be disabled with `set_option linter.unusedSimpArgs false`
C:\Users\Dan\Desktop\Projects\realizable-cmmsa-hardness\docs\native-receipts\ActualSelectedComplementAnalyticMoment\runtime-prebuild\local-native-123542\src\PvNP\RealizableHardness\ActualBinaryMatrixHC46A18SourceConditioning.lean:75:52: warning: This simp argument is unused:
  add_comm

Hint: Omit it from the simp argument list.
  [apply] simp [sub_eq_add_neg, add_assoc, add_left_comm]

Note: This linter can be disabled with `set_option linter.unusedSimpArgs false`
C:\Users\Dan\Desktop\Projects\realizable-cmmsa-hardness\docs\native-receipts\ActualSelectedComplementAnalyticMoment\runtime-prebuild\local-native-123542\src\PvNP\RealizableHardness\ActualBinaryMatrixHC46A18SourceConditioning.lean:79:26: warning: This simp argument is unused:
  add_assoc

Hint: Omit it from the simp argument list.
  [apply] simp [sub_eq_add_neg, add_left_comm, add_comm]

Note: This linter can be disabled with `set_option linter.unusedSimpArgs false`
C:\Users\Dan\Desktop\Projects\realizable-cmmsa-hardness\docs\native-receipts\ActualSelectedComplementAnalyticMoment\runtime-prebuild\local-native-123542\src\PvNP\RealizableHardness\ActualBinaryMatrixHC46A18SourceConditioning.lean:313:34: warning: This simp argument is unused:
  LinearEquiv.apply_symm_apply

Hint: Omit it from the simp argument list.
  [apply] simp [LinearMap.comp_apply]

Note: This linter can be disabled with `set_option linter.unusedSimpArgs false`
C:\Users\Dan\Desktop\Projects\realizable-cmmsa-hardness\docs\native-receipts\ActualSelectedComplementAnalyticMoment\runtime-prebuild\local-native-123542\src\PvNP\RealizableHardness\ActualBinaryMatrixHC46A18SourceConditioning.lean:316:10: warning: Unused tactic linter: `change (eW.symm.toLinearMap.comp (eW.toLinearMap.comp T.1)) qv = wExt` does nothing

Note: This linter can be disabled with `set_option linter.unusedTactic false`
