WORKTREE_HEAD=167eb7904cddf00c000e63bc4bf2bc643ee4df40
WORKTREE_BRANCH=DETACHED
WORKTREE_STATUS_BEGIN
?? lean/PvNP/RealizableHardness/ActualStarDomainDrawTwoIndexEventBridge.lean
?? lean/PvNP/RealizableHardness/ActualStarDomainDrawTwoIndexEventBridgeChecks.lean
?? lean/PvNP/RealizableHardness/ActualStarFixedRhoTwoIndexGuard.lean
?? lean/PvNP/RealizableHardness/ActualStarFixedRhoTwoIndexGuardChecks.lean
?? lean/PvNP/RealizableHardness/ActualStarSameLawTwoIndexComposition.lean
?? lean/PvNP/RealizableHardness/ActualStarSameLawTwoIndexCompositionChecks.lean
WORKTREE_STATUS_END
OVERLAY_COUNT=6
OVERLAYS_BEGIN
lean/PvNP/RealizableHardness/ActualStarFixedRhoTwoIndexGuard.lean
lean/PvNP/RealizableHardness/ActualStarFixedRhoTwoIndexGuardChecks.lean
lean/PvNP/RealizableHardness/ActualStarDomainDrawTwoIndexEventBridge.lean
lean/PvNP/RealizableHardness/ActualStarDomainDrawTwoIndexEventBridgeChecks.lean
lean/PvNP/RealizableHardness/ActualStarSameLawTwoIndexComposition.lean
lean/PvNP/RealizableHardness/ActualStarSameLawTwoIndexCompositionChecks.lean
OVERLAYS_END
SOURCE_HASHES_BEGIN
05091033dc0b527a92433386cc714d6d2493a43ac0c3a7eaad43dc4cb4497908  /home/dfredriksen_quantyra_org/gcp_actual_star_two_index_composition_b50ap_20260926T021427Z_worktree/lean/PvNP/RealizableHardness/ActualStarFixedRhoTwoIndexGuard.lean
ec76fb51733fd6c7d3152e55671ab994578371b4bbd58b8c4dd7e76489d25a8e  /home/dfredriksen_quantyra_org/gcp_actual_star_two_index_composition_b50ap_20260926T021427Z_worktree/lean/PvNP/RealizableHardness/ActualStarFixedRhoTwoIndexGuardChecks.lean
33f8c9a18fb0676ad436bfd311b3bcef0cbb98c80a7e288f9a408808bd51b8c0  /home/dfredriksen_quantyra_org/gcp_actual_star_two_index_composition_b50ap_20260926T021427Z_worktree/lean/PvNP/RealizableHardness/ActualStarDomainDrawTwoIndexEventBridge.lean
8f4e8979dbc658f1d14beee371b27c452e98ab24c44c03c87a0fa1293137fe36  /home/dfredriksen_quantyra_org/gcp_actual_star_two_index_composition_b50ap_20260926T021427Z_worktree/lean/PvNP/RealizableHardness/ActualStarDomainDrawTwoIndexEventBridgeChecks.lean
cdeff63dc4479587f5d818cb44918c1ff9baa43b4eb9c163852ffd1e810b62fe  /home/dfredriksen_quantyra_org/gcp_actual_star_two_index_composition_b50ap_20260926T021427Z_worktree/lean/PvNP/RealizableHardness/ActualStarSameLawTwoIndexComposition.lean
c4322fbc4f77ec03b6d28c0529cc605084f9626f12bafadf4a1e0203c2feb0d2  /home/dfredriksen_quantyra_org/gcp_actual_star_two_index_composition_b50ap_20260926T021427Z_worktree/lean/PvNP/RealizableHardness/ActualStarSameLawTwoIndexCompositionChecks.lean
8190e75a201741065fe508b28955dd64dd72d090babe5f70ce6848879d68ae88  /home/dfredriksen_quantyra_org/gcp_actual_star_two_index_composition_b50ap_20260926T021427Z_worktree/lean-toolchain
03c6564b4a501867a608a3439198e41b88eedf17e3c79c6bfd01790f6ae34cbe  /home/dfredriksen_quantyra_org/gcp_actual_star_two_index_composition_b50ap_20260926T021427Z_worktree/lakefile.toml
825d2e1a20005a259fdf5b181528b391dd6ba18a52c86127caf4c3be990e04f0  /home/dfredriksen_quantyra_org/gcp_actual_star_two_index_composition_b50ap_20260926T021427Z_worktree/lake-manifest.json
SOURCE_HASHES_END
CACHE_LINKS_BEGIN
lrwxrwxrwx 1 dfredriksen_quantyra_org dfredriksen_quantyra_org 65 Sep 26 02:16 /home/dfredriksen_quantyra_org/gcp_actual_star_two_index_composition_b50ap_20260926T021427Z_worktree/.lake/build -> /home/dfredriksen_quantyra_org/mz24-fixed-rho-de048da/.lake/build
lrwxrwxrwx 1 dfredriksen_quantyra_org dfredriksen_quantyra_org 68 Sep 26 02:16 /home/dfredriksen_quantyra_org/gcp_actual_star_two_index_composition_b50ap_20260926T021427Z_worktree/.lake/packages -> /home/dfredriksen_quantyra_org/mz24-fixed-rho-de048da/.lake/packages
/home/dfredriksen_quantyra_org/mz24-fixed-rho-de048da/.lake/packages
/home/dfredriksen_quantyra_org/mz24-fixed-rho-de048da/.lake/build
CACHE_LINKS_END
