⚠ [2203/2317] Replayed PvNP.RealizableHardness.BinaryMatrixFourier
warning: lean/PvNP/RealizableHardness/BinaryMatrixFourier.lean:126:8: `if_pos` has been deprecated: Use `ite_eq_left` instead
warning: lean/PvNP/RealizableHardness/BinaryMatrixFourier.lean:132:8: `if_neg` has been deprecated: Use `ite_eq_right` instead
⚠ [2205/2317] Replayed PvNP.RealizableHardness.BinaryMatrixHybridSelector
warning: lean/PvNP/RealizableHardness/BinaryMatrixHybridSelector.lean:71:8: `if_pos` has been deprecated: Use `ite_eq_left` instead
warning: lean/PvNP/RealizableHardness/BinaryMatrixHybridSelector.lean:90:8: `if_neg` has been deprecated: Use `ite_eq_right` instead
⚠ [2207/2317] Replayed PvNP.RealizableHardness.BinaryMatrixLineTranslation
warning: lean/PvNP/RealizableHardness/BinaryMatrixLineTranslation.lean:243:4: try 'simp' instead of 'simpa'

Note: This linter can be disabled with `set_option linter.unnecessarySimpa false`
warning: lean/PvNP/RealizableHardness/BinaryMatrixLineTranslation.lean:315:8: `if_neg` has been deprecated: Use `ite_eq_right` instead
warning: lean/PvNP/RealizableHardness/BinaryMatrixLineTranslation.lean:407:15: `if_neg` has been deprecated: Use `ite_eq_right` instead
warning: lean/PvNP/RealizableHardness/BinaryMatrixLineTranslation.lean:433:41: This simp argument is unused:
  s

Hint: Omit it from the simp argument list.
  [apply] simp [hs, hr]

Note: This linter can be disabled with `set_option linter.unusedSimpArgs false`
warning: lean/PvNP/RealizableHardness/BinaryMatrixLineTranslation.lean:555:15: `if_neg` has been deprecated: Use `ite_eq_right` instead
warning: lean/PvNP/RealizableHardness/BinaryMatrixLineTranslation.lean:592:57: This simp argument is unused:
  mul_assoc

Hint: Omit it from the simp argument list.
  [apply] simp [hr, hs]

Note: This linter can be disabled with `set_option linter.unusedSimpArgs false`
⚠ [2208/2317] Replayed PvNP.RealizableHardness.BinaryMatrixLineA14
warning: lean/PvNP/RealizableHardness/BinaryMatrixLineA14.lean:88:8: `if_pos` has been deprecated: Use `ite_eq_left` instead
warning: lean/PvNP/RealizableHardness/BinaryMatrixLineA14.lean:97:8: `if_neg` has been deprecated: Use `ite_eq_right` instead
⚠ [2283/2317] Replayed PvNP.RealizableHardness.BinaryMatrixA1TypedFourier
warning: lean/PvNP/RealizableHardness/BinaryMatrixA1TypedFourier.lean:198:8: `if_pos` has been deprecated: Use `ite_eq_left` instead
warning: lean/PvNP/RealizableHardness/BinaryMatrixA1TypedFourier.lean:204:8: `if_neg` has been deprecated: Use `ite_eq_right` instead
warning: lean/PvNP/RealizableHardness/BinaryMatrixA1TypedFourier.lean:236:8: `if_pos` has been deprecated: Use `ite_eq_left` instead
warning: lean/PvNP/RealizableHardness/BinaryMatrixA1TypedFourier.lean:242:8: `if_neg` has been deprecated: Use `ite_eq_right` instead
⚠ [2285/2317] Replayed PvNP.RealizableHardness.BinaryMatrixA1CoefficientTransfer
warning: lean/PvNP/RealizableHardness/BinaryMatrixA1CoefficientTransfer.lean:111:15: `if_pos` has been deprecated: Use `ite_eq_left` instead
⚠ [2286/2317] Replayed PvNP.RealizableHardness.BinaryMatrixA1Composition
warning: lean/PvNP/RealizableHardness/BinaryMatrixA1Composition.lean:40:15: `if_pos` has been deprecated: Use `ite_eq_left` instead
warning: lean/PvNP/RealizableHardness/BinaryMatrixA1Composition.lean:102:5: Variable name `hA` is not explicitly referenced.

Hint: The binding can be removed (if unused) or named `_` (if used implicitly). Alternatively, prefix the name with `_` to silence this warning:
  [apply] _hA

Note: This linter can be disabled with `set_option linter.unusedVariables false`
warning: lean/PvNP/RealizableHardness/BinaryMatrixA1Composition.lean:102:20: Variable name `hB` is not explicitly referenced.

Hint: The binding can be removed (if unused) or named `_` (if used implicitly). Alternatively, prefix the name with `_` to silence this warning:
  [apply] _hB

Note: This linter can be disabled with `set_option linter.unusedVariables false`
warning: lean/PvNP/RealizableHardness/BinaryMatrixA1Composition.lean:172:43: `if_pos` has been deprecated: Use `ite_eq_left` instead
⚠ [2289/2317] Replayed PvNP.RealizableHardness.BinaryMatrixComplexA15
warning: lean/PvNP/RealizableHardness/BinaryMatrixComplexA15.lean:35:4: Unused tactic linter: `change fibreEnergy R.fibre f ≤ ε` does nothing

Note: This linter can be disabled with `set_option linter.unusedTactic false`
warning: lean/PvNP/RealizableHardness/BinaryMatrixComplexA15.lean:46:2: Unused tactic linter: `change fibreEnergy Q.fibre f ≤ ε` does nothing

Note: This linter can be disabled with `set_option linter.unusedTactic false`
warning: lean/PvNP/RealizableHardness/BinaryMatrixComplexA15.lean:184:24: This simp argument is unused:
  zero_add

Hint: Omit it from the simp argument list.
  [apply] simp only [Complex.normSq_apply, Complex.sub_re, Complex.sub_im, Complex.mul_re, Complex.mul_im,
    Complex.ofReal_re, Complex.ofReal_im, zero_mul, sub_zero, mul_zero]

Note: This linter can be disabled with `set_option linter.unusedSimpArgs false`
warning: lean/PvNP/RealizableHardness/BinaryMatrixComplexA15.lean:184:34: This simp argument is unused:
  mul_zero

Hint: Omit it from the simp argument list.
  [apply] simp only [Complex.normSq_apply, Complex.sub_re, Complex.sub_im, Complex.mul_re, Complex.mul_im,
    Complex.ofReal_re, Complex.ofReal_im, zero_mul, sub_zero, zero_add]

Note: This linter can be disabled with `set_option linter.unusedSimpArgs false`
⚠ [2301/2317] Replayed PvNP.RealizableHardness.BinaryMatrixTypedA15HyperplaneGlobal
warning: lean/PvNP/RealizableHardness/BinaryMatrixTypedA15HyperplaneGlobal.lean:48:25: Variable name `hH` is not explicitly referenced.

Hint: The binding can be removed (if unused) or named `_` (if used implicitly). Alternatively, prefix the name with `_` to silence this warning:
  [apply] _hH

Note: This linter can be disabled with `set_option linter.unusedVariables false`
⚠ [2303/2317] Replayed PvNP.RealizableHardness.BinaryMatrixTypedA15HyperplaneReducedGlobal
warning: lean/PvNP/RealizableHardness/BinaryMatrixTypedA15HyperplaneReducedGlobal.lean:54:25: Variable name `hH` is not explicitly referenced.

Hint: The binding can be removed (if unused) or named `_` (if used implicitly). Alternatively, prefix the name with `_` to silence this warning:
  [apply] _hH

Note: This linter can be disabled with `set_option linter.unusedVariables false`
warning: lean/PvNP/RealizableHardness/BinaryMatrixTypedA15HyperplaneReducedGlobal.lean:64:25: Variable name `hH` is not explicitly referenced.

Hint: The binding can be removed (if unused) or named `_` (if used implicitly). Alternatively, prefix the name with `_` to silence this warning:
  [apply] _hH

Note: This linter can be disabled with `set_option linter.unusedVariables false`
warning: lean/PvNP/RealizableHardness/BinaryMatrixTypedA15HyperplaneReducedGlobal.lean:84:25: Variable name `hH` is not explicitly referenced.

Hint: The binding can be removed (if unused) or named `_` (if used implicitly). Alternatively, prefix the name with `_` to silence this warning:
  [apply] _hH

Note: This linter can be disabled with `set_option linter.unusedVariables false`
warning: lean/PvNP/RealizableHardness/BinaryMatrixTypedA15HyperplaneReducedGlobal.lean:98:25: Variable name `hH` is not explicitly referenced.

Hint: The binding can be removed (if unused) or named `_` (if used implicitly). Alternatively, prefix the name with `_` to silence this warning:
  [apply] _hH

Note: This linter can be disabled with `set_option linter.unusedVariables false`
warning: lean/PvNP/RealizableHardness/BinaryMatrixTypedA15HyperplaneReducedGlobal.lean:236:25: Variable name `hH` is not explicitly referenced.

Hint: The binding can be removed (if unused) or named `_` (if used implicitly). Alternatively, prefix the name with `_` to silence this warning:
  [apply] _hH

Note: This linter can be disabled with `set_option linter.unusedVariables false`
⚠ [2305/2317] Replayed PvNP.RealizableHardness.BinaryMatrixTypedA14HyperplaneReduced
warning: lean/PvNP/RealizableHardness/BinaryMatrixTypedA14HyperplaneReduced.lean:35:55: Variable name `hH` is not explicitly referenced.

Hint: The binding can be removed (if unused) or named `_` (if used implicitly). Alternatively, prefix the name with `_` to silence this warning:
  [apply] _hH

Note: This linter can be disabled with `set_option linter.unusedVariables false`
warning: lean/PvNP/RealizableHardness/BinaryMatrixTypedA14HyperplaneReduced.lean:119:55: Variable name `hH` is not explicitly referenced.

Hint: The binding can be removed (if unused) or named `_` (if used implicitly). Alternatively, prefix the name with `_` to silence this warning:
  [apply] _hH

Note: This linter can be disabled with `set_option linter.unusedVariables false`
⚠ [2307/2317] Replayed PvNP.RealizableHardness.BinaryMatrixA15BaseCase
warning: lean/PvNP/RealizableHardness/BinaryMatrixA15BaseCase.lean:31:4: Try this: 
  haveI̵

The goal is a proposition, so `have` is preferred over `haveI`.
The difference between `have` and `haveI` is that `haveI` inlines the value.
But this is not relevant for proofs because of proof irrelevance.

Note: This linter can be disabled with `set_option linter.style.haveILetI false`
⚠ [2312/2317] Replayed PvNP.RealizableHardness.BinaryMatrixTypedHyperplaneIntrinsicP
warning: lean/PvNP/RealizableHardness/BinaryMatrixTypedHyperplaneIntrinsicP.lean:138:35: This simp argument is unused:
  Module.Basis.dualBasis_equivFun

Hint: Omit it from the simp argument list.
  [apply] simp [hyperplaneMatrixEquiv, hyperplaneShiftVectorIndex, lineShift, lineFunctional]

Note: This linter can be disabled with `set_option linter.unusedSimpArgs false`
⚠ [2314/2317] Replayed PvNP.RealizableHardness.BinaryMatrixA15SelectedBridge
warning: lean/PvNP/RealizableHardness/BinaryMatrixA15SelectedBridge.lean:44:10: try 'simp' instead of 'simpa'

Note: This linter can be disabled with `set_option linter.unnecessarySimpa false`
warning: lean/PvNP/RealizableHardness/BinaryMatrixA15SelectedBridge.lean:50:10: try 'simp' instead of 'simpa'

Note: This linter can be disabled with `set_option linter.unnecessarySimpa false`
✖ [2316/2317] Building PvNP.RealizableHardness.ActualTypedIntrinsicWitnessNaturality (8.1s)
trace: .> LEAN_PATH=/home/dfredriksen_quantyra_org/cmmsa_analytic_20260930T040837Z/.lake/packages/Cli/.lake/build/lib/lean:/home/dfredriksen_quantyra_org/cmmsa_analytic_20260930T040837Z/.lake/packages/batteries/.lake/build/lib/lean:/home/dfredriksen_quantyra_org/cmmsa_analytic_20260930T040837Z/.lake/packages/Qq/.lake/build/lib/lean:/home/dfredriksen_quantyra_org/cmmsa_analytic_20260930T040837Z/.lake/packages/aesop/.lake/build/lib/lean:/home/dfredriksen_quantyra_org/cmmsa_analytic_20260930T040837Z/.lake/packages/proofwidgets/.lake/build/lib/lean:/home/dfredriksen_quantyra_org/cmmsa_analytic_20260930T040837Z/.lake/packages/importGraph/.lake/build/lib/lean:/home/dfredriksen_quantyra_org/cmmsa_analytic_20260930T040837Z/.lake/packages/LeanSearchClient/.lake/build/lib/lean:/home/dfredriksen_quantyra_org/cmmsa_analytic_20260930T040837Z/.lake/packages/plausible/.lake/build/lib/lean:/home/dfredriksen_quantyra_org/cmmsa_analytic_20260930T040837Z/.lake/packages/complexitylib/.lake/build/lib/lean:/home/dfredriksen_quantyra_org/cmmsa_analytic_20260930T040837Z/.lake/packages/mathlib/.lake/build/lib/lean:/home/dfredriksen_quantyra_org/cmmsa_analytic_20260930T040837Z/.lake/packages/cslib/.lake/build/lib/lean:/home/dfredriksen_quantyra_org/cmmsa_analytic_20260930T040837Z/.lake/build/lib/lean /home/dfredriksen_quantyra_org/.elan/toolchains/leanprover--lean4---v4.34.0-rc2/bin/lean /home/dfredriksen_quantyra_org/cmmsa_analytic_20260930T040837Z/lean/PvNP/RealizableHardness/ActualTypedIntrinsicWitnessNaturality.lean -o /home/dfredriksen_quantyra_org/cmmsa_analytic_20260930T040837Z/.lake/build/lib/lean/PvNP/RealizableHardness/ActualTypedIntrinsicWitnessNaturality.olean -i /home/dfredriksen_quantyra_org/cmmsa_analytic_20260930T040837Z/.lake/build/lib/lean/PvNP/RealizableHardness/ActualTypedIntrinsicWitnessNaturality.ilean -c /home/dfredriksen_quantyra_org/cmmsa_analytic_20260930T040837Z/.lake/build/ir/PvNP/RealizableHardness/ActualTypedIntrinsicWitnessNaturality.c --setup /home/dfredriksen_quantyra_org/cmmsa_analytic_20260930T040837Z/.lake/build/ir/PvNP/RealizableHardness/ActualTypedIntrinsicWitnessNaturality.setup.json --json
error: lean/PvNP/RealizableHardness/ActualTypedIntrinsicWitnessNaturality.lean:19:21: failed to synthesize instance of type class
  AddCommMonoid D

Hint: Type class instance resolution failures can be inspected with the `set_option trace.Meta.synthInstance true` command.
error: lean/PvNP/RealizableHardness/ActualTypedIntrinsicWitnessNaturality.lean:119:39: unsolved goals
D : Type u_1
D' : Type u_2
C : Type u_3
C' : Type u_4
inst✝¹⁹ : AddCommGroup D
inst✝¹⁸ : Module F D
inst✝¹⁷ : Fintype D
inst✝¹⁶ : AddCommGroup D'
inst✝¹⁵ : Module F D'
inst✝¹⁴ : Fintype D'
inst✝¹³ : AddCommGroup C
inst✝¹² : Module F C
inst✝¹¹ : Fintype C
inst✝¹⁰ : AddCommGroup C'
inst✝⁹ : Module F C'
inst✝⁸ : Fintype C'
inst✝⁷ : Fintype (D →ₗ[F] F)
inst✝⁶ : DecidableEq (D →ₗ[F] F)
inst✝⁵ : Fintype (D' →ₗ[F] F)
inst✝⁴ : DecidableEq (D' →ₗ[F] F)
inst✝³ : Fintype (D →ₗ[F] C)
inst✝² : DecidableEq (D →ₗ[F] C)
inst✝¹ : Fintype (D' →ₗ[F] C')
inst✝ : DecidableEq (D' →ₗ[F] C')
eD : D' ≃ₗ[F] D
eC : C' ≃ₗ[F] C
v : D
f : (D →ₗ[F] C) → ℂ
M : D →ₗ[F] C
φMap : { φ // φ v = 1 } → { φ // φ (eD.symm v) = 1 } := fun φ => ⟨↑φ ∘ₗ ↑eD, ⋯⟩
hφMap : Function.Bijective φMap
eIndex : { φ // φ v = 1 } × C ≃ { φ // φ (eD.symm v) = 1 } × C' :=
  (Equiv.ofBijective φMap hφMap).prodCongr eC.symm.toEquiv
p : { φ // φ v = 1 } × C
⊢ (eD.symm.arrowCongr eC.symm) ((↑p.1).smulRight p.2) = (↑p.1 ∘ₗ ↑eD).smulRight (eC.symm p.2)
warning: lean/PvNP/RealizableHardness/ActualTypedIntrinsicWitnessNaturality.lean:125:41: This simp argument is unused:
  LinearEquiv.arrowCongr_apply

Hint: Omit it from the simp argument list.
  [apply] simp [eIndex, φMap, mapReindexEquiv, LinearMap.comp_apply, LinearMap.smulRight_apply]

Note: This linter can be disabled with `set_option linter.unusedSimpArgs false`
warning: lean/PvNP/RealizableHardness/ActualTypedIntrinsicWitnessNaturality.lean:126:6: This simp argument is unused:
  LinearMap.comp_apply

Hint: Omit it from the simp argument list.
  [apply] simp [eIndex, φMap, mapReindexEquiv, LinearEquiv.arrowCongr_apply, LinearMap.smulRight_apply]

Note: This linter can be disabled with `set_option linter.unusedSimpArgs false`
warning: lean/PvNP/RealizableHardness/ActualTypedIntrinsicWitnessNaturality.lean:126:28: This simp argument is unused:
  LinearMap.smulRight_apply

Hint: Omit it from the simp argument list.
  [apply] simp [eIndex, φMap, mapReindexEquiv, LinearEquiv.arrowCongr_apply, LinearMap.comp_apply]

Note: This linter can be disabled with `set_option linter.unusedSimpArgs false`
error: lean/PvNP/RealizableHardness/ActualTypedIntrinsicWitnessNaturality.lean:220:15: Type mismatch
  T (eD x') + (eN.symm N') (q (eD x'))
has type
  C
of sort `Type u_5` but is expected to have type
  C'
of sort `Type u_6`
error: lean/PvNP/RealizableHardness/ActualTypedIntrinsicWitnessNaturality.lean:221:9: Application type mismatch: The argument
  T (eD x')
has type
  C
of sort `Type u_5` but is expected to have type
  C'
of sort `Type u_6` in the application
  eC (T (eD x'))
error: lean/PvNP/RealizableHardness/ActualTypedIntrinsicWitnessNaturality.lean:221:6: failed to synthesize instance of type class
  HAdd C C' ?m.432

Hint: Type class instance resolution failures can be inspected with the `set_option trace.Meta.synthInstance true` command.
error: lean/PvNP/RealizableHardness/ActualTypedIntrinsicWitnessNaturality.lean:226:4: Unknown identifier `rw`
error: lean/PvNP/RealizableHardness/ActualTypedIntrinsicWitnessNaturality.lean:226:7: unexpected token '['; expected command
error: lean/PvNP/RealizableHardness/ActualTypedIntrinsicWitnessNaturality.lean:248:35: unsolved goals
D : Type u_1
D' : Type u_2
inst✝³ : AddCommGroup D
inst✝² : Module F D
inst✝¹ : AddCommGroup D'
inst✝ : Module F D'
e : D' ≃ₗ[F] D
L : Submodule F D
L' : Submodule F D'
hL : Submodule.map (↑e) L' = L
x : D
hx : x ∈ L
hxmap : x ∈ Submodule.map (↑e) L'
y : D'
hy : y ∈ L'
hxy : ↑e y = x
⊢ e.symm (↑e y) = e.symm (e y)
error: lean/PvNP/RealizableHardness/ActualTypedIntrinsicWitnessNaturality.lean:319:4: Type mismatch
  hz
has type
  (intrinsicLineScalarEquiv L hL) ((lineScalarEquiv L hL).symm 1) = 0
but is expected to have type
  (intrinsicLineScalarEquiv L hL) ((lineScalarEquiv L hL).symm 1) = (intrinsicLineScalarEquiv L hL) 0
error: lean/PvNP/RealizableHardness/ActualTypedIntrinsicWitnessNaturality.lean:325:6: Unexpected syntax
  fin_cases intrinsicLineScalarEquiv L hL ((lineScalarEquiv L hL).symm 1)
error: lean/PvNP/RealizableHardness/ActualTypedIntrinsicWitnessNaturality.lean:343:49: Application type mismatch: The argument
  trivial
has type
  True
but is expected to have type
  ↑((intrinsicLineScalarEquiv L hL).symm 1) ∈ L
in the application
  And.intro trivial
error: lean/PvNP/RealizableHardness/ActualTypedIntrinsicWitnessNaturality.lean:351:43: Application type mismatch: The argument
  hL
has type
  Module.finrank.{0, u_1} F ↥L = 1
but is expected to have type
  Module.finrank.{0, 0} PvNP.RealizableHardness.BinaryMatrixTypedA15OneStep.F✝ ↥?m.278 = 1
in the application
  lineScalarEquiv ?m.278 hL
error: lean/PvNP/RealizableHardness/ActualTypedIntrinsicWitnessNaturality.lean:358:4: Type mismatch
  congrArg Subtype.val h
has type
  ↑v' = ↑0
but is expected to have type
  eD.symm ↑v = eD.symm ↑0
error: lean/PvNP/RealizableHardness/ActualTypedIntrinsicWitnessNaturality.lean:367:6: Unexpected syntax
  fin_cases intrinsicLineScalarEquiv L' hL' v'
warning: lean/PvNP/RealizableHardness/ActualTypedIntrinsicWitnessNaturality.lean:370:2: try 'simp' instead of 'simpa'

Note: This linter can be disabled with `set_option linter.unnecessarySimpa false`
error: lean/PvNP/RealizableHardness/ActualTypedIntrinsicWitnessNaturality.lean:387:4: failed to synthesize instance of type class
  Fintype ↥(Submodule.comap B₂.subtype B₁)

Hint: Type class instance resolution failures can be inspected with the `set_option trace.Meta.synthInstance true` command.
error: lean/PvNP/RealizableHardness/ActualTypedIntrinsicWitnessNaturality.lean:400:8: failed to synthesize instance of type class
  Fintype ↥(Submodule.comap B₂.subtype B₁)

Hint: Type class instance resolution failures can be inspected with the `set_option trace.Meta.synthInstance true` command.
error: lean/PvNP/RealizableHardness/ActualTypedIntrinsicWitnessNaturality.lean:434:64: Unknown identifier `hL'`

Note: It is not possible to treat `hL'` as an implicitly bound variable here because the `autoImplicit` option is set to `false`.
error: lean/PvNP/RealizableHardness/ActualTypedIntrinsicWitnessNaturality.lean:432:4: failed to synthesize instance of type class
  Fintype ↥(Submodule.comap B₂.subtype B₁)

Hint: Type class instance resolution failures can be inspected with the `set_option trace.Meta.synthInstance true` command.
error: lean/PvNP/RealizableHardness/ActualTypedIntrinsicWitnessNaturality.lean:458:4: failed to synthesize instance of type class
  Fintype ↥(Submodule.comap B₂.subtype B₁)

Hint: Type class instance resolution failures can be inspected with the `set_option trace.Meta.synthInstance true` command.
error: lean/PvNP/RealizableHardness/ActualTypedIntrinsicWitnessNaturality.lean:464:6: failed to synthesize instance of type class
  Fintype ↥(Submodule.comap B₂.subtype B₁)

Hint: Type class instance resolution failures can be inspected with the `set_option trace.Meta.synthInstance true` command.
Some required targets logged failures:
- PvNP.RealizableHardness.ActualTypedIntrinsicWitnessNaturality
