⚠ [2203/2220] Replayed PvNP.RealizableHardness.BinaryMatrixFourier
warning: lean/PvNP/RealizableHardness/BinaryMatrixFourier.lean:126:8: `if_pos` has been deprecated: Use `ite_eq_left` instead
warning: lean/PvNP/RealizableHardness/BinaryMatrixFourier.lean:132:8: `if_neg` has been deprecated: Use `ite_eq_right` instead
⚠ [2205/2220] Replayed PvNP.RealizableHardness.BinaryMatrixHybridSelector
warning: lean/PvNP/RealizableHardness/BinaryMatrixHybridSelector.lean:71:8: `if_pos` has been deprecated: Use `ite_eq_left` instead
warning: lean/PvNP/RealizableHardness/BinaryMatrixHybridSelector.lean:90:8: `if_neg` has been deprecated: Use `ite_eq_right` instead
⚠ [2207/2220] Replayed PvNP.RealizableHardness.BinaryMatrixLineTranslation
warning: lean/PvNP/RealizableHardness/BinaryMatrixLineTranslation.lean:243:4: try 'simp' instead of 'simpa'

Note: This linter can be disabled with `set_option linter.unnecessarySimpa false`
warning: lean/PvNP/RealizableHardness/BinaryMatrixLineTranslation.lean:315:8: `if_neg` has been deprecated: Use `ite_eq_right` instead
warning: lean/PvNP/RealizableHardness/BinaryMatrixLineTranslation.lean:407:15: `if_neg` has been deprecated: Use `ite_eq_right` instead
warning: lean/PvNP/RealizableHardness/BinaryMatrixLineTranslation.lean:433:41: This simp argument is unused:
  s

Hint: Omit it from the simp argument list.
  [apply] simp [hs, hr]

Note: This linter can be disabled with `set_option linter.unusedSimpArgs false`
warning: lean/PvNP/RealizableHardness/BinaryMatrixLineTranslation.lean:555:15: `if_neg` has been deprecated: Use `ite_eq_right` instead
warning: lean/PvNP/RealizableHardness/BinaryMatrixLineTranslation.lean:592:57: This simp argument is unused:
  mul_assoc

Hint: Omit it from the simp argument list.
  [apply] simp [hr, hs]

Note: This linter can be disabled with `set_option linter.unusedSimpArgs false`
⚠ [2208/2220] Replayed PvNP.RealizableHardness.BinaryMatrixLineA14
warning: lean/PvNP/RealizableHardness/BinaryMatrixLineA14.lean:88:8: `if_pos` has been deprecated: Use `ite_eq_left` instead
warning: lean/PvNP/RealizableHardness/BinaryMatrixLineA14.lean:97:8: `if_neg` has been deprecated: Use `ite_eq_right` instead
⚠ [2219/2220] Replayed PvNP.RealizableHardness.BinaryMatrixComplexA15
warning: lean/PvNP/RealizableHardness/BinaryMatrixComplexA15.lean:35:4: Unused tactic linter: `change fibreEnergy R.fibre f ≤ ε` does nothing

Note: This linter can be disabled with `set_option linter.unusedTactic false`
warning: lean/PvNP/RealizableHardness/BinaryMatrixComplexA15.lean:46:2: Unused tactic linter: `change fibreEnergy Q.fibre f ≤ ε` does nothing

Note: This linter can be disabled with `set_option linter.unusedTactic false`
warning: lean/PvNP/RealizableHardness/BinaryMatrixComplexA15.lean:184:24: This simp argument is unused:
  zero_add

Hint: Omit it from the simp argument list.
  [apply] simp only [Complex.normSq_apply, Complex.sub_re, Complex.sub_im, Complex.mul_re, Complex.mul_im,
    Complex.ofReal_re, Complex.ofReal_im, zero_mul, sub_zero, mul_zero]

Note: This linter can be disabled with `set_option linter.unusedSimpArgs false`
warning: lean/PvNP/RealizableHardness/BinaryMatrixComplexA15.lean:184:34: This simp argument is unused:
  mul_zero

Hint: Omit it from the simp argument list.
  [apply] simp only [Complex.normSq_apply, Complex.sub_re, Complex.sub_im, Complex.mul_re, Complex.mul_im,
    Complex.ofReal_re, Complex.ofReal_im, zero_mul, sub_zero, zero_add]

Note: This linter can be disabled with `set_option linter.unusedSimpArgs false`
✖ [2220/2220] Building PvNP.RealizableHardness.ActualBinaryMatrixHC46ActualFibreModel (3.1s)
trace: .> LEAN_PATH=/home/dfredriksen_quantyra_org/cmmsa_analytic_20260930T040837Z/.lake/packages/Cli/.lake/build/lib/lean:/home/dfredriksen_quantyra_org/cmmsa_analytic_20260930T040837Z/.lake/packages/batteries/.lake/build/lib/lean:/home/dfredriksen_quantyra_org/cmmsa_analytic_20260930T040837Z/.lake/packages/Qq/.lake/build/lib/lean:/home/dfredriksen_quantyra_org/cmmsa_analytic_20260930T040837Z/.lake/packages/aesop/.lake/build/lib/lean:/home/dfredriksen_quantyra_org/cmmsa_analytic_20260930T040837Z/.lake/packages/proofwidgets/.lake/build/lib/lean:/home/dfredriksen_quantyra_org/cmmsa_analytic_20260930T040837Z/.lake/packages/importGraph/.lake/build/lib/lean:/home/dfredriksen_quantyra_org/cmmsa_analytic_20260930T040837Z/.lake/packages/LeanSearchClient/.lake/build/lib/lean:/home/dfredriksen_quantyra_org/cmmsa_analytic_20260930T040837Z/.lake/packages/plausible/.lake/build/lib/lean:/home/dfredriksen_quantyra_org/cmmsa_analytic_20260930T040837Z/.lake/packages/complexitylib/.lake/build/lib/lean:/home/dfredriksen_quantyra_org/cmmsa_analytic_20260930T040837Z/.lake/packages/mathlib/.lake/build/lib/lean:/home/dfredriksen_quantyra_org/cmmsa_analytic_20260930T040837Z/.lake/packages/cslib/.lake/build/lib/lean:/home/dfredriksen_quantyra_org/cmmsa_analytic_20260930T040837Z/.lake/build/lib/lean /home/dfredriksen_quantyra_org/.elan/toolchains/leanprover--lean4---v4.34.0-rc2/bin/lean /home/dfredriksen_quantyra_org/cmmsa_analytic_20260930T040837Z/lean/PvNP/RealizableHardness/ActualBinaryMatrixHC46ActualFibreModel.lean -o /home/dfredriksen_quantyra_org/cmmsa_analytic_20260930T040837Z/.lake/build/lib/lean/PvNP/RealizableHardness/ActualBinaryMatrixHC46ActualFibreModel.olean -i /home/dfredriksen_quantyra_org/cmmsa_analytic_20260930T040837Z/.lake/build/lib/lean/PvNP/RealizableHardness/ActualBinaryMatrixHC46ActualFibreModel.ilean -c /home/dfredriksen_quantyra_org/cmmsa_analytic_20260930T040837Z/.lake/build/ir/PvNP/RealizableHardness/ActualBinaryMatrixHC46ActualFibreModel.c --setup /home/dfredriksen_quantyra_org/cmmsa_analytic_20260930T040837Z/.lake/build/ir/PvNP/RealizableHardness/ActualBinaryMatrixHC46ActualFibreModel.setup.json --json
error: lean/PvNP/RealizableHardness/ActualBinaryMatrixHC46ActualFibreModel.lean:31:6: unsolved goals
case left
K : Type u_1
V : Type u_2
W : Type u_3
inst✝⁴ : Field K
inst✝³ : AddCommGroup V
inst✝² : Module K V
inst✝¹ : AddCommGroup W
inst✝ : Module K W
A : Submodule K V
B : Submodule K W
g : QuotientHom A B
x : ↥A
⊢ g (Submodule.Quotient.mk ↑x) = 0
error: lean/PvNP/RealizableHardness/ActualBinaryMatrixHC46ActualFibreModel.lean:39:54: Type mismatch
  ↑f x ∈ B
has type
  Prop
of sort `Type` but is expected to have type
  ↑f x ∈ B
of sort `Prop`
error: lean/PvNP/RealizableHardness/ActualBinaryMatrixHC46ActualFibreModel.lean:43:32: Invalid `⟨...⟩` notation: The expected type of this term could not be determined
error: lean/PvNP/RealizableHardness/ActualBinaryMatrixHC46ActualFibreModel.lean:43:26: Application type mismatch: The argument
  f.property.left
has type
  ↑f ∘ₗ A.subtype = 0
but is expected to have type
  ?m.207 = ?m.208
in the application
  congrFun f.property.left
error: lean/PvNP/RealizableHardness/ActualBinaryMatrixHC46ActualFibreModel.lean:49:10: failed to elaborate eliminator, expected type is not available
error: lean/PvNP/RealizableHardness/ActualBinaryMatrixHC46ActualFibreModel.lean:50:10: No goals to be solved
error: lean/PvNP/RealizableHardness/ActualBinaryMatrixHC46ActualFibreModel.lean:56:54: Type mismatch
  ↑f y ∈ B
has type
  Prop
of sort `Type` but is expected to have type
  ↑f y ∈ B
of sort `Prop`
error: lean/PvNP/RealizableHardness/ActualBinaryMatrixHC46ActualFibreModel.lean:60:34: Invalid `⟨...⟩` notation: The expected type of this term could not be determined
error: lean/PvNP/RealizableHardness/ActualBinaryMatrixHC46ActualFibreModel.lean:60:28: Application type mismatch: The argument
  f.property.left
has type
  ↑f ∘ₗ A.subtype = 0
but is expected to have type
  ?m.337 = ?m.338
in the application
  congrFun f.property.left
error: lean/PvNP/RealizableHardness/ActualBinaryMatrixHC46ActualFibreModel.lean:63:24: Application type mismatch: The argument
  h
has type
  A.liftQ fB hk ∘ₗ A.mkQ = fB
but is expected to have type
  ?m.364 = ?m.365
in the application
  congrFun h
error: lean/PvNP/RealizableHardness/ActualBinaryMatrixHC46ActualFibreModel.lean:67:43: Function expected at
  BinaryMatrix
but this term has type
  ?m.5

Note: Expected a function because this term is being applied to the argument
  n

Hint: The identifier `BinaryMatrix` is unknown, and Lean's `autoImplicit` option causes an unknown identifier to be treated as an implicitly bound variable with an unknown type. However, the unknown type cannot be a function, and a function is what Lean expects here. This is often the result of a typo or a missing `import` or `open` statement.
error: lean/PvNP/RealizableHardness/ActualBinaryMatrixHC46ActualFibreModel.lean:71:6: Unknown identifier `actualFibre_iff`
error: lean/PvNP/RealizableHardness/ActualBinaryMatrixHC46ActualFibreModel.lean:70:76: unsolved goals
x✝ : Sort u_4
BinaryMatrix : x✝
n d : ℕ
Q : ActualAffineRestriction n d
M : sorry
⊢ M ∈ Q.fibre ↔
    Matrix.toLin' (M - Q.base) ∘ₗ Q.domainFixed.subtype = 0 ∧ (Matrix.toLin' (M - Q.base)).range ≤ Q.codomainVariation
error: lean/PvNP/RealizableHardness/ActualBinaryMatrixHC46ActualFibreModel.lean:124:56: unexpected token 'where'; expected ':=' or '|'
error: lean/PvNP/RealizableHardness/ActualBinaryMatrixHC46ActualFibreModel.lean:109:9: Function expected at
  BinaryMatrix
but this term has type
  ?m.5

Note: Expected a function because this term is being applied to the argument
  n

Hint: The identifier `BinaryMatrix` is unknown, and Lean's `autoImplicit` option causes an unknown identifier to be treated as an implicitly bound variable with an unknown type. However, the unknown type cannot be a function, and a function is what Lean expects here. This is often the result of a typo or a missing `import` or `open` statement.
error: lean/PvNP/RealizableHardness/ActualBinaryMatrixHC46ActualFibreModel.lean:111:16: Function expected at
  BinaryMatrix
but this term has type
  x✝

Note: Expected a function because this term is being applied to the argument
  n
error: lean/PvNP/RealizableHardness/ActualBinaryMatrixHC46ActualFibreModel.lean:117:4: Unknown identifier `actualFibreLinearEquiv`
error: lean/PvNP/RealizableHardness/ActualBinaryMatrixHC46ActualFibreModel.lean:118:6: Missing cases:
error: lean/PvNP/RealizableHardness/ActualBinaryMatrixHC46ActualFibreModel.lean:110:55: unsolved goals
K : Type u_1
V : Type u_2
W : Type u_3
inst✝⁴ : Field K
inst✝³ : AddCommGroup V
inst✝² : Module K V
inst✝¹ : AddCommGroup W
inst✝ : Module K W
x✝ : Sort ?u.16
BinaryMatrix : x✝
n d : ℕ
Q : ActualAffineRestriction n d
e₁ : { M // sorry } ≃
  { f //
    f ∘ₗ Q.domainFixed.subtype = Matrix.toLin' Q.base ∘ₗ Q.domainFixed.subtype ∧
      actualLeftMap Q ∘ₗ f = actualLeftMap Q ∘ₗ Matrix.toLin' Q.base } :=
  sorry
e₂ : { f //
    f ∘ₗ Q.domainFixed.subtype = Matrix.toLin' Q.base ∘ₗ Q.domainFixed.subtype ∧
      actualLeftMap Q ∘ₗ f = actualLeftMap Q ∘ₗ Matrix.toLin' Q.base } ≃
  ConstrainedMap Q.domainFixed Q.codomainVariation :=
  nomatch
⊢ ↥Q.fibre ≃ QuotientHom Q.domainFixed Q.codomainVariation
error: lean/PvNP/RealizableHardness/ActualBinaryMatrixHC46ActualFibreModel.lean:169:9: failed to synthesize instance of type class
  Fintype (QuotientHom Q.domainFixed Q.codomainVariation)

Hint: Type class instance resolution failures can be inspected with the `set_option trace.Meta.synthInstance true` command.
error: lean/PvNP/RealizableHardness/ActualBinaryMatrixHC46ActualFibreModel.lean:171:7: failed to synthesize instance of type class
  Fintype (QuotientHom Q.domainFixed Q.codomainVariation)

Hint: Type class instance resolution failures can be inspected with the `set_option trace.Meta.synthInstance true` command.
error: lean/PvNP/RealizableHardness/ActualBinaryMatrixHC46ActualFibreModel.lean:167:43: Function expected at
  BinaryMatrix
but this term has type
  ?m.5

Note: Expected a function because this term is being applied to the argument
  n

Hint: The identifier `BinaryMatrix` is unknown, and Lean's `autoImplicit` option causes an unknown identifier to be treated as an implicitly bound variable with an unknown type. However, the unknown type cannot be a function, and a function is what Lean expects here. This is often the result of a typo or a missing `import` or `open` statement.
Some required targets logged failures:
- PvNP.RealizableHardness.ActualBinaryMatrixHC46ActualFibreModel
