C:\Users\Dan\Desktop\Projects\realizable-cmmsa-hardness\docs\native-receipts\ActualSelectedComplementAnalyticMoment\runtime-prebuild\local-native-123542\src\PvNP\RealizableHardness\ActualTypedABCanonicalProjection.lean:145:15: error: unexpected token 'by'; expected '?', '_', '{' or tactic
C:\Users\Dan\Desktop\Projects\realizable-cmmsa-hardness\docs\native-receipts\ActualSelectedComplementAnalyticMoment\runtime-prebuild\local-native-123542\src\PvNP\RealizableHardness\ActualTypedABCanonicalProjection.lean:145:13: error: unsolved goals
case done
n d r✝ k : ℕ
A : Submodule F (V d)
B : Submodule F (W n)
f✝ : (V d ⧸ A →ₗ[F] ↥B) → ℂ
A✝ :
  Submodule PvNP.RealizableHardness.ActualTypedABRankedTower.F✝ (PvNP.RealizableHardness.ActualTypedABRankedTower.V✝ d)
B✝ :
  Submodule PvNP.RealizableHardness.ActualTypedABRankedTower.F✝ (PvNP.RealizableHardness.ActualTypedABRankedTower.W✝ n)
f :
  (PvNP.RealizableHardness.ActualTypedABRankedTower.V✝ d ⧸ A✝ →ₗ[PvNP.RealizableHardness.ActualTypedABRankedTower.F✝]
      ↥B✝) →
    ℂ
r : ℕ
⊢ typedComplexRankProjection (rankedTerminalData (ActualTypedABRankedTower.done f r)).Aend
      (rankedTerminalData (ActualTypedABRankedTower.done f r)).Bend r
      (rankedTerminalData (ActualTypedABRankedTower.done f r)).fend =
    applyCanonicalFilters (ActualTypedABRankedTower.done f r) (typedComplexRankProjection A✝ B✝ (r + 0) f)
C:\Users\Dan\Desktop\Projects\realizable-cmmsa-hardness\docs\native-receipts\ActualSelectedComplementAnalyticMoment\runtime-prebuild\local-native-123542\src\PvNP\RealizableHardness\ActualTypedABCanonicalProjection.lean:144:2: error: Alternative `line` has not been provided
C:\Users\Dan\Desktop\Projects\realizable-cmmsa-hardness\docs\native-receipts\ActualSelectedComplementAnalyticMoment\runtime-prebuild\local-native-123542\src\PvNP\RealizableHardness\ActualTypedABCanonicalProjection.lean:144:2: error: Alternative `hyperplane` has not been provided
