467-info: lean/PvNP/RealizableHardness/BernoulliMGF.lean:101:4: Try this:
468-  [apply] ring_nf
469-  
470:  The `ring` tactic failed to close the goal. Use `ring_nf` to obtain a normal form.
471-    
472-  Note that `ring` works primarily in *commutative* rings. If you have a noncommutative ring, abelian group or module, consider using `noncomm_ring`, `abel` or `module` instead.
473-⚠ [3207/3262] Replayed PvNP.RealizableHardness.FiniteConcentration
474-warning: lean/PvNP/RealizableHardness/FiniteConcentration.lean:180:8: `if_pos` has been deprecated: Use `ite_eq_left` instead
475-warning: lean/PvNP/RealizableHardness/FiniteConcentration.lean:184:8: `if_neg` has been deprecated: Use `ite_eq_right` instead
476-warning: lean/PvNP/RealizableHardness/FiniteConcentration.lean:220:22: This simp argument is unused:
477-  Fintype.card_fun
478-
479-Hint: Omit it from the simp argument list.
480-  [apply] simp
--
1961-warning: lean/PvNP/RealizableHardness/ActualMZ24FixedRhoPointwiseSelector.lean:97:6: this tactic is never executed
1962-
1963-Note: This linter can be disabled with `set_option linter.unreachableTactic false`
1964:error: lean/PvNP/RealizableHardness/ActualMZ24FixedRhoPointwiseSelector.lean:119:24: Application type mismatch: The argument
1965-  ?m.64
1966-has type
1967-  0 < ↑(bOf m)
1968-but is expected to have type
1969-  ↑(bOf m) ≠ 0
1970-in the application
1971-  Nat.cast_div hdvd ?m.64
1972-warning: lean/PvNP/RealizableHardness/ActualMZ24FixedRhoPointwiseSelector.lean:174:5: Variable name `H` is not explicitly referenced.
1973-
1974-Hint: The binding can be removed (if unused) or named `_` (if used implicitly). Alternatively, prefix the name with `_` to silence this warning:
--
1977-Note: This linter can be disabled with `set_option linter.unusedVariables false`
1978-Some required targets logged failures:
1979-- PvNP.RealizableHardness.ActualMZ24FixedRhoPointwiseSelector
1980:error: build failed
--
1-UTC=2026-09-23T23:31:13Z
2:RESULT=FAIL
3:REASON=direct_main_failed
4-COMMIT=none
5-7e6f2dda9f5a88167de9c3d9ebe92e42ddd16ee19b2730331dc218419711bd6f  /tmp/s3132-fixed-rho-selector-sol56-r7-20260923T232531Z/incoming/ActualMZ24FixedRhoPointwiseSelector.lean
6-a0f5b35c0a19cfe91549ea85bf142e92cb45f30e492b624abccaade3af45a2ca  /tmp/s3132-fixed-rho-selector-sol56-r7-20260923T232531Z/incoming/ActualMZ24FixedRhoPointwiseSelectorChecks.lean
