✖ [3048/3048] Building PvNP.RealizableHardness.ActualBinaryMatrixHC46A18Conditioning (47s)
trace: .> LEAN_PATH=/home/dfredriksen_quantyra_org/cmmsa_analytic_20260930T040837Z/.lake/packages/Cli/.lake/build/lib/lean:/home/dfredriksen_quantyra_org/cmmsa_analytic_20260930T040837Z/.lake/packages/batteries/.lake/build/lib/lean:/home/dfredriksen_quantyra_org/cmmsa_analytic_20260930T040837Z/.lake/packages/Qq/.lake/build/lib/lean:/home/dfredriksen_quantyra_org/cmmsa_analytic_20260930T040837Z/.lake/packages/aesop/.lake/build/lib/lean:/home/dfredriksen_quantyra_org/cmmsa_analytic_20260930T040837Z/.lake/packages/proofwidgets/.lake/build/lib/lean:/home/dfredriksen_quantyra_org/cmmsa_analytic_20260930T040837Z/.lake/packages/importGraph/.lake/build/lib/lean:/home/dfredriksen_quantyra_org/cmmsa_analytic_20260930T040837Z/.lake/packages/LeanSearchClient/.lake/build/lib/lean:/home/dfredriksen_quantyra_org/cmmsa_analytic_20260930T040837Z/.lake/packages/plausible/.lake/build/lib/lean:/home/dfredriksen_quantyra_org/cmmsa_analytic_20260930T040837Z/.lake/packages/complexitylib/.lake/build/lib/lean:/home/dfredriksen_quantyra_org/cmmsa_analytic_20260930T040837Z/.lake/packages/mathlib/.lake/build/lib/lean:/home/dfredriksen_quantyra_org/cmmsa_analytic_20260930T040837Z/.lake/packages/cslib/.lake/build/lib/lean:/home/dfredriksen_quantyra_org/cmmsa_analytic_20260930T040837Z/.lake/build/lib/lean /home/dfredriksen_quantyra_org/.elan/toolchains/leanprover--lean4---v4.34.0-rc2/bin/lean /home/dfredriksen_quantyra_org/cmmsa_analytic_20260930T040837Z/lean/PvNP/RealizableHardness/ActualBinaryMatrixHC46A18Conditioning.lean -o /home/dfredriksen_quantyra_org/cmmsa_analytic_20260930T040837Z/.lake/build/lib/lean/PvNP/RealizableHardness/ActualBinaryMatrixHC46A18Conditioning.olean -i /home/dfredriksen_quantyra_org/cmmsa_analytic_20260930T040837Z/.lake/build/lib/lean/PvNP/RealizableHardness/ActualBinaryMatrixHC46A18Conditioning.ilean -c /home/dfredriksen_quantyra_org/cmmsa_analytic_20260930T040837Z/.lake/build/ir/PvNP/RealizableHardness/ActualBinaryMatrixHC46A18Conditioning.c --setup /home/dfredriksen_quantyra_org/cmmsa_analytic_20260930T040837Z/.lake/build/ir/PvNP/RealizableHardness/ActualBinaryMatrixHC46A18Conditioning.setup.json --json
warning: lean/PvNP/RealizableHardness/ActualBinaryMatrixHC46A18Conditioning.lean:57:4: Unused tactic linter: `change dualRestriction A (φ.1 - φ₀) = 0` does nothing

Note: This linter can be disabled with `set_option linter.unusedTactic false`
warning: lean/PvNP/RealizableHardness/ActualBinaryMatrixHC46A18Conditioning.lean:60:4: Unused tactic linter: `change dualRestriction A (δ.1 + φ₀) = ψ` does nothing

Note: This linter can be disabled with `set_option linter.unusedTactic false`
warning: lean/PvNP/RealizableHardness/ActualBinaryMatrixHC46A18Conditioning.lean:110:4: Unused tactic linter: `change dualRestrictionAt A w (φ.1 - φ₀) = 0` does nothing

Note: This linter can be disabled with `set_option linter.unusedTactic false`
warning: lean/PvNP/RealizableHardness/ActualBinaryMatrixHC46A18Conditioning.lean:113:4: Unused tactic linter: `change dualRestrictionAt A w (δ.1 + φ₀) = z` does nothing

Note: This linter can be disabled with `set_option linter.unusedTactic false`
error: lean/PvNP/RealizableHardness/ActualBinaryMatrixHC46A18Conditioning.lean:263:8: Type mismatch: After simplification, term
  h
 has type
  @Eq W (f ((Submodule.inclusion ⋯) ⟨a, ha⟩)) (g ((Submodule.inclusion ⋯) ⟨a, ha⟩))
but is expected to have type
  @Eq W (f ⟨a, ⋯⟩) (g ⟨a, ⋯⟩)
warning: lean/PvNP/RealizableHardness/ActualBinaryMatrixHC46A18Conditioning.lean:317:35: declaration uses `sorry`
warning: lean/PvNP/RealizableHardness/ActualBinaryMatrixHC46A18Conditioning.lean:305:18: declaration uses `sorry`
warning: lean/PvNP/RealizableHardness/ActualBinaryMatrixHC46A18Conditioning.lean:346:20: declaration uses `sorry`
warning: lean/PvNP/RealizableHardness/ActualBinaryMatrixHC46A18Conditioning.lean:331:8: declaration uses `sorry`
error: lean/PvNP/RealizableHardness/ActualBinaryMatrixHC46A18Conditioning.lean:419:15: Invalid `⟨...⟩` notation: The expected type of this term could not be determined
error: lean/PvNP/RealizableHardness/ActualBinaryMatrixHC46A18Conditioning.lean:420:16: Invalid `⟨...⟩` notation: The expected type of this term could not be determined
error: lean/PvNP/RealizableHardness/ActualBinaryMatrixHC46A18Conditioning.lean:416:78: unsolved goals
case e
V : Type u_2
inst✝² : AddCommGroup V
inst✝¹ : Fintype V
inst✝ : Module (ZMod 2) V
B B' : Submodule (ZMod 2) V
hB : B ≤ B'
hdim : Module.finrank (ZMod 2) ↥B' = Module.finrank (ZMod 2) ↥B + 1
⊢ { w // ↑w ∈ B } ≃ ↥B

V : Type u_2
inst✝² : AddCommGroup V
inst✝¹ : Fintype V
inst✝ : Module (ZMod 2) V
B B' : Submodule (ZMod 2) V
hB : B ≤ B'
hdim : Module.finrank (ZMod 2) ↥B' = Module.finrank (ZMod 2) ↥B + 1
e : { w // ↑w ∈ B } ≃ ↥B := ?e
⊢ {w | ↑w ∉ B}.card = Fintype.card ↥B
error: lean/PvNP/RealizableHardness/ActualBinaryMatrixHC46A18Conditioning.lean:410:0: internal exception #3
error: lean/PvNP/RealizableHardness/ActualBinaryMatrixHC46A18Conditioning.lean:428:2: unexpected token 'have'; expected command
error: lean/PvNP/RealizableHardness/ActualBinaryMatrixHC46A18Conditioning.lean:483:8: Type mismatch: After simplification, term
  this
 has type
  @Eq K (f ((Submodule.inclusion ⋯) ⟨a, ha⟩)) (g ((Submodule.inclusion ⋯) ⟨a, ha⟩))
but is expected to have type
  @Eq K (f ⟨a, ⋯⟩) (g ⟨a, ⋯⟩)
Some required targets logged failures:
- PvNP.RealizableHardness.ActualBinaryMatrixHC46A18Conditioning
