WORKTREE_HEAD=d5e2f191430bd1054a0e2ae9825137e1c38d403e
WORKTREE_BRANCH=DETACHED
WORKTREE_STATUS_BEGIN
?? lean/PvNP/RealizableHardness/ActualStarCoordinateExtensionLawBridge.lean
?? lean/PvNP/RealizableHardness/ActualStarCoordinateExtensionLawBridgeChecks.lean
WORKTREE_STATUS_END
OVERLAY_COUNT=2
OVERLAYS_BEGIN
lean/PvNP/RealizableHardness/ActualStarCoordinateExtensionLawBridge.lean
lean/PvNP/RealizableHardness/ActualStarCoordinateExtensionLawBridgeChecks.lean
OVERLAYS_END
SOURCE_HASHES_BEGIN
de578f3b6a051100254c6d37fedaff49296fb1c35ea4f38750720cb14d849bcb  /home/dfredriksen_quantyra_org/gcp_actual_star_coordinate_extension_law_bridge_b37_20260925T060859Z_worktree/lean/PvNP/RealizableHardness/ActualStarCoordinateExtensionLawBridge.lean
be6f20e0d2a1dde066f74ddf6b0cd52223dd06eda1bab929e2bf08c1afa741fb  /home/dfredriksen_quantyra_org/gcp_actual_star_coordinate_extension_law_bridge_b37_20260925T060859Z_worktree/lean/PvNP/RealizableHardness/ActualStarCoordinateExtensionLawBridgeChecks.lean
8190e75a201741065fe508b28955dd64dd72d090babe5f70ce6848879d68ae88  /home/dfredriksen_quantyra_org/gcp_actual_star_coordinate_extension_law_bridge_b37_20260925T060859Z_worktree/lean-toolchain
03c6564b4a501867a608a3439198e41b88eedf17e3c79c6bfd01790f6ae34cbe  /home/dfredriksen_quantyra_org/gcp_actual_star_coordinate_extension_law_bridge_b37_20260925T060859Z_worktree/lakefile.toml
825d2e1a20005a259fdf5b181528b391dd6ba18a52c86127caf4c3be990e04f0  /home/dfredriksen_quantyra_org/gcp_actual_star_coordinate_extension_law_bridge_b37_20260925T060859Z_worktree/lake-manifest.json
SOURCE_HASHES_END
CACHE_LINKS_BEGIN
lrwxrwxrwx 1 dfredriksen_quantyra_org dfredriksen_quantyra_org 65 Sep 25 06:13 /home/dfredriksen_quantyra_org/gcp_actual_star_coordinate_extension_law_bridge_b37_20260925T060859Z_worktree/.lake/build -> /home/dfredriksen_quantyra_org/mz24-fixed-rho-de048da/.lake/build
lrwxrwxrwx 1 dfredriksen_quantyra_org dfredriksen_quantyra_org 68 Sep 25 06:13 /home/dfredriksen_quantyra_org/gcp_actual_star_coordinate_extension_law_bridge_b37_20260925T060859Z_worktree/.lake/packages -> /home/dfredriksen_quantyra_org/mz24-fixed-rho-de048da/.lake/packages
/home/dfredriksen_quantyra_org/mz24-fixed-rho-de048da/.lake/packages
/home/dfredriksen_quantyra_org/mz24-fixed-rho-de048da/.lake/build
CACHE_LINKS_END
