MODULE=ActualStarCoordinateExtensionLawBridgeChecks
CHECK_DIRECTIVES_BEGIN
5:#check coordinateCenterGrass
6:#check domainDrawExtensionEquiv
7:#check domainDrawTupleExtensionEquiv
8:#check uniformDomainTupleLaw
9:#check uniform_domainTuple_pushforward_extensionTupleLaw
10:#check extensionTuple_eventMass_eq_preimage
12:#print axioms domainDrawExtensionEquiv
13:#print axioms domainDrawTupleExtensionEquiv
14:#print axioms uniform_domainTuple_pushforward_extensionTupleLaw
15:#print axioms extensionTuple_eventMass_eq_preimage
CHECK_DIRECTIVES_END
SIGNATURE_OUTPUT_BEGIN
1:PvNP.RealizableHardness.ActualStarCoordinateExtensionLawBridge.coordinateCenterGrass {N m J t : ℕ}
6:PvNP.RealizableHardness.ActualStarCoordinateExtensionLawBridge.domainDrawExtensionEquiv {N m J t : ℕ}
12:PvNP.RealizableHardness.ActualStarCoordinateExtensionLawBridge.domainDrawTupleExtensionEquiv {N m J t : ℕ}
18:PvNP.RealizableHardness.ActualStarCoordinateExtensionLawBridge.uniformDomainTupleLaw {N m J t : ℕ}
25:PvNP.RealizableHardness.ActualStarCoordinateExtensionLawBridge.uniform_domainTuple_pushforward_extensionTupleLaw
35:PvNP.RealizableHardness.ActualStarCoordinateExtensionLawBridge.extensionTuple_eventMass_eq_preimage {N m J t : ℕ}
SIGNATURE_OUTPUT_END
AXIOM_NORMALIZED_BEGIN
AXIOM_REPORT_1=[propext,  Classical.choice,  Quot.sound]
AXIOM_REPORT_2=[propext,  Classical.choice,  Quot.sound]
AXIOM_REPORT_3=[propext,  Classical.choice,  Quot.sound]
AXIOM_REPORT_4=[propext,  Classical.choice,  Quot.sound]
AXIOM_NORMALIZED_END
