C:\Users\Dan\Desktop\Projects\realizable-cmmsa-hardness\docs\native-receipts\ActualSelectedComplementAnalyticMoment\runtime-prebuild\local-native-123542\src\PvNP\RealizableHardness\ActualBinaryMatrixHC46A7PredecessorCount.lean:57:28: warning: This simp argument is unused:
  Matrix.sub_apply

Hint: Omit it from the simp argument list.
  [apply] simp [LY, LX, LZ, transposeMap, Matrix.toLin'_apply, Matrix.transpose_sub]

Note: This linter can be disabled with `set_option linter.unusedSimpArgs false`
C:\Users\Dan\Desktop\Projects\realizable-cmmsa-hardness\docs\native-receipts\ActualSelectedComplementAnalyticMoment\runtime-prebuild\local-native-123542\src\PvNP\RealizableHardness\ActualBinaryMatrixHC46A7PredecessorCount.lean:109:6: warning: This simp argument is unused:
  Matrix.sub_apply

Hint: Omit it from the simp argument list.
  [apply] simp [transposeMap, Matrix.toLin'_apply, Matrix.transpose_sub]

Note: This linter can be disabled with `set_option linter.unusedSimpArgs false`
C:\Users\Dan\Desktop\Projects\realizable-cmmsa-hardness\docs\native-receipts\ActualSelectedComplementAnalyticMoment\runtime-prebuild\local-native-123542\src\PvNP\RealizableHardness\ActualBinaryMatrixHC46A7PredecessorCount.lean:168:28: warning: This simp argument is unused:
  Matrix.sub_apply

Hint: Omit it from the simp argument list.
  [apply] simp [LY, LX, LZ, transposeMap, Matrix.toLin'_apply, Matrix.transpose_sub]

Note: This linter can be disabled with `set_option linter.unusedSimpArgs false`
C:\Users\Dan\Desktop\Projects\realizable-cmmsa-hardness\docs\native-receipts\ActualSelectedComplementAnalyticMoment\runtime-prebuild\local-native-123542\src\PvNP\RealizableHardness\ActualBinaryMatrixHC46A7PredecessorCount.lean:333:13: warning: This simp argument is unused:
  LinearMap.sub_apply

Hint: Omit it from the simp argument list.
  [apply] simp [p, LinearMap.add_apply]

Note: This linter can be disabled with `set_option linter.unusedSimpArgs false`
C:\Users\Dan\Desktop\Projects\realizable-cmmsa-hardness\docs\native-receipts\ActualSelectedComplementAnalyticMoment\runtime-prebuild\local-native-123542\src\PvNP\RealizableHardness\ActualBinaryMatrixHC46A7PredecessorCount.lean:333:34: warning: This simp argument is unused:
  LinearMap.add_apply

Hint: Omit it from the simp argument list.
  [apply] simp [p, LinearMap.sub_apply]

Note: This linter can be disabled with `set_option linter.unusedSimpArgs false`
C:\Users\Dan\Desktop\Projects\realizable-cmmsa-hardness\docs\native-receipts\ActualSelectedComplementAnalyticMoment\runtime-prebuild\local-native-123542\src\PvNP\RealizableHardness\ActualBinaryMatrixHC46A7PredecessorCount.lean:387:30: warning: This simp argument is unused:
  Matrix.sub_apply

Hint: Omit it from the simp argument list.
  [apply] simp [LY, LX, LZ, transposeMap, Matrix.toLin'_apply, Matrix.transpose_sub]

Note: This linter can be disabled with `set_option linter.unusedSimpArgs false`
C:\Users\Dan\Desktop\Projects\realizable-cmmsa-hardness\docs\native-receipts\ActualSelectedComplementAnalyticMoment\runtime-prebuild\local-native-123542\src\PvNP\RealizableHardness\ActualBinaryMatrixHC46A7PredecessorCount.lean:376:31: warning: Used `tac1 <;> tac2` where `(tac1; tac2)` would suffice

Note: This linter can be disabled with `set_option linter.unnecessarySeqFocus false`
C:\Users\Dan\Desktop\Projects\realizable-cmmsa-hardness\docs\native-receipts\ActualSelectedComplementAnalyticMoment\runtime-prebuild\local-native-123542\src\PvNP\RealizableHardness\ActualBinaryMatrixHC46A7PredecessorCount.lean:560:17: warning: This simp argument is unused:
  Submodule.prodEquivOfIsCompl_symm_apply_left

Hint: Omit it from the simp argument list.
  [apply] simp [r₀, e]

Note: This linter can be disabled with `set_option linter.unusedSimpArgs false`
C:\Users\Dan\Desktop\Projects\realizable-cmmsa-hardness\docs\native-receipts\ActualSelectedComplementAnalyticMoment\runtime-prebuild\local-native-123542\src\PvNP\RealizableHardness\ActualBinaryMatrixHC46A7PredecessorCount.lean:596:10: warning: This simp argument is unused:
  hr₀

Hint: Omit it from the simp argument list.
  [apply] simp

Note: This linter can be disabled with `set_option linter.unusedSimpArgs false`
C:\Users\Dan\Desktop\Projects\realizable-cmmsa-hardness\docs\native-receipts\ActualSelectedComplementAnalyticMoment\runtime-prebuild\local-native-123542\src\PvNP\RealizableHardness\ActualBinaryMatrixHC46A7PredecessorCount.lean:786:2: warning: Try this: 
  letI̵

The goal is a proposition, so `let` is preferred over `letI`.
The difference between `let` and `letI` is that `letI` inlines the value.
But this is not relevant for proofs because of proof irrelevance.

Note: This linter can be disabled with `set_option linter.style.haveILetI false`
C:\Users\Dan\Desktop\Projects\realizable-cmmsa-hardness\docs\native-receipts\ActualSelectedComplementAnalyticMoment\runtime-prebuild\local-native-123542\src\PvNP\RealizableHardness\ActualBinaryMatrixHC46A7PredecessorCount.lean:796:20: warning: `if_pos` has been deprecated: Use `ite_eq_left` instead
C:\Users\Dan\Desktop\Projects\realizable-cmmsa-hardness\docs\native-receipts\ActualSelectedComplementAnalyticMoment\runtime-prebuild\local-native-123542\src\PvNP\RealizableHardness\ActualBinaryMatrixHC46A7PredecessorCount.lean:797:20: warning: `if_neg` has been deprecated: Use `ite_eq_right` instead
C:\Users\Dan\Desktop\Projects\realizable-cmmsa-hardness\docs\native-receipts\ActualSelectedComplementAnalyticMoment\runtime-prebuild\local-native-123542\src\PvNP\RealizableHardness\ActualBinaryMatrixHC46A7PredecessorCount.lean:983:12: warning: This simp argument is unused:
  w6FrameProduct

Hint: Omit it from the simp argument list.
  [apply] simp [← pow_mul]

Note: This linter can be disabled with `set_option linter.unusedSimpArgs false`
C:\Users\Dan\Desktop\Projects\realizable-cmmsa-hardness\docs\native-receipts\ActualSelectedComplementAnalyticMoment\runtime-prebuild\local-native-123542\src\PvNP\RealizableHardness\ActualBinaryMatrixHC46A7PredecessorCount.lean:1000:18: warning: `if_pos` has been deprecated: Use `ite_eq_left` instead
C:\Users\Dan\Desktop\Projects\realizable-cmmsa-hardness\docs\native-receipts\ActualSelectedComplementAnalyticMoment\runtime-prebuild\local-native-123542\src\PvNP\RealizableHardness\ActualBinaryMatrixHC46A7PredecessorCount.lean:1108:22: error: unsolved goals
n d : ℕ
Y : BinaryMatrix n d
k : ℕ
hk : 1 ≤ k
hkj : k ≤ Matrix.rank Y
hjd : Matrix.rank Y ≤ d
hcountN : Fintype.card (W6RankKPredecessor Y k) ≤ 4 * 2 ^ (2 * (k * (Matrix.rank Y - k)))
hcount : ↑(Fintype.card (W6RankKPredecessor Y k)) ≤ 4 * 2 ^ (2 * (k * (Matrix.rank Y - k)))
hsub : Matrix.rank Y - k ≤ d - k
hfirst : 2 * k * (Matrix.rank Y - k) ≤ 2 * k * (d - k)
hk' : d - k + 1 ≤ d
hlast : 6 * k * (d - k) + 6 * k ≤ 6 * d * k
hexp : 2 * (k * (Matrix.rank Y - k)) + 4 * k * (d - k) + 6 * k ≤ 6 * d * k
hpow : 2 ^ (2 * (k * (Matrix.rank Y - k)) + 4 * k * (d - k)) * 2 ^ (6 * k) ≤ 2 ^ (6 * d * k)
hratio : 2 ^ (2 * (k * (Matrix.rank Y - k)) + 4 * k * (d - k)) / 2 ^ (6 * d * k) ≤ 1 / 2 ^ (6 * k)
⊢ 4 * (64 ^ k)⁻¹ = 4 / 64 ^ k
C:\Users\Dan\Desktop\Projects\realizable-cmmsa-hardness\docs\native-receipts\ActualSelectedComplementAnalyticMoment\runtime-prebuild\local-native-123542\src\PvNP\RealizableHardness\ActualBinaryMatrixHC46A7PredecessorCount.lean:1155:6: error: Type mismatch: After simplification, term
  Finset.sum_range_succ' (fun k => ↑(Fintype.card (W6RankKPredecessor Y k)) * 2 ^ (4 * k * (d - k)) / 2 ^ (6 * d * k)) j
 has type
  ∑ k ∈ Finset.range (Matrix.rank Y + 1),
      ↑(Fintype.card (W6RankKPredecessor Y k)) * 2 ^ (4 * k * (d - k)) / 2 ^ (6 * d * k) =
    ∑ k ∈ Finset.range (Matrix.rank Y),
        ↑(Fintype.card (W6RankKPredecessor Y (k + 1))) * 2 ^ (4 * (k + 1) * (d - (k + 1))) / 2 ^ (6 * d * (k + 1)) +
      ↑(Fintype.card (W6RankKPredecessor Y 0))
but is expected to have type
  ∑ k ∈ Finset.range (Matrix.rank Y + 1),
      ↑(Fintype.card (W6RankKPredecessor Y k)) * 2 ^ (4 * k * (d - k)) / 2 ^ (6 * d * k) =
    ↑(Fintype.card (W6RankKPredecessor Y 0)) +
      ∑ i ∈ Finset.range (Matrix.rank Y),
        ↑(Fintype.card (W6RankKPredecessor Y (i + 1))) * 2 ^ (4 * (i + 1) * (d - (i + 1))) / 2 ^ (6 * d * (i + 1))
C:\Users\Dan\Desktop\Projects\realizable-cmmsa-hardness\docs\native-receipts\ActualSelectedComplementAnalyticMoment\runtime-prebuild\local-native-123542\src\PvNP\RealizableHardness\ActualBinaryMatrixHC46A7PredecessorCount.lean:1160:6: error: Type mismatch
  add_le_add_left htail 1
has type
  ∑ i ∈ Finset.range j,
        ↑(Fintype.card (W6RankKPredecessor Y (i + 1))) * 2 ^ (4 * (i + 1) * (d - (i + 1))) / 2 ^ (6 * d * (i + 1)) +
      1 ≤
    4 / 63 + 1
but is expected to have type
  1 +
      ∑ i ∈ Finset.range j,
        ↑(Fintype.card (W6RankKPredecessor Y (i + 1))) * 2 ^ (4 * (i + 1) * (d - (i + 1))) / 2 ^ (6 * d * (i + 1)) ≤
    1 + 4 / 63
