C:\Users\Dan\Desktop\Projects\realizable-cmmsa-hardness\docs\native-receipts\ActualSelectedComplementAnalyticMoment\runtime-prebuild\local-native-123542\src\PvNP\RealizableHardness\ActualBinaryMatrixHC46A7WeightedPredecessor.lean:161:21: warning: `if_pos` has been deprecated: Use `ite_eq_left` instead
C:\Users\Dan\Desktop\Projects\realizable-cmmsa-hardness\docs\native-receipts\ActualSelectedComplementAnalyticMoment\runtime-prebuild\local-native-123542\src\PvNP\RealizableHardness\ActualBinaryMatrixHC46A7WeightedPredecessor.lean:184:21: warning: `if_pos` has been deprecated: Use `ite_eq_left` instead
C:\Users\Dan\Desktop\Projects\realizable-cmmsa-hardness\docs\native-receipts\ActualSelectedComplementAnalyticMoment\runtime-prebuild\local-native-123542\src\PvNP\RealizableHardness\ActualBinaryMatrixHC46A7WeightedPredecessor.lean:189:8: warning: This simp argument is unused:
  BinaryMatrixA1TypedFourier.carrierMean

Hint: Omit it from the simp argument list.
  [apply] simp [hp, complexCarrierFourierCoeff]

Note: This linter can be disabled with `set_option linter.unusedSimpArgs false`
C:\Users\Dan\Desktop\Projects\realizable-cmmsa-hardness\docs\native-receipts\ActualSelectedComplementAnalyticMoment\runtime-prebuild\local-native-123542\src\PvNP\RealizableHardness\ActualBinaryMatrixHC46A7WeightedPredecessor.lean:353:38: warning: This simp argument is unused:
  Matrix.mulVecLin_apply

Hint: Omit it from the simp argument list.
  [apply] simp [w6BlockBottomDisplacementMap, Matrix.fromCols_mulVec, Matrix.mulVecLin_mul, Matrix.mulVecLin_apply]

Note: This linter can be disabled with `set_option linter.unusedSimpArgs false`
C:\Users\Dan\Desktop\Projects\realizable-cmmsa-hardness\docs\native-receipts\ActualSelectedComplementAnalyticMoment\runtime-prebuild\local-native-123542\src\PvNP\RealizableHardness\ActualBinaryMatrixHC46A7WeightedPredecessor.lean:354:50: warning: This simp argument is unused:
  Matrix.mulVecLin_apply

Hint: Omit it from the simp argument list.
  [apply] simp [w6BlockBottomDisplacementMap, Matrix.mulVecLin_apply, Matrix.fromCols_mulVec, Matrix.mulVecLin_mul]

Note: This linter can be disabled with `set_option linter.unusedSimpArgs false`
C:\Users\Dan\Desktop\Projects\realizable-cmmsa-hardness\docs\native-receipts\ActualSelectedComplementAnalyticMoment\runtime-prebuild\local-native-123542\src\PvNP\RealizableHardness\ActualBinaryMatrixHC46A7WeightedPredecessor.lean:530:47: warning: This simp argument is unused:
  CharTwo.add_self_eq_zero

Hint: Omit it from the simp argument list.
  [apply] simp [L, w6CanonicalBlockCandidate, Matrix.fromBlocks_multiply, hsJc, hsJp, Matrix.mul_assoc, add_assoc,
    w6_matrix_add_self_eq_zero]

Note: This linter can be disabled with `set_option linter.unusedSimpArgs false`
C:\Users\Dan\Desktop\Projects\realizable-cmmsa-hardness\docs\native-receipts\ActualSelectedComplementAnalyticMoment\runtime-prebuild\local-native-123542\src\PvNP\RealizableHardness\ActualBinaryMatrixHC46A7WeightedPredecessor.lean:537:6: warning: This simp argument is unused:
  add_assoc

Hint: Omit it from the simp argument list.
  [apply] simp [K, Matrix.fromBlocks_multiply, hrPc, Matrix.mul_assoc, CharTwo.add_self_eq_zero,
    w6_matrix_add_self_eq_zero]

Note: This linter can be disabled with `set_option linter.unusedSimpArgs false`
C:\Users\Dan\Desktop\Projects\realizable-cmmsa-hardness\docs\native-receipts\ActualSelectedComplementAnalyticMoment\runtime-prebuild\local-native-123542\src\PvNP\RealizableHardness\ActualBinaryMatrixHC46A7WeightedPredecessor.lean:537:17: warning: This simp argument is unused:
  CharTwo.add_self_eq_zero

Hint: Omit it from the simp argument list.
  [apply] simp [K, Matrix.fromBlocks_multiply, hrPc, Matrix.mul_assoc, add_assoc, w6_matrix_add_self_eq_zero]

Note: This linter can be disabled with `set_option linter.unusedSimpArgs false`
C:\Users\Dan\Desktop\Projects\realizable-cmmsa-hardness\docs\native-receipts\ActualSelectedComplementAnalyticMoment\runtime-prebuild\local-native-123542\src\PvNP\RealizableHardness\ActualBinaryMatrixHC46A7WeightedPredecessor.lean:567:17: warning: This simp argument is unused:
  Matrix.mulVecLin_apply

Hint: Omit it from the simp argument list.
  [apply] simp [B, Matrix.fromBlocks_mulVec]

Note: This linter can be disabled with `set_option linter.unusedSimpArgs false`
C:\Users\Dan\Desktop\Projects\realizable-cmmsa-hardness\docs\native-receipts\ActualSelectedComplementAnalyticMoment\runtime-prebuild\local-native-123542\src\PvNP\RealizableHardness\ActualBinaryMatrixHC46A7WeightedPredecessor.lean:702:6: error(lean.unknownIdentifier): Unknown constant `LinearMap.rangeRestrict_apply`
C:\Users\Dan\Desktop\Projects\realizable-cmmsa-hardness\docs\native-receipts\ActualSelectedComplementAnalyticMoment\runtime-prebuild\local-native-123542\src\PvNP\RealizableHardness\ActualBinaryMatrixHC46A7WeightedPredecessor.lean:699:44: error: unsolved goals
U : Type u_1
T : Type u_2
E : Type u_3
inst✝⁸ : AddCommGroup U
inst✝⁷ : Module F U
inst✝⁶ : FiniteDimensional F U
inst✝⁵ : AddCommGroup T
inst✝⁴ : Module F T
inst✝³ : FiniteDimensional F T
inst✝² : AddCommGroup E
inst✝¹ : Module F E
inst✝ : FiniteDimensional F E
f : U →ₗ[F] T
g : U →ₗ[F] E
x : U
⊢ (Function.prod (⇑f) (⇑g.rangeRestrict) x).1 = 0.1 ∧ ↑(Function.prod (⇑f) (⇑g.rangeRestrict) x).2 = ↑0.2 ↔
    (Function.prod (⇑f) (⇑g) x).1 = 0.1 ∧ (Function.prod (⇑f) (⇑g) x).2 = 0.2
C:\Users\Dan\Desktop\Projects\realizable-cmmsa-hardness\docs\native-receipts\ActualSelectedComplementAnalyticMoment\runtime-prebuild\local-native-123542\src\PvNP\RealizableHardness\ActualBinaryMatrixHC46A7WeightedPredecessor.lean:731:4: error: Type mismatch
  w6_matrix_rank_mul_of_injective_surjective j p hj hp
has type
  (j * p).rank = Fintype.card (Fin l)
but is expected to have type
  (j * p).rank = l
C:\Users\Dan\Desktop\Projects\realizable-cmmsa-hardness\docs\native-receipts\ActualSelectedComplementAnalyticMoment\runtime-prebuild\local-native-123542\src\PvNP\RealizableHardness\ActualBinaryMatrixHC46A7WeightedPredecessor.lean:754:35: error: Application type mismatch: The argument
  hpairrank'
has type
  Module.finrank F ↥(f.prod g.rangeRestrict).range = Module.finrank F { x : Fin m → F // x ∈ g.range }
but is expected to have type
  Module.finrank F ↥(f.prod g.rangeRestrict).range = Module.finrank F { x : ↥g.range // x ∈ g.rangeRestrict.range }
in the application
  w6_unique_graph_factor_of_rank_eq f g.rangeRestrict hg hpairrank'
