lean/PvNP/RealizableHardness/ActualStarRelationCount.lean:39:4: error(lean.synthInstanceFailed): failed to synthesize instance of type class
  Fintype (NonzeroTuple n)

Hint: Type class instance resolution failures can be inspected with the `set_option trace.Meta.synthInstance true` command.
lean/PvNP/RealizableHardness/ActualStarRelationCount.lean:42:4: warning: try 'simp' instead of 'simpa'

Note: This linter can be disabled with `set_option linter.unnecessarySimpa false`
lean/PvNP/RealizableHardness/ActualStarRelationCount.lean:49:4: error(lean.synthInstanceFailed): failed to synthesize instance of type class
  Fintype (NonzeroRelation (n + 1))

Hint: Type class instance resolution failures can be inspected with the `set_option trace.Meta.synthInstance true` command.
lean/PvNP/RealizableHardness/ActualStarRelationCount.lean:50:6: error(lean.synthInstanceFailed): failed to synthesize instance of type class
  Fintype (NonzeroTuple n)

Hint: Type class instance resolution failures can be inspected with the `set_option trace.Meta.synthInstance true` command.
lean/PvNP/RealizableHardness/ActualStarRelationCount.lean:52:35: error(lean.unknownIdentifier): Unknown identifier `A`
lean/PvNP/RealizableHardness/ActualStarRelationCount.lean:52:67: error(lean.unknownIdentifier): Unknown identifier `A`
lean/PvNP/RealizableHardness/ActualStarRelationCount.lean:78:4: error(lean.synthInstanceFailed): failed to synthesize instance of type class
  Fintype (NonzeroRelation (n + 1))

Hint: Type class instance resolution failures can be inspected with the `set_option trace.Meta.synthInstance true` command.
lean/PvNP/RealizableHardness/ActualStarRelationCount.lean:81:4: error(lean.synthInstanceFailed): failed to synthesize instance of type class
  Fintype (NonzeroRelation (n + 1))

Hint: Type class instance resolution failures can be inspected with the `set_option trace.Meta.synthInstance true` command.
lean/PvNP/RealizableHardness/ActualStarRelationCount.lean:82:8: error(lean.synthInstanceFailed): failed to synthesize instance of type class
  Fintype (NonzeroTuple n)

Hint: Type class instance resolution failures can be inspected with the `set_option trace.Meta.synthInstance true` command.
lean/PvNP/RealizableHardness/ActualStarRelationCount.lean:83:6: error(lean.unknownIdentifier): Unknown identifier `nonzeroRelation_card_le_tail`
