C:\Users\Dan\Desktop\Projects\realizable-cmmsa-hardness\docs\native-receipts\ActualSelectedComplementAnalyticMoment\runtime-prebuild\local-native-123542\src\PvNP\RealizableHardness\ActualBinaryMatrixHC46A7WeightedPredecessor.lean:314:21: warning: `if_pos` has been deprecated: Use `ite_eq_left` instead
C:\Users\Dan\Desktop\Projects\realizable-cmmsa-hardness\docs\native-receipts\ActualSelectedComplementAnalyticMoment\runtime-prebuild\local-native-123542\src\PvNP\RealizableHardness\ActualBinaryMatrixHC46A7WeightedPredecessor.lean:337:21: warning: `if_pos` has been deprecated: Use `ite_eq_left` instead
C:\Users\Dan\Desktop\Projects\realizable-cmmsa-hardness\docs\native-receipts\ActualSelectedComplementAnalyticMoment\runtime-prebuild\local-native-123542\src\PvNP\RealizableHardness\ActualBinaryMatrixHC46A7WeightedPredecessor.lean:342:8: warning: This simp argument is unused:
  BinaryMatrixA1TypedFourier.carrierMean

Hint: Omit it from the simp argument list.
  [apply] simp [hp, complexCarrierFourierCoeff]

Note: This linter can be disabled with `set_option linter.unusedSimpArgs false`
C:\Users\Dan\Desktop\Projects\realizable-cmmsa-hardness\docs\native-receipts\ActualSelectedComplementAnalyticMoment\runtime-prebuild\local-native-123542\src\PvNP\RealizableHardness\ActualBinaryMatrixHC46A7WeightedPredecessor.lean:506:38: warning: This simp argument is unused:
  Matrix.mulVecLin_apply

Hint: Omit it from the simp argument list.
  [apply] simp [w6BlockBottomDisplacementMap, Matrix.fromCols_mulVec, Matrix.mulVecLin_mul, Matrix.mulVecLin_apply]

Note: This linter can be disabled with `set_option linter.unusedSimpArgs false`
C:\Users\Dan\Desktop\Projects\realizable-cmmsa-hardness\docs\native-receipts\ActualSelectedComplementAnalyticMoment\runtime-prebuild\local-native-123542\src\PvNP\RealizableHardness\ActualBinaryMatrixHC46A7WeightedPredecessor.lean:507:50: warning: This simp argument is unused:
  Matrix.mulVecLin_apply

Hint: Omit it from the simp argument list.
  [apply] simp [w6BlockBottomDisplacementMap, Matrix.mulVecLin_apply, Matrix.fromCols_mulVec, Matrix.mulVecLin_mul]

Note: This linter can be disabled with `set_option linter.unusedSimpArgs false`
C:\Users\Dan\Desktop\Projects\realizable-cmmsa-hardness\docs\native-receipts\ActualSelectedComplementAnalyticMoment\runtime-prebuild\local-native-123542\src\PvNP\RealizableHardness\ActualBinaryMatrixHC46A7WeightedPredecessor.lean:683:47: warning: This simp argument is unused:
  CharTwo.add_self_eq_zero

Hint: Omit it from the simp argument list.
  [apply] simp [L, w6CanonicalBlockCandidate, Matrix.fromBlocks_multiply, hsJc, hsJp, Matrix.mul_assoc, add_assoc,
    w6_matrix_add_self_eq_zero]

Note: This linter can be disabled with `set_option linter.unusedSimpArgs false`
C:\Users\Dan\Desktop\Projects\realizable-cmmsa-hardness\docs\native-receipts\ActualSelectedComplementAnalyticMoment\runtime-prebuild\local-native-123542\src\PvNP\RealizableHardness\ActualBinaryMatrixHC46A7WeightedPredecessor.lean:690:6: warning: This simp argument is unused:
  add_assoc

Hint: Omit it from the simp argument list.
  [apply] simp [K, Matrix.fromBlocks_multiply, hrPc, Matrix.mul_assoc, CharTwo.add_self_eq_zero,
    w6_matrix_add_self_eq_zero]

Note: This linter can be disabled with `set_option linter.unusedSimpArgs false`
C:\Users\Dan\Desktop\Projects\realizable-cmmsa-hardness\docs\native-receipts\ActualSelectedComplementAnalyticMoment\runtime-prebuild\local-native-123542\src\PvNP\RealizableHardness\ActualBinaryMatrixHC46A7WeightedPredecessor.lean:690:17: warning: This simp argument is unused:
  CharTwo.add_self_eq_zero

Hint: Omit it from the simp argument list.
  [apply] simp [K, Matrix.fromBlocks_multiply, hrPc, Matrix.mul_assoc, add_assoc, w6_matrix_add_self_eq_zero]

Note: This linter can be disabled with `set_option linter.unusedSimpArgs false`
C:\Users\Dan\Desktop\Projects\realizable-cmmsa-hardness\docs\native-receipts\ActualSelectedComplementAnalyticMoment\runtime-prebuild\local-native-123542\src\PvNP\RealizableHardness\ActualBinaryMatrixHC46A7WeightedPredecessor.lean:720:17: warning: This simp argument is unused:
  Matrix.mulVecLin_apply

Hint: Omit it from the simp argument list.
  [apply] simp [B, Matrix.fromBlocks_mulVec]

Note: This linter can be disabled with `set_option linter.unusedSimpArgs false`
C:\Users\Dan\Desktop\Projects\realizable-cmmsa-hardness\docs\native-receipts\ActualSelectedComplementAnalyticMoment\runtime-prebuild\local-native-123542\src\PvNP\RealizableHardness\ActualBinaryMatrixHC46A7WeightedPredecessor.lean:1031:6: warning: try 'simp' instead of 'simpa'

Note: This linter can be disabled with `set_option linter.unnecessarySimpa false`
C:\Users\Dan\Desktop\Projects\realizable-cmmsa-hardness\docs\native-receipts\ActualSelectedComplementAnalyticMoment\runtime-prebuild\local-native-123542\src\PvNP\RealizableHardness\ActualBinaryMatrixHC46A7WeightedPredecessor.lean:991:43: warning: This simp argument is unused:
  Matrix.mulVecLin_apply

Hint: Omit it from the simp argument list.
  [apply] simp [g, w6BlockBottomDisplacementMap, Matrix.fromCols_mulVec, Matrix.mulVecLin_mul, cMap]

Note: This linter can be disabled with `set_option linter.unusedSimpArgs false`
C:\Users\Dan\Desktop\Projects\realizable-cmmsa-hardness\docs\native-receipts\ActualSelectedComplementAnalyticMoment\runtime-prebuild\local-native-123542\src\PvNP\RealizableHardness\ActualBinaryMatrixHC46A7WeightedPredecessor.lean:992:30: warning: This simp argument is unused:
  Matrix.mulVecLin_mul

Hint: Omit it from the simp argument list.
  [apply] simp [g, w6BlockBottomDisplacementMap, Matrix.mulVecLin_apply, Matrix.fromCols_mulVec, cMap]

Note: This linter can be disabled with `set_option linter.unusedSimpArgs false`
C:\Users\Dan\Desktop\Projects\realizable-cmmsa-hardness\docs\native-receipts\ActualSelectedComplementAnalyticMoment\runtime-prebuild\local-native-123542\src\PvNP\RealizableHardness\ActualBinaryMatrixHC46A7WeightedPredecessor.lean:1012:45: warning: This simp argument is unused:
  Matrix.mulVecLin_apply

Hint: Omit it from the simp argument list.
  [apply] simp [g, w6BlockBottomDisplacementMap, Matrix.fromCols_mulVec, cMap]

Note: This linter can be disabled with `set_option linter.unusedSimpArgs false`
C:\Users\Dan\Desktop\Projects\realizable-cmmsa-hardness\docs\native-receipts\ActualSelectedComplementAnalyticMoment\runtime-prebuild\local-native-123542\src\PvNP\RealizableHardness\ActualBinaryMatrixHC46A7WeightedPredecessor.lean:1024:45: warning: This simp argument is unused:
  Matrix.mulVecLin_apply

Hint: Omit it from the simp argument list.
  [apply] simp [g, w6BlockBottomDisplacementMap, Matrix.fromCols_mulVec]

Note: This linter can be disabled with `set_option linter.unusedSimpArgs false`
C:\Users\Dan\Desktop\Projects\realizable-cmmsa-hardness\docs\native-receipts\ActualSelectedComplementAnalyticMoment\runtime-prebuild\local-native-123542\src\PvNP\RealizableHardness\ActualBinaryMatrixHC46A7WeightedPredecessor.lean:1303:12: warning: This simp argument is unused:
  w6FixedZBlockFiber

Hint: Omit it from the simp argument list.
  [apply] simp [w6FixedBottomBlockFiber, hzfactor]

Note: This linter can be disabled with `set_option linter.unusedSimpArgs false`
C:\Users\Dan\Desktop\Projects\realizable-cmmsa-hardness\docs\native-receipts\ActualSelectedComplementAnalyticMoment\runtime-prebuild\local-native-123542\src\PvNP\RealizableHardness\ActualBinaryMatrixHC46A7WeightedPredecessor.lean:1303:32: warning: This simp argument is unused:
  w6FixedBottomBlockFiber

Hint: Omit it from the simp argument list.
  [apply] simp [w6FixedZBlockFiber, hzfactor]

Note: This linter can be disabled with `set_option linter.unusedSimpArgs false`
C:\Users\Dan\Desktop\Projects\realizable-cmmsa-hardness\docs\native-receipts\ActualSelectedComplementAnalyticMoment\runtime-prebuild\local-native-123542\src\PvNP\RealizableHardness\ActualBinaryMatrixHC46A7WeightedPredecessor.lean:1410:7: warning: Variable name `hBC` is not explicitly referenced.

Hint: The binding can be removed (if unused) or named `_` (if used implicitly). Alternatively, prefix the name with `_` to silence this warning:
  [apply] _hBC

Note: This linter can be disabled with `set_option linter.unusedVariables false`
C:\Users\Dan\Desktop\Projects\realizable-cmmsa-hardness\docs\native-receipts\ActualSelectedComplementAnalyticMoment\runtime-prebuild\local-native-123542\src\PvNP\RealizableHardness\ActualBinaryMatrixHC46A7WeightedPredecessor.lean:1415:7: warning: Variable name `hAD` is not explicitly referenced.

Hint: The binding can be removed (if unused) or named `_` (if used implicitly). Alternatively, prefix the name with `_` to silence this warning:
  [apply] _hAD

Note: This linter can be disabled with `set_option linter.unusedVariables false`
C:\Users\Dan\Desktop\Projects\realizable-cmmsa-hardness\docs\native-receipts\ActualSelectedComplementAnalyticMoment\runtime-prebuild\local-native-123542\src\PvNP\RealizableHardness\ActualBinaryMatrixHC46A7WeightedPredecessor.lean:1532:7: warning: Variable name `hBC` is not explicitly referenced.

Hint: The binding can be removed (if unused) or named `_` (if used implicitly). Alternatively, prefix the name with `_` to silence this warning:
  [apply] _hBC

Note: This linter can be disabled with `set_option linter.unusedVariables false`
C:\Users\Dan\Desktop\Projects\realizable-cmmsa-hardness\docs\native-receipts\ActualSelectedComplementAnalyticMoment\runtime-prebuild\local-native-123542\src\PvNP\RealizableHardness\ActualBinaryMatrixHC46A7WeightedPredecessor.lean:1534:7: warning: Variable name `hAD` is not explicitly referenced.

Hint: The binding can be removed (if unused) or named `_` (if used implicitly). Alternatively, prefix the name with `_` to silence this warning:
  [apply] _hAD

Note: This linter can be disabled with `set_option linter.unusedVariables false`
C:\Users\Dan\Desktop\Projects\realizable-cmmsa-hardness\docs\native-receipts\ActualSelectedComplementAnalyticMoment\runtime-prebuild\local-native-123542\src\PvNP\RealizableHardness\ActualBinaryMatrixHC46A7WeightedPredecessor.lean:1535:7: warning: Variable name `bA` is not explicitly referenced.

Hint: The binding can be removed (if unused) or named `_` (if used implicitly). Alternatively, prefix the name with `_` to silence this warning:
  [apply] _bA

Note: This linter can be disabled with `set_option linter.unusedVariables false`
C:\Users\Dan\Desktop\Projects\realizable-cmmsa-hardness\docs\native-receipts\ActualSelectedComplementAnalyticMoment\runtime-prebuild\local-native-123542\src\PvNP\RealizableHardness\ActualBinaryMatrixHC46A7WeightedPredecessor.lean:1577:12: warning: This simp argument is unused:
  hquot

Hint: Omit it from the simp argument list.
  [apply] simp

Note: This linter can be disabled with `set_option linter.unusedSimpArgs false`
C:\Users\Dan\Desktop\Projects\realizable-cmmsa-hardness\docs\native-receipts\ActualSelectedComplementAnalyticMoment\runtime-prebuild\local-native-123542\src\PvNP\RealizableHardness\ActualBinaryMatrixHC46A7WeightedPredecessor.lean:1692:6: error: Type mismatch: After simplification, term
  h
 has type
  (LinearMap.toMatrix'
        (↑(eV.trans (LinearEquiv.sumArrowLequivProdArrow (Fin k) (Fin s) F F).symm) ∘ₗ
          Matrix.toLin' (Matrix.transpose Y) ∘ₗ
            ↑(eW.trans (LinearEquiv.sumArrowLequivProdArrow (Fin k) (Fin m) F F).symm).symm)).rank =
    Module.finrank F
      ↥(Matrix.toLin'
            (LinearMap.toMatrix'
              (↑(eV.trans (LinearEquiv.sumArrowLequivProdArrow (Fin k) (Fin s) F F).symm) ∘ₗ
                Matrix.toLin' (Matrix.transpose Y) ∘ₗ
                  ↑(eW.trans (LinearEquiv.sumArrowLequivProdArrow (Fin k) (Fin m) F F).symm).symm))).range
but is expected to have type
  (w6ActualFiniteCoordinateMatrix eW eV Y).rank = Module.finrank F ↥C.range
C:\Users\Dan\Desktop\Projects\realizable-cmmsa-hardness\docs\native-receipts\ActualSelectedComplementAnalyticMoment\runtime-prebuild\local-native-123542\src\PvNP\RealizableHardness\ActualBinaryMatrixHC46A7WeightedPredecessor.lean:1747:40: warning: This simp argument is unused:
  Matrix.mulVecLin_apply

Hint: Omit it from the simp argument list.
  [apply] simp [w6ActualFiniteCoordinateMatrix, Matrix.toLin'_toMatrix', LinearEquiv.trans_apply,
    LinearEquiv.trans_symm, LinearMap.comp_apply]

Note: This linter can be disabled with `set_option linter.unusedSimpArgs false`
C:\Users\Dan\Desktop\Projects\realizable-cmmsa-hardness\docs\native-receipts\ActualSelectedComplementAnalyticMoment\runtime-prebuild\local-native-123542\src\PvNP\RealizableHardness\ActualBinaryMatrixHC46A7WeightedPredecessor.lean:1748:4: warning: This simp argument is unused:
  Matrix.toLin'_toMatrix'

Hint: Omit it from the simp argument list.
  [apply] simp [w6ActualFiniteCoordinateMatrix, Matrix.mulVecLin_apply, LinearEquiv.trans_apply, LinearEquiv.trans_symm,
    LinearMap.comp_apply]

Note: This linter can be disabled with `set_option linter.unusedSimpArgs false`
C:\Users\Dan\Desktop\Projects\realizable-cmmsa-hardness\docs\native-receipts\ActualSelectedComplementAnalyticMoment\runtime-prebuild\local-native-123542\src\PvNP\RealizableHardness\ActualBinaryMatrixHC46A7WeightedPredecessor.lean:1795:7: warning: Variable name `hBC` is not explicitly referenced.

Hint: The binding can be removed (if unused) or named `_` (if used implicitly). Alternatively, prefix the name with `_` to silence this warning:
  [apply] _hBC

Note: This linter can be disabled with `set_option linter.unusedVariables false`
C:\Users\Dan\Desktop\Projects\realizable-cmmsa-hardness\docs\native-receipts\ActualSelectedComplementAnalyticMoment\runtime-prebuild\local-native-123542\src\PvNP\RealizableHardness\ActualBinaryMatrixHC46A7WeightedPredecessor.lean:1797:7: warning: Variable name `hAD` is not explicitly referenced.

Hint: The binding can be removed (if unused) or named `_` (if used implicitly). Alternatively, prefix the name with `_` to silence this warning:
  [apply] _hAD

Note: This linter can be disabled with `set_option linter.unusedVariables false`
C:\Users\Dan\Desktop\Projects\realizable-cmmsa-hardness\docs\native-receipts\ActualSelectedComplementAnalyticMoment\runtime-prebuild\local-native-123542\src\PvNP\RealizableHardness\ActualBinaryMatrixHC46A7WeightedPredecessor.lean:1798:7: warning: Variable name `bA` is not explicitly referenced.

Hint: The binding can be removed (if unused) or named `_` (if used implicitly). Alternatively, prefix the name with `_` to silence this warning:
  [apply] _bA

Note: This linter can be disabled with `set_option linter.unusedVariables false`
