⚠ [3048/3051] Replayed PvNP.RealizableHardness.ActualBinaryMatrixHC46A18Conditioning
warning: lean/PvNP/RealizableHardness/ActualBinaryMatrixHC46A18Conditioning.lean:57:4: Unused tactic linter: `change dualRestriction A (φ.1 - φ₀) = 0` does nothing

Note: This linter can be disabled with `set_option linter.unusedTactic false`
warning: lean/PvNP/RealizableHardness/ActualBinaryMatrixHC46A18Conditioning.lean:60:4: Unused tactic linter: `change dualRestriction A (δ.1 + φ₀) = ψ` does nothing

Note: This linter can be disabled with `set_option linter.unusedTactic false`
warning: lean/PvNP/RealizableHardness/ActualBinaryMatrixHC46A18Conditioning.lean:110:4: Unused tactic linter: `change dualRestrictionAt A w (φ.1 - φ₀) = 0` does nothing

Note: This linter can be disabled with `set_option linter.unusedTactic false`
warning: lean/PvNP/RealizableHardness/ActualBinaryMatrixHC46A18Conditioning.lean:113:4: Unused tactic linter: `change dualRestrictionAt A w (δ.1 + φ₀) = z` does nothing

Note: This linter can be disabled with `set_option linter.unusedTactic false`
⚠ [3049/3051] Replayed PvNP.RealizableHardness.ActualBinaryMatrixHC46A18QuotientSamplingLaw
warning: lean/PvNP/RealizableHardness/ActualBinaryMatrixHC46A18QuotientSamplingLaw.lean:42:29: Variable name `ha` is not explicitly referenced.

Hint: The binding can be removed (if unused) or named `_` (if used implicitly). Alternatively, prefix the name with `_` to silence this warning:
  [apply] _ha

Note: This linter can be disabled with `set_option linter.unusedVariables false`
warning: lean/PvNP/RealizableHardness/ActualBinaryMatrixHC46A18QuotientSamplingLaw.lean:82:4: Unused tactic linter: `change Submodule.mkQ (functionalKernelInAmbient A phi) (c • (v : X)) = y` does nothing

Note: This linter can be disabled with `set_option linter.unusedTactic false`
warning: lean/PvNP/RealizableHardness/ActualBinaryMatrixHC46A18QuotientSamplingLaw.lean:95:29: Variable name `ha` is not explicitly referenced.

Hint: The binding can be removed (if unused) or named `_` (if used implicitly). Alternatively, prefix the name with `_` to silence this warning:
  [apply] _ha

Note: This linter can be disabled with `set_option linter.unusedVariables false`
warning: lean/PvNP/RealizableHardness/ActualBinaryMatrixHC46A18QuotientSamplingLaw.lean:295:19: This simp argument is unused:
  vk

Hint: Omit it from the simp argument list.
  [apply] simp [eVmap]

Note: This linter can be disabled with `set_option linter.unusedSimpArgs false`
warning: lean/PvNP/RealizableHardness/ActualBinaryMatrixHC46A18QuotientSamplingLaw.lean:316:12: This simp argument is unused:
  phi₀

Hint: Omit it from the simp argument list.
  [apply] simp [pK, z, eSplit]

Note: This linter can be disabled with `set_option linter.unusedSimpArgs false`
warning: lean/PvNP/RealizableHardness/ActualBinaryMatrixHC46A18QuotientSamplingLaw.lean:336:31: Variable name `ha` is not explicitly referenced.

Hint: The binding can be removed (if unused) or named `_` (if used implicitly). Alternatively, prefix the name with `_` to silence this warning:
  [apply] _ha

Note: This linter can be disabled with `set_option linter.unusedVariables false`
warning: lean/PvNP/RealizableHardness/ActualBinaryMatrixHC46A18QuotientSamplingLaw.lean:503:8: try 'simp' instead of 'simpa'

Note: This linter can be disabled with `set_option linter.unnecessarySimpa false`
warning: lean/PvNP/RealizableHardness/ActualBinaryMatrixHC46A18QuotientSamplingLaw.lean:510:12: This simp argument is unused:
  LinearMap.comp_apply

Hint: Omit it from the simp argument list.
  [apply] simp [LinearEquiv.apply_symm_apply]

Note: This linter can be disabled with `set_option linter.unusedSimpArgs false`
warning: lean/PvNP/RealizableHardness/ActualBinaryMatrixHC46A18QuotientSamplingLaw.lean:510:34: This simp argument is unused:
  LinearEquiv.apply_symm_apply

Hint: Omit it from the simp argument list.
  [apply] simp [LinearMap.comp_apply]

Note: This linter can be disabled with `set_option linter.unusedSimpArgs false`
warning: lean/PvNP/RealizableHardness/ActualBinaryMatrixHC46A18QuotientSamplingLaw.lean:681:13: This simp argument is unused:
  LinearMap.codRestrict_apply

Hint: Omit it from the simp argument list.
  [apply] simp [N]

Note: This linter can be disabled with `set_option linter.unusedSimpArgs false`
⚠ [3050/3051] Replayed PvNP.RealizableHardness.ActualBinaryMatrixHC46A18SourceConditioning
warning: lean/PvNP/RealizableHardness/ActualBinaryMatrixHC46A18SourceConditioning.lean:42:35: Variable name `hB` is not explicitly referenced.

Hint: The binding can be removed (if unused) or named `_` (if used implicitly). Alternatively, prefix the name with `_` to silence this warning:
  [apply] _hB

Note: This linter can be disabled with `set_option linter.unusedVariables false`
warning: lean/PvNP/RealizableHardness/ActualBinaryMatrixHC46A18SourceConditioning.lean:75:37: This simp argument is unused:
  add_left_comm

Hint: Omit it from the simp argument list.
  [apply] simp [sub_eq_add_neg, add_assoc, add_comm]

Note: This linter can be disabled with `set_option linter.unusedSimpArgs false`
warning: lean/PvNP/RealizableHardness/ActualBinaryMatrixHC46A18SourceConditioning.lean:75:52: This simp argument is unused:
  add_comm

Hint: Omit it from the simp argument list.
  [apply] simp [sub_eq_add_neg, add_assoc, add_left_comm]

Note: This linter can be disabled with `set_option linter.unusedSimpArgs false`
warning: lean/PvNP/RealizableHardness/ActualBinaryMatrixHC46A18SourceConditioning.lean:79:26: This simp argument is unused:
  add_assoc

Hint: Omit it from the simp argument list.
  [apply] simp [sub_eq_add_neg, add_left_comm, add_comm]

Note: This linter can be disabled with `set_option linter.unusedSimpArgs false`
warning: lean/PvNP/RealizableHardness/ActualBinaryMatrixHC46A18SourceConditioning.lean:313:34: This simp argument is unused:
  LinearEquiv.apply_symm_apply

Hint: Omit it from the simp argument list.
  [apply] simp [LinearMap.comp_apply]

Note: This linter can be disabled with `set_option linter.unusedSimpArgs false`
warning: lean/PvNP/RealizableHardness/ActualBinaryMatrixHC46A18SourceConditioning.lean:316:10: Unused tactic linter: `change (eW.symm.toLinearMap.comp (eW.toLinearMap.comp T.1)) qv = wExt` does nothing

Note: This linter can be disabled with `set_option linter.unusedTactic false`
ℹ [3051/3051] Built PvNP.RealizableHardness.ActualBinaryMatrixHC46A18SourceConditioningChecks (2.2s)
info: lean/PvNP/RealizableHardness/ActualBinaryMatrixHC46A18SourceConditioningChecks.lean:5:0: PvNP.RealizableHardness.ActualBinaryMatrixHC46A18SourceConditioning.spanExtension_eq_of_codim_one.{u_1} {W : Type u_1}
  [AddCommGroup W] [Module (ZMod 2) W] [Module.Finite (ZMod 2) W] (B B' : Submodule (ZMod 2) W) (hB : B ≤ B')
  (hdim : Module.finrank (ZMod 2) ↥B' = Module.finrank (ZMod 2) ↥B + 1) (w : ↥B') (hw : ↑w ∉ B) :
  PvNP.RealizableHardness.ActualBinaryMatrixHC46A18Conditioning.spanExtensionSubmodule B ↑w = B'
info: lean/PvNP/RealizableHardness/ActualBinaryMatrixHC46A18SourceConditioningChecks.lean:6:0: PvNP.RealizableHardness.ActualBinaryMatrixHC46A18SourceConditioning.outsideColumnSigmaEquiv.{u_1, u_2} {X : Type u_1}
  {W : Type u_2} [AddCommGroup X] [Module (ZMod 2) X] [AddCommGroup W] [Module (ZMod 2) W] (B B' : Submodule (ZMod 2) W)
  (hB : B ≤ B') (v : X) : { F // ↑(F v) ∉ B } ≃ (w : { w // ↑w ∉ B }) × { F // F v = ↑w }
info: lean/PvNP/RealizableHardness/ActualBinaryMatrixHC46A18SourceConditioningChecks.lean:7:0: PvNP.RealizableHardness.ActualBinaryMatrixHC46A18SourceConditioning.outsideColumnSigma_sum.{u_1, u_2} {X : Type u_1}
  {W : Type u_2} [AddCommGroup X] [Module (ZMod 2) X] [AddCommGroup W] [Module (ZMod 2) W] [Fintype X] [Fintype W]
  (B B' : Submodule (ZMod 2) W) (hB : B ≤ B') (v : X) (g : { F // ↑(F v) ∉ B } → ℝ) :
  ∑ F, g F = ∑ p, g ((outsideColumnSigmaEquiv B B' hB v).symm p)
info: lean/PvNP/RealizableHardness/ActualBinaryMatrixHC46A18SourceConditioningChecks.lean:8:0: PvNP.RealizableHardness.ActualBinaryMatrixHC46A18SourceConditioning.outsideColumnSigma_mean.{u_1, u_2} {X : Type u_1}
  {W : Type u_2} [AddCommGroup X] [Module (ZMod 2) X] [AddCommGroup W] [Module (ZMod 2) W] [Fintype X] [Fintype W]
  (B B' : Submodule (ZMod 2) W) (hB : B ≤ B') (v : X) (g : { F // ↑(F v) ∉ B } → ℝ) :
  (∑ F, g F) / ↑(Fintype.card { F // ↑(F v) ∉ B }) =
    (∑ p, g ((outsideColumnSigmaEquiv B B' hB v).symm p)) / ↑(Fintype.card ((w : { w // ↑w ∉ B }) × { F // F v = ↑w }))
info: lean/PvNP/RealizableHardness/ActualBinaryMatrixHC46A18SourceConditioningChecks.lean:9:0: PvNP.RealizableHardness.ActualBinaryMatrixHC46A18SourceConditioning.actualOutsideColumnFiberCoordinates.{u_1, u_2}
  {X : Type u_1} {W : Type u_2} [AddCommGroup X] [Module (ZMod 2) X] [AddCommGroup W] [Module (ZMod 2) W]
  (A : Submodule (ZMod 2) X) (phi : ↥A →ₗ[ZMod 2] ZMod 2) (v : ↥A) (hv : phi v = 1) (B B' : Submodule (ZMod 2) W)
  (w : ↥B') (hw : ↑w ∉ B)
  (hspan : PvNP.RealizableHardness.ActualBinaryMatrixHC46A18Conditioning.spanExtensionSubmodule B ↑w = B') :
  { N //
      N
          ((PvNP.RealizableHardness.ActualBinaryMatrixHC46A18QuotientSamplingLaw.functionalKernelInAmbient A phi).mkQ
            ↑v) =
        w } ≃
    (X ⧸ A →ₗ[ZMod 2] ↥B) × (X ⧸ A →ₗ[ZMod 2] ZMod 2)
info: lean/PvNP/RealizableHardness/ActualBinaryMatrixHC46A18SourceConditioningChecks.lean:10:0: PvNP.RealizableHardness.ActualBinaryMatrixHC46A18SourceConditioning.evaluationFiberEquiv.{u_1, u_2} {X : Type u_1}
  {W : Type u_2} [AddCommGroup X] [Module (ZMod 2) X] [AddCommGroup W] [Module (ZMod 2) W] (v : X)
  (ell : X →ₗ[ZMod 2] ZMod 2) (hell : ell v = 1) (y z : W) : { F // F v = y } ≃ { F // F v = z }
info: lean/PvNP/RealizableHardness/ActualBinaryMatrixHC46A18SourceConditioningChecks.lean:11:0: PvNP.RealizableHardness.ActualBinaryMatrixHC46A18SourceConditioning.outsideColumn_card_half.{u_1, u_2} {X : Type u_1}
  {W : Type u_2} [AddCommGroup X] [Module (ZMod 2) X] [AddCommGroup W] [Module (ZMod 2) W] [Fintype X] [Fintype W]
  (B B' : Submodule (ZMod 2) W) (hB : B ≤ B') (hdim : Module.finrank (ZMod 2) ↥B' = Module.finrank (ZMod 2) ↥B + 1)
  (v : X) (ell : X →ₗ[ZMod 2] ZMod 2) (hell : ell v = 1) :
  Fintype.card (X →ₗ[ZMod 2] ↥B') = 2 * Fintype.card { F // ↑(F v) ∉ B }
info: lean/PvNP/RealizableHardness/ActualBinaryMatrixHC46A18SourceConditioningChecks.lean:12:0: PvNP.RealizableHardness.ActualBinaryMatrixHC46A18SourceConditioning.restrictedFunctional_quotient_vector_ne_zero.{u_1}
  {X : Type u_1} [AddCommGroup X] [Module (ZMod 2) X] (A : Submodule (ZMod 2) X) (phi : ↥A →ₗ[ZMod 2] ZMod 2) (v : ↥A)
  (hv : phi v = 1) :
  (PvNP.RealizableHardness.ActualBinaryMatrixHC46A18QuotientSamplingLaw.functionalKernelInAmbient A phi).mkQ ↑v ≠ 0
info: lean/PvNP/RealizableHardness/ActualBinaryMatrixHC46A18SourceConditioningChecks.lean:13:0: PvNP.RealizableHardness.ActualBinaryMatrixHC46A18SourceConditioning.restrictedFunctional_outsideColumn_card_half.{u_1,
    u_2}
  {X : Type u_1} {W : Type u_2} [AddCommGroup X] [Module (ZMod 2) X] [AddCommGroup W] [Module (ZMod 2) W] [Fintype X]
  [Fintype W] (A : Submodule (ZMod 2) X) (phi : ↥A →ₗ[ZMod 2] ZMod 2) (v : ↥A) (hv : phi v = 1)
  (B B' : Submodule (ZMod 2) W) (hB : B ≤ B') (hdim : Module.finrank (ZMod 2) ↥B' = Module.finrank (ZMod 2) ↥B + 1) :
  Fintype.card
      (X ⧸
          PvNP.RealizableHardness.ActualBinaryMatrixHC46A18QuotientSamplingLaw.functionalKernelInAmbient A
            phi →ₗ[ZMod 2]
        ↥B') =
    2 *
      Fintype.card
        { N //
          ↑(N
                ((PvNP.RealizableHardness.ActualBinaryMatrixHC46A18QuotientSamplingLaw.functionalKernelInAmbient A
                      phi).mkQ
                  ↑v)) ∉
            B }
info: lean/PvNP/RealizableHardness/ActualBinaryMatrixHC46A18SourceConditioningChecks.lean:14:0: PvNP.RealizableHardness.ActualBinaryMatrixHC46A18SourceConditioning.restrictedFunctional_outsideColumn_mean_le_two.{u_1,
    u_2}
  {X : Type u_1} {W : Type u_2} [AddCommGroup X] [Module (ZMod 2) X] [AddCommGroup W] [Module (ZMod 2) W] [Fintype X]
  [Fintype W] (A : Submodule (ZMod 2) X) (phi : ↥A →ₗ[ZMod 2] ZMod 2) (v : ↥A) (hv : phi v = 1)
  (B B' : Submodule (ZMod 2) W) (hB : B ≤ B') (hdim : Module.finrank (ZMod 2) ↥B' = Module.finrank (ZMod 2) ↥B + 1)
  (g :
    (X ⧸ PvNP.RealizableHardness.ActualBinaryMatrixHC46A18QuotientSamplingLaw.functionalKernelInAmbient A phi →ₗ[ZMod 2]
        ↥B') →
      ℝ)
  (hg :
    ∀
      (N :
        X ⧸
            PvNP.RealizableHardness.ActualBinaryMatrixHC46A18QuotientSamplingLaw.functionalKernelInAmbient A
              phi →ₗ[ZMod 2]
          ↥B'),
      0 ≤ g N) :
  (∑ N with
        ↑(N
              ((PvNP.RealizableHardness.ActualBinaryMatrixHC46A18QuotientSamplingLaw.functionalKernelInAmbient A
                    phi).mkQ
                ↑v)) ∉
          B,
        g N) /
      ↑{N |
            ↑(N
                  ((PvNP.RealizableHardness.ActualBinaryMatrixHC46A18QuotientSamplingLaw.functionalKernelInAmbient A
                        phi).mkQ
                    ↑v)) ∉
              B}.card ≤
    2 *
      ((∑ N, g N) /
        ↑(Fintype.card
            (X ⧸
                PvNP.RealizableHardness.ActualBinaryMatrixHC46A18QuotientSamplingLaw.functionalKernelInAmbient A
                  phi →ₗ[ZMod 2]
              ↥B')))
info: lean/PvNP/RealizableHardness/ActualBinaryMatrixHC46A18SourceConditioningChecks.lean:15:0: 'PvNP.RealizableHardness.ActualBinaryMatrixHC46A18SourceConditioning.spanExtension_eq_of_codim_one' depends on axioms: [propext,
 Classical.choice,
 Quot.sound]
info: lean/PvNP/RealizableHardness/ActualBinaryMatrixHC46A18SourceConditioningChecks.lean:16:0: 'PvNP.RealizableHardness.ActualBinaryMatrixHC46A18SourceConditioning.outsideColumnSigmaEquiv' depends on axioms: [propext,
 Classical.choice,
 Quot.sound]
info: lean/PvNP/RealizableHardness/ActualBinaryMatrixHC46A18SourceConditioningChecks.lean:17:0: 'PvNP.RealizableHardness.ActualBinaryMatrixHC46A18SourceConditioning.outsideColumnSigma_sum' depends on axioms: [propext,
 Classical.choice,
 Quot.sound]
info: lean/PvNP/RealizableHardness/ActualBinaryMatrixHC46A18SourceConditioningChecks.lean:18:0: 'PvNP.RealizableHardness.ActualBinaryMatrixHC46A18SourceConditioning.outsideColumnSigma_mean' depends on axioms: [propext,
 Classical.choice,
 Quot.sound]
info: lean/PvNP/RealizableHardness/ActualBinaryMatrixHC46A18SourceConditioningChecks.lean:19:0: 'PvNP.RealizableHardness.ActualBinaryMatrixHC46A18SourceConditioning.actualOutsideColumnFiberCoordinates' depends on axioms: [propext,
 Classical.choice,
 Quot.sound]
info: lean/PvNP/RealizableHardness/ActualBinaryMatrixHC46A18SourceConditioningChecks.lean:20:0: 'PvNP.RealizableHardness.ActualBinaryMatrixHC46A18SourceConditioning.outsideColumn_card_half' depends on axioms: [propext,
 Classical.choice,
 Quot.sound]
info: lean/PvNP/RealizableHardness/ActualBinaryMatrixHC46A18SourceConditioningChecks.lean:21:0: 'PvNP.RealizableHardness.ActualBinaryMatrixHC46A18SourceConditioning.restrictedFunctional_quotient_vector_ne_zero' depends on axioms: [propext,
 Classical.choice,
 Quot.sound]
info: lean/PvNP/RealizableHardness/ActualBinaryMatrixHC46A18SourceConditioningChecks.lean:22:0: 'PvNP.RealizableHardness.ActualBinaryMatrixHC46A18SourceConditioning.restrictedFunctional_outsideColumn_card_half' depends on axioms: [propext,
 Classical.choice,
 Quot.sound]
info: lean/PvNP/RealizableHardness/ActualBinaryMatrixHC46A18SourceConditioningChecks.lean:23:0: 'PvNP.RealizableHardness.ActualBinaryMatrixHC46A18SourceConditioning.restrictedFunctional_outsideColumn_mean_le_two' depends on axioms: [propext,
 Classical.choice,
 Quot.sound]
Build completed successfully (3051 jobs).
