WORKTREE_HEAD=81a087e0c3ef0818826cae56f3bc3c58da3b4e91
WORKTREE_BRANCH=DETACHED
WORKTREE_STATUS_BEGIN
?? lean/PvNP/RealizableHardness/ActualStarSameLawScalarComposition.lean
?? lean/PvNP/RealizableHardness/ActualStarSameLawScalarCompositionChecks.lean
WORKTREE_STATUS_END
OVERLAY_COUNT=2
OVERLAYS_BEGIN
lean/PvNP/RealizableHardness/ActualStarSameLawScalarComposition.lean
lean/PvNP/RealizableHardness/ActualStarSameLawScalarCompositionChecks.lean
OVERLAYS_END
SOURCE_HASHES_BEGIN
02674dec39455e06cfe799d16189a30974c67b2fb69fddb1c78dc2adb338a428  /home/dfredriksen_quantyra_org/gcp_actual_star_same_law_scalar_composition_b49f_20260925T145754Z_worktree/lean/PvNP/RealizableHardness/ActualStarSameLawScalarComposition.lean
03f200fff7e8fb26e61347dca9ddac69cbcb51d291115256eae5da9f3325e22f  /home/dfredriksen_quantyra_org/gcp_actual_star_same_law_scalar_composition_b49f_20260925T145754Z_worktree/lean/PvNP/RealizableHardness/ActualStarSameLawScalarCompositionChecks.lean
8190e75a201741065fe508b28955dd64dd72d090babe5f70ce6848879d68ae88  /home/dfredriksen_quantyra_org/gcp_actual_star_same_law_scalar_composition_b49f_20260925T145754Z_worktree/lean-toolchain
03c6564b4a501867a608a3439198e41b88eedf17e3c79c6bfd01790f6ae34cbe  /home/dfredriksen_quantyra_org/gcp_actual_star_same_law_scalar_composition_b49f_20260925T145754Z_worktree/lakefile.toml
825d2e1a20005a259fdf5b181528b391dd6ba18a52c86127caf4c3be990e04f0  /home/dfredriksen_quantyra_org/gcp_actual_star_same_law_scalar_composition_b49f_20260925T145754Z_worktree/lake-manifest.json
SOURCE_HASHES_END
CACHE_LINKS_BEGIN
lrwxrwxrwx 1 dfredriksen_quantyra_org dfredriksen_quantyra_org 65 Sep 25 15:02 /home/dfredriksen_quantyra_org/gcp_actual_star_same_law_scalar_composition_b49f_20260925T145754Z_worktree/.lake/build -> /home/dfredriksen_quantyra_org/mz24-fixed-rho-de048da/.lake/build
lrwxrwxrwx 1 dfredriksen_quantyra_org dfredriksen_quantyra_org 68 Sep 25 15:02 /home/dfredriksen_quantyra_org/gcp_actual_star_same_law_scalar_composition_b49f_20260925T145754Z_worktree/.lake/packages -> /home/dfredriksen_quantyra_org/mz24-fixed-rho-de048da/.lake/packages
/home/dfredriksen_quantyra_org/mz24-fixed-rho-de048da/.lake/packages
/home/dfredriksen_quantyra_org/mz24-fixed-rho-de048da/.lake/build
CACHE_LINKS_END
