⚠ [2203/2312] Replayed PvNP.RealizableHardness.BinaryMatrixFourier
warning: lean/PvNP/RealizableHardness/BinaryMatrixFourier.lean:126:8: `if_pos` has been deprecated: Use `ite_eq_left` instead
warning: lean/PvNP/RealizableHardness/BinaryMatrixFourier.lean:132:8: `if_neg` has been deprecated: Use `ite_eq_right` instead
⚠ [2205/2312] Replayed PvNP.RealizableHardness.BinaryMatrixHybridSelector
warning: lean/PvNP/RealizableHardness/BinaryMatrixHybridSelector.lean:71:8: `if_pos` has been deprecated: Use `ite_eq_left` instead
warning: lean/PvNP/RealizableHardness/BinaryMatrixHybridSelector.lean:90:8: `if_neg` has been deprecated: Use `ite_eq_right` instead
⚠ [2207/2312] Replayed PvNP.RealizableHardness.BinaryMatrixLineTranslation
warning: lean/PvNP/RealizableHardness/BinaryMatrixLineTranslation.lean:243:4: try 'simp' instead of 'simpa'

Note: This linter can be disabled with `set_option linter.unnecessarySimpa false`
warning: lean/PvNP/RealizableHardness/BinaryMatrixLineTranslation.lean:315:8: `if_neg` has been deprecated: Use `ite_eq_right` instead
warning: lean/PvNP/RealizableHardness/BinaryMatrixLineTranslation.lean:407:15: `if_neg` has been deprecated: Use `ite_eq_right` instead
warning: lean/PvNP/RealizableHardness/BinaryMatrixLineTranslation.lean:433:41: This simp argument is unused:
  s

Hint: Omit it from the simp argument list.
  [apply] simp [hs, hr]

Note: This linter can be disabled with `set_option linter.unusedSimpArgs false`
warning: lean/PvNP/RealizableHardness/BinaryMatrixLineTranslation.lean:555:15: `if_neg` has been deprecated: Use `ite_eq_right` instead
warning: lean/PvNP/RealizableHardness/BinaryMatrixLineTranslation.lean:592:57: This simp argument is unused:
  mul_assoc

Hint: Omit it from the simp argument list.
  [apply] simp [hr, hs]

Note: This linter can be disabled with `set_option linter.unusedSimpArgs false`
⚠ [2208/2312] Replayed PvNP.RealizableHardness.BinaryMatrixLineA14
warning: lean/PvNP/RealizableHardness/BinaryMatrixLineA14.lean:88:8: `if_pos` has been deprecated: Use `ite_eq_left` instead
warning: lean/PvNP/RealizableHardness/BinaryMatrixLineA14.lean:97:8: `if_neg` has been deprecated: Use `ite_eq_right` instead
⚠ [2219/2312] Replayed PvNP.RealizableHardness.BinaryMatrixComplexA15
warning: lean/PvNP/RealizableHardness/BinaryMatrixComplexA15.lean:35:4: Unused tactic linter: `change fibreEnergy R.fibre f ≤ ε` does nothing

Note: This linter can be disabled with `set_option linter.unusedTactic false`
warning: lean/PvNP/RealizableHardness/BinaryMatrixComplexA15.lean:46:2: Unused tactic linter: `change fibreEnergy Q.fibre f ≤ ε` does nothing

Note: This linter can be disabled with `set_option linter.unusedTactic false`
warning: lean/PvNP/RealizableHardness/BinaryMatrixComplexA15.lean:184:24: This simp argument is unused:
  zero_add

Hint: Omit it from the simp argument list.
  [apply] simp only [Complex.normSq_apply, Complex.sub_re, Complex.sub_im, Complex.mul_re, Complex.mul_im,
    Complex.ofReal_re, Complex.ofReal_im, zero_mul, sub_zero, mul_zero]

Note: This linter can be disabled with `set_option linter.unusedSimpArgs false`
warning: lean/PvNP/RealizableHardness/BinaryMatrixComplexA15.lean:184:34: This simp argument is unused:
  mul_zero

Hint: Omit it from the simp argument list.
  [apply] simp only [Complex.normSq_apply, Complex.sub_re, Complex.sub_im, Complex.mul_re, Complex.mul_im,
    Complex.ofReal_re, Complex.ofReal_im, zero_mul, sub_zero, zero_add]

Note: This linter can be disabled with `set_option linter.unusedSimpArgs false`
⚠ [2286/2312] Replayed PvNP.RealizableHardness.BinaryMatrixA1TypedFourier
warning: lean/PvNP/RealizableHardness/BinaryMatrixA1TypedFourier.lean:198:8: `if_pos` has been deprecated: Use `ite_eq_left` instead
warning: lean/PvNP/RealizableHardness/BinaryMatrixA1TypedFourier.lean:204:8: `if_neg` has been deprecated: Use `ite_eq_right` instead
warning: lean/PvNP/RealizableHardness/BinaryMatrixA1TypedFourier.lean:236:8: `if_pos` has been deprecated: Use `ite_eq_left` instead
warning: lean/PvNP/RealizableHardness/BinaryMatrixA1TypedFourier.lean:242:8: `if_neg` has been deprecated: Use `ite_eq_right` instead
⚠ [2288/2312] Replayed PvNP.RealizableHardness.BinaryMatrixA1CoefficientTransfer
warning: lean/PvNP/RealizableHardness/BinaryMatrixA1CoefficientTransfer.lean:111:15: `if_pos` has been deprecated: Use `ite_eq_left` instead
⚠ [2289/2312] Replayed PvNP.RealizableHardness.BinaryMatrixA1Composition
warning: lean/PvNP/RealizableHardness/BinaryMatrixA1Composition.lean:40:15: `if_pos` has been deprecated: Use `ite_eq_left` instead
warning: lean/PvNP/RealizableHardness/BinaryMatrixA1Composition.lean:102:5: Variable name `hA` is not explicitly referenced.

Hint: The binding can be removed (if unused) or named `_` (if used implicitly). Alternatively, prefix the name with `_` to silence this warning:
  [apply] _hA

Note: This linter can be disabled with `set_option linter.unusedVariables false`
warning: lean/PvNP/RealizableHardness/BinaryMatrixA1Composition.lean:102:20: Variable name `hB` is not explicitly referenced.

Hint: The binding can be removed (if unused) or named `_` (if used implicitly). Alternatively, prefix the name with `_` to silence this warning:
  [apply] _hB

Note: This linter can be disabled with `set_option linter.unusedVariables false`
warning: lean/PvNP/RealizableHardness/BinaryMatrixA1Composition.lean:172:43: `if_pos` has been deprecated: Use `ite_eq_left` instead
⚠ [2301/2312] Replayed PvNP.RealizableHardness.BinaryMatrixTypedA15HyperplaneGlobal
warning: lean/PvNP/RealizableHardness/BinaryMatrixTypedA15HyperplaneGlobal.lean:48:25: Variable name `hH` is not explicitly referenced.

Hint: The binding can be removed (if unused) or named `_` (if used implicitly). Alternatively, prefix the name with `_` to silence this warning:
  [apply] _hH

Note: This linter can be disabled with `set_option linter.unusedVariables false`
⚠ [2303/2312] Replayed PvNP.RealizableHardness.BinaryMatrixTypedA15HyperplaneReducedGlobal
warning: lean/PvNP/RealizableHardness/BinaryMatrixTypedA15HyperplaneReducedGlobal.lean:54:25: Variable name `hH` is not explicitly referenced.

Hint: The binding can be removed (if unused) or named `_` (if used implicitly). Alternatively, prefix the name with `_` to silence this warning:
  [apply] _hH

Note: This linter can be disabled with `set_option linter.unusedVariables false`
warning: lean/PvNP/RealizableHardness/BinaryMatrixTypedA15HyperplaneReducedGlobal.lean:64:25: Variable name `hH` is not explicitly referenced.

Hint: The binding can be removed (if unused) or named `_` (if used implicitly). Alternatively, prefix the name with `_` to silence this warning:
  [apply] _hH

Note: This linter can be disabled with `set_option linter.unusedVariables false`
warning: lean/PvNP/RealizableHardness/BinaryMatrixTypedA15HyperplaneReducedGlobal.lean:84:25: Variable name `hH` is not explicitly referenced.

Hint: The binding can be removed (if unused) or named `_` (if used implicitly). Alternatively, prefix the name with `_` to silence this warning:
  [apply] _hH

Note: This linter can be disabled with `set_option linter.unusedVariables false`
warning: lean/PvNP/RealizableHardness/BinaryMatrixTypedA15HyperplaneReducedGlobal.lean:98:25: Variable name `hH` is not explicitly referenced.

Hint: The binding can be removed (if unused) or named `_` (if used implicitly). Alternatively, prefix the name with `_` to silence this warning:
  [apply] _hH

Note: This linter can be disabled with `set_option linter.unusedVariables false`
warning: lean/PvNP/RealizableHardness/BinaryMatrixTypedA15HyperplaneReducedGlobal.lean:236:25: Variable name `hH` is not explicitly referenced.

Hint: The binding can be removed (if unused) or named `_` (if used implicitly). Alternatively, prefix the name with `_` to silence this warning:
  [apply] _hH

Note: This linter can be disabled with `set_option linter.unusedVariables false`
⚠ [2305/2312] Replayed PvNP.RealizableHardness.BinaryMatrixTypedA14HyperplaneReduced
warning: lean/PvNP/RealizableHardness/BinaryMatrixTypedA14HyperplaneReduced.lean:35:55: Variable name `hH` is not explicitly referenced.

Hint: The binding can be removed (if unused) or named `_` (if used implicitly). Alternatively, prefix the name with `_` to silence this warning:
  [apply] _hH

Note: This linter can be disabled with `set_option linter.unusedVariables false`
warning: lean/PvNP/RealizableHardness/BinaryMatrixTypedA14HyperplaneReduced.lean:119:55: Variable name `hH` is not explicitly referenced.

Hint: The binding can be removed (if unused) or named `_` (if used implicitly). Alternatively, prefix the name with `_` to silence this warning:
  [apply] _hH

Note: This linter can be disabled with `set_option linter.unusedVariables false`
⚠ [2307/2312] Replayed PvNP.RealizableHardness.BinaryMatrixA15BaseCase
warning: lean/PvNP/RealizableHardness/BinaryMatrixA15BaseCase.lean:31:4: Try this: 
  haveI̵

The goal is a proposition, so `have` is preferred over `haveI`.
The difference between `have` and `haveI` is that `haveI` inlines the value.
But this is not relevant for proofs because of proof irrelevance.

Note: This linter can be disabled with `set_option linter.style.haveILetI false`
✖ [2310/2312] Building PvNP.RealizableHardness.ActualBinaryMatrixHC46CommonDerivative (2.5s)
trace: .> LEAN_PATH=/home/dfredriksen_quantyra_org/cmmsa_analytic_20260930T040837Z/.lake/packages/Cli/.lake/build/lib/lean:/home/dfredriksen_quantyra_org/cmmsa_analytic_20260930T040837Z/.lake/packages/batteries/.lake/build/lib/lean:/home/dfredriksen_quantyra_org/cmmsa_analytic_20260930T040837Z/.lake/packages/Qq/.lake/build/lib/lean:/home/dfredriksen_quantyra_org/cmmsa_analytic_20260930T040837Z/.lake/packages/aesop/.lake/build/lib/lean:/home/dfredriksen_quantyra_org/cmmsa_analytic_20260930T040837Z/.lake/packages/proofwidgets/.lake/build/lib/lean:/home/dfredriksen_quantyra_org/cmmsa_analytic_20260930T040837Z/.lake/packages/importGraph/.lake/build/lib/lean:/home/dfredriksen_quantyra_org/cmmsa_analytic_20260930T040837Z/.lake/packages/LeanSearchClient/.lake/build/lib/lean:/home/dfredriksen_quantyra_org/cmmsa_analytic_20260930T040837Z/.lake/packages/plausible/.lake/build/lib/lean:/home/dfredriksen_quantyra_org/cmmsa_analytic_20260930T040837Z/.lake/packages/complexitylib/.lake/build/lib/lean:/home/dfredriksen_quantyra_org/cmmsa_analytic_20260930T040837Z/.lake/packages/mathlib/.lake/build/lib/lean:/home/dfredriksen_quantyra_org/cmmsa_analytic_20260930T040837Z/.lake/packages/cslib/.lake/build/lib/lean:/home/dfredriksen_quantyra_org/cmmsa_analytic_20260930T040837Z/.lake/build/lib/lean /home/dfredriksen_quantyra_org/.elan/toolchains/leanprover--lean4---v4.34.0-rc2/bin/lean /home/dfredriksen_quantyra_org/cmmsa_analytic_20260930T040837Z/lean/PvNP/RealizableHardness/ActualBinaryMatrixHC46CommonDerivative.lean -o /home/dfredriksen_quantyra_org/cmmsa_analytic_20260930T040837Z/.lake/build/lib/lean/PvNP/RealizableHardness/ActualBinaryMatrixHC46CommonDerivative.olean -i /home/dfredriksen_quantyra_org/cmmsa_analytic_20260930T040837Z/.lake/build/lib/lean/PvNP/RealizableHardness/ActualBinaryMatrixHC46CommonDerivative.ilean -c /home/dfredriksen_quantyra_org/cmmsa_analytic_20260930T040837Z/.lake/build/ir/PvNP/RealizableHardness/ActualBinaryMatrixHC46CommonDerivative.c --setup /home/dfredriksen_quantyra_org/cmmsa_analytic_20260930T040837Z/.lake/build/ir/PvNP/RealizableHardness/ActualBinaryMatrixHC46CommonDerivative.setup.json --json
warning: lean/PvNP/RealizableHardness/ActualBinaryMatrixHC46CommonDerivative.lean:80:13: `if_pos` has been deprecated: Use `ite_eq_left` instead
error: lean/PvNP/RealizableHardness/ActualBinaryMatrixHC46CommonDerivative.lean:315:26: Type mismatch
  ih
has type
  ∀ (t : Fin k → Fin n → ZMod 2), commonLineDerivativeChain k (fun x => 0) t = fun x => 0
but is expected to have type
  (commonLineDerivativeChain k (fun x => 0) fun i => t i.castSucc) = fun x => 0
error: lean/PvNP/RealizableHardness/ActualBinaryMatrixHC46CommonDerivative.lean:385:8: `simp` made no progress
error: lean/PvNP/RealizableHardness/ActualBinaryMatrixHC46CommonDerivative.lean:402:26: Type mismatch
  ih
has type
  ∀ (t : Fin k → Fin d → ZMod 2), commonHyperplaneDerivativeChain k (fun x => 0) t = fun x => 0
but is expected to have type
  (commonHyperplaneDerivativeChain k (fun x => 0) fun i => t i.castSucc) = fun x => 0
✖ [2311/2312] Building PvNP.RealizableHardness.ActualBinaryMatrixHC46FourierA16 (19s)
trace: .> LEAN_PATH=/home/dfredriksen_quantyra_org/cmmsa_analytic_20260930T040837Z/.lake/packages/Cli/.lake/build/lib/lean:/home/dfredriksen_quantyra_org/cmmsa_analytic_20260930T040837Z/.lake/packages/batteries/.lake/build/lib/lean:/home/dfredriksen_quantyra_org/cmmsa_analytic_20260930T040837Z/.lake/packages/Qq/.lake/build/lib/lean:/home/dfredriksen_quantyra_org/cmmsa_analytic_20260930T040837Z/.lake/packages/aesop/.lake/build/lib/lean:/home/dfredriksen_quantyra_org/cmmsa_analytic_20260930T040837Z/.lake/packages/proofwidgets/.lake/build/lib/lean:/home/dfredriksen_quantyra_org/cmmsa_analytic_20260930T040837Z/.lake/packages/importGraph/.lake/build/lib/lean:/home/dfredriksen_quantyra_org/cmmsa_analytic_20260930T040837Z/.lake/packages/LeanSearchClient/.lake/build/lib/lean:/home/dfredriksen_quantyra_org/cmmsa_analytic_20260930T040837Z/.lake/packages/plausible/.lake/build/lib/lean:/home/dfredriksen_quantyra_org/cmmsa_analytic_20260930T040837Z/.lake/packages/complexitylib/.lake/build/lib/lean:/home/dfredriksen_quantyra_org/cmmsa_analytic_20260930T040837Z/.lake/packages/mathlib/.lake/build/lib/lean:/home/dfredriksen_quantyra_org/cmmsa_analytic_20260930T040837Z/.lake/packages/cslib/.lake/build/lib/lean:/home/dfredriksen_quantyra_org/cmmsa_analytic_20260930T040837Z/.lake/build/lib/lean /home/dfredriksen_quantyra_org/.elan/toolchains/leanprover--lean4---v4.34.0-rc2/bin/lean /home/dfredriksen_quantyra_org/cmmsa_analytic_20260930T040837Z/lean/PvNP/RealizableHardness/ActualBinaryMatrixHC46FourierA16.lean -o /home/dfredriksen_quantyra_org/cmmsa_analytic_20260930T040837Z/.lake/build/lib/lean/PvNP/RealizableHardness/ActualBinaryMatrixHC46FourierA16.olean -i /home/dfredriksen_quantyra_org/cmmsa_analytic_20260930T040837Z/.lake/build/lib/lean/PvNP/RealizableHardness/ActualBinaryMatrixHC46FourierA16.ilean -c /home/dfredriksen_quantyra_org/cmmsa_analytic_20260930T040837Z/.lake/build/ir/PvNP/RealizableHardness/ActualBinaryMatrixHC46FourierA16.c --setup /home/dfredriksen_quantyra_org/cmmsa_analytic_20260930T040837Z/.lake/build/ir/PvNP/RealizableHardness/ActualBinaryMatrixHC46FourierA16.setup.json --json
warning: lean/PvNP/RealizableHardness/ActualBinaryMatrixHC46FourierA16.lean:70:46: `if_pos` has been deprecated: Use `ite_eq_left` instead
warning: lean/PvNP/RealizableHardness/ActualBinaryMatrixHC46FourierA16.lean:70:57: `if_neg` has been deprecated: Use `ite_eq_right` instead
error: lean/PvNP/RealizableHardness/ActualBinaryMatrixHC46FourierA16.lean:70:6: `simp` made no progress
warning: lean/PvNP/RealizableHardness/ActualBinaryMatrixHC46FourierA16.lean:72:48: `if_neg` has been deprecated: Use `ite_eq_right` instead
warning: lean/PvNP/RealizableHardness/ActualBinaryMatrixHC46FourierA16.lean:72:59: `if_pos` has been deprecated: Use `ite_eq_left` instead
error: lean/PvNP/RealizableHardness/ActualBinaryMatrixHC46FourierA16.lean:72:8: `simp` made no progress
warning: lean/PvNP/RealizableHardness/ActualBinaryMatrixHC46FourierA16.lean:73:48: `if_neg` has been deprecated: Use `ite_eq_right` instead
warning: lean/PvNP/RealizableHardness/ActualBinaryMatrixHC46FourierA16.lean:73:59: `if_neg` has been deprecated: Use `ite_eq_right` instead
error: lean/PvNP/RealizableHardness/ActualBinaryMatrixHC46FourierA16.lean:73:8: `simp` made no progress
error: lean/PvNP/RealizableHardness/ActualBinaryMatrixHC46FourierA16.lean:99:10: Tactic `rewrite` failed: Did not find an occurrence of the pattern
  fun M => ∑ i ∈ Finset.range (q + 2), rankProjection i f M
in the target expression
  (uniformMean fun M => (∑ i ∈ Finset.range (q + 1 + 1), rankProjection i f M) ^ 2) =
    ∑ i ∈ Finset.range (q + 1 + 1), uniformMean fun M => rankProjection i f M ^ 2

case succ
n d : ℕ
f : BinaryMatrix n d → ℝ
q : ℕ
ih :
  (uniformMean fun M => (∑ i ∈ Finset.range (q + 1), rankProjection i f M) ^ 2) =
    ∑ i ∈ Finset.range (q + 1), uniformMean fun M => rankProjection i f M ^ 2
hsumfun :
  (fun M => ∑ i ∈ Finset.range (q + 2), rankProjection i f M) = fun M =>
    ∑ i ∈ Finset.range (q + 1), rankProjection i f M + rankProjection (q + 1) f M
⊢ (uniformMean fun M => (∑ i ∈ Finset.range (q + 1 + 1), rankProjection i f M) ^ 2) =
    ∑ i ∈ Finset.range (q + 1 + 1), uniformMean fun M => rankProjection i f M ^ 2
error: lean/PvNP/RealizableHardness/ActualBinaryMatrixHC46FourierA16.lean:208:4: Type mismatch
  complexRankProjection_re (mixedCoordinatePeel r k l f tLine tHyp) M
has type
  (complexRankProjection ?m.145 (mixedCoordinatePeel r k l f tLine tHyp) M).re =
    rankProjection ?m.145 (fun X => (mixedCoordinatePeel r k l f tLine tHyp X).re) M
but is expected to have type
  (complexRankProjection s (mixedCoordinatePeel s k l f tLine tHyp) M).re =
    rankProjection s (fun X => (mixedCoordinatePeel s k l f tLine tHyp X).re) M
error: lean/PvNP/RealizableHardness/ActualBinaryMatrixHC46FourierA16.lean:210:6: Tactic `rewrite` failed: Did not find an occurrence of the pattern
  fun M => (mixedCoordinateDerivativeChain r k l (complexRankProjection (r + (k + l)) f) tLine tHyp M).re
in the target expression
  (uniformMean fun M =>
      (mixedCoordinateDerivativeChain r k l (complexRankProjection (r + (k + l)) f) tLine tHyp M).re *
        (mixedCoordinateDerivativeChain s k l (complexRankProjection (s + (k + l)) f) tLine tHyp M).re) =
    0

n d r s k l : ℕ
hrs : r ≠ s
f : BinaryMatrix (n + l) (d + k) → ℂ
tLine : Fin k → Fin (n + l) → ZMod 2
tHyp : Fin l → Fin d → ZMod 2
hr :
  (uniformMean fun M =>
      rankProjection r (fun X => (mixedCoordinatePeel r k l f tLine tHyp X).re) M *
        rankProjection s (fun X => (mixedCoordinatePeel s k l f tLine tHyp X).re) M) =
    0
hfunr :
  (fun M => (mixedCoordinateDerivativeChain r k l (complexRankProjection (r + (k + l)) f) tLine tHyp M).re) = fun M =>
    rankProjection r (fun X => (mixedCoordinatePeel r k l f tLine tHyp X).re) M
hfuns :
  (fun M => (mixedCoordinateDerivativeChain s k l (complexRankProjection (s + (k + l)) f) tLine tHyp M).re) = fun M =>
    rankProjection s (fun X => (mixedCoordinatePeel s k l f tLine tHyp X).re) M
⊢ (uniformMean fun M =>
      (mixedCoordinateDerivativeChain r k l (complexRankProjection (r + (k + l)) f) tLine tHyp M).re *
        (mixedCoordinateDerivativeChain s k l (complexRankProjection (s + (k + l)) f) tLine tHyp M).re) =
    0
error: lean/PvNP/RealizableHardness/ActualBinaryMatrixHC46FourierA16.lean:245:6: Tactic `rewrite` failed: Did not find an occurrence of the pattern
  fun M => (mixedCoordinateDerivativeChain r k l (complexRankProjection (r + (k + l)) f) tLine tHyp M).im
in the target expression
  (uniformMean fun M =>
      (mixedCoordinateDerivativeChain r k l (complexRankProjection (r + (k + l)) f) tLine tHyp M).im *
        (mixedCoordinateDerivativeChain s k l (complexRankProjection (s + (k + l)) f) tLine tHyp M).im) =
    0

n d r s k l : ℕ
hrs : r ≠ s
f : BinaryMatrix (n + l) (d + k) → ℂ
tLine : Fin k → Fin (n + l) → ZMod 2
tHyp : Fin l → Fin d → ZMod 2
hr :
  (uniformMean fun M =>
      rankProjection r (fun X => (mixedCoordinatePeel r k l f tLine tHyp X).im) M *
        rankProjection s (fun X => (mixedCoordinatePeel s k l f tLine tHyp X).im) M) =
    0
hfunr :
  (fun M => (mixedCoordinateDerivativeChain r k l (complexRankProjection (r + (k + l)) f) tLine tHyp M).im) = fun M =>
    rankProjection r (fun X => (mixedCoordinatePeel r k l f tLine tHyp X).im) M
hfuns :
  (fun M => (mixedCoordinateDerivativeChain s k l (complexRankProjection (s + (k + l)) f) tLine tHyp M).im) = fun M =>
    rankProjection s (fun X => (mixedCoordinatePeel s k l f tLine tHyp X).im) M
⊢ (uniformMean fun M =>
      (mixedCoordinateDerivativeChain r k l (complexRankProjection (r + (k + l)) f) tLine tHyp M).im *
        (mixedCoordinateDerivativeChain s k l (complexRankProjection (s + (k + l)) f) tLine tHyp M).im) =
    0
Some required targets logged failures:
- PvNP.RealizableHardness.ActualBinaryMatrixHC46CommonDerivative
- PvNP.RealizableHardness.ActualBinaryMatrixHC46FourierA16
