⚠ [2203/2311] Replayed PvNP.RealizableHardness.BinaryMatrixFourier
warning: lean/PvNP/RealizableHardness/BinaryMatrixFourier.lean:126:8: `if_pos` has been deprecated: Use `ite_eq_left` instead
warning: lean/PvNP/RealizableHardness/BinaryMatrixFourier.lean:132:8: `if_neg` has been deprecated: Use `ite_eq_right` instead
⚠ [2205/2311] Replayed PvNP.RealizableHardness.BinaryMatrixHybridSelector
warning: lean/PvNP/RealizableHardness/BinaryMatrixHybridSelector.lean:71:8: `if_pos` has been deprecated: Use `ite_eq_left` instead
warning: lean/PvNP/RealizableHardness/BinaryMatrixHybridSelector.lean:90:8: `if_neg` has been deprecated: Use `ite_eq_right` instead
⚠ [2207/2311] Replayed PvNP.RealizableHardness.BinaryMatrixLineTranslation
warning: lean/PvNP/RealizableHardness/BinaryMatrixLineTranslation.lean:243:4: try 'simp' instead of 'simpa'

Note: This linter can be disabled with `set_option linter.unnecessarySimpa false`
warning: lean/PvNP/RealizableHardness/BinaryMatrixLineTranslation.lean:315:8: `if_neg` has been deprecated: Use `ite_eq_right` instead
warning: lean/PvNP/RealizableHardness/BinaryMatrixLineTranslation.lean:407:15: `if_neg` has been deprecated: Use `ite_eq_right` instead
warning: lean/PvNP/RealizableHardness/BinaryMatrixLineTranslation.lean:433:41: This simp argument is unused:
  s

Hint: Omit it from the simp argument list.
  [apply] simp [hs, hr]

Note: This linter can be disabled with `set_option linter.unusedSimpArgs false`
warning: lean/PvNP/RealizableHardness/BinaryMatrixLineTranslation.lean:555:15: `if_neg` has been deprecated: Use `ite_eq_right` instead
warning: lean/PvNP/RealizableHardness/BinaryMatrixLineTranslation.lean:592:57: This simp argument is unused:
  mul_assoc

Hint: Omit it from the simp argument list.
  [apply] simp [hr, hs]

Note: This linter can be disabled with `set_option linter.unusedSimpArgs false`
⚠ [2208/2311] Replayed PvNP.RealizableHardness.BinaryMatrixLineA14
warning: lean/PvNP/RealizableHardness/BinaryMatrixLineA14.lean:88:8: `if_pos` has been deprecated: Use `ite_eq_left` instead
warning: lean/PvNP/RealizableHardness/BinaryMatrixLineA14.lean:97:8: `if_neg` has been deprecated: Use `ite_eq_right` instead
⚠ [2219/2311] Replayed PvNP.RealizableHardness.BinaryMatrixComplexA15
warning: lean/PvNP/RealizableHardness/BinaryMatrixComplexA15.lean:35:4: Unused tactic linter: `change fibreEnergy R.fibre f ≤ ε` does nothing

Note: This linter can be disabled with `set_option linter.unusedTactic false`
warning: lean/PvNP/RealizableHardness/BinaryMatrixComplexA15.lean:46:2: Unused tactic linter: `change fibreEnergy Q.fibre f ≤ ε` does nothing

Note: This linter can be disabled with `set_option linter.unusedTactic false`
warning: lean/PvNP/RealizableHardness/BinaryMatrixComplexA15.lean:184:24: This simp argument is unused:
  zero_add

Hint: Omit it from the simp argument list.
  [apply] simp only [Complex.normSq_apply, Complex.sub_re, Complex.sub_im, Complex.mul_re, Complex.mul_im,
    Complex.ofReal_re, Complex.ofReal_im, zero_mul, sub_zero, mul_zero]

Note: This linter can be disabled with `set_option linter.unusedSimpArgs false`
warning: lean/PvNP/RealizableHardness/BinaryMatrixComplexA15.lean:184:34: This simp argument is unused:
  mul_zero

Hint: Omit it from the simp argument list.
  [apply] simp only [Complex.normSq_apply, Complex.sub_re, Complex.sub_im, Complex.mul_re, Complex.mul_im,
    Complex.ofReal_re, Complex.ofReal_im, zero_mul, sub_zero, zero_add]

Note: This linter can be disabled with `set_option linter.unusedSimpArgs false`
⚠ [2286/2311] Replayed PvNP.RealizableHardness.BinaryMatrixA1TypedFourier
warning: lean/PvNP/RealizableHardness/BinaryMatrixA1TypedFourier.lean:198:8: `if_pos` has been deprecated: Use `ite_eq_left` instead
warning: lean/PvNP/RealizableHardness/BinaryMatrixA1TypedFourier.lean:204:8: `if_neg` has been deprecated: Use `ite_eq_right` instead
warning: lean/PvNP/RealizableHardness/BinaryMatrixA1TypedFourier.lean:236:8: `if_pos` has been deprecated: Use `ite_eq_left` instead
warning: lean/PvNP/RealizableHardness/BinaryMatrixA1TypedFourier.lean:242:8: `if_neg` has been deprecated: Use `ite_eq_right` instead
⚠ [2288/2311] Replayed PvNP.RealizableHardness.BinaryMatrixA1CoefficientTransfer
warning: lean/PvNP/RealizableHardness/BinaryMatrixA1CoefficientTransfer.lean:111:15: `if_pos` has been deprecated: Use `ite_eq_left` instead
⚠ [2289/2311] Replayed PvNP.RealizableHardness.BinaryMatrixA1Composition
warning: lean/PvNP/RealizableHardness/BinaryMatrixA1Composition.lean:40:15: `if_pos` has been deprecated: Use `ite_eq_left` instead
warning: lean/PvNP/RealizableHardness/BinaryMatrixA1Composition.lean:102:5: Variable name `hA` is not explicitly referenced.

Hint: The binding can be removed (if unused) or named `_` (if used implicitly). Alternatively, prefix the name with `_` to silence this warning:
  [apply] _hA

Note: This linter can be disabled with `set_option linter.unusedVariables false`
warning: lean/PvNP/RealizableHardness/BinaryMatrixA1Composition.lean:102:20: Variable name `hB` is not explicitly referenced.

Hint: The binding can be removed (if unused) or named `_` (if used implicitly). Alternatively, prefix the name with `_` to silence this warning:
  [apply] _hB

Note: This linter can be disabled with `set_option linter.unusedVariables false`
warning: lean/PvNP/RealizableHardness/BinaryMatrixA1Composition.lean:172:43: `if_pos` has been deprecated: Use `ite_eq_left` instead
⚠ [2301/2311] Replayed PvNP.RealizableHardness.BinaryMatrixTypedA15HyperplaneGlobal
warning: lean/PvNP/RealizableHardness/BinaryMatrixTypedA15HyperplaneGlobal.lean:48:25: Variable name `hH` is not explicitly referenced.

Hint: The binding can be removed (if unused) or named `_` (if used implicitly). Alternatively, prefix the name with `_` to silence this warning:
  [apply] _hH

Note: This linter can be disabled with `set_option linter.unusedVariables false`
⚠ [2303/2311] Replayed PvNP.RealizableHardness.BinaryMatrixTypedA15HyperplaneReducedGlobal
warning: lean/PvNP/RealizableHardness/BinaryMatrixTypedA15HyperplaneReducedGlobal.lean:54:25: Variable name `hH` is not explicitly referenced.

Hint: The binding can be removed (if unused) or named `_` (if used implicitly). Alternatively, prefix the name with `_` to silence this warning:
  [apply] _hH

Note: This linter can be disabled with `set_option linter.unusedVariables false`
warning: lean/PvNP/RealizableHardness/BinaryMatrixTypedA15HyperplaneReducedGlobal.lean:64:25: Variable name `hH` is not explicitly referenced.

Hint: The binding can be removed (if unused) or named `_` (if used implicitly). Alternatively, prefix the name with `_` to silence this warning:
  [apply] _hH

Note: This linter can be disabled with `set_option linter.unusedVariables false`
warning: lean/PvNP/RealizableHardness/BinaryMatrixTypedA15HyperplaneReducedGlobal.lean:84:25: Variable name `hH` is not explicitly referenced.

Hint: The binding can be removed (if unused) or named `_` (if used implicitly). Alternatively, prefix the name with `_` to silence this warning:
  [apply] _hH

Note: This linter can be disabled with `set_option linter.unusedVariables false`
warning: lean/PvNP/RealizableHardness/BinaryMatrixTypedA15HyperplaneReducedGlobal.lean:98:25: Variable name `hH` is not explicitly referenced.

Hint: The binding can be removed (if unused) or named `_` (if used implicitly). Alternatively, prefix the name with `_` to silence this warning:
  [apply] _hH

Note: This linter can be disabled with `set_option linter.unusedVariables false`
warning: lean/PvNP/RealizableHardness/BinaryMatrixTypedA15HyperplaneReducedGlobal.lean:236:25: Variable name `hH` is not explicitly referenced.

Hint: The binding can be removed (if unused) or named `_` (if used implicitly). Alternatively, prefix the name with `_` to silence this warning:
  [apply] _hH

Note: This linter can be disabled with `set_option linter.unusedVariables false`
⚠ [2305/2311] Replayed PvNP.RealizableHardness.BinaryMatrixTypedA14HyperplaneReduced
warning: lean/PvNP/RealizableHardness/BinaryMatrixTypedA14HyperplaneReduced.lean:35:55: Variable name `hH` is not explicitly referenced.

Hint: The binding can be removed (if unused) or named `_` (if used implicitly). Alternatively, prefix the name with `_` to silence this warning:
  [apply] _hH

Note: This linter can be disabled with `set_option linter.unusedVariables false`
warning: lean/PvNP/RealizableHardness/BinaryMatrixTypedA14HyperplaneReduced.lean:119:55: Variable name `hH` is not explicitly referenced.

Hint: The binding can be removed (if unused) or named `_` (if used implicitly). Alternatively, prefix the name with `_` to silence this warning:
  [apply] _hH

Note: This linter can be disabled with `set_option linter.unusedVariables false`
⚠ [2307/2311] Replayed PvNP.RealizableHardness.BinaryMatrixA15BaseCase
warning: lean/PvNP/RealizableHardness/BinaryMatrixA15BaseCase.lean:31:4: Try this: 
  haveI̵

The goal is a proposition, so `have` is preferred over `haveI`.
The difference between `have` and `haveI` is that `haveI` inlines the value.
But this is not relevant for proofs because of proof irrelevance.

Note: This linter can be disabled with `set_option linter.style.haveILetI false`
⚠ [2310/2311] Replayed PvNP.RealizableHardness.ActualBinaryMatrixHC46CommonDerivative
warning: lean/PvNP/RealizableHardness/ActualBinaryMatrixHC46CommonDerivative.lean:80:13: `if_pos` has been deprecated: Use `ite_eq_left` instead
ℹ [2311/2311] Built PvNP.RealizableHardness.ActualBinaryMatrixHC46CommonDerivativeChecks (2.1s)
info: lean/PvNP/RealizableHardness/ActualBinaryMatrixHC46CommonDerivativeChecks.lean:5:0: PvNP.RealizableHardness.ActualBinaryMatrixHC46CommonDerivative.complexHybridLineDerivative_add {n d : ℕ}
  (t : Fin n → ZMod 2) (f g : PvNP.RealizableHardness.BinaryMatrixFourier.BinaryMatrix n (d + 1) → ℂ)
  (M : PvNP.RealizableHardness.BinaryMatrixFourier.BinaryMatrix n d) :
  PvNP.RealizableHardness.BinaryMatrixComplexA14.complexHybridLineDerivative t (fun X => f X + g X) M =
    PvNP.RealizableHardness.BinaryMatrixComplexA14.complexHybridLineDerivative t f M +
      PvNP.RealizableHardness.BinaryMatrixComplexA14.complexHybridLineDerivative t g M
info: lean/PvNP/RealizableHardness/ActualBinaryMatrixHC46CommonDerivativeChecks.lean:6:0: 'PvNP.RealizableHardness.ActualBinaryMatrixHC46CommonDerivative.complexHybridLineDerivative_add' depends on axioms: [propext,
 Classical.choice,
 Quot.sound]
info: lean/PvNP/RealizableHardness/ActualBinaryMatrixHC46CommonDerivativeChecks.lean:7:0: PvNP.RealizableHardness.ActualBinaryMatrixHC46CommonDerivative.complexHybridLineDerivative_rank_zero {n d : ℕ}
  (t : Fin n → ZMod 2) (f : PvNP.RealizableHardness.BinaryMatrixFourier.BinaryMatrix n (d + 1) → ℂ)
  (M : PvNP.RealizableHardness.BinaryMatrixFourier.BinaryMatrix n d) :
  PvNP.RealizableHardness.BinaryMatrixComplexA14.complexHybridLineDerivative t
      (PvNP.RealizableHardness.BinaryMatrixComplexA14.complexRankProjection 0 f) M =
    0
info: lean/PvNP/RealizableHardness/ActualBinaryMatrixHC46CommonDerivativeChecks.lean:8:0: 'PvNP.RealizableHardness.ActualBinaryMatrixHC46CommonDerivative.complexHybridLineDerivative_rank_zero' depends on axioms: [propext,
 Classical.choice,
 Quot.sound]
info: lean/PvNP/RealizableHardness/ActualBinaryMatrixHC46CommonDerivativeChecks.lean:9:0: PvNP.RealizableHardness.ActualBinaryMatrixHC46CommonDerivative.complexHyperplaneDerivative_rank_zero {n d : ℕ}
  (t : Fin d → ZMod 2) (f : PvNP.RealizableHardness.BinaryMatrixFourier.BinaryMatrix (n + 1) d → ℂ)
  (M : PvNP.RealizableHardness.BinaryMatrixFourier.BinaryMatrix n d) :
  PvNP.RealizableHardness.BinaryMatrixComplexA14.complexHyperplaneDerivative t
      (PvNP.RealizableHardness.BinaryMatrixComplexA14.complexRankProjection 0 f) M =
    0
info: lean/PvNP/RealizableHardness/ActualBinaryMatrixHC46CommonDerivativeChecks.lean:10:0: 'PvNP.RealizableHardness.ActualBinaryMatrixHC46CommonDerivative.complexHyperplaneDerivative_rank_zero' depends on axioms: [propext,
 Classical.choice,
 Quot.sound]
info: lean/PvNP/RealizableHardness/ActualBinaryMatrixHC46CommonDerivativeChecks.lean:11:0: PvNP.RealizableHardness.ActualBinaryMatrixHC46CommonDerivative.complexHyperplaneDerivative_add {n d : ℕ}
  (t : Fin d → ZMod 2) (f g : PvNP.RealizableHardness.BinaryMatrixFourier.BinaryMatrix (n + 1) d → ℂ)
  (M : PvNP.RealizableHardness.BinaryMatrixFourier.BinaryMatrix n d) :
  PvNP.RealizableHardness.BinaryMatrixComplexA14.complexHyperplaneDerivative t (fun X => f X + g X) M =
    PvNP.RealizableHardness.BinaryMatrixComplexA14.complexHyperplaneDerivative t f M +
      PvNP.RealizableHardness.BinaryMatrixComplexA14.complexHyperplaneDerivative t g M
info: lean/PvNP/RealizableHardness/ActualBinaryMatrixHC46CommonDerivativeChecks.lean:12:0: 'PvNP.RealizableHardness.ActualBinaryMatrixHC46CommonDerivative.complexHyperplaneDerivative_add' depends on axioms: [propext,
 Classical.choice,
 Quot.sound]
info: lean/PvNP/RealizableHardness/ActualBinaryMatrixHC46CommonDerivativeChecks.lean:13:0: PvNP.RealizableHardness.ActualBinaryMatrixHC46CommonDerivative.complexRankProjection_idempotent {n d j : ℕ}
  (f : PvNP.RealizableHardness.BinaryMatrixFourier.BinaryMatrix n d → ℂ) :
  PvNP.RealizableHardness.BinaryMatrixComplexA14.complexRankProjection j
      (PvNP.RealizableHardness.BinaryMatrixComplexA14.complexRankProjection j f) =
    PvNP.RealizableHardness.BinaryMatrixComplexA14.complexRankProjection j f
info: lean/PvNP/RealizableHardness/ActualBinaryMatrixHC46CommonDerivativeChecks.lean:14:0: 'PvNP.RealizableHardness.ActualBinaryMatrixHC46CommonDerivative.complexRankProjection_idempotent' depends on axioms: [propext,
 Classical.choice,
 Quot.sound]
info: lean/PvNP/RealizableHardness/ActualBinaryMatrixHC46CommonDerivativeChecks.lean:15:0: PvNP.RealizableHardness.ActualBinaryMatrixHC46CommonDerivative.commonLineDerivativeChain_add {n d k : ℕ}
  (f g : PvNP.RealizableHardness.BinaryMatrixFourier.BinaryMatrix n (d + k) → ℂ) (t : Fin k → Fin n → ZMod 2) :
  commonLineDerivativeChain k (fun X => f X + g X) t = fun M =>
    commonLineDerivativeChain k f t M + commonLineDerivativeChain k g t M
info: lean/PvNP/RealizableHardness/ActualBinaryMatrixHC46CommonDerivativeChecks.lean:16:0: 'PvNP.RealizableHardness.ActualBinaryMatrixHC46CommonDerivative.commonLineDerivativeChain_add' depends on axioms: [propext,
 Classical.choice,
 Quot.sound]
info: lean/PvNP/RealizableHardness/ActualBinaryMatrixHC46CommonDerivativeChecks.lean:17:0: PvNP.RealizableHardness.ActualBinaryMatrixHC46CommonDerivative.commonHyperplaneDerivativeChain_add {n d k : ℕ}
  (f g : PvNP.RealizableHardness.BinaryMatrixFourier.BinaryMatrix (n + k) d → ℂ) (t : Fin k → Fin d → ZMod 2) :
  commonHyperplaneDerivativeChain k (fun X => f X + g X) t = fun M =>
    commonHyperplaneDerivativeChain k f t M + commonHyperplaneDerivativeChain k g t M
info: lean/PvNP/RealizableHardness/ActualBinaryMatrixHC46CommonDerivativeChecks.lean:18:0: 'PvNP.RealizableHardness.ActualBinaryMatrixHC46CommonDerivative.commonHyperplaneDerivativeChain_add' depends on axioms: [propext,
 Classical.choice,
 Quot.sound]
info: lean/PvNP/RealizableHardness/ActualBinaryMatrixHC46CommonDerivativeChecks.lean:19:0: PvNP.RealizableHardness.ActualBinaryMatrixHC46CommonDerivative.commonMixedDerivativeChain_add {n d k l : ℕ}
  (f g : PvNP.RealizableHardness.BinaryMatrixFourier.BinaryMatrix (n + l) (d + k) → ℂ)
  (tLine : Fin k → Fin (n + l) → ZMod 2) (tHyp : Fin l → Fin d → ZMod 2) :
  commonMixedDerivativeChain k l (fun X => f X + g X) tLine tHyp = fun M =>
    commonMixedDerivativeChain k l f tLine tHyp M + commonMixedDerivativeChain k l g tLine tHyp M
info: lean/PvNP/RealizableHardness/ActualBinaryMatrixHC46CommonDerivativeChecks.lean:20:0: 'PvNP.RealizableHardness.ActualBinaryMatrixHC46CommonDerivative.commonMixedDerivativeChain_add' depends on axioms: [propext,
 Classical.choice,
 Quot.sound]
info: lean/PvNP/RealizableHardness/ActualBinaryMatrixHC46CommonDerivativeChecks.lean:21:0: PvNP.RealizableHardness.ActualBinaryMatrixHC46CommonDerivative.commonMixedDerivativeChain_finset_sum {ι : Type}
  [DecidableEq ι] {n d k l : ℕ} (s : Finset ι)
  (f : ι → PvNP.RealizableHardness.BinaryMatrixFourier.BinaryMatrix (n + l) (d + k) → ℂ)
  (tLine : Fin k → Fin (n + l) → ZMod 2) (tHyp : Fin l → Fin d → ZMod 2) :
  commonMixedDerivativeChain k l (fun X => ∑ i ∈ s, f i X) tLine tHyp = fun M =>
    ∑ i ∈ s, commonMixedDerivativeChain k l (f i) tLine tHyp M
info: lean/PvNP/RealizableHardness/ActualBinaryMatrixHC46CommonDerivativeChecks.lean:22:0: 'PvNP.RealizableHardness.ActualBinaryMatrixHC46CommonDerivative.commonMixedDerivativeChain_finset_sum' depends on axioms: [propext,
 Classical.choice,
 Quot.sound]
info: lean/PvNP/RealizableHardness/ActualBinaryMatrixHC46CommonDerivativeChecks.lean:23:0: PvNP.RealizableHardness.ActualBinaryMatrixHC46CommonDerivative.commonMixedDerivativeChain_pure_rank {n d r k l : ℕ}
  (f : PvNP.RealizableHardness.BinaryMatrixFourier.BinaryMatrix (n + l) (d + k) → ℂ)
  (tLine : Fin k → Fin (n + l) → ZMod 2) (tHyp : Fin l → Fin d → ZMod 2) :
  commonMixedDerivativeChain k l (PvNP.RealizableHardness.BinaryMatrixComplexA14.complexRankProjection (r + l + k) f)
      tLine tHyp =
    fun M =>
    PvNP.RealizableHardness.BinaryMatrixComplexA14.complexRankProjection r
      (commonMixedDerivativeChain k l
        (PvNP.RealizableHardness.BinaryMatrixComplexA14.complexRankProjection (r + l + k) f) tLine tHyp)
      M
info: lean/PvNP/RealizableHardness/ActualBinaryMatrixHC46CommonDerivativeChecks.lean:24:0: 'PvNP.RealizableHardness.ActualBinaryMatrixHC46CommonDerivative.commonMixedDerivativeChain_pure_rank' depends on axioms: [propext,
 Classical.choice,
 Quot.sound]
info: lean/PvNP/RealizableHardness/ActualBinaryMatrixHC46CommonDerivativeChecks.lean:25:0: PvNP.RealizableHardness.ActualBinaryMatrixHC46CommonDerivative.mixedCoordinateDerivativeChain_eq_common {n d r k l : ℕ}
  (f : PvNP.RealizableHardness.BinaryMatrixFourier.BinaryMatrix (n + l) (d + k) → ℂ)
  (tLine : Fin k → Fin (n + l) → ZMod 2) (tHyp : Fin l → Fin d → ZMod 2) :
  PvNP.RealizableHardness.ActualBinaryMatrixHC46MixedPeeling.mixedCoordinateDerivativeChain r k l
      (PvNP.RealizableHardness.BinaryMatrixComplexA14.complexRankProjection (r + l + k) f) tLine tHyp =
    commonMixedDerivativeChain k l (PvNP.RealizableHardness.BinaryMatrixComplexA14.complexRankProjection (r + l + k) f)
      tLine tHyp
info: lean/PvNP/RealizableHardness/ActualBinaryMatrixHC46CommonDerivativeChecks.lean:26:0: 'PvNP.RealizableHardness.ActualBinaryMatrixHC46CommonDerivative.mixedCoordinateDerivativeChain_eq_common' depends on axioms: [propext,
 Classical.choice,
 Quot.sound]
info: lean/PvNP/RealizableHardness/ActualBinaryMatrixHC46CommonDerivativeChecks.lean:27:0: PvNP.RealizableHardness.ActualBinaryMatrixHC46CommonDerivative.mixedCoordinateDerivativeChain_eq_common_assoc
  {n d r k l : ℕ} (f : PvNP.RealizableHardness.BinaryMatrixFourier.BinaryMatrix (n + l) (d + k) → ℂ)
  (tLine : Fin k → Fin (n + l) → ZMod 2) (tHyp : Fin l → Fin d → ZMod 2) :
  PvNP.RealizableHardness.ActualBinaryMatrixHC46MixedPeeling.mixedCoordinateDerivativeChain r k l
      (PvNP.RealizableHardness.BinaryMatrixComplexA14.complexRankProjection (r + (k + l)) f) tLine tHyp =
    commonMixedDerivativeChain k l
      (PvNP.RealizableHardness.BinaryMatrixComplexA14.complexRankProjection (r + (k + l)) f) tLine tHyp
info: lean/PvNP/RealizableHardness/ActualBinaryMatrixHC46CommonDerivativeChecks.lean:28:0: 'PvNP.RealizableHardness.ActualBinaryMatrixHC46CommonDerivative.mixedCoordinateDerivativeChain_eq_common_assoc' depends on axioms: [propext,
 Classical.choice,
 Quot.sound]
info: lean/PvNP/RealizableHardness/ActualBinaryMatrixHC46CommonDerivativeChecks.lean:29:0: PvNP.RealizableHardness.ActualBinaryMatrixHC46CommonDerivative.coordinateLineDerivativeChain_eq_projected_common
  {n d r k : ℕ} (f : PvNP.RealizableHardness.BinaryMatrixFourier.BinaryMatrix n (d + k) → ℂ)
  (t : Fin k → Fin n → ZMod 2) :
  PvNP.RealizableHardness.ActualBinaryMatrixHC46MixedPeeling.coordinateLineDerivativeChain r k f t = fun M =>
    PvNP.RealizableHardness.BinaryMatrixComplexA14.complexRankProjection r (commonLineDerivativeChain k f t) M
info: lean/PvNP/RealizableHardness/ActualBinaryMatrixHC46CommonDerivativeChecks.lean:30:0: 'PvNP.RealizableHardness.ActualBinaryMatrixHC46CommonDerivative.coordinateLineDerivativeChain_eq_projected_common' depends on axioms: [propext,
 Classical.choice,
 Quot.sound]
info: lean/PvNP/RealizableHardness/ActualBinaryMatrixHC46CommonDerivativeChecks.lean:31:0: PvNP.RealizableHardness.ActualBinaryMatrixHC46CommonDerivative.coordinateHyperplaneDerivativeChain_eq_projected_common
  {n d r k : ℕ} (f : PvNP.RealizableHardness.BinaryMatrixFourier.BinaryMatrix (n + k) d → ℂ)
  (t : Fin k → Fin d → ZMod 2) :
  PvNP.RealizableHardness.ActualBinaryMatrixHC46MixedPeeling.coordinateHyperplaneDerivativeChain r k f t = fun M =>
    PvNP.RealizableHardness.BinaryMatrixComplexA14.complexRankProjection r (commonHyperplaneDerivativeChain k f t) M
info: lean/PvNP/RealizableHardness/ActualBinaryMatrixHC46CommonDerivativeChecks.lean:32:0: 'PvNP.RealizableHardness.ActualBinaryMatrixHC46CommonDerivative.coordinateHyperplaneDerivativeChain_eq_projected_common' depends on axioms: [propext,
 Classical.choice,
 Quot.sound]
info: lean/PvNP/RealizableHardness/ActualBinaryMatrixHC46CommonDerivativeChecks.lean:33:0: PvNP.RealizableHardness.ActualBinaryMatrixHC46CommonDerivative.commonLineDerivativeChain_pure_rank {n d r k : ℕ}
  (f : PvNP.RealizableHardness.BinaryMatrixFourier.BinaryMatrix n (d + k) → ℂ) (t : Fin k → Fin n → ZMod 2) :
  commonLineDerivativeChain k (PvNP.RealizableHardness.BinaryMatrixComplexA14.complexRankProjection (r + k) f) t =
    fun M =>
    PvNP.RealizableHardness.BinaryMatrixComplexA14.complexRankProjection r
      (commonLineDerivativeChain k (PvNP.RealizableHardness.BinaryMatrixComplexA14.complexRankProjection (r + k) f) t) M
info: lean/PvNP/RealizableHardness/ActualBinaryMatrixHC46CommonDerivativeChecks.lean:34:0: 'PvNP.RealizableHardness.ActualBinaryMatrixHC46CommonDerivative.commonLineDerivativeChain_pure_rank' depends on axioms: [propext,
 Classical.choice,
 Quot.sound]
info: lean/PvNP/RealizableHardness/ActualBinaryMatrixHC46CommonDerivativeChecks.lean:35:0: PvNP.RealizableHardness.ActualBinaryMatrixHC46CommonDerivative.commonHyperplaneDerivativeChain_pure_rank {n d r k : ℕ}
  (f : PvNP.RealizableHardness.BinaryMatrixFourier.BinaryMatrix (n + k) d → ℂ) (t : Fin k → Fin d → ZMod 2) :
  commonHyperplaneDerivativeChain k (PvNP.RealizableHardness.BinaryMatrixComplexA14.complexRankProjection (r + k) f) t =
    fun M =>
    PvNP.RealizableHardness.BinaryMatrixComplexA14.complexRankProjection r
      (commonHyperplaneDerivativeChain k
        (PvNP.RealizableHardness.BinaryMatrixComplexA14.complexRankProjection (r + k) f) t)
      M
info: lean/PvNP/RealizableHardness/ActualBinaryMatrixHC46CommonDerivativeChecks.lean:36:0: 'PvNP.RealizableHardness.ActualBinaryMatrixHC46CommonDerivative.commonHyperplaneDerivativeChain_pure_rank' depends on axioms: [propext,
 Classical.choice,
 Quot.sound]
info: lean/PvNP/RealizableHardness/ActualBinaryMatrixHC46CommonDerivativeChecks.lean:37:0: PvNP.RealizableHardness.ActualBinaryMatrixHC46CommonDerivative.mixedCoordinateDerivativeChain_eq_projected_common
  {n d r k l : ℕ} (f : PvNP.RealizableHardness.BinaryMatrixFourier.BinaryMatrix (n + l) (d + k) → ℂ)
  (tLine : Fin k → Fin (n + l) → ZMod 2) (tHyp : Fin l → Fin d → ZMod 2) :
  PvNP.RealizableHardness.ActualBinaryMatrixHC46MixedPeeling.mixedCoordinateDerivativeChain r k l
      (PvNP.RealizableHardness.BinaryMatrixComplexA14.complexRankProjection (r + l + k) f) tLine tHyp =
    fun M =>
    PvNP.RealizableHardness.BinaryMatrixComplexA14.complexRankProjection r
      (commonMixedDerivativeChain k l
        (PvNP.RealizableHardness.BinaryMatrixComplexA14.complexRankProjection (r + l + k) f) tLine tHyp)
      M
info: lean/PvNP/RealizableHardness/ActualBinaryMatrixHC46CommonDerivativeChecks.lean:38:0: 'PvNP.RealizableHardness.ActualBinaryMatrixHC46CommonDerivative.mixedCoordinateDerivativeChain_eq_projected_common' depends on axioms: [propext,
 Classical.choice,
 Quot.sound]
info: lean/PvNP/RealizableHardness/ActualBinaryMatrixHC46CommonDerivativeChecks.lean:39:0: PvNP.RealizableHardness.ActualBinaryMatrixHC46CommonDerivative.commonLineDerivativeChain_low_rank_zero {n d r k : ℕ}
  (f : PvNP.RealizableHardness.BinaryMatrixFourier.BinaryMatrix n (d + k) → ℂ) (t : Fin k → Fin n → ZMod 2)
  (hr : r < k) :
  commonLineDerivativeChain k (PvNP.RealizableHardness.BinaryMatrixComplexA14.complexRankProjection r f) t = fun x => 0
info: lean/PvNP/RealizableHardness/ActualBinaryMatrixHC46CommonDerivativeChecks.lean:40:0: 'PvNP.RealizableHardness.ActualBinaryMatrixHC46CommonDerivative.commonLineDerivativeChain_low_rank_zero' depends on axioms: [propext,
 Classical.choice,
 Quot.sound]
info: lean/PvNP/RealizableHardness/ActualBinaryMatrixHC46CommonDerivativeChecks.lean:41:0: PvNP.RealizableHardness.ActualBinaryMatrixHC46CommonDerivative.commonHyperplaneDerivativeChain_low_rank_zero
  {n d r k : ℕ} (f : PvNP.RealizableHardness.BinaryMatrixFourier.BinaryMatrix (n + k) d → ℂ)
  (t : Fin k → Fin d → ZMod 2) (hr : r < k) :
  commonHyperplaneDerivativeChain k (PvNP.RealizableHardness.BinaryMatrixComplexA14.complexRankProjection r f) t =
    fun x => 0
info: lean/PvNP/RealizableHardness/ActualBinaryMatrixHC46CommonDerivativeChecks.lean:42:0: 'PvNP.RealizableHardness.ActualBinaryMatrixHC46CommonDerivative.commonHyperplaneDerivativeChain_low_rank_zero' depends on axioms: [propext,
 Classical.choice,
 Quot.sound]
info: lean/PvNP/RealizableHardness/ActualBinaryMatrixHC46CommonDerivativeChecks.lean:43:0: PvNP.RealizableHardness.ActualBinaryMatrixHC46CommonDerivative.commonMixedDerivativeChain_low_rank_zero {n d r k l : ℕ}
  (f : PvNP.RealizableHardness.BinaryMatrixFourier.BinaryMatrix (n + l) (d + k) → ℂ)
  (tLine : Fin k → Fin (n + l) → ZMod 2) (tHyp : Fin l → Fin d → ZMod 2) (hr : r < k + l) :
  commonMixedDerivativeChain k l (PvNP.RealizableHardness.BinaryMatrixComplexA14.complexRankProjection r f) tLine tHyp =
    fun x => 0
info: lean/PvNP/RealizableHardness/ActualBinaryMatrixHC46CommonDerivativeChecks.lean:44:0: 'PvNP.RealizableHardness.ActualBinaryMatrixHC46CommonDerivative.commonMixedDerivativeChain_low_rank_zero' depends on axioms: [propext,
 Classical.choice,
 Quot.sound]
Build completed successfully (2311 jobs).
