⚠ [2202/2224] Replayed PvNP.RealizableHardness.BinaryMatrixFourier
warning: lean/PvNP/RealizableHardness/BinaryMatrixFourier.lean:126:8: `if_pos` has been deprecated: Use `ite_eq_left` instead
warning: lean/PvNP/RealizableHardness/BinaryMatrixFourier.lean:132:8: `if_neg` has been deprecated: Use `ite_eq_right` instead
⚠ [2204/2224] Replayed PvNP.RealizableHardness.BinaryMatrixHybridSelector
warning: lean/PvNP/RealizableHardness/BinaryMatrixHybridSelector.lean:71:8: `if_pos` has been deprecated: Use `ite_eq_left` instead
warning: lean/PvNP/RealizableHardness/BinaryMatrixHybridSelector.lean:90:8: `if_neg` has been deprecated: Use `ite_eq_right` instead
⚠ [2206/2224] Replayed PvNP.RealizableHardness.BinaryMatrixLineTranslation
warning: lean/PvNP/RealizableHardness/BinaryMatrixLineTranslation.lean:243:4: try 'simp' instead of 'simpa'

Note: This linter can be disabled with `set_option linter.unnecessarySimpa false`
warning: lean/PvNP/RealizableHardness/BinaryMatrixLineTranslation.lean:315:8: `if_neg` has been deprecated: Use `ite_eq_right` instead
warning: lean/PvNP/RealizableHardness/BinaryMatrixLineTranslation.lean:407:15: `if_neg` has been deprecated: Use `ite_eq_right` instead
warning: lean/PvNP/RealizableHardness/BinaryMatrixLineTranslation.lean:433:41: This simp argument is unused:
  s

Hint: Omit it from the simp argument list.
  [apply] simp [hs, hr]

Note: This linter can be disabled with `set_option linter.unusedSimpArgs false`
warning: lean/PvNP/RealizableHardness/BinaryMatrixLineTranslation.lean:555:15: `if_neg` has been deprecated: Use `ite_eq_right` instead
warning: lean/PvNP/RealizableHardness/BinaryMatrixLineTranslation.lean:592:57: This simp argument is unused:
  mul_assoc

Hint: Omit it from the simp argument list.
  [apply] simp [hr, hs]

Note: This linter can be disabled with `set_option linter.unusedSimpArgs false`
⚠ [2207/2224] Replayed PvNP.RealizableHardness.BinaryMatrixLineA14
warning: lean/PvNP/RealizableHardness/BinaryMatrixLineA14.lean:88:8: `if_pos` has been deprecated: Use `ite_eq_left` instead
warning: lean/PvNP/RealizableHardness/BinaryMatrixLineA14.lean:97:8: `if_neg` has been deprecated: Use `ite_eq_right` instead
⚠ [2218/2224] Replayed PvNP.RealizableHardness.BinaryMatrixComplexA15
warning: lean/PvNP/RealizableHardness/BinaryMatrixComplexA15.lean:35:4: Unused tactic linter: `change fibreEnergy R.fibre f ≤ ε` does nothing

Note: This linter can be disabled with `set_option linter.unusedTactic false`
warning: lean/PvNP/RealizableHardness/BinaryMatrixComplexA15.lean:46:2: Unused tactic linter: `change fibreEnergy Q.fibre f ≤ ε` does nothing

Note: This linter can be disabled with `set_option linter.unusedTactic false`
warning: lean/PvNP/RealizableHardness/BinaryMatrixComplexA15.lean:184:24: This simp argument is unused:
  zero_add

Hint: Omit it from the simp argument list.
  [apply] simp only [Complex.normSq_apply, Complex.sub_re, Complex.sub_im, Complex.mul_re, Complex.mul_im,
    Complex.ofReal_re, Complex.ofReal_im, zero_mul, sub_zero, mul_zero]

Note: This linter can be disabled with `set_option linter.unusedSimpArgs false`
warning: lean/PvNP/RealizableHardness/BinaryMatrixComplexA15.lean:184:34: This simp argument is unused:
  mul_zero

Hint: Omit it from the simp argument list.
  [apply] simp only [Complex.normSq_apply, Complex.sub_re, Complex.sub_im, Complex.mul_re, Complex.mul_im,
    Complex.ofReal_re, Complex.ofReal_im, zero_mul, sub_zero, zero_add]

Note: This linter can be disabled with `set_option linter.unusedSimpArgs false`
⚠ [2286/2311] Replayed PvNP.RealizableHardness.BinaryMatrixA1TypedFourier
warning: lean/PvNP/RealizableHardness/BinaryMatrixA1TypedFourier.lean:198:8: `if_pos` has been deprecated: Use `ite_eq_left` instead
warning: lean/PvNP/RealizableHardness/BinaryMatrixA1TypedFourier.lean:204:8: `if_neg` has been deprecated: Use `ite_eq_right` instead
warning: lean/PvNP/RealizableHardness/BinaryMatrixA1TypedFourier.lean:236:8: `if_pos` has been deprecated: Use `ite_eq_left` instead
warning: lean/PvNP/RealizableHardness/BinaryMatrixA1TypedFourier.lean:242:8: `if_neg` has been deprecated: Use `ite_eq_right` instead
⚠ [2288/2311] Replayed PvNP.RealizableHardness.BinaryMatrixA1CoefficientTransfer
warning: lean/PvNP/RealizableHardness/BinaryMatrixA1CoefficientTransfer.lean:111:15: `if_pos` has been deprecated: Use `ite_eq_left` instead
⚠ [2289/2311] Replayed PvNP.RealizableHardness.BinaryMatrixA1Composition
warning: lean/PvNP/RealizableHardness/BinaryMatrixA1Composition.lean:40:15: `if_pos` has been deprecated: Use `ite_eq_left` instead
warning: lean/PvNP/RealizableHardness/BinaryMatrixA1Composition.lean:102:5: Variable name `hA` is not explicitly referenced.

Hint: The binding can be removed (if unused) or named `_` (if used implicitly). Alternatively, prefix the name with `_` to silence this warning:
  [apply] _hA

Note: This linter can be disabled with `set_option linter.unusedVariables false`
warning: lean/PvNP/RealizableHardness/BinaryMatrixA1Composition.lean:102:20: Variable name `hB` is not explicitly referenced.

Hint: The binding can be removed (if unused) or named `_` (if used implicitly). Alternatively, prefix the name with `_` to silence this warning:
  [apply] _hB

Note: This linter can be disabled with `set_option linter.unusedVariables false`
warning: lean/PvNP/RealizableHardness/BinaryMatrixA1Composition.lean:172:43: `if_pos` has been deprecated: Use `ite_eq_left` instead
⚠ [2301/2311] Replayed PvNP.RealizableHardness.BinaryMatrixTypedA15HyperplaneGlobal
warning: lean/PvNP/RealizableHardness/BinaryMatrixTypedA15HyperplaneGlobal.lean:48:25: Variable name `hH` is not explicitly referenced.

Hint: The binding can be removed (if unused) or named `_` (if used implicitly). Alternatively, prefix the name with `_` to silence this warning:
  [apply] _hH

Note: This linter can be disabled with `set_option linter.unusedVariables false`
⚠ [2303/2311] Replayed PvNP.RealizableHardness.BinaryMatrixTypedA15HyperplaneReducedGlobal
warning: lean/PvNP/RealizableHardness/BinaryMatrixTypedA15HyperplaneReducedGlobal.lean:54:25: Variable name `hH` is not explicitly referenced.

Hint: The binding can be removed (if unused) or named `_` (if used implicitly). Alternatively, prefix the name with `_` to silence this warning:
  [apply] _hH

Note: This linter can be disabled with `set_option linter.unusedVariables false`
warning: lean/PvNP/RealizableHardness/BinaryMatrixTypedA15HyperplaneReducedGlobal.lean:64:25: Variable name `hH` is not explicitly referenced.

Hint: The binding can be removed (if unused) or named `_` (if used implicitly). Alternatively, prefix the name with `_` to silence this warning:
  [apply] _hH

Note: This linter can be disabled with `set_option linter.unusedVariables false`
warning: lean/PvNP/RealizableHardness/BinaryMatrixTypedA15HyperplaneReducedGlobal.lean:84:25: Variable name `hH` is not explicitly referenced.

Hint: The binding can be removed (if unused) or named `_` (if used implicitly). Alternatively, prefix the name with `_` to silence this warning:
  [apply] _hH

Note: This linter can be disabled with `set_option linter.unusedVariables false`
warning: lean/PvNP/RealizableHardness/BinaryMatrixTypedA15HyperplaneReducedGlobal.lean:98:25: Variable name `hH` is not explicitly referenced.

Hint: The binding can be removed (if unused) or named `_` (if used implicitly). Alternatively, prefix the name with `_` to silence this warning:
  [apply] _hH

Note: This linter can be disabled with `set_option linter.unusedVariables false`
warning: lean/PvNP/RealizableHardness/BinaryMatrixTypedA15HyperplaneReducedGlobal.lean:236:25: Variable name `hH` is not explicitly referenced.

Hint: The binding can be removed (if unused) or named `_` (if used implicitly). Alternatively, prefix the name with `_` to silence this warning:
  [apply] _hH

Note: This linter can be disabled with `set_option linter.unusedVariables false`
⚠ [2305/2311] Replayed PvNP.RealizableHardness.BinaryMatrixTypedA14HyperplaneReduced
warning: lean/PvNP/RealizableHardness/BinaryMatrixTypedA14HyperplaneReduced.lean:35:55: Variable name `hH` is not explicitly referenced.

Hint: The binding can be removed (if unused) or named `_` (if used implicitly). Alternatively, prefix the name with `_` to silence this warning:
  [apply] _hH

Note: This linter can be disabled with `set_option linter.unusedVariables false`
warning: lean/PvNP/RealizableHardness/BinaryMatrixTypedA14HyperplaneReduced.lean:119:55: Variable name `hH` is not explicitly referenced.

Hint: The binding can be removed (if unused) or named `_` (if used implicitly). Alternatively, prefix the name with `_` to silence this warning:
  [apply] _hH

Note: This linter can be disabled with `set_option linter.unusedVariables false`
⚠ [2307/2311] Replayed PvNP.RealizableHardness.BinaryMatrixA15BaseCase
warning: lean/PvNP/RealizableHardness/BinaryMatrixA15BaseCase.lean:31:4: Try this: 
  haveI̵

The goal is a proposition, so `have` is preferred over `haveI`.
The difference between `have` and `haveI` is that `haveI` inlines the value.
But this is not relevant for proofs because of proof irrelevance.

Note: This linter can be disabled with `set_option linter.style.haveILetI false`
⚠ [2310/2311] Replayed PvNP.RealizableHardness.ActualBinaryMatrixHC46FourierA16
warning: lean/PvNP/RealizableHardness/ActualBinaryMatrixHC46FourierA16.lean:70:51: This simp argument is unused:
  hj

Hint: Omit it from the simp argument list.
  [apply] simp [u, v, fourierCoeff_rankProjection, hi, hij]

Note: This linter can be disabled with `set_option linter.unusedSimpArgs false`
warning: lean/PvNP/RealizableHardness/ActualBinaryMatrixHC46FourierA16.lean:72:49: This simp argument is unused:
  hi

Hint: Omit it from the simp argument list.
  [apply] simp [u, v, fourierCoeff_rankProjection, hj, hij.symm]

Note: This linter can be disabled with `set_option linter.unusedSimpArgs false`
warning: lean/PvNP/RealizableHardness/ActualBinaryMatrixHC46FourierA16.lean:73:57: This simp argument is unused:
  hij

Hint: Omit it from the simp argument list.
  [apply] simp [u, v, fourierCoeff_rankProjection, hi, hj, hij.symm]

Note: This linter can be disabled with `set_option linter.unusedSimpArgs false`
warning: lean/PvNP/RealizableHardness/ActualBinaryMatrixHC46FourierA16.lean:73:62: This simp argument is unused:
  hij.symm

Hint: Omit it from the simp argument list.
  [apply] simp [u, v, fourierCoeff_rankProjection, hi, hj, hij]

Note: This linter can be disabled with `set_option linter.unusedSimpArgs false`
ℹ [2311/2311] Built PvNP.RealizableHardness.ActualBinaryMatrixHC46FourierA16Checks (2.1s)
info: lean/PvNP/RealizableHardness/ActualBinaryMatrixHC46FourierA16Checks.lean:5:0: PvNP.RealizableHardness.ActualBinaryMatrixHC46FourierA16.rankProjection_fourier_support {n d i : ℕ}
  (f : PvNP.RealizableHardness.BinaryMatrixFourier.BinaryMatrix n d → ℝ)
  (Y : PvNP.RealizableHardness.BinaryMatrixFourier.BinaryMatrix n d) (hY : Matrix.rank Y ≠ i) :
  PvNP.RealizableHardness.BinaryMatrixFourier.fourierCoeff
      (PvNP.RealizableHardness.BinaryMatrixFourier.rankProjection i f) Y =
    0
info: lean/PvNP/RealizableHardness/ActualBinaryMatrixHC46FourierA16Checks.lean:6:0: PvNP.RealizableHardness.ActualBinaryMatrixHC46FourierA16.rankProjection_inner_eq_zero {n d i j : ℕ}
  (f g : PvNP.RealizableHardness.BinaryMatrixFourier.BinaryMatrix n d → ℝ) (hij : i ≠ j) :
  (PvNP.RealizableHardness.BinaryMatrixFourier.uniformMean fun M =>
      PvNP.RealizableHardness.BinaryMatrixFourier.rankProjection i f M *
        PvNP.RealizableHardness.BinaryMatrixFourier.rankProjection j g M) =
    0
info: lean/PvNP/RealizableHardness/ActualBinaryMatrixHC46FourierA16Checks.lean:7:0: PvNP.RealizableHardness.ActualBinaryMatrixHC46FourierA16.rankProjection_finite_energy_sum {n d q : ℕ}
  (f : PvNP.RealizableHardness.BinaryMatrixFourier.BinaryMatrix n d → ℝ) :
  (PvNP.RealizableHardness.BinaryMatrixFourier.uniformMean fun M =>
      (∑ i ∈ Finset.range (q + 1), PvNP.RealizableHardness.BinaryMatrixFourier.rankProjection i f M) ^ 2) =
    ∑ i ∈ Finset.range (q + 1),
      PvNP.RealizableHardness.BinaryMatrixFourier.uniformMean fun M =>
        PvNP.RealizableHardness.BinaryMatrixFourier.rankProjection i f M ^ 2
info: lean/PvNP/RealizableHardness/ActualBinaryMatrixHC46FourierA16Checks.lean:8:0: PvNP.RealizableHardness.ActualBinaryMatrixHC46FourierA16.rankProjection_reconstruct {n d : ℕ}
  (f : PvNP.RealizableHardness.BinaryMatrixFourier.BinaryMatrix n d → ℝ)
  (M : PvNP.RealizableHardness.BinaryMatrixFourier.BinaryMatrix n d) :
  ∑ i ∈ Finset.image (fun Y => Matrix.rank Y) Finset.univ,
      PvNP.RealizableHardness.BinaryMatrixFourier.rankProjection i f M =
    f M
info: lean/PvNP/RealizableHardness/ActualBinaryMatrixHC46FourierA16Checks.lean:9:0: PvNP.RealizableHardness.ActualBinaryMatrixHC46FourierA16.mixedCoordinateDerivativeChain_re_fourier_support
  {n d r k l : ℕ} (f : PvNP.RealizableHardness.BinaryMatrixFourier.BinaryMatrix (n + l) (d + k) → ℂ)
  (tLine : Fin k → Fin (n + l) → ZMod 2) (tHyp : Fin l → Fin d → ZMod 2)
  (Y : PvNP.RealizableHardness.BinaryMatrixFourier.BinaryMatrix n d) :
  PvNP.RealizableHardness.BinaryMatrixFourier.fourierCoeff
      (fun M =>
        (PvNP.RealizableHardness.ActualBinaryMatrixHC46MixedPeeling.mixedCoordinateDerivativeChain r k l
            (PvNP.RealizableHardness.BinaryMatrixComplexA14.complexRankProjection (r + (k + l)) f) tLine tHyp M).re)
      Y =
    if Matrix.rank Y = r then
      PvNP.RealizableHardness.BinaryMatrixFourier.fourierCoeff
        (fun M =>
          (PvNP.RealizableHardness.ActualBinaryMatrixHC46MixedPeeling.mixedCoordinatePeel r k l f tLine tHyp M).re)
        Y
    else 0
info: lean/PvNP/RealizableHardness/ActualBinaryMatrixHC46FourierA16Checks.lean:10:0: PvNP.RealizableHardness.ActualBinaryMatrixHC46FourierA16.mixedCoordinateDerivativeChain_im_fourier_support
  {n d r k l : ℕ} (f : PvNP.RealizableHardness.BinaryMatrixFourier.BinaryMatrix (n + l) (d + k) → ℂ)
  (tLine : Fin k → Fin (n + l) → ZMod 2) (tHyp : Fin l → Fin d → ZMod 2)
  (Y : PvNP.RealizableHardness.BinaryMatrixFourier.BinaryMatrix n d) :
  PvNP.RealizableHardness.BinaryMatrixFourier.fourierCoeff
      (fun M =>
        (PvNP.RealizableHardness.ActualBinaryMatrixHC46MixedPeeling.mixedCoordinateDerivativeChain r k l
            (PvNP.RealizableHardness.BinaryMatrixComplexA14.complexRankProjection (r + (k + l)) f) tLine tHyp M).im)
      Y =
    if Matrix.rank Y = r then
      PvNP.RealizableHardness.BinaryMatrixFourier.fourierCoeff
        (fun M =>
          (PvNP.RealizableHardness.ActualBinaryMatrixHC46MixedPeeling.mixedCoordinatePeel r k l f tLine tHyp M).im)
        Y
    else 0
info: lean/PvNP/RealizableHardness/ActualBinaryMatrixHC46FourierA16Checks.lean:11:0: PvNP.RealizableHardness.ActualBinaryMatrixHC46FourierA16.mixedCoordinateDerivativeChain_re_orthogonal {n d r s k l : ℕ}
  (hrs : r ≠ s) (f : PvNP.RealizableHardness.BinaryMatrixFourier.BinaryMatrix (n + l) (d + k) → ℂ)
  (tLine : Fin k → Fin (n + l) → ZMod 2) (tHyp : Fin l → Fin d → ZMod 2) :
  (PvNP.RealizableHardness.BinaryMatrixFourier.uniformMean fun M =>
      (PvNP.RealizableHardness.ActualBinaryMatrixHC46MixedPeeling.mixedCoordinateDerivativeChain r k l
            (PvNP.RealizableHardness.BinaryMatrixComplexA14.complexRankProjection (r + (k + l)) f) tLine tHyp M).re *
        (PvNP.RealizableHardness.ActualBinaryMatrixHC46MixedPeeling.mixedCoordinateDerivativeChain s k l
            (PvNP.RealizableHardness.BinaryMatrixComplexA14.complexRankProjection (s + (k + l)) f) tLine tHyp M).re) =
    0
info: lean/PvNP/RealizableHardness/ActualBinaryMatrixHC46FourierA16Checks.lean:12:0: PvNP.RealizableHardness.ActualBinaryMatrixHC46FourierA16.mixedCoordinateDerivativeChain_im_orthogonal {n d r s k l : ℕ}
  (hrs : r ≠ s) (f : PvNP.RealizableHardness.BinaryMatrixFourier.BinaryMatrix (n + l) (d + k) → ℂ)
  (tLine : Fin k → Fin (n + l) → ZMod 2) (tHyp : Fin l → Fin d → ZMod 2) :
  (PvNP.RealizableHardness.BinaryMatrixFourier.uniformMean fun M =>
      (PvNP.RealizableHardness.ActualBinaryMatrixHC46MixedPeeling.mixedCoordinateDerivativeChain r k l
            (PvNP.RealizableHardness.BinaryMatrixComplexA14.complexRankProjection (r + (k + l)) f) tLine tHyp M).im *
        (PvNP.RealizableHardness.ActualBinaryMatrixHC46MixedPeeling.mixedCoordinateDerivativeChain s k l
            (PvNP.RealizableHardness.BinaryMatrixComplexA14.complexRankProjection (s + (k + l)) f) tLine tHyp M).im) =
    0
info: lean/PvNP/RealizableHardness/ActualBinaryMatrixHC46FourierA16Checks.lean:13:0: PvNP.RealizableHardness.ActualBinaryMatrixHC46FourierA16.mixedCoordinateDerivativeChain_complex_orthogonal
  {n d r s k l : ℕ} (hrs : r ≠ s) (f : PvNP.RealizableHardness.BinaryMatrixFourier.BinaryMatrix (n + l) (d + k) → ℂ)
  (tLine : Fin k → Fin (n + l) → ZMod 2) (tHyp : Fin l → Fin d → ZMod 2) :
  (PvNP.RealizableHardness.BinaryMatrixFourier.uniformMean fun M =>
      (PvNP.RealizableHardness.ActualBinaryMatrixHC46MixedPeeling.mixedCoordinateDerivativeChain r k l
              (PvNP.RealizableHardness.BinaryMatrixComplexA14.complexRankProjection (r + (k + l)) f) tLine tHyp M).re *
          (PvNP.RealizableHardness.ActualBinaryMatrixHC46MixedPeeling.mixedCoordinateDerivativeChain s k l
              (PvNP.RealizableHardness.BinaryMatrixComplexA14.complexRankProjection (s + (k + l)) f) tLine tHyp M).re +
        (PvNP.RealizableHardness.ActualBinaryMatrixHC46MixedPeeling.mixedCoordinateDerivativeChain r k l
              (PvNP.RealizableHardness.BinaryMatrixComplexA14.complexRankProjection (r + (k + l)) f) tLine tHyp M).im *
          (PvNP.RealizableHardness.ActualBinaryMatrixHC46MixedPeeling.mixedCoordinateDerivativeChain s k l
              (PvNP.RealizableHardness.BinaryMatrixComplexA14.complexRankProjection (s + (k + l)) f) tLine tHyp M).im) =
    0
info: lean/PvNP/RealizableHardness/ActualBinaryMatrixHC46FourierA16Checks.lean:14:0: 'PvNP.RealizableHardness.ActualBinaryMatrixHC46FourierA16.rankProjection_fourier_support' depends on axioms: [propext,
 Classical.choice,
 Quot.sound]
info: lean/PvNP/RealizableHardness/ActualBinaryMatrixHC46FourierA16Checks.lean:15:0: 'PvNP.RealizableHardness.ActualBinaryMatrixHC46FourierA16.rankProjection_inner_eq_zero' depends on axioms: [propext,
 Classical.choice,
 Quot.sound]
info: lean/PvNP/RealizableHardness/ActualBinaryMatrixHC46FourierA16Checks.lean:16:0: 'PvNP.RealizableHardness.ActualBinaryMatrixHC46FourierA16.rankProjection_finite_energy_sum' depends on axioms: [propext,
 Classical.choice,
 Quot.sound]
info: lean/PvNP/RealizableHardness/ActualBinaryMatrixHC46FourierA16Checks.lean:17:0: 'PvNP.RealizableHardness.ActualBinaryMatrixHC46FourierA16.rankProjection_reconstruct' depends on axioms: [propext,
 Classical.choice,
 Quot.sound]
info: lean/PvNP/RealizableHardness/ActualBinaryMatrixHC46FourierA16Checks.lean:18:0: 'PvNP.RealizableHardness.ActualBinaryMatrixHC46FourierA16.mixedCoordinateDerivativeChain_re_fourier_support' depends on axioms: [propext,
 Classical.choice,
 Quot.sound]
info: lean/PvNP/RealizableHardness/ActualBinaryMatrixHC46FourierA16Checks.lean:19:0: 'PvNP.RealizableHardness.ActualBinaryMatrixHC46FourierA16.mixedCoordinateDerivativeChain_im_fourier_support' depends on axioms: [propext,
 Classical.choice,
 Quot.sound]
info: lean/PvNP/RealizableHardness/ActualBinaryMatrixHC46FourierA16Checks.lean:20:0: 'PvNP.RealizableHardness.ActualBinaryMatrixHC46FourierA16.mixedCoordinateDerivativeChain_re_orthogonal' depends on axioms: [propext,
 Classical.choice,
 Quot.sound]
info: lean/PvNP/RealizableHardness/ActualBinaryMatrixHC46FourierA16Checks.lean:21:0: 'PvNP.RealizableHardness.ActualBinaryMatrixHC46FourierA16.mixedCoordinateDerivativeChain_im_orthogonal' depends on axioms: [propext,
 Classical.choice,
 Quot.sound]
info: lean/PvNP/RealizableHardness/ActualBinaryMatrixHC46FourierA16Checks.lean:22:0: 'PvNP.RealizableHardness.ActualBinaryMatrixHC46FourierA16.mixedCoordinateDerivativeChain_complex_orthogonal' depends on axioms: [propext,
 Classical.choice,
 Quot.sound]
Build completed successfully (2311 jobs).
