C:\Users\Dan\Desktop\Projects\realizable-cmmsa-hardness\docs\native-receipts\ActualSelectedComplementAnalyticMoment\runtime-prebuild\local-native-123542\src\PvNP\RealizableHardness\ActualBinaryMatrixHC46A20SquareSupport.lean:56:17: error(lean.unknownIdentifier): Unknown identifier `carrierMatrixEquiv`
C:\Users\Dan\Desktop\Projects\realizable-cmmsa-hardness\docs\native-receipts\ActualSelectedComplementAnalyticMoment\runtime-prebuild\local-native-123542\src\PvNP\RealizableHardness\ActualBinaryMatrixHC46A20SquareSupport.lean:58:17: error(lean.unknownIdentifier): Unknown identifier `carrierMatrixEquiv`
C:\Users\Dan\Desktop\Projects\realizable-cmmsa-hardness\docs\native-receipts\ActualSelectedComplementAnalyticMoment\runtime-prebuild\local-native-123542\src\PvNP\RealizableHardness\ActualBinaryMatrixHC46A20SquareSupport.lean:60:4: error: Type mismatch
  (carrierFourier_support_iff_coordinate A B D₁ f).mp hf
has type
  ComplexFourierSupportedThrough D₁ fun X => f ((BinaryMatrixTypedA15Transport.carrierMatrixEquiv A B).symm X)
but is expected to have type
  ComplexFourierSupportedThrough D₁ fc
C:\Users\Dan\Desktop\Projects\realizable-cmmsa-hardness\docs\native-receipts\ActualSelectedComplementAnalyticMoment\runtime-prebuild\local-native-123542\src\PvNP\RealizableHardness\ActualBinaryMatrixHC46A20SquareSupport.lean:62:4: error: Type mismatch
  (carrierFourier_support_iff_coordinate A B D₂ g).mp hg
has type
  ComplexFourierSupportedThrough D₂ fun X => g ((BinaryMatrixTypedA15Transport.carrierMatrixEquiv A B).symm X)
but is expected to have type
  ComplexFourierSupportedThrough D₂ gc
C:\Users\Dan\Desktop\Projects\realizable-cmmsa-hardness\docs\native-receipts\ActualSelectedComplementAnalyticMoment\runtime-prebuild\local-native-123542\src\PvNP\RealizableHardness\ActualBinaryMatrixHC46A20SquareSupport.lean:65:2: error: 'change' tactic failed, pattern
  ComplexFourierSupportedThrough (D₁ + D₂) fun X => fc X * gc X
is not definitionally equal to target
  ComplexFourierSupportedThrough (D₁ + D₂) fun X =>
    f ((BinaryMatrixTypedA15Transport.carrierMatrixEquiv A B).symm X) *
      g ((BinaryMatrixTypedA15Transport.carrierMatrixEquiv A B).symm X)
C:\Users\Dan\Desktop\Projects\realizable-cmmsa-hardness\docs\native-receipts\ActualSelectedComplementAnalyticMoment\runtime-prebuild\local-native-123542\src\PvNP\RealizableHardness\ActualBinaryMatrixHC46A20SquareSupport.lean:336:4: error: No goals to be solved
