C:\Users\Dan\Desktop\Projects\realizable-cmmsa-hardness\docs\native-receipts\ActualSelectedComplementAnalyticMoment\runtime-prebuild\local-native-123542\src\PvNP\RealizableHardness\ActualBinaryMatrixHC46A17AdaptedLineDecomposition.lean:28:9: error: Function expected at
  BinaryMatrix
but this term has type
  ?m.1

Note: Expected a function because this term is being applied to the argument
  n

Hint: The identifier `BinaryMatrix` is unknown, and Lean's `autoImplicit` option causes an unknown identifier to be treated as an implicitly bound variable with an unknown type. However, the unknown type cannot be a function, and a function is what Lean expects here. This is often the result of a typo or a missing `import` or `open` statement.
C:\Users\Dan\Desktop\Projects\realizable-cmmsa-hardness\docs\native-receipts\ActualSelectedComplementAnalyticMoment\runtime-prebuild\local-native-123542\src\PvNP\RealizableHardness\ActualBinaryMatrixHC46A17AdaptedLineDecomposition.lean:28:29: error: Function expected at
  BinaryMatrix
but this term has type
  ?m.1

Note: Expected a function because this term is being applied to the argument
  n

Hint: The identifier `BinaryMatrix` is unknown, and Lean's `autoImplicit` option causes an unknown identifier to be treated as an implicitly bound variable with an unknown type. However, the unknown type cannot be a function, and a function is what Lean expects here. This is often the result of a typo or a missing `import` or `open` statement.
C:\Users\Dan\Desktop\Projects\realizable-cmmsa-hardness\docs\native-receipts\ActualSelectedComplementAnalyticMoment\runtime-prebuild\local-native-123542\src\PvNP\RealizableHardness\ActualBinaryMatrixHC46A17AdaptedLineDecomposition.lean:32:11: error: Function expected at
  BinaryMatrix
but this term has type
  ?m.1

Note: Expected a function because this term is being applied to the argument
  n

Hint: The identifier `BinaryMatrix` is unknown, and Lean's `autoImplicit` option causes an unknown identifier to be treated as an implicitly bound variable with an unknown type. However, the unknown type cannot be a function, and a function is what Lean expects here. This is often the result of a typo or a missing `import` or `open` statement.
C:\Users\Dan\Desktop\Projects\realizable-cmmsa-hardness\docs\native-receipts\ActualSelectedComplementAnalyticMoment\runtime-prebuild\local-native-123542\src\PvNP\RealizableHardness\ActualBinaryMatrixHC46A17AdaptedLineDecomposition.lean:32:11: error: Function expected at
  BinaryMatrix
but this term has type
  ?m.1

Note: Expected a function because this term is being applied to the argument
  n

Hint: The identifier `BinaryMatrix` is unknown, and Lean's `autoImplicit` option causes an unknown identifier to be treated as an implicitly bound variable with an unknown type. However, the unknown type cannot be a function, and a function is what Lean expects here. This is often the result of a typo or a missing `import` or `open` statement.
C:\Users\Dan\Desktop\Projects\realizable-cmmsa-hardness\docs\native-receipts\ActualSelectedComplementAnalyticMoment\runtime-prebuild\local-native-123542\src\PvNP\RealizableHardness\ActualBinaryMatrixHC46A17AdaptedLineDecomposition.lean:39:9: error: Function expected at
  BinaryMatrix
but this term has type
  ?m.1

Note: Expected a function because this term is being applied to the argument
  n

Hint: The identifier `BinaryMatrix` is unknown, and Lean's `autoImplicit` option causes an unknown identifier to be treated as an implicitly bound variable with an unknown type. However, the unknown type cannot be a function, and a function is what Lean expects here. This is often the result of a typo or a missing `import` or `open` statement.
C:\Users\Dan\Desktop\Projects\realizable-cmmsa-hardness\docs\native-receipts\ActualSelectedComplementAnalyticMoment\runtime-prebuild\local-native-123542\src\PvNP\RealizableHardness\ActualBinaryMatrixHC46A17AdaptedLineDecomposition.lean:50:2: warning: this tactic is never executed

Note: This linter can be disabled with `set_option linter.unreachableTactic false`
C:\Users\Dan\Desktop\Projects\realizable-cmmsa-hardness\docs\native-receipts\ActualSelectedComplementAnalyticMoment\runtime-prebuild\local-native-123542\src\PvNP\RealizableHardness\ActualBinaryMatrixHC46A17AdaptedLineDecomposition.lean:51:2: warning: this tactic is never executed

Note: This linter can be disabled with `set_option linter.unreachableTactic false`
C:\Users\Dan\Desktop\Projects\realizable-cmmsa-hardness\docs\native-receipts\ActualSelectedComplementAnalyticMoment\runtime-prebuild\local-native-123542\src\PvNP\RealizableHardness\ActualBinaryMatrixHC46A17AdaptedLineDecomposition.lean:52:2: warning: this tactic is never executed

Note: This linter can be disabled with `set_option linter.unreachableTactic false`
C:\Users\Dan\Desktop\Projects\realizable-cmmsa-hardness\docs\native-receipts\ActualSelectedComplementAnalyticMoment\runtime-prebuild\local-native-123542\src\PvNP\RealizableHardness\ActualBinaryMatrixHC46A17AdaptedLineDecomposition.lean:53:2: warning: this tactic is never executed

Note: This linter can be disabled with `set_option linter.unreachableTactic false`
C:\Users\Dan\Desktop\Projects\realizable-cmmsa-hardness\docs\native-receipts\ActualSelectedComplementAnalyticMoment\runtime-prebuild\local-native-123542\src\PvNP\RealizableHardness\ActualBinaryMatrixHC46A17AdaptedLineDecomposition.lean:49:2: warning: Unused tactic linter: `unfold domainPullMatrix actualA18RankOne` does nothing

Note: This linter can be disabled with `set_option linter.unusedTactic false`
C:\Users\Dan\Desktop\Projects\realizable-cmmsa-hardness\docs\native-receipts\ActualSelectedComplementAnalyticMoment\runtime-prebuild\local-native-123542\src\PvNP\RealizableHardness\ActualBinaryMatrixHC46A17AdaptedLineDecomposition.lean:50:2: warning: Unused tactic linter: `rw [Matrix.toLin'_toMatrix']` does nothing

Note: This linter can be disabled with `set_option linter.unusedTactic false`
C:\Users\Dan\Desktop\Projects\realizable-cmmsa-hardness\docs\native-receipts\ActualSelectedComplementAnalyticMoment\runtime-prebuild\local-native-123542\src\PvNP\RealizableHardness\ActualBinaryMatrixHC46A17AdaptedLineDecomposition.lean:51:2: warning: Unused tactic linter: `congr 1` does nothing

Note: This linter can be disabled with `set_option linter.unusedTactic false`
C:\Users\Dan\Desktop\Projects\realizable-cmmsa-hardness\docs\native-receipts\ActualSelectedComplementAnalyticMoment\runtime-prebuild\local-native-123542\src\PvNP\RealizableHardness\ActualBinaryMatrixHC46A17AdaptedLineDecomposition.lean:52:2: warning: Unused tactic linter: `ext x i` does nothing

Note: This linter can be disabled with `set_option linter.unusedTactic false`
C:\Users\Dan\Desktop\Projects\realizable-cmmsa-hardness\docs\native-receipts\ActualSelectedComplementAnalyticMoment\runtime-prebuild\local-native-123542\src\PvNP\RealizableHardness\ActualBinaryMatrixHC46A17AdaptedLineDecomposition.lean:53:2: warning: Unused tactic linter: `simp [LinearMap.comp_apply, LinearMap.smulRight_apply]` does nothing

Note: This linter can be disabled with `set_option linter.unusedTactic false`
C:\Users\Dan\Desktop\Projects\realizable-cmmsa-hardness\docs\native-receipts\ActualSelectedComplementAnalyticMoment\runtime-prebuild\local-native-123542\src\PvNP\RealizableHardness\ActualBinaryMatrixHC46A17AdaptedLineDecomposition.lean:58:52: error: unsolved goals
n d : ℕ
e : V d ≃ₗ[F] V d
M : V d →ₗ[F] W n
⊢ sorry ()
C:\Users\Dan\Desktop\Projects\realizable-cmmsa-hardness\docs\native-receipts\ActualSelectedComplementAnalyticMoment\runtime-prebuild\local-native-123542\src\PvNP\RealizableHardness\ActualBinaryMatrixHC46A17AdaptedLineDecomposition.lean:59:8: warning: declaration uses `sorry`
C:\Users\Dan\Desktop\Projects\realizable-cmmsa-hardness\docs\native-receipts\ActualSelectedComplementAnalyticMoment\runtime-prebuild\local-native-123542\src\PvNP\RealizableHardness\ActualBinaryMatrixHC46A17AdaptedLineDecomposition.lean:59:8: warning: This simp argument is unused:
  domainPullMatrix

Hint: Omit it from the simp argument list.
  [apply] simp [Matrix.toLin'_toMatrix']

Note: This linter can be disabled with `set_option linter.unusedSimpArgs false`
C:\Users\Dan\Desktop\Projects\realizable-cmmsa-hardness\docs\native-receipts\ActualSelectedComplementAnalyticMoment\runtime-prebuild\local-native-123542\src\PvNP\RealizableHardness\ActualBinaryMatrixHC46A17AdaptedLineDecomposition.lean:59:26: warning: This simp argument is unused:
  Matrix.toLin'_toMatrix'

Hint: Omit it from the simp argument list.
  [apply] simp [domainPullMatrix]

Note: This linter can be disabled with `set_option linter.unusedSimpArgs false`
C:\Users\Dan\Desktop\Projects\realizable-cmmsa-hardness\docs\native-receipts\ActualSelectedComplementAnalyticMoment\runtime-prebuild\local-native-123542\src\PvNP\RealizableHardness\ActualBinaryMatrixHC46A17AdaptedLineDecomposition.lean:70:29: error: Function expected at
  BinaryMatrix
but this term has type
  ?m.1

Note: Expected a function because this term is being applied to the argument
  n

Hint: The identifier `BinaryMatrix` is unknown, and Lean's `autoImplicit` option causes an unknown identifier to be treated as an implicitly bound variable with an unknown type. However, the unknown type cannot be a function, and a function is what Lean expects here. This is often the result of a typo or a missing `import` or `open` statement.
C:\Users\Dan\Desktop\Projects\realizable-cmmsa-hardness\docs\native-receipts\ActualSelectedComplementAnalyticMoment\runtime-prebuild\local-native-123542\src\PvNP\RealizableHardness\ActualBinaryMatrixHC46A17AdaptedLineDecomposition.lean:71:9: error: Function expected at
  BinaryMatrix
but this term has type
  ?m.1

Note: Expected a function because this term is being applied to the argument
  n

Hint: The identifier `BinaryMatrix` is unknown, and Lean's `autoImplicit` option causes an unknown identifier to be treated as an implicitly bound variable with an unknown type. However, the unknown type cannot be a function, and a function is what Lean expects here. This is often the result of a typo or a missing `import` or `open` statement.
C:\Users\Dan\Desktop\Projects\realizable-cmmsa-hardness\docs\native-receipts\ActualSelectedComplementAnalyticMoment\runtime-prebuild\local-native-123542\src\PvNP\RealizableHardness\ActualBinaryMatrixHC46A17AdaptedLineDecomposition.lean:72:4: error: Function expected at
  complexRankProjection
but this term has type
  ?m.2

Note: Expected a function because this term is being applied to the argument
  j

Hint: The identifier `complexRankProjection` is unknown, and Lean's `autoImplicit` option causes an unknown identifier to be treated as an implicitly bound variable with an unknown type. However, the unknown type cannot be a function, and a function is what Lean expects here. This is often the result of a typo or a missing `import` or `open` statement.
C:\Users\Dan\Desktop\Projects\realizable-cmmsa-hardness\docs\native-receipts\ActualSelectedComplementAnalyticMoment\runtime-prebuild\local-native-123542\src\PvNP\RealizableHardness\ActualBinaryMatrixHC46A17AdaptedLineDecomposition.lean:73:33: error: Function expected at
  complexRankProjection
but this term has type
  ?m.2

Note: Expected a function because this term is being applied to the argument
  j

Hint: The identifier `complexRankProjection` is unknown, and Lean's `autoImplicit` option causes an unknown identifier to be treated as an implicitly bound variable with an unknown type. However, the unknown type cannot be a function, and a function is what Lean expects here. This is often the result of a typo or a missing `import` or `open` statement.
C:\Users\Dan\Desktop\Projects\realizable-cmmsa-hardness\docs\native-receipts\ActualSelectedComplementAnalyticMoment\runtime-prebuild\local-native-123542\src\PvNP\RealizableHardness\ActualBinaryMatrixHC46A17AdaptedLineDecomposition.lean:73:64: error: unsolved goals
x✝¹ : Sort u_1
BinaryMatrix : x✝¹
x✝ : Sort u_2
complexRankProjection : x✝
n d j : ℕ
e : V d ≃ₗ[F] V d
f : sorry → ℂ
M : sorry
g : (V d →ₗ[F] W n) → ℂ := fun L => f sorry
⊢ sorry = sorry
C:\Users\Dan\Desktop\Projects\realizable-cmmsa-hardness\docs\native-receipts\ActualSelectedComplementAnalyticMoment\runtime-prebuild\local-native-123542\src\PvNP\RealizableHardness\ActualBinaryMatrixHC46A17AdaptedLineDecomposition.lean:125:9: error: Function expected at
  BinaryMatrix
but this term has type
  ?m.1

Note: Expected a function because this term is being applied to the argument
  n

Hint: The identifier `BinaryMatrix` is unknown, and Lean's `autoImplicit` option causes an unknown identifier to be treated as an implicitly bound variable with an unknown type. However, the unknown type cannot be a function, and a function is what Lean expects here. This is often the result of a typo or a missing `import` or `open` statement.
C:\Users\Dan\Desktop\Projects\realizable-cmmsa-hardness\docs\native-receipts\ActualSelectedComplementAnalyticMoment\runtime-prebuild\local-native-123542\src\PvNP\RealizableHardness\ActualBinaryMatrixHC46A17AdaptedLineDecomposition.lean:125:42: error: Function expected at
  BinaryMatrix
but this term has type
  ?m.1

Note: Expected a function because this term is being applied to the argument
  n

Hint: The identifier `BinaryMatrix` is unknown, and Lean's `autoImplicit` option causes an unknown identifier to be treated as an implicitly bound variable with an unknown type. However, the unknown type cannot be a function, and a function is what Lean expects here. This is often the result of a typo or a missing `import` or `open` statement.
C:\Users\Dan\Desktop\Projects\realizable-cmmsa-hardness\docs\native-receipts\ActualSelectedComplementAnalyticMoment\runtime-prebuild\local-native-123542\src\PvNP\RealizableHardness\ActualBinaryMatrixHC46A17AdaptedLineDecomposition.lean:179:22: error: Application type mismatch: The argument
  F
has type
  Type
but is expected to have type
  ?m.11 →+* ?m.12
in the application
  @LinearEquiv ?m.11 ?m.12 ?m.13 ?m.14 F
C:\Users\Dan\Desktop\Projects\realizable-cmmsa-hardness\docs\native-receipts\ActualSelectedComplementAnalyticMoment\runtime-prebuild\local-native-123542\src\PvNP\RealizableHardness\ActualBinaryMatrixHC46A17AdaptedLineDecomposition.lean:201:23: error: Application type mismatch: The argument
  F
has type
  Type
but is expected to have type
  ?m.218 →+* ?m.219
in the application
  @LinearEquiv ?m.218 ?m.219 ?m.220 ?m.221 F
C:\Users\Dan\Desktop\Projects\realizable-cmmsa-hardness\docs\native-receipts\ActualSelectedComplementAnalyticMoment\runtime-prebuild\local-native-123542\src\PvNP\RealizableHardness\ActualBinaryMatrixHC46A17AdaptedLineDecomposition.lean:203:23: error: Application type mismatch: The argument
  F
has type
  Type
but is expected to have type
  ?m.271 →+* ?m.272
in the application
  @LinearEquiv ?m.271 ?m.272 ?m.273 ?m.274 F
C:\Users\Dan\Desktop\Projects\realizable-cmmsa-hardness\docs\native-receipts\ActualSelectedComplementAnalyticMoment\runtime-prebuild\local-native-123542\src\PvNP\RealizableHardness\ActualBinaryMatrixHC46A17AdaptedLineDecomposition.lean:205:26: error: unsolved goals
d : ℕ
v : V (d + 1)
hv : v ≠ 0
u : PvNP.RealizableHardness.ActualBinaryMatrixHC46A17HomogeneousLineDecomposition.V✝ (d + 1) := lastVector d
hu : u ≠ 0
L₀ : Submodule F (V (d + 1)) := F ∙ u
Lᵥ : Submodule F (V (d + 1)) := F ∙ v
hdim₀ : Module.finrank F ↥L₀ = 1
hdimᵥ : Module.finrank F ↥Lᵥ = 1
u₀ : ↥L₀ := ⟨u, ⋯⟩
v₀ : ↥Lᵥ := ⟨v, ⋯⟩
hu₀ : u₀ ≠ 0
hv₀ : v₀ ≠ 0
b₀ : Module.Basis Unit F ↥L₀ := FiniteDimensional.basisSingleton Unit hdim₀ u₀ hu₀
bᵥ : Module.Basis Unit F ↥Lᵥ := FiniteDimensional.basisSingleton Unit hdimᵥ v₀ hv₀
e₀ : sorry := sorry
eᵥ : sorry := sorry
⊢ sorry () = 1
C:\Users\Dan\Desktop\Projects\realizable-cmmsa-hardness\docs\native-receipts\ActualSelectedComplementAnalyticMoment\runtime-prebuild\local-native-123542\src\PvNP\RealizableHardness\ActualBinaryMatrixHC46A17AdaptedLineDecomposition.lean:207:26: error: unsolved goals
d : ℕ
v : V (d + 1)
hv : v ≠ 0
u : PvNP.RealizableHardness.ActualBinaryMatrixHC46A17HomogeneousLineDecomposition.V✝ (d + 1) := lastVector d
hu : u ≠ 0
L₀ : Submodule F (V (d + 1)) := F ∙ u
Lᵥ : Submodule F (V (d + 1)) := F ∙ v
hdim₀ : Module.finrank F ↥L₀ = 1
hdimᵥ : Module.finrank F ↥Lᵥ = 1
u₀ : ↥L₀ := ⟨u, ⋯⟩
v₀ : ↥Lᵥ := ⟨v, ⋯⟩
hu₀ : u₀ ≠ 0
hv₀ : v₀ ≠ 0
b₀ : Module.Basis Unit F ↥L₀ := FiniteDimensional.basisSingleton Unit hdim₀ u₀ hu₀
bᵥ : Module.Basis Unit F ↥Lᵥ := FiniteDimensional.basisSingleton Unit hdimᵥ v₀ hv₀
e₀ : sorry := sorry
eᵥ : sorry := sorry
he₀ : sorry = 1
⊢ sorry () = 1
C:\Users\Dan\Desktop\Projects\realizable-cmmsa-hardness\docs\native-receipts\ActualSelectedComplementAnalyticMoment\runtime-prebuild\local-native-123542\src\PvNP\RealizableHardness\ActualBinaryMatrixHC46A17AdaptedLineDecomposition.lean:209:26: error: Application type mismatch: The argument
  F
has type
  Type
but is expected to have type
  ?m.344 →+* ?m.345
in the application
  @LinearEquiv ?m.344 ?m.345 ?m.346 ?m.347 F
C:\Users\Dan\Desktop\Projects\realizable-cmmsa-hardness\docs\native-receipts\ActualSelectedComplementAnalyticMoment\runtime-prebuild\local-native-123542\src\PvNP\RealizableHardness\ActualBinaryMatrixHC46A17AdaptedLineDecomposition.lean:212:4: error: No goals to be solved
C:\Users\Dan\Desktop\Projects\realizable-cmmsa-hardness\docs\native-receipts\ActualSelectedComplementAnalyticMoment\runtime-prebuild\local-native-123542\src\PvNP\RealizableHardness\ActualBinaryMatrixHC46A17AdaptedLineDecomposition.lean:213:2: warning: Try this: 
  letI̵

The goal is a proposition, so `let` is preferred over `letI`.
The difference between `let` and `letI` is that `letI` inlines the value.
But this is not relevant for proofs because of proof irrelevance.

Note: This linter can be disabled with `set_option linter.style.haveILetI false`
C:\Users\Dan\Desktop\Projects\realizable-cmmsa-hardness\docs\native-receipts\ActualSelectedComplementAnalyticMoment\runtime-prebuild\local-native-123542\src\PvNP\RealizableHardness\ActualBinaryMatrixHC46A17AdaptedLineDecomposition.lean:206:10: warning: This simp argument is unused:
  e₀

Hint: Omit it from the simp argument list.
  [apply] simp [b₀, FiniteDimensional.basisSingleton_apply]

Note: This linter can be disabled with `set_option linter.unusedSimpArgs false`
C:\Users\Dan\Desktop\Projects\realizable-cmmsa-hardness\docs\native-receipts\ActualSelectedComplementAnalyticMoment\runtime-prebuild\local-native-123542\src\PvNP\RealizableHardness\ActualBinaryMatrixHC46A17AdaptedLineDecomposition.lean:206:14: warning: This simp argument is unused:
  b₀

Hint: Omit it from the simp argument list.
  [apply] simp [e₀, FiniteDimensional.basisSingleton_apply]

Note: This linter can be disabled with `set_option linter.unusedSimpArgs false`
C:\Users\Dan\Desktop\Projects\realizable-cmmsa-hardness\docs\native-receipts\ActualSelectedComplementAnalyticMoment\runtime-prebuild\local-native-123542\src\PvNP\RealizableHardness\ActualBinaryMatrixHC46A17AdaptedLineDecomposition.lean:206:18: warning: This simp argument is unused:
  FiniteDimensional.basisSingleton_apply

Hint: Omit it from the simp argument list.
  [apply] simp [e₀, b₀]

Note: This linter can be disabled with `set_option linter.unusedSimpArgs false`
C:\Users\Dan\Desktop\Projects\realizable-cmmsa-hardness\docs\native-receipts\ActualSelectedComplementAnalyticMoment\runtime-prebuild\local-native-123542\src\PvNP\RealizableHardness\ActualBinaryMatrixHC46A17AdaptedLineDecomposition.lean:208:10: warning: This simp argument is unused:
  eᵥ

Hint: Omit it from the simp argument list.
  [apply] simp [bᵥ, FiniteDimensional.basisSingleton_apply]

Note: This linter can be disabled with `set_option linter.unusedSimpArgs false`
C:\Users\Dan\Desktop\Projects\realizable-cmmsa-hardness\docs\native-receipts\ActualSelectedComplementAnalyticMoment\runtime-prebuild\local-native-123542\src\PvNP\RealizableHardness\ActualBinaryMatrixHC46A17AdaptedLineDecomposition.lean:208:14: warning: This simp argument is unused:
  bᵥ

Hint: Omit it from the simp argument list.
  [apply] simp [eᵥ, FiniteDimensional.basisSingleton_apply]

Note: This linter can be disabled with `set_option linter.unusedSimpArgs false`
C:\Users\Dan\Desktop\Projects\realizable-cmmsa-hardness\docs\native-receipts\ActualSelectedComplementAnalyticMoment\runtime-prebuild\local-native-123542\src\PvNP\RealizableHardness\ActualBinaryMatrixHC46A17AdaptedLineDecomposition.lean:208:18: warning: This simp argument is unused:
  FiniteDimensional.basisSingleton_apply

Hint: Omit it from the simp argument list.
  [apply] simp [eᵥ, bᵥ]

Note: This linter can be disabled with `set_option linter.unusedSimpArgs false`
