lean/PvNP/RealizableHardness/RobustSourceLineContainment.lean:13:5: error: unknown namespace `PvNP.RealizableHardness.GrassmannFlagPosterior`
lean/PvNP/RealizableHardness/RobustSourceLineContainment.lean:26:5: error: Function expected at
  upperCount
but this term has type
  ?m.5

Note: Expected a function because this term is being applied to the argument
  K

Hint: The identifier `upperCount` is unknown, and Lean's `autoImplicit` option causes an unknown identifier to be treated as an implicitly bound variable with an unknown type. However, the unknown type cannot be a function, and a function is what Lean expects here. This is often the result of a typo or a missing `import` or `open` statement.
lean/PvNP/RealizableHardness/RobustSourceLineContainment.lean:30:16: error(lean.unknownIdentifier): Unknown identifier `GrassmannFlagPosterior.flag_product`
lean/PvNP/RealizableHardness/RobustSourceLineContainment.lean:28:50: error: unsolved goals
V : Type u_1
inst✝² : AddCommGroup V
inst✝¹ : Module (ZMod 2) V
inst✝ : Finite V
x✝ : Sort u_2
upperCount : x✝
K : Grass V 1
d : ℕ
hd₁ : 1 ≤ d
hdV : d ≤ Module.finrank (ZMod 2) V
n : ℕ := Module.finrank (ZMod 2) V
⊢ sorry / ↑(gaussian (Module.finrank (ZMod 2) V) d) = ↑(gaussian d 1) / ↑(gaussian (Module.finrank (ZMod 2) V) 1)
lean/PvNP/RealizableHardness/RobustSourceLineContainment.lean:54:4: error(lean.synthInstanceFailed): failed to synthesize instance of type class
  Fintype (linesInside H)

Hint: Type class instance resolution failures can be inspected with the `set_option trace.Meta.synthInstance true` command.
lean/PvNP/RealizableHardness/RobustSourceLineContainment.lean:58:15: error: Invalid `⟨...⟩` notation: The expected type of this term could not be determined
lean/PvNP/RealizableHardness/RobustSourceLineContainment.lean:59:16: error: Invalid `⟨...⟩` notation: The expected type of this term could not be determined
lean/PvNP/RealizableHardness/RobustSourceLineContainment.lean:60:21: error: Tactic `rfl` failed: Expected the goal to be a binary relation

Hint: Reflexivity tactics can only be used on goals of the form `x ~ x` or `R x x`

V : Type u_1
inst✝² : AddCommGroup V
inst✝¹ : Module (ZMod 2) V
inst✝ : Finite V
j : ℕ
H : Grass V j
K : ?m.25
⊢ ?m.27 K
lean/PvNP/RealizableHardness/RobustSourceLineContainment.lean:61:22: error: Tactic `rfl` failed: Expected the goal to be a binary relation

Hint: Reflexivity tactics can only be used on goals of the form `x ~ x` or `R x x`

V : Type u_1
inst✝² : AddCommGroup V
inst✝¹ : Module (ZMod 2) V
inst✝ : Finite V
j : ℕ
H : Grass V j
K : ?m.29
⊢ ?m.31 K
lean/PvNP/RealizableHardness/RobustSourceLineContainment.lean:55:28: error(lean.unknownIdentifier): Unknown constant `Submodule.finrank_bot`
lean/PvNP/RealizableHardness/RobustSourceLineContainment.lean:54:51: error: unsolved goals
case e
V : Type u_1
inst✝² : AddCommGroup V
inst✝¹ : Module (ZMod 2) V
inst✝ : Finite V
j : ℕ
H : Grass V j
Q0 : Grass V 0 := ⟨⊥, ⋯⟩
target : Type (max 0 u_1) := { K // ↑Q0 ≤ ↑K ∧ ↑K ≤ ↑H }
⊢ linesInside H ≃ target

V : Type u_1
inst✝² : AddCommGroup V
inst✝¹ : Module (ZMod 2) V
inst✝ : Finite V
j : ℕ
H : Grass V j
Q0 : Grass V 0 := ⟨⊥, ⋯⟩
target : Type (max 0 u_1) := { K // ↑Q0 ≤ ↑K ∧ ↑K ≤ ↑H }
e : linesInside H ≃ target := ?e
⊢ sorry = gaussian j 1
lean/PvNP/RealizableHardness/RobustSourceLineContainment.lean:52:0: error: internal exception #3
lean/PvNP/RealizableHardness/RobustSourceLineContainment.lean:62:2: error: unexpected token 'have'; expected command
lean/PvNP/RealizableHardness/RobustSourceLineContainment.lean:78:18: error: Function expected at
  insideAdvice
but this term has type
  ?m.5

Note: Expected a function because this term is being applied to the argument
  W

Hint: The identifier `insideAdvice` is unknown, and Lean's `autoImplicit` option causes an unknown identifier to be treated as an implicitly bound variable with an unknown type. However, the unknown type cannot be a function, and a function is what Lean expects here. This is often the result of a typo or a missing `import` or `open` statement.
lean/PvNP/RealizableHardness/RobustSourceLineContainment.lean:79:3: error(lean.unknownIdentifier): Unknown identifier `GrassmannFlagPosterior.relativeUpperEquiv`
lean/PvNP/RealizableHardness/RobustSourceLineContainment.lean:92:28: error(lean.unknownIdentifier): Unknown constant `Submodule.ne_bot_iff.mp`
lean/PvNP/RealizableHardness/RobustSourceLineContainment.lean:92:11: error: Tactic `rcases` failed: `x✝ : ?m.89` is not an inductive datatype
lean/PvNP/RealizableHardness/RobustSourceLineContainment.lean:106:28: error(lean.unknownIdentifier): Unknown constant `Submodule.ne_bot_iff.mp`
lean/PvNP/RealizableHardness/RobustSourceLineContainment.lean:106:11: error: Tactic `rcases` failed: `x✝ : ?m.100` is not an inductive datatype
lean/PvNP/RealizableHardness/RobustSourceLineContainment.lean:142:41: error(lean.unknownIdentifier): Unknown constant `Submodule.mem_bot.mp`
lean/PvNP/RealizableHardness/RobustSourceLineContainment.lean:143:22: error(lean.invalidField): Invalid field `injective`: The environment does not contain `LinearMap.injective`, so it is not possible to project the field `injective` from an expression
  H.subtype
of type `↥H →ₗ[ZMod 2] V`
lean/PvNP/RealizableHardness/RobustSourceLineContainment.lean:170:15: error(lean.unknownIdentifier): Unknown identifier `GrassmannFlagPosterior.card_upper`
lean/PvNP/RealizableHardness/RobustSourceLineContainment.lean:173:22: error(lean.synthInstanceFailed): failed to synthesize instance of type class
  Fintype (linesInside H)

Hint: Type class instance resolution failures can be inspected with the `set_option trace.Meta.synthInstance true` command.
lean/PvNP/RealizableHardness/RobustSourceLineContainment.lean:176:29: error(lean.unknownIdentifier): Unknown constant `Submodule.ne_bot_iff.mp`
lean/PvNP/RealizableHardness/RobustSourceLineContainment.lean:176:11: error: Tactic `rcases` failed: `x✝ : ?m.174` is not an inductive datatype
lean/PvNP/RealizableHardness/RobustSourceLineContainment.lean:194:17: error(lean.synthInstanceFailed): failed to synthesize instance of type class
  Fintype (linesInside H)

Hint: Type class instance resolution failures can be inspected with the `set_option trace.Meta.synthInstance true` command.
lean/PvNP/RealizableHardness/RobustSourceLineContainment.lean:195:6: error(lean.synthInstanceFailed): failed to synthesize instance of type class
  Fintype (linesInside H)

Hint: Type class instance resolution failures can be inspected with the `set_option trace.Meta.synthInstance true` command.
lean/PvNP/RealizableHardness/RobustSourceLineContainment.lean:198:11: error(lean.synthInstanceFailed): failed to synthesize instance of type class
  Fintype (linesInside H)

Hint: Type class instance resolution failures can be inspected with the `set_option trace.Meta.synthInstance true` command.
lean/PvNP/RealizableHardness/RobustSourceLineContainment.lean:203:15: error: unsolved goals
V : Type u_1
inst✝² : AddCommGroup V
inst✝¹ : Module (ZMod 2) V
inst✝ : Finite V
j : ℕ
H : Grass V j
d : ℕ
hd₁ : 1 ≤ d
hdV : d ≤ Module.finrank (ZMod 2) V
F : linesInside H → Finset (Grass V d) := fun K => {L | ↑↑K ≤ ↑L}
bad : Finset (Grass V d) := {L | ↑L ⊓ ↑H ≠ ⊥}
hfiber : ∀ (K : linesInside H), (F K).card = gaussian (Module.finrank (ZMod 2) V - 1) (d - 1)
⊢ (sorry ()).card = sorry () ∨ gaussian (Module.finrank (ZMod 2) V - 1) (d - 1) = 0
lean/PvNP/RealizableHardness/RobustSourceLineContainment.lean:204:36: error(lean.unknownIdentifier): Unknown identifier `hcover`
lean/PvNP/RealizableHardness/RobustSourceLineContainment.lean:162:52: error: unsolved goals
case refine_1.refine_1
V : Type u_1
inst✝² : AddCommGroup V
inst✝¹ : Module (ZMod 2) V
inst✝ : Finite V
j : ℕ
H : Grass V j
d : ℕ
hd₁ : 1 ≤ d
hdV : d ≤ Module.finrank (ZMod 2) V
F : linesInside H → Finset (Grass V d) := ⋯
bad : Finset (Grass V d) := ⋯
hfiber : ∀ (K : linesInside H), (F K).card = gaussian (Module.finrank (ZMod 2) V - 1) (d - 1)
⊢ Fintype (linesInside H)
lean/PvNP/RealizableHardness/RobustSourceLineContainment.lean:226:16: error(lean.unknownIdentifier): Unknown identifier `GrassmannFlagPosterior.flag_product`
lean/PvNP/RealizableHardness/RobustSourceLineContainment.lean:223:50: error: unsolved goals
V : Type u_1
inst✝² : AddCommGroup V
inst✝¹ : Module (ZMod 2) V
inst✝ : Finite V
j : ℕ
H : Grass V j
d : ℕ
hd₁ : 1 ≤ d
hdV : d ≤ Module.finrank (ZMod 2) V
hmass :
  ↑{L | ↑L ⊓ ↑H ≠ ⊥}.card / ↑(gaussian (Module.finrank (ZMod 2) V) d) ≤
    ↑(gaussian j 1) * ↑(gaussian (Module.finrank (ZMod 2) V - 1) (d - 1)) / ↑(gaussian (Module.finrank (ZMod 2) V) d)
n : ℕ := Module.finrank (ZMod 2) V
⊢ ↑{L | ↑L ⊓ ↑H ≠ ⊥}.card / ↑(gaussian (Module.finrank (ZMod 2) V) d) ≤
    ↑(gaussian j 1) * ↑(gaussian d 1) / ↑(gaussian (Module.finrank (ZMod 2) V) 1)
lean/PvNP/RealizableHardness/RobustSourceLineContainment.lean:282:44: error: failed to prove positivity/nonnegativity/nonzeroness
lean/PvNP/RealizableHardness/RobustSourceLineContainment.lean:285:6: error: invalid 'calc' step, left-hand side is
  (2 ^ j - 1) * (2 ^ d - 1) : ℚ
but is expected to be
  ↑(2 ^ j - 1) * ↑(2 ^ d - 1) : ℚ
lean/PvNP/RealizableHardness/RobustSourceLineContainment.lean:299:4: error: linarith failed to find a contradiction
V : Type u_1
inst✝² : AddCommGroup V
inst✝¹ : Module (ZMod 2) V
inst✝ : Finite V
j : ℕ
H : Grass V j
d : ℕ
hd₁ : 1 ≤ d
hdV : d ≤ Module.finrank (ZMod 2) V
hslack : j + d + 1 ≤ Module.finrank (ZMod 2) V
n : ℕ := Module.finrank (ZMod 2) V
hratio :
  ↑{L | ↑L ⊓ ↑H ≠ ⊥}.card / ↑(gaussian (Module.finrank (ZMod 2) V) d) ≤
    ↑(gaussian j 1) * ↑(gaussian d 1) / ↑(gaussian (Module.finrank (ZMod 2) V) 1)
hnum : ↑(gaussian j 1) * ↑(gaussian d 1) ≤ 2 ^ (j + d)
hn₁ : 1 ≤ n
hpow : 2 ^ n = 2 ^ (n - 1) * 2
hnsub : n - 1 + 1 = n
hbase : 1 ≤ 2 ^ (n - 1)
a✝ : ↑(2 ^ n - 1) < 2 ^ (n - 1)
⊢ False
failed
lean/PvNP/RealizableHardness/RobustSourceLineContainment.lean:317:35: error: unsolved goals
V : Type u_1
inst✝² : AddCommGroup V
inst✝¹ : Module (ZMod 2) V
inst✝ : Finite V
j : ℕ
H : Grass V j
d : ℕ
hd₁ : 1 ≤ d
hdV : d ≤ Module.finrank (ZMod 2) V
hslack : j + d + 1 ≤ Module.finrank (ZMod 2) V
n : ℕ := Module.finrank (ZMod 2) V
hratio :
  ↑{L | ↑L ⊓ ↑H ≠ ⊥}.card / ↑(gaussian (Module.finrank (ZMod 2) V) d) ≤
    ↑(gaussian j 1) * ↑(gaussian d 1) / ↑(gaussian (Module.finrank (ZMod 2) V) 1)
hnum : ↑(gaussian j 1) * ↑(gaussian d 1) ≤ 2 ^ (j + d)
hn₁ : 1 ≤ n
hdenpow : 2 ^ (n - 1) ≤ ↑(gaussian n 1)
hE : n = j + d + (n - j - d - 1) + 1
hpowE : 2 ^ (j + d) * 2 ^ (n - j - d - 1) = 2 ^ (n - 1)
htarget : ↑(gaussian j 1) * ↑(gaussian d 1) * 2 ^ (n - j - d - 1) ≤ ↑(gaussian n 1)
⊢ 1 ≤ ?m.795
lean/PvNP/RealizableHardness/RobustSourceLineContainment.lean:320:4: error: linarith failed to find a contradiction
V : Type u_1
inst✝² : AddCommGroup V
inst✝¹ : Module (ZMod 2) V
inst✝ : Finite V
j : ℕ
H : Grass V j
d : ℕ
hd₁ : 1 ≤ d
hdV : d ≤ Module.finrank (ZMod 2) V
hslack : j + d + 1 ≤ Module.finrank (ZMod 2) V
n : ℕ := Module.finrank (ZMod 2) V
hratio :
  ↑{L | ↑L ⊓ ↑H ≠ ⊥}.card / ↑(gaussian (Module.finrank (ZMod 2) V) d) ≤
    ↑(gaussian j 1) * ↑(gaussian d 1) / ↑(gaussian (Module.finrank (ZMod 2) V) 1)
hnum : ↑(gaussian j 1) * ↑(gaussian d 1) ≤ 2 ^ (j + d)
hn₁ : 1 ≤ n
hdenpow : 2 ^ (n - 1) ≤ ↑(gaussian n 1)
hE : n = j + d + (n - j - d - 1) + 1
hpowE : 2 ^ (j + d) * 2 ^ (n - j - d - 1) = 2 ^ (n - 1)
htarget : ↑(gaussian j 1) * ↑(gaussian d 1) * 2 ^ (n - j - d - 1) ≤ ↑(gaussian n 1)
hp : 1 < 2 ^ n
a✝ : ↑(2 ^ n - 1) ≤ 0
⊢ False
failed
lean/PvNP/RealizableHardness/RobustSourceLineContainment.lean:346:57: error: unexpected token ':='; expected ')', ',' or ':'
