UTC=2026-09-24T08:32:46Z
VM=quantyra-lean-builder-01
PROJECT=quantyra-lean-cert-20260915
ZONE=us-central1-a
BASE=/home/dfredriksen_quantyra_org/mz24-fixed-rho-de048da
WORKTREE=/tmp/gcp-actual-one-experiment-retained-agreement-a15-20260924T082719Z/checkout
EXPECTED_COMMIT=058568b795eb5682c8c056c7756c701b366ad9ea
BASE_HEAD_BEFORE=de048da45956ef207c0c1dcd38c42b00a5437710
BASE_STATUS_BEFORE_BEGIN
?? evidence/
?? lean/PvNP/RealizableHardness/ActualMZ24FixedRhoPointwiseSelector.lean
?? lean/PvNP/RealizableHardness/ActualMZ24FixedRhoPointwiseSelectorChecks.lean
BASE_STATUS_BEFORE_END
CACHE_LINK_TARGETS_BEGIN
drwxrwxr-x  4 dfredriksen_quantyra_org dfredriksen_quantyra_org 4096 Sep 23 21:49 /home/dfredriksen_quantyra_org/mz24-fixed-rho-de048da/.lake/build
drwxrwxr-x 13 dfredriksen_quantyra_org dfredriksen_quantyra_org 4096 Sep 18 05:45 /home/dfredriksen_quantyra_org/mz24-fixed-rho-de048da/.lake/packages
CACHE_LINK_TARGETS_END
PINNED_INPUTS_BEGIN
8190e75a201741065fe508b28955dd64dd72d090babe5f70ce6848879d68ae88  /home/dfredriksen_quantyra_org/mz24-fixed-rho-de048da/lean-toolchain
825d2e1a20005a259fdf5b181528b391dd6ba18a52c86127caf4c3be990e04f0  /home/dfredriksen_quantyra_org/mz24-fixed-rho-de048da/lake-manifest.json
sha256sum: /home/dfredriksen_quantyra_org/mz24-fixed-rho-de048da/lakefile.lean: No such file or directory
PINNED_INPUTS_END
Lean (version 4.34.0-rc2, x86_64-unknown-linux-gnu, commit 6a10ac8c22beadecabdbb0919c2b50214762f91d, Release)
Lake version 5.0.0-src+6a10ac8 (Lean version 4.34.0-rc2)
