C:\Users\Dan\Desktop\Projects\realizable-cmmsa-hardness\docs\native-receipts\ActualSelectedComplementAnalyticMoment\runtime-prebuild\local-native-own352\src\PvNP\RealizableHardness\ActualBinaryMatrixHC46DR6SignMoments.lean:90:5: warning: Variable name `f` is not explicitly referenced.

Hint: The binding can be removed (if unused) or named `_` (if used implicitly). Alternatively, prefix the name with `_` to silence this warning:
  [apply] _f

Note: This linter can be disabled with `set_option linter.unusedVariables false`
C:\Users\Dan\Desktop\Projects\realizable-cmmsa-hardness\docs\native-receipts\ActualSelectedComplementAnalyticMoment\runtime-prebuild\local-native-own352\src\PvNP\RealizableHardness\ActualBinaryMatrixHC46DR6SignMoments.lean:110:49: error(lean.unknownIdentifier): Unknown identifier `normSq`

Note: It is not possible to treat `normSq` as an implicitly bound variable here because the `autoImplicit` option is set to `false`.
C:\Users\Dan\Desktop\Projects\realizable-cmmsa-hardness\docs\native-receipts\ActualSelectedComplementAnalyticMoment\runtime-prebuild\local-native-own352\src\PvNP\RealizableHardness\ActualBinaryMatrixHC46DR6SignMoments.lean:119:19: error(lean.unknownIdentifier): Unknown identifier `normSq`
C:\Users\Dan\Desktop\Projects\realizable-cmmsa-hardness\docs\native-receipts\ActualSelectedComplementAnalyticMoment\runtime-prebuild\local-native-own352\src\PvNP\RealizableHardness\ActualBinaryMatrixHC46DR6SignMoments.lean:138:15: error(lean.unknownIdentifier): Unknown identifier `normSq`
C:\Users\Dan\Desktop\Projects\realizable-cmmsa-hardness\docs\native-receipts\ActualSelectedComplementAnalyticMoment\runtime-prebuild\local-native-own352\src\PvNP\RealizableHardness\ActualBinaryMatrixHC46DR6SignMoments.lean:147:19: error(lean.unknownIdentifier): Unknown identifier `normSq`
C:\Users\Dan\Desktop\Projects\realizable-cmmsa-hardness\docs\native-receipts\ActualSelectedComplementAnalyticMoment\runtime-prebuild\local-native-own352\src\PvNP\RealizableHardness\ActualBinaryMatrixHC46DR6SignMoments.lean:145:47: error(lean.unknownIdentifier): Unknown identifier `normSq_apply`
C:\Users\Dan\Desktop\Projects\realizable-cmmsa-hardness\docs\native-receipts\ActualSelectedComplementAnalyticMoment\runtime-prebuild\local-native-own352\src\PvNP\RealizableHardness\ActualBinaryMatrixHC46DR6SignMoments.lean:146:10: error(lean.unknownIdentifier): Unknown identifier `normSq_eq_norm_sq`
C:\Users\Dan\Desktop\Projects\realizable-cmmsa-hardness\docs\native-receipts\ActualSelectedComplementAnalyticMoment\runtime-prebuild\local-native-own352\src\PvNP\RealizableHardness\ActualBinaryMatrixHC46DR6SignMoments.lean:142:65: error: unsolved goals
n d D : ℕ
f : BinaryMatrix n d → ℂ
hsupport : ComplexFourierSupportedThrough D f
P : Type := dr6ActualSupportedDirectPair f
pred : BinaryMatrix n d × BinaryMatrix n d → Prop :=
  fun z =>
    (Matrix.toLin' (Matrix.transpose z.1)).range ⊓ (Matrix.toLin' (Matrix.transpose z.2)).range = ⊥ ∧
      Matrix.rank (z.1 + z.2) = Matrix.rank z.1 + Matrix.rank z.2 ∧ Matrix.rank (z.1 + z.2) ≤ D
weight : BinaryMatrix n d × BinaryMatrix n d → ℝ := fun z => if pred z then sorry else 0
Q : Type := (Y : BinaryMatrix n d) × DR6DirectYDecomposition Y
e : P → Q := fun p => ⟨(↑p).1 + (↑p).2, ⟨↑p, ⋯⟩⟩
he : Function.Injective e
hcompl : ∑ z, weight ↑z = 0
hpartition : ∑ i, weight i = ∑ i, weight ↑i
⊢ (∑ A,
      ∑ C,
        if
            (Matrix.toLin' (Matrix.transpose A)).range ⊓ (Matrix.toLin' (Matrix.transpose C)).range = ⊥ ∧
              Matrix.rank (A + C) = Matrix.rank A + Matrix.rank C ∧ Matrix.rank (A + C) ≤ D then
          ‖complexFourierCoeff f (A + C)‖ ^ 2
        else 0) =
    ∑ x,
      ∑ x_1,
        if
            (Matrix.toLin' (Matrix.transpose x)).range ⊓ (Matrix.toLin' (Matrix.transpose x_1)).range = ⊥ ∧
              Matrix.rank (x + x_1) = Matrix.rank x + Matrix.rank x_1 ∧ Matrix.rank (x + x_1) ≤ D then
          sorry ()
        else 0
C:\Users\Dan\Desktop\Projects\realizable-cmmsa-hardness\docs\native-receipts\ActualSelectedComplementAnalyticMoment\runtime-prebuild\local-native-own352\src\PvNP\RealizableHardness\ActualBinaryMatrixHC46DR6SignMoments.lean:152:16: error(lean.unknownIdentifier): Unknown identifier `normSq`
C:\Users\Dan\Desktop\Projects\realizable-cmmsa-hardness\docs\native-receipts\ActualSelectedComplementAnalyticMoment\runtime-prebuild\local-native-own352\src\PvNP\RealizableHardness\ActualBinaryMatrixHC46DR6SignMoments.lean:154:15: error(lean.unknownIdentifier): Unknown identifier `normSq`
C:\Users\Dan\Desktop\Projects\realizable-cmmsa-hardness\docs\native-receipts\ActualSelectedComplementAnalyticMoment\runtime-prebuild\local-native-own352\src\PvNP\RealizableHardness\ActualBinaryMatrixHC46DR6SignMoments.lean:110:66: error: unsolved goals
n d D : ℕ
f : BinaryMatrix n d → ℂ
hsupport : ComplexFourierSupportedThrough D f
P : Type := dr6ActualSupportedDirectPair f
pred : BinaryMatrix n d × BinaryMatrix n d → Prop :=
  fun z =>
    (Matrix.toLin' (Matrix.transpose z.1)).range ⊓ (Matrix.toLin' (Matrix.transpose z.2)).range = ⊥ ∧
      Matrix.rank (z.1 + z.2) = Matrix.rank z.1 + Matrix.rank z.2 ∧ Matrix.rank (z.1 + z.2) ≤ D
weight : BinaryMatrix n d × BinaryMatrix n d → ℝ := fun z => if pred z then sorry else 0
Q : Type := (Y : BinaryMatrix n d) × DR6DirectYDecomposition Y
e : P → Q := fun p => ⟨(↑p).1 + (↑p).2, ⟨↑p, ⋯⟩⟩
he : Function.Injective e
hcompl : ∑ z, weight ↑z = 0
hpartition : ∑ i, weight i = ∑ i, weight ↑i
hmass : dr6ActualPhiCoefficientMass f = ∑ p, sorry
⊢ ∑ p, sorry ≤ 2 ^ (D * D) * uniformMean fun M => sorry
C:\Users\Dan\Desktop\Projects\realizable-cmmsa-hardness\docs\native-receipts\ActualSelectedComplementAnalyticMoment\runtime-prebuild\local-native-own352\src\PvNP\RealizableHardness\ActualBinaryMatrixHC46DR6SignMoments.lean:144:35: warning: This simp argument is unused:
  dr6ActualSupportedDirectPair

Hint: Omit it from the simp argument list.
  [apply] simp [dr6ActualPhiCoefficientMass, dr6ActualPhiRowEnergy, dr6ActualPhiCoefficient, pred, weight,
    Fintype.sum_prod_type, normSq_apply, normSq_eq_norm_sq]

Note: This linter can be disabled with `set_option linter.unusedSimpArgs false`
C:\Users\Dan\Desktop\Projects\realizable-cmmsa-hardness\docs\native-receipts\ActualSelectedComplementAnalyticMoment\runtime-prebuild\local-native-own352\src\PvNP\RealizableHardness\ActualBinaryMatrixHC46DR6SignMoments.lean:226:8: warning: This simp argument is unused:
  mul_assoc

Hint: Omit it from the simp argument list.
  [apply] simp [dr6ActualPhiCoefficientMass, pow_two, Fintype.sum_mul_sum]

Note: This linter can be disabled with `set_option linter.unusedSimpArgs false`
C:\Users\Dan\Desktop\Projects\realizable-cmmsa-hardness\docs\native-receipts\ActualSelectedComplementAnalyticMoment\runtime-prebuild\local-native-own352\src\PvNP\RealizableHardness\ActualBinaryMatrixHC46DR6SignMoments.lean:252:8: warning: `if_pos` has been deprecated: Use `ite_eq_left` instead
C:\Users\Dan\Desktop\Projects\realizable-cmmsa-hardness\docs\native-receipts\ActualSelectedComplementAnalyticMoment\runtime-prebuild\local-native-own352\src\PvNP\RealizableHardness\ActualBinaryMatrixHC46DR6SignMoments.lean:256:8: warning: `if_pos` has been deprecated: Use `ite_eq_left` instead
C:\Users\Dan\Desktop\Projects\realizable-cmmsa-hardness\docs\native-receipts\ActualSelectedComplementAnalyticMoment\runtime-prebuild\local-native-own352\src\PvNP\RealizableHardness\ActualBinaryMatrixHC46DR6SignMoments.lean:281:60: error: unexpected token '/--'; expected 'lemma'
C:\Users\Dan\Desktop\Projects\realizable-cmmsa-hardness\docs\native-receipts\ActualSelectedComplementAnalyticMoment\runtime-prebuild\local-native-own352\src\PvNP\RealizableHardness\ActualBinaryMatrixHC46DR6SignMoments.lean:379:4: error: Type mismatch
  hYr
has type
  Matrix.rank (dr6ChooseF1ABC p).1 + Matrix.rank (dr6ChooseF1ABC p).2.2 = Matrix.rank (↑p).1
but is expected to have type
  Matrix.rank (↑p).1 = Matrix.rank (dr6ChooseF1ABC p).1 + Matrix.rank (dr6ChooseF1ABC p).2.2
C:\Users\Dan\Desktop\Projects\realizable-cmmsa-hardness\docs\native-receipts\ActualSelectedComplementAnalyticMoment\runtime-prebuild\local-native-own352\src\PvNP\RealizableHardness\ActualBinaryMatrixHC46DR6SignMoments.lean:383:4: error: Type mismatch
  hZr
has type
  Matrix.rank (dr6ChooseF1ABC p).2.1 + Matrix.rank (dr6ChooseF1ABC p).2.2 = Matrix.rank (↑p).2
but is expected to have type
  Matrix.rank (↑p).2 = Matrix.rank (dr6ChooseF1ABC p).2.1 + Matrix.rank (dr6ChooseF1ABC p).2.2
C:\Users\Dan\Desktop\Projects\realizable-cmmsa-hardness\docs\native-receipts\ActualSelectedComplementAnalyticMoment\runtime-prebuild\local-native-own352\src\PvNP\RealizableHardness\ActualBinaryMatrixHC46DR6SignMoments.lean:394:12: warning: `if_pos` has been deprecated: Use `ite_eq_left` instead
C:\Users\Dan\Desktop\Projects\realizable-cmmsa-hardness\docs\native-receipts\ActualSelectedComplementAnalyticMoment\runtime-prebuild\local-native-own352\src\PvNP\RealizableHardness\ActualBinaryMatrixHC46DR6SignMoments.lean:399:12: warning: `if_pos` has been deprecated: Use `ite_eq_left` instead
C:\Users\Dan\Desktop\Projects\realizable-cmmsa-hardness\docs\native-receipts\ActualSelectedComplementAnalyticMoment\runtime-prebuild\local-native-own352\src\PvNP\RealizableHardness\ActualBinaryMatrixHC46DR6SignMoments.lean:404:6: error: Type mismatch
  mul_nonneg (dr6_actual_phi_coefficient_nonneg f (dr6ChooseF1ABC p).1 (dr6ChooseF1ABC p).2.2)
    (dr6_actual_phi_coefficient_nonneg f (dr6ChooseF1ABC p).2.1 (dr6ChooseF1ABC p).2.2)
has type
  0 ≤
    dr6ActualPhiCoefficient f (dr6ChooseF1ABC p).1 (dr6ChooseF1ABC p).2.2 *
      dr6ActualPhiCoefficient f (dr6ChooseF1ABC p).2.1 (dr6ChooseF1ABC p).2.2
but is expected to have type
  ‖complexFourierCoeff f (↑p).1‖ * ‖0‖ ≤
    dr6ActualPhiCoefficient f (dr6ChooseF1ABC p).1 (dr6ChooseF1ABC p).2.2 *
      dr6ActualPhiCoefficient f (dr6ChooseF1ABC p).2.1 (dr6ChooseF1ABC p).2.2
C:\Users\Dan\Desktop\Projects\realizable-cmmsa-hardness\docs\native-receipts\ActualSelectedComplementAnalyticMoment\runtime-prebuild\local-native-own352\src\PvNP\RealizableHardness\ActualBinaryMatrixHC46DR6SignMoments.lean:411:4: error: Type mismatch
  mul_nonneg (dr6_actual_phi_coefficient_nonneg f (dr6ChooseF1ABC p).1 (dr6ChooseF1ABC p).2.2)
    (dr6_actual_phi_coefficient_nonneg f (dr6ChooseF1ABC p).2.1 (dr6ChooseF1ABC p).2.2)
has type
  0 ≤
    dr6ActualPhiCoefficient f (dr6ChooseF1ABC p).1 (dr6ChooseF1ABC p).2.2 *
      dr6ActualPhiCoefficient f (dr6ChooseF1ABC p).2.1 (dr6ChooseF1ABC p).2.2
but is expected to have type
  ‖0‖ * ‖complexFourierCoeff f (↑p).2‖ ≤
    dr6ActualPhiCoefficient f (dr6ChooseF1ABC p).1 (dr6ChooseF1ABC p).2.2 *
      dr6ActualPhiCoefficient f (dr6ChooseF1ABC p).2.1 (dr6ChooseF1ABC p).2.2
C:\Users\Dan\Desktop\Projects\realizable-cmmsa-hardness\docs\native-receipts\ActualSelectedComplementAnalyticMoment\runtime-prebuild\local-native-own352\src\PvNP\RealizableHardness\ActualBinaryMatrixHC46DR6SignMoments.lean:433:22: error: Application type mismatch: The argument
  hOuter
has type
  ↑(dr6F1PairToOuterCommon p).1 = ↑(dr6F1PairToOuterCommon q).1
but is expected to have type
  dr6ChooseF1ABC p = dr6ChooseF1ABC q
in the application
  congrArg Prod.fst hOuter
C:\Users\Dan\Desktop\Projects\realizable-cmmsa-hardness\docs\native-receipts\ActualSelectedComplementAnalyticMoment\runtime-prebuild\local-native-own352\src\PvNP\RealizableHardness\ActualBinaryMatrixHC46DR6SignMoments.lean:435:4: error: Type mismatch
  congrArg Prod.snd hOuter
has type
  (↑(dr6F1PairToOuterCommon p).1).2 = (↑(dr6F1PairToOuterCommon q).1).2
but is expected to have type
  (dr6ChooseF1ABC p).2.1 = (dr6ChooseF1ABC q).2.1
C:\Users\Dan\Desktop\Projects\realizable-cmmsa-hardness\docs\native-receipts\ActualSelectedComplementAnalyticMoment\runtime-prebuild\local-native-own352\src\PvNP\RealizableHardness\ActualBinaryMatrixHC46DR6SignMoments.lean:437:22: error: Application type mismatch: The argument
  hpq
has type
  dr6F1PairToOuterCommon p = dr6F1PairToOuterCommon q
but is expected to have type
  (dr6ChooseF1ABC p).2 = (dr6ChooseF1ABC q).2
in the application
  congrArg Prod.snd hpq
C:\Users\Dan\Desktop\Projects\realizable-cmmsa-hardness\docs\native-receipts\ActualSelectedComplementAnalyticMoment\runtime-prebuild\local-native-own352\src\PvNP\RealizableHardness\ActualBinaryMatrixHC46DR6SignMoments.lean:464:6: error: Type mismatch: After simplification, term
  dr6_actual_f1_pair_chosen_charge f hsupport p
 has type
  ‖complexFourierCoeff f (↑p).1‖ * ‖complexFourierCoeff f (↑p).2‖ ≤
    dr6ActualPhiCoefficient f (dr6ChooseF1ABC p).1 (dr6ChooseF1ABC p).2.2 *
      dr6ActualPhiCoefficient f (dr6ChooseF1ABC p).2.1 (dr6ChooseF1ABC p).2.2
but is expected to have type
  ?m.118 p ≤
    ?m.121
      (And.rec
        (fun left right =>
          And.rec
            (fun left right =>
              And.rec
                (fun left right =>
                  And.rec
                    (fun left_1 right =>
                      And.rec
                        (fun left_2 right =>
                          And.rec
                            (fun left_3 right =>
                              And.rec
                                (fun left_4 right =>
                                  And.rec
                                    (fun left_5 right =>
                                      (⟨((dr6ChooseF1ABC p).1, (dr6ChooseF1ABC p).2.1), ⋯⟩, (dr6ChooseF1ABC p).2.2))
                                    right)
                                right)
                            right)
                        right)
                    right)
                right)
            right)
        ⋯)
C:\Users\Dan\Desktop\Projects\realizable-cmmsa-hardness\docs\native-receipts\ActualSelectedComplementAnalyticMoment\runtime-prebuild\local-native-own352\src\PvNP\RealizableHardness\ActualBinaryMatrixHC46DR6SignMoments.lean:562:4: error: unsolved goals
case neg
n d D : ℕ
f : BinaryMatrix n d → ℂ
hsupport : ComplexFourierSupportedThrough D f
H : (X : BinaryMatrix n d) → DR6DirectYDecomposition X → ℝ := fun X p => dr6ActualPhiGram f (↑p).1 (↑p).2
X : BinaryMatrix n d
hX : ¬Matrix.rank X ≤ 2 * D
hzero : ∑ p, ‖complexFourierCoeff f (↑p).1‖ * ‖complexFourierCoeff f (↑p).2‖ = 0
⊢ 0 ≤ ∑ p, H X p ^ 2
C:\Users\Dan\Desktop\Projects\realizable-cmmsa-hardness\docs\native-receipts\ActualSelectedComplementAnalyticMoment\runtime-prebuild\local-native-own352\src\PvNP\RealizableHardness\ActualBinaryMatrixHC46DR6SignMoments.lean:608:6: error: Type mismatch
  congrArg (fun q => ↑q.snd) ?m.707
has type
  ↑(Sigma.snd ?m.701) = ↑(Sigma.snd ?m.702)
but is expected to have type
  ↑p = ↑p'
C:\Users\Dan\Desktop\Projects\realizable-cmmsa-hardness\docs\native-receipts\ActualSelectedComplementAnalyticMoment\runtime-prebuild\local-native-own352\src\PvNP\RealizableHardness\ActualBinaryMatrixHC46DR6SignMoments.lean:623:8: error: Tactic `rewrite` failed: Did not find an occurrence of the pattern
  ∑ x, ?f x
in the target expression
  ∑ X, ∑ p, H X p ^ 2 ≤ ∑ q, dr6ActualPhiGram f q.1 q.2 ^ 2

n d D : ℕ
f : BinaryMatrix n d → ℂ
hsupport : ComplexFourierSupportedThrough D f
H : (X : BinaryMatrix n d) → DR6DirectYDecomposition X → ℝ := fun X p => dr6ActualPhiGram f (↑p).1 (↑p).2
hpoint :
  ∀ (X : BinaryMatrix n d),
    (∑ p, ‖complexFourierCoeff f (↑p).1‖ * ‖complexFourierCoeff f (↑p).2‖) ^ 2 ≤ 2 ^ (4 * D * D) * ∑ p, H X p ^ 2
hsumPoint :
  ∑ X, (∑ p, ‖complexFourierCoeff f (↑p).1‖ * ‖complexFourierCoeff f (↑p).2‖) ^ 2 ≤
    2 ^ (4 * D * D) * ∑ X, ∑ p, H X p ^ 2
Q : Type := (X : BinaryMatrix n d) × DR6DirectYDecomposition X
e : Q → BinaryMatrix n d × BinaryMatrix n d := fun q => ↑q.snd
he : Function.Injective e
⊢ ∑ X, ∑ p, H X p ^ 2 ≤ ∑ q, dr6ActualPhiGram f q.1 q.2 ^ 2
C:\Users\Dan\Desktop\Projects\realizable-cmmsa-hardness\docs\native-receipts\ActualSelectedComplementAnalyticMoment\runtime-prebuild\local-native-own352\src\PvNP\RealizableHardness\ActualBinaryMatrixHC46DR6SignMoments.lean:644:12: error: Application type mismatch: The argument
  dr6_actual_phi_gram_frobenius_le_mass f
has type
  ∑ A ∈ @Finset.univ (BinaryMatrix n d) (Matrix.instFintypeOfDecidableEq (ZMod 2)), ∑ B, dr6ActualPhiGram f A B ^ 2 ≤
    dr6ActualPhiCoefficientMass f ^ 2
but is expected to have type
  ∑ q ∈ @Finset.univ (BinaryMatrix n d × BinaryMatrix n d) (instFintypeProd (BinaryMatrix n d) (BinaryMatrix n d)),
      dr6ActualPhiGram f q.1 q.2 ^ 2 ≤
    dr6ActualPhiCoefficientMass f ^ 2
in the application
  mul_le_mul_of_nonneg_left (dr6_actual_phi_gram_frobenius_le_mass f)
C:\Users\Dan\Desktop\Projects\realizable-cmmsa-hardness\docs\native-receipts\ActualSelectedComplementAnalyticMoment\runtime-prebuild\local-native-own352\src\PvNP\RealizableHardness\ActualBinaryMatrixHC46DR6SignMoments.lean:657:31: error(lean.unknownIdentifier): Unknown identifier `normSq`

Note: It is not possible to treat `normSq` as an implicitly bound variable here because the `autoImplicit` option is set to `false`.
C:\Users\Dan\Desktop\Projects\realizable-cmmsa-hardness\docs\native-receipts\ActualSelectedComplementAnalyticMoment\runtime-prebuild\local-native-own352\src\PvNP\RealizableHardness\ActualBinaryMatrixHC46DR6SignMoments.lean:660:16: error(lean.unknownIdentifier): Unknown identifier `dr6_actual_phi_coefficient_mass_le_parseval`
C:\Users\Dan\Desktop\Projects\realizable-cmmsa-hardness\docs\native-receipts\ActualSelectedComplementAnalyticMoment\runtime-prebuild\local-native-own352\src\PvNP\RealizableHardness\ActualBinaryMatrixHC46DR6SignMoments.lean:657:53: error: unsolved goals
n d D : ℕ
f : BinaryMatrix n d → ℂ
hsupport : ComplexFourierSupportedThrough D f
hbase :
  ∑ X, (∑ p, ‖complexFourierCoeff f (↑p).1‖ * ‖complexFourierCoeff f (↑p).2‖) ^ 2 ≤
    2 ^ (4 * D * D) * dr6ActualPhiCoefficientMass f ^ 2
⊢ ∑ X, (∑ p, ‖complexFourierCoeff f (↑p).1‖ * ‖complexFourierCoeff f (↑p).2‖) ^ 2 ≤
    2 ^ (6 * D * D) * (uniformMean fun M => sorry) ^ 2
